E:\NeuOrga\Programmieren\c_cpp\github_os\input\src\os_base\os_common.c: In function 'IntMul':
E:\NeuOrga\Programmieren\c_cpp\github_os\input\src\os_base\os_common.c:86:10: error: 'tmpProdukt' undeclared (first use in this function)
          tmpProdukt = (uint16)Faktor1->Number[i1] * (uint16)Faktor2->Number[i2];      
          ^
E:\NeuOrga\Programmieren\c_cpp\github_os\input\src\os_base\os_common.c:86:10: note: each undeclared identifier is reported only once for each function it appears in
E:\NeuOrga\Programmieren\c_cpp\github_os\input\src\os_base\os_common.c:87:10: error: 'tmpShift' undeclared (first use in this function)
          tmpShift = i1+i2;
          ^
E:\NeuOrga\Programmieren\c_cpp\github_os\input\src\os_base\os_common.c:90:19: error: invalid type argument of '->' (have 'BigInt')
          tmpBigInt->Number[BigIntSize-1] = tmpProdukt & 0xFFu;
                   ^
E:\NeuOrga\Programmieren\c_cpp\github_os\input\src\os_base\os_common.c:91:19: error: invalid type argument of '->' (have 'BigInt')
          tmpBigInt->Number[BigIntSize-2] = (tmpProdukt & 0x100u)>>8;
                   ^
E:\NeuOrga\Programmieren\c_cpp\github_os\input\src\os_base\os_common.c:93:10: error: incompatible type for argument 3 of 'IntAdd'
          IntAdd(Produkt, Produkt, tmpBigInt);         
          ^
E:\NeuOrga\Programmieren\c_cpp\github_os\input\src\os_base\os_common.c:40:6: note: expected 'struct BigInt *' but argument is of type 'BigInt'
 void IntAdd(BigInt* Summe, BigInt* ErsterSummand, BigInt* ZweiterSummand)
      ^
E:\NeuOrga\Programmieren\c_cpp\github_os\input\src\os_base\os_common.c: In function 'IntDiv':
E:\NeuOrga\Programmieren\c_cpp\github_os\input\src\os_base\os_common.c:110:10: error: 'tmpQuotient' undeclared (first use in this function)
          tmpQuotient = (uint16)Dividend->Number[i1] / (uint16)Divisor->Number[i2];      
          ^
E:\NeuOrga\Programmieren\c_cpp\github_os\input\src\os_base\os_common.c:111:10: error: 'tmpShift' undeclared (first use in this function)
          tmpShift = i1+i2;
          ^
E:\NeuOrga\Programmieren\c_cpp\github_os\input\src\os_base\os_common.c:114:19: error: invalid type argument of '->' (have 'BigInt')
          tmpBigInt->Number[BigIntSize-1] = tmpQuotient & 0xFFu;
                   ^
E:\NeuOrga\Programmieren\c_cpp\github_os\input\src\os_base\os_common.c:115:19: error: invalid type argument of '->' (have 'BigInt')
          tmpBigInt->Number[BigIntSize-2] = (tmpQuotient & 0x100u)>>8;
                   ^
E:\NeuOrga\Programmieren\c_cpp\github_os\input\src\os_base\os_common.c:117:10: error: incompatible type for argument 3 of 'IntAdd'
          IntAdd(Quotient, Quotient, tmpBigInt);       
          ^
E:\NeuOrga\Programmieren\c_cpp\github_os\input\src\os_base\os_common.c:40:6: note: expected 'struct BigInt *' but argument is of type 'BigInt'
 void IntAdd(BigInt* Summe, BigInt* ErsterSummand, BigInt* ZweiterSummand)
      ^
