Archive member included to satisfy reference by file (symbol)

d:/programm/gnu tools arm embedded/7 2018-q2-update/bin/../lib/gcc/arm-none-eabi/7.3.1/thumb/v7e-m\libgcc.a(_arm_addsubdf3.o)
                              os_task_scheduler.o (__aeabi_ui2d)
d:/programm/gnu tools arm embedded/7 2018-q2-update/bin/../lib/gcc/arm-none-eabi/7.3.1/thumb/v7e-m\libgcc.a(_arm_cmpdf2.o)
                              os_task_scheduler.o (__aeabi_dcmpgt)

Allocating common symbols
Common symbol       size              file

TASK_STACK          0x4e20            os_ram.o
RAM_BLOCK_C01_C01   0x100             os_shared_ram.o
VAR_MEM_MANAG_FAULT_STATUS_REG
                    0x4               os_ram.o
REGISTER_R2         0x4               os_ram.o
TASK_GROUP_3        0x8               os_ram.o
RAM_CHECK_FAILURE_ADDR
                    0x4               os_ram.o
REGISTER_R0         0x4               os_ram.o
OS_STACK            0x5000            os_ram.o
RAM_BLOCK_C01_C00   0x100             os_shared_ram.o
REGISTER_R6         0x4               os_ram.o
REGISTER_R7         0x4               os_ram.o
DBG_CALIB_VALUE     0x4               os_ram.o
RAM_BLOCK_C00_C00   0x100             os_shared_ram.o
OS_STATE            0x4               os_ram.o
TASK_IDLE_QUEUE     0x88              os_ram.o
REGISTER_R9         0x4               os_ram.o
TASK1_CALL_NR       0x4               os_ram.o
bTASK_QUEUE_INITIALIZED
                    0x1               os_ram.o
BACKUP_SYSTICK_CURRENT_VAL_REG
                    0x4               os_ram.o
RAM_BLOCK_C01_C03   0x100             os_shared_ram.o
TASK2_CALL_NR       0x4               os_ram.o
LAST_CURRENT_TIME   0x4               os_ram.o
LINK_REGISTER_HANDLER
                    0x4               os_ram.o
VAR_AUX_FAULT_STATUS_REG
                    0x4               os_ram.o
REGISTER_R8         0x4               os_ram.o
TASK_3_VAR          0x88              os_ram.o
RAM_BLOCK_C03_C01   0x100             os_shared_ram.o
TASK_0_VAR          0x88              os_ram.o
RAM_BLOCK_C00_C01   0x100             os_shared_ram.o
TASK4_CALL_NR       0x4               os_ram.o
TASK_GROUP_2        0x8               os_ram.o
TASK_PTR            0x28              os_task_common.o
REGISTER_R5         0x4               os_ram.o
OS_MAIN_STACK       0x5000            os_ram.o
SAVED_STACK_POINTER
                    0x4               os_ram.o
RAM_BLOCK_C02_C01   0x100             os_shared_ram.o
DBG_RLD_VALUE       0x4               os_ram.o
REGISTER_R4         0x4               os_ram.o
RAM_BLOCK_C01_C02   0x100             os_shared_ram.o
RUNNING_TASK        0x88              os_ram.o
TASK_RUN_QUEUE      0x550             os_ram.o
VAR_HARDFAULT_STATUS_REG
                    0x4               os_ram.o
RAM_BLOCK_C03_C00   0x100             os_shared_ram.o
RUNNING_SCHEDULING_QUEUE_ENTRY
                    0x4               os_ram.o
TASK_GROUP_5        0x8               os_ram.o
REGISTER_R1         0x4               os_ram.o
RAM_BLOCK_C02_C00   0x100             os_shared_ram.o
DBG_CTRL_VALUE      0x4               os_ram.o
TASK_2_VAR          0x88              os_ram.o
VAR_BUS_FAULT_STATUS_REG
                    0x4               os_ram.o
RAM_BLOCK_C02_C02   0x100             os_shared_ram.o
RAM_CHECK_FAILURE_DETECTED
                    0x4               os_ram.o
REGISTER_R10        0x4               os_ram.o
RAM_BLOCK_C03_C03   0x100             os_shared_ram.o
RAM_BLOCK_C03_C02   0x100             os_shared_ram.o
RAM_BLOCK_C00_C03   0x100             os_shared_ram.o
DBG_CURR_VAL        0x4               os_ram.o
TASK_GROUP_1        0x8               os_ram.o
VAR_FAULT_STATUS_REG
                    0x4               os_ram.o
TASK_GROUP_4        0x8               os_ram.o
REGISTER_R11        0x4               os_ram.o
TASK_TRANSITION_REJECTED_STATE
                    0x1               os_ram.o
TASK_TRANSITION_CURRENT_STATE
                    0x1               os_ram.o
REGISTER_R3         0x4               os_ram.o
TASK_SCHEDULING_QUEUE
                    0x28              os_ram.o
TASK3_CALL_NR       0x4               os_ram.o
VAR_MEM_FAULT_ADDR_REG
                    0x4               os_ram.o
VAR_USAGE_FAULT_STATUS_REG
                    0x4               os_ram.o
VAR_BUS_FAULT_ADDR_REG
                    0x4               os_ram.o
RAM_BLOCK_C00_C02   0x100             os_shared_ram.o
TASK_TRANSITION_REJECTED_TASK_ADDR
                    0x4               os_ram.o
OS_SW_BUG           0xf               os_ram.o
RAM_BLOCK_C02_C03   0x100             os_shared_ram.o
TASK_1_VAR          0x88              os_ram.o

Discarded input sections

 .group         0x00000000        0xc os_exception_table.o
 .group         0x00000000        0xc os_exception_table.o
 .group         0x00000000        0xc os_exception_table.o
 .group         0x00000000        0xc os_exception_table.o
 .group         0x00000000        0xc os_exception_table.o
 .group         0x00000000        0xc os_exception_table.o
 .group         0x00000000        0xc os_exception_table.o
 .group         0x00000000        0xc os_exception_table.o
 .group         0x00000000        0xc os_const.o
 .group         0x00000000        0xc os_const.o
 .group         0x00000000        0xc os_const.o
 .group         0x00000000        0xc os_const.o
 .group         0x00000000        0xc os_const.o
 .group         0x00000000        0xc os_const.o
 .group         0x00000000        0xc os_const.o
 .group         0x00000000        0xc os_const.o
 .debug_macro   0x00000000      0xa42 os_const.o
 .debug_macro   0x00000000       0x4c os_const.o
 .debug_macro   0x00000000       0x88 os_const.o
 .debug_macro   0x00000000       0x46 os_const.o
 .debug_macro   0x00000000       0x10 os_const.o
 .debug_macro   0x00000000       0x10 os_const.o
 .debug_macro   0x00000000       0x28 os_const.o
 .debug_macro   0x00000000       0x1c os_const.o
 .group         0x00000000        0xc os_common.o
 .group         0x00000000        0xc os_common.o
 .group         0x00000000        0xc os_common.o
 .group         0x00000000        0xc os_common.o
 .group         0x00000000        0xc os_common.o
 .group         0x00000000        0xc os_common.o
 .group         0x00000000        0xc os_common.o
 .group         0x00000000        0xc os_common.o
 .debug_macro   0x00000000      0xa42 os_common.o
 .debug_macro   0x00000000       0x4c os_common.o
 .debug_macro   0x00000000       0x88 os_common.o
 .debug_macro   0x00000000       0x46 os_common.o
 .debug_macro   0x00000000       0x10 os_common.o
 .debug_macro   0x00000000       0x28 os_common.o
 .debug_macro   0x00000000       0x1c os_common.o
 .group         0x00000000        0xc os_exception.o
 .group         0x00000000        0xc os_exception.o
 .group         0x00000000        0xc os_exception.o
 .group         0x00000000        0xc os_exception.o
 .group         0x00000000        0xc os_exception.o
 .group         0x00000000        0xc os_exception.o
 .group         0x00000000        0xc os_exception.o
 .group         0x00000000        0xc os_exception.o
 .group         0x00000000        0xc os_exception.o
 .group         0x00000000        0xc os_exception.o
 .debug_macro   0x00000000       0x4c os_exception.o
 .debug_macro   0x00000000       0x88 os_exception.o
 .debug_macro   0x00000000       0x46 os_exception.o
 .debug_macro   0x00000000       0x10 os_exception.o
 .debug_macro   0x00000000       0x10 os_exception.o
 .debug_macro   0x00000000       0x28 os_exception.o
 .debug_macro   0x00000000       0x1c os_exception.o
 .group         0x00000000        0xc os_exception_isr_handler.o
 .group         0x00000000        0xc os_exception_isr_handler.o
 .group         0x00000000        0xc os_exception_isr_handler.o
 .group         0x00000000        0xc os_exception_isr_handler.o
 .group         0x00000000        0xc os_exception_isr_handler.o
 .group         0x00000000        0xc os_exception_isr_handler.o
 .group         0x00000000        0xc os_exception_isr_handler.o
 .group         0x00000000        0xc os_exception_isr_handler.o
 .group         0x00000000        0xc os_exception_isr_handler.o
 .debug_macro   0x00000000      0xa42 os_exception_isr_handler.o
 .debug_macro   0x00000000       0x4c os_exception_isr_handler.o
 .debug_macro   0x00000000       0x88 os_exception_isr_handler.o
 .debug_macro   0x00000000       0x46 os_exception_isr_handler.o
 .debug_macro   0x00000000       0x10 os_exception_isr_handler.o
 .debug_macro   0x00000000       0x10 os_exception_isr_handler.o
 .debug_macro   0x00000000       0x28 os_exception_isr_handler.o
 .debug_macro   0x00000000       0x1c os_exception_isr_handler.o
 .debug_macro   0x00000000       0x28 os_exception_isr_handler.o
 .group         0x00000000        0xc os_init_task_system.o
 .group         0x00000000        0xc os_init_task_system.o
 .group         0x00000000        0xc os_init_task_system.o
 .group         0x00000000        0xc os_init_task_system.o
 .group         0x00000000        0xc os_init_task_system.o
 .group         0x00000000        0xc os_init_task_system.o
 .group         0x00000000        0xc os_init_task_system.o
 .group         0x00000000        0xc os_init_task_system.o
 .group         0x00000000        0xc os_init_task_system.o
 .debug_macro   0x00000000      0xa42 os_init_task_system.o
 .debug_macro   0x00000000       0x4c os_init_task_system.o
 .debug_macro   0x00000000       0x88 os_init_task_system.o
 .debug_macro   0x00000000       0x46 os_init_task_system.o
 .debug_macro   0x00000000       0x10 os_init_task_system.o
 .debug_macro   0x00000000       0x10 os_init_task_system.o
 .debug_macro   0x00000000       0x28 os_init_task_system.o
 .debug_macro   0x00000000       0x1c os_init_task_system.o
 .group         0x00000000        0xc os_main.o
 .group         0x00000000        0xc os_main.o
 .group         0x00000000        0xc os_main.o
 .group         0x00000000        0xc os_main.o
 .group         0x00000000        0xc os_main.o
 .group         0x00000000        0xc os_main.o
 .group         0x00000000        0xc os_main.o
 .group         0x00000000        0xc os_main.o
 .group         0x00000000        0xc os_main.o
 .group         0x00000000        0xc os_main.o
 .debug_macro   0x00000000      0xa42 os_main.o
 .debug_macro   0x00000000       0x4c os_main.o
 .debug_macro   0x00000000       0x88 os_main.o
 .debug_macro   0x00000000       0x46 os_main.o
 .debug_macro   0x00000000       0x10 os_main.o
 .debug_macro   0x00000000       0x10 os_main.o
 .debug_macro   0x00000000       0x28 os_main.o
 .debug_macro   0x00000000       0x1c os_main.o
 .debug_macro   0x00000000       0x28 os_main.o
 .debug_macro   0x00000000       0x1c os_main.o
 .group         0x00000000        0xc os_memory_mmu_setup.o
 .group         0x00000000        0xc os_memory_mmu_setup.o
 .group         0x00000000        0xc os_memory_mmu_setup.o
 .group         0x00000000        0xc os_memory_mmu_setup.o
 .group         0x00000000        0xc os_memory_mmu_setup.o
 .group         0x00000000        0xc os_memory_mmu_setup.o
 .group         0x00000000        0xc os_memory_mmu_setup.o
 .group         0x00000000        0xc os_memory_mmu_setup.o
 .debug_macro   0x00000000      0xa42 os_memory_mmu_setup.o
 .debug_macro   0x00000000       0x4c os_memory_mmu_setup.o
 .debug_macro   0x00000000       0x88 os_memory_mmu_setup.o
 .debug_macro   0x00000000       0x46 os_memory_mmu_setup.o
 .debug_macro   0x00000000       0x10 os_memory_mmu_setup.o
 .debug_macro   0x00000000       0x16 os_memory_mmu_setup.o
 .debug_macro   0x00000000       0x28 os_memory_mmu_setup.o
 .debug_macro   0x00000000       0x1c os_memory_mmu_setup.o
 .group         0x00000000        0xc os_shutdown.o
 .group         0x00000000        0xc os_shutdown.o
 .group         0x00000000        0xc os_shutdown.o
 .group         0x00000000        0xc os_shutdown.o
 .group         0x00000000        0xc os_shutdown.o
 .group         0x00000000        0xc os_shutdown.o
 .group         0x00000000        0xc os_shutdown.o
 .group         0x00000000        0xc os_shutdown.o
 .debug_macro   0x00000000      0xa42 os_shutdown.o
 .debug_macro   0x00000000       0x4c os_shutdown.o
 .debug_macro   0x00000000       0x88 os_shutdown.o
 .debug_macro   0x00000000       0x46 os_shutdown.o
 .debug_macro   0x00000000       0x10 os_shutdown.o
 .debug_macro   0x00000000       0x10 os_shutdown.o
 .debug_macro   0x00000000       0x28 os_shutdown.o
 .debug_macro   0x00000000       0x1c os_shutdown.o
 .group         0x00000000        0xc os_start_ext_prg.o
 .group         0x00000000        0xc os_start_ext_prg.o
 .group         0x00000000        0xc os_start_ext_prg.o
 .group         0x00000000        0xc os_start_ext_prg.o
 .group         0x00000000        0xc os_start_ext_prg.o
 .group         0x00000000        0xc os_start_ext_prg.o
 .group         0x00000000        0xc os_start_ext_prg.o
 .group         0x00000000        0xc os_start_ext_prg.o
 .debug_macro   0x00000000      0xa42 os_start_ext_prg.o
 .debug_macro   0x00000000       0x4c os_start_ext_prg.o
 .debug_macro   0x00000000       0x88 os_start_ext_prg.o
 .debug_macro   0x00000000       0x46 os_start_ext_prg.o
 .debug_macro   0x00000000       0x10 os_start_ext_prg.o
 .debug_macro   0x00000000       0x10 os_start_ext_prg.o
 .debug_macro   0x00000000       0x28 os_start_ext_prg.o
 .debug_macro   0x00000000       0x1c os_start_ext_prg.o
 .group         0x00000000        0xc os_start_init_hw.o
 .group         0x00000000        0xc os_start_init_hw.o
 .group         0x00000000        0xc os_start_init_hw.o
 .group         0x00000000        0xc os_start_init_hw.o
 .group         0x00000000        0xc os_start_init_hw.o
 .group         0x00000000        0xc os_start_init_hw.o
 .group         0x00000000        0xc os_start_init_hw.o
 .group         0x00000000        0xc os_start_init_hw.o
 .debug_macro   0x00000000      0xa42 os_start_init_hw.o
 .debug_macro   0x00000000       0x4c os_start_init_hw.o
 .debug_macro   0x00000000       0x88 os_start_init_hw.o
 .debug_macro   0x00000000       0x46 os_start_init_hw.o
 .debug_macro   0x00000000       0x10 os_start_init_hw.o
 .debug_macro   0x00000000       0x10 os_start_init_hw.o
 .debug_macro   0x00000000       0x28 os_start_init_hw.o
 .debug_macro   0x00000000       0x1c os_start_init_hw.o
 .group         0x00000000        0xc os_start_init_mc.o
 .group         0x00000000        0xc os_start_init_mc.o
 .group         0x00000000        0xc os_start_init_mc.o
 .group         0x00000000        0xc os_start_init_mc.o
 .group         0x00000000        0xc os_start_init_mc.o
 .group         0x00000000        0xc os_start_init_mc.o
 .group         0x00000000        0xc os_start_init_mc.o
 .group         0x00000000        0xc os_start_init_mc.o
 .debug_macro   0x00000000      0xa42 os_start_init_mc.o
 .debug_macro   0x00000000       0x4c os_start_init_mc.o
 .debug_macro   0x00000000       0x88 os_start_init_mc.o
 .debug_macro   0x00000000       0x46 os_start_init_mc.o
 .debug_macro   0x00000000       0x10 os_start_init_mc.o
 .debug_macro   0x00000000       0x10 os_start_init_mc.o
 .debug_macro   0x00000000       0x28 os_start_init_mc.o
 .debug_macro   0x00000000       0x1c os_start_init_mc.o
 .group         0x00000000        0xc os_start_init_sw.o
 .group         0x00000000        0xc os_start_init_sw.o
 .group         0x00000000        0xc os_start_init_sw.o
 .group         0x00000000        0xc os_start_init_sw.o
 .group         0x00000000        0xc os_start_init_sw.o
 .group         0x00000000        0xc os_start_init_sw.o
 .group         0x00000000        0xc os_start_init_sw.o
 .group         0x00000000        0xc os_start_init_sw.o
 .debug_macro   0x00000000      0xa42 os_start_init_sw.o
 .debug_macro   0x00000000       0x4c os_start_init_sw.o
 .debug_macro   0x00000000       0x88 os_start_init_sw.o
 .debug_macro   0x00000000       0x46 os_start_init_sw.o
 .debug_macro   0x00000000       0x10 os_start_init_sw.o
 .debug_macro   0x00000000       0x10 os_start_init_sw.o
 .debug_macro   0x00000000       0x28 os_start_init_sw.o
 .debug_macro   0x00000000       0x1c os_start_init_sw.o
 .group         0x00000000        0xc os_start_os.o
 .group         0x00000000        0xc os_start_os.o
 .group         0x00000000        0xc os_start_os.o
 .group         0x00000000        0xc os_start_os.o
 .group         0x00000000        0xc os_start_os.o
 .group         0x00000000        0xc os_start_os.o
 .group         0x00000000        0xc os_start_os.o
 .group         0x00000000        0xc os_start_os.o
 .debug_macro   0x00000000      0xa42 os_start_os.o
 .debug_macro   0x00000000       0x4c os_start_os.o
 .debug_macro   0x00000000       0x88 os_start_os.o
 .debug_macro   0x00000000       0x46 os_start_os.o
 .debug_macro   0x00000000       0x10 os_start_os.o
 .debug_macro   0x00000000       0x10 os_start_os.o
 .debug_macro   0x00000000       0x28 os_start_os.o
 .debug_macro   0x00000000       0x1c os_start_os.o
 .group         0x00000000        0xc os_task_common.o
 .group         0x00000000        0xc os_task_common.o
 .group         0x00000000        0xc os_task_common.o
 .group         0x00000000        0xc os_task_common.o
 .group         0x00000000        0xc os_task_common.o
 .group         0x00000000        0xc os_task_common.o
 .group         0x00000000        0xc os_task_common.o
 .group         0x00000000        0xc os_task_common.o
 .group         0x00000000        0xc os_task_common.o
 .debug_macro   0x00000000      0xa42 os_task_common.o
 .debug_macro   0x00000000       0x4c os_task_common.o
 .debug_macro   0x00000000       0x88 os_task_common.o
 .debug_macro   0x00000000       0x46 os_task_common.o
 .debug_macro   0x00000000       0x10 os_task_common.o
 .debug_macro   0x00000000       0x10 os_task_common.o
 .debug_macro   0x00000000       0x28 os_task_common.o
 .debug_macro   0x00000000       0x1c os_task_common.o
 .debug_macro   0x00000000       0x28 os_task_common.o
 .group         0x00000000        0xc os_task_queue.o
 .group         0x00000000        0xc os_task_queue.o
 .group         0x00000000        0xc os_task_queue.o
 .group         0x00000000        0xc os_task_queue.o
 .group         0x00000000        0xc os_task_queue.o
 .group         0x00000000        0xc os_task_queue.o
 .group         0x00000000        0xc os_task_queue.o
 .group         0x00000000        0xc os_task_queue.o
 .group         0x00000000        0xc os_task_queue.o
 .group         0x00000000        0xc os_task_queue.o
 .debug_macro   0x00000000      0xa42 os_task_queue.o
 .debug_macro   0x00000000       0x4c os_task_queue.o
 .debug_macro   0x00000000       0x88 os_task_queue.o
 .debug_macro   0x00000000       0x46 os_task_queue.o
 .debug_macro   0x00000000       0x10 os_task_queue.o
 .debug_macro   0x00000000       0x10 os_task_queue.o
 .debug_macro   0x00000000       0x28 os_task_queue.o
 .debug_macro   0x00000000       0x1c os_task_queue.o
 .debug_macro   0x00000000       0x1c os_task_queue.o
 .debug_macro   0x00000000       0x28 os_task_queue.o
 .group         0x00000000        0xc os_task_scheduler.o
 .group         0x00000000        0xc os_task_scheduler.o
 .group         0x00000000        0xc os_task_scheduler.o
 .group         0x00000000        0xc os_task_scheduler.o
 .group         0x00000000        0xc os_task_scheduler.o
 .group         0x00000000        0xc os_task_scheduler.o
 .group         0x00000000        0xc os_task_scheduler.o
 .group         0x00000000        0xc os_task_scheduler.o
 .group         0x00000000        0xc os_task_scheduler.o
 .group         0x00000000        0xc os_task_scheduler.o
 .debug_macro   0x00000000      0xa42 os_task_scheduler.o
 .debug_macro   0x00000000       0x4c os_task_scheduler.o
 .debug_macro   0x00000000       0x88 os_task_scheduler.o
 .debug_macro   0x00000000       0x46 os_task_scheduler.o
 .debug_macro   0x00000000       0x10 os_task_scheduler.o
 .debug_macro   0x00000000       0x16 os_task_scheduler.o
 .debug_macro   0x00000000       0x28 os_task_scheduler.o
 .debug_macro   0x00000000       0x1c os_task_scheduler.o
 .debug_macro   0x00000000       0x28 os_task_scheduler.o
 .debug_macro   0x00000000       0x1c os_task_scheduler.o
 .group         0x00000000        0xc os_stack.o
 .group         0x00000000        0xc os_stack.o
 .group         0x00000000        0xc os_stack.o
 .group         0x00000000        0xc os_stack.o
 .group         0x00000000        0xc os_stack.o
 .group         0x00000000        0xc os_stack.o
 .group         0x00000000        0xc os_stack.o
 .group         0x00000000        0xc os_stack.o
 .debug_macro   0x00000000      0xa42 os_stack.o
 .debug_macro   0x00000000       0x4c os_stack.o
 .debug_macro   0x00000000       0x88 os_stack.o
 .debug_macro   0x00000000       0x46 os_stack.o
 .debug_macro   0x00000000       0x10 os_stack.o
 .debug_macro   0x00000000       0x16 os_stack.o
 .debug_macro   0x00000000       0x28 os_stack.o
 .debug_macro   0x00000000       0x1c os_stack.o
 .group         0x00000000        0xc os_heap.o
 .group         0x00000000        0xc os_heap.o
 .group         0x00000000        0xc os_heap.o
 .group         0x00000000        0xc os_heap.o
 .group         0x00000000        0xc os_heap.o
 .group         0x00000000        0xc os_heap.o
 .group         0x00000000        0xc os_heap.o
 .group         0x00000000        0xc os_heap.o
 .debug_macro   0x00000000      0xa42 os_heap.o
 .debug_macro   0x00000000       0x4c os_heap.o
 .debug_macro   0x00000000       0x88 os_heap.o
 .debug_macro   0x00000000       0x46 os_heap.o
 .debug_macro   0x00000000       0x10 os_heap.o
 .debug_macro   0x00000000       0x10 os_heap.o
 .debug_macro   0x00000000       0x28 os_heap.o
 .debug_macro   0x00000000       0x1c os_heap.o
 .group         0x00000000        0xc led.o
 .group         0x00000000        0xc led.o
 .group         0x00000000        0xc led.o
 .group         0x00000000        0xc led.o
 .group         0x00000000        0xc led.o
 .group         0x00000000        0xc led.o
 .group         0x00000000        0xc led.o
 .group         0x00000000        0xc led.o
 .debug_macro   0x00000000      0xa42 led.o
 .debug_macro   0x00000000       0x4c led.o
 .debug_macro   0x00000000       0x88 led.o
 .debug_macro   0x00000000       0x46 led.o
 .debug_macro   0x00000000       0x10 led.o
 .debug_macro   0x00000000       0x10 led.o
 .debug_macro   0x00000000       0x28 led.o
 .debug_macro   0x00000000       0x1c led.o
 .group         0x00000000        0xc os_ram.o
 .group         0x00000000        0xc os_ram.o
 .group         0x00000000        0xc os_ram.o
 .group         0x00000000        0xc os_ram.o
 .group         0x00000000        0xc os_ram.o
 .group         0x00000000        0xc os_ram.o
 .group         0x00000000        0xc os_ram.o
 .group         0x00000000        0xc os_ram.o
 .debug_macro   0x00000000      0xa42 os_ram.o
 .debug_macro   0x00000000       0x4c os_ram.o
 .debug_macro   0x00000000       0x88 os_ram.o
 .debug_macro   0x00000000       0x46 os_ram.o
 .debug_macro   0x00000000       0x10 os_ram.o
 .debug_macro   0x00000000       0x10 os_ram.o
 .debug_macro   0x00000000       0x28 os_ram.o
 .debug_macro   0x00000000       0x1c os_ram.o
 .group         0x00000000        0xc os_shared_ram.o
 .group         0x00000000        0xc os_shared_ram.o
 .group         0x00000000        0xc os_shared_ram.o
 .group         0x00000000        0xc os_shared_ram.o
 .group         0x00000000        0xc os_shared_ram.o
 .group         0x00000000        0xc os_shared_ram.o
 .group         0x00000000        0xc os_shared_ram.o
 .group         0x00000000        0xc os_shared_ram.o
 .debug_macro   0x00000000      0xa42 os_shared_ram.o
 .debug_macro   0x00000000       0x4c os_shared_ram.o
 .debug_macro   0x00000000       0x88 os_shared_ram.o
 .debug_macro   0x00000000       0x46 os_shared_ram.o
 .debug_macro   0x00000000       0x10 os_shared_ram.o
 .debug_macro   0x00000000       0x10 os_shared_ram.o
 .debug_macro   0x00000000       0x28 os_shared_ram.o
 .debug_macro   0x00000000       0x1c os_shared_ram.o

Memory Configuration

Name             Origin             Length             Attributes
rom              0x08000000         0x00100000
ram              0x20000000         0x00030000
*default*        0x00000000         0xffffffff

Linker script and memory map


.text           0x08000000    0x19fec
                0x08000000                _ivec_start = .
 os_exception_table.o()
 .text          0x08000000        0x0 os_exception_table.o
 .data          0x08000000      0x400 os_exception_table.o
                0x08000000                isr_vec_table
 .bss           0x08000400        0x0 os_exception_table.o
 .debug_info    0x08000400      0x68d os_exception_table.o
 .debug_abbrev  0x08000a8d      0x104 os_exception_table.o
 .debug_aranges
                0x08000b91       0x18 os_exception_table.o
 .debug_macro   0x08000ba9       0xa8 os_exception_table.o
 .debug_macro   0x08000c51      0xa42 os_exception_table.o
 .debug_macro   0x08001693       0x4c os_exception_table.o
 .debug_macro   0x080016df       0x88 os_exception_table.o
 .debug_macro   0x08001767       0x46 os_exception_table.o
 .debug_macro   0x080017ad       0x10 os_exception_table.o
 .debug_macro   0x080017bd       0x10 os_exception_table.o
 .debug_macro   0x080017cd       0x28 os_exception_table.o
 .debug_macro   0x080017f5       0x1c os_exception_table.o
 .debug_line    0x08001811      0x1ec os_exception_table.o
 .debug_str     0x080019fd     0x3984 os_exception_table.o
                               0x3a2c (size before relaxing)
 .comment       0x08005381       0x7f os_exception_table.o
                                 0x80 (size before relaxing)
 .ARM.attributes
                0x08005400       0x33 os_exception_table.o
 .iplt          0x08005433        0x0 os_exception_table.o
 .rel.iplt      0x08005433        0x0 os_exception_table.o
 .igot.plt      0x08005433        0x0 os_exception_table.o
                0x08005433                _ivec_end = .
                [!provide]                PROVIDE (ivec_start = .)
                [!provide]                PROVIDE (ivec_end = .)
                0x08005433                _const_start = .
 os_const.o()
 *fill*         0x08005433        0x1 
 .text          0x08005434        0x0 os_const.o
 .data          0x08005434        0x0 os_const.o
 .bss           0x08005434        0x0 os_const.o
 .debug_info    0x08005434      0x64f os_const.o
 .debug_abbrev  0x08005a83       0xec os_const.o
 .debug_aranges
                0x08005b6f       0x18 os_const.o
 .debug_macro   0x08005b87       0x9e os_const.o
 .debug_line    0x08005c25      0x1c4 os_const.o
 .debug_str     0x08005de9       0x46 os_const.o
                               0x39e5 (size before relaxing)
 .comment       0x08005e2f       0x80 os_const.o
 .ARM.attributes
                0x08005e2f       0x33 os_const.o
                0x08005eaf                _const_end = .
                [!provide]                PROVIDE (const_start = .)
                [!provide]                PROVIDE (const_end = .)
                0x08005eaf                _code_start = .
 lld_global.o()
 *fill*         0x08005e62        0x2 
 .text          0x08005e64      0x14c E:\NeuOrga\Programmieren\c_cpp\github_os\output\os_drivers\obj_arm\lld_global.o
                0x08005e64                OS_GetCoreId
                0x08005e6a                LLF_SAVE_TASK_STACK
                0x08005e70                LLF_SAVE_REGISTERS
                0x08005eaa                LLF_RESTORE_TASK_STACK
                0x08005eb0                LLF_RESTORE_REGISTERS
                0x08005ed2                LLF_RESTORE_SYSTEM_STACK
                0x08005ed8                LLF_SAVE_SYSTEM_STACK
                0x08005ede                LLF_CLEAR_ALL_GP_REGISTERS
                0x08005f10                LLF_PERFORM_RAM_CHECK
                0x08005f5c                LLF_CHANGE_TO_UNPRIVILIGED_THREAD_MODE
 .data          0x08005fb0        0x0 E:\NeuOrga\Programmieren\c_cpp\github_os\output\os_drivers\obj_arm\lld_global.o
 .bss           0x08005fb0        0x0 E:\NeuOrga\Programmieren\c_cpp\github_os\output\os_drivers\obj_arm\lld_global.o
 .debug_line    0x08005fb0       0xf6 E:\NeuOrga\Programmieren\c_cpp\github_os\output\os_drivers\obj_arm\lld_global.o
 .debug_info    0x080060a6       0x26 E:\NeuOrga\Programmieren\c_cpp\github_os\output\os_drivers\obj_arm\lld_global.o
 .debug_abbrev  0x080060cc       0x14 E:\NeuOrga\Programmieren\c_cpp\github_os\output\os_drivers\obj_arm\lld_global.o
 .debug_aranges
                0x080060e0       0x20 E:\NeuOrga\Programmieren\c_cpp\github_os\output\os_drivers\obj_arm\lld_global.o
 .debug_str     0x08006100       0x59 E:\NeuOrga\Programmieren\c_cpp\github_os\output\os_drivers\obj_arm\lld_global.o
                                 0x91 (size before relaxing)
 .ARM.attributes
                0x08006159       0x21 E:\NeuOrga\Programmieren\c_cpp\github_os\output\os_drivers\obj_arm\lld_global.o
 lld_interrupt.o()
 .text          0x0800617a       0x14 E:\NeuOrga\Programmieren\c_cpp\github_os\output\os_drivers\obj_arm\lld_interrupt.o
                0x0800617a                LLF_INT_DISABLE
                0x08006180                LLF_INT_ENABLE
                0x08006186                LLF_DISABLE_INTERRUPTS_ALL_CORES
                0x0800618c                LLF_WAIT_FOR_INTERRUPT
 .data          0x0800618e        0x0 E:\NeuOrga\Programmieren\c_cpp\github_os\output\os_drivers\obj_arm\lld_interrupt.o
 .bss           0x0800618e        0x0 E:\NeuOrga\Programmieren\c_cpp\github_os\output\os_drivers\obj_arm\lld_interrupt.o
 .debug_line    0x0800618e       0x85 E:\NeuOrga\Programmieren\c_cpp\github_os\output\os_drivers\obj_arm\lld_interrupt.o
 .debug_info    0x08006213       0x26 E:\NeuOrga\Programmieren\c_cpp\github_os\output\os_drivers\obj_arm\lld_interrupt.o
 .debug_abbrev  0x08006239       0x14 E:\NeuOrga\Programmieren\c_cpp\github_os\output\os_drivers\obj_arm\lld_interrupt.o
 *fill*         0x0800624d        0x3 
 .debug_aranges
                0x08006250       0x20 E:\NeuOrga\Programmieren\c_cpp\github_os\output\os_drivers\obj_arm\lld_interrupt.o
 .debug_str     0x08006270       0x4e E:\NeuOrga\Programmieren\c_cpp\github_os\output\os_drivers\obj_arm\lld_interrupt.o
                                 0x94 (size before relaxing)
 .ARM.attributes
                0x080062be       0x21 E:\NeuOrga\Programmieren\c_cpp\github_os\output\os_drivers\obj_arm\lld_interrupt.o
 lld_mmu.o()
 *fill*         0x080062df        0x1 
 .text          0x080062e0       0xb4 E:\NeuOrga\Programmieren\c_cpp\github_os\output\os_drivers\obj_arm\lld_mmu.o
                0x080062e0                LLF_MPU_DISABLE
                0x0800631e                LLF_MPU_ENABLE
                0x0800635c                LLF_GET_MPU_PRESENT
 .data          0x08006394        0x0 E:\NeuOrga\Programmieren\c_cpp\github_os\output\os_drivers\obj_arm\lld_mmu.o
 .bss           0x08006394        0x0 E:\NeuOrga\Programmieren\c_cpp\github_os\output\os_drivers\obj_arm\lld_mmu.o
 .debug_line    0x08006394       0xad E:\NeuOrga\Programmieren\c_cpp\github_os\output\os_drivers\obj_arm\lld_mmu.o
 .debug_info    0x08006441       0x26 E:\NeuOrga\Programmieren\c_cpp\github_os\output\os_drivers\obj_arm\lld_mmu.o
 .debug_abbrev  0x08006467       0x14 E:\NeuOrga\Programmieren\c_cpp\github_os\output\os_drivers\obj_arm\lld_mmu.o
 *fill*         0x0800647b        0x5 
 .debug_aranges
                0x08006480       0x20 E:\NeuOrga\Programmieren\c_cpp\github_os\output\os_drivers\obj_arm\lld_mmu.o
 .debug_str     0x080064a0       0x48 E:\NeuOrga\Programmieren\c_cpp\github_os\output\os_drivers\obj_arm\lld_mmu.o
                                 0x8e (size before relaxing)
 .ARM.attributes
                0x080064e8       0x21 E:\NeuOrga\Programmieren\c_cpp\github_os\output\os_drivers\obj_arm\lld_mmu.o
 lld_ram.o()
 *fill*         0x08006509        0x3 
 .text          0x0800650c       0xa0 E:\NeuOrga\Programmieren\c_cpp\github_os\output\os_drivers\obj_arm\lld_ram.o
                0x0800650c                INIT_OS_STACK
                0x08006526                LLF_CLEAR_ALL_RAM
 .data          0x080065ac        0x0 E:\NeuOrga\Programmieren\c_cpp\github_os\output\os_drivers\obj_arm\lld_ram.o
 .bss           0x080065ac        0x0 E:\NeuOrga\Programmieren\c_cpp\github_os\output\os_drivers\obj_arm\lld_ram.o
 .debug_line    0x080065ac       0xad E:\NeuOrga\Programmieren\c_cpp\github_os\output\os_drivers\obj_arm\lld_ram.o
 .debug_info    0x08006659       0x26 E:\NeuOrga\Programmieren\c_cpp\github_os\output\os_drivers\obj_arm\lld_ram.o
 .debug_abbrev  0x0800667f       0x14 E:\NeuOrga\Programmieren\c_cpp\github_os\output\os_drivers\obj_arm\lld_ram.o
 *fill*         0x08006693        0x5 
 .debug_aranges
                0x08006698       0x20 E:\NeuOrga\Programmieren\c_cpp\github_os\output\os_drivers\obj_arm\lld_ram.o
 .debug_str     0x080066b8       0x48 E:\NeuOrga\Programmieren\c_cpp\github_os\output\os_drivers\obj_arm\lld_ram.o
                                 0x8e (size before relaxing)
 .ARM.attributes
                0x08006700       0x21 E:\NeuOrga\Programmieren\c_cpp\github_os\output\os_drivers\obj_arm\lld_ram.o
 lld_timer.o()
 .text          0x08006721        0x0 E:\NeuOrga\Programmieren\c_cpp\github_os\output\os_drivers\obj_arm\lld_timer.o
 .data          0x08006721        0x0 E:\NeuOrga\Programmieren\c_cpp\github_os\output\os_drivers\obj_arm\lld_timer.o
 .bss           0x08006721        0x0 E:\NeuOrga\Programmieren\c_cpp\github_os\output\os_drivers\obj_arm\lld_timer.o
 .ARM.attributes
                0x08006721       0x21 E:\NeuOrga\Programmieren\c_cpp\github_os\output\os_drivers\obj_arm\lld_timer.o
 lld_power.o()
 *fill*         0x08006742        0x2 
 .text          0x08006744       0x20 E:\NeuOrga\Programmieren\c_cpp\github_os\output\os_drivers\obj_arm\lld_power.o
                0x08006744                LLF_MCU_SWITCH_OFF_POWER
                0x0800674a                LLF_MCU_RESET_POWER
 .data          0x08006764        0x0 E:\NeuOrga\Programmieren\c_cpp\github_os\output\os_drivers\obj_arm\lld_power.o
 .bss           0x08006764        0x0 E:\NeuOrga\Programmieren\c_cpp\github_os\output\os_drivers\obj_arm\lld_power.o
 .debug_line    0x08006764       0x87 E:\NeuOrga\Programmieren\c_cpp\github_os\output\os_drivers\obj_arm\lld_power.o
 .debug_info    0x080067eb       0x26 E:\NeuOrga\Programmieren\c_cpp\github_os\output\os_drivers\obj_arm\lld_power.o
 .debug_abbrev  0x08006811       0x14 E:\NeuOrga\Programmieren\c_cpp\github_os\output\os_drivers\obj_arm\lld_power.o
 *fill*         0x08006825        0x3 
 .debug_aranges
                0x08006828       0x20 E:\NeuOrga\Programmieren\c_cpp\github_os\output\os_drivers\obj_arm\lld_power.o
 .debug_str     0x08006848       0x4a E:\NeuOrga\Programmieren\c_cpp\github_os\output\os_drivers\obj_arm\lld_power.o
                                 0x90 (size before relaxing)
 .ARM.attributes
                0x08006892       0x21 E:\NeuOrga\Programmieren\c_cpp\github_os\output\os_drivers\obj_arm\lld_power.o
 os_exception_reset.o()
 *fill*         0x080068b3        0x1 
 .text          0x080068b4       0xbc E:\NeuOrga\Programmieren\c_cpp\github_os\output\os_drivers\obj_arm\os_exception_reset.o
                0x080068b4                OS_Exception_RESET
 .data          0x08006970        0x0 E:\NeuOrga\Programmieren\c_cpp\github_os\output\os_drivers\obj_arm\os_exception_reset.o
 .bss           0x08006970        0x0 E:\NeuOrga\Programmieren\c_cpp\github_os\output\os_drivers\obj_arm\os_exception_reset.o
 .debug_line    0x08006970       0xbe E:\NeuOrga\Programmieren\c_cpp\github_os\output\os_drivers\obj_arm\os_exception_reset.o
 .debug_info    0x08006a2e       0x26 E:\NeuOrga\Programmieren\c_cpp\github_os\output\os_drivers\obj_arm\os_exception_reset.o
 .debug_abbrev  0x08006a54       0x14 E:\NeuOrga\Programmieren\c_cpp\github_os\output\os_drivers\obj_arm\os_exception_reset.o
 .debug_aranges
                0x08006a68       0x20 E:\NeuOrga\Programmieren\c_cpp\github_os\output\os_drivers\obj_arm\os_exception_reset.o
 .debug_str     0x08006a88       0x50 E:\NeuOrga\Programmieren\c_cpp\github_os\output\os_drivers\obj_arm\os_exception_reset.o
                                 0x96 (size before relaxing)
 .ARM.attributes
                0x08006ad8       0x21 E:\NeuOrga\Programmieren\c_cpp\github_os\output\os_drivers\obj_arm\os_exception_reset.o
 os_common.o()
 *fill*         0x08006af9        0x3 
 .text          0x08006afc       0x10 os_common.o
                0x08006afc                OS_SetSwBug
                0x08006b08                OS_GetCurrentTime
 .data          0x08006b0c        0x0 os_common.o
 .bss           0x08006b0c        0x0 os_common.o
 .debug_info    0x08006b0c      0x709 os_common.o
 .debug_abbrev  0x08007215      0x131 os_common.o
 .debug_aranges
                0x08007346       0x20 os_common.o
 .debug_macro   0x08007366       0xa2 os_common.o
 .debug_macro   0x08007408       0x16 os_common.o
 .debug_line    0x0800741e      0x1ea os_common.o
 .debug_str     0x08007608      0x201 os_common.o
                               0x3b5f (size before relaxing)
 .comment       0x08007809       0x80 os_common.o
 *fill*         0x08007809        0x3 
 .debug_frame   0x0800780c       0x30 os_common.o
 .ARM.attributes
                0x0800783c       0x33 os_common.o
 os_exception.o()
 *fill*         0x0800786f        0x1 
 .text          0x08007870      0x3f8 os_exception.o
                0x08007870                OS_Exception_HARDFAULT
                0x080078f0                OS_Exception_NMI
                0x08007970                OS_Exception_SWI
                0x08007980                OS_Exception_BUS_FAULT
                0x08007a00                OS_Exception_DEBUG
                0x08007a74                OS_Exception_MEM_MANAG_FAULT
                0x08007af4                OS_Exception_USAGE_FAULT
                0x08007b74                OS_Exception_PendSV
                0x08007b7c                OS_Exception_Systick
                0x08007c60                OS_Exception_IRQ
                0x08007c64                OS_Exception_FIQ
 .data          0x08007c68        0x0 os_exception.o
 .bss           0x08007c68        0x0 os_exception.o
 .debug_info    0x08007c68      0x8aa os_exception.o
 .debug_abbrev  0x08008512      0x1c9 os_exception.o
 .debug_loc     0x080086db       0x2a os_exception.o
 .debug_aranges
                0x08008705       0x20 os_exception.o
 .debug_macro   0x08008725      0x13b os_exception.o
 .debug_macro   0x08008860      0xa3c os_exception.o
 .debug_macro   0x0800929c       0x1c os_exception.o
 .debug_macro   0x080092b8       0x28 os_exception.o
 .debug_line    0x080092e0      0x2cd os_exception.o
 .debug_str     0x080095ad      0x708 os_exception.o
                               0x405e (size before relaxing)
 .comment       0x08009cb5       0x80 os_exception.o
 *fill*         0x08009cb5        0x3 
 .debug_frame   0x08009cb8      0x138 os_exception.o
 .ARM.attributes
                0x08009df0       0x33 os_exception.o
 os_exception_isr_handler.o()
 *fill*         0x08009e23        0x1 
 .text          0x08009e24        0x4 os_exception_isr_handler.o
                0x08009e24                OS_ISRHANDLERC0
 .data          0x08009e28        0x0 os_exception_isr_handler.o
 .bss           0x08009e28        0x0 os_exception_isr_handler.o
 .debug_info    0x08009e28      0x668 os_exception_isr_handler.o
 .debug_abbrev  0x0800a490      0x108 os_exception_isr_handler.o
 .debug_aranges
                0x0800a598       0x20 os_exception_isr_handler.o
 .debug_macro   0x0800a5b8       0xab os_exception_isr_handler.o
 .debug_line    0x0800a663      0x20d os_exception_isr_handler.o
 .debug_str     0x0800a870       0x56 os_exception_isr_handler.o
                               0x3a75 (size before relaxing)
 .comment       0x0800a8c6       0x80 os_exception_isr_handler.o
 *fill*         0x0800a8c6        0x2 
 .debug_frame   0x0800a8c8       0x20 os_exception_isr_handler.o
 .ARM.attributes
                0x0800a8e8       0x33 os_exception_isr_handler.o
 os_exception_table.o()
 os_init_task_system.o()
 *fill*         0x0800a91b        0x1 
 .text          0x0800a91c        0x4 os_init_task_system.o
                0x0800a91c                OS_InitTaskSystem
 .data          0x0800a920        0x0 os_init_task_system.o
 .bss           0x0800a920        0x0 os_init_task_system.o
 .debug_info    0x0800a920      0x681 os_init_task_system.o
 .debug_abbrev  0x0800afa1      0x129 os_init_task_system.o
 .debug_aranges
                0x0800b0ca       0x20 os_init_task_system.o
 .debug_macro   0x0800b0ea       0xb1 os_init_task_system.o
 .debug_macro   0x0800b19b       0x22 os_init_task_system.o
 .debug_line    0x0800b1bd      0x208 os_init_task_system.o
 .debug_str     0x0800b3c5       0x70 os_init_task_system.o
                               0x3a7f (size before relaxing)
 .comment       0x0800b435       0x80 os_init_task_system.o
 *fill*         0x0800b435        0x3 
 .debug_frame   0x0800b438       0x20 os_init_task_system.o
 .ARM.attributes
                0x0800b458       0x33 os_init_task_system.o
 os_main.o()
 *fill*         0x0800b48b        0x1 
 .text          0x0800b48c       0xc8 os_main.o
                0x0800b48c                OS_StateHandler
 .data          0x0800b554        0x0 os_main.o
 .bss           0x0800b554        0x8 os_main.o
 .debug_info    0x0800b55c      0x864 os_main.o
 .debug_abbrev  0x0800bdc0      0x1ab os_main.o
 .debug_aranges
                0x0800bf6b       0x20 os_main.o
 .debug_macro   0x0800bf8b       0xdc os_main.o
 .debug_line    0x0800c067      0x28d os_main.o
 .debug_str     0x0800c2f4      0x1c8 os_main.o
                               0x3cdc (size before relaxing)
 .comment       0x0800c4bc       0x80 os_main.o
 .debug_frame   0x0800c4bc       0x2c os_main.o
 .ARM.attributes
                0x0800c4e8       0x33 os_main.o
 os_memory_mmu_setup.o()
 *fill*         0x0800c51b        0x1 
 .text          0x0800c51c        0x4 os_memory_mmu_setup.o
                0x0800c51c                OS_MmuSetup
 .data          0x0800c520        0x0 os_memory_mmu_setup.o
 .bss           0x0800c520        0x0 os_memory_mmu_setup.o
 .debug_info    0x0800c520      0x675 os_memory_mmu_setup.o
 .debug_abbrev  0x0800cb95      0x129 os_memory_mmu_setup.o
 .debug_aranges
                0x0800ccbe       0x20 os_memory_mmu_setup.o
 .debug_macro   0x0800ccde       0x9e os_memory_mmu_setup.o
 .debug_line    0x0800cd7c      0x1e1 os_memory_mmu_setup.o
 .debug_str     0x0800cf5d       0x6c os_memory_mmu_setup.o
                               0x39e2 (size before relaxing)
 .comment       0x0800cfc9       0x80 os_memory_mmu_setup.o
 *fill*         0x0800cfc9        0x3 
 .debug_frame   0x0800cfcc       0x20 os_memory_mmu_setup.o
 .ARM.attributes
                0x0800cfec       0x33 os_memory_mmu_setup.o
 os_shutdown.o()
 *fill*         0x0800d01f        0x1 
 .text          0x0800d020       0x50 os_shutdown.o
                0x0800d020                OS_DeinitMc
                0x0800d030                OS_Shutdown
 .data          0x0800d070        0x0 os_shutdown.o
 .bss           0x0800d070        0x0 os_shutdown.o
 .debug_info    0x0800d070      0x83a os_shutdown.o
 .debug_abbrev  0x0800d8aa      0x1a6 os_shutdown.o
 .debug_loc     0x0800da50       0x21 os_shutdown.o
 .debug_aranges
                0x0800da71       0x20 os_shutdown.o
 .debug_macro   0x0800da91       0xb2 os_shutdown.o
 .debug_line    0x0800db43      0x214 os_shutdown.o
 .debug_str     0x0800dd57      0x128 os_shutdown.o
                               0x3c99 (size before relaxing)
 .comment       0x0800de7f       0x80 os_shutdown.o
 *fill*         0x0800de7f        0x1 
 .debug_frame   0x0800de80       0x4c os_shutdown.o
 .ARM.attributes
                0x0800decc       0x33 os_shutdown.o
 os_start_ext_prg.o()
 *fill*         0x0800deff        0x1 
 .text          0x0800df00       0x10 os_start_ext_prg.o
                0x0800df00                OS_StartExtPrg
 .data          0x0800df10        0x0 os_start_ext_prg.o
 .bss           0x0800df10        0x0 os_start_ext_prg.o
 .debug_info    0x0800df10      0x6fb os_start_ext_prg.o
 .debug_abbrev  0x0800e60b      0x16b os_start_ext_prg.o
 .debug_loc     0x0800e776       0x79 os_start_ext_prg.o
 .debug_aranges
                0x0800e7ef       0x20 os_start_ext_prg.o
 .debug_macro   0x0800e80f       0x9e os_start_ext_prg.o
 .debug_line    0x0800e8ad      0x1e0 os_start_ext_prg.o
 .debug_str     0x0800ea8d       0x81 os_start_ext_prg.o
                               0x3a4a (size before relaxing)
 .comment       0x0800eb0e       0x80 os_start_ext_prg.o
 *fill*         0x0800eb0e        0x2 
 .debug_frame   0x0800eb10       0x30 os_start_ext_prg.o
 .ARM.attributes
                0x0800eb40       0x33 os_start_ext_prg.o
 os_start_init_hw.o()
 *fill*         0x0800eb73        0x1 
 .text          0x0800eb74        0x4 os_start_init_hw.o
                0x0800eb74                OS_InitHw
 .data          0x0800eb78        0x0 os_start_init_hw.o
 .bss           0x0800eb78        0x0 os_start_init_hw.o
 .debug_info    0x0800eb78      0x668 os_start_init_hw.o
 .debug_abbrev  0x0800f1e0      0x108 os_start_init_hw.o
 .debug_aranges
                0x0800f2e8       0x20 os_start_init_hw.o
 .debug_macro   0x0800f308       0x9e os_start_init_hw.o
 .debug_line    0x0800f3a6      0x1da os_start_init_hw.o
 .debug_str     0x0800f580       0x4e os_start_init_hw.o
                               0x39f7 (size before relaxing)
 .comment       0x0800f5ce       0x80 os_start_init_hw.o
 *fill*         0x0800f5ce        0x2 
 .debug_frame   0x0800f5d0       0x20 os_start_init_hw.o
 .ARM.attributes
                0x0800f5f0       0x33 os_start_init_hw.o
 os_start_init_mc.o()
 *fill*         0x0800f623        0x1 
 .text          0x0800f624        0x4 os_start_init_mc.o
                0x0800f624                OS_InitMc
 .data          0x0800f628        0x0 os_start_init_mc.o
 .bss           0x0800f628        0x0 os_start_init_mc.o
 .debug_info    0x0800f628      0x681 os_start_init_mc.o
 .debug_abbrev  0x0800fca9      0x129 os_start_init_mc.o
 .debug_aranges
                0x0800fdd2       0x20 os_start_init_mc.o
 .debug_macro   0x0800fdf2       0xb2 os_start_init_mc.o
 .debug_line    0x0800fea4      0x209 os_start_init_mc.o
 .debug_str     0x080100ad       0x67 os_start_init_mc.o
                               0x3a32 (size before relaxing)
 .comment       0x08010114       0x80 os_start_init_mc.o
 .debug_frame   0x08010114       0x20 os_start_init_mc.o
 .ARM.attributes
                0x08010134       0x33 os_start_init_mc.o
 os_start_init_sw.o()
 *fill*         0x08010167        0x1 
 .text          0x08010168       0x64 os_start_init_sw.o
                0x08010168                OS_InitSw
 .data          0x080101cc        0x0 os_start_init_sw.o
 .bss           0x080101cc        0x0 os_start_init_sw.o
 .debug_info    0x080101cc      0x68e os_start_init_sw.o
 .debug_abbrev  0x0801085a      0x135 os_start_init_sw.o
 .debug_loc     0x0801098f       0xbc os_start_init_sw.o
 .debug_aranges
                0x08010a4b       0x20 os_start_init_sw.o
 .debug_macro   0x08010a6b       0x9e os_start_init_sw.o
 .debug_line    0x08010b09      0x1ee os_start_init_sw.o
 .debug_str     0x08010cf7       0x4e os_start_init_sw.o
                               0x3a09 (size before relaxing)
 .comment       0x08010d45       0x80 os_start_init_sw.o
 *fill*         0x08010d45        0x3 
 .debug_frame   0x08010d48       0x30 os_start_init_sw.o
 .ARM.attributes
                0x08010d78       0x33 os_start_init_sw.o
 os_start_os.o()
 *fill*         0x08010dab        0x1 
 .text          0x08010dac       0x70 os_start_os.o
                0x08010dac                OS_StartOs
 .data          0x08010e1c        0x0 os_start_os.o
 .bss           0x08010e1c        0x0 os_start_os.o
 .debug_info    0x08010e1c      0x681 os_start_os.o
 .debug_abbrev  0x0801149d      0x129 os_start_os.o
 .debug_aranges
                0x080115c6       0x20 os_start_os.o
 .debug_macro   0x080115e6       0xc0 os_start_os.o
 .debug_line    0x080116a6      0x202 os_start_os.o
 .debug_str     0x080118a8      0x233 os_start_os.o
                               0x3be2 (size before relaxing)
 .comment       0x08011adb       0x80 os_start_os.o
 *fill*         0x08011adb        0x1 
 .debug_frame   0x08011adc       0x3c os_start_os.o
 .ARM.attributes
                0x08011b18       0x33 os_start_os.o
 os_task_common.o()
 *fill*         0x08011b4b        0x1 
 .text          0x08011b4c       0xb8 os_task_common.o
                0x08011b4c                OS_TaskSaveTaskEnvironment
                0x08011b70                OS_TASK_RESTORETASK_ENVIRONMENT
                0x08011b90                OS_TASK_RESTORE_SYSTEM_STACK
                0x08011b94                OS_TASK_SAVE_SYSTEM_STACK
                0x08011b98                OS_Task_InitTaskEnvironment
 .data          0x08011c04        0x0 os_task_common.o
 .bss           0x08011c04        0x0 os_task_common.o
 .debug_info    0x08011c04      0x887 os_task_common.o
 .debug_abbrev  0x0801248b      0x17a os_task_common.o
 .debug_loc     0x08012605       0xf8 os_task_common.o
 .debug_aranges
                0x080126fd       0x20 os_task_common.o
 .debug_macro   0x0801271d       0xaf os_task_common.o
 .debug_line    0x080127cc      0x25f os_task_common.o
 .debug_str     0x08012a2b      0x136 os_task_common.o
                               0x3d0c (size before relaxing)
 .comment       0x08012b61       0x80 os_task_common.o
 *fill*         0x08012b61        0x3 
 .debug_frame   0x08012b64       0x90 os_task_common.o
 .ARM.attributes
                0x08012bf4       0x33 os_task_common.o
 *fill*         0x08012c27        0x1 
 COMMON         0x08012c28       0x28 os_task_common.o
                0x08012c28                TASK_PTR
 os_task_queue.o()
 .text          0x08012c50      0x538 os_task_queue.o
                0x08012c50                SET_RUNNING_TASK
                0x08012d30                OS_InitTaskQueue
                0x08012d70                AddToTaskQueue
                0x08012ecc                DeleteFromTaskQueue
                0x08012f1c                GetFromTaskQueue
                0x08012f20                GetFromSchedulingQueue
                0x08012f2c                DeleteFromSchedulingQueue
                0x08012f34                AddToSchedulingQueue
                0x08012f8c                UpdateSchedulingQueue
                0x0801301c                GetIdleTask
                0x08013024                AddToIdleTaskQueue
                0x080130f4                GetRunningTask
                0x080130fc                GetRunningSchedulingQueueElementPtr
                0x08013108                OS_InitTask
 .data          0x08013188        0x0 os_task_queue.o
 .bss           0x08013188        0x0 os_task_queue.o
 .debug_info    0x08013188      0xa5c os_task_queue.o
 .debug_abbrev  0x08013be4      0x20d os_task_queue.o
 .debug_loc     0x08013df1      0x573 os_task_queue.o
 .debug_aranges
                0x08014364       0x20 os_task_queue.o
 .debug_macro   0x08014384       0xb4 os_task_queue.o
 .debug_line    0x08014438      0x391 os_task_queue.o
 .debug_str     0x080147c9      0x1f3 os_task_queue.o
                               0x3e8b (size before relaxing)
 .comment       0x080149bc       0x80 os_task_queue.o
 .debug_frame   0x080149bc      0x1a0 os_task_queue.o
 .ARM.attributes
                0x08014b5c       0x33 os_task_queue.o
 os_task_scheduler.o()
 *fill*         0x08014b8f        0x1 
 .text          0x08014b90      0x5dc os_task_scheduler.o
                0x08014c2c                OS_ActivateDispatcher
                0x08014c60                OS_SleepTask
                0x08014cd0                task_state_request
                0x08014d48                OS_CreateTask
                0x08014d7c                OS_ActivateTask
                0x08014de4                OS_StartTask
                0x08014e7c                OS_TerminateTask
                0x08014ef8                OS_TaskDispatcher
                0x0801506c                OS_InitTasks
 .data          0x0801516c        0x0 os_task_scheduler.o
 .bss           0x0801516c        0x0 os_task_scheduler.o
 .debug_info    0x0801516c     0x12f6 os_task_scheduler.o
 .debug_abbrev  0x08016462      0x364 os_task_scheduler.o
 .debug_loc     0x080167c6      0x974 os_task_scheduler.o
 .debug_aranges
                0x0801713a       0x20 os_task_scheduler.o
 .debug_ranges  0x0801715a       0x78 os_task_scheduler.o
 .debug_macro   0x080171d2       0xe0 os_task_scheduler.o
 .debug_line    0x080172b2      0x427 os_task_scheduler.o
 .debug_str     0x080176d9      0x161 os_task_scheduler.o
                               0x40cd (size before relaxing)
 .comment       0x0801783a       0x80 os_task_scheduler.o
 *fill*         0x0801783a        0x2 
 .debug_frame   0x0801783c      0x274 os_task_scheduler.o
 .ARM.attributes
                0x08017ab0       0x33 os_task_scheduler.o
 os_stack.o()
 *fill*         0x08017ae3        0x1 
 .text          0x08017ae4        0x0 os_stack.o
 .data          0x08017ae4        0x0 os_stack.o
 .bss           0x08017ae4        0x0 os_stack.o
 .debug_info    0x08017ae4      0x643 os_stack.o
 .debug_abbrev  0x08018127       0xec os_stack.o
 .debug_aranges
                0x08018213       0x18 os_stack.o
 .debug_macro   0x0801822b       0x9e os_stack.o
 .debug_line    0x080182c9      0x1c4 os_stack.o
 .debug_str     0x0801848d       0x46 os_stack.o
                               0x39bc (size before relaxing)
 .comment       0x080184d3       0x80 os_stack.o
 .ARM.attributes
                0x080184d3       0x33 os_stack.o
 os_heap.o()
 .text          0x08018506        0x0 os_heap.o
 .data          0x08018506        0x0 os_heap.o
 .bss           0x08018506        0x0 os_heap.o
 .debug_info    0x08018506      0x64f os_heap.o
 .debug_abbrev  0x08018b55       0xec os_heap.o
 .debug_aranges
                0x08018c41       0x18 os_heap.o
 .debug_macro   0x08018c59       0xa2 os_heap.o
 .debug_line    0x08018cfb      0x1c3 os_heap.o
 .debug_str     0x08018ebe       0x45 os_heap.o
                               0x39e4 (size before relaxing)
 .comment       0x08018f03       0x80 os_heap.o
 .ARM.attributes
                0x08018f03       0x33 os_heap.o
 led.o()
 *fill*         0x08018f36        0x2 
 .text          0x08018f38       0x10 led.o
                0x08018f38                USER_LED_INIT
                0x08018f3c                USER_LED_ON
                0x08018f40                USER_LED_OFF
                0x08018f44                USER_LED_TOGGLE
 .data          0x08018f48        0x0 led.o
 .bss           0x08018f48        0x0 led.o
 .debug_info    0x08018f48      0x6fe led.o
 .debug_abbrev  0x08019646      0x14b led.o
 .debug_loc     0x08019791       0x21 led.o
 .debug_aranges
                0x080197b2       0x20 led.o
 .debug_ranges  0x080197d2       0x10 led.o
 .debug_macro   0x080197e2       0xa2 led.o
 .debug_line    0x08019884      0x1c5 led.o
 .debug_str     0x08019a49       0x97 led.o
                               0x3a36 (size before relaxing)
 .comment       0x08019ae0       0x80 led.o
 .debug_frame   0x08019ae0       0x50 led.o
 .ARM.attributes
                0x08019b30       0x33 led.o
                0x08019b63                _code_end = .
                [!provide]                PROVIDE (code_start = .)
                [!provide]                PROVIDE (code_end = .)
 *fill*         0x08019b63        0x1 
 .text          0x08019b64      0x378 d:/programm/gnu tools arm embedded/7 2018-q2-update/bin/../lib/gcc/arm-none-eabi/7.3.1/thumb/v7e-m\libgcc.a(_arm_addsubdf3.o)
                0x08019b64                __aeabi_drsub
                0x08019b6c                __aeabi_dsub
                0x08019b6c                __subdf3
                0x08019b70                __aeabi_dadd
                0x08019b70                __adddf3
                0x08019de8                __floatunsidf
                0x08019de8                __aeabi_ui2d
                0x08019e08                __floatsidf
                0x08019e08                __aeabi_i2d
                0x08019e2c                __aeabi_f2d
                0x08019e2c                __extendsfdf2
                0x08019e70                __floatundidf
                0x08019e70                __aeabi_ul2d
                0x08019e80                __floatdidf
                0x08019e80                __aeabi_l2d
 .text          0x08019edc      0x110 d:/programm/gnu tools arm embedded/7 2018-q2-update/bin/../lib/gcc/arm-none-eabi/7.3.1/thumb/v7e-m\libgcc.a(_arm_cmpdf2.o)
                0x08019edc                __gtdf2
                0x08019edc                __gedf2
                0x08019ee4                __ltdf2
                0x08019ee4                __ledf2
                0x08019eec                __nedf2
                0x08019eec                __eqdf2
                0x08019eec                __cmpdf2
                0x08019f68                __aeabi_cdrcmple
                0x08019f78                __aeabi_cdcmpeq
                0x08019f78                __aeabi_cdcmple
                0x08019f88                __aeabi_dcmpeq
                0x08019f9c                __aeabi_dcmplt
                0x08019fb0                __aeabi_dcmple
                0x08019fc4                __aeabi_dcmpge
                0x08019fd8                __aeabi_dcmpgt

.glue_7         0x08019fec        0x0
 .glue_7        0x08019fec        0x0 linker stubs

.glue_7t        0x08019fec        0x0
 .glue_7t       0x08019fec        0x0 linker stubs

.vfp11_veneer   0x08019fec        0x0
 .vfp11_veneer  0x08019fec        0x0 linker stubs

.v4_bx          0x08019fec        0x0
 .v4_bx         0x08019fec        0x0 linker stubs

.data           0x20000000    0x15e2c
                0x20000000                _ram_start = .
 os_ram.o()
 .text          0x20000000        0x0 os_ram.o
 .data          0x20000000        0x0 os_ram.o
 .bss           0x20000000        0x0 os_ram.o
 .debug_info    0x20000000      0x95e os_ram.o
 .debug_abbrev  0x2000095e      0x115 os_ram.o
 .debug_aranges
                0x20000a73       0x18 os_ram.o
 .debug_macro   0x20000a8b       0xa6 os_ram.o
 .debug_line    0x20000b31      0x1dd os_ram.o
 .debug_str     0x20000d0e     0x3a43 os_ram.o
                               0x3aa7 (size before relaxing)
 .comment       0x20004751       0x7f os_ram.o
                                 0x80 (size before relaxing)
 .ARM.attributes
                0x200047d0       0x33 os_ram.o
 *fill*         0x20004803        0x1 
 COMMON         0x20004804     0xf79c os_ram.o
                0x20004804                TASK_STACK
                0x20009624                VAR_MEM_MANAG_FAULT_STATUS_REG
                0x20009628                REGISTER_R2
                0x2000962c                TASK_GROUP_3
                0x20009634                RAM_CHECK_FAILURE_ADDR
                0x20009638                REGISTER_R0
                0x2000963c                OS_STACK
                0x2000e63c                REGISTER_R6
                0x2000e640                REGISTER_R7
                0x2000e644                DBG_CALIB_VALUE
                0x2000e648                OS_STATE
                0x2000e64c                TASK_IDLE_QUEUE
                0x2000e6d4                REGISTER_R9
                0x2000e6d8                TASK1_CALL_NR
                0x2000e6dc                bTASK_QUEUE_INITIALIZED
                0x2000e6e0                BACKUP_SYSTICK_CURRENT_VAL_REG
                0x2000e6e4                TASK2_CALL_NR
                0x2000e6e8                LAST_CURRENT_TIME
                0x2000e6ec                LINK_REGISTER_HANDLER
                0x2000e6f0                VAR_AUX_FAULT_STATUS_REG
                0x2000e6f4                REGISTER_R8
                0x2000e6f8                TASK_3_VAR
                0x2000e780                TASK_0_VAR
                0x2000e808                TASK4_CALL_NR
                0x2000e80c                TASK_GROUP_2
                0x2000e814                REGISTER_R5
                0x2000e818                OS_MAIN_STACK
                0x20013818                SAVED_STACK_POINTER
                0x2001381c                DBG_RLD_VALUE
                0x20013820                REGISTER_R4
                0x20013824                RUNNING_TASK
                0x200138ac                TASK_RUN_QUEUE
                0x20013dfc                VAR_HARDFAULT_STATUS_REG
                0x20013e00                RUNNING_SCHEDULING_QUEUE_ENTRY
                0x20013e04                TASK_GROUP_5
                0x20013e0c                REGISTER_R1
                0x20013e10                DBG_CTRL_VALUE
                0x20013e14                TASK_2_VAR
                0x20013e9c                VAR_BUS_FAULT_STATUS_REG
                0x20013ea0                RAM_CHECK_FAILURE_DETECTED
                0x20013ea4                REGISTER_R10
                0x20013ea8                DBG_CURR_VAL
                0x20013eac                TASK_GROUP_1
                0x20013eb4                VAR_FAULT_STATUS_REG
                0x20013eb8                TASK_GROUP_4
                0x20013ec0                REGISTER_R11
                0x20013ec4                TASK_TRANSITION_REJECTED_STATE
                0x20013ec5                TASK_TRANSITION_CURRENT_STATE
                0x20013ec8                REGISTER_R3
                0x20013ecc                TASK_SCHEDULING_QUEUE
                0x20013ef4                TASK3_CALL_NR
                0x20013ef8                VAR_MEM_FAULT_ADDR_REG
                0x20013efc                VAR_USAGE_FAULT_STATUS_REG
                0x20013f00                VAR_BUS_FAULT_ADDR_REG
                0x20013f04                TASK_TRANSITION_REJECTED_TASK_ADDR
                0x20013f08                OS_SW_BUG
                0x20013f18                TASK_1_VAR
 os_shared_ram.o()
 .text          0x20013fa0        0x0 os_shared_ram.o
 .data          0x20013fa0        0x0 os_shared_ram.o
 .bss           0x20013fa0        0x0 os_shared_ram.o
 .debug_info    0x20013fa0      0x76f os_shared_ram.o
 .debug_abbrev  0x2001470f       0xfd os_shared_ram.o
 .debug_aranges
                0x2001480c       0x18 os_shared_ram.o
 .debug_macro   0x20014824       0xfe os_shared_ram.o
 .debug_line    0x20014922      0x1c9 os_shared_ram.o
 .debug_str     0x20014aeb      0x30b os_shared_ram.o
                               0x3caa (size before relaxing)
 .comment       0x20014df6       0x80 os_shared_ram.o
 .ARM.attributes
                0x20014df6       0x33 os_shared_ram.o
 *fill*         0x20014e29        0x3 
 COMMON         0x20014e2c     0x1000 os_shared_ram.o
                0x20014e2c                RAM_BLOCK_C01_C01
                0x20014f2c                RAM_BLOCK_C01_C00
                0x2001502c                RAM_BLOCK_C00_C00
                0x2001512c                RAM_BLOCK_C01_C03
                0x2001522c                RAM_BLOCK_C03_C01
                0x2001532c                RAM_BLOCK_C00_C01
                0x2001542c                RAM_BLOCK_C02_C01
                0x2001552c                RAM_BLOCK_C01_C02
                0x2001562c                RAM_BLOCK_C03_C00
                0x2001572c                RAM_BLOCK_C02_C00
                0x2001582c                RAM_BLOCK_C02_C02
                0x2001592c                RAM_BLOCK_C03_C03
                0x20015a2c                RAM_BLOCK_C03_C02
                0x20015b2c                RAM_BLOCK_C00_C03
                0x20015c2c                RAM_BLOCK_C00_C02
                0x20015d2c                RAM_BLOCK_C02_C03
                0x20015e2c                _ram_end = .
                [!provide]                PROVIDE (ram_start = .)
                [!provide]                PROVIDE (ram_end = .)
 .data          0x20015e2c        0x0 d:/programm/gnu tools arm embedded/7 2018-q2-update/bin/../lib/gcc/arm-none-eabi/7.3.1/thumb/v7e-m\libgcc.a(_arm_addsubdf3.o)
 .data          0x20015e2c        0x0 d:/programm/gnu tools arm embedded/7 2018-q2-update/bin/../lib/gcc/arm-none-eabi/7.3.1/thumb/v7e-m\libgcc.a(_arm_cmpdf2.o)
START GROUP
LOAD d:/programm/gnu tools arm embedded/7 2018-q2-update/bin/../lib/gcc/arm-none-eabi/7.3.1/thumb/v7e-m\libgcc.a
LOAD d:/programm/gnu tools arm embedded/7 2018-q2-update/bin/../lib/gcc/arm-none-eabi/7.3.1/../../../../arm-none-eabi/lib/thumb/v7e-m\libg.a
LOAD d:/programm/gnu tools arm embedded/7 2018-q2-update/bin/../lib/gcc/arm-none-eabi/7.3.1/../../../../arm-none-eabi/lib/thumb/v7e-m\libc.a
END GROUP
OUTPUT(E:\NeuOrga\Programmieren\c_cpp\github_os\output\VERSION_ARM\operating_system.elf elf32-littlearm)

.bss            0x20015e2c        0x0
 .bss           0x20015e2c        0x0 d:/programm/gnu tools arm embedded/7 2018-q2-update/bin/../lib/gcc/arm-none-eabi/7.3.1/thumb/v7e-m\libgcc.a(_arm_addsubdf3.o)
 .bss           0x20015e2c        0x0 d:/programm/gnu tools arm embedded/7 2018-q2-update/bin/../lib/gcc/arm-none-eabi/7.3.1/thumb/v7e-m\libgcc.a(_arm_cmpdf2.o)

.ARM.attributes
                0x00000000       0x31
 .ARM.attributes
                0x00000000       0x1e d:/programm/gnu tools arm embedded/7 2018-q2-update/bin/../lib/gcc/arm-none-eabi/7.3.1/thumb/v7e-m\libgcc.a(_arm_addsubdf3.o)
 .ARM.attributes
                0x0000001e       0x1e d:/programm/gnu tools arm embedded/7 2018-q2-update/bin/../lib/gcc/arm-none-eabi/7.3.1/thumb/v7e-m\libgcc.a(_arm_cmpdf2.o)

.debug_frame    0x00000000      0x170
 .debug_frame   0x00000000       0xac d:/programm/gnu tools arm embedded/7 2018-q2-update/bin/../lib/gcc/arm-none-eabi/7.3.1/thumb/v7e-m\libgcc.a(_arm_addsubdf3.o)
 .debug_frame   0x000000ac       0xc4 d:/programm/gnu tools arm embedded/7 2018-q2-update/bin/../lib/gcc/arm-none-eabi/7.3.1/thumb/v7e-m\libgcc.a(_arm_cmpdf2.o)
