Archive member included to satisfy reference by file (symbol)

d:/programm/gnu tools arm embedded/7 2018-q2-update/bin/../lib/gcc/arm-none-eabi/7.3.1/thumb/v7e-m\libgcc.a(_arm_addsubdf3.o)
                              os_task_scheduler.o (__aeabi_ui2d)
d:/programm/gnu tools arm embedded/7 2018-q2-update/bin/../lib/gcc/arm-none-eabi/7.3.1/thumb/v7e-m\libgcc.a(_arm_cmpdf2.o)
                              os_task_scheduler.o (__aeabi_dcmpgt)

Allocating common symbols
Common symbol       size              file

TASK_STACK          0x4e20            os_ram.o
RAM_BLOCK_C01_C01   0x100             os_shared_ram.o
VAR_MEM_MANAG_FAULT_STATUS_REG
                    0x4               os_ram.o
REGISTER_R2         0x4               os_ram.o
TASK_GROUP_3        0x8               os_ram.o
RAM_CHECK_FAILURE_ADDR
                    0x4               os_ram.o
REGISTER_R0         0x4               os_ram.o
OS_STACK            0x5000            os_ram.o
RAM_BLOCK_C01_C00   0x100             os_shared_ram.o
REGISTER_R6         0x4               os_ram.o
REGISTER_R7         0x4               os_ram.o
DBG_CALIB_VALUE     0x4               os_ram.o
RAM_BLOCK_C00_C00   0x100             os_shared_ram.o
OS_STATE            0x4               os_ram.o
TASK_IDLE_QUEUE     0x88              os_ram.o
REGISTER_R9         0x4               os_ram.o
TASK1_CALL_NR       0x4               os_ram.o
bTASK_QUEUE_INITIALIZED
                    0x1               os_ram.o
BACKUP_SYSTICK_CURRENT_VAL_REG
                    0x4               os_ram.o
RAM_BLOCK_C01_C03   0x100             os_shared_ram.o
TASK2_CALL_NR       0x4               os_ram.o
LAST_CURRENT_TIME   0x4               os_ram.o
LINK_REGISTER_HANDLER
                    0x4               os_ram.o
VAR_AUX_FAULT_STATUS_REG
                    0x4               os_ram.o
REGISTER_R8         0x4               os_ram.o
TASK_3_VAR          0x88              os_ram.o
RAM_BLOCK_C03_C01   0x100             os_shared_ram.o
TASK_0_VAR          0x88              os_ram.o
RAM_BLOCK_C00_C01   0x100             os_shared_ram.o
TASK4_CALL_NR       0x4               os_ram.o
TASK_GROUP_2        0x8               os_ram.o
TASK_PTR            0x28              os_task_common.o
REGISTER_R5         0x4               os_ram.o
OS_MAIN_STACK       0x5000            os_ram.o
SAVED_STACK_POINTER
                    0x4               os_ram.o
RAM_BLOCK_C02_C01   0x100             os_shared_ram.o
DBG_RLD_VALUE       0x4               os_ram.o
REGISTER_R4         0x4               os_ram.o
RAM_BLOCK_C01_C02   0x100             os_shared_ram.o
RUNNING_TASK        0x88              os_ram.o
TASK_RUN_QUEUE      0x550             os_ram.o
VAR_HARDFAULT_STATUS_REG
                    0x4               os_ram.o
RAM_BLOCK_C03_C00   0x100             os_shared_ram.o
RUNNING_SCHEDULING_QUEUE_ENTRY
                    0x4               os_ram.o
TASK_GROUP_5        0x8               os_ram.o
REGISTER_R1         0x4               os_ram.o
RAM_BLOCK_C02_C00   0x100             os_shared_ram.o
DBG_CTRL_VALUE      0x4               os_ram.o
TASK_2_VAR          0x88              os_ram.o
VAR_BUS_FAULT_STATUS_REG
                    0x4               os_ram.o
RAM_BLOCK_C02_C02   0x100             os_shared_ram.o
RAM_CHECK_FAILURE_DETECTED
                    0x4               os_ram.o
REGISTER_R10        0x4               os_ram.o
RAM_BLOCK_C03_C03   0x100             os_shared_ram.o
RAM_BLOCK_C03_C02   0x100             os_shared_ram.o
RAM_BLOCK_C00_C03   0x100             os_shared_ram.o
DBG_CURR_VAL        0x4               os_ram.o
TASK_GROUP_1        0x8               os_ram.o
VAR_FAULT_STATUS_REG
                    0x4               os_ram.o
TASK_GROUP_4        0x8               os_ram.o
REGISTER_R11        0x4               os_ram.o
TASK_TRANSITION_REJECTED_STATE
                    0x1               os_ram.o
TASK_TRANSITION_CURRENT_STATE
                    0x1               os_ram.o
REGISTER_R3         0x4               os_ram.o
TASK_SCHEDULING_QUEUE
                    0x28              os_ram.o
TASK3_CALL_NR       0x4               os_ram.o
VAR_MEM_FAULT_ADDR_REG
                    0x4               os_ram.o
VAR_USAGE_FAULT_STATUS_REG
                    0x4               os_ram.o
VAR_BUS_FAULT_ADDR_REG
                    0x4               os_ram.o
RAM_BLOCK_C00_C02   0x100             os_shared_ram.o
TASK_TRANSITION_REJECTED_TASK_ADDR
                    0x4               os_ram.o
OS_SW_BUG           0xf               os_ram.o
RAM_BLOCK_C02_C03   0x100             os_shared_ram.o
TASK_1_VAR          0x88              os_ram.o

Discarded input sections

 .group         0x00000000        0xc os_exception_table.o
 .group         0x00000000        0xc os_exception_table.o
 .group         0x00000000        0xc os_exception_table.o
 .group         0x00000000        0xc os_exception_table.o
 .group         0x00000000        0xc os_exception_table.o
 .group         0x00000000        0xc os_exception_table.o
 .group         0x00000000        0xc os_exception_table.o
 .group         0x00000000        0xc os_exception_table.o
 .group         0x00000000        0xc os_const.o
 .group         0x00000000        0xc os_const.o
 .group         0x00000000        0xc os_const.o
 .group         0x00000000        0xc os_const.o
 .group         0x00000000        0xc os_const.o
 .group         0x00000000        0xc os_const.o
 .group         0x00000000        0xc os_const.o
 .group         0x00000000        0xc os_const.o
 .debug_macro   0x00000000      0xa42 os_const.o
 .debug_macro   0x00000000       0x4c os_const.o
 .debug_macro   0x00000000       0x8e os_const.o
 .debug_macro   0x00000000       0x46 os_const.o
 .debug_macro   0x00000000       0x10 os_const.o
 .debug_macro   0x00000000       0x10 os_const.o
 .debug_macro   0x00000000       0x28 os_const.o
 .debug_macro   0x00000000       0x1c os_const.o
 .group         0x00000000        0xc os_common.o
 .group         0x00000000        0xc os_common.o
 .group         0x00000000        0xc os_common.o
 .group         0x00000000        0xc os_common.o
 .group         0x00000000        0xc os_common.o
 .group         0x00000000        0xc os_common.o
 .group         0x00000000        0xc os_common.o
 .group         0x00000000        0xc os_common.o
 .debug_macro   0x00000000      0xa42 os_common.o
 .debug_macro   0x00000000       0x4c os_common.o
 .debug_macro   0x00000000       0x46 os_common.o
 .debug_macro   0x00000000       0x10 os_common.o
 .debug_macro   0x00000000       0x28 os_common.o
 .debug_macro   0x00000000       0x1c os_common.o
 .group         0x00000000        0xc os_exception.o
 .group         0x00000000        0xc os_exception.o
 .group         0x00000000        0xc os_exception.o
 .group         0x00000000        0xc os_exception.o
 .group         0x00000000        0xc os_exception.o
 .group         0x00000000        0xc os_exception.o
 .group         0x00000000        0xc os_exception.o
 .group         0x00000000        0xc os_exception.o
 .group         0x00000000        0xc os_exception.o
 .group         0x00000000        0xc os_exception.o
 .debug_macro   0x00000000       0x4c os_exception.o
 .debug_macro   0x00000000       0x8e os_exception.o
 .debug_macro   0x00000000       0x46 os_exception.o
 .debug_macro   0x00000000       0x10 os_exception.o
 .debug_macro   0x00000000       0x10 os_exception.o
 .debug_macro   0x00000000       0x28 os_exception.o
 .debug_macro   0x00000000       0x1c os_exception.o
 .group         0x00000000        0xc os_exception_isr_handler.o
 .group         0x00000000        0xc os_exception_isr_handler.o
 .group         0x00000000        0xc os_exception_isr_handler.o
 .group         0x00000000        0xc os_exception_isr_handler.o
 .group         0x00000000        0xc os_exception_isr_handler.o
 .group         0x00000000        0xc os_exception_isr_handler.o
 .group         0x00000000        0xc os_exception_isr_handler.o
 .group         0x00000000        0xc os_exception_isr_handler.o
 .group         0x00000000        0xc os_exception_isr_handler.o
 .debug_macro   0x00000000      0xa42 os_exception_isr_handler.o
 .debug_macro   0x00000000       0x4c os_exception_isr_handler.o
 .debug_macro   0x00000000       0x8e os_exception_isr_handler.o
 .debug_macro   0x00000000       0x46 os_exception_isr_handler.o
 .debug_macro   0x00000000       0x10 os_exception_isr_handler.o
 .debug_macro   0x00000000       0x10 os_exception_isr_handler.o
 .debug_macro   0x00000000       0x28 os_exception_isr_handler.o
 .debug_macro   0x00000000       0x1c os_exception_isr_handler.o
 .debug_macro   0x00000000       0x28 os_exception_isr_handler.o
 .group         0x00000000        0xc os_init_task_system.o
 .group         0x00000000        0xc os_init_task_system.o
 .group         0x00000000        0xc os_init_task_system.o
 .group         0x00000000        0xc os_init_task_system.o
 .group         0x00000000        0xc os_init_task_system.o
 .group         0x00000000        0xc os_init_task_system.o
 .group         0x00000000        0xc os_init_task_system.o
 .group         0x00000000        0xc os_init_task_system.o
 .group         0x00000000        0xc os_init_task_system.o
 .debug_macro   0x00000000      0xa42 os_init_task_system.o
 .debug_macro   0x00000000       0x4c os_init_task_system.o
 .debug_macro   0x00000000       0x8e os_init_task_system.o
 .debug_macro   0x00000000       0x46 os_init_task_system.o
 .debug_macro   0x00000000       0x10 os_init_task_system.o
 .debug_macro   0x00000000       0x10 os_init_task_system.o
 .debug_macro   0x00000000       0x28 os_init_task_system.o
 .debug_macro   0x00000000       0x1c os_init_task_system.o
 .group         0x00000000        0xc os_main.o
 .group         0x00000000        0xc os_main.o
 .group         0x00000000        0xc os_main.o
 .group         0x00000000        0xc os_main.o
 .group         0x00000000        0xc os_main.o
 .group         0x00000000        0xc os_main.o
 .group         0x00000000        0xc os_main.o
 .group         0x00000000        0xc os_main.o
 .group         0x00000000        0xc os_main.o
 .group         0x00000000        0xc os_main.o
 .debug_macro   0x00000000      0xa42 os_main.o
 .debug_macro   0x00000000       0x4c os_main.o
 .debug_macro   0x00000000       0x8e os_main.o
 .debug_macro   0x00000000       0x46 os_main.o
 .debug_macro   0x00000000       0x10 os_main.o
 .debug_macro   0x00000000       0x10 os_main.o
 .debug_macro   0x00000000       0x28 os_main.o
 .debug_macro   0x00000000       0x1c os_main.o
 .debug_macro   0x00000000       0x28 os_main.o
 .debug_macro   0x00000000       0x1c os_main.o
 .group         0x00000000        0xc os_memory_mmu_setup.o
 .group         0x00000000        0xc os_memory_mmu_setup.o
 .group         0x00000000        0xc os_memory_mmu_setup.o
 .group         0x00000000        0xc os_memory_mmu_setup.o
 .group         0x00000000        0xc os_memory_mmu_setup.o
 .group         0x00000000        0xc os_memory_mmu_setup.o
 .group         0x00000000        0xc os_memory_mmu_setup.o
 .group         0x00000000        0xc os_memory_mmu_setup.o
 .debug_macro   0x00000000      0xa42 os_memory_mmu_setup.o
 .debug_macro   0x00000000       0x4c os_memory_mmu_setup.o
 .debug_macro   0x00000000       0x88 os_memory_mmu_setup.o
 .debug_macro   0x00000000       0x46 os_memory_mmu_setup.o
 .debug_macro   0x00000000       0x10 os_memory_mmu_setup.o
 .debug_macro   0x00000000       0x16 os_memory_mmu_setup.o
 .debug_macro   0x00000000       0x28 os_memory_mmu_setup.o
 .debug_macro   0x00000000       0x1c os_memory_mmu_setup.o
 .group         0x00000000        0xc os_shutdown.o
 .group         0x00000000        0xc os_shutdown.o
 .group         0x00000000        0xc os_shutdown.o
 .group         0x00000000        0xc os_shutdown.o
 .group         0x00000000        0xc os_shutdown.o
 .group         0x00000000        0xc os_shutdown.o
 .group         0x00000000        0xc os_shutdown.o
 .group         0x00000000        0xc os_shutdown.o
 .debug_macro   0x00000000      0xa42 os_shutdown.o
 .debug_macro   0x00000000       0x4c os_shutdown.o
 .debug_macro   0x00000000       0x8e os_shutdown.o
 .debug_macro   0x00000000       0x46 os_shutdown.o
 .debug_macro   0x00000000       0x10 os_shutdown.o
 .debug_macro   0x00000000       0x10 os_shutdown.o
 .debug_macro   0x00000000       0x28 os_shutdown.o
 .debug_macro   0x00000000       0x1c os_shutdown.o
 .group         0x00000000        0xc os_start_ext_prg.o
 .group         0x00000000        0xc os_start_ext_prg.o
 .group         0x00000000        0xc os_start_ext_prg.o
 .group         0x00000000        0xc os_start_ext_prg.o
 .group         0x00000000        0xc os_start_ext_prg.o
 .group         0x00000000        0xc os_start_ext_prg.o
 .group         0x00000000        0xc os_start_ext_prg.o
 .group         0x00000000        0xc os_start_ext_prg.o
 .debug_macro   0x00000000      0xa42 os_start_ext_prg.o
 .debug_macro   0x00000000       0x4c os_start_ext_prg.o
 .debug_macro   0x00000000       0x8e os_start_ext_prg.o
 .debug_macro   0x00000000       0x46 os_start_ext_prg.o
 .debug_macro   0x00000000       0x10 os_start_ext_prg.o
 .debug_macro   0x00000000       0x10 os_start_ext_prg.o
 .debug_macro   0x00000000       0x28 os_start_ext_prg.o
 .debug_macro   0x00000000       0x1c os_start_ext_prg.o
 .group         0x00000000        0xc os_start_init_hw.o
 .group         0x00000000        0xc os_start_init_hw.o
 .group         0x00000000        0xc os_start_init_hw.o
 .group         0x00000000        0xc os_start_init_hw.o
 .group         0x00000000        0xc os_start_init_hw.o
 .group         0x00000000        0xc os_start_init_hw.o
 .group         0x00000000        0xc os_start_init_hw.o
 .group         0x00000000        0xc os_start_init_hw.o
 .debug_macro   0x00000000      0xa42 os_start_init_hw.o
 .debug_macro   0x00000000       0x4c os_start_init_hw.o
 .debug_macro   0x00000000       0x8e os_start_init_hw.o
 .debug_macro   0x00000000       0x46 os_start_init_hw.o
 .debug_macro   0x00000000       0x10 os_start_init_hw.o
 .debug_macro   0x00000000       0x10 os_start_init_hw.o
 .debug_macro   0x00000000       0x28 os_start_init_hw.o
 .debug_macro   0x00000000       0x1c os_start_init_hw.o
 .group         0x00000000        0xc os_start_init_mc.o
 .group         0x00000000        0xc os_start_init_mc.o
 .group         0x00000000        0xc os_start_init_mc.o
 .group         0x00000000        0xc os_start_init_mc.o
 .group         0x00000000        0xc os_start_init_mc.o
 .group         0x00000000        0xc os_start_init_mc.o
 .group         0x00000000        0xc os_start_init_mc.o
 .group         0x00000000        0xc os_start_init_mc.o
 .debug_macro   0x00000000      0xa42 os_start_init_mc.o
 .debug_macro   0x00000000       0x4c os_start_init_mc.o
 .debug_macro   0x00000000       0x8e os_start_init_mc.o
 .debug_macro   0x00000000       0x46 os_start_init_mc.o
 .debug_macro   0x00000000       0x10 os_start_init_mc.o
 .debug_macro   0x00000000       0x10 os_start_init_mc.o
 .debug_macro   0x00000000       0x28 os_start_init_mc.o
 .debug_macro   0x00000000       0x1c os_start_init_mc.o
 .group         0x00000000        0xc os_start_init_sw.o
 .group         0x00000000        0xc os_start_init_sw.o
 .group         0x00000000        0xc os_start_init_sw.o
 .group         0x00000000        0xc os_start_init_sw.o
 .group         0x00000000        0xc os_start_init_sw.o
 .group         0x00000000        0xc os_start_init_sw.o
 .group         0x00000000        0xc os_start_init_sw.o
 .group         0x00000000        0xc os_start_init_sw.o
 .debug_macro   0x00000000      0xa42 os_start_init_sw.o
 .debug_macro   0x00000000       0x4c os_start_init_sw.o
 .debug_macro   0x00000000       0x8e os_start_init_sw.o
 .debug_macro   0x00000000       0x46 os_start_init_sw.o
 .debug_macro   0x00000000       0x10 os_start_init_sw.o
 .debug_macro   0x00000000       0x10 os_start_init_sw.o
 .debug_macro   0x00000000       0x28 os_start_init_sw.o
 .debug_macro   0x00000000       0x1c os_start_init_sw.o
 .group         0x00000000        0xc os_start_os.o
 .group         0x00000000        0xc os_start_os.o
 .group         0x00000000        0xc os_start_os.o
 .group         0x00000000        0xc os_start_os.o
 .group         0x00000000        0xc os_start_os.o
 .group         0x00000000        0xc os_start_os.o
 .group         0x00000000        0xc os_start_os.o
 .group         0x00000000        0xc os_start_os.o
 .debug_macro   0x00000000      0xa42 os_start_os.o
 .debug_macro   0x00000000       0x4c os_start_os.o
 .debug_macro   0x00000000       0x8e os_start_os.o
 .debug_macro   0x00000000       0x46 os_start_os.o
 .debug_macro   0x00000000       0x10 os_start_os.o
 .debug_macro   0x00000000       0x10 os_start_os.o
 .debug_macro   0x00000000       0x28 os_start_os.o
 .debug_macro   0x00000000       0x1c os_start_os.o
 .group         0x00000000        0xc os_task_common.o
 .group         0x00000000        0xc os_task_common.o
 .group         0x00000000        0xc os_task_common.o
 .group         0x00000000        0xc os_task_common.o
 .group         0x00000000        0xc os_task_common.o
 .group         0x00000000        0xc os_task_common.o
 .group         0x00000000        0xc os_task_common.o
 .group         0x00000000        0xc os_task_common.o
 .group         0x00000000        0xc os_task_common.o
 .debug_macro   0x00000000      0xa42 os_task_common.o
 .debug_macro   0x00000000       0x4c os_task_common.o
 .debug_macro   0x00000000       0x8e os_task_common.o
 .debug_macro   0x00000000       0x46 os_task_common.o
 .debug_macro   0x00000000       0x10 os_task_common.o
 .debug_macro   0x00000000       0x10 os_task_common.o
 .debug_macro   0x00000000       0x28 os_task_common.o
 .debug_macro   0x00000000       0x1c os_task_common.o
 .debug_macro   0x00000000       0x28 os_task_common.o
 .group         0x00000000        0xc os_task_queue.o
 .group         0x00000000        0xc os_task_queue.o
 .group         0x00000000        0xc os_task_queue.o
 .group         0x00000000        0xc os_task_queue.o
 .group         0x00000000        0xc os_task_queue.o
 .group         0x00000000        0xc os_task_queue.o
 .group         0x00000000        0xc os_task_queue.o
 .group         0x00000000        0xc os_task_queue.o
 .group         0x00000000        0xc os_task_queue.o
 .group         0x00000000        0xc os_task_queue.o
 .debug_macro   0x00000000      0xa42 os_task_queue.o
 .debug_macro   0x00000000       0x4c os_task_queue.o
 .debug_macro   0x00000000       0x8e os_task_queue.o
 .debug_macro   0x00000000       0x46 os_task_queue.o
 .debug_macro   0x00000000       0x10 os_task_queue.o
 .debug_macro   0x00000000       0x10 os_task_queue.o
 .debug_macro   0x00000000       0x28 os_task_queue.o
 .debug_macro   0x00000000       0x1c os_task_queue.o
 .debug_macro   0x00000000       0x1c os_task_queue.o
 .debug_macro   0x00000000       0x28 os_task_queue.o
 .group         0x00000000        0xc os_task_scheduler.o
 .group         0x00000000        0xc os_task_scheduler.o
 .group         0x00000000        0xc os_task_scheduler.o
 .group         0x00000000        0xc os_task_scheduler.o
 .group         0x00000000        0xc os_task_scheduler.o
 .group         0x00000000        0xc os_task_scheduler.o
 .group         0x00000000        0xc os_task_scheduler.o
 .group         0x00000000        0xc os_task_scheduler.o
 .group         0x00000000        0xc os_task_scheduler.o
 .group         0x00000000        0xc os_task_scheduler.o
 .debug_macro   0x00000000      0xa42 os_task_scheduler.o
 .debug_macro   0x00000000       0x4c os_task_scheduler.o
 .debug_macro   0x00000000       0x8e os_task_scheduler.o
 .debug_macro   0x00000000       0x46 os_task_scheduler.o
 .debug_macro   0x00000000       0x10 os_task_scheduler.o
 .debug_macro   0x00000000       0x10 os_task_scheduler.o
 .debug_macro   0x00000000       0x28 os_task_scheduler.o
 .debug_macro   0x00000000       0x1c os_task_scheduler.o
 .debug_macro   0x00000000       0x28 os_task_scheduler.o
 .debug_macro   0x00000000       0x1c os_task_scheduler.o
 .group         0x00000000        0xc os_stack.o
 .group         0x00000000        0xc os_stack.o
 .group         0x00000000        0xc os_stack.o
 .group         0x00000000        0xc os_stack.o
 .group         0x00000000        0xc os_stack.o
 .group         0x00000000        0xc os_stack.o
 .group         0x00000000        0xc os_stack.o
 .group         0x00000000        0xc os_stack.o
 .debug_macro   0x00000000      0xa42 os_stack.o
 .debug_macro   0x00000000       0x4c os_stack.o
 .debug_macro   0x00000000       0x8e os_stack.o
 .debug_macro   0x00000000       0x46 os_stack.o
 .debug_macro   0x00000000       0x10 os_stack.o
 .debug_macro   0x00000000       0x10 os_stack.o
 .debug_macro   0x00000000       0x28 os_stack.o
 .debug_macro   0x00000000       0x1c os_stack.o
 .group         0x00000000        0xc os_heap.o
 .group         0x00000000        0xc os_heap.o
 .group         0x00000000        0xc os_heap.o
 .group         0x00000000        0xc os_heap.o
 .group         0x00000000        0xc os_heap.o
 .group         0x00000000        0xc os_heap.o
 .group         0x00000000        0xc os_heap.o
 .group         0x00000000        0xc os_heap.o
 .debug_macro   0x00000000      0xa42 os_heap.o
 .debug_macro   0x00000000       0x4c os_heap.o
 .debug_macro   0x00000000       0x8e os_heap.o
 .debug_macro   0x00000000       0x46 os_heap.o
 .debug_macro   0x00000000       0x10 os_heap.o
 .debug_macro   0x00000000       0x10 os_heap.o
 .debug_macro   0x00000000       0x28 os_heap.o
 .debug_macro   0x00000000       0x1c os_heap.o
 .group         0x00000000        0xc led.o
 .group         0x00000000        0xc led.o
 .group         0x00000000        0xc led.o
 .group         0x00000000        0xc led.o
 .group         0x00000000        0xc led.o
 .group         0x00000000        0xc led.o
 .group         0x00000000        0xc led.o
 .group         0x00000000        0xc led.o
 .debug_macro   0x00000000      0xa42 led.o
 .debug_macro   0x00000000       0x4c led.o
 .debug_macro   0x00000000       0x8e led.o
 .debug_macro   0x00000000       0x46 led.o
 .debug_macro   0x00000000       0x10 led.o
 .debug_macro   0x00000000       0x10 led.o
 .debug_macro   0x00000000       0x28 led.o
 .debug_macro   0x00000000       0x1c led.o
 .group         0x00000000        0xc os_ram.o
 .group         0x00000000        0xc os_ram.o
 .group         0x00000000        0xc os_ram.o
 .group         0x00000000        0xc os_ram.o
 .group         0x00000000        0xc os_ram.o
 .group         0x00000000        0xc os_ram.o
 .group         0x00000000        0xc os_ram.o
 .group         0x00000000        0xc os_ram.o
 .debug_macro   0x00000000      0xa42 os_ram.o
 .debug_macro   0x00000000       0x4c os_ram.o
 .debug_macro   0x00000000       0x8e os_ram.o
 .debug_macro   0x00000000       0x46 os_ram.o
 .debug_macro   0x00000000       0x10 os_ram.o
 .debug_macro   0x00000000       0x10 os_ram.o
 .debug_macro   0x00000000       0x28 os_ram.o
 .debug_macro   0x00000000       0x1c os_ram.o
 .group         0x00000000        0xc os_shared_ram.o
 .group         0x00000000        0xc os_shared_ram.o
 .group         0x00000000        0xc os_shared_ram.o
 .group         0x00000000        0xc os_shared_ram.o
 .group         0x00000000        0xc os_shared_ram.o
 .group         0x00000000        0xc os_shared_ram.o
 .group         0x00000000        0xc os_shared_ram.o
 .group         0x00000000        0xc os_shared_ram.o
 .debug_macro   0x00000000      0xa42 os_shared_ram.o
 .debug_macro   0x00000000       0x4c os_shared_ram.o
 .debug_macro   0x00000000       0x8e os_shared_ram.o
 .debug_macro   0x00000000       0x46 os_shared_ram.o
 .debug_macro   0x00000000       0x10 os_shared_ram.o
 .debug_macro   0x00000000       0x10 os_shared_ram.o
 .debug_macro   0x00000000       0x28 os_shared_ram.o
 .debug_macro   0x00000000       0x1c os_shared_ram.o

Memory Configuration

Name             Origin             Length             Attributes
rom              0x08000000         0x00100000
ram              0x20000000         0x00030000
*default*        0x00000000         0xffffffff

Linker script and memory map


.text           0x08000000    0x1a7cc
                0x08000000                _ivec_start = .
 os_exception_table.o()
 .text          0x08000000        0x0 os_exception_table.o
 .data          0x08000000      0x400 os_exception_table.o
                0x08000000                isr_vec_table
 .bss           0x08000400        0x0 os_exception_table.o
 .debug_info    0x08000400      0x6a2 os_exception_table.o
 .debug_abbrev  0x08000aa2      0x104 os_exception_table.o
 .debug_aranges
                0x08000ba6       0x18 os_exception_table.o
 .debug_macro   0x08000bbe       0xa8 os_exception_table.o
 .debug_macro   0x08000c66      0xa42 os_exception_table.o
 .debug_macro   0x080016a8       0x4c os_exception_table.o
 .debug_macro   0x080016f4       0x8e os_exception_table.o
 .debug_macro   0x08001782       0x46 os_exception_table.o
 .debug_macro   0x080017c8       0x10 os_exception_table.o
 .debug_macro   0x080017d8       0x10 os_exception_table.o
 .debug_macro   0x080017e8       0x28 os_exception_table.o
 .debug_macro   0x08001810       0x1c os_exception_table.o
 .debug_line    0x0800182c      0x1ec os_exception_table.o
 .debug_str     0x08001a18     0x3992 os_exception_table.o
                               0x3a59 (size before relaxing)
 .comment       0x080053aa       0x7f os_exception_table.o
                                 0x80 (size before relaxing)
 .ARM.attributes
                0x08005429       0x33 os_exception_table.o
 .iplt          0x0800545c        0x0 os_exception_table.o
 .rel.iplt      0x0800545c        0x0 os_exception_table.o
 .igot.plt      0x0800545c        0x0 os_exception_table.o
                0x0800545c                _ivec_end = .
                [!provide]                PROVIDE (ivec_start = .)
                [!provide]                PROVIDE (ivec_end = .)
                0x0800545c                _const_start = .
 os_const.o()
 .text          0x0800545c        0x0 os_const.o
 .data          0x0800545c        0x0 os_const.o
 .bss           0x0800545c        0x0 os_const.o
 .debug_info    0x0800545c      0x664 os_const.o
 .debug_abbrev  0x08005ac0       0xec os_const.o
 .debug_aranges
                0x08005bac       0x18 os_const.o
 .debug_macro   0x08005bc4       0x9e os_const.o
 .debug_line    0x08005c62      0x1c4 os_const.o
 .debug_str     0x08005e26       0x46 os_const.o
                               0x3a12 (size before relaxing)
 .comment       0x08005e6c       0x80 os_const.o
 .ARM.attributes
                0x08005e6c       0x33 os_const.o
                0x08005eec                _const_end = .
                [!provide]                PROVIDE (const_start = .)
                [!provide]                PROVIDE (const_end = .)
                0x08005eec                _code_start = .
 lld_global.o()
 *fill*         0x08005e9f        0x1 
 .text          0x08005ea0      0x14c E:\NeuOrga\Programmieren\c_cpp\github_os\output\os_drivers\obj_arm\lld_global.o
                0x08005ea0                OS_GetCoreId
                0x08005ea6                LLF_SAVE_TASK_STACK
                0x08005eac                LLF_SAVE_REGISTERS
                0x08005ee6                LLF_RESTORE_TASK_STACK
                0x08005eec                LLF_RESTORE_REGISTERS
                0x08005f0e                LLF_RESTORE_SYSTEM_STACK
                0x08005f14                LLF_SAVE_SYSTEM_STACK
                0x08005f1a                LLF_CLEAR_ALL_GP_REGISTERS
                0x08005f4c                LLF_PERFORM_RAM_CHECK
                0x08005f98                LLF_CHANGE_TO_UNPRIVILIGED_THREAD_MODE
 .data          0x08005fec        0x0 E:\NeuOrga\Programmieren\c_cpp\github_os\output\os_drivers\obj_arm\lld_global.o
 .bss           0x08005fec        0x0 E:\NeuOrga\Programmieren\c_cpp\github_os\output\os_drivers\obj_arm\lld_global.o
 .debug_line    0x08005fec       0xf6 E:\NeuOrga\Programmieren\c_cpp\github_os\output\os_drivers\obj_arm\lld_global.o
 .debug_info    0x080060e2       0x26 E:\NeuOrga\Programmieren\c_cpp\github_os\output\os_drivers\obj_arm\lld_global.o
 .debug_abbrev  0x08006108       0x14 E:\NeuOrga\Programmieren\c_cpp\github_os\output\os_drivers\obj_arm\lld_global.o
 *fill*         0x0800611c        0x4 
 .debug_aranges
                0x08006120       0x20 E:\NeuOrga\Programmieren\c_cpp\github_os\output\os_drivers\obj_arm\lld_global.o
 .debug_str     0x08006140       0x59 E:\NeuOrga\Programmieren\c_cpp\github_os\output\os_drivers\obj_arm\lld_global.o
                                 0x91 (size before relaxing)
 .ARM.attributes
                0x08006199       0x21 E:\NeuOrga\Programmieren\c_cpp\github_os\output\os_drivers\obj_arm\lld_global.o
 lld_interrupt.o()
 .text          0x080061ba       0x14 E:\NeuOrga\Programmieren\c_cpp\github_os\output\os_drivers\obj_arm\lld_interrupt.o
                0x080061ba                LLF_INT_DISABLE
                0x080061c0                LLF_INT_ENABLE
                0x080061c6                LLF_DISABLE_INTERRUPTS_ALL_CORES
                0x080061cc                LLF_WAIT_FOR_INTERRUPT
 .data          0x080061ce        0x0 E:\NeuOrga\Programmieren\c_cpp\github_os\output\os_drivers\obj_arm\lld_interrupt.o
 .bss           0x080061ce        0x0 E:\NeuOrga\Programmieren\c_cpp\github_os\output\os_drivers\obj_arm\lld_interrupt.o
 .debug_line    0x080061ce       0x85 E:\NeuOrga\Programmieren\c_cpp\github_os\output\os_drivers\obj_arm\lld_interrupt.o
 .debug_info    0x08006253       0x26 E:\NeuOrga\Programmieren\c_cpp\github_os\output\os_drivers\obj_arm\lld_interrupt.o
 .debug_abbrev  0x08006279       0x14 E:\NeuOrga\Programmieren\c_cpp\github_os\output\os_drivers\obj_arm\lld_interrupt.o
 *fill*         0x0800628d        0x3 
 .debug_aranges
                0x08006290       0x20 E:\NeuOrga\Programmieren\c_cpp\github_os\output\os_drivers\obj_arm\lld_interrupt.o
 .debug_str     0x080062b0       0x4e E:\NeuOrga\Programmieren\c_cpp\github_os\output\os_drivers\obj_arm\lld_interrupt.o
                                 0x94 (size before relaxing)
 .ARM.attributes
                0x080062fe       0x21 E:\NeuOrga\Programmieren\c_cpp\github_os\output\os_drivers\obj_arm\lld_interrupt.o
 lld_mmu.o()
 *fill*         0x0800631f        0x1 
 .text          0x08006320       0xb4 E:\NeuOrga\Programmieren\c_cpp\github_os\output\os_drivers\obj_arm\lld_mmu.o
                0x08006320                LLF_MPU_DISABLE
                0x0800635e                LLF_MPU_ENABLE
                0x0800639c                LLF_GET_MPU_PRESENT
 .data          0x080063d4        0x0 E:\NeuOrga\Programmieren\c_cpp\github_os\output\os_drivers\obj_arm\lld_mmu.o
 .bss           0x080063d4        0x0 E:\NeuOrga\Programmieren\c_cpp\github_os\output\os_drivers\obj_arm\lld_mmu.o
 .debug_line    0x080063d4       0xad E:\NeuOrga\Programmieren\c_cpp\github_os\output\os_drivers\obj_arm\lld_mmu.o
 .debug_info    0x08006481       0x26 E:\NeuOrga\Programmieren\c_cpp\github_os\output\os_drivers\obj_arm\lld_mmu.o
 .debug_abbrev  0x080064a7       0x14 E:\NeuOrga\Programmieren\c_cpp\github_os\output\os_drivers\obj_arm\lld_mmu.o
 *fill*         0x080064bb        0x5 
 .debug_aranges
                0x080064c0       0x20 E:\NeuOrga\Programmieren\c_cpp\github_os\output\os_drivers\obj_arm\lld_mmu.o
 .debug_str     0x080064e0       0x48 E:\NeuOrga\Programmieren\c_cpp\github_os\output\os_drivers\obj_arm\lld_mmu.o
                                 0x8e (size before relaxing)
 .ARM.attributes
                0x08006528       0x21 E:\NeuOrga\Programmieren\c_cpp\github_os\output\os_drivers\obj_arm\lld_mmu.o
 lld_ram.o()
 *fill*         0x08006549        0x3 
 .text          0x0800654c       0xa0 E:\NeuOrga\Programmieren\c_cpp\github_os\output\os_drivers\obj_arm\lld_ram.o
                0x0800654c                INIT_OS_STACK
                0x08006566                LLF_CLEAR_ALL_RAM
 .data          0x080065ec        0x0 E:\NeuOrga\Programmieren\c_cpp\github_os\output\os_drivers\obj_arm\lld_ram.o
 .bss           0x080065ec        0x0 E:\NeuOrga\Programmieren\c_cpp\github_os\output\os_drivers\obj_arm\lld_ram.o
 .debug_line    0x080065ec       0xad E:\NeuOrga\Programmieren\c_cpp\github_os\output\os_drivers\obj_arm\lld_ram.o
 .debug_info    0x08006699       0x26 E:\NeuOrga\Programmieren\c_cpp\github_os\output\os_drivers\obj_arm\lld_ram.o
 .debug_abbrev  0x080066bf       0x14 E:\NeuOrga\Programmieren\c_cpp\github_os\output\os_drivers\obj_arm\lld_ram.o
 *fill*         0x080066d3        0x5 
 .debug_aranges
                0x080066d8       0x20 E:\NeuOrga\Programmieren\c_cpp\github_os\output\os_drivers\obj_arm\lld_ram.o
 .debug_str     0x080066f8       0x48 E:\NeuOrga\Programmieren\c_cpp\github_os\output\os_drivers\obj_arm\lld_ram.o
                                 0x8e (size before relaxing)
 .ARM.attributes
                0x08006740       0x21 E:\NeuOrga\Programmieren\c_cpp\github_os\output\os_drivers\obj_arm\lld_ram.o
 lld_timer.o()
 .text          0x08006761        0x0 E:\NeuOrga\Programmieren\c_cpp\github_os\output\os_drivers\obj_arm\lld_timer.o
 .data          0x08006761        0x0 E:\NeuOrga\Programmieren\c_cpp\github_os\output\os_drivers\obj_arm\lld_timer.o
 .bss           0x08006761        0x0 E:\NeuOrga\Programmieren\c_cpp\github_os\output\os_drivers\obj_arm\lld_timer.o
 .ARM.attributes
                0x08006761       0x21 E:\NeuOrga\Programmieren\c_cpp\github_os\output\os_drivers\obj_arm\lld_timer.o
 lld_power.o()
 *fill*         0x08006782        0x2 
 .text          0x08006784       0x20 E:\NeuOrga\Programmieren\c_cpp\github_os\output\os_drivers\obj_arm\lld_power.o
                0x08006784                LLF_MCU_SWITCH_OFF_POWER
                0x0800678a                LLF_MCU_RESET_POWER
 .data          0x080067a4        0x0 E:\NeuOrga\Programmieren\c_cpp\github_os\output\os_drivers\obj_arm\lld_power.o
 .bss           0x080067a4        0x0 E:\NeuOrga\Programmieren\c_cpp\github_os\output\os_drivers\obj_arm\lld_power.o
 .debug_line    0x080067a4       0x87 E:\NeuOrga\Programmieren\c_cpp\github_os\output\os_drivers\obj_arm\lld_power.o
 .debug_info    0x0800682b       0x26 E:\NeuOrga\Programmieren\c_cpp\github_os\output\os_drivers\obj_arm\lld_power.o
 .debug_abbrev  0x08006851       0x14 E:\NeuOrga\Programmieren\c_cpp\github_os\output\os_drivers\obj_arm\lld_power.o
 *fill*         0x08006865        0x3 
 .debug_aranges
                0x08006868       0x20 E:\NeuOrga\Programmieren\c_cpp\github_os\output\os_drivers\obj_arm\lld_power.o
 .debug_str     0x08006888       0x4a E:\NeuOrga\Programmieren\c_cpp\github_os\output\os_drivers\obj_arm\lld_power.o
                                 0x90 (size before relaxing)
 .ARM.attributes
                0x080068d2       0x21 E:\NeuOrga\Programmieren\c_cpp\github_os\output\os_drivers\obj_arm\lld_power.o
 os_exception_reset.o()
 *fill*         0x080068f3        0x1 
 .text          0x080068f4       0xbc E:\NeuOrga\Programmieren\c_cpp\github_os\output\os_drivers\obj_arm\os_exception_reset.o
                0x080068f4                OS_Exception_RESET
 .data          0x080069b0        0x0 E:\NeuOrga\Programmieren\c_cpp\github_os\output\os_drivers\obj_arm\os_exception_reset.o
 .bss           0x080069b0        0x0 E:\NeuOrga\Programmieren\c_cpp\github_os\output\os_drivers\obj_arm\os_exception_reset.o
 .debug_line    0x080069b0       0xbe E:\NeuOrga\Programmieren\c_cpp\github_os\output\os_drivers\obj_arm\os_exception_reset.o
 .debug_info    0x08006a6e       0x26 E:\NeuOrga\Programmieren\c_cpp\github_os\output\os_drivers\obj_arm\os_exception_reset.o
 .debug_abbrev  0x08006a94       0x14 E:\NeuOrga\Programmieren\c_cpp\github_os\output\os_drivers\obj_arm\os_exception_reset.o
 .debug_aranges
                0x08006aa8       0x20 E:\NeuOrga\Programmieren\c_cpp\github_os\output\os_drivers\obj_arm\os_exception_reset.o
 .debug_str     0x08006ac8       0x50 E:\NeuOrga\Programmieren\c_cpp\github_os\output\os_drivers\obj_arm\os_exception_reset.o
                                 0x96 (size before relaxing)
 .ARM.attributes
                0x08006b18       0x21 E:\NeuOrga\Programmieren\c_cpp\github_os\output\os_drivers\obj_arm\os_exception_reset.o
 os_common.o()
 *fill*         0x08006b39        0x3 
 .text          0x08006b3c       0x10 os_common.o
                0x08006b3c                OS_SetSwBug
                0x08006b48                OS_GetCurrentTime
 .data          0x08006b4c        0x0 os_common.o
 .bss           0x08006b4c        0x0 os_common.o
 .debug_info    0x08006b4c      0x709 os_common.o
 .debug_abbrev  0x08007255      0x131 os_common.o
 .debug_aranges
                0x08007386       0x20 os_common.o
 .debug_macro   0x080073a6       0xa2 os_common.o
 .debug_macro   0x08007448       0x88 os_common.o
 .debug_macro   0x080074d0       0x16 os_common.o
 .debug_line    0x080074e6      0x1ea os_common.o
 .debug_str     0x080076d0      0x201 os_common.o
                               0x3b5f (size before relaxing)
 .comment       0x080078d1       0x80 os_common.o
 *fill*         0x080078d1        0x3 
 .debug_frame   0x080078d4       0x30 os_common.o
 .ARM.attributes
                0x08007904       0x33 os_common.o
 os_exception.o()
 *fill*         0x08007937        0x1 
 .text          0x08007938      0x3f8 os_exception.o
                0x08007938                OS_Exception_HARDFAULT
                0x080079b8                OS_Exception_NMI
                0x08007a38                OS_Exception_SWI
                0x08007a48                OS_Exception_BUS_FAULT
                0x08007ac8                OS_Exception_DEBUG
                0x08007b3c                OS_Exception_MEM_MANAG_FAULT
                0x08007bbc                OS_Exception_USAGE_FAULT
                0x08007c3c                OS_Exception_PendSV
                0x08007c44                OS_Exception_Systick
                0x08007d28                OS_Exception_IRQ
                0x08007d2c                OS_Exception_FIQ
 .data          0x08007d30        0x0 os_exception.o
 .bss           0x08007d30        0x0 os_exception.o
 .debug_info    0x08007d30      0x8bf os_exception.o
 .debug_abbrev  0x080085ef      0x1c9 os_exception.o
 .debug_loc     0x080087b8       0x2a os_exception.o
 .debug_aranges
                0x080087e2       0x20 os_exception.o
 .debug_macro   0x08008802      0x13b os_exception.o
 .debug_macro   0x0800893d      0xa3c os_exception.o
 .debug_macro   0x08009379       0x1c os_exception.o
 .debug_macro   0x08009395       0x28 os_exception.o
 .debug_line    0x080093bd      0x2cd os_exception.o
 .debug_str     0x0800968a      0x708 os_exception.o
                               0x408b (size before relaxing)
 .comment       0x08009d92       0x80 os_exception.o
 *fill*         0x08009d92        0x2 
 .debug_frame   0x08009d94      0x138 os_exception.o
 .ARM.attributes
                0x08009ecc       0x33 os_exception.o
 os_exception_isr_handler.o()
 *fill*         0x08009eff        0x1 
 .text          0x08009f00        0x4 os_exception_isr_handler.o
                0x08009f00                OS_ISRHANDLERC0
 .data          0x08009f04        0x0 os_exception_isr_handler.o
 .bss           0x08009f04        0x0 os_exception_isr_handler.o
 .debug_info    0x08009f04      0x67d os_exception_isr_handler.o
 .debug_abbrev  0x0800a581      0x108 os_exception_isr_handler.o
 .debug_aranges
                0x0800a689       0x20 os_exception_isr_handler.o
 .debug_macro   0x0800a6a9       0xab os_exception_isr_handler.o
 .debug_line    0x0800a754      0x20d os_exception_isr_handler.o
 .debug_str     0x0800a961       0x56 os_exception_isr_handler.o
                               0x3aa2 (size before relaxing)
 .comment       0x0800a9b7       0x80 os_exception_isr_handler.o
 *fill*         0x0800a9b7        0x1 
 .debug_frame   0x0800a9b8       0x20 os_exception_isr_handler.o
 .ARM.attributes
                0x0800a9d8       0x33 os_exception_isr_handler.o
 os_exception_table.o()
 os_init_task_system.o()
 *fill*         0x0800aa0b        0x1 
 .text          0x0800aa0c        0x4 os_init_task_system.o
                0x0800aa0c                OS_InitTaskSystem
 .data          0x0800aa10        0x0 os_init_task_system.o
 .bss           0x0800aa10        0x0 os_init_task_system.o
 .debug_info    0x0800aa10      0x696 os_init_task_system.o
 .debug_abbrev  0x0800b0a6      0x129 os_init_task_system.o
 .debug_aranges
                0x0800b1cf       0x20 os_init_task_system.o
 .debug_macro   0x0800b1ef       0xb1 os_init_task_system.o
 .debug_macro   0x0800b2a0       0x22 os_init_task_system.o
 .debug_line    0x0800b2c2      0x208 os_init_task_system.o
 .debug_str     0x0800b4ca       0x70 os_init_task_system.o
                               0x3aac (size before relaxing)
 .comment       0x0800b53a       0x80 os_init_task_system.o
 *fill*         0x0800b53a        0x2 
 .debug_frame   0x0800b53c       0x20 os_init_task_system.o
 .ARM.attributes
                0x0800b55c       0x33 os_init_task_system.o
 os_main.o()
 *fill*         0x0800b58f        0x1 
 .text          0x0800b590       0xc8 os_main.o
                0x0800b590                OS_StateHandler
 .data          0x0800b658        0x0 os_main.o
 .bss           0x0800b658        0x8 os_main.o
 .debug_info    0x0800b660      0x861 os_main.o
 .debug_abbrev  0x0800bec1      0x188 os_main.o
 .debug_aranges
                0x0800c049       0x20 os_main.o
 .debug_macro   0x0800c069       0xdc os_main.o
 .debug_line    0x0800c145      0x28d os_main.o
 .debug_str     0x0800c3d2      0x1c8 os_main.o
                               0x3d09 (size before relaxing)
 .comment       0x0800c59a       0x80 os_main.o
 *fill*         0x0800c59a        0x2 
 .debug_frame   0x0800c59c       0x2c os_main.o
 .ARM.attributes
                0x0800c5c8       0x33 os_main.o
 os_memory_mmu_setup.o()
 *fill*         0x0800c5fb        0x1 
 .text          0x0800c5fc        0x4 os_memory_mmu_setup.o
                0x0800c5fc                OS_MmuSetup
 .data          0x0800c600        0x0 os_memory_mmu_setup.o
 .bss           0x0800c600        0x0 os_memory_mmu_setup.o
 .debug_info    0x0800c600      0x675 os_memory_mmu_setup.o
 .debug_abbrev  0x0800cc75      0x129 os_memory_mmu_setup.o
 .debug_aranges
                0x0800cd9e       0x20 os_memory_mmu_setup.o
 .debug_macro   0x0800cdbe       0x9e os_memory_mmu_setup.o
 .debug_line    0x0800ce5c      0x1e1 os_memory_mmu_setup.o
 .debug_str     0x0800d03d       0x6c os_memory_mmu_setup.o
                               0x39e2 (size before relaxing)
 .comment       0x0800d0a9       0x80 os_memory_mmu_setup.o
 *fill*         0x0800d0a9        0x3 
 .debug_frame   0x0800d0ac       0x20 os_memory_mmu_setup.o
 .ARM.attributes
                0x0800d0cc       0x33 os_memory_mmu_setup.o
 os_shutdown.o()
 *fill*         0x0800d0ff        0x1 
 .text          0x0800d100       0x50 os_shutdown.o
                0x0800d100                OS_DeinitMc
                0x0800d110                OS_Shutdown
 .data          0x0800d150        0x0 os_shutdown.o
 .bss           0x0800d150        0x0 os_shutdown.o
 .debug_info    0x0800d150      0x84f os_shutdown.o
 .debug_abbrev  0x0800d99f      0x1a6 os_shutdown.o
 .debug_loc     0x0800db45       0x21 os_shutdown.o
 .debug_aranges
                0x0800db66       0x20 os_shutdown.o
 .debug_macro   0x0800db86       0xb2 os_shutdown.o
 .debug_line    0x0800dc38      0x214 os_shutdown.o
 .debug_str     0x0800de4c      0x128 os_shutdown.o
                               0x3cc6 (size before relaxing)
 .comment       0x0800df74       0x80 os_shutdown.o
 .debug_frame   0x0800df74       0x4c os_shutdown.o
 .ARM.attributes
                0x0800dfc0       0x33 os_shutdown.o
 os_start_ext_prg.o()
 *fill*         0x0800dff3        0x1 
 .text          0x0800dff4       0x10 os_start_ext_prg.o
                0x0800dff4                OS_StartExtPrg
 .data          0x0800e004        0x0 os_start_ext_prg.o
 .bss           0x0800e004        0x0 os_start_ext_prg.o
 .debug_info    0x0800e004      0x710 os_start_ext_prg.o
 .debug_abbrev  0x0800e714      0x16b os_start_ext_prg.o
 .debug_loc     0x0800e87f       0x79 os_start_ext_prg.o
 .debug_aranges
                0x0800e8f8       0x20 os_start_ext_prg.o
 .debug_macro   0x0800e918       0x9e os_start_ext_prg.o
 .debug_line    0x0800e9b6      0x1e0 os_start_ext_prg.o
 .debug_str     0x0800eb96       0x81 os_start_ext_prg.o
                               0x3a77 (size before relaxing)
 .comment       0x0800ec17       0x80 os_start_ext_prg.o
 *fill*         0x0800ec17        0x1 
 .debug_frame   0x0800ec18       0x30 os_start_ext_prg.o
 .ARM.attributes
                0x0800ec48       0x33 os_start_ext_prg.o
 os_start_init_hw.o()
 *fill*         0x0800ec7b        0x1 
 .text          0x0800ec7c        0x4 os_start_init_hw.o
                0x0800ec7c                OS_InitHw
 .data          0x0800ec80        0x0 os_start_init_hw.o
 .bss           0x0800ec80        0x0 os_start_init_hw.o
 .debug_info    0x0800ec80      0x67d os_start_init_hw.o
 .debug_abbrev  0x0800f2fd      0x108 os_start_init_hw.o
 .debug_aranges
                0x0800f405       0x20 os_start_init_hw.o
 .debug_macro   0x0800f425       0x9e os_start_init_hw.o
 .debug_line    0x0800f4c3      0x1da os_start_init_hw.o
 .debug_str     0x0800f69d       0x4e os_start_init_hw.o
                               0x3a24 (size before relaxing)
 .comment       0x0800f6eb       0x80 os_start_init_hw.o
 *fill*         0x0800f6eb        0x1 
 .debug_frame   0x0800f6ec       0x20 os_start_init_hw.o
 .ARM.attributes
                0x0800f70c       0x33 os_start_init_hw.o
 os_start_init_mc.o()
 *fill*         0x0800f73f        0x1 
 .text          0x0800f740        0x4 os_start_init_mc.o
                0x0800f740                OS_InitMc
 .data          0x0800f744        0x0 os_start_init_mc.o
 .bss           0x0800f744        0x0 os_start_init_mc.o
 .debug_info    0x0800f744      0x696 os_start_init_mc.o
 .debug_abbrev  0x0800fdda      0x129 os_start_init_mc.o
 .debug_aranges
                0x0800ff03       0x20 os_start_init_mc.o
 .debug_macro   0x0800ff23       0xb2 os_start_init_mc.o
 .debug_line    0x0800ffd5      0x209 os_start_init_mc.o
 .debug_str     0x080101de       0x67 os_start_init_mc.o
                               0x3a5f (size before relaxing)
 .comment       0x08010245       0x80 os_start_init_mc.o
 *fill*         0x08010245        0x3 
 .debug_frame   0x08010248       0x20 os_start_init_mc.o
 .ARM.attributes
                0x08010268       0x33 os_start_init_mc.o
 os_start_init_sw.o()
 *fill*         0x0801029b        0x1 
 .text          0x0801029c       0x64 os_start_init_sw.o
                0x0801029c                OS_InitSw
 .data          0x08010300        0x0 os_start_init_sw.o
 .bss           0x08010300        0x0 os_start_init_sw.o
 .debug_info    0x08010300      0x6a3 os_start_init_sw.o
 .debug_abbrev  0x080109a3      0x135 os_start_init_sw.o
 .debug_loc     0x08010ad8       0xbc os_start_init_sw.o
 .debug_aranges
                0x08010b94       0x20 os_start_init_sw.o
 .debug_macro   0x08010bb4       0x9e os_start_init_sw.o
 .debug_line    0x08010c52      0x1ee os_start_init_sw.o
 .debug_str     0x08010e40       0x4e os_start_init_sw.o
                               0x3a36 (size before relaxing)
 .comment       0x08010e8e       0x80 os_start_init_sw.o
 *fill*         0x08010e8e        0x2 
 .debug_frame   0x08010e90       0x30 os_start_init_sw.o
 .ARM.attributes
                0x08010ec0       0x33 os_start_init_sw.o
 os_start_os.o()
 *fill*         0x08010ef3        0x1 
 .text          0x08010ef4       0x70 os_start_os.o
                0x08010ef4                OS_StartOs
 .data          0x08010f64        0x0 os_start_os.o
 .bss           0x08010f64        0x0 os_start_os.o
 .debug_info    0x08010f64      0x696 os_start_os.o
 .debug_abbrev  0x080115fa      0x129 os_start_os.o
 .debug_aranges
                0x08011723       0x20 os_start_os.o
 .debug_macro   0x08011743       0xc0 os_start_os.o
 .debug_line    0x08011803      0x202 os_start_os.o
 .debug_str     0x08011a05      0x233 os_start_os.o
                               0x3c0f (size before relaxing)
 .comment       0x08011c38       0x80 os_start_os.o
 .debug_frame   0x08011c38       0x3c os_start_os.o
 .ARM.attributes
                0x08011c74       0x33 os_start_os.o
 os_task_common.o()
 *fill*         0x08011ca7        0x1 
 .text          0x08011ca8       0xb8 os_task_common.o
                0x08011ca8                OS_TaskSaveTaskEnvironment
                0x08011ccc                OS_TASK_RESTORETASK_ENVIRONMENT
                0x08011cec                OS_TASK_RESTORE_SYSTEM_STACK
                0x08011cf0                OS_TASK_SAVE_SYSTEM_STACK
                0x08011cf4                OS_Task_InitTaskEnvironment
 .data          0x08011d60        0x0 os_task_common.o
 .bss           0x08011d60        0x0 os_task_common.o
 .debug_info    0x08011d60      0x89c os_task_common.o
 .debug_abbrev  0x080125fc      0x17a os_task_common.o
 .debug_loc     0x08012776       0xf8 os_task_common.o
 .debug_aranges
                0x0801286e       0x20 os_task_common.o
 .debug_macro   0x0801288e       0xaf os_task_common.o
 .debug_line    0x0801293d      0x25f os_task_common.o
 .debug_str     0x08012b9c      0x136 os_task_common.o
                               0x3d39 (size before relaxing)
 .comment       0x08012cd2       0x80 os_task_common.o
 *fill*         0x08012cd2        0x2 
 .debug_frame   0x08012cd4       0x90 os_task_common.o
 .ARM.attributes
                0x08012d64       0x33 os_task_common.o
 *fill*         0x08012d97        0x1 
 COMMON         0x08012d98       0x28 os_task_common.o
                0x08012d98                TASK_PTR
 os_task_queue.o()
 .text          0x08012dc0      0x538 os_task_queue.o
                0x08012dc0                SET_RUNNING_TASK
                0x08012ea0                OS_InitTaskQueue
                0x08012ee0                AddToTaskQueue
                0x0801303c                DeleteFromTaskQueue
                0x0801308c                GetFromTaskQueue
                0x08013090                GetFromSchedulingQueue
                0x0801309c                DeleteFromSchedulingQueue
                0x080130a4                AddToSchedulingQueue
                0x080130fc                UpdateSchedulingQueue
                0x0801318c                GetIdleTask
                0x08013194                AddToIdleTaskQueue
                0x08013264                GetRunningTask
                0x0801326c                GetRunningSchedulingQueueElementPtr
                0x08013278                OS_InitTask
 .data          0x080132f8        0x0 os_task_queue.o
 .bss           0x080132f8        0x0 os_task_queue.o
 .debug_info    0x080132f8      0xa71 os_task_queue.o
 .debug_abbrev  0x08013d69      0x20d os_task_queue.o
 .debug_loc     0x08013f76      0x573 os_task_queue.o
 .debug_aranges
                0x080144e9       0x20 os_task_queue.o
 .debug_macro   0x08014509       0xb4 os_task_queue.o
 .debug_line    0x080145bd      0x391 os_task_queue.o
 .debug_str     0x0801494e      0x1f3 os_task_queue.o
                               0x3eb8 (size before relaxing)
 .comment       0x08014b41       0x80 os_task_queue.o
 *fill*         0x08014b41        0x3 
 .debug_frame   0x08014b44      0x1a0 os_task_queue.o
 .ARM.attributes
                0x08014ce4       0x33 os_task_queue.o
 os_task_scheduler.o()
 *fill*         0x08014d17        0x1 
 .text          0x08014d18      0x694 os_task_scheduler.o
                0x08014e84                OS_ActivateDispatcher
                0x08014eb8                OS_SleepTask
                0x08014f1c                task_state_request
                0x08014fa0                OS_CreateTask
                0x08014fd4                OS_ActivateTask
                0x08015048                OS_StartTask
                0x080150d4                OS_TerminateTask
                0x08015144                OS_TaskDispatcher
                0x080152ac                OS_InitTasks
 .data          0x080153ac        0x0 os_task_scheduler.o
 .bss           0x080153ac        0x0 os_task_scheduler.o
 .debug_info    0x080153ac     0x133b os_task_scheduler.o
 .debug_abbrev  0x080166e7      0x348 os_task_scheduler.o
 .debug_loc     0x08016a2f      0xa65 os_task_scheduler.o
 .debug_aranges
                0x08017494       0x20 os_task_scheduler.o
 .debug_ranges  0x080174b4       0xb8 os_task_scheduler.o
 .debug_macro   0x0801756c       0xe0 os_task_scheduler.o
 .debug_line    0x0801764c      0x435 os_task_scheduler.o
 .debug_str     0x08017a81      0x150 os_task_scheduler.o
                               0x4136 (size before relaxing)
 .comment       0x08017bd1       0x80 os_task_scheduler.o
 *fill*         0x08017bd1        0x3 
 .debug_frame   0x08017bd4      0x324 os_task_scheduler.o
 .ARM.attributes
                0x08017ef8       0x33 os_task_scheduler.o
 os_stack.o()
 *fill*         0x08017f2b        0x1 
 .text          0x08017f2c       0xc8 os_stack.o
                0x08017f2c                OS_StackCheck
                0x08017f9c                OS_StackChkPatternInit
 .data          0x08017ff4        0x0 os_stack.o
 .bss           0x08017ff4       0x14 os_stack.o
 .debug_info    0x08018008      0x796 os_stack.o
 .debug_abbrev  0x0801879e      0x14c os_stack.o
 .debug_aranges
                0x080188ea       0x20 os_stack.o
 .debug_macro   0x0801890a       0x9e os_stack.o
 .debug_line    0x080189a8      0x222 os_stack.o
 .debug_str     0x08018bca       0x5c os_stack.o
                               0x3bd8 (size before relaxing)
 .comment       0x08018c26       0x80 os_stack.o
 *fill*         0x08018c26        0x2 
 .debug_frame   0x08018c28       0x5c os_stack.o
 .ARM.attributes
                0x08018c84       0x33 os_stack.o
 os_heap.o()
 *fill*         0x08018cb7        0x1 
 .text          0x08018cb8        0x0 os_heap.o
 .data          0x08018cb8        0x0 os_heap.o
 .bss           0x08018cb8        0x0 os_heap.o
 .debug_info    0x08018cb8      0x664 os_heap.o
 .debug_abbrev  0x0801931c       0xec os_heap.o
 .debug_aranges
                0x08019408       0x18 os_heap.o
 .debug_macro   0x08019420       0xa2 os_heap.o
 .debug_line    0x080194c2      0x1c3 os_heap.o
 .debug_str     0x08019685       0x45 os_heap.o
                               0x3a11 (size before relaxing)
 .comment       0x080196ca       0x80 os_heap.o
 .ARM.attributes
                0x080196ca       0x33 os_heap.o
 led.o()
 *fill*         0x080196fd        0x3 
 .text          0x08019700       0x10 led.o
                0x08019700                USER_LED_INIT
                0x08019704                USER_LED_ON
                0x08019708                USER_LED_OFF
                0x0801970c                USER_LED_TOGGLE
 .data          0x08019710        0x0 led.o
 .bss           0x08019710        0x0 led.o
 .debug_info    0x08019710      0x713 led.o
 .debug_abbrev  0x08019e23      0x14b led.o
 .debug_loc     0x08019f6e       0x21 led.o
 .debug_aranges
                0x08019f8f       0x20 led.o
 .debug_ranges  0x08019faf       0x10 led.o
 .debug_macro   0x08019fbf       0xa2 led.o
 .debug_line    0x0801a061      0x1c5 led.o
 .debug_str     0x0801a226       0x97 led.o
                               0x3a63 (size before relaxing)
 .comment       0x0801a2bd       0x80 led.o
 *fill*         0x0801a2bd        0x3 
 .debug_frame   0x0801a2c0       0x50 led.o
 .ARM.attributes
                0x0801a310       0x33 led.o
                0x0801a343                _code_end = .
                [!provide]                PROVIDE (code_start = .)
                [!provide]                PROVIDE (code_end = .)
 *fill*         0x0801a343        0x1 
 .text          0x0801a344      0x378 d:/programm/gnu tools arm embedded/7 2018-q2-update/bin/../lib/gcc/arm-none-eabi/7.3.1/thumb/v7e-m\libgcc.a(_arm_addsubdf3.o)
                0x0801a344                __aeabi_drsub
                0x0801a34c                __aeabi_dsub
                0x0801a34c                __subdf3
                0x0801a350                __aeabi_dadd
                0x0801a350                __adddf3
                0x0801a5c8                __floatunsidf
                0x0801a5c8                __aeabi_ui2d
                0x0801a5e8                __floatsidf
                0x0801a5e8                __aeabi_i2d
                0x0801a60c                __aeabi_f2d
                0x0801a60c                __extendsfdf2
                0x0801a650                __floatundidf
                0x0801a650                __aeabi_ul2d
                0x0801a660                __floatdidf
                0x0801a660                __aeabi_l2d
 .text          0x0801a6bc      0x110 d:/programm/gnu tools arm embedded/7 2018-q2-update/bin/../lib/gcc/arm-none-eabi/7.3.1/thumb/v7e-m\libgcc.a(_arm_cmpdf2.o)
                0x0801a6bc                __gtdf2
                0x0801a6bc                __gedf2
                0x0801a6c4                __ltdf2
                0x0801a6c4                __ledf2
                0x0801a6cc                __nedf2
                0x0801a6cc                __eqdf2
                0x0801a6cc                __cmpdf2
                0x0801a748                __aeabi_cdrcmple
                0x0801a758                __aeabi_cdcmpeq
                0x0801a758                __aeabi_cdcmple
                0x0801a768                __aeabi_dcmpeq
                0x0801a77c                __aeabi_dcmplt
                0x0801a790                __aeabi_dcmple
                0x0801a7a4                __aeabi_dcmpge
                0x0801a7b8                __aeabi_dcmpgt

.glue_7         0x0801a7cc        0x0
 .glue_7        0x0801a7cc        0x0 linker stubs

.glue_7t        0x0801a7cc        0x0
 .glue_7t       0x0801a7cc        0x0 linker stubs

.vfp11_veneer   0x0801a7cc        0x0
 .vfp11_veneer  0x0801a7cc        0x0 linker stubs

.v4_bx          0x0801a7cc        0x0
 .v4_bx         0x0801a7cc        0x0 linker stubs

.data           0x20000000    0x15e64
                0x20000000                _ram_start = .
 os_ram.o()
 .text          0x20000000        0x0 os_ram.o
 .data          0x20000000        0x0 os_ram.o
 .bss           0x20000000        0x0 os_ram.o
 .debug_info    0x20000000      0x973 os_ram.o
 .debug_abbrev  0x20000973      0x115 os_ram.o
 .debug_aranges
                0x20000a88       0x18 os_ram.o
 .debug_macro   0x20000aa0       0xa6 os_ram.o
 .debug_line    0x20000b46      0x1dd os_ram.o
 .debug_str     0x20000d23     0x3a51 os_ram.o
                               0x3ad4 (size before relaxing)
 .comment       0x20004774       0x7f os_ram.o
                                 0x80 (size before relaxing)
 .ARM.attributes
                0x200047f3       0x33 os_ram.o
 *fill*         0x20004826        0x2 
 COMMON         0x20004828     0xf79c os_ram.o
                0x20004828                TASK_STACK
                0x20009648                VAR_MEM_MANAG_FAULT_STATUS_REG
                0x2000964c                REGISTER_R2
                0x20009650                TASK_GROUP_3
                0x20009658                RAM_CHECK_FAILURE_ADDR
                0x2000965c                REGISTER_R0
                0x20009660                OS_STACK
                0x2000e660                REGISTER_R6
                0x2000e664                REGISTER_R7
                0x2000e668                DBG_CALIB_VALUE
                0x2000e66c                OS_STATE
                0x2000e670                TASK_IDLE_QUEUE
                0x2000e6f8                REGISTER_R9
                0x2000e6fc                TASK1_CALL_NR
                0x2000e700                bTASK_QUEUE_INITIALIZED
                0x2000e704                BACKUP_SYSTICK_CURRENT_VAL_REG
                0x2000e708                TASK2_CALL_NR
                0x2000e70c                LAST_CURRENT_TIME
                0x2000e710                LINK_REGISTER_HANDLER
                0x2000e714                VAR_AUX_FAULT_STATUS_REG
                0x2000e718                REGISTER_R8
                0x2000e71c                TASK_3_VAR
                0x2000e7a4                TASK_0_VAR
                0x2000e82c                TASK4_CALL_NR
                0x2000e830                TASK_GROUP_2
                0x2000e838                REGISTER_R5
                0x2000e83c                OS_MAIN_STACK
                0x2001383c                SAVED_STACK_POINTER
                0x20013840                DBG_RLD_VALUE
                0x20013844                REGISTER_R4
                0x20013848                RUNNING_TASK
                0x200138d0                TASK_RUN_QUEUE
                0x20013e20                VAR_HARDFAULT_STATUS_REG
                0x20013e24                RUNNING_SCHEDULING_QUEUE_ENTRY
                0x20013e28                TASK_GROUP_5
                0x20013e30                REGISTER_R1
                0x20013e34                DBG_CTRL_VALUE
                0x20013e38                TASK_2_VAR
                0x20013ec0                VAR_BUS_FAULT_STATUS_REG
                0x20013ec4                RAM_CHECK_FAILURE_DETECTED
                0x20013ec8                REGISTER_R10
                0x20013ecc                DBG_CURR_VAL
                0x20013ed0                TASK_GROUP_1
                0x20013ed8                VAR_FAULT_STATUS_REG
                0x20013edc                TASK_GROUP_4
                0x20013ee4                REGISTER_R11
                0x20013ee8                TASK_TRANSITION_REJECTED_STATE
                0x20013ee9                TASK_TRANSITION_CURRENT_STATE
                0x20013eec                REGISTER_R3
                0x20013ef0                TASK_SCHEDULING_QUEUE
                0x20013f18                TASK3_CALL_NR
                0x20013f1c                VAR_MEM_FAULT_ADDR_REG
                0x20013f20                VAR_USAGE_FAULT_STATUS_REG
                0x20013f24                VAR_BUS_FAULT_ADDR_REG
                0x20013f28                TASK_TRANSITION_REJECTED_TASK_ADDR
                0x20013f2c                OS_SW_BUG
                0x20013f3c                TASK_1_VAR
 os_shared_ram.o()
 .text          0x20013fc4        0x0 os_shared_ram.o
 .data          0x20013fc4        0x0 os_shared_ram.o
 .bss           0x20013fc4        0x0 os_shared_ram.o
 .debug_info    0x20013fc4      0x784 os_shared_ram.o
 .debug_abbrev  0x20014748       0xfd os_shared_ram.o
 .debug_aranges
                0x20014845       0x18 os_shared_ram.o
 .debug_macro   0x2001485d       0xfe os_shared_ram.o
 .debug_line    0x2001495b      0x1c9 os_shared_ram.o
 .debug_str     0x20014b24      0x30b os_shared_ram.o
                               0x3cd7 (size before relaxing)
 .comment       0x20014e2f       0x80 os_shared_ram.o
 .ARM.attributes
                0x20014e2f       0x33 os_shared_ram.o
 *fill*         0x20014e62        0x2 
 COMMON         0x20014e64     0x1000 os_shared_ram.o
                0x20014e64                RAM_BLOCK_C01_C01
                0x20014f64                RAM_BLOCK_C01_C00
                0x20015064                RAM_BLOCK_C00_C00
                0x20015164                RAM_BLOCK_C01_C03
                0x20015264                RAM_BLOCK_C03_C01
                0x20015364                RAM_BLOCK_C00_C01
                0x20015464                RAM_BLOCK_C02_C01
                0x20015564                RAM_BLOCK_C01_C02
                0x20015664                RAM_BLOCK_C03_C00
                0x20015764                RAM_BLOCK_C02_C00
                0x20015864                RAM_BLOCK_C02_C02
                0x20015964                RAM_BLOCK_C03_C03
                0x20015a64                RAM_BLOCK_C03_C02
                0x20015b64                RAM_BLOCK_C00_C03
                0x20015c64                RAM_BLOCK_C00_C02
                0x20015d64                RAM_BLOCK_C02_C03
                0x20015e64                _ram_end = .
                [!provide]                PROVIDE (ram_start = .)
                [!provide]                PROVIDE (ram_end = .)
 .data          0x20015e64        0x0 d:/programm/gnu tools arm embedded/7 2018-q2-update/bin/../lib/gcc/arm-none-eabi/7.3.1/thumb/v7e-m\libgcc.a(_arm_addsubdf3.o)
 .data          0x20015e64        0x0 d:/programm/gnu tools arm embedded/7 2018-q2-update/bin/../lib/gcc/arm-none-eabi/7.3.1/thumb/v7e-m\libgcc.a(_arm_cmpdf2.o)
START GROUP
LOAD d:/programm/gnu tools arm embedded/7 2018-q2-update/bin/../lib/gcc/arm-none-eabi/7.3.1/thumb/v7e-m\libgcc.a
LOAD d:/programm/gnu tools arm embedded/7 2018-q2-update/bin/../lib/gcc/arm-none-eabi/7.3.1/../../../../arm-none-eabi/lib/thumb/v7e-m\libg.a
LOAD d:/programm/gnu tools arm embedded/7 2018-q2-update/bin/../lib/gcc/arm-none-eabi/7.3.1/../../../../arm-none-eabi/lib/thumb/v7e-m\libc.a
END GROUP
OUTPUT(E:\NeuOrga\Programmieren\c_cpp\github_os\output\VERSION_ARM\operating_system.elf elf32-littlearm)

.bss            0x20015e64        0x0
 .bss           0x20015e64        0x0 d:/programm/gnu tools arm embedded/7 2018-q2-update/bin/../lib/gcc/arm-none-eabi/7.3.1/thumb/v7e-m\libgcc.a(_arm_addsubdf3.o)
 .bss           0x20015e64        0x0 d:/programm/gnu tools arm embedded/7 2018-q2-update/bin/../lib/gcc/arm-none-eabi/7.3.1/thumb/v7e-m\libgcc.a(_arm_cmpdf2.o)

.ARM.attributes
                0x00000000       0x31
 .ARM.attributes
                0x00000000       0x1e d:/programm/gnu tools arm embedded/7 2018-q2-update/bin/../lib/gcc/arm-none-eabi/7.3.1/thumb/v7e-m\libgcc.a(_arm_addsubdf3.o)
 .ARM.attributes
                0x0000001e       0x1e d:/programm/gnu tools arm embedded/7 2018-q2-update/bin/../lib/gcc/arm-none-eabi/7.3.1/thumb/v7e-m\libgcc.a(_arm_cmpdf2.o)

.debug_frame    0x00000000      0x170
 .debug_frame   0x00000000       0xac d:/programm/gnu tools arm embedded/7 2018-q2-update/bin/../lib/gcc/arm-none-eabi/7.3.1/thumb/v7e-m\libgcc.a(_arm_addsubdf3.o)
 .debug_frame   0x000000ac       0xc4 d:/programm/gnu tools arm embedded/7 2018-q2-update/bin/../lib/gcc/arm-none-eabi/7.3.1/thumb/v7e-m\libgcc.a(_arm_cmpdf2.o)
