
Allocating common symbols
Common symbol       size              file

TASK_STACK          0x4e20            os_ram.o
RAM_BLOCK_C01_C01   0x100             os_shared_ram.o
VAR_MEM_MANAG_FAULT_STATUS_REG
                    0x4               os_ram.o
REGISTER_R2         0x4               os_ram.o
TASK_GROUP_3        0x20              os_ram.o
RAM_CHECK_FAILURE_ADDR
                    0x4               os_ram.o
REGISTER_R0         0x4               os_ram.o
RAM_BLOCK_C01_C00   0x100             os_shared_ram.o
REGISTER_R6         0x4               os_ram.o
REGISTER_R7         0x4               os_ram.o
DBG_CALIB_VALUE     0x4               os_ram.o
RAM_BLOCK_C00_C00   0x100             os_shared_ram.o
OS_STATE            0x4               os_ram.o
TASK_IDLE_QUEUE     0xd0              os_ram.o
REGISTER_R9         0x4               os_ram.o
TASK1_CALL_NR       0x4               os_ram.o
bTASK_QUEUE_INITIALIZED
                    0x1               os_ram.o
BACKUP_SYSTICK_CURRENT_VAL_REG
                    0x4               os_ram.o
STACK_POS           0x4               os_ram.o
RAM_BLOCK_C01_C03   0x100             os_shared_ram.o
TASK2_CALL_NR       0x4               os_ram.o
LAST_CURRENT_TIME   0x10              os_ram.o
LINK_REGISTER_HANDLER
                    0x4               os_ram.o
VAR_AUX_FAULT_STATUS_REG
                    0x4               os_ram.o
REGISTER_R8         0x4               os_ram.o
TASK_3_VAR          0xd0              os_ram.o
RAM_BLOCK_C03_C01   0x100             os_shared_ram.o
TASK_0_VAR          0xd0              os_ram.o
STACK_USAGE_PERCENT
                    0x4               os_ram.o
RAM_BLOCK_C00_C01   0x100             os_shared_ram.o
TASK4_CALL_NR       0x4               os_ram.o
TASK_GROUP_2        0x20              os_ram.o
TASK_PTR            0x28              os_task_common.o
REGISTER_R5         0x4               os_ram.o
OS_MAIN_STACK       0x200             os_ram_stack.o
STACK_ADDR          0x4               os_ram.o
SAVED_STACK_POINTER
                    0x4               os_ram.o
RAM_BLOCK_C02_C01   0x100             os_shared_ram.o
DBG_RLD_VALUE       0x4               os_ram.o
REGISTER_R4         0x4               os_ram.o
RAM_BLOCK_C01_C02   0x100             os_shared_ram.o
RUNNING_TASK        0xd0              os_ram.o
TASK_RUN_QUEUE      0x820             os_ram.o
VAR_HARDFAULT_STATUS_REG
                    0x4               os_ram.o
RAM_BLOCK_C03_C00   0x100             os_shared_ram.o
RUNNING_SCHEDULING_QUEUE_ENTRY
                    0x4               os_ram.o
TASK_GROUP_5        0x20              os_ram.o
REGISTER_R1         0x4               os_ram.o
RAM_BLOCK_C02_C00   0x100             os_shared_ram.o
DBG_CTRL_VALUE      0x4               os_ram.o
TASK_2_VAR          0xd0              os_ram.o
VAR_BUS_FAULT_STATUS_REG
                    0x4               os_ram.o
RAM_BLOCK_C02_C02   0x100             os_shared_ram.o
RAM_CHECK_FAILURE_DETECTED
                    0x4               os_ram.o
REGISTER_R10        0x4               os_ram.o
RAM_BLOCK_C03_C03   0x100             os_shared_ram.o
RAM_BLOCK_C03_C02   0x100             os_shared_ram.o
RAM_BLOCK_C00_C03   0x100             os_shared_ram.o
DBG_CURR_VAL        0x4               os_ram.o
TASK_GROUP_1        0x20              os_ram.o
VAR_FAULT_STATUS_REG
                    0x4               os_ram.o
TASK_GROUP_4        0x20              os_ram.o
REGISTER_R11        0x4               os_ram.o
TASK_TRANSITION_REJECTED_STATE
                    0x1               os_ram.o
TASK_TRANSITION_CURRENT_STATE
                    0x1               os_ram.o
SYSTEM_STATE_ACCEPTED
                    0x1               os_ram.o
REGISTER_R3         0x4               os_ram.o
TASK_SCHEDULING_QUEUE
                    0x28              os_ram.o
TASK3_CALL_NR       0x4               os_ram.o
VAR_MEM_FAULT_ADDR_REG
                    0x4               os_ram.o
VAR_USAGE_FAULT_STATUS_REG
                    0x4               os_ram.o
VAR_BUS_FAULT_ADDR_REG
                    0x4               os_ram.o
RAM_BLOCK_C00_C02   0x100             os_shared_ram.o
TASK_TRANSITION_REJECTED_TASK_ADDR
                    0x4               os_ram.o
OS_SW_BUG           0xf               os_ram.o
RAM_BLOCK_C02_C03   0x100             os_shared_ram.o
TASK_1_VAR          0xd0              os_ram.o

Discarded input sections

 .group         0x00000000        0xc os_exception_table.o
 .group         0x00000000        0xc os_exception_table.o
 .group         0x00000000        0xc os_exception_table.o
 .group         0x00000000        0xc os_exception_table.o
 .group         0x00000000        0xc os_exception_table.o
 .group         0x00000000        0xc os_exception_table.o
 .group         0x00000000        0xc os_exception_table.o
 .group         0x00000000        0xc os_exception_table.o
 .group         0x00000000        0xc os_const.o
 .group         0x00000000        0xc os_const.o
 .group         0x00000000        0xc os_const.o
 .group         0x00000000        0xc os_const.o
 .group         0x00000000        0xc os_const.o
 .group         0x00000000        0xc os_const.o
 .group         0x00000000        0xc os_const.o
 .group         0x00000000        0xc os_const.o
 .debug_macro   0x00000000      0xa42 os_const.o
 .debug_macro   0x00000000       0x4c os_const.o
 .debug_macro   0x00000000       0x8e os_const.o
 .debug_macro   0x00000000       0x46 os_const.o
 .debug_macro   0x00000000       0x10 os_const.o
 .debug_macro   0x00000000       0x10 os_const.o
 .debug_macro   0x00000000       0x28 os_const.o
 .debug_macro   0x00000000       0x1c os_const.o
 .group         0x00000000        0xc os_common.o
 .group         0x00000000        0xc os_common.o
 .group         0x00000000        0xc os_common.o
 .group         0x00000000        0xc os_common.o
 .group         0x00000000        0xc os_common.o
 .group         0x00000000        0xc os_common.o
 .group         0x00000000        0xc os_common.o
 .group         0x00000000        0xc os_common.o
 .debug_macro   0x00000000      0xa42 os_common.o
 .debug_macro   0x00000000       0x4c os_common.o
 .debug_macro   0x00000000       0x8e os_common.o
 .debug_macro   0x00000000       0x46 os_common.o
 .debug_macro   0x00000000       0x10 os_common.o
 .debug_macro   0x00000000       0x10 os_common.o
 .debug_macro   0x00000000       0x28 os_common.o
 .debug_macro   0x00000000       0x1c os_common.o
 .group         0x00000000        0xc os_exception.o
 .group         0x00000000        0xc os_exception.o
 .group         0x00000000        0xc os_exception.o
 .group         0x00000000        0xc os_exception.o
 .group         0x00000000        0xc os_exception.o
 .group         0x00000000        0xc os_exception.o
 .group         0x00000000        0xc os_exception.o
 .group         0x00000000        0xc os_exception.o
 .group         0x00000000        0xc os_exception.o
 .group         0x00000000        0xc os_exception.o
 .debug_macro   0x00000000       0x4c os_exception.o
 .debug_macro   0x00000000       0x8e os_exception.o
 .debug_macro   0x00000000       0x46 os_exception.o
 .debug_macro   0x00000000       0x10 os_exception.o
 .debug_macro   0x00000000       0x10 os_exception.o
 .debug_macro   0x00000000       0x28 os_exception.o
 .debug_macro   0x00000000       0x1c os_exception.o
 .group         0x00000000        0xc os_exception_isr_handler.o
 .group         0x00000000        0xc os_exception_isr_handler.o
 .group         0x00000000        0xc os_exception_isr_handler.o
 .group         0x00000000        0xc os_exception_isr_handler.o
 .group         0x00000000        0xc os_exception_isr_handler.o
 .group         0x00000000        0xc os_exception_isr_handler.o
 .group         0x00000000        0xc os_exception_isr_handler.o
 .group         0x00000000        0xc os_exception_isr_handler.o
 .group         0x00000000        0xc os_exception_isr_handler.o
 .debug_macro   0x00000000      0xa42 os_exception_isr_handler.o
 .debug_macro   0x00000000       0x4c os_exception_isr_handler.o
 .debug_macro   0x00000000       0x8e os_exception_isr_handler.o
 .debug_macro   0x00000000       0x46 os_exception_isr_handler.o
 .debug_macro   0x00000000       0x10 os_exception_isr_handler.o
 .debug_macro   0x00000000       0x10 os_exception_isr_handler.o
 .debug_macro   0x00000000       0x28 os_exception_isr_handler.o
 .debug_macro   0x00000000       0x1c os_exception_isr_handler.o
 .debug_macro   0x00000000       0x28 os_exception_isr_handler.o
 .group         0x00000000        0xc os_init_task_system.o
 .group         0x00000000        0xc os_init_task_system.o
 .group         0x00000000        0xc os_init_task_system.o
 .group         0x00000000        0xc os_init_task_system.o
 .group         0x00000000        0xc os_init_task_system.o
 .group         0x00000000        0xc os_init_task_system.o
 .group         0x00000000        0xc os_init_task_system.o
 .group         0x00000000        0xc os_init_task_system.o
 .group         0x00000000        0xc os_init_task_system.o
 .debug_macro   0x00000000      0xa42 os_init_task_system.o
 .debug_macro   0x00000000       0x4c os_init_task_system.o
 .debug_macro   0x00000000       0x8e os_init_task_system.o
 .debug_macro   0x00000000       0x46 os_init_task_system.o
 .debug_macro   0x00000000       0x10 os_init_task_system.o
 .debug_macro   0x00000000       0x10 os_init_task_system.o
 .debug_macro   0x00000000       0x28 os_init_task_system.o
 .debug_macro   0x00000000       0x1c os_init_task_system.o
 .group         0x00000000        0xc os_main.o
 .group         0x00000000        0xc os_main.o
 .group         0x00000000        0xc os_main.o
 .group         0x00000000        0xc os_main.o
 .group         0x00000000        0xc os_main.o
 .group         0x00000000        0xc os_main.o
 .group         0x00000000        0xc os_main.o
 .group         0x00000000        0xc os_main.o
 .group         0x00000000        0xc os_main.o
 .group         0x00000000        0xc os_main.o
 .debug_macro   0x00000000      0xa42 os_main.o
 .debug_macro   0x00000000       0x4c os_main.o
 .debug_macro   0x00000000       0x8e os_main.o
 .debug_macro   0x00000000       0x46 os_main.o
 .debug_macro   0x00000000       0x10 os_main.o
 .debug_macro   0x00000000       0x10 os_main.o
 .debug_macro   0x00000000       0x28 os_main.o
 .debug_macro   0x00000000       0x1c os_main.o
 .debug_macro   0x00000000       0x28 os_main.o
 .debug_macro   0x00000000       0x1c os_main.o
 .group         0x00000000        0xc os_memory_mmu_setup.o
 .group         0x00000000        0xc os_memory_mmu_setup.o
 .group         0x00000000        0xc os_memory_mmu_setup.o
 .group         0x00000000        0xc os_memory_mmu_setup.o
 .group         0x00000000        0xc os_memory_mmu_setup.o
 .group         0x00000000        0xc os_memory_mmu_setup.o
 .group         0x00000000        0xc os_memory_mmu_setup.o
 .group         0x00000000        0xc os_memory_mmu_setup.o
 .debug_macro   0x00000000      0xa42 os_memory_mmu_setup.o
 .debug_macro   0x00000000       0x4c os_memory_mmu_setup.o
 .debug_macro   0x00000000       0x8e os_memory_mmu_setup.o
 .debug_macro   0x00000000       0x46 os_memory_mmu_setup.o
 .debug_macro   0x00000000       0x10 os_memory_mmu_setup.o
 .debug_macro   0x00000000       0x10 os_memory_mmu_setup.o
 .debug_macro   0x00000000       0x28 os_memory_mmu_setup.o
 .debug_macro   0x00000000       0x1c os_memory_mmu_setup.o
 .group         0x00000000        0xc os_shutdown.o
 .group         0x00000000        0xc os_shutdown.o
 .group         0x00000000        0xc os_shutdown.o
 .group         0x00000000        0xc os_shutdown.o
 .group         0x00000000        0xc os_shutdown.o
 .group         0x00000000        0xc os_shutdown.o
 .group         0x00000000        0xc os_shutdown.o
 .group         0x00000000        0xc os_shutdown.o
 .debug_macro   0x00000000      0xa42 os_shutdown.o
 .debug_macro   0x00000000       0x4c os_shutdown.o
 .debug_macro   0x00000000       0x8e os_shutdown.o
 .debug_macro   0x00000000       0x46 os_shutdown.o
 .debug_macro   0x00000000       0x10 os_shutdown.o
 .debug_macro   0x00000000       0x10 os_shutdown.o
 .debug_macro   0x00000000       0x28 os_shutdown.o
 .debug_macro   0x00000000       0x1c os_shutdown.o
 .group         0x00000000        0xc os_start_ext_prg.o
 .group         0x00000000        0xc os_start_ext_prg.o
 .group         0x00000000        0xc os_start_ext_prg.o
 .group         0x00000000        0xc os_start_ext_prg.o
 .group         0x00000000        0xc os_start_ext_prg.o
 .group         0x00000000        0xc os_start_ext_prg.o
 .group         0x00000000        0xc os_start_ext_prg.o
 .group         0x00000000        0xc os_start_ext_prg.o
 .debug_macro   0x00000000      0xa42 os_start_ext_prg.o
 .debug_macro   0x00000000       0x4c os_start_ext_prg.o
 .debug_macro   0x00000000       0x8e os_start_ext_prg.o
 .debug_macro   0x00000000       0x46 os_start_ext_prg.o
 .debug_macro   0x00000000       0x10 os_start_ext_prg.o
 .debug_macro   0x00000000       0x10 os_start_ext_prg.o
 .debug_macro   0x00000000       0x28 os_start_ext_prg.o
 .debug_macro   0x00000000       0x1c os_start_ext_prg.o
 .group         0x00000000        0xc os_start_init_hw.o
 .group         0x00000000        0xc os_start_init_hw.o
 .group         0x00000000        0xc os_start_init_hw.o
 .group         0x00000000        0xc os_start_init_hw.o
 .group         0x00000000        0xc os_start_init_hw.o
 .group         0x00000000        0xc os_start_init_hw.o
 .group         0x00000000        0xc os_start_init_hw.o
 .group         0x00000000        0xc os_start_init_hw.o
 .debug_macro   0x00000000      0xa42 os_start_init_hw.o
 .debug_macro   0x00000000       0x4c os_start_init_hw.o
 .debug_macro   0x00000000       0x8e os_start_init_hw.o
 .debug_macro   0x00000000       0x46 os_start_init_hw.o
 .debug_macro   0x00000000       0x10 os_start_init_hw.o
 .debug_macro   0x00000000       0x10 os_start_init_hw.o
 .debug_macro   0x00000000       0x28 os_start_init_hw.o
 .debug_macro   0x00000000       0x1c os_start_init_hw.o
 .group         0x00000000        0xc os_start_init_mc.o
 .group         0x00000000        0xc os_start_init_mc.o
 .group         0x00000000        0xc os_start_init_mc.o
 .group         0x00000000        0xc os_start_init_mc.o
 .group         0x00000000        0xc os_start_init_mc.o
 .group         0x00000000        0xc os_start_init_mc.o
 .group         0x00000000        0xc os_start_init_mc.o
 .group         0x00000000        0xc os_start_init_mc.o
 .debug_macro   0x00000000      0xa42 os_start_init_mc.o
 .debug_macro   0x00000000       0x4c os_start_init_mc.o
 .debug_macro   0x00000000       0x8e os_start_init_mc.o
 .debug_macro   0x00000000       0x46 os_start_init_mc.o
 .debug_macro   0x00000000       0x10 os_start_init_mc.o
 .debug_macro   0x00000000       0x10 os_start_init_mc.o
 .debug_macro   0x00000000       0x28 os_start_init_mc.o
 .debug_macro   0x00000000       0x1c os_start_init_mc.o
 .group         0x00000000        0xc os_start_init_sw.o
 .group         0x00000000        0xc os_start_init_sw.o
 .group         0x00000000        0xc os_start_init_sw.o
 .group         0x00000000        0xc os_start_init_sw.o
 .group         0x00000000        0xc os_start_init_sw.o
 .group         0x00000000        0xc os_start_init_sw.o
 .group         0x00000000        0xc os_start_init_sw.o
 .group         0x00000000        0xc os_start_init_sw.o
 .debug_macro   0x00000000      0xa42 os_start_init_sw.o
 .debug_macro   0x00000000       0x4c os_start_init_sw.o
 .debug_macro   0x00000000       0x8e os_start_init_sw.o
 .debug_macro   0x00000000       0x46 os_start_init_sw.o
 .debug_macro   0x00000000       0x10 os_start_init_sw.o
 .debug_macro   0x00000000       0x10 os_start_init_sw.o
 .debug_macro   0x00000000       0x28 os_start_init_sw.o
 .debug_macro   0x00000000       0x1c os_start_init_sw.o
 .group         0x00000000        0xc os_start_os.o
 .group         0x00000000        0xc os_start_os.o
 .group         0x00000000        0xc os_start_os.o
 .group         0x00000000        0xc os_start_os.o
 .group         0x00000000        0xc os_start_os.o
 .group         0x00000000        0xc os_start_os.o
 .group         0x00000000        0xc os_start_os.o
 .group         0x00000000        0xc os_start_os.o
 .debug_macro   0x00000000      0xa42 os_start_os.o
 .debug_macro   0x00000000       0x4c os_start_os.o
 .debug_macro   0x00000000       0x8e os_start_os.o
 .debug_macro   0x00000000       0x46 os_start_os.o
 .debug_macro   0x00000000       0x10 os_start_os.o
 .debug_macro   0x00000000       0x10 os_start_os.o
 .debug_macro   0x00000000       0x28 os_start_os.o
 .debug_macro   0x00000000       0x1c os_start_os.o
 .group         0x00000000        0xc os_task_common.o
 .group         0x00000000        0xc os_task_common.o
 .group         0x00000000        0xc os_task_common.o
 .group         0x00000000        0xc os_task_common.o
 .group         0x00000000        0xc os_task_common.o
 .group         0x00000000        0xc os_task_common.o
 .group         0x00000000        0xc os_task_common.o
 .group         0x00000000        0xc os_task_common.o
 .group         0x00000000        0xc os_task_common.o
 .debug_macro   0x00000000      0xa42 os_task_common.o
 .debug_macro   0x00000000       0x4c os_task_common.o
 .debug_macro   0x00000000       0x8e os_task_common.o
 .debug_macro   0x00000000       0x46 os_task_common.o
 .debug_macro   0x00000000       0x10 os_task_common.o
 .debug_macro   0x00000000       0x10 os_task_common.o
 .debug_macro   0x00000000       0x28 os_task_common.o
 .debug_macro   0x00000000       0x1c os_task_common.o
 .debug_macro   0x00000000       0x28 os_task_common.o
 .group         0x00000000        0xc os_task_queue.o
 .group         0x00000000        0xc os_task_queue.o
 .group         0x00000000        0xc os_task_queue.o
 .group         0x00000000        0xc os_task_queue.o
 .group         0x00000000        0xc os_task_queue.o
 .group         0x00000000        0xc os_task_queue.o
 .group         0x00000000        0xc os_task_queue.o
 .group         0x00000000        0xc os_task_queue.o
 .group         0x00000000        0xc os_task_queue.o
 .group         0x00000000        0xc os_task_queue.o
 .debug_macro   0x00000000      0xa42 os_task_queue.o
 .debug_macro   0x00000000       0x4c os_task_queue.o
 .debug_macro   0x00000000       0x8e os_task_queue.o
 .debug_macro   0x00000000       0x46 os_task_queue.o
 .debug_macro   0x00000000       0x10 os_task_queue.o
 .debug_macro   0x00000000       0x10 os_task_queue.o
 .debug_macro   0x00000000       0x28 os_task_queue.o
 .debug_macro   0x00000000       0x1c os_task_queue.o
 .debug_macro   0x00000000       0x1c os_task_queue.o
 .debug_macro   0x00000000       0x28 os_task_queue.o
 .group         0x00000000        0xc os_task_scheduler.o
 .group         0x00000000        0xc os_task_scheduler.o
 .group         0x00000000        0xc os_task_scheduler.o
 .group         0x00000000        0xc os_task_scheduler.o
 .group         0x00000000        0xc os_task_scheduler.o
 .group         0x00000000        0xc os_task_scheduler.o
 .group         0x00000000        0xc os_task_scheduler.o
 .group         0x00000000        0xc os_task_scheduler.o
 .group         0x00000000        0xc os_task_scheduler.o
 .group         0x00000000        0xc os_task_scheduler.o
 .debug_macro   0x00000000      0xa42 os_task_scheduler.o
 .debug_macro   0x00000000       0x4c os_task_scheduler.o
 .debug_macro   0x00000000       0x8e os_task_scheduler.o
 .debug_macro   0x00000000       0x46 os_task_scheduler.o
 .debug_macro   0x00000000       0x10 os_task_scheduler.o
 .debug_macro   0x00000000       0x10 os_task_scheduler.o
 .debug_macro   0x00000000       0x28 os_task_scheduler.o
 .debug_macro   0x00000000       0x1c os_task_scheduler.o
 .debug_macro   0x00000000       0x28 os_task_scheduler.o
 .debug_macro   0x00000000       0x1c os_task_scheduler.o
 .group         0x00000000        0xc os_stack.o
 .group         0x00000000        0xc os_stack.o
 .group         0x00000000        0xc os_stack.o
 .group         0x00000000        0xc os_stack.o
 .group         0x00000000        0xc os_stack.o
 .group         0x00000000        0xc os_stack.o
 .group         0x00000000        0xc os_stack.o
 .group         0x00000000        0xc os_stack.o
 .debug_macro   0x00000000      0xa42 os_stack.o
 .debug_macro   0x00000000       0x4c os_stack.o
 .debug_macro   0x00000000       0x8e os_stack.o
 .debug_macro   0x00000000       0x46 os_stack.o
 .debug_macro   0x00000000       0x10 os_stack.o
 .debug_macro   0x00000000       0x10 os_stack.o
 .debug_macro   0x00000000       0x28 os_stack.o
 .debug_macro   0x00000000       0x1c os_stack.o
 .group         0x00000000        0xc os_heap.o
 .group         0x00000000        0xc os_heap.o
 .group         0x00000000        0xc os_heap.o
 .group         0x00000000        0xc os_heap.o
 .group         0x00000000        0xc os_heap.o
 .group         0x00000000        0xc os_heap.o
 .group         0x00000000        0xc os_heap.o
 .group         0x00000000        0xc os_heap.o
 .debug_macro   0x00000000      0xa42 os_heap.o
 .debug_macro   0x00000000       0x4c os_heap.o
 .debug_macro   0x00000000       0x8e os_heap.o
 .debug_macro   0x00000000       0x46 os_heap.o
 .debug_macro   0x00000000       0x10 os_heap.o
 .debug_macro   0x00000000       0x10 os_heap.o
 .debug_macro   0x00000000       0x28 os_heap.o
 .debug_macro   0x00000000       0x1c os_heap.o
 .group         0x00000000        0xc led.o
 .group         0x00000000        0xc led.o
 .group         0x00000000        0xc led.o
 .group         0x00000000        0xc led.o
 .group         0x00000000        0xc led.o
 .group         0x00000000        0xc led.o
 .group         0x00000000        0xc led.o
 .group         0x00000000        0xc led.o
 .debug_macro   0x00000000      0xa42 led.o
 .debug_macro   0x00000000       0x4c led.o
 .debug_macro   0x00000000       0x8e led.o
 .debug_macro   0x00000000       0x46 led.o
 .debug_macro   0x00000000       0x10 led.o
 .debug_macro   0x00000000       0x10 led.o
 .debug_macro   0x00000000       0x28 led.o
 .debug_macro   0x00000000       0x1c led.o
 .group         0x00000000        0xc os_ram_stack.o
 .group         0x00000000        0xc os_ram_stack.o
 .group         0x00000000        0xc os_ram_stack.o
 .group         0x00000000        0xc os_ram_stack.o
 .group         0x00000000        0xc os_ram_stack.o
 .group         0x00000000        0xc os_ram_stack.o
 .group         0x00000000        0xc os_ram_stack.o
 .group         0x00000000        0xc os_ram_stack.o
 .debug_macro   0x00000000      0xa42 os_ram_stack.o
 .debug_macro   0x00000000       0x4c os_ram_stack.o
 .debug_macro   0x00000000       0x8e os_ram_stack.o
 .debug_macro   0x00000000       0x46 os_ram_stack.o
 .debug_macro   0x00000000       0x10 os_ram_stack.o
 .debug_macro   0x00000000       0x10 os_ram_stack.o
 .debug_macro   0x00000000       0x28 os_ram_stack.o
 .debug_macro   0x00000000       0x1c os_ram_stack.o
 .group         0x00000000        0xc os_ram.o
 .group         0x00000000        0xc os_ram.o
 .group         0x00000000        0xc os_ram.o
 .group         0x00000000        0xc os_ram.o
 .group         0x00000000        0xc os_ram.o
 .group         0x00000000        0xc os_ram.o
 .group         0x00000000        0xc os_ram.o
 .group         0x00000000        0xc os_ram.o
 .debug_macro   0x00000000      0xa42 os_ram.o
 .debug_macro   0x00000000       0x4c os_ram.o
 .debug_macro   0x00000000       0x8e os_ram.o
 .debug_macro   0x00000000       0x46 os_ram.o
 .debug_macro   0x00000000       0x10 os_ram.o
 .debug_macro   0x00000000       0x10 os_ram.o
 .debug_macro   0x00000000       0x28 os_ram.o
 .debug_macro   0x00000000       0x1c os_ram.o
 .group         0x00000000        0xc os_shared_ram.o
 .group         0x00000000        0xc os_shared_ram.o
 .group         0x00000000        0xc os_shared_ram.o
 .group         0x00000000        0xc os_shared_ram.o
 .group         0x00000000        0xc os_shared_ram.o
 .group         0x00000000        0xc os_shared_ram.o
 .group         0x00000000        0xc os_shared_ram.o
 .group         0x00000000        0xc os_shared_ram.o
 .debug_macro   0x00000000      0xa42 os_shared_ram.o
 .debug_macro   0x00000000       0x4c os_shared_ram.o
 .debug_macro   0x00000000       0x8e os_shared_ram.o
 .debug_macro   0x00000000       0x46 os_shared_ram.o
 .debug_macro   0x00000000       0x10 os_shared_ram.o
 .debug_macro   0x00000000       0x10 os_shared_ram.o
 .debug_macro   0x00000000       0x28 os_shared_ram.o
 .debug_macro   0x00000000       0x1c os_shared_ram.o

Memory Configuration

Name             Origin             Length             Attributes
rom              0x08000000         0x00100000
stc              0x20000000         0x0000000a
ram              0x20000010         0x00030000
*default*        0x00000000         0xffffffff

Linker script and memory map


.text           0x08000000    0x1d4bf
                0x08000000                _ivec_start = .
 os_exception_table.o()
 .text          0x08000000        0x0 os_exception_table.o
 .data          0x08000000      0x400 os_exception_table.o
                0x08000000                isr_vec_table
 .bss           0x08000400        0x0 os_exception_table.o
 .debug_info    0x08000400      0x6f6 os_exception_table.o
 .debug_abbrev  0x08000af6      0x104 os_exception_table.o
 .debug_aranges
                0x08000bfa       0x18 os_exception_table.o
 .debug_macro   0x08000c12       0xb2 os_exception_table.o
 .debug_macro   0x08000cc4      0xa42 os_exception_table.o
 .debug_macro   0x08001706       0x4c os_exception_table.o
 .debug_macro   0x08001752       0x8e os_exception_table.o
 .debug_macro   0x080017e0       0x46 os_exception_table.o
 .debug_macro   0x08001826       0x10 os_exception_table.o
 .debug_macro   0x08001836       0x10 os_exception_table.o
 .debug_macro   0x08001846       0x28 os_exception_table.o
 .debug_macro   0x0800186e       0x1c os_exception_table.o
 .debug_line    0x0800188a      0x1fe os_exception_table.o
 .debug_str     0x08001a88     0x39fa os_exception_table.o
                               0x3ac1 (size before relaxing)
 .comment       0x08005482       0x7f os_exception_table.o
                                 0x80 (size before relaxing)
 .ARM.attributes
                0x08005501       0x33 os_exception_table.o
 .iplt          0x08005534        0x0 os_exception_table.o
 .rel.iplt      0x08005534        0x0 os_exception_table.o
 .igot.plt      0x08005534        0x0 os_exception_table.o
                0x08005534                _ivec_end = .
                [!provide]                PROVIDE (ivec_start = .)
                [!provide]                PROVIDE (ivec_end = .)
                0x08005534                _const_start = .
 os_const.o()
 .text          0x08005534        0x0 os_const.o
 .data          0x08005534        0x0 os_const.o
 .bss           0x08005534        0x0 os_const.o
 .debug_info    0x08005534      0x6c3 os_const.o
 .debug_abbrev  0x08005bf7       0xec os_const.o
 .debug_aranges
                0x08005ce3       0x18 os_const.o
 .debug_macro   0x08005cfb       0xa8 os_const.o
 .debug_line    0x08005da3      0x1d6 os_const.o
 .debug_str     0x08005f79       0x46 os_const.o
                               0x3a80 (size before relaxing)
 .comment       0x08005fbf       0x80 os_const.o
 .ARM.attributes
                0x08005fbf       0x33 os_const.o
                0x0800603f                _const_end = .
                [!provide]                PROVIDE (const_start = .)
                [!provide]                PROVIDE (const_end = .)
                0x0800603f                _code_start = .
 lld_global.o()
 *fill*         0x08005ff2        0x2 
 .text          0x08005ff4      0x14c E:\NeuOrga\Programmieren\c_cpp\github_os\output\os_drivers\obj_arm\lld_global.o
                0x08005ff4                OS_GetCoreId
                0x08005ffa                LLF_SAVE_TASK_STACK
                0x08006000                LLF_SAVE_REGISTERS
                0x0800603a                LLF_RESTORE_TASK_STACK
                0x08006040                LLF_RESTORE_REGISTERS
                0x08006062                LLF_RESTORE_SYSTEM_STACK
                0x08006068                LLF_SAVE_SYSTEM_STACK
                0x0800606e                LLF_CLEAR_ALL_GP_REGISTERS
                0x080060a0                LLF_PERFORM_RAM_CHECK
                0x080060ec                LLF_CHANGE_TO_UNPRIVILIGED_THREAD_MODE
 .data          0x08006140        0x0 E:\NeuOrga\Programmieren\c_cpp\github_os\output\os_drivers\obj_arm\lld_global.o
 .bss           0x08006140        0x0 E:\NeuOrga\Programmieren\c_cpp\github_os\output\os_drivers\obj_arm\lld_global.o
 .debug_line    0x08006140       0xf6 E:\NeuOrga\Programmieren\c_cpp\github_os\output\os_drivers\obj_arm\lld_global.o
 .debug_info    0x08006236       0x26 E:\NeuOrga\Programmieren\c_cpp\github_os\output\os_drivers\obj_arm\lld_global.o
 .debug_abbrev  0x0800625c       0x14 E:\NeuOrga\Programmieren\c_cpp\github_os\output\os_drivers\obj_arm\lld_global.o
 .debug_aranges
                0x08006270       0x20 E:\NeuOrga\Programmieren\c_cpp\github_os\output\os_drivers\obj_arm\lld_global.o
 .debug_str     0x08006290       0x59 E:\NeuOrga\Programmieren\c_cpp\github_os\output\os_drivers\obj_arm\lld_global.o
                                 0x91 (size before relaxing)
 .ARM.attributes
                0x080062e9       0x21 E:\NeuOrga\Programmieren\c_cpp\github_os\output\os_drivers\obj_arm\lld_global.o
 lld_interrupt.o()
 .text          0x0800630a       0x14 E:\NeuOrga\Programmieren\c_cpp\github_os\output\os_drivers\obj_arm\lld_interrupt.o
                0x0800630a                LLF_INT_DISABLE
                0x08006310                LLF_INT_ENABLE
                0x08006316                LLF_DISABLE_INTERRUPTS_ALL_CORES
                0x0800631c                LLF_WAIT_FOR_INTERRUPT
 .data          0x0800631e        0x0 E:\NeuOrga\Programmieren\c_cpp\github_os\output\os_drivers\obj_arm\lld_interrupt.o
 .bss           0x0800631e        0x0 E:\NeuOrga\Programmieren\c_cpp\github_os\output\os_drivers\obj_arm\lld_interrupt.o
 .debug_line    0x0800631e       0x85 E:\NeuOrga\Programmieren\c_cpp\github_os\output\os_drivers\obj_arm\lld_interrupt.o
 .debug_info    0x080063a3       0x26 E:\NeuOrga\Programmieren\c_cpp\github_os\output\os_drivers\obj_arm\lld_interrupt.o
 .debug_abbrev  0x080063c9       0x14 E:\NeuOrga\Programmieren\c_cpp\github_os\output\os_drivers\obj_arm\lld_interrupt.o
 *fill*         0x080063dd        0x3 
 .debug_aranges
                0x080063e0       0x20 E:\NeuOrga\Programmieren\c_cpp\github_os\output\os_drivers\obj_arm\lld_interrupt.o
 .debug_str     0x08006400       0x4e E:\NeuOrga\Programmieren\c_cpp\github_os\output\os_drivers\obj_arm\lld_interrupt.o
                                 0x94 (size before relaxing)
 .ARM.attributes
                0x0800644e       0x21 E:\NeuOrga\Programmieren\c_cpp\github_os\output\os_drivers\obj_arm\lld_interrupt.o
 lld_mmu.o()
 *fill*         0x0800646f        0x1 
 .text          0x08006470       0xb4 E:\NeuOrga\Programmieren\c_cpp\github_os\output\os_drivers\obj_arm\lld_mmu.o
                0x08006470                LLF_MPU_DISABLE
                0x080064ae                LLF_MPU_ENABLE
                0x080064ec                LLF_GET_MPU_PRESENT
 .data          0x08006524        0x0 E:\NeuOrga\Programmieren\c_cpp\github_os\output\os_drivers\obj_arm\lld_mmu.o
 .bss           0x08006524        0x0 E:\NeuOrga\Programmieren\c_cpp\github_os\output\os_drivers\obj_arm\lld_mmu.o
 .debug_line    0x08006524       0xad E:\NeuOrga\Programmieren\c_cpp\github_os\output\os_drivers\obj_arm\lld_mmu.o
 .debug_info    0x080065d1       0x26 E:\NeuOrga\Programmieren\c_cpp\github_os\output\os_drivers\obj_arm\lld_mmu.o
 .debug_abbrev  0x080065f7       0x14 E:\NeuOrga\Programmieren\c_cpp\github_os\output\os_drivers\obj_arm\lld_mmu.o
 *fill*         0x0800660b        0x5 
 .debug_aranges
                0x08006610       0x20 E:\NeuOrga\Programmieren\c_cpp\github_os\output\os_drivers\obj_arm\lld_mmu.o
 .debug_str     0x08006630       0x48 E:\NeuOrga\Programmieren\c_cpp\github_os\output\os_drivers\obj_arm\lld_mmu.o
                                 0x8e (size before relaxing)
 .ARM.attributes
                0x08006678       0x21 E:\NeuOrga\Programmieren\c_cpp\github_os\output\os_drivers\obj_arm\lld_mmu.o
 lld_ram.o()
 *fill*         0x08006699        0x3 
 .text          0x0800669c       0xa0 E:\NeuOrga\Programmieren\c_cpp\github_os\output\os_drivers\obj_arm\lld_ram.o
                0x0800669c                INIT_OS_STACK
                0x080066b6                LLF_CLEAR_ALL_RAM
 .data          0x0800673c        0x0 E:\NeuOrga\Programmieren\c_cpp\github_os\output\os_drivers\obj_arm\lld_ram.o
 .bss           0x0800673c        0x0 E:\NeuOrga\Programmieren\c_cpp\github_os\output\os_drivers\obj_arm\lld_ram.o
 .debug_line    0x0800673c       0xad E:\NeuOrga\Programmieren\c_cpp\github_os\output\os_drivers\obj_arm\lld_ram.o
 .debug_info    0x080067e9       0x26 E:\NeuOrga\Programmieren\c_cpp\github_os\output\os_drivers\obj_arm\lld_ram.o
 .debug_abbrev  0x0800680f       0x14 E:\NeuOrga\Programmieren\c_cpp\github_os\output\os_drivers\obj_arm\lld_ram.o
 *fill*         0x08006823        0x5 
 .debug_aranges
                0x08006828       0x20 E:\NeuOrga\Programmieren\c_cpp\github_os\output\os_drivers\obj_arm\lld_ram.o
 .debug_str     0x08006848       0x48 E:\NeuOrga\Programmieren\c_cpp\github_os\output\os_drivers\obj_arm\lld_ram.o
                                 0x8e (size before relaxing)
 .ARM.attributes
                0x08006890       0x21 E:\NeuOrga\Programmieren\c_cpp\github_os\output\os_drivers\obj_arm\lld_ram.o
 lld_timer.o()
 .text          0x080068b1        0x0 E:\NeuOrga\Programmieren\c_cpp\github_os\output\os_drivers\obj_arm\lld_timer.o
 .data          0x080068b1        0x0 E:\NeuOrga\Programmieren\c_cpp\github_os\output\os_drivers\obj_arm\lld_timer.o
 .bss           0x080068b1        0x0 E:\NeuOrga\Programmieren\c_cpp\github_os\output\os_drivers\obj_arm\lld_timer.o
 .ARM.attributes
                0x080068b1       0x21 E:\NeuOrga\Programmieren\c_cpp\github_os\output\os_drivers\obj_arm\lld_timer.o
 lld_power.o()
 *fill*         0x080068d2        0x2 
 .text          0x080068d4       0x20 E:\NeuOrga\Programmieren\c_cpp\github_os\output\os_drivers\obj_arm\lld_power.o
                0x080068d4                LLF_MCU_SWITCH_OFF_POWER
                0x080068da                LLF_MCU_RESET_POWER
 .data          0x080068f4        0x0 E:\NeuOrga\Programmieren\c_cpp\github_os\output\os_drivers\obj_arm\lld_power.o
 .bss           0x080068f4        0x0 E:\NeuOrga\Programmieren\c_cpp\github_os\output\os_drivers\obj_arm\lld_power.o
 .debug_line    0x080068f4       0x87 E:\NeuOrga\Programmieren\c_cpp\github_os\output\os_drivers\obj_arm\lld_power.o
 .debug_info    0x0800697b       0x26 E:\NeuOrga\Programmieren\c_cpp\github_os\output\os_drivers\obj_arm\lld_power.o
 .debug_abbrev  0x080069a1       0x14 E:\NeuOrga\Programmieren\c_cpp\github_os\output\os_drivers\obj_arm\lld_power.o
 *fill*         0x080069b5        0x3 
 .debug_aranges
                0x080069b8       0x20 E:\NeuOrga\Programmieren\c_cpp\github_os\output\os_drivers\obj_arm\lld_power.o
 .debug_str     0x080069d8       0x4a E:\NeuOrga\Programmieren\c_cpp\github_os\output\os_drivers\obj_arm\lld_power.o
                                 0x90 (size before relaxing)
 .ARM.attributes
                0x08006a22       0x21 E:\NeuOrga\Programmieren\c_cpp\github_os\output\os_drivers\obj_arm\lld_power.o
 os_exception_reset.o()
 *fill*         0x08006a43        0x1 
 .text          0x08006a44       0xa2 E:\NeuOrga\Programmieren\c_cpp\github_os\output\os_drivers\obj_arm\os_exception_reset.o
                0x08006a44                OS_Exception_RESET
 .data          0x08006ae6        0x0 E:\NeuOrga\Programmieren\c_cpp\github_os\output\os_drivers\obj_arm\os_exception_reset.o
 .bss           0x08006ae6        0x0 E:\NeuOrga\Programmieren\c_cpp\github_os\output\os_drivers\obj_arm\os_exception_reset.o
 .debug_line    0x08006ae6       0xb3 E:\NeuOrga\Programmieren\c_cpp\github_os\output\os_drivers\obj_arm\os_exception_reset.o
 .debug_info    0x08006b99       0x26 E:\NeuOrga\Programmieren\c_cpp\github_os\output\os_drivers\obj_arm\os_exception_reset.o
 .debug_abbrev  0x08006bbf       0x14 E:\NeuOrga\Programmieren\c_cpp\github_os\output\os_drivers\obj_arm\os_exception_reset.o
 *fill*         0x08006bd3        0x5 
 .debug_aranges
                0x08006bd8       0x20 E:\NeuOrga\Programmieren\c_cpp\github_os\output\os_drivers\obj_arm\os_exception_reset.o
 .debug_str     0x08006bf8       0x50 E:\NeuOrga\Programmieren\c_cpp\github_os\output\os_drivers\obj_arm\os_exception_reset.o
                                 0x96 (size before relaxing)
 .ARM.attributes
                0x08006c48       0x21 E:\NeuOrga\Programmieren\c_cpp\github_os\output\os_drivers\obj_arm\os_exception_reset.o
 os_common.o()
 *fill*         0x08006c69        0x3 
 .text          0x08006c6c      0x8c4 os_common.o
                0x08006c6c                OS_SetSwBug
                0x08006c78                OS_GetCurrentTime
                0x08006c9c                OS_ResetCurrentTime
                0x08006cd8                IntAdd
                0x08006dd4                IntSub
                0x08006f40                IsLess
                0x08006fec                IsLessOrEqual
                0x0800715c                IsEqual
                0x080071e8                IsGreater
                0x08007298                IsGreaterOrEqual
                0x08007408                Assign
                0x08007508                AssignNull
                0x08007514                AssignUint32
 .data          0x08007530        0x0 os_common.o
 .bss           0x08007530        0x0 os_common.o
 .debug_info    0x08007530      0xc81 os_common.o
 .debug_abbrev  0x080081b1      0x26b os_common.o
 .debug_loc     0x0800841c      0xd59 os_common.o
 .debug_aranges
                0x08009175       0x20 os_common.o
 .debug_ranges  0x08009195       0x80 os_common.o
 .debug_macro   0x08009215       0xc4 os_common.o
 .debug_line    0x080092d9      0x3a6 os_common.o
 .debug_str     0x0800967f      0x3c7 os_common.o
                               0x3e06 (size before relaxing)
 .comment       0x08009a46       0x80 os_common.o
 *fill*         0x08009a46        0x2 
 .debug_frame   0x08009a48      0x1a4 os_common.o
 .ARM.attributes
                0x08009bec       0x33 os_common.o
 os_exception.o()
 *fill*         0x08009c1f        0x1 
 .text          0x08009c20      0x3f4 os_exception.o
                0x08009c20                OS_Exception_HARDFAULT
                0x08009ca0                OS_Exception_NMI
                0x08009d20                OS_Exception_SWI
                0x08009d30                OS_Exception_BUS_FAULT
                0x08009db0                OS_Exception_DEBUG
                0x08009e24                OS_Exception_MEM_MANAG_FAULT
                0x08009ea4                OS_Exception_USAGE_FAULT
                0x08009f24                OS_Exception_PendSV
                0x08009f2c                OS_Exception_Systick
                0x0800a00c                OS_Exception_IRQ
                0x0800a010                OS_Exception_FIQ
 .data          0x0800a014        0x0 os_exception.o
 .bss           0x0800a014        0x0 os_exception.o
 .debug_info    0x0800a014      0x9a6 os_exception.o
 .debug_abbrev  0x0800a9ba      0x1c9 os_exception.o
 .debug_loc     0x0800ab83       0x48 os_exception.o
 .debug_aranges
                0x0800abcb       0x20 os_exception.o
 .debug_macro   0x0800abeb      0x141 os_exception.o
 .debug_macro   0x0800ad2c      0xa3c os_exception.o
 .debug_macro   0x0800b768       0x1c os_exception.o
 .debug_macro   0x0800b784       0x28 os_exception.o
 .debug_line    0x0800b7ac      0x2c8 os_exception.o
 .debug_str     0x0800ba74      0x701 os_exception.o
                               0x410b (size before relaxing)
 .comment       0x0800c175       0x80 os_exception.o
 *fill*         0x0800c175        0x3 
 .debug_frame   0x0800c178      0x138 os_exception.o
 .ARM.attributes
                0x0800c2b0       0x33 os_exception.o
 os_exception_isr_handler.o()
 *fill*         0x0800c2e3        0x1 
 .text          0x0800c2e4        0x4 os_exception_isr_handler.o
                0x0800c2e4                OS_ISRHANDLERC0
 .data          0x0800c2e8        0x0 os_exception_isr_handler.o
 .bss           0x0800c2e8        0x0 os_exception_isr_handler.o
 .debug_info    0x0800c2e8      0x6dc os_exception_isr_handler.o
 .debug_abbrev  0x0800c9c4      0x108 os_exception_isr_handler.o
 .debug_aranges
                0x0800cacc       0x20 os_exception_isr_handler.o
 .debug_macro   0x0800caec       0xb5 os_exception_isr_handler.o
 .debug_line    0x0800cba1      0x21f os_exception_isr_handler.o
 .debug_str     0x0800cdc0       0x56 os_exception_isr_handler.o
                               0x3b10 (size before relaxing)
 .comment       0x0800ce16       0x80 os_exception_isr_handler.o
 *fill*         0x0800ce16        0x2 
 .debug_frame   0x0800ce18       0x20 os_exception_isr_handler.o
 .ARM.attributes
                0x0800ce38       0x33 os_exception_isr_handler.o
 os_exception_table.o()
 os_init_task_system.o()
 *fill*         0x0800ce6b        0x1 
 .text          0x0800ce6c        0x4 os_init_task_system.o
                0x0800ce6c                OS_InitTaskSystem
 .data          0x0800ce70        0x0 os_init_task_system.o
 .bss           0x0800ce70        0x0 os_init_task_system.o
 .debug_info    0x0800ce70      0x6f5 os_init_task_system.o
 .debug_abbrev  0x0800d565      0x129 os_init_task_system.o
 .debug_aranges
                0x0800d68e       0x20 os_init_task_system.o
 .debug_macro   0x0800d6ae       0xbb os_init_task_system.o
 .debug_macro   0x0800d769       0x22 os_init_task_system.o
 .debug_line    0x0800d78b      0x21a os_init_task_system.o
 .debug_str     0x0800d9a5       0x70 os_init_task_system.o
                               0x3b1a (size before relaxing)
 .comment       0x0800da15       0x80 os_init_task_system.o
 *fill*         0x0800da15        0x3 
 .debug_frame   0x0800da18       0x20 os_init_task_system.o
 .ARM.attributes
                0x0800da38       0x33 os_init_task_system.o
 os_main.o()
 *fill*         0x0800da6b        0x1 
 .text          0x0800da6c       0xf4 os_main.o
                0x0800da6c                OS_StateHandler
 .data          0x0800db60        0x0 os_main.o
 .bss           0x0800db60        0x9 os_main.o
 .debug_info    0x0800db69      0x8c9 os_main.o
 .debug_abbrev  0x0800e432      0x184 os_main.o
 .debug_aranges
                0x0800e5b6       0x20 os_main.o
 .debug_macro   0x0800e5d6       0xe6 os_main.o
 .debug_line    0x0800e6bc      0x2ac os_main.o
 .debug_str     0x0800e968      0x1b1 os_main.o
                               0x3d60 (size before relaxing)
 .comment       0x0800eb19       0x80 os_main.o
 *fill*         0x0800eb19        0x3 
 .debug_frame   0x0800eb1c       0x2c os_main.o
 .ARM.attributes
                0x0800eb48       0x33 os_main.o
 os_memory_mmu_setup.o()
 *fill*         0x0800eb7b        0x1 
 .text          0x0800eb7c       0x6c os_memory_mmu_setup.o
                0x0800eb7c                OS_MmuSetup
 .data          0x0800ebe8        0x0 os_memory_mmu_setup.o
 .bss           0x0800ebe8        0x0 os_memory_mmu_setup.o
 .debug_info    0x0800ebe8      0x6f5 os_memory_mmu_setup.o
 .debug_abbrev  0x0800f2dd      0x129 os_memory_mmu_setup.o
 .debug_aranges
                0x0800f406       0x20 os_memory_mmu_setup.o
 .debug_macro   0x0800f426      0x100 os_memory_mmu_setup.o
 .debug_line    0x0800f526      0x22a os_memory_mmu_setup.o
 .debug_str     0x0800f750      0x289 os_memory_mmu_setup.o
                               0x3cc3 (size before relaxing)
 .comment       0x0800f9d9       0x80 os_memory_mmu_setup.o
 *fill*         0x0800f9d9        0x3 
 .debug_frame   0x0800f9dc       0x3c os_memory_mmu_setup.o
 .ARM.attributes
                0x0800fa18       0x33 os_memory_mmu_setup.o
 os_shutdown.o()
 *fill*         0x0800fa4b        0x1 
 .text          0x0800fa4c       0x40 os_shutdown.o
                0x0800fa4c                OS_Shutdown
 .data          0x0800fa8c        0x0 os_shutdown.o
 .bss           0x0800fa8c        0x0 os_shutdown.o
 .debug_info    0x0800fa8c      0x888 os_shutdown.o
 .debug_abbrev  0x08010314      0x175 os_shutdown.o
 .debug_loc     0x08010489       0x21 os_shutdown.o
 .debug_aranges
                0x080104aa       0x20 os_shutdown.o
 .debug_macro   0x080104ca       0xbc os_shutdown.o
 .debug_line    0x08010586      0x222 os_shutdown.o
 .debug_str     0x080107a8      0x10a os_shutdown.o
                               0x3d34 (size before relaxing)
 .comment       0x080108b2       0x80 os_shutdown.o
 *fill*         0x080108b2        0x2 
 .debug_frame   0x080108b4       0x2c os_shutdown.o
 .ARM.attributes
                0x080108e0       0x33 os_shutdown.o
 os_start_ext_prg.o()
 *fill*         0x08010913        0x1 
 .text          0x08010914       0x10 os_start_ext_prg.o
                0x08010914                OS_StartExtPrg
 .data          0x08010924        0x0 os_start_ext_prg.o
 .bss           0x08010924        0x0 os_start_ext_prg.o
 .debug_info    0x08010924      0x76f os_start_ext_prg.o
 .debug_abbrev  0x08011093      0x16b os_start_ext_prg.o
 .debug_loc     0x080111fe       0x79 os_start_ext_prg.o
 .debug_aranges
                0x08011277       0x20 os_start_ext_prg.o
 .debug_macro   0x08011297       0xa8 os_start_ext_prg.o
 .debug_line    0x0801133f      0x1f2 os_start_ext_prg.o
 .debug_str     0x08011531       0x81 os_start_ext_prg.o
                               0x3ae5 (size before relaxing)
 .comment       0x080115b2       0x80 os_start_ext_prg.o
 *fill*         0x080115b2        0x2 
 .debug_frame   0x080115b4       0x30 os_start_ext_prg.o
 .ARM.attributes
                0x080115e4       0x33 os_start_ext_prg.o
 os_start_init_hw.o()
 *fill*         0x08011617        0x1 
 .text          0x08011618        0x4 os_start_init_hw.o
                0x08011618                OS_InitHw
 .data          0x0801161c        0x0 os_start_init_hw.o
 .bss           0x0801161c        0x0 os_start_init_hw.o
 .debug_info    0x0801161c      0x6dc os_start_init_hw.o
 .debug_abbrev  0x08011cf8      0x108 os_start_init_hw.o
 .debug_aranges
                0x08011e00       0x20 os_start_init_hw.o
 .debug_macro   0x08011e20       0xa8 os_start_init_hw.o
 .debug_line    0x08011ec8      0x1ec os_start_init_hw.o
 .debug_str     0x080120b4       0x4e os_start_init_hw.o
                               0x3a92 (size before relaxing)
 .comment       0x08012102       0x80 os_start_init_hw.o
 *fill*         0x08012102        0x2 
 .debug_frame   0x08012104       0x20 os_start_init_hw.o
 .ARM.attributes
                0x08012124       0x33 os_start_init_hw.o
 os_start_init_mc.o()
 *fill*         0x08012157        0x1 
 .text          0x08012158        0x4 os_start_init_mc.o
                0x08012158                OS_InitMc
 .data          0x0801215c        0x0 os_start_init_mc.o
 .bss           0x0801215c        0x0 os_start_init_mc.o
 .debug_info    0x0801215c      0x6f5 os_start_init_mc.o
 .debug_abbrev  0x08012851      0x129 os_start_init_mc.o
 .debug_aranges
                0x0801297a       0x20 os_start_init_mc.o
 .debug_macro   0x0801299a       0xbc os_start_init_mc.o
 .debug_line    0x08012a56      0x21b os_start_init_mc.o
 .debug_str     0x08012c71       0x4e os_start_init_mc.o
                               0x3acd (size before relaxing)
 .comment       0x08012cbf       0x80 os_start_init_mc.o
 *fill*         0x08012cbf        0x1 
 .debug_frame   0x08012cc0       0x20 os_start_init_mc.o
 .ARM.attributes
                0x08012ce0       0x33 os_start_init_mc.o
 os_start_init_sw.o()
 *fill*         0x08012d13        0x1 
 .text          0x08012d14       0x58 os_start_init_sw.o
                0x08012d14                OS_InitSw
 .data          0x08012d6c        0x0 os_start_init_sw.o
 .bss           0x08012d6c        0x0 os_start_init_sw.o
 .debug_info    0x08012d6c      0x702 os_start_init_sw.o
 .debug_abbrev  0x0801346e      0x135 os_start_init_sw.o
 .debug_loc     0x080135a3       0xbc os_start_init_sw.o
 .debug_aranges
                0x0801365f       0x20 os_start_init_sw.o
 .debug_macro   0x0801367f       0xa8 os_start_init_sw.o
 .debug_line    0x08013727      0x1fa os_start_init_sw.o
 .debug_str     0x08013921       0x4e os_start_init_sw.o
                               0x3aa4 (size before relaxing)
 .comment       0x0801396f       0x80 os_start_init_sw.o
 *fill*         0x0801396f        0x1 
 .debug_frame   0x08013970       0x2c os_start_init_sw.o
 .ARM.attributes
                0x0801399c       0x33 os_start_init_sw.o
 os_start_os.o()
 *fill*         0x080139cf        0x1 
 .text          0x080139d0       0x70 os_start_os.o
                0x080139d0                OS_StartOs
 .data          0x08013a40        0x0 os_start_os.o
 .bss           0x08013a40        0x0 os_start_os.o
 .debug_info    0x08013a40      0x6f5 os_start_os.o
 .debug_abbrev  0x08014135      0x129 os_start_os.o
 .debug_aranges
                0x0801425e       0x20 os_start_os.o
 .debug_macro   0x0801427e       0xd4 os_start_os.o
 .debug_line    0x08014352      0x225 os_start_os.o
 .debug_str     0x08014577      0x233 os_start_os.o
                               0x3c8d (size before relaxing)
 .comment       0x080147aa       0x80 os_start_os.o
 *fill*         0x080147aa        0x2 
 .debug_frame   0x080147ac       0x3c os_start_os.o
 .ARM.attributes
                0x080147e8       0x33 os_start_os.o
 os_task_common.o()
 *fill*         0x0801481b        0x1 
 .text          0x0801481c       0xe0 os_task_common.o
                0x0801481c                OS_TaskSaveTaskEnvironment
                0x08014844                OS_TASK_RESTORETASK_ENVIRONMENT
                0x08014864                OS_TASK_RESTORE_SYSTEM_STACK
                0x08014868                OS_TASK_SAVE_SYSTEM_STACK
                0x0801486c                OS_Task_InitTaskEnvironment
 .data          0x080148fc        0x0 os_task_common.o
 .bss           0x080148fc        0x0 os_task_common.o
 .debug_info    0x080148fc      0x979 os_task_common.o
 .debug_abbrev  0x08015275      0x187 os_task_common.o
 .debug_loc     0x080153fc      0x10e os_task_common.o
 .debug_aranges
                0x0801550a       0x20 os_task_common.o
 .debug_macro   0x0801552a       0xb9 os_task_common.o
 .debug_line    0x080155e3      0x263 os_task_common.o
 .debug_str     0x08015846      0x136 os_task_common.o
                               0x3db9 (size before relaxing)
 .comment       0x0801597c       0x80 os_task_common.o
 .debug_frame   0x0801597c       0x9c os_task_common.o
 .ARM.attributes
                0x08015a18       0x33 os_task_common.o
 *fill*         0x08015a4b        0x1 
 COMMON         0x08015a4c       0x28 os_task_common.o
                0x08015a4c                TASK_PTR
 os_task_queue.o()
 .text          0x08015a74      0x5f8 os_task_queue.o
                0x08015a74                SET_RUNNING_TASK
                0x08015bb0                OS_InitTaskQueue
                0x08015bf0                AddToTaskQueue
                0x08015dac                DeleteFromTaskQueue
                0x08015e24                GetFromTaskQueue
                0x08015e28                GetFromSchedulingQueue
                0x08015e34                DeleteFromSchedulingQueue
                0x08015e3c                AddToSchedulingQueue
                0x08015e94                GetIdleTask
                0x08015e9c                AddToIdleTaskQueue
                0x08015fc0                GetRunningTask
                0x08015fc8                GetRunningSchedulingQueueElementPtr
                0x08015fd4                OS_InitTask
 .data          0x0801606c        0x0 os_task_queue.o
 .bss           0x0801606c        0x0 os_task_queue.o
 .debug_info    0x0801606c      0xd3f os_task_queue.o
 .debug_abbrev  0x08016dab      0x1ef os_task_queue.o
 .debug_loc     0x08016f9a      0x534 os_task_queue.o
 .debug_aranges
                0x080174ce       0x20 os_task_queue.o
 .debug_macro   0x080174ee       0xbe os_task_queue.o
 .debug_line    0x080175ac      0x373 os_task_queue.o
 .debug_str     0x0801791f      0x1d8 os_task_queue.o
                               0x3f2a (size before relaxing)
 .comment       0x08017af7       0x80 os_task_queue.o
 *fill*         0x08017af7        0x1 
 .debug_frame   0x08017af8      0x17c os_task_queue.o
 .ARM.attributes
                0x08017c74       0x33 os_task_queue.o
 os_task_scheduler.o()
 *fill*         0x08017ca7        0x1 
 .text          0x08017ca8      0x6e8 os_task_scheduler.o
                0x08017e14                OS_ActivateDispatcher
                0x08017e48                OS_SleepTask
                0x08017ed0                task_state_request
                0x08017f54                OS_CreateTask
                0x08017f88                OS_ActivateTask
                0x08017ffc                OS_StartTask
                0x08018090                OS_TerminateTask
                0x08018100                OS_TaskDispatcher
                0x08018294                OS_InitTasks
 .data          0x08018390        0x0 os_task_scheduler.o
 .bss           0x08018390        0x0 os_task_scheduler.o
 .debug_info    0x08018390     0x156d os_task_scheduler.o
 .debug_abbrev  0x080198fd      0x354 os_task_scheduler.o
 .debug_loc     0x08019c51      0x92c os_task_scheduler.o
 .debug_aranges
                0x0801a57d       0x20 os_task_scheduler.o
 .debug_ranges  0x0801a59d       0xc8 os_task_scheduler.o
 .debug_macro   0x0801a665       0xea os_task_scheduler.o
 .debug_line    0x0801a74f      0x446 os_task_scheduler.o
 .debug_str     0x0801ab95      0x144 os_task_scheduler.o
                               0x41e5 (size before relaxing)
 .comment       0x0801acd9       0x80 os_task_scheduler.o
 *fill*         0x0801acd9        0x3 
 .debug_frame   0x0801acdc      0x30c os_task_scheduler.o
 .ARM.attributes
                0x0801afe8       0x33 os_task_scheduler.o
 os_stack.o()
 *fill*         0x0801b01b        0x1 
 .text          0x0801b01c       0xa0 os_stack.o
                0x0801b01c                OS_StackCheck
 .data          0x0801b0bc        0x0 os_stack.o
 .bss           0x0801b0bc        0x8 os_stack.o
 .debug_info    0x0801b0c4      0x7a0 os_stack.o
 .debug_abbrev  0x0801b864      0x141 os_stack.o
 .debug_aranges
                0x0801b9a5       0x20 os_stack.o
 .debug_macro   0x0801b9c5       0xa8 os_stack.o
 .debug_line    0x0801ba6d      0x20d os_stack.o
 .debug_str     0x0801bc7a       0x5b os_stack.o
                               0x3c27 (size before relaxing)
 .comment       0x0801bcd5       0x80 os_stack.o
 *fill*         0x0801bcd5        0x3 
 .debug_frame   0x0801bcd8       0x38 os_stack.o
 .ARM.attributes
                0x0801bd10       0x33 os_stack.o
 os_heap.o()
 *fill*         0x0801bd43        0x1 
 .text          0x0801bd44        0x0 os_heap.o
 .data          0x0801bd44        0x0 os_heap.o
 .bss           0x0801bd44        0x0 os_heap.o
 .debug_info    0x0801bd44      0x6c3 os_heap.o
 .debug_abbrev  0x0801c407       0xec os_heap.o
 .debug_aranges
                0x0801c4f3       0x18 os_heap.o
 .debug_macro   0x0801c50b       0xac os_heap.o
 .debug_line    0x0801c5b7      0x1d5 os_heap.o
 .debug_str     0x0801c78c       0x45 os_heap.o
                               0x3a7f (size before relaxing)
 .comment       0x0801c7d1       0x80 os_heap.o
 .ARM.attributes
                0x0801c7d1       0x33 os_heap.o
 led.o()
 .text          0x0801c804       0x10 led.o
                0x0801c804                USER_LED_INIT
                0x0801c808                USER_LED_ON
                0x0801c80c                USER_LED_OFF
                0x0801c810                USER_LED_TOGGLE
 .data          0x0801c814        0x0 led.o
 .bss           0x0801c814        0x0 led.o
 .debug_info    0x0801c814      0x772 led.o
 .debug_abbrev  0x0801cf86      0x14b led.o
 .debug_loc     0x0801d0d1       0x21 led.o
 .debug_aranges
                0x0801d0f2       0x20 led.o
 .debug_ranges  0x0801d112       0x10 led.o
 .debug_macro   0x0801d122       0xac led.o
 .debug_line    0x0801d1ce      0x1d7 led.o
 .debug_str     0x0801d3a5       0x97 led.o
                               0x3ad1 (size before relaxing)
 .comment       0x0801d43c       0x80 led.o
 .debug_frame   0x0801d43c       0x50 led.o
 .ARM.attributes
                0x0801d48c       0x33 led.o
                0x0801d4bf                _code_end = .
                [!provide]                PROVIDE (code_start = .)
                [!provide]                PROVIDE (code_end = .)

.glue_7         0x0801d4c0        0x0
 .glue_7        0x0801d4c0        0x0 linker stubs

.glue_7t        0x0801d4c0        0x0
 .glue_7t       0x0801d4c0        0x0 linker stubs

.vfp11_veneer   0x0801d4c0        0x0
 .vfp11_veneer  0x0801d4c0        0x0 linker stubs

.v4_bx          0x0801d4c0        0x0
 .v4_bx         0x0801d4c0        0x0 linker stubs

.data           0x20000010     0xd1cc
                0x20000010                _ram_stack_start = .
 os_ram_stack.o()
 .text          0x20000010        0x0 os_ram_stack.o
 .data          0x20000010        0x0 os_ram_stack.o
 .bss           0x20000010        0x0 os_ram_stack.o
 .debug_info    0x20000010      0x6d0 os_ram_stack.o
 .debug_abbrev  0x200006e0       0xf9 os_ram_stack.o
 .debug_aranges
                0x200007d9       0x18 os_ram_stack.o
 .debug_macro   0x200007f1       0xac os_ram_stack.o
 .debug_line    0x2000089d      0x1e8 os_ram_stack.o
 .debug_str     0x20000a85     0x3a01 os_ram_stack.o
                               0x3a84 (size before relaxing)
 .comment       0x20004486       0x7f os_ram_stack.o
                                 0x80 (size before relaxing)
 .ARM.attributes
                0x20004505       0x33 os_ram_stack.o
 COMMON         0x20004538      0x200 os_ram_stack.o
                0x20004538                OS_MAIN_STACK
                0x20004738                _ram_stack_end = .
                [!provide]                PROVIDE (ram_stack_start = .)
                [!provide]                PROVIDE (ram_stack_end = .)
                0x20004738                _ram_start = .
 os_ram.o()
 .text          0x20004738        0x0 os_ram.o
 .data          0x20004738        0x0 os_ram.o
 .bss           0x20004738        0x0 os_ram.o
 .debug_info    0x20004738      0x9fa os_ram.o
 .debug_abbrev  0x20005132      0x10a os_ram.o
 .debug_aranges
                0x2000523c       0x18 os_ram.o
 .debug_macro   0x20005254       0xb0 os_ram.o
 .debug_line    0x20005304      0x1ef os_ram.o
 .debug_str     0x200054f3      0x108 os_ram.o
                               0x3b42 (size before relaxing)
 .comment       0x200055fb       0x80 os_ram.o
 .ARM.attributes
                0x200055fb       0x33 os_ram.o
 *fill*         0x2000562e        0x2 
 COMMON         0x20005630     0x5cac os_ram.o
                0x20005630                TASK_STACK
                0x2000a450                VAR_MEM_MANAG_FAULT_STATUS_REG
                0x2000a454                REGISTER_R2
                0x2000a458                TASK_GROUP_3
                0x2000a478                RAM_CHECK_FAILURE_ADDR
                0x2000a47c                REGISTER_R0
                0x2000a480                REGISTER_R6
                0x2000a484                REGISTER_R7
                0x2000a488                DBG_CALIB_VALUE
                0x2000a48c                OS_STATE
                0x2000a490                TASK_IDLE_QUEUE
                0x2000a560                REGISTER_R9
                0x2000a564                TASK1_CALL_NR
                0x2000a568                bTASK_QUEUE_INITIALIZED
                0x2000a56c                BACKUP_SYSTICK_CURRENT_VAL_REG
                0x2000a570                STACK_POS
                0x2000a574                TASK2_CALL_NR
                0x2000a578                LAST_CURRENT_TIME
                0x2000a588                LINK_REGISTER_HANDLER
                0x2000a58c                VAR_AUX_FAULT_STATUS_REG
                0x2000a590                REGISTER_R8
                0x2000a594                TASK_3_VAR
                0x2000a664                TASK_0_VAR
                0x2000a734                STACK_USAGE_PERCENT
                0x2000a738                TASK4_CALL_NR
                0x2000a73c                TASK_GROUP_2
                0x2000a75c                REGISTER_R5
                0x2000a760                STACK_ADDR
                0x2000a764                SAVED_STACK_POINTER
                0x2000a768                DBG_RLD_VALUE
                0x2000a76c                REGISTER_R4
                0x2000a770                RUNNING_TASK
                0x2000a840                TASK_RUN_QUEUE
                0x2000b060                VAR_HARDFAULT_STATUS_REG
                0x2000b064                RUNNING_SCHEDULING_QUEUE_ENTRY
                0x2000b068                TASK_GROUP_5
                0x2000b088                REGISTER_R1
                0x2000b08c                DBG_CTRL_VALUE
                0x2000b090                TASK_2_VAR
                0x2000b160                VAR_BUS_FAULT_STATUS_REG
                0x2000b164                RAM_CHECK_FAILURE_DETECTED
                0x2000b168                REGISTER_R10
                0x2000b16c                DBG_CURR_VAL
                0x2000b170                TASK_GROUP_1
                0x2000b190                VAR_FAULT_STATUS_REG
                0x2000b194                TASK_GROUP_4
                0x2000b1b4                REGISTER_R11
                0x2000b1b8                TASK_TRANSITION_REJECTED_STATE
                0x2000b1b9                TASK_TRANSITION_CURRENT_STATE
                0x2000b1ba                SYSTEM_STATE_ACCEPTED
                0x2000b1bc                REGISTER_R3
                0x2000b1c0                TASK_SCHEDULING_QUEUE
                0x2000b1e8                TASK3_CALL_NR
                0x2000b1ec                VAR_MEM_FAULT_ADDR_REG
                0x2000b1f0                VAR_USAGE_FAULT_STATUS_REG
                0x2000b1f4                VAR_BUS_FAULT_ADDR_REG
                0x2000b1f8                TASK_TRANSITION_REJECTED_TASK_ADDR
                0x2000b1fc                OS_SW_BUG
                0x2000b20c                TASK_1_VAR
 os_shared_ram.o()
 .text          0x2000b2dc        0x0 os_shared_ram.o
 .data          0x2000b2dc        0x0 os_shared_ram.o
 .bss           0x2000b2dc        0x0 os_shared_ram.o
 .debug_info    0x2000b2dc      0x7e3 os_shared_ram.o
 .debug_abbrev  0x2000babf       0xfd os_shared_ram.o
 .debug_aranges
                0x2000bbbc       0x18 os_shared_ram.o
 .debug_macro   0x2000bbd4       0xfe os_shared_ram.o
 .debug_line    0x2000bcd2      0x1c9 os_shared_ram.o
 .debug_str     0x2000be9b      0x30b os_shared_ram.o
                               0x3d33 (size before relaxing)
 .comment       0x2000c1a6       0x80 os_shared_ram.o
 .ARM.attributes
                0x2000c1a6       0x33 os_shared_ram.o
 *fill*         0x2000c1d9        0x3 
 COMMON         0x2000c1dc     0x1000 os_shared_ram.o
                0x2000c1dc                RAM_BLOCK_C01_C01
                0x2000c2dc                RAM_BLOCK_C01_C00
                0x2000c3dc                RAM_BLOCK_C00_C00
                0x2000c4dc                RAM_BLOCK_C01_C03
                0x2000c5dc                RAM_BLOCK_C03_C01
                0x2000c6dc                RAM_BLOCK_C00_C01
                0x2000c7dc                RAM_BLOCK_C02_C01
                0x2000c8dc                RAM_BLOCK_C01_C02
                0x2000c9dc                RAM_BLOCK_C03_C00
                0x2000cadc                RAM_BLOCK_C02_C00
                0x2000cbdc                RAM_BLOCK_C02_C02
                0x2000ccdc                RAM_BLOCK_C03_C03
                0x2000cddc                RAM_BLOCK_C03_C02
                0x2000cedc                RAM_BLOCK_C00_C03
                0x2000cfdc                RAM_BLOCK_C00_C02
                0x2000d0dc                RAM_BLOCK_C02_C03
                0x2000d1dc                _ram_end = .
                [!provide]                PROVIDE (ram_start = .)
                [!provide]                PROVIDE (ram_end = .)
START GROUP
LOAD d:/programm/gnu tools arm embedded/7 2018-q2-update/bin/../lib/gcc/arm-none-eabi/7.3.1/thumb/v7e-m\libgcc.a
LOAD d:/programm/gnu tools arm embedded/7 2018-q2-update/bin/../lib/gcc/arm-none-eabi/7.3.1/../../../../arm-none-eabi/lib/thumb/v7e-m\libg.a
LOAD d:/programm/gnu tools arm embedded/7 2018-q2-update/bin/../lib/gcc/arm-none-eabi/7.3.1/../../../../arm-none-eabi/lib/thumb/v7e-m\libc.a
END GROUP
OUTPUT(E:\NeuOrga\Programmieren\c_cpp\github_os\output\VERSION_ARM\operating_system.elf elf32-littlearm)
