Archive member included because of file (symbol)

d:/programm/gnu tools arm embedded/4.9 2015q1/bin/../lib/gcc/arm-none-eabi/4.9.3/armv7e-m\libgcc.a(_arm_addsubdf3.o)
                              os_task_scheduler.o (__aeabi_ui2d)
d:/programm/gnu tools arm embedded/4.9 2015q1/bin/../lib/gcc/arm-none-eabi/4.9.3/armv7e-m\libgcc.a(_arm_cmpdf2.o)
                              os_task_scheduler.o (__aeabi_dcmpgt)

Allocating common symbols
Common symbol       size              file

RAM_BLOCK_C01_C01   0x100             os_shared_ram.o
REGISTER_R2         0x4               os_task_common.o
REGISTER_R0         0x4               os_task_common.o
OS_STACK            0x100             os_ram.o
RAM_BLOCK_C01_C00   0x100             os_shared_ram.o
RAM_BLOCK_C00_C00   0x100             os_shared_ram.o
RAM_BLOCK_C01_C03   0x100             os_shared_ram.o
RAM_BLOCK_C03_C01   0x100             os_shared_ram.o
RAM_BLOCK_C00_C01   0x100             os_shared_ram.o
TASK_PTR            0x14              os_task_common.o
RAM_BLOCK_C02_C01   0x100             os_shared_ram.o
RAM_BLOCK_C01_C02   0x100             os_shared_ram.o
RAM_BLOCK_C03_C00   0x100             os_shared_ram.o
REGISTER_R1         0x4               os_task_common.o
RAM_BLOCK_C02_C00   0x100             os_shared_ram.o
RAM_BLOCK_C02_C02   0x100             os_shared_ram.o
RAM_BLOCK_C03_C03   0x100             os_shared_ram.o
RAM_BLOCK_C03_C02   0x100             os_shared_ram.o
RAM_BLOCK_C00_C03   0x100             os_shared_ram.o
HEAP                0x2710            os_ram.o
REGISTER_R3         0x4               os_task_common.o
RAM_BLOCK_C00_C02   0x100             os_shared_ram.o
RAM_BLOCK_C02_C03   0x100             os_shared_ram.o

Discarded input sections

 .group         0x00000000        0x8 os_exception_table.o
 .group         0x00000000        0x8 os_exception_table.o
 .group         0x00000000        0x8 os_exception_table.o
 .group         0x00000000        0x8 os_exception_table.o
 .group         0x00000000        0x8 os_exception_table.o
 .group         0x00000000        0x8 os_exception_table.o
 .group         0x00000000        0x8 os_const.o
 .group         0x00000000        0x8 os_const.o
 .group         0x00000000        0x8 os_const.o
 .group         0x00000000        0x8 os_const.o
 .group         0x00000000        0x8 os_const.o
 .debug_macro   0x00000000      0x86e os_const.o
 .debug_macro   0x00000000       0x4c os_const.o
 .debug_macro   0x00000000       0x7c os_const.o
 .debug_macro   0x00000000       0x46 os_const.o
 .debug_macro   0x00000000       0x10 os_const.o
 .group         0x00000000        0x8 lld_global.o
 .group         0x00000000        0x8 lld_global.o
 .group         0x00000000        0x8 lld_global.o
 .group         0x00000000        0x8 lld_global.o
 .group         0x00000000        0x8 lld_global.o
 .group         0x00000000        0x8 lld_global.o
 .debug_macro   0x00000000      0x86e lld_global.o
 .debug_macro   0x00000000       0x4c lld_global.o
 .debug_macro   0x00000000       0x7c lld_global.o
 .debug_macro   0x00000000       0x46 lld_global.o
 .debug_macro   0x00000000       0x10 lld_global.o
 .group         0x00000000        0x8 lld_interrupt.o
 .group         0x00000000        0x8 lld_interrupt.o
 .group         0x00000000        0x8 lld_interrupt.o
 .group         0x00000000        0x8 lld_interrupt.o
 .group         0x00000000        0x8 lld_interrupt.o
 .group         0x00000000        0x8 lld_interrupt.o
 .debug_macro   0x00000000      0x86e lld_interrupt.o
 .debug_macro   0x00000000       0x4c lld_interrupt.o
 .debug_macro   0x00000000       0x7c lld_interrupt.o
 .debug_macro   0x00000000       0x28 lld_interrupt.o
 .debug_macro   0x00000000       0x46 lld_interrupt.o
 .debug_macro   0x00000000       0x10 lld_interrupt.o
 .group         0x00000000        0x8 lld_mmu.o
 .group         0x00000000        0x8 lld_mmu.o
 .group         0x00000000        0x8 lld_mmu.o
 .group         0x00000000        0x8 lld_mmu.o
 .group         0x00000000        0x8 lld_mmu.o
 .group         0x00000000        0x8 lld_mmu.o
 .debug_macro   0x00000000      0x86e lld_mmu.o
 .debug_macro   0x00000000       0x4c lld_mmu.o
 .debug_macro   0x00000000       0x7c lld_mmu.o
 .debug_macro   0x00000000       0x28 lld_mmu.o
 .debug_macro   0x00000000       0x46 lld_mmu.o
 .debug_macro   0x00000000       0x10 lld_mmu.o
 .group         0x00000000        0x8 lld_ram.o
 .group         0x00000000        0x8 lld_ram.o
 .group         0x00000000        0x8 lld_ram.o
 .group         0x00000000        0x8 lld_ram.o
 .group         0x00000000        0x8 lld_ram.o
 .group         0x00000000        0x8 lld_ram.o
 .debug_macro   0x00000000      0x86e lld_ram.o
 .debug_macro   0x00000000       0x4c lld_ram.o
 .debug_macro   0x00000000       0x7c lld_ram.o
 .debug_macro   0x00000000       0x28 lld_ram.o
 .debug_macro   0x00000000       0x46 lld_ram.o
 .debug_macro   0x00000000       0x10 lld_ram.o
 .group         0x00000000        0x8 lld_timer.o
 .group         0x00000000        0x8 lld_timer.o
 .group         0x00000000        0x8 lld_timer.o
 .group         0x00000000        0x8 lld_timer.o
 .group         0x00000000        0x8 lld_timer.o
 .group         0x00000000        0x8 lld_timer.o
 .debug_macro   0x00000000      0x86e lld_timer.o
 .debug_macro   0x00000000       0x4c lld_timer.o
 .debug_macro   0x00000000       0x7c lld_timer.o
 .debug_macro   0x00000000       0x28 lld_timer.o
 .debug_macro   0x00000000       0x46 lld_timer.o
 .debug_macro   0x00000000       0x10 lld_timer.o
 .group         0x00000000        0x8 lld_power.o
 .group         0x00000000        0x8 lld_power.o
 .group         0x00000000        0x8 lld_power.o
 .group         0x00000000        0x8 lld_power.o
 .group         0x00000000        0x8 lld_power.o
 .group         0x00000000        0x8 lld_power.o
 .debug_macro   0x00000000      0x86e lld_power.o
 .debug_macro   0x00000000       0x4c lld_power.o
 .debug_macro   0x00000000       0x7c lld_power.o
 .debug_macro   0x00000000       0x28 lld_power.o
 .debug_macro   0x00000000       0x46 lld_power.o
 .debug_macro   0x00000000       0x10 lld_power.o
 .group         0x00000000        0x8 os_common.o
 .group         0x00000000        0x8 os_common.o
 .group         0x00000000        0x8 os_common.o
 .group         0x00000000        0x8 os_common.o
 .group         0x00000000        0x8 os_common.o
 .debug_macro   0x00000000      0x86e os_common.o
 .debug_macro   0x00000000       0x4c os_common.o
 .debug_macro   0x00000000       0x7c os_common.o
 .debug_macro   0x00000000       0x46 os_common.o
 .debug_macro   0x00000000       0x10 os_common.o
 .group         0x00000000        0x8 os_driver_hook.o
 .group         0x00000000        0x8 os_driver_hook.o
 .group         0x00000000        0x8 os_driver_hook.o
 .group         0x00000000        0x8 os_driver_hook.o
 .group         0x00000000        0x8 os_driver_hook.o
 .debug_macro   0x00000000      0x86e os_driver_hook.o
 .debug_macro   0x00000000       0x4c os_driver_hook.o
 .debug_macro   0x00000000       0x7c os_driver_hook.o
 .debug_macro   0x00000000       0x46 os_driver_hook.o
 .debug_macro   0x00000000       0x10 os_driver_hook.o
 .group         0x00000000        0x8 os_exception.o
 .group         0x00000000        0x8 os_exception.o
 .group         0x00000000        0x8 os_exception.o
 .group         0x00000000        0x8 os_exception.o
 .group         0x00000000        0x8 os_exception.o
 .group         0x00000000        0x8 os_exception.o
 .group         0x00000000        0x8 os_exception.o
 .group         0x00000000        0x8 os_exception.o
 .debug_macro   0x00000000       0x4c os_exception.o
 .debug_macro   0x00000000       0x7c os_exception.o
 .debug_macro   0x00000000       0x46 os_exception.o
 .debug_macro   0x00000000       0x10 os_exception.o
 .debug_macro   0x00000000       0x10 os_exception.o
 .group         0x00000000        0x8 os_exception_isr_handler.o
 .group         0x00000000        0x8 os_exception_isr_handler.o
 .group         0x00000000        0x8 os_exception_isr_handler.o
 .group         0x00000000        0x8 os_exception_isr_handler.o
 .group         0x00000000        0x8 os_exception_isr_handler.o
 .group         0x00000000        0x8 os_exception_isr_handler.o
 .debug_macro   0x00000000      0x86e os_exception_isr_handler.o
 .debug_macro   0x00000000       0x4c os_exception_isr_handler.o
 .debug_macro   0x00000000       0x7c os_exception_isr_handler.o
 .debug_macro   0x00000000       0x46 os_exception_isr_handler.o
 .debug_macro   0x00000000       0x10 os_exception_isr_handler.o
 .group         0x00000000        0x8 os_init_task_system.o
 .group         0x00000000        0x8 os_init_task_system.o
 .group         0x00000000        0x8 os_init_task_system.o
 .group         0x00000000        0x8 os_init_task_system.o
 .group         0x00000000        0x8 os_init_task_system.o
 .group         0x00000000        0x8 os_init_task_system.o
 .debug_macro   0x00000000      0x86e os_init_task_system.o
 .debug_macro   0x00000000       0x4c os_init_task_system.o
 .debug_macro   0x00000000       0x7c os_init_task_system.o
 .debug_macro   0x00000000       0x46 os_init_task_system.o
 .debug_macro   0x00000000       0x10 os_init_task_system.o
 .group         0x00000000        0x8 os_main.o
 .group         0x00000000        0x8 os_main.o
 .group         0x00000000        0x8 os_main.o
 .group         0x00000000        0x8 os_main.o
 .group         0x00000000        0x8 os_main.o
 .group         0x00000000        0x8 os_main.o
 .debug_macro   0x00000000      0x86e os_main.o
 .debug_macro   0x00000000       0x4c os_main.o
 .debug_macro   0x00000000       0x7c os_main.o
 .debug_macro   0x00000000       0x46 os_main.o
 .debug_macro   0x00000000       0x10 os_main.o
 .debug_macro   0x00000000       0x28 os_main.o
 .group         0x00000000        0x8 os_memory_mmu_setup.o
 .group         0x00000000        0x8 os_memory_mmu_setup.o
 .group         0x00000000        0x8 os_memory_mmu_setup.o
 .group         0x00000000        0x8 os_memory_mmu_setup.o
 .group         0x00000000        0x8 os_memory_mmu_setup.o
 .debug_macro   0x00000000      0x86e os_memory_mmu_setup.o
 .debug_macro   0x00000000       0x4c os_memory_mmu_setup.o
 .debug_macro   0x00000000       0x7c os_memory_mmu_setup.o
 .debug_macro   0x00000000       0x46 os_memory_mmu_setup.o
 .debug_macro   0x00000000       0x10 os_memory_mmu_setup.o
 .group         0x00000000        0x8 os_memory_virtualisation.o
 .group         0x00000000        0x8 os_memory_virtualisation.o
 .group         0x00000000        0x8 os_memory_virtualisation.o
 .debug_macro   0x00000000      0x86e os_memory_virtualisation.o
 .debug_macro   0x00000000       0x4c os_memory_virtualisation.o
 .group         0x00000000        0x8 os_rte_common.o
 .group         0x00000000        0x8 os_rte_common.o
 .group         0x00000000        0x8 os_rte_common.o
 .group         0x00000000        0x8 os_rte_common.o
 .group         0x00000000        0x8 os_rte_common.o
 .debug_macro   0x00000000      0x86e os_rte_common.o
 .debug_macro   0x00000000       0x4c os_rte_common.o
 .debug_macro   0x00000000       0x7c os_rte_common.o
 .debug_macro   0x00000000       0x46 os_rte_common.o
 .debug_macro   0x00000000       0x10 os_rte_common.o
 .group         0x00000000        0x8 os_rte_icc.o
 .group         0x00000000        0x8 os_rte_icc.o
 .group         0x00000000        0x8 os_rte_icc.o
 .group         0x00000000        0x8 os_rte_icc.o
 .group         0x00000000        0x8 os_rte_icc.o
 .debug_macro   0x00000000      0x86e os_rte_icc.o
 .debug_macro   0x00000000       0x4c os_rte_icc.o
 .debug_macro   0x00000000       0x7c os_rte_icc.o
 .debug_macro   0x00000000       0x46 os_rte_icc.o
 .debug_macro   0x00000000       0x10 os_rte_icc.o
 .group         0x00000000        0x8 os_shutdown.o
 .group         0x00000000        0x8 os_shutdown.o
 .group         0x00000000        0x8 os_shutdown.o
 .group         0x00000000        0x8 os_shutdown.o
 .group         0x00000000        0x8 os_shutdown.o
 .debug_macro   0x00000000      0x86e os_shutdown.o
 .debug_macro   0x00000000       0x4c os_shutdown.o
 .debug_macro   0x00000000       0x7c os_shutdown.o
 .debug_macro   0x00000000       0x46 os_shutdown.o
 .debug_macro   0x00000000       0x10 os_shutdown.o
 .group         0x00000000        0x8 os_start_ext_prg.o
 .group         0x00000000        0x8 os_start_ext_prg.o
 .group         0x00000000        0x8 os_start_ext_prg.o
 .group         0x00000000        0x8 os_start_ext_prg.o
 .group         0x00000000        0x8 os_start_ext_prg.o
 .debug_macro   0x00000000      0x86e os_start_ext_prg.o
 .debug_macro   0x00000000       0x4c os_start_ext_prg.o
 .debug_macro   0x00000000       0x7c os_start_ext_prg.o
 .debug_macro   0x00000000       0x46 os_start_ext_prg.o
 .debug_macro   0x00000000       0x10 os_start_ext_prg.o
 .group         0x00000000        0x8 os_start_init_hw.o
 .group         0x00000000        0x8 os_start_init_hw.o
 .group         0x00000000        0x8 os_start_init_hw.o
 .group         0x00000000        0x8 os_start_init_hw.o
 .group         0x00000000        0x8 os_start_init_hw.o
 .debug_macro   0x00000000      0x86e os_start_init_hw.o
 .debug_macro   0x00000000       0x4c os_start_init_hw.o
 .debug_macro   0x00000000       0x7c os_start_init_hw.o
 .debug_macro   0x00000000       0x46 os_start_init_hw.o
 .debug_macro   0x00000000       0x10 os_start_init_hw.o
 .group         0x00000000        0x8 os_start_init_mc.o
 .group         0x00000000        0x8 os_start_init_mc.o
 .group         0x00000000        0x8 os_start_init_mc.o
 .group         0x00000000        0x8 os_start_init_mc.o
 .group         0x00000000        0x8 os_start_init_mc.o
 .debug_macro   0x00000000      0x86e os_start_init_mc.o
 .debug_macro   0x00000000       0x4c os_start_init_mc.o
 .debug_macro   0x00000000       0x7c os_start_init_mc.o
 .debug_macro   0x00000000       0x46 os_start_init_mc.o
 .debug_macro   0x00000000       0x10 os_start_init_mc.o
 .group         0x00000000        0x8 os_start_init_sw.o
 .group         0x00000000        0x8 os_start_init_sw.o
 .group         0x00000000        0x8 os_start_init_sw.o
 .group         0x00000000        0x8 os_start_init_sw.o
 .group         0x00000000        0x8 os_start_init_sw.o
 .debug_macro   0x00000000      0x86e os_start_init_sw.o
 .debug_macro   0x00000000       0x4c os_start_init_sw.o
 .debug_macro   0x00000000       0x7c os_start_init_sw.o
 .debug_macro   0x00000000       0x46 os_start_init_sw.o
 .debug_macro   0x00000000       0x10 os_start_init_sw.o
 .group         0x00000000        0x8 os_start_os.o
 .group         0x00000000        0x8 os_start_os.o
 .group         0x00000000        0x8 os_start_os.o
 .group         0x00000000        0x8 os_start_os.o
 .group         0x00000000        0x8 os_start_os.o
 .debug_macro   0x00000000      0x86e os_start_os.o
 .debug_macro   0x00000000       0x4c os_start_os.o
 .debug_macro   0x00000000       0x7c os_start_os.o
 .debug_macro   0x00000000       0x46 os_start_os.o
 .debug_macro   0x00000000       0x10 os_start_os.o
 .group         0x00000000        0x8 os_task_common.o
 .group         0x00000000        0x8 os_task_common.o
 .group         0x00000000        0x8 os_task_common.o
 .group         0x00000000        0x8 os_task_common.o
 .group         0x00000000        0x8 os_task_common.o
 .group         0x00000000        0x8 os_task_common.o
 .group         0x00000000        0x8 os_task_common.o
 .debug_macro   0x00000000      0x86e os_task_common.o
 .debug_macro   0x00000000       0x4c os_task_common.o
 .debug_macro   0x00000000       0x7c os_task_common.o
 .debug_macro   0x00000000       0x46 os_task_common.o
 .debug_macro   0x00000000       0x10 os_task_common.o
 .debug_macro   0x00000000       0x28 os_task_common.o
 .debug_macro   0x00000000       0x28 os_task_common.o
 .group         0x00000000        0x8 os_task_queue.o
 .group         0x00000000        0x8 os_task_queue.o
 .group         0x00000000        0x8 os_task_queue.o
 .group         0x00000000        0x8 os_task_queue.o
 .group         0x00000000        0x8 os_task_queue.o
 .group         0x00000000        0x8 os_task_queue.o
 .group         0x00000000        0x8 os_task_queue.o
 .debug_macro   0x00000000      0x86e os_task_queue.o
 .debug_macro   0x00000000       0x4c os_task_queue.o
 .debug_macro   0x00000000       0x7c os_task_queue.o
 .debug_macro   0x00000000       0x46 os_task_queue.o
 .debug_macro   0x00000000       0x10 os_task_queue.o
 .debug_macro   0x00000000       0x28 os_task_queue.o
 .group         0x00000000        0x8 os_task_scheduler.o
 .group         0x00000000        0x8 os_task_scheduler.o
 .group         0x00000000        0x8 os_task_scheduler.o
 .group         0x00000000        0x8 os_task_scheduler.o
 .group         0x00000000        0x8 os_task_scheduler.o
 .group         0x00000000        0x8 os_task_scheduler.o
 .group         0x00000000        0x8 os_task_scheduler.o
 .group         0x00000000        0x8 os_task_scheduler.o
 .debug_macro   0x00000000      0x86e os_task_scheduler.o
 .debug_macro   0x00000000       0x4c os_task_scheduler.o
 .debug_macro   0x00000000       0x7c os_task_scheduler.o
 .debug_macro   0x00000000       0x46 os_task_scheduler.o
 .debug_macro   0x00000000       0x10 os_task_scheduler.o
 .debug_macro   0x00000000       0x28 os_task_scheduler.o
 .debug_macro   0x00000000       0x1c os_task_scheduler.o
 .debug_macro   0x00000000       0x10 os_task_scheduler.o
 .group         0x00000000        0x8 os_stack.o
 .group         0x00000000        0x8 os_stack.o
 .group         0x00000000        0x8 os_stack.o
 .group         0x00000000        0x8 os_stack.o
 .group         0x00000000        0x8 os_stack.o
 .debug_macro   0x00000000      0x86e os_stack.o
 .debug_macro   0x00000000       0x4c os_stack.o
 .debug_macro   0x00000000       0x7c os_stack.o
 .debug_macro   0x00000000       0x46 os_stack.o
 .debug_macro   0x00000000       0x10 os_stack.o
 .group         0x00000000        0x8 os_heap.o
 .group         0x00000000        0x8 os_heap.o
 .group         0x00000000        0x8 os_heap.o
 .group         0x00000000        0x8 os_heap.o
 .group         0x00000000        0x8 os_heap.o
 .group         0x00000000        0x8 os_heap.o
 .debug_macro   0x00000000      0x86e os_heap.o
 .debug_macro   0x00000000       0x4c os_heap.o
 .debug_macro   0x00000000       0x7c os_heap.o
 .debug_macro   0x00000000       0x46 os_heap.o
 .debug_macro   0x00000000       0x10 os_heap.o
 .group         0x00000000        0x8 os_diagnostic_main.o
 .group         0x00000000        0x8 os_diagnostic_main.o
 .group         0x00000000        0x8 os_diagnostic_main.o
 .group         0x00000000        0x8 os_diagnostic_main.o
 .group         0x00000000        0x8 os_diagnostic_main.o
 .debug_macro   0x00000000      0x86e os_diagnostic_main.o
 .debug_macro   0x00000000       0x4c os_diagnostic_main.o
 .debug_macro   0x00000000       0x7c os_diagnostic_main.o
 .debug_macro   0x00000000       0x46 os_diagnostic_main.o
 .debug_macro   0x00000000       0x10 os_diagnostic_main.o
 .group         0x00000000        0x8 led.o
 .group         0x00000000        0x8 led.o
 .group         0x00000000        0x8 led.o
 .group         0x00000000        0x8 led.o
 .group         0x00000000        0x8 led.o
 .debug_macro   0x00000000      0x86e led.o
 .debug_macro   0x00000000       0x4c led.o
 .debug_macro   0x00000000       0x7c led.o
 .debug_macro   0x00000000       0x46 led.o
 .debug_macro   0x00000000       0x10 led.o
 .group         0x00000000        0x8 os_ram.o
 .group         0x00000000        0x8 os_ram.o
 .group         0x00000000        0x8 os_ram.o
 .group         0x00000000        0x8 os_ram.o
 .group         0x00000000        0x8 os_ram.o
 .group         0x00000000        0x8 os_ram.o
 .group         0x00000000        0x8 os_ram.o
 .debug_macro   0x00000000      0x86e os_ram.o
 .debug_macro   0x00000000       0x4c os_ram.o
 .debug_macro   0x00000000       0x7c os_ram.o
 .debug_macro   0x00000000       0x46 os_ram.o
 .debug_macro   0x00000000       0x10 os_ram.o
 .debug_macro   0x00000000       0x10 os_ram.o
 .debug_macro   0x00000000       0x28 os_ram.o
 .group         0x00000000        0x8 os_shared_ram.o
 .group         0x00000000        0x8 os_shared_ram.o
 .group         0x00000000        0x8 os_shared_ram.o
 .group         0x00000000        0x8 os_shared_ram.o
 .group         0x00000000        0x8 os_shared_ram.o
 .debug_macro   0x00000000      0x86e os_shared_ram.o
 .debug_macro   0x00000000       0x4c os_shared_ram.o
 .debug_macro   0x00000000       0x7c os_shared_ram.o
 .debug_macro   0x00000000       0x46 os_shared_ram.o
 .debug_macro   0x00000000       0x10 os_shared_ram.o

Memory Configuration

Name             Origin             Length             Attributes
rom              0x00000000         0x00100000
ram              0x40000000         0x00030000
*default*        0x00000000         0xffffffff

Linker script and memory map


.text           0x00000000    0x121ac
 os_exception_table.o()
 .text          0x00000000        0x0 os_exception_table.o
 .data          0x00000000       0x20 os_exception_table.o
                0x00000000                isr_vec_table
 .bss           0x00000020        0x0 os_exception_table.o
 .debug_info    0x00000020       0x74 os_exception_table.o
 .debug_abbrev  0x00000094       0x5c os_exception_table.o
 .debug_aranges
                0x000000f0       0x18 os_exception_table.o
 .debug_macro   0x00000108       0x7a os_exception_table.o
 .debug_macro   0x00000182      0x86e os_exception_table.o
 .debug_macro   0x000009f0       0x4c os_exception_table.o
 .debug_macro   0x00000a3c       0x7c os_exception_table.o
 .debug_macro   0x00000ab8       0x46 os_exception_table.o
 .debug_macro   0x00000afe       0x10 os_exception_table.o
 .debug_macro   0x00000b0e       0x10 os_exception_table.o
 .debug_line    0x00000b1e      0x1b8 os_exception_table.o
 .debug_str     0x00000cd6     0x2962 os_exception_table.o
                               0x29a2 (size before relaxing)
 .comment       0x00003638       0x70 os_exception_table.o
                                 0x71 (size before relaxing)
 .ARM.attributes
                0x000036a8       0x33 os_exception_table.o
 .iplt          0x00000000        0x0 os_exception_table.o
 .rel.iplt      0x00000000        0x0 os_exception_table.o
 .igot.plt      0x00000000        0x0 os_exception_table.o
                0x000036db                _data_start = .
 os_const.o()
 *fill*         0x000036db        0x1 
 .text          0x000036dc        0x0 os_const.o
 .data          0x000036dc        0x0 os_const.o
 .bss           0x000036dc        0x0 os_const.o
 .debug_info    0x000036dc       0x3a os_const.o
 .debug_abbrev  0x00003716       0x1c os_const.o
 .debug_aranges
                0x00003732       0x18 os_const.o
 .debug_macro   0x0000374a       0x71 os_const.o
 .debug_line    0x000037bb      0x190 os_const.o
 .debug_str     0x0000394b       0x46 os_const.o
                               0x294f (size before relaxing)
 .comment       0x00000000       0x71 os_const.o
 .ARM.attributes
                0x00003991       0x33 os_const.o
                0x000039c4                _data_end = .
                0x000039c4                PROVIDE (data_start, .)
                0x000039c4                PROVIDE (data_end, .)
 lld_global.o()
 .text          0x000039c4       0xc8 lld_global.o
                0x000039c4                Get_core_id
                0x000039dc                LLF_SAVE_TASK_STACK
                0x000039f8                LLF_SAVE_REGISTERS
                0x00003a0c                LLF_RESTORE_TASK_STACK
                0x00003a28                LLF_RESTORE_REGISTERS
                0x00003a3c                LLF_RESTORE_SYSTEM_STACK
                0x00003a58                LLF_SAVE_SYSTEM_STACK
                0x00003a74                LLF_CLEAR_ALL_GP_REGISTERS
                0x00003a80                LLF_PERFORM_RAM_CHECK
 .data          0x00003a8c        0x0 lld_global.o
 .bss           0x00003a8c        0x0 lld_global.o
 .debug_info    0x00003a8c      0x451 lld_global.o
 .debug_abbrev  0x00003edd      0x11e lld_global.o
 .debug_aranges
                0x00003ffb       0x20 lld_global.o
 .debug_macro   0x0000401b       0xc4 lld_global.o
 .debug_macro   0x000040df       0x28 lld_global.o
 .debug_line    0x00004107      0x1e3 lld_global.o
 .debug_str     0x000042ea      0x442 lld_global.o
                               0x2da4 (size before relaxing)
 .comment       0x00000000       0x71 lld_global.o
 .debug_frame   0x0000472c      0x170 lld_global.o
 .ARM.attributes
                0x0000489c       0x33 lld_global.o
 lld_interrupt.o()
 *fill*         0x000048cf        0x1 
 .text          0x000048d0       0x2c lld_interrupt.o
                0x000048d0                LLF_INT_DISABLE
                0x000048e0                LLF_INT_ENABLE
                0x000048f0                LLF_DISABLE_INTERRUPTS_ALL_CORES
 .data          0x000048fc        0x0 lld_interrupt.o
 .bss           0x000048fc        0x0 lld_interrupt.o
 .debug_info    0x000048fc       0x75 lld_interrupt.o
 .debug_abbrev  0x00004971       0x50 lld_interrupt.o
 .debug_aranges
                0x000049c1       0x20 lld_interrupt.o
 .debug_macro   0x000049e1       0xc8 lld_interrupt.o
 .debug_line    0x00004aa9      0x1d5 lld_interrupt.o
 .debug_str     0x00004c7e       0x8e lld_interrupt.o
                               0x2ab3 (size before relaxing)
 .comment       0x00000000       0x71 lld_interrupt.o
 .debug_frame   0x00004d0c       0x74 lld_interrupt.o
 .ARM.attributes
                0x00004d80       0x33 lld_interrupt.o
 lld_mmu.o()
 *fill*         0x00004db3        0x1 
 .text          0x00004db4       0x50 lld_mmu.o
                0x00004db4                LLF_MPU_DISABLE
                0x00004dc0                LLF_MPU_ENABLE
                0x00004dcc                LLF_MPU_SWITCH_OFF_ALL_REGIONS
                0x00004dd8                LLF_GET_MPU_PRESENT
 .data          0x00004e04        0x0 lld_mmu.o
 .bss           0x00004e04        0x0 lld_mmu.o
 .debug_info    0x00004e04       0xa4 lld_mmu.o
 .debug_abbrev  0x00004ea8       0x6e lld_mmu.o
 .debug_aranges
                0x00004f16       0x20 lld_mmu.o
 .debug_macro   0x00004f36       0xca lld_mmu.o
 .debug_line    0x00005000      0x1d2 lld_mmu.o
 .debug_str     0x000051d2       0xc2 lld_mmu.o
                               0x2aff (size before relaxing)
 .comment       0x00000000       0x71 lld_mmu.o
 .debug_frame   0x00005294       0xa4 lld_mmu.o
 .ARM.attributes
                0x00005338       0x33 lld_mmu.o
 lld_ram.o()
 *fill*         0x0000536b        0x1 
 .text          0x0000536c       0x28 lld_ram.o
                0x0000536c                LLF_CLEAR_ALL_RAM
 .data          0x00005394        0x0 lld_ram.o
 .bss           0x00005394        0x0 lld_ram.o
 .debug_info    0x00005394       0x53 lld_ram.o
 .debug_abbrev  0x000053e7       0x38 lld_ram.o
 .debug_aranges
                0x0000541f       0x20 lld_ram.o
 .debug_macro   0x0000543f       0xc4 lld_ram.o
 .debug_line    0x00005503      0x1cb lld_ram.o
 .debug_str     0x000056ce       0x5a lld_ram.o
                               0x2a7f (size before relaxing)
 .comment       0x00000000       0x71 lld_ram.o
 .debug_frame   0x00005728       0x34 lld_ram.o
 .ARM.attributes
                0x0000575c       0x33 lld_ram.o
 lld_timer.o()
 *fill*         0x0000578f        0x1 
 .text          0x00005790       0x30 lld_timer.o
                0x00005790                LLF_UP_CNT_TIMER_32
                0x000057a0                LLF_ADD_2_TCMP
                0x000057b4                LLF_TCMP1_CONFIG
 .data          0x000057c0        0x0 lld_timer.o
 .bss           0x000057c0        0x0 lld_timer.o
 .debug_info    0x000057c0       0xa2 lld_timer.o
 .debug_abbrev  0x00005862       0x88 lld_timer.o
 .debug_aranges
                0x000058ea       0x20 lld_timer.o
 .debug_macro   0x0000590a       0xc4 lld_timer.o
 .debug_line    0x000059ce      0x1cf lld_timer.o
 .debug_str     0x00005b9d       0x8e lld_timer.o
                               0x2ac4 (size before relaxing)
 .comment       0x00000000       0x71 lld_timer.o
 *fill*         0x00005c2b        0x1 
 .debug_frame   0x00005c2c       0x80 lld_timer.o
 .ARM.attributes
                0x00005cac       0x33 lld_timer.o
 lld_power.o()
 *fill*         0x00005cdf        0x1 
 .text          0x00005ce0       0x28 lld_power.o
                0x00005ce0                LLF_MCU_SWITCH_OFF_POWER
                0x00005cec                LLF_MCU_RESET_POWER
 .data          0x00005d08        0x0 lld_power.o
 .bss           0x00005d08        0x0 lld_power.o
 .debug_info    0x00005d08       0x6f lld_power.o
 .debug_abbrev  0x00005d77       0x5d lld_power.o
 .debug_aranges
                0x00005dd4       0x20 lld_power.o
 .debug_macro   0x00005df4       0xd0 lld_power.o
 .debug_line    0x00005ec4      0x1ce lld_power.o
 .debug_str     0x00006092       0xbb lld_power.o
                               0x2ae7 (size before relaxing)
 .comment       0x00000000       0x71 lld_power.o
 *fill*         0x0000614d        0x3 
 .debug_frame   0x00006150       0x50 lld_power.o
 .ARM.attributes
                0x000061a0       0x33 lld_power.o
 os_exception_reset.o()
 *fill*         0x000061d3        0x1 
 .text          0x000061d4       0x80 E:\NeuOrga\Programmieren\c_cpp\github_os\output\os_drivers\obj_arm\os_exception_reset.o
                0x000061d4                OS_Exception_RESET
 .data          0x00006254        0x0 E:\NeuOrga\Programmieren\c_cpp\github_os\output\os_drivers\obj_arm\os_exception_reset.o
 .bss           0x00006254        0x0 E:\NeuOrga\Programmieren\c_cpp\github_os\output\os_drivers\obj_arm\os_exception_reset.o
 .ARM.attributes
                0x00006254       0x14 E:\NeuOrga\Programmieren\c_cpp\github_os\output\os_drivers\obj_arm\os_exception_reset.o
 os_common.o()
 .text          0x00006268       0x38 os_common.o
                0x00006268                OS_SET_SW_BUG
                0x00006290                Get_current_time
 .data          0x000062a0        0x0 os_common.o
 .bss           0x000062a0       0x10 os_common.o
 .debug_info    0x000062b0      0x16a os_common.o
 .debug_abbrev  0x0000641a       0xa9 os_common.o
 .debug_aranges
                0x000064c3       0x20 os_common.o
 .debug_macro   0x000064e3       0x75 os_common.o
 .debug_line    0x00006558      0x1b7 os_common.o
 .debug_str     0x0000670f      0x2a8 os_common.o
                               0x2bcb (size before relaxing)
 .comment       0x00000000       0x71 os_common.o
 *fill*         0x000069b7        0x1 
 .debug_frame   0x000069b8       0x5c os_common.o
 .ARM.attributes
                0x00006a14       0x33 os_common.o
 os_driver_hook.o()
 *fill*         0x00006a47        0x1 
 .text          0x00006a48        0x0 os_driver_hook.o
 .data          0x00006a48        0x0 os_driver_hook.o
 .bss           0x00006a48        0x0 os_driver_hook.o
 .debug_info    0x00006a48       0x3a os_driver_hook.o
 .debug_abbrev  0x00006a82       0x1c os_driver_hook.o
 .debug_aranges
                0x00006a9e       0x18 os_driver_hook.o
 .debug_macro   0x00006ab6       0x71 os_driver_hook.o
 .debug_line    0x00006b27      0x196 os_driver_hook.o
 .debug_str     0x00006cbd       0x4c os_driver_hook.o
                               0x2955 (size before relaxing)
 .comment       0x00000000       0x71 os_driver_hook.o
 .ARM.attributes
                0x00006d09       0x33 os_driver_hook.o
 os_exception.o()
 .text          0x00006d3c       0x90 os_exception.o
                0x00006d3c                OS_Exception_UNDEFINST
                0x00006d50                OS_Exception_SWI
                0x00006d5c                OS_Exception_ABORT_PREFETCH
                0x00006d70                OS_Exception_ABORT_DATA
                0x00006d84                OS_Exception_IRQ
                0x00006d90                OS_Exception_FIQ
                0x00006d9c                TCMP1
                0x00006da8                TCMP2
                0x00006db4                TCMP3
                0x00006dc0                TCMP4
 .data          0x00006dcc        0x0 os_exception.o
 .bss           0x00006dcc        0x0 os_exception.o
 .debug_info    0x00006dcc      0x19d os_exception.o
 .debug_abbrev  0x00006f69       0x66 os_exception.o
 .debug_aranges
                0x00006fcf       0x20 os_exception.o
 .debug_macro   0x00006fef       0xaa os_exception.o
 .debug_macro   0x00007099      0x868 os_exception.o
 .debug_macro   0x00007901       0x10 os_exception.o
 .debug_macro   0x00007911       0x28 os_exception.o
 .debug_line    0x00007939      0x22a os_exception.o
 .debug_str     0x00007b63      0x258 os_exception.o
                               0x2d08 (size before relaxing)
 .comment       0x00000000       0x71 os_exception.o
 *fill*         0x00007dbb        0x1 
 .debug_frame   0x00007dbc      0x128 os_exception.o
 .ARM.attributes
                0x00007ee4       0x33 os_exception.o
 os_exception_isr_handler.o()
 *fill*         0x00007f17        0x1 
 .text          0x00007f18       0x30 os_exception_isr_handler.o
                0x00007f18                OS_ISRHANDLERC0
                0x00007f24                OS_ISRHANDLERC1
                0x00007f30                OS_ISRHANDLERC2
                0x00007f3c                OS_ISRHANDLERC3
 .data          0x00007f48        0x0 os_exception_isr_handler.o
 .bss           0x00007f48        0x0 os_exception_isr_handler.o
 .debug_info    0x00007f48       0x86 os_exception_isr_handler.o
 .debug_abbrev  0x00007fce       0x38 os_exception_isr_handler.o
 .debug_aranges
                0x00008006       0x20 os_exception_isr_handler.o
 .debug_macro   0x00008026       0x7e os_exception_isr_handler.o
 .debug_macro   0x000080a4       0x28 os_exception_isr_handler.o
 .debug_line    0x000080cc      0x1e3 os_exception_isr_handler.o
 .debug_str     0x000082af      0x106 os_exception_isr_handler.o
                               0x2a0f (size before relaxing)
 .comment       0x00000000       0x71 os_exception_isr_handler.o
 *fill*         0x000083b5        0x3 
 .debug_frame   0x000083b8       0x80 os_exception_isr_handler.o
 .ARM.attributes
                0x00008438       0x33 os_exception_isr_handler.o
 os_exception_table.o()
 os_init_task_system.o()
 *fill*         0x0000846b        0x1 
 .text          0x0000846c        0xc os_init_task_system.o
                0x0000846c                OS_INIT_TASK_SYSTEM
 .data          0x00008478        0x0 os_init_task_system.o
 .bss           0x00008478        0x0 os_init_task_system.o
 .debug_info    0x00008478       0x53 os_init_task_system.o
 .debug_abbrev  0x000084cb       0x38 os_init_task_system.o
 .debug_aranges
                0x00008503       0x20 os_init_task_system.o
 .debug_macro   0x00008523       0x84 os_init_task_system.o
 .debug_macro   0x000085a7       0x22 os_init_task_system.o
 .debug_line    0x000085c9      0x1d5 os_init_task_system.o
 .debug_str     0x0000879e       0x65 os_init_task_system.o
                               0x29de (size before relaxing)
 .comment       0x00000000       0x71 os_init_task_system.o
 *fill*         0x00008803        0x1 
 .debug_frame   0x00008804       0x2c os_init_task_system.o
 .ARM.attributes
                0x00008830       0x33 os_init_task_system.o
 os_main.o()
 *fill*         0x00008863        0x1 
 .text          0x00008864       0x6c os_main.o
                0x00008864                OS_STATE_HANDLER
 .data          0x000088d0        0x0 os_main.o
 .bss           0x000088d0        0x2 os_main.o
 .debug_info    0x000088d2       0xdd os_main.o
 .debug_abbrev  0x000089af       0x6c os_main.o
 .debug_aranges
                0x00008a1b       0x20 os_main.o
 .debug_macro   0x00008a3b       0xa6 os_main.o
 .debug_line    0x00008ae1      0x239 os_main.o
 .debug_str     0x00008d1a      0x132 os_main.o
                               0x2af2 (size before relaxing)
 .comment       0x00000000       0x71 os_main.o
 .debug_frame   0x00008e4c       0x2c os_main.o
 .ARM.attributes
                0x00008e78       0x33 os_main.o
 os_memory_mmu_setup.o()
 *fill*         0x00008eab        0x1 
 .text          0x00008eac        0xc os_memory_mmu_setup.o
                0x00008eac                OS_MMU_SETUP
 .data          0x00008eb8        0x0 os_memory_mmu_setup.o
 .bss           0x00008eb8        0x0 os_memory_mmu_setup.o
 .debug_info    0x00008eb8       0x53 os_memory_mmu_setup.o
 .debug_abbrev  0x00008f0b       0x38 os_memory_mmu_setup.o
 .debug_aranges
                0x00008f43       0x20 os_memory_mmu_setup.o
 .debug_macro   0x00008f63       0xad os_memory_mmu_setup.o
 .debug_line    0x00009010      0x1ab os_memory_mmu_setup.o
 .debug_str     0x000091bb      0x1cc os_memory_mmu_setup.o
                               0x2ad5 (size before relaxing)
 .comment       0x00000000       0x71 os_memory_mmu_setup.o
 *fill*         0x00009387        0x1 
 .debug_frame   0x00009388       0x34 os_memory_mmu_setup.o
 .ARM.attributes
                0x000093bc       0x33 os_memory_mmu_setup.o
 os_memory_virtualisation.o()
 *fill*         0x000093ef        0x1 
 .text          0x000093f0       0x3c os_memory_virtualisation.o
                0x00009408                OS_MALLOC
 .data          0x0000942c        0x0 os_memory_virtualisation.o
 .bss           0x0000942c        0x0 os_memory_virtualisation.o
 .debug_info    0x0000942c       0xee os_memory_virtualisation.o
 .debug_abbrev  0x0000951a       0x9e os_memory_virtualisation.o
 .debug_aranges
                0x000095b8       0x20 os_memory_virtualisation.o
 .debug_macro   0x000095d8       0x91 os_memory_virtualisation.o
 .debug_macro   0x00009669       0x6a os_memory_virtualisation.o
 .debug_line    0x000096d3      0x1c6 os_memory_virtualisation.o
 .debug_str     0x00009899       0xd7 os_memory_virtualisation.o
                               0x281d (size before relaxing)
 .comment       0x00000000       0x71 os_memory_virtualisation.o
 .debug_frame   0x00009970       0x60 os_memory_virtualisation.o
 .ARM.attributes
                0x000099d0       0x33 os_memory_virtualisation.o
 os_rte_common.o()
 *fill*         0x00009a03        0x1 
 .text          0x00009a04        0x0 os_rte_common.o
 .data          0x00009a04        0x0 os_rte_common.o
 .bss           0x00009a04        0x0 os_rte_common.o
 .debug_info    0x00009a04       0x3a os_rte_common.o
 .debug_abbrev  0x00009a3e       0x1c os_rte_common.o
 .debug_aranges
                0x00009a5a       0x18 os_rte_common.o
 .debug_macro   0x00009a72       0x71 os_rte_common.o
 .debug_line    0x00009ae3      0x195 os_rte_common.o
 .debug_str     0x00009c78       0x4b os_rte_common.o
                               0x2954 (size before relaxing)
 .comment       0x00000000       0x71 os_rte_common.o
 .ARM.attributes
                0x00009cc3       0x33 os_rte_common.o
 os_rte_icc.o()
 *fill*         0x00009cf6        0x2 
 .text          0x00009cf8       0x60 os_rte_icc.o
                0x00009cf8                SEND_DATA
                0x00009d18                SEND_PACKAGE
                0x00009d38                SEND_FRAME
 .data          0x00009d58        0x0 os_rte_icc.o
 .bss           0x00009d58        0x0 os_rte_icc.o
 .debug_info    0x00009d58      0x180 os_rte_icc.o
 .debug_abbrev  0x00009ed8       0x93 os_rte_icc.o
 .debug_aranges
                0x00009f6b       0x20 os_rte_icc.o
 .debug_macro   0x00009f8b       0x75 os_rte_icc.o
 .debug_line    0x0000a000      0x1bd os_rte_icc.o
 .debug_str     0x0000a1bd       0xa9 os_rte_icc.o
                               0x29e9 (size before relaxing)
 .comment       0x00000000       0x71 os_rte_icc.o
 *fill*         0x0000a266        0x2 
 .debug_frame   0x0000a268       0x88 os_rte_icc.o
 .ARM.attributes
                0x0000a2f0       0x33 os_rte_icc.o
 os_shutdown.o()
 *fill*         0x0000a323        0x1 
 .text          0x0000a324       0x2c os_shutdown.o
                0x0000a324                OS_SHUTDOWN
 .data          0x0000a350        0x0 os_shutdown.o
 .bss           0x0000a350        0x0 os_shutdown.o
 .debug_info    0x0000a350       0x86 os_shutdown.o
 .debug_abbrev  0x0000a3d6       0x6c os_shutdown.o
 .debug_aranges
                0x0000a442       0x20 os_shutdown.o
 .debug_macro   0x0000a462       0x7b os_shutdown.o
 .debug_line    0x0000a4dd      0x1b8 os_shutdown.o
 .debug_str     0x0000a695       0x6f os_shutdown.o
                               0x29bf (size before relaxing)
 .comment       0x00000000       0x71 os_shutdown.o
 .debug_frame   0x0000a704       0x38 os_shutdown.o
 .ARM.attributes
                0x0000a73c       0x33 os_shutdown.o
 os_start_ext_prg.o()
 *fill*         0x0000a76f        0x1 
 .text          0x0000a770       0x4c os_start_ext_prg.o
                0x0000a78c                OS_StartExtPrg
 .data          0x0000a7bc        0x0 os_start_ext_prg.o
 .bss           0x0000a7bc        0x0 os_start_ext_prg.o
 .debug_info    0x0000a7bc       0xea os_start_ext_prg.o
 .debug_abbrev  0x0000a8a6       0x7e os_start_ext_prg.o
 .debug_aranges
                0x0000a924       0x20 os_start_ext_prg.o
 .debug_macro   0x0000a944       0x71 os_start_ext_prg.o
 .debug_line    0x0000a9b5      0x1b2 os_start_ext_prg.o
 .debug_str     0x0000ab67       0x90 os_start_ext_prg.o
                               0x29bb (size before relaxing)
 .comment       0x00000000       0x71 os_start_ext_prg.o
 *fill*         0x0000abf7        0x1 
 .debug_frame   0x0000abf8       0x60 os_start_ext_prg.o
 .ARM.attributes
                0x0000ac58       0x33 os_start_ext_prg.o
 os_start_init_hw.o()
 *fill*         0x0000ac8b        0x1 
 .text          0x0000ac8c        0xc os_start_init_hw.o
                0x0000ac8c                OS_INIT_HW
 .data          0x0000ac98        0x0 os_start_init_hw.o
 .bss           0x0000ac98        0x0 os_start_init_hw.o
 .debug_info    0x0000ac98       0x53 os_start_init_hw.o
 .debug_abbrev  0x0000aceb       0x38 os_start_init_hw.o
 .debug_aranges
                0x0000ad23       0x20 os_start_init_hw.o
 .debug_macro   0x0000ad43       0x71 os_start_init_hw.o
 .debug_line    0x0000adb4      0x1a6 os_start_init_hw.o
 .debug_str     0x0000af5a       0x59 os_start_init_hw.o
                               0x2962 (size before relaxing)
 .comment       0x00000000       0x71 os_start_init_hw.o
 *fill*         0x0000afb3        0x1 
 .debug_frame   0x0000afb4       0x34 os_start_init_hw.o
 .ARM.attributes
                0x0000afe8       0x33 os_start_init_hw.o
 os_start_init_mc.o()
 *fill*         0x0000b01b        0x1 
 .text          0x0000b01c        0xc os_start_init_mc.o
                0x0000b01c                OS_INIT_MC
 .data          0x0000b028        0x0 os_start_init_mc.o
 .bss           0x0000b028        0x0 os_start_init_mc.o
 .debug_info    0x0000b028       0x53 os_start_init_mc.o
 .debug_abbrev  0x0000b07b       0x38 os_start_init_mc.o
 .debug_aranges
                0x0000b0b3       0x20 os_start_init_mc.o
 .debug_macro   0x0000b0d3       0x71 os_start_init_mc.o
 .debug_line    0x0000b144      0x1a9 os_start_init_mc.o
 .debug_str     0x0000b2ed       0x59 os_start_init_mc.o
                               0x2962 (size before relaxing)
 .comment       0x00000000       0x71 os_start_init_mc.o
 *fill*         0x0000b346        0x2 
 .debug_frame   0x0000b348       0x2c os_start_init_mc.o
 .ARM.attributes
                0x0000b374       0x33 os_start_init_mc.o
 os_start_init_sw.o()
 *fill*         0x0000b3a7        0x1 
 .text          0x0000b3a8        0xc os_start_init_sw.o
                0x0000b3a8                OS_INIT_SW
 .data          0x0000b3b4        0x0 os_start_init_sw.o
 .bss           0x0000b3b4        0x0 os_start_init_sw.o
 .debug_info    0x0000b3b4       0x53 os_start_init_sw.o
 .debug_abbrev  0x0000b407       0x38 os_start_init_sw.o
 .debug_aranges
                0x0000b43f       0x20 os_start_init_sw.o
 .debug_macro   0x0000b45f       0x71 os_start_init_sw.o
 .debug_line    0x0000b4d0      0x1a6 os_start_init_sw.o
 .debug_str     0x0000b676       0x59 os_start_init_sw.o
                               0x2962 (size before relaxing)
 .comment       0x00000000       0x71 os_start_init_sw.o
 *fill*         0x0000b6cf        0x1 
 .debug_frame   0x0000b6d0       0x34 os_start_init_sw.o
 .ARM.attributes
                0x0000b704       0x33 os_start_init_sw.o
 os_start_os.o()
 *fill*         0x0000b737        0x1 
 .text          0x0000b738        0xc os_start_os.o
                0x0000b738                OS_START_OS
 .data          0x0000b744        0x0 os_start_os.o
 .bss           0x0000b744        0x0 os_start_os.o
 .debug_info    0x0000b744       0x53 os_start_os.o
 .debug_abbrev  0x0000b797       0x38 os_start_os.o
 .debug_aranges
                0x0000b7cf       0x20 os_start_os.o
 .debug_macro   0x0000b7ef       0x7b os_start_os.o
 .debug_line    0x0000b86a      0x1af os_start_os.o
 .debug_str     0x0000ba19       0x62 os_start_os.o
                               0x296b (size before relaxing)
 .comment       0x00000000       0x71 os_start_os.o
 *fill*         0x0000ba7b        0x1 
 .debug_frame   0x0000ba7c       0x2c os_start_os.o
 .ARM.attributes
                0x0000baa8       0x33 os_start_os.o
 os_task_common.o()
 *fill*         0x0000badb        0x1 
 .text          0x0000badc      0x1d8 os_task_common.o
                0x0000badc                OS_TASK_SAVETASK_ENVIRONMENT
                0x0000bb1c                OS_TASK_RESTORETASK_ENVIRONMENT
                0x0000bb4c                OS_TASK_RESTORE_SYSTEM_STACK
                0x0000bb60                OS_TASK_SAVE_SYSTEM_STACK
                0x0000bb74                OS_Task_InitTaskEnvironment
                0x0000bc58                OS_Task_DeleteTaskEnvironment
                0x0000bc88                OS_Task_CreateTaskEnvironment
 .data          0x0000bcb4        0x0 os_task_common.o
 .bss           0x0000bcb4        0x0 os_task_common.o
 .debug_info    0x0000bcb4      0x503 os_task_common.o
 .debug_abbrev  0x0000c1b7      0x129 os_task_common.o
 .debug_aranges
                0x0000c2e0       0x20 os_task_common.o
 .debug_macro   0x0000c300       0x87 os_task_common.o
 .debug_line    0x0000c387      0x223 os_task_common.o
 .debug_str     0x0000c5aa      0x151 os_task_common.o
                               0x2f8a (size before relaxing)
 .comment       0x00000000       0x71 os_task_common.o
 *fill*         0x0000c6fb        0x1 
 .debug_frame   0x0000c6fc      0x128 os_task_common.o
 .ARM.attributes
                0x0000c824       0x33 os_task_common.o
 *fill*         0x0000c857        0x1 
 COMMON         0x0000c858       0x24 os_task_common.o
                0x0000c858                REGISTER_R2
                0x0000c85c                REGISTER_R0
                0x0000c860                TASK_PTR
                0x0000c874                REGISTER_R1
                0x0000c878                REGISTER_R3
 os_task_queue.o()
 .text          0x0000c87c      0xa54 os_task_queue.o
                0x0000c87c                SET_RUNNING_TASK
                0x0000c9f4                OS_INIT_TASK_QUEUE
                0x0000ca4c                AddToTaskQueue
                0x0000ce0c                DeleteFromTaskQueue
                0x0000cf0c                GetFromTaskQueue
                0x0000cf24                GetFromLinkList
                0x0000cf48                DeleteFromLinkList
                0x0000cf6c                AddToLinkList
                0x0000cfcc                UpdateLinkList
                0x0000d04c                GetIdleTask
                0x0000d060                AddToIdleTaskQueue
                0x0000d1dc                GetRunningTask
                0x0000d1f0                OS_INIT_TASK
 .data          0x0000d2d0        0x0 os_task_queue.o
 .bss           0x0000d2d0      0x3b4 os_task_queue.o
 .debug_info    0x0000d684      0x6a8 os_task_queue.o
 .debug_abbrev  0x0000dd2c      0x1a7 os_task_queue.o
 .debug_aranges
                0x0000ded3       0x20 os_task_queue.o
 .debug_macro   0x0000def3       0x87 os_task_queue.o
 .debug_macro   0x0000df7a       0x1c os_task_queue.o
 .debug_line    0x0000df96      0x2f2 os_task_queue.o
 .debug_str     0x0000e288      0x26c os_task_queue.o
                               0x3034 (size before relaxing)
 .comment       0x00000000       0x71 os_task_queue.o
 .debug_frame   0x0000e4f4      0x214 os_task_queue.o
 .ARM.attributes
                0x0000e708       0x33 os_task_queue.o
 os_task_scheduler.o()
 *fill*         0x0000e73b        0x1 
 .text          0x0000e73c      0x6e0 os_task_scheduler.o
                0x0000e73c                OS_ACTIVATE_DISPATCHER
                0x0000e74c                OS_SLEEPTASK
                0x0000e76c                task_state_request
                0x0000e850                OS_ActivateTask
                0x0000eb18                OS_INIT_TASKS
                0x0000edcc                ISR_TASK_DISPATCH_C0
                0x0000ede0                ISR_TASK_DISPATCH_C1
                0x0000edf4                ISR_TASK_DISPATCH_C2
                0x0000ee08                ISR_TASK_DISPATCH_C3
 .data          0x0000ee1c        0x0 os_task_scheduler.o
 .bss           0x0000ee1c      0x630 os_task_scheduler.o
 .debug_info    0x0000f44c      0x76a os_task_scheduler.o
 .debug_abbrev  0x0000fbb6      0x1f3 os_task_scheduler.o
 .debug_aranges
                0x0000fda9       0x20 os_task_scheduler.o
 .debug_macro   0x0000fdc9       0x94 os_task_scheduler.o
 .debug_line    0x0000fe5d      0x330 os_task_scheduler.o
 .debug_str     0x0001018d      0x264 os_task_scheduler.o
                               0x30e0 (size before relaxing)
 .comment       0x00000000       0x71 os_task_scheduler.o
 *fill*         0x000103f1        0x3 
 .debug_frame   0x000103f4      0x280 os_task_scheduler.o
 .ARM.attributes
                0x00010674       0x33 os_task_scheduler.o
 os_stack.o()
 *fill*         0x000106a7        0x1 
 .text          0x000106a8        0x0 os_stack.o
 .data          0x000106a8        0x0 os_stack.o
 .bss           0x000106a8        0x0 os_stack.o
 .debug_info    0x000106a8       0x3a os_stack.o
 .debug_abbrev  0x000106e2       0x1c os_stack.o
 .debug_aranges
                0x000106fe       0x18 os_stack.o
 .debug_macro   0x00010716       0x71 os_stack.o
 .debug_line    0x00010787      0x190 os_stack.o
 .debug_str     0x00010917       0x46 os_stack.o
                               0x294f (size before relaxing)
 .comment       0x00000000       0x71 os_stack.o
 .ARM.attributes
                0x0001095d       0x33 os_stack.o
 os_heap.o()
 .text          0x00010990      0x22c os_heap.o
                0x00010990                os_calloc
                0x000109d8                os_realloc
                0x00010a4c                os_malloc
                0x00010ab4                os_free
 .data          0x00010bbc        0x0 os_heap.o
 .bss           0x00010bbc        0x0 os_heap.o
 .debug_info    0x00010bbc      0x243 os_heap.o
 .debug_abbrev  0x00010dff      0x10d os_heap.o
 .debug_aranges
                0x00010f0c       0x20 os_heap.o
 .debug_macro   0x00010f2c       0x84 os_heap.o
 .debug_macro   0x00010fb0       0x22 os_heap.o
 .debug_line    0x00010fd2      0x22b os_heap.o
 .debug_str     0x000111fd       0xe4 os_heap.o
                               0x2a8e (size before relaxing)
 .comment       0x00000000       0x71 os_heap.o
 *fill*         0x000112e1        0x3 
 .debug_frame   0x000112e4      0x100 os_heap.o
 .ARM.attributes
                0x000113e4       0x33 os_heap.o
 os_diagnostic_main.o()
 *fill*         0x00011417        0x1 
 .text          0x00011418        0xc os_diagnostic_main.o
                0x00011418                OS_DIAGNOSTIC_MAIN
 .data          0x00011424        0x0 os_diagnostic_main.o
 .bss           0x00011424        0x0 os_diagnostic_main.o
 .debug_info    0x00011424       0x53 os_diagnostic_main.o
 .debug_abbrev  0x00011477       0x38 os_diagnostic_main.o
 .debug_aranges
                0x000114af       0x20 os_diagnostic_main.o
 .debug_macro   0x000114cf       0x71 os_diagnostic_main.o
 .debug_line    0x00011540      0x1a8 os_diagnostic_main.o
 .debug_str     0x000116e8       0x63 os_diagnostic_main.o
                               0x296c (size before relaxing)
 .comment       0x00000000       0x71 os_diagnostic_main.o
 *fill*         0x0001174b        0x1 
 .debug_frame   0x0001174c       0x34 os_diagnostic_main.o
 .ARM.attributes
                0x00011780       0x33 os_diagnostic_main.o
 led.o()
 *fill*         0x000117b3        0x1 
 .text          0x000117b4       0x50 led.o
                0x000117b4                USER_LED_INIT
                0x000117c8                USER_LED_ON
                0x000117dc                USER_LED_OFF
                0x000117f0                USER_LED_TOGGLE
 .data          0x00011804        0x0 led.o
 .bss           0x00011804        0x0 led.o
 .debug_info    0x00011804       0xfa led.o
 .debug_abbrev  0x000118fe       0x84 led.o
 .debug_aranges
                0x00011982       0x20 led.o
 .debug_macro   0x000119a2       0x75 led.o
 .debug_line    0x00011a17      0x197 led.o
 .debug_str     0x00011bae       0x97 led.o
                               0x29a0 (size before relaxing)
 .comment       0x00000000       0x71 led.o
 *fill*         0x00011c45        0x3 
 .debug_frame   0x00011c48       0xb0 led.o
 .ARM.attributes
                0x00011cf8       0x33 led.o
 *fill*         0x00011d2b        0x1 
 .text          0x00011d2c      0x370 d:/programm/gnu tools arm embedded/4.9 2015q1/bin/../lib/gcc/arm-none-eabi/4.9.3/armv7e-m\libgcc.a(_arm_addsubdf3.o)
                0x00011d2c                __aeabi_drsub
                0x00011d34                __aeabi_dsub
                0x00011d34                __subdf3
                0x00011d38                __aeabi_dadd
                0x00011d38                __adddf3
                0x00011fb0                __floatunsidf
                0x00011fb0                __aeabi_ui2d
                0x00011fd0                __floatsidf
                0x00011fd0                __aeabi_i2d
                0x00011ff4                __aeabi_f2d
                0x00011ff4                __extendsfdf2
                0x00012030                __floatundidf
                0x00012030                __aeabi_ul2d
                0x00012040                __floatdidf
                0x00012040                __aeabi_l2d
 .text          0x0001209c      0x110 d:/programm/gnu tools arm embedded/4.9 2015q1/bin/../lib/gcc/arm-none-eabi/4.9.3/armv7e-m\libgcc.a(_arm_cmpdf2.o)
                0x0001209c                __gtdf2
                0x0001209c                __gedf2
                0x000120a4                __ltdf2
                0x000120a4                __ledf2
                0x000120ac                __nedf2
                0x000120ac                __eqdf2
                0x000120ac                __cmpdf2
                0x00012128                __aeabi_cdrcmple
                0x00012138                __aeabi_cdcmpeq
                0x00012138                __aeabi_cdcmple
                0x00012148                __aeabi_dcmpeq
                0x0001215c                __aeabi_dcmplt
                0x00012170                __aeabi_dcmple
                0x00012184                __aeabi_dcmpge
                0x00012198                __aeabi_dcmpgt

.glue_7         0x000121ac        0x0
 .glue_7        0x00000000        0x0 linker stubs

.glue_7t        0x000121ac        0x0
 .glue_7t       0x00000000        0x0 linker stubs

.vfp11_veneer   0x000121ac        0x0
 .vfp11_veneer  0x00000000        0x0 linker stubs

.v4_bx          0x000121ac        0x0
 .v4_bx         0x00000000        0x0 linker stubs

.data           0x40000000     0x6d2c
                0x40000000                _ram_start = .
 os_ram.o()
 .text          0x40000000        0x0 os_ram.o
 .data          0x40000000        0x0 os_ram.o
 .bss           0x40000000        0x0 os_ram.o
 .debug_info    0x40000000       0x95 os_ram.o
 .debug_abbrev  0x40000095       0x55 os_ram.o
 .debug_aranges
                0x400000ea       0x18 os_ram.o
 .debug_macro   0x40000102       0x83 os_ram.o
 .debug_line    0x40000185      0x1a9 os_ram.o
 .debug_str     0x4000032e     0x29d4 os_ram.o
                               0x2a14 (size before relaxing)
 .comment       0x40002d02       0x70 os_ram.o
                                 0x71 (size before relaxing)
 .ARM.attributes
                0x40002d72       0x33 os_ram.o
 *fill*         0x40002da5        0x3 
 COMMON         0x40002da8     0x2810 os_ram.o
                0x40002da8                OS_STACK
                0x40002ea8                HEAP
 os_shared_ram.o()
 .text          0x400055b8        0x0 os_shared_ram.o
 .data          0x400055b8        0x0 os_shared_ram.o
 .bss           0x400055b8        0x0 os_shared_ram.o
 .debug_info    0x400055b8      0x16c os_shared_ram.o
 .debug_abbrev  0x40005724       0x4c os_shared_ram.o
 .debug_aranges
                0x40005770       0x18 os_shared_ram.o
 .debug_macro   0x40005788       0xd1 os_shared_ram.o
 .debug_line    0x40005859      0x195 os_shared_ram.o
 .debug_str     0x400059ee      0x30b os_shared_ram.o
                               0x2c2d (size before relaxing)
 .comment       0x00000000       0x71 os_shared_ram.o
 .ARM.attributes
                0x40005cf9       0x33 os_shared_ram.o
 COMMON         0x40005d2c     0x1000 os_shared_ram.o
                0x40005d2c                RAM_BLOCK_C01_C01
                0x40005e2c                RAM_BLOCK_C01_C00
                0x40005f2c                RAM_BLOCK_C00_C00
                0x4000602c                RAM_BLOCK_C01_C03
                0x4000612c                RAM_BLOCK_C03_C01
                0x4000622c                RAM_BLOCK_C00_C01
                0x4000632c                RAM_BLOCK_C02_C01
                0x4000642c                RAM_BLOCK_C01_C02
                0x4000652c                RAM_BLOCK_C03_C00
                0x4000662c                RAM_BLOCK_C02_C00
                0x4000672c                RAM_BLOCK_C02_C02
                0x4000682c                RAM_BLOCK_C03_C03
                0x4000692c                RAM_BLOCK_C03_C02
                0x40006a2c                RAM_BLOCK_C00_C03
                0x40006b2c                RAM_BLOCK_C00_C02
                0x40006c2c                RAM_BLOCK_C02_C03
                0x40006d2c                _ram_end = .
                0x40006d2c                PROVIDE (ram_start, .)
                0x40006d2c                PROVIDE (ram_end, .)
 .data          0x40006d2c        0x0 d:/programm/gnu tools arm embedded/4.9 2015q1/bin/../lib/gcc/arm-none-eabi/4.9.3/armv7e-m\libgcc.a(_arm_addsubdf3.o)
 .data          0x40006d2c        0x0 d:/programm/gnu tools arm embedded/4.9 2015q1/bin/../lib/gcc/arm-none-eabi/4.9.3/armv7e-m\libgcc.a(_arm_cmpdf2.o)
START GROUP
LOAD d:/programm/gnu tools arm embedded/4.9 2015q1/bin/../lib/gcc/arm-none-eabi/4.9.3/armv7e-m\libgcc.a
LOAD d:/programm/gnu tools arm embedded/4.9 2015q1/bin/../lib/gcc/arm-none-eabi/4.9.3/../../../../arm-none-eabi/lib/armv7e-m\libg.a
LOAD d:/programm/gnu tools arm embedded/4.9 2015q1/bin/../lib/gcc/arm-none-eabi/4.9.3/../../../../arm-none-eabi/lib/armv7e-m\libc.a
END GROUP
OUTPUT(E:\NeuOrga\Programmieren\c_cpp\github_os\output\VERSION_ARM\operating_system.elf elf32-littlearm)

.bss            0x40006d2c        0x0
 .bss           0x40006d2c        0x0 d:/programm/gnu tools arm embedded/4.9 2015q1/bin/../lib/gcc/arm-none-eabi/4.9.3/armv7e-m\libgcc.a(_arm_addsubdf3.o)
 .bss           0x40006d2c        0x0 d:/programm/gnu tools arm embedded/4.9 2015q1/bin/../lib/gcc/arm-none-eabi/4.9.3/armv7e-m\libgcc.a(_arm_cmpdf2.o)

.ARM.attributes
                0x00000000       0x31
 .ARM.attributes
                0x00000000       0x1e d:/programm/gnu tools arm embedded/4.9 2015q1/bin/../lib/gcc/arm-none-eabi/4.9.3/armv7e-m\libgcc.a(_arm_addsubdf3.o)
 .ARM.attributes
                0x0000001e       0x1e d:/programm/gnu tools arm embedded/4.9 2015q1/bin/../lib/gcc/arm-none-eabi/4.9.3/armv7e-m\libgcc.a(_arm_cmpdf2.o)
