Archive member included because of file (symbol)

d:/programm/gnu tools arm embedded/4.9 2015q1/bin/../lib/gcc/arm-none-eabi/4.9.3/armv7e-m\libgcc.a(_arm_addsubdf3.o)
                              os_task_scheduler.o (__aeabi_ui2d)
d:/programm/gnu tools arm embedded/4.9 2015q1/bin/../lib/gcc/arm-none-eabi/4.9.3/armv7e-m\libgcc.a(_arm_cmpdf2.o)
                              os_task_scheduler.o (__aeabi_dcmpgt)

Allocating common symbols
Common symbol       size              file

RAM_BLOCK_C01_C01   0x100             os_shared_ram.o
REGISTER_R2         0x4               os_task_common.o
REGISTER_R0         0x4               os_task_common.o
OS_STACK            0x100             os_ram.o
RAM_BLOCK_C01_C00   0x100             os_shared_ram.o
RAM_BLOCK_C00_C00   0x100             os_shared_ram.o
RAM_BLOCK_C01_C03   0x100             os_shared_ram.o
RAM_BLOCK_C03_C01   0x100             os_shared_ram.o
RAM_BLOCK_C00_C01   0x100             os_shared_ram.o
TASK_PTR            0x14              os_task_common.o
OS_MAIN_STACK       0x100             os_ram.o
RAM_BLOCK_C02_C01   0x100             os_shared_ram.o
RAM_BLOCK_C01_C02   0x100             os_shared_ram.o
RAM_BLOCK_C03_C00   0x100             os_shared_ram.o
REGISTER_R1         0x4               os_task_common.o
RAM_BLOCK_C02_C00   0x100             os_shared_ram.o
RAM_BLOCK_C02_C02   0x100             os_shared_ram.o
RAM_BLOCK_C03_C03   0x100             os_shared_ram.o
RAM_BLOCK_C03_C02   0x100             os_shared_ram.o
RAM_BLOCK_C00_C03   0x100             os_shared_ram.o
HEAP                0x2710            os_ram.o
REGISTER_R3         0x4               os_task_common.o
RAM_BLOCK_C00_C02   0x100             os_shared_ram.o
RAM_BLOCK_C02_C03   0x100             os_shared_ram.o

Discarded input sections

 .group         0x00000000        0x8 os_exception_table.o
 .group         0x00000000        0x8 os_exception_table.o
 .group         0x00000000        0x8 os_exception_table.o
 .group         0x00000000        0x8 os_exception_table.o
 .group         0x00000000        0x8 os_exception_table.o
 .group         0x00000000        0x8 os_exception_table.o
 .group         0x00000000        0x8 os_exception_table.o
 .group         0x00000000        0x8 os_exception_table.o
 .group         0x00000000        0x8 os_const.o
 .group         0x00000000        0x8 os_const.o
 .group         0x00000000        0x8 os_const.o
 .group         0x00000000        0x8 os_const.o
 .group         0x00000000        0x8 os_const.o
 .group         0x00000000        0x8 os_const.o
 .group         0x00000000        0x8 os_const.o
 .debug_macro   0x00000000      0x86e os_const.o
 .debug_macro   0x00000000       0x4c os_const.o
 .debug_macro   0x00000000       0x88 os_const.o
 .debug_macro   0x00000000       0x16 os_const.o
 .debug_macro   0x00000000       0x28 os_const.o
 .debug_macro   0x00000000       0x46 os_const.o
 .debug_macro   0x00000000       0x10 os_const.o
 .group         0x00000000        0x8 lld_global.o
 .group         0x00000000        0x8 lld_global.o
 .group         0x00000000        0x8 lld_global.o
 .group         0x00000000        0x8 lld_global.o
 .group         0x00000000        0x8 lld_global.o
 .group         0x00000000        0x8 lld_global.o
 .debug_macro   0x00000000      0x86e lld_global.o
 .debug_macro   0x00000000       0x4c lld_global.o
 .debug_macro   0x00000000       0x46 lld_global.o
 .debug_macro   0x00000000       0x10 lld_global.o
 .group         0x00000000        0x8 lld_interrupt.o
 .group         0x00000000        0x8 lld_interrupt.o
 .group         0x00000000        0x8 lld_interrupt.o
 .group         0x00000000        0x8 lld_interrupt.o
 .group         0x00000000        0x8 lld_interrupt.o
 .group         0x00000000        0x8 lld_interrupt.o
 .debug_macro   0x00000000      0x86e lld_interrupt.o
 .debug_macro   0x00000000       0x4c lld_interrupt.o
 .debug_macro   0x00000000       0x7c lld_interrupt.o
 .debug_macro   0x00000000       0x28 lld_interrupt.o
 .debug_macro   0x00000000       0x46 lld_interrupt.o
 .debug_macro   0x00000000       0x10 lld_interrupt.o
 .group         0x00000000        0x8 lld_mmu.o
 .group         0x00000000        0x8 lld_mmu.o
 .group         0x00000000        0x8 lld_mmu.o
 .group         0x00000000        0x8 lld_mmu.o
 .group         0x00000000        0x8 lld_mmu.o
 .group         0x00000000        0x8 lld_mmu.o
 .debug_macro   0x00000000      0x86e lld_mmu.o
 .debug_macro   0x00000000       0x4c lld_mmu.o
 .debug_macro   0x00000000       0x7c lld_mmu.o
 .debug_macro   0x00000000       0x28 lld_mmu.o
 .debug_macro   0x00000000       0x46 lld_mmu.o
 .debug_macro   0x00000000       0x10 lld_mmu.o
 .group         0x00000000        0x8 lld_ram.o
 .group         0x00000000        0x8 lld_ram.o
 .group         0x00000000        0x8 lld_ram.o
 .group         0x00000000        0x8 lld_ram.o
 .group         0x00000000        0x8 lld_ram.o
 .group         0x00000000        0x8 lld_ram.o
 .debug_macro   0x00000000      0x86e lld_ram.o
 .debug_macro   0x00000000       0x4c lld_ram.o
 .debug_macro   0x00000000       0x7c lld_ram.o
 .debug_macro   0x00000000       0x28 lld_ram.o
 .debug_macro   0x00000000       0x46 lld_ram.o
 .debug_macro   0x00000000       0x10 lld_ram.o
 .group         0x00000000        0x8 lld_timer.o
 .group         0x00000000        0x8 lld_timer.o
 .group         0x00000000        0x8 lld_timer.o
 .group         0x00000000        0x8 lld_timer.o
 .group         0x00000000        0x8 lld_timer.o
 .group         0x00000000        0x8 lld_timer.o
 .debug_macro   0x00000000      0x86e lld_timer.o
 .debug_macro   0x00000000       0x4c lld_timer.o
 .debug_macro   0x00000000       0x7c lld_timer.o
 .debug_macro   0x00000000       0x28 lld_timer.o
 .debug_macro   0x00000000       0x46 lld_timer.o
 .debug_macro   0x00000000       0x10 lld_timer.o
 .group         0x00000000        0x8 lld_power.o
 .group         0x00000000        0x8 lld_power.o
 .group         0x00000000        0x8 lld_power.o
 .group         0x00000000        0x8 lld_power.o
 .group         0x00000000        0x8 lld_power.o
 .group         0x00000000        0x8 lld_power.o
 .debug_macro   0x00000000      0x86e lld_power.o
 .debug_macro   0x00000000       0x4c lld_power.o
 .debug_macro   0x00000000       0x7c lld_power.o
 .debug_macro   0x00000000       0x28 lld_power.o
 .debug_macro   0x00000000       0x46 lld_power.o
 .debug_macro   0x00000000       0x10 lld_power.o
 .group         0x00000000        0x8 os_common.o
 .group         0x00000000        0x8 os_common.o
 .group         0x00000000        0x8 os_common.o
 .group         0x00000000        0x8 os_common.o
 .group         0x00000000        0x8 os_common.o
 .group         0x00000000        0x8 os_common.o
 .group         0x00000000        0x8 os_common.o
 .debug_macro   0x00000000      0x86e os_common.o
 .debug_macro   0x00000000       0x4c os_common.o
 .debug_macro   0x00000000       0x88 os_common.o
 .debug_macro   0x00000000       0x16 os_common.o
 .debug_macro   0x00000000       0x28 os_common.o
 .debug_macro   0x00000000       0x46 os_common.o
 .debug_macro   0x00000000       0x10 os_common.o
 .group         0x00000000        0x8 os_driver_hook.o
 .group         0x00000000        0x8 os_driver_hook.o
 .group         0x00000000        0x8 os_driver_hook.o
 .group         0x00000000        0x8 os_driver_hook.o
 .group         0x00000000        0x8 os_driver_hook.o
 .group         0x00000000        0x8 os_driver_hook.o
 .group         0x00000000        0x8 os_driver_hook.o
 .debug_macro   0x00000000      0x86e os_driver_hook.o
 .debug_macro   0x00000000       0x4c os_driver_hook.o
 .debug_macro   0x00000000       0x88 os_driver_hook.o
 .debug_macro   0x00000000       0x16 os_driver_hook.o
 .debug_macro   0x00000000       0x28 os_driver_hook.o
 .debug_macro   0x00000000       0x46 os_driver_hook.o
 .debug_macro   0x00000000       0x10 os_driver_hook.o
 .group         0x00000000        0x8 os_exception.o
 .group         0x00000000        0x8 os_exception.o
 .group         0x00000000        0x8 os_exception.o
 .group         0x00000000        0x8 os_exception.o
 .group         0x00000000        0x8 os_exception.o
 .group         0x00000000        0x8 os_exception.o
 .group         0x00000000        0x8 os_exception.o
 .group         0x00000000        0x8 os_exception.o
 .debug_macro   0x00000000       0x4c os_exception.o
 .debug_macro   0x00000000       0x88 os_exception.o
 .debug_macro   0x00000000       0x16 os_exception.o
 .debug_macro   0x00000000       0x28 os_exception.o
 .debug_macro   0x00000000       0x46 os_exception.o
 .debug_macro   0x00000000       0x10 os_exception.o
 .debug_macro   0x00000000       0x10 os_exception.o
 .group         0x00000000        0x8 os_exception_isr_handler.o
 .group         0x00000000        0x8 os_exception_isr_handler.o
 .group         0x00000000        0x8 os_exception_isr_handler.o
 .group         0x00000000        0x8 os_exception_isr_handler.o
 .group         0x00000000        0x8 os_exception_isr_handler.o
 .group         0x00000000        0x8 os_exception_isr_handler.o
 .group         0x00000000        0x8 os_exception_isr_handler.o
 .group         0x00000000        0x8 os_exception_isr_handler.o
 .debug_macro   0x00000000      0x86e os_exception_isr_handler.o
 .debug_macro   0x00000000       0x4c os_exception_isr_handler.o
 .debug_macro   0x00000000       0x88 os_exception_isr_handler.o
 .debug_macro   0x00000000       0x16 os_exception_isr_handler.o
 .debug_macro   0x00000000       0x28 os_exception_isr_handler.o
 .debug_macro   0x00000000       0x46 os_exception_isr_handler.o
 .debug_macro   0x00000000       0x10 os_exception_isr_handler.o
 .group         0x00000000        0x8 os_init_task_system.o
 .group         0x00000000        0x8 os_init_task_system.o
 .group         0x00000000        0x8 os_init_task_system.o
 .group         0x00000000        0x8 os_init_task_system.o
 .group         0x00000000        0x8 os_init_task_system.o
 .group         0x00000000        0x8 os_init_task_system.o
 .group         0x00000000        0x8 os_init_task_system.o
 .group         0x00000000        0x8 os_init_task_system.o
 .debug_macro   0x00000000      0x86e os_init_task_system.o
 .debug_macro   0x00000000       0x4c os_init_task_system.o
 .debug_macro   0x00000000       0x88 os_init_task_system.o
 .debug_macro   0x00000000       0x16 os_init_task_system.o
 .debug_macro   0x00000000       0x28 os_init_task_system.o
 .debug_macro   0x00000000       0x46 os_init_task_system.o
 .debug_macro   0x00000000       0x10 os_init_task_system.o
 .group         0x00000000        0x8 os_main.o
 .group         0x00000000        0x8 os_main.o
 .group         0x00000000        0x8 os_main.o
 .group         0x00000000        0x8 os_main.o
 .group         0x00000000        0x8 os_main.o
 .group         0x00000000        0x8 os_main.o
 .group         0x00000000        0x8 os_main.o
 .group         0x00000000        0x8 os_main.o
 .debug_macro   0x00000000      0x86e os_main.o
 .debug_macro   0x00000000       0x4c os_main.o
 .debug_macro   0x00000000       0x88 os_main.o
 .debug_macro   0x00000000       0x16 os_main.o
 .debug_macro   0x00000000       0x28 os_main.o
 .debug_macro   0x00000000       0x46 os_main.o
 .debug_macro   0x00000000       0x10 os_main.o
 .debug_macro   0x00000000       0x28 os_main.o
 .group         0x00000000        0x8 os_memory_mmu_setup.o
 .group         0x00000000        0x8 os_memory_mmu_setup.o
 .group         0x00000000        0x8 os_memory_mmu_setup.o
 .group         0x00000000        0x8 os_memory_mmu_setup.o
 .group         0x00000000        0x8 os_memory_mmu_setup.o
 .group         0x00000000        0x8 os_memory_mmu_setup.o
 .group         0x00000000        0x8 os_memory_mmu_setup.o
 .debug_macro   0x00000000      0x86e os_memory_mmu_setup.o
 .debug_macro   0x00000000       0x4c os_memory_mmu_setup.o
 .debug_macro   0x00000000       0x88 os_memory_mmu_setup.o
 .debug_macro   0x00000000       0x16 os_memory_mmu_setup.o
 .debug_macro   0x00000000       0x28 os_memory_mmu_setup.o
 .debug_macro   0x00000000       0x46 os_memory_mmu_setup.o
 .debug_macro   0x00000000       0x10 os_memory_mmu_setup.o
 .group         0x00000000        0x8 os_memory_virtualisation.o
 .group         0x00000000        0x8 os_memory_virtualisation.o
 .group         0x00000000        0x8 os_memory_virtualisation.o
 .debug_macro   0x00000000      0x86e os_memory_virtualisation.o
 .debug_macro   0x00000000       0x4c os_memory_virtualisation.o
 .group         0x00000000        0x8 os_rte_common.o
 .group         0x00000000        0x8 os_rte_common.o
 .group         0x00000000        0x8 os_rte_common.o
 .group         0x00000000        0x8 os_rte_common.o
 .group         0x00000000        0x8 os_rte_common.o
 .group         0x00000000        0x8 os_rte_common.o
 .group         0x00000000        0x8 os_rte_common.o
 .debug_macro   0x00000000      0x86e os_rte_common.o
 .debug_macro   0x00000000       0x4c os_rte_common.o
 .debug_macro   0x00000000       0x88 os_rte_common.o
 .debug_macro   0x00000000       0x16 os_rte_common.o
 .debug_macro   0x00000000       0x28 os_rte_common.o
 .debug_macro   0x00000000       0x46 os_rte_common.o
 .debug_macro   0x00000000       0x10 os_rte_common.o
 .group         0x00000000        0x8 os_rte_icc.o
 .group         0x00000000        0x8 os_rte_icc.o
 .group         0x00000000        0x8 os_rte_icc.o
 .group         0x00000000        0x8 os_rte_icc.o
 .group         0x00000000        0x8 os_rte_icc.o
 .group         0x00000000        0x8 os_rte_icc.o
 .group         0x00000000        0x8 os_rte_icc.o
 .debug_macro   0x00000000      0x86e os_rte_icc.o
 .debug_macro   0x00000000       0x4c os_rte_icc.o
 .debug_macro   0x00000000       0x88 os_rte_icc.o
 .debug_macro   0x00000000       0x16 os_rte_icc.o
 .debug_macro   0x00000000       0x28 os_rte_icc.o
 .debug_macro   0x00000000       0x46 os_rte_icc.o
 .debug_macro   0x00000000       0x10 os_rte_icc.o
 .group         0x00000000        0x8 os_shutdown.o
 .group         0x00000000        0x8 os_shutdown.o
 .group         0x00000000        0x8 os_shutdown.o
 .group         0x00000000        0x8 os_shutdown.o
 .group         0x00000000        0x8 os_shutdown.o
 .group         0x00000000        0x8 os_shutdown.o
 .group         0x00000000        0x8 os_shutdown.o
 .debug_macro   0x00000000      0x86e os_shutdown.o
 .debug_macro   0x00000000       0x4c os_shutdown.o
 .debug_macro   0x00000000       0x88 os_shutdown.o
 .debug_macro   0x00000000       0x16 os_shutdown.o
 .debug_macro   0x00000000       0x28 os_shutdown.o
 .debug_macro   0x00000000       0x46 os_shutdown.o
 .debug_macro   0x00000000       0x10 os_shutdown.o
 .group         0x00000000        0x8 os_start_ext_prg.o
 .group         0x00000000        0x8 os_start_ext_prg.o
 .group         0x00000000        0x8 os_start_ext_prg.o
 .group         0x00000000        0x8 os_start_ext_prg.o
 .group         0x00000000        0x8 os_start_ext_prg.o
 .group         0x00000000        0x8 os_start_ext_prg.o
 .group         0x00000000        0x8 os_start_ext_prg.o
 .debug_macro   0x00000000      0x86e os_start_ext_prg.o
 .debug_macro   0x00000000       0x4c os_start_ext_prg.o
 .debug_macro   0x00000000       0x88 os_start_ext_prg.o
 .debug_macro   0x00000000       0x16 os_start_ext_prg.o
 .debug_macro   0x00000000       0x28 os_start_ext_prg.o
 .debug_macro   0x00000000       0x46 os_start_ext_prg.o
 .debug_macro   0x00000000       0x10 os_start_ext_prg.o
 .group         0x00000000        0x8 os_start_init_hw.o
 .group         0x00000000        0x8 os_start_init_hw.o
 .group         0x00000000        0x8 os_start_init_hw.o
 .group         0x00000000        0x8 os_start_init_hw.o
 .group         0x00000000        0x8 os_start_init_hw.o
 .group         0x00000000        0x8 os_start_init_hw.o
 .group         0x00000000        0x8 os_start_init_hw.o
 .debug_macro   0x00000000      0x86e os_start_init_hw.o
 .debug_macro   0x00000000       0x4c os_start_init_hw.o
 .debug_macro   0x00000000       0x88 os_start_init_hw.o
 .debug_macro   0x00000000       0x16 os_start_init_hw.o
 .debug_macro   0x00000000       0x28 os_start_init_hw.o
 .debug_macro   0x00000000       0x46 os_start_init_hw.o
 .debug_macro   0x00000000       0x10 os_start_init_hw.o
 .group         0x00000000        0x8 os_start_init_mc.o
 .group         0x00000000        0x8 os_start_init_mc.o
 .group         0x00000000        0x8 os_start_init_mc.o
 .group         0x00000000        0x8 os_start_init_mc.o
 .group         0x00000000        0x8 os_start_init_mc.o
 .group         0x00000000        0x8 os_start_init_mc.o
 .group         0x00000000        0x8 os_start_init_mc.o
 .debug_macro   0x00000000      0x86e os_start_init_mc.o
 .debug_macro   0x00000000       0x4c os_start_init_mc.o
 .debug_macro   0x00000000       0x88 os_start_init_mc.o
 .debug_macro   0x00000000       0x16 os_start_init_mc.o
 .debug_macro   0x00000000       0x28 os_start_init_mc.o
 .debug_macro   0x00000000       0x46 os_start_init_mc.o
 .debug_macro   0x00000000       0x10 os_start_init_mc.o
 .group         0x00000000        0x8 os_start_init_sw.o
 .group         0x00000000        0x8 os_start_init_sw.o
 .group         0x00000000        0x8 os_start_init_sw.o
 .group         0x00000000        0x8 os_start_init_sw.o
 .group         0x00000000        0x8 os_start_init_sw.o
 .group         0x00000000        0x8 os_start_init_sw.o
 .group         0x00000000        0x8 os_start_init_sw.o
 .debug_macro   0x00000000      0x86e os_start_init_sw.o
 .debug_macro   0x00000000       0x4c os_start_init_sw.o
 .debug_macro   0x00000000       0x88 os_start_init_sw.o
 .debug_macro   0x00000000       0x16 os_start_init_sw.o
 .debug_macro   0x00000000       0x28 os_start_init_sw.o
 .debug_macro   0x00000000       0x46 os_start_init_sw.o
 .debug_macro   0x00000000       0x10 os_start_init_sw.o
 .group         0x00000000        0x8 os_start_os.o
 .group         0x00000000        0x8 os_start_os.o
 .group         0x00000000        0x8 os_start_os.o
 .group         0x00000000        0x8 os_start_os.o
 .group         0x00000000        0x8 os_start_os.o
 .group         0x00000000        0x8 os_start_os.o
 .group         0x00000000        0x8 os_start_os.o
 .debug_macro   0x00000000      0x86e os_start_os.o
 .debug_macro   0x00000000       0x4c os_start_os.o
 .debug_macro   0x00000000       0x88 os_start_os.o
 .debug_macro   0x00000000       0x16 os_start_os.o
 .debug_macro   0x00000000       0x28 os_start_os.o
 .debug_macro   0x00000000       0x46 os_start_os.o
 .debug_macro   0x00000000       0x10 os_start_os.o
 .group         0x00000000        0x8 os_task_common.o
 .group         0x00000000        0x8 os_task_common.o
 .group         0x00000000        0x8 os_task_common.o
 .group         0x00000000        0x8 os_task_common.o
 .group         0x00000000        0x8 os_task_common.o
 .group         0x00000000        0x8 os_task_common.o
 .group         0x00000000        0x8 os_task_common.o
 .group         0x00000000        0x8 os_task_common.o
 .debug_macro   0x00000000      0x86e os_task_common.o
 .debug_macro   0x00000000       0x4c os_task_common.o
 .debug_macro   0x00000000       0x88 os_task_common.o
 .debug_macro   0x00000000       0x16 os_task_common.o
 .debug_macro   0x00000000       0x28 os_task_common.o
 .debug_macro   0x00000000       0x46 os_task_common.o
 .debug_macro   0x00000000       0x10 os_task_common.o
 .debug_macro   0x00000000       0x28 os_task_common.o
 .group         0x00000000        0x8 os_task_queue.o
 .group         0x00000000        0x8 os_task_queue.o
 .group         0x00000000        0x8 os_task_queue.o
 .group         0x00000000        0x8 os_task_queue.o
 .group         0x00000000        0x8 os_task_queue.o
 .group         0x00000000        0x8 os_task_queue.o
 .group         0x00000000        0x8 os_task_queue.o
 .group         0x00000000        0x8 os_task_queue.o
 .group         0x00000000        0x8 os_task_queue.o
 .debug_macro   0x00000000      0x86e os_task_queue.o
 .debug_macro   0x00000000       0x4c os_task_queue.o
 .debug_macro   0x00000000       0x88 os_task_queue.o
 .debug_macro   0x00000000       0x16 os_task_queue.o
 .debug_macro   0x00000000       0x28 os_task_queue.o
 .debug_macro   0x00000000       0x46 os_task_queue.o
 .debug_macro   0x00000000       0x10 os_task_queue.o
 .debug_macro   0x00000000       0x28 os_task_queue.o
 .group         0x00000000        0x8 os_task_scheduler.o
 .group         0x00000000        0x8 os_task_scheduler.o
 .group         0x00000000        0x8 os_task_scheduler.o
 .group         0x00000000        0x8 os_task_scheduler.o
 .group         0x00000000        0x8 os_task_scheduler.o
 .group         0x00000000        0x8 os_task_scheduler.o
 .group         0x00000000        0x8 os_task_scheduler.o
 .group         0x00000000        0x8 os_task_scheduler.o
 .group         0x00000000        0x8 os_task_scheduler.o
 .debug_macro   0x00000000      0x86e os_task_scheduler.o
 .debug_macro   0x00000000       0x4c os_task_scheduler.o
 .debug_macro   0x00000000       0x88 os_task_scheduler.o
 .debug_macro   0x00000000       0x16 os_task_scheduler.o
 .debug_macro   0x00000000       0x28 os_task_scheduler.o
 .debug_macro   0x00000000       0x46 os_task_scheduler.o
 .debug_macro   0x00000000       0x10 os_task_scheduler.o
 .debug_macro   0x00000000       0x28 os_task_scheduler.o
 .debug_macro   0x00000000       0x1c os_task_scheduler.o
 .group         0x00000000        0x8 os_stack.o
 .group         0x00000000        0x8 os_stack.o
 .group         0x00000000        0x8 os_stack.o
 .group         0x00000000        0x8 os_stack.o
 .group         0x00000000        0x8 os_stack.o
 .group         0x00000000        0x8 os_stack.o
 .group         0x00000000        0x8 os_stack.o
 .debug_macro   0x00000000      0x86e os_stack.o
 .debug_macro   0x00000000       0x4c os_stack.o
 .debug_macro   0x00000000       0x88 os_stack.o
 .debug_macro   0x00000000       0x16 os_stack.o
 .debug_macro   0x00000000       0x28 os_stack.o
 .debug_macro   0x00000000       0x46 os_stack.o
 .debug_macro   0x00000000       0x10 os_stack.o
 .group         0x00000000        0x8 os_heap.o
 .group         0x00000000        0x8 os_heap.o
 .group         0x00000000        0x8 os_heap.o
 .group         0x00000000        0x8 os_heap.o
 .group         0x00000000        0x8 os_heap.o
 .group         0x00000000        0x8 os_heap.o
 .group         0x00000000        0x8 os_heap.o
 .debug_macro   0x00000000      0x86e os_heap.o
 .debug_macro   0x00000000       0x4c os_heap.o
 .debug_macro   0x00000000       0x88 os_heap.o
 .debug_macro   0x00000000       0x16 os_heap.o
 .debug_macro   0x00000000       0x28 os_heap.o
 .debug_macro   0x00000000       0x46 os_heap.o
 .debug_macro   0x00000000       0x10 os_heap.o
 .group         0x00000000        0x8 os_diagnostic_main.o
 .group         0x00000000        0x8 os_diagnostic_main.o
 .group         0x00000000        0x8 os_diagnostic_main.o
 .group         0x00000000        0x8 os_diagnostic_main.o
 .group         0x00000000        0x8 os_diagnostic_main.o
 .group         0x00000000        0x8 os_diagnostic_main.o
 .group         0x00000000        0x8 os_diagnostic_main.o
 .debug_macro   0x00000000      0x86e os_diagnostic_main.o
 .debug_macro   0x00000000       0x4c os_diagnostic_main.o
 .debug_macro   0x00000000       0x88 os_diagnostic_main.o
 .debug_macro   0x00000000       0x16 os_diagnostic_main.o
 .debug_macro   0x00000000       0x28 os_diagnostic_main.o
 .debug_macro   0x00000000       0x46 os_diagnostic_main.o
 .debug_macro   0x00000000       0x10 os_diagnostic_main.o
 .group         0x00000000        0x8 led.o
 .group         0x00000000        0x8 led.o
 .group         0x00000000        0x8 led.o
 .group         0x00000000        0x8 led.o
 .group         0x00000000        0x8 led.o
 .group         0x00000000        0x8 led.o
 .group         0x00000000        0x8 led.o
 .debug_macro   0x00000000      0x86e led.o
 .debug_macro   0x00000000       0x4c led.o
 .debug_macro   0x00000000       0x88 led.o
 .debug_macro   0x00000000       0x16 led.o
 .debug_macro   0x00000000       0x28 led.o
 .debug_macro   0x00000000       0x46 led.o
 .debug_macro   0x00000000       0x10 led.o
 .group         0x00000000        0x8 os_ram.o
 .group         0x00000000        0x8 os_ram.o
 .group         0x00000000        0x8 os_ram.o
 .group         0x00000000        0x8 os_ram.o
 .group         0x00000000        0x8 os_ram.o
 .group         0x00000000        0x8 os_ram.o
 .group         0x00000000        0x8 os_ram.o
 .debug_macro   0x00000000      0x86e os_ram.o
 .debug_macro   0x00000000       0x4c os_ram.o
 .debug_macro   0x00000000       0x88 os_ram.o
 .debug_macro   0x00000000       0x16 os_ram.o
 .debug_macro   0x00000000       0x28 os_ram.o
 .debug_macro   0x00000000       0x46 os_ram.o
 .debug_macro   0x00000000       0x10 os_ram.o
 .group         0x00000000        0x8 os_shared_ram.o
 .group         0x00000000        0x8 os_shared_ram.o
 .group         0x00000000        0x8 os_shared_ram.o
 .group         0x00000000        0x8 os_shared_ram.o
 .group         0x00000000        0x8 os_shared_ram.o
 .group         0x00000000        0x8 os_shared_ram.o
 .group         0x00000000        0x8 os_shared_ram.o
 .debug_macro   0x00000000      0x86e os_shared_ram.o
 .debug_macro   0x00000000       0x4c os_shared_ram.o
 .debug_macro   0x00000000       0x88 os_shared_ram.o
 .debug_macro   0x00000000       0x16 os_shared_ram.o
 .debug_macro   0x00000000       0x28 os_shared_ram.o
 .debug_macro   0x00000000       0x46 os_shared_ram.o
 .debug_macro   0x00000000       0x10 os_shared_ram.o

Memory Configuration

Name             Origin             Length             Attributes
rom              0x08000000         0x00100000
ram              0x20000000         0x00030000
*default*        0x00000000         0xffffffff

Linker script and memory map


.text           0x08000000    0x12fb0
                0x08000000                _ivec_start = .
 os_exception_table.o()
 .text          0x08000000        0x0 os_exception_table.o
 .data          0x08000000      0x400 os_exception_table.o
                0x08000000                isr_vec_table
 .bss           0x08000400        0x0 os_exception_table.o
 .debug_info    0x08000400       0x9a os_exception_table.o
 .debug_abbrev  0x0800049a       0x6d os_exception_table.o
 .debug_aranges
                0x08000507       0x18 os_exception_table.o
 .debug_macro   0x0800051f       0x9a os_exception_table.o
 .debug_macro   0x080005b9      0x86e os_exception_table.o
 .debug_macro   0x08000e27       0x4c os_exception_table.o
 .debug_macro   0x08000e73       0x88 os_exception_table.o
 .debug_macro   0x08000efb       0x16 os_exception_table.o
 .debug_macro   0x08000f11       0x28 os_exception_table.o
 .debug_macro   0x08000f39       0x46 os_exception_table.o
 .debug_macro   0x08000f7f       0x10 os_exception_table.o
 .debug_macro   0x08000f8f       0x10 os_exception_table.o
 .debug_line    0x08000f9f      0x1df os_exception_table.o
 .debug_str     0x0800117e     0x2a5a os_exception_table.o
                               0x2a9a (size before relaxing)
 .comment       0x08003bd8       0x70 os_exception_table.o
                                 0x71 (size before relaxing)
 .ARM.attributes
                0x08003c48       0x33 os_exception_table.o
 .iplt          0x00000000        0x0 os_exception_table.o
 .rel.iplt      0x00000000        0x0 os_exception_table.o
 .igot.plt      0x00000000        0x0 os_exception_table.o
                0x08003c7b                _ivec_end = .
                0x08003c7b                PROVIDE (ivec_start, .)
                0x08003c7b                PROVIDE (ivec_end, .)
                0x08003c7b                _const_start = .
 os_const.o()
 *fill*         0x08003c7b        0x1 
 .text          0x08003c7c        0x0 os_const.o
 .data          0x08003c7c        0x0 os_const.o
 .bss           0x08003c7c        0x0 os_const.o
 .debug_info    0x08003c7c       0x3a os_const.o
 .debug_abbrev  0x08003cb6       0x1c os_const.o
 .debug_aranges
                0x08003cd2       0x18 os_const.o
 .debug_macro   0x08003cea       0x91 os_const.o
 .debug_line    0x08003d7b      0x1b7 os_const.o
 .debug_str     0x08003f32       0x46 os_const.o
                               0x2a29 (size before relaxing)
 .comment       0x00000000       0x71 os_const.o
 .ARM.attributes
                0x08003f78       0x33 os_const.o
                0x08003fab                _const_end = .
                0x08003fab                PROVIDE (const_start, .)
                0x08003fab                PROVIDE (const_end, .)
                0x08003fab                _code_start = .
 lld_global.o()
 *fill*         0x08003fab        0x1 
 .text          0x08003fac       0xc8 lld_global.o
                0x08003fac                Get_core_id
                0x08003fc4                LLF_SAVE_TASK_STACK
                0x08003fe0                LLF_SAVE_REGISTERS
                0x08003ff4                LLF_RESTORE_TASK_STACK
                0x08004010                LLF_RESTORE_REGISTERS
                0x08004024                LLF_RESTORE_SYSTEM_STACK
                0x08004040                LLF_SAVE_SYSTEM_STACK
                0x0800405c                LLF_CLEAR_ALL_GP_REGISTERS
                0x08004068                LLF_PERFORM_RAM_CHECK
 .data          0x08004074        0x0 lld_global.o
 .bss           0x08004074        0x0 lld_global.o
 .debug_info    0x08004074      0x451 lld_global.o
 .debug_abbrev  0x080044c5      0x11e lld_global.o
 .debug_aranges
                0x080045e3       0x20 lld_global.o
 .debug_macro   0x08004603       0xc4 lld_global.o
 .debug_macro   0x080046c7       0x7c lld_global.o
 .debug_macro   0x08004743       0x28 lld_global.o
 .debug_line    0x0800476b      0x1e3 lld_global.o
 .debug_str     0x0800494e      0x432 lld_global.o
                               0x2da4 (size before relaxing)
 .comment       0x00000000       0x71 lld_global.o
 .debug_frame   0x08004d80      0x170 lld_global.o
 .ARM.attributes
                0x08004ef0       0x33 lld_global.o
 lld_interrupt.o()
 *fill*         0x08004f23        0x1 
 .text          0x08004f24       0x2c lld_interrupt.o
                0x08004f24                LLF_INT_DISABLE
                0x08004f34                LLF_INT_ENABLE
                0x08004f44                LLF_DISABLE_INTERRUPTS_ALL_CORES
 .data          0x08004f50        0x0 lld_interrupt.o
 .bss           0x08004f50        0x0 lld_interrupt.o
 .debug_info    0x08004f50       0x75 lld_interrupt.o
 .debug_abbrev  0x08004fc5       0x50 lld_interrupt.o
 .debug_aranges
                0x08005015       0x20 lld_interrupt.o
 .debug_macro   0x08005035       0xc8 lld_interrupt.o
 .debug_line    0x080050fd      0x1d5 lld_interrupt.o
 .debug_str     0x080052d2       0x8e lld_interrupt.o
                               0x2ab3 (size before relaxing)
 .comment       0x00000000       0x71 lld_interrupt.o
 .debug_frame   0x08005360       0x74 lld_interrupt.o
 .ARM.attributes
                0x080053d4       0x33 lld_interrupt.o
 lld_mmu.o()
 *fill*         0x08005407        0x1 
 .text          0x08005408       0x50 lld_mmu.o
                0x08005408                LLF_MPU_DISABLE
                0x08005414                LLF_MPU_ENABLE
                0x08005420                LLF_MPU_SWITCH_OFF_ALL_REGIONS
                0x0800542c                LLF_GET_MPU_PRESENT
 .data          0x08005458        0x0 lld_mmu.o
 .bss           0x08005458        0x0 lld_mmu.o
 .debug_info    0x08005458       0xa4 lld_mmu.o
 .debug_abbrev  0x080054fc       0x6e lld_mmu.o
 .debug_aranges
                0x0800556a       0x20 lld_mmu.o
 .debug_macro   0x0800558a       0xca lld_mmu.o
 .debug_line    0x08005654      0x1d2 lld_mmu.o
 .debug_str     0x08005826       0xc2 lld_mmu.o
                               0x2aff (size before relaxing)
 .comment       0x00000000       0x71 lld_mmu.o
 .debug_frame   0x080058e8       0xa4 lld_mmu.o
 .ARM.attributes
                0x0800598c       0x33 lld_mmu.o
 lld_ram.o()
 *fill*         0x080059bf        0x1 
 .text          0x080059c0       0x28 lld_ram.o
                0x080059c0                LLF_CLEAR_ALL_RAM
 .data          0x080059e8        0x0 lld_ram.o
 .bss           0x080059e8        0x0 lld_ram.o
 .debug_info    0x080059e8       0x53 lld_ram.o
 .debug_abbrev  0x08005a3b       0x38 lld_ram.o
 .debug_aranges
                0x08005a73       0x20 lld_ram.o
 .debug_macro   0x08005a93       0xc4 lld_ram.o
 .debug_line    0x08005b57      0x1cb lld_ram.o
 .debug_str     0x08005d22       0x5a lld_ram.o
                               0x2a7f (size before relaxing)
 .comment       0x00000000       0x71 lld_ram.o
 .debug_frame   0x08005d7c       0x34 lld_ram.o
 .ARM.attributes
                0x08005db0       0x33 lld_ram.o
 lld_timer.o()
 *fill*         0x08005de3        0x1 
 .text          0x08005de4       0x30 lld_timer.o
                0x08005de4                LLF_UP_CNT_TIMER_32
                0x08005df4                LLF_ADD_2_TCMP
                0x08005e08                LLF_TCMP1_CONFIG
 .data          0x08005e14        0x0 lld_timer.o
 .bss           0x08005e14        0x0 lld_timer.o
 .debug_info    0x08005e14       0xa2 lld_timer.o
 .debug_abbrev  0x08005eb6       0x88 lld_timer.o
 .debug_aranges
                0x08005f3e       0x20 lld_timer.o
 .debug_macro   0x08005f5e       0xc4 lld_timer.o
 .debug_line    0x08006022      0x1cf lld_timer.o
 .debug_str     0x080061f1       0x8e lld_timer.o
                               0x2ac4 (size before relaxing)
 .comment       0x00000000       0x71 lld_timer.o
 *fill*         0x0800627f        0x1 
 .debug_frame   0x08006280       0x80 lld_timer.o
 .ARM.attributes
                0x08006300       0x33 lld_timer.o
 lld_power.o()
 *fill*         0x08006333        0x1 
 .text          0x08006334       0x28 lld_power.o
                0x08006334                LLF_MCU_SWITCH_OFF_POWER
                0x08006340                LLF_MCU_RESET_POWER
 .data          0x0800635c        0x0 lld_power.o
 .bss           0x0800635c        0x0 lld_power.o
 .debug_info    0x0800635c       0x6f lld_power.o
 .debug_abbrev  0x080063cb       0x5d lld_power.o
 .debug_aranges
                0x08006428       0x20 lld_power.o
 .debug_macro   0x08006448       0xd0 lld_power.o
 .debug_line    0x08006518      0x1ce lld_power.o
 .debug_str     0x080066e6       0xbb lld_power.o
                               0x2ae7 (size before relaxing)
 .comment       0x00000000       0x71 lld_power.o
 *fill*         0x080067a1        0x3 
 .debug_frame   0x080067a4       0x50 lld_power.o
 .ARM.attributes
                0x080067f4       0x33 lld_power.o
 os_exception_reset.o()
 *fill*         0x08006827        0x1 
 .text          0x08006828       0x80 E:\NeuOrga\Programmieren\c_cpp\github_os\output\os_drivers\obj_arm\os_exception_reset.o
                0x08006828                OS_Exception_RESET
 .data          0x080068a8        0x0 E:\NeuOrga\Programmieren\c_cpp\github_os\output\os_drivers\obj_arm\os_exception_reset.o
 .bss           0x080068a8        0x0 E:\NeuOrga\Programmieren\c_cpp\github_os\output\os_drivers\obj_arm\os_exception_reset.o
 .debug_line    0x080068a8       0xb0 E:\NeuOrga\Programmieren\c_cpp\github_os\output\os_drivers\obj_arm\os_exception_reset.o
 .debug_info    0x08006958       0xaa E:\NeuOrga\Programmieren\c_cpp\github_os\output\os_drivers\obj_arm\os_exception_reset.o
 .debug_abbrev  0x08006a02       0x14 E:\NeuOrga\Programmieren\c_cpp\github_os\output\os_drivers\obj_arm\os_exception_reset.o
 *fill*         0x08006a16        0x2 
 .debug_aranges
                0x08006a18       0x20 E:\NeuOrga\Programmieren\c_cpp\github_os\output\os_drivers\obj_arm\os_exception_reset.o
 .ARM.attributes
                0x08006a38       0x14 E:\NeuOrga\Programmieren\c_cpp\github_os\output\os_drivers\obj_arm\os_exception_reset.o
 os_common.o()
 .text          0x08006a4c       0x38 os_common.o
                0x08006a4c                OS_SET_SW_BUG
                0x08006a74                Get_current_time
 .data          0x08006a84        0x0 os_common.o
 .bss           0x08006a84       0x10 os_common.o
 .debug_info    0x08006a94      0x16a os_common.o
 .debug_abbrev  0x08006bfe       0xa9 os_common.o
 .debug_aranges
                0x08006ca7       0x20 os_common.o
 .debug_macro   0x08006cc7       0x95 os_common.o
 .debug_line    0x08006d5c      0x1de os_common.o
 .debug_str     0x08006f3a      0x2a8 os_common.o
                               0x2ca5 (size before relaxing)
 .comment       0x00000000       0x71 os_common.o
 *fill*         0x080071e2        0x2 
 .debug_frame   0x080071e4       0x5c os_common.o
 .ARM.attributes
                0x08007240       0x33 os_common.o
 os_driver_hook.o()
 *fill*         0x08007273        0x1 
 .text          0x08007274        0x0 os_driver_hook.o
 .data          0x08007274        0x0 os_driver_hook.o
 .bss           0x08007274        0x0 os_driver_hook.o
 .debug_info    0x08007274       0x3a os_driver_hook.o
 .debug_abbrev  0x080072ae       0x1c os_driver_hook.o
 .debug_aranges
                0x080072ca       0x18 os_driver_hook.o
 .debug_macro   0x080072e2       0x91 os_driver_hook.o
 .debug_line    0x08007373      0x1bd os_driver_hook.o
 .debug_str     0x08007530       0x4c os_driver_hook.o
                               0x2a2f (size before relaxing)
 .comment       0x00000000       0x71 os_driver_hook.o
 .ARM.attributes
                0x0800757c       0x33 os_driver_hook.o
 os_exception.o()
 *fill*         0x080075af        0x1 
 .text          0x080075b0       0xa4 os_exception.o
                0x080075b0                OS_Exception_HARDFAULT
                0x080075c8                OS_Exception_NMI
                0x080075d0                OS_Exception_SWI
                0x080075dc                OS_Exception_BUS_FAULT
                0x080075e4                OS_Exception_DEBUG
                0x080075ec                OS_Exception_MEM_MANAG_FAULT
                0x080075f4                OS_Exception_USAGE_FAULT
                0x080075fc                OS_Exception_PendSV
                0x08007604                OS_Exception_Systick
                0x0800760c                OS_Exception_IRQ
                0x08007618                OS_Exception_FIQ
                0x08007624                TCMP1
                0x08007630                TCMP2
                0x0800763c                TCMP3
                0x08007648                TCMP4
 .data          0x08007654        0x0 os_exception.o
 .bss           0x08007654        0x0 os_exception.o
 .debug_info    0x08007654      0x17d os_exception.o
 .debug_abbrev  0x080077d1       0xa5 os_exception.o
 .debug_aranges
                0x08007876       0x20 os_exception.o
 .debug_macro   0x08007896       0xb2 os_exception.o
 .debug_macro   0x08007948      0x868 os_exception.o
 .debug_line    0x080081b0      0x25c os_exception.o
 .debug_str     0x0800840c      0x222 os_exception.o
                               0x2baf (size before relaxing)
 .comment       0x00000000       0x71 os_exception.o
 *fill*         0x0800862e        0x2 
 .debug_frame   0x08008630      0x1b4 os_exception.o
 .ARM.attributes
                0x080087e4       0x33 os_exception.o
 os_exception_isr_handler.o()
 *fill*         0x08008817        0x1 
 .text          0x08008818       0x30 os_exception_isr_handler.o
                0x08008818                OS_ISRHANDLERC0
                0x08008824                OS_ISRHANDLERC1
                0x08008830                OS_ISRHANDLERC2
                0x0800883c                OS_ISRHANDLERC3
 .data          0x08008848        0x0 os_exception_isr_handler.o
 .bss           0x08008848        0x0 os_exception_isr_handler.o
 .debug_info    0x08008848       0x86 os_exception_isr_handler.o
 .debug_abbrev  0x080088ce       0x38 os_exception_isr_handler.o
 .debug_aranges
                0x08008906       0x20 os_exception_isr_handler.o
 .debug_macro   0x08008926       0x9e os_exception_isr_handler.o
 .debug_macro   0x080089c4       0x28 os_exception_isr_handler.o
 .debug_line    0x080089ec      0x20a os_exception_isr_handler.o
 .debug_str     0x08008bf6      0x106 os_exception_isr_handler.o
                               0x2ae9 (size before relaxing)
 .comment       0x00000000       0x71 os_exception_isr_handler.o
 .debug_frame   0x08008cfc       0x80 os_exception_isr_handler.o
 .ARM.attributes
                0x08008d7c       0x33 os_exception_isr_handler.o
 os_exception_table.o()
 os_init_task_system.o()
 *fill*         0x08008daf        0x1 
 .text          0x08008db0        0xc os_init_task_system.o
                0x08008db0                OS_INIT_TASK_SYSTEM
 .data          0x08008dbc        0x0 os_init_task_system.o
 .bss           0x08008dbc        0x0 os_init_task_system.o
 .debug_info    0x08008dbc       0x53 os_init_task_system.o
 .debug_abbrev  0x08008e0f       0x38 os_init_task_system.o
 .debug_aranges
                0x08008e47       0x20 os_init_task_system.o
 .debug_macro   0x08008e67       0xa4 os_init_task_system.o
 .debug_macro   0x08008f0b       0x22 os_init_task_system.o
 .debug_line    0x08008f2d      0x1fc os_init_task_system.o
 .debug_str     0x08009129       0x65 os_init_task_system.o
                               0x2ab8 (size before relaxing)
 .comment       0x00000000       0x71 os_init_task_system.o
 *fill*         0x0800918e        0x2 
 .debug_frame   0x08009190       0x2c os_init_task_system.o
 .ARM.attributes
                0x080091bc       0x33 os_init_task_system.o
 os_main.o()
 *fill*         0x080091ef        0x1 
 .text          0x080091f0       0x6c os_main.o
                0x080091f0                OS_STATE_HANDLER
 .data          0x0800925c        0x0 os_main.o
 .bss           0x0800925c        0x2 os_main.o
 .debug_info    0x0800925e       0xdd os_main.o
 .debug_abbrev  0x0800933b       0x6c os_main.o
 .debug_aranges
                0x080093a7       0x20 os_main.o
 .debug_macro   0x080093c7       0xc6 os_main.o
 .debug_line    0x0800948d      0x260 os_main.o
 .debug_str     0x080096ed      0x132 os_main.o
                               0x2bcc (size before relaxing)
 .comment       0x00000000       0x71 os_main.o
 *fill*         0x0800981f        0x1 
 .debug_frame   0x08009820       0x2c os_main.o
 .ARM.attributes
                0x0800984c       0x33 os_main.o
 os_memory_mmu_setup.o()
 *fill*         0x0800987f        0x1 
 .text          0x08009880        0xc os_memory_mmu_setup.o
                0x08009880                OS_MMU_SETUP
 .data          0x0800988c        0x0 os_memory_mmu_setup.o
 .bss           0x0800988c        0x0 os_memory_mmu_setup.o
 .debug_info    0x0800988c       0x53 os_memory_mmu_setup.o
 .debug_abbrev  0x080098df       0x38 os_memory_mmu_setup.o
 .debug_aranges
                0x08009917       0x20 os_memory_mmu_setup.o
 .debug_macro   0x08009937       0xcd os_memory_mmu_setup.o
 .debug_line    0x08009a04      0x1d2 os_memory_mmu_setup.o
 .debug_str     0x08009bd6      0x1cc os_memory_mmu_setup.o
                               0x2baf (size before relaxing)
 .comment       0x00000000       0x71 os_memory_mmu_setup.o
 *fill*         0x08009da2        0x2 
 .debug_frame   0x08009da4       0x34 os_memory_mmu_setup.o
 .ARM.attributes
                0x08009dd8       0x33 os_memory_mmu_setup.o
 os_memory_virtualisation.o()
 *fill*         0x08009e0b        0x1 
 .text          0x08009e0c       0x3c os_memory_virtualisation.o
                0x08009e24                OS_MALLOC
 .data          0x08009e48        0x0 os_memory_virtualisation.o
 .bss           0x08009e48        0x0 os_memory_virtualisation.o
 .debug_info    0x08009e48       0xee os_memory_virtualisation.o
 .debug_abbrev  0x08009f36       0x9e os_memory_virtualisation.o
 .debug_aranges
                0x08009fd4       0x20 os_memory_virtualisation.o
 .debug_macro   0x08009ff4       0x91 os_memory_virtualisation.o
 .debug_macro   0x0800a085       0x6a os_memory_virtualisation.o
 .debug_line    0x0800a0ef      0x1c6 os_memory_virtualisation.o
 .debug_str     0x0800a2b5       0xd7 os_memory_virtualisation.o
                               0x281d (size before relaxing)
 .comment       0x00000000       0x71 os_memory_virtualisation.o
 .debug_frame   0x0800a38c       0x60 os_memory_virtualisation.o
 .ARM.attributes
                0x0800a3ec       0x33 os_memory_virtualisation.o
 os_rte_common.o()
 *fill*         0x0800a41f        0x1 
 .text          0x0800a420        0x0 os_rte_common.o
 .data          0x0800a420        0x0 os_rte_common.o
 .bss           0x0800a420        0x0 os_rte_common.o
 .debug_info    0x0800a420       0x3a os_rte_common.o
 .debug_abbrev  0x0800a45a       0x1c os_rte_common.o
 .debug_aranges
                0x0800a476       0x18 os_rte_common.o
 .debug_macro   0x0800a48e       0x91 os_rte_common.o
 .debug_line    0x0800a51f      0x1bc os_rte_common.o
 .debug_str     0x0800a6db       0x4b os_rte_common.o
                               0x2a2e (size before relaxing)
 .comment       0x00000000       0x71 os_rte_common.o
 .ARM.attributes
                0x0800a726       0x33 os_rte_common.o
 os_rte_icc.o()
 *fill*         0x0800a759        0x3 
 .text          0x0800a75c       0x60 os_rte_icc.o
                0x0800a75c                SEND_DATA
                0x0800a77c                SEND_PACKAGE
                0x0800a79c                SEND_FRAME
 .data          0x0800a7bc        0x0 os_rte_icc.o
 .bss           0x0800a7bc        0x0 os_rte_icc.o
 .debug_info    0x0800a7bc      0x180 os_rte_icc.o
 .debug_abbrev  0x0800a93c       0x93 os_rte_icc.o
 .debug_aranges
                0x0800a9cf       0x20 os_rte_icc.o
 .debug_macro   0x0800a9ef       0x95 os_rte_icc.o
 .debug_line    0x0800aa84      0x1e4 os_rte_icc.o
 .debug_str     0x0800ac68       0xa9 os_rte_icc.o
                               0x2ac3 (size before relaxing)
 .comment       0x00000000       0x71 os_rte_icc.o
 *fill*         0x0800ad11        0x3 
 .debug_frame   0x0800ad14       0x88 os_rte_icc.o
 .ARM.attributes
                0x0800ad9c       0x33 os_rte_icc.o
 os_shutdown.o()
 *fill*         0x0800adcf        0x1 
 .text          0x0800add0       0x24 os_shutdown.o
                0x0800add0                OS_SHUTDOWN
 .data          0x0800adf4        0x0 os_shutdown.o
 .bss           0x0800adf4        0x0 os_shutdown.o
 .debug_info    0x0800adf4       0x86 os_shutdown.o
 .debug_abbrev  0x0800ae7a       0x6c os_shutdown.o
 .debug_aranges
                0x0800aee6       0x20 os_shutdown.o
 .debug_macro   0x0800af06       0x9b os_shutdown.o
 .debug_line    0x0800afa1      0x1e2 os_shutdown.o
 .debug_str     0x0800b183       0x6f os_shutdown.o
                               0x2a99 (size before relaxing)
 .comment       0x00000000       0x71 os_shutdown.o
 *fill*         0x0800b1f2        0x2 
 .debug_frame   0x0800b1f4       0x30 os_shutdown.o
 .ARM.attributes
                0x0800b224       0x33 os_shutdown.o
 os_start_ext_prg.o()
 *fill*         0x0800b257        0x1 
 .text          0x0800b258       0x4c os_start_ext_prg.o
                0x0800b274                OS_StartExtPrg
 .data          0x0800b2a4        0x0 os_start_ext_prg.o
 .bss           0x0800b2a4        0x0 os_start_ext_prg.o
 .debug_info    0x0800b2a4       0xea os_start_ext_prg.o
 .debug_abbrev  0x0800b38e       0x7e os_start_ext_prg.o
 .debug_aranges
                0x0800b40c       0x20 os_start_ext_prg.o
 .debug_macro   0x0800b42c       0x91 os_start_ext_prg.o
 .debug_line    0x0800b4bd      0x1d9 os_start_ext_prg.o
 .debug_str     0x0800b696       0x90 os_start_ext_prg.o
                               0x2a95 (size before relaxing)
 .comment       0x00000000       0x71 os_start_ext_prg.o
 *fill*         0x0800b726        0x2 
 .debug_frame   0x0800b728       0x60 os_start_ext_prg.o
 .ARM.attributes
                0x0800b788       0x33 os_start_ext_prg.o
 os_start_init_hw.o()
 *fill*         0x0800b7bb        0x1 
 .text          0x0800b7bc        0xc os_start_init_hw.o
                0x0800b7bc                OS_INIT_HW
 .data          0x0800b7c8        0x0 os_start_init_hw.o
 .bss           0x0800b7c8        0x0 os_start_init_hw.o
 .debug_info    0x0800b7c8       0x53 os_start_init_hw.o
 .debug_abbrev  0x0800b81b       0x38 os_start_init_hw.o
 .debug_aranges
                0x0800b853       0x20 os_start_init_hw.o
 .debug_macro   0x0800b873       0x91 os_start_init_hw.o
 .debug_line    0x0800b904      0x1cd os_start_init_hw.o
 .debug_str     0x0800bad1       0x59 os_start_init_hw.o
                               0x2a3c (size before relaxing)
 .comment       0x00000000       0x71 os_start_init_hw.o
 *fill*         0x0800bb2a        0x2 
 .debug_frame   0x0800bb2c       0x34 os_start_init_hw.o
 .ARM.attributes
                0x0800bb60       0x33 os_start_init_hw.o
 os_start_init_mc.o()
 *fill*         0x0800bb93        0x1 
 .text          0x0800bb94        0xc os_start_init_mc.o
                0x0800bb94                OS_INIT_MC
 .data          0x0800bba0        0x0 os_start_init_mc.o
 .bss           0x0800bba0        0x0 os_start_init_mc.o
 .debug_info    0x0800bba0       0x53 os_start_init_mc.o
 .debug_abbrev  0x0800bbf3       0x38 os_start_init_mc.o
 .debug_aranges
                0x0800bc2b       0x20 os_start_init_mc.o
 .debug_macro   0x0800bc4b       0x91 os_start_init_mc.o
 .debug_line    0x0800bcdc      0x1d0 os_start_init_mc.o
 .debug_str     0x0800beac       0x59 os_start_init_mc.o
                               0x2a3c (size before relaxing)
 .comment       0x00000000       0x71 os_start_init_mc.o
 *fill*         0x0800bf05        0x3 
 .debug_frame   0x0800bf08       0x2c os_start_init_mc.o
 .ARM.attributes
                0x0800bf34       0x33 os_start_init_mc.o
 os_start_init_sw.o()
 *fill*         0x0800bf67        0x1 
 .text          0x0800bf68        0xc os_start_init_sw.o
                0x0800bf68                OS_INIT_SW
 .data          0x0800bf74        0x0 os_start_init_sw.o
 .bss           0x0800bf74        0x0 os_start_init_sw.o
 .debug_info    0x0800bf74       0x53 os_start_init_sw.o
 .debug_abbrev  0x0800bfc7       0x38 os_start_init_sw.o
 .debug_aranges
                0x0800bfff       0x20 os_start_init_sw.o
 .debug_macro   0x0800c01f       0x91 os_start_init_sw.o
 .debug_line    0x0800c0b0      0x1cd os_start_init_sw.o
 .debug_str     0x0800c27d       0x59 os_start_init_sw.o
                               0x2a3c (size before relaxing)
 .comment       0x00000000       0x71 os_start_init_sw.o
 *fill*         0x0800c2d6        0x2 
 .debug_frame   0x0800c2d8       0x34 os_start_init_sw.o
 .ARM.attributes
                0x0800c30c       0x33 os_start_init_sw.o
 os_start_os.o()
 *fill*         0x0800c33f        0x1 
 .text          0x0800c340        0xc os_start_os.o
                0x0800c340                OS_START_OS
 .data          0x0800c34c        0x0 os_start_os.o
 .bss           0x0800c34c        0x0 os_start_os.o
 .debug_info    0x0800c34c       0x53 os_start_os.o
 .debug_abbrev  0x0800c39f       0x38 os_start_os.o
 .debug_aranges
                0x0800c3d7       0x20 os_start_os.o
 .debug_macro   0x0800c3f7       0x9b os_start_os.o
 .debug_line    0x0800c492      0x1d6 os_start_os.o
 .debug_str     0x0800c668       0x62 os_start_os.o
                               0x2a45 (size before relaxing)
 .comment       0x00000000       0x71 os_start_os.o
 *fill*         0x0800c6ca        0x2 
 .debug_frame   0x0800c6cc       0x2c os_start_os.o
 .ARM.attributes
                0x0800c6f8       0x33 os_start_os.o
 os_task_common.o()
 *fill*         0x0800c72b        0x1 
 .text          0x0800c72c      0x1d8 os_task_common.o
                0x0800c72c                OS_TASK_SAVETASK_ENVIRONMENT
                0x0800c76c                OS_TASK_RESTORETASK_ENVIRONMENT
                0x0800c79c                OS_TASK_RESTORE_SYSTEM_STACK
                0x0800c7b0                OS_TASK_SAVE_SYSTEM_STACK
                0x0800c7c4                OS_Task_InitTaskEnvironment
                0x0800c8a8                OS_Task_DeleteTaskEnvironment
                0x0800c8d8                OS_Task_CreateTaskEnvironment
 .data          0x0800c904        0x0 os_task_common.o
 .bss           0x0800c904        0x0 os_task_common.o
 .debug_info    0x0800c904      0x503 os_task_common.o
 .debug_abbrev  0x0800ce07      0x129 os_task_common.o
 .debug_aranges
                0x0800cf30       0x20 os_task_common.o
 .debug_macro   0x0800cf50       0xa2 os_task_common.o
 .debug_line    0x0800cff2      0x24a os_task_common.o
 .debug_str     0x0800d23c      0x151 os_task_common.o
                               0x2fe6 (size before relaxing)
 .comment       0x00000000       0x71 os_task_common.o
 *fill*         0x0800d38d        0x3 
 .debug_frame   0x0800d390      0x128 os_task_common.o
 .ARM.attributes
                0x0800d4b8       0x33 os_task_common.o
 *fill*         0x0800d4eb        0x1 
 COMMON         0x0800d4ec       0x24 os_task_common.o
                0x0800d4ec                REGISTER_R2
                0x0800d4f0                REGISTER_R0
                0x0800d4f4                TASK_PTR
                0x0800d508                REGISTER_R1
                0x0800d50c                REGISTER_R3
 os_task_queue.o()
 .text          0x0800d510      0xa54 os_task_queue.o
                0x0800d510                SET_RUNNING_TASK
                0x0800d688                OS_INIT_TASK_QUEUE
                0x0800d6e0                AddToTaskQueue
                0x0800daa0                DeleteFromTaskQueue
                0x0800dba0                GetFromTaskQueue
                0x0800dbb8                GetFromLinkList
                0x0800dbdc                DeleteFromLinkList
                0x0800dc00                AddToLinkList
                0x0800dc60                UpdateLinkList
                0x0800dce0                GetIdleTask
                0x0800dcf4                AddToIdleTaskQueue
                0x0800de70                GetRunningTask
                0x0800de84                OS_INIT_TASK
 .data          0x0800df64        0x0 os_task_queue.o
 .bss           0x0800df64      0x3b4 os_task_queue.o
 .debug_info    0x0800e318      0x6a8 os_task_queue.o
 .debug_abbrev  0x0800e9c0      0x1a7 os_task_queue.o
 .debug_aranges
                0x0800eb67       0x20 os_task_queue.o
 .debug_macro   0x0800eb87       0xa7 os_task_queue.o
 .debug_macro   0x0800ec2e       0x1c os_task_queue.o
 .debug_line    0x0800ec4a      0x319 os_task_queue.o
 .debug_str     0x0800ef63      0x26c os_task_queue.o
                               0x310e (size before relaxing)
 .comment       0x00000000       0x71 os_task_queue.o
 *fill*         0x0800f1cf        0x1 
 .debug_frame   0x0800f1d0      0x214 os_task_queue.o
 .ARM.attributes
                0x0800f3e4       0x33 os_task_queue.o
 os_task_scheduler.o()
 *fill*         0x0800f417        0x1 
 .text          0x0800f418      0x6e0 os_task_scheduler.o
                0x0800f418                OS_ACTIVATE_DISPATCHER
                0x0800f428                OS_SLEEPTASK
                0x0800f448                task_state_request
                0x0800f52c                OS_ActivateTask
                0x0800f7f4                OS_INIT_TASKS
                0x0800faa8                ISR_TASK_DISPATCH_C0
                0x0800fabc                ISR_TASK_DISPATCH_C1
                0x0800fad0                ISR_TASK_DISPATCH_C2
                0x0800fae4                ISR_TASK_DISPATCH_C3
 .data          0x0800faf8        0x0 os_task_scheduler.o
 .bss           0x0800faf8      0x630 os_task_scheduler.o
 .debug_info    0x08010128      0x76a os_task_scheduler.o
 .debug_abbrev  0x08010892      0x1f3 os_task_scheduler.o
 .debug_aranges
                0x08010a85       0x20 os_task_scheduler.o
 .debug_macro   0x08010aa5       0xaf os_task_scheduler.o
 .debug_line    0x08010b54      0x357 os_task_scheduler.o
 .debug_str     0x08010eab      0x264 os_task_scheduler.o
                               0x3198 (size before relaxing)
 .comment       0x00000000       0x71 os_task_scheduler.o
 *fill*         0x0801110f        0x1 
 .debug_frame   0x08011110      0x280 os_task_scheduler.o
 .ARM.attributes
                0x08011390       0x33 os_task_scheduler.o
 os_stack.o()
 *fill*         0x080113c3        0x1 
 .text          0x080113c4        0x0 os_stack.o
 .data          0x080113c4        0x0 os_stack.o
 .bss           0x080113c4        0x0 os_stack.o
 .debug_info    0x080113c4       0x3a os_stack.o
 .debug_abbrev  0x080113fe       0x1c os_stack.o
 .debug_aranges
                0x0801141a       0x18 os_stack.o
 .debug_macro   0x08011432       0x91 os_stack.o
 .debug_line    0x080114c3      0x1b7 os_stack.o
 .debug_str     0x0801167a       0x46 os_stack.o
                               0x2a29 (size before relaxing)
 .comment       0x00000000       0x71 os_stack.o
 .ARM.attributes
                0x080116c0       0x33 os_stack.o
 os_heap.o()
 *fill*         0x080116f3        0x1 
 .text          0x080116f4      0x22c os_heap.o
                0x080116f4                os_calloc
                0x0801173c                os_realloc
                0x080117b0                os_malloc
                0x08011818                os_free
 .data          0x08011920        0x0 os_heap.o
 .bss           0x08011920        0x0 os_heap.o
 .debug_info    0x08011920      0x24e os_heap.o
 .debug_abbrev  0x08011b6e      0x10d os_heap.o
 .debug_aranges
                0x08011c7b       0x20 os_heap.o
 .debug_macro   0x08011c9b       0x95 os_heap.o
 .debug_line    0x08011d30      0x245 os_heap.o
 .debug_str     0x08011f75       0xe4 os_heap.o
                               0x2afa (size before relaxing)
 .comment       0x00000000       0x71 os_heap.o
 *fill*         0x08012059        0x3 
 .debug_frame   0x0801205c      0x100 os_heap.o
 .ARM.attributes
                0x0801215c       0x33 os_heap.o
 os_diagnostic_main.o()
 *fill*         0x0801218f        0x1 
 .text          0x08012190        0xc os_diagnostic_main.o
                0x08012190                OS_DIAGNOSTIC_MAIN
 .data          0x0801219c        0x0 os_diagnostic_main.o
 .bss           0x0801219c        0x0 os_diagnostic_main.o
 .debug_info    0x0801219c       0x53 os_diagnostic_main.o
 .debug_abbrev  0x080121ef       0x38 os_diagnostic_main.o
 .debug_aranges
                0x08012227       0x20 os_diagnostic_main.o
 .debug_macro   0x08012247       0x91 os_diagnostic_main.o
 .debug_line    0x080122d8      0x1cf os_diagnostic_main.o
 .debug_str     0x080124a7       0x63 os_diagnostic_main.o
                               0x2a46 (size before relaxing)
 .comment       0x00000000       0x71 os_diagnostic_main.o
 *fill*         0x0801250a        0x2 
 .debug_frame   0x0801250c       0x34 os_diagnostic_main.o
 .ARM.attributes
                0x08012540       0x33 os_diagnostic_main.o
 led.o()
 *fill*         0x08012573        0x1 
 .text          0x08012574       0x50 led.o
                0x08012574                USER_LED_INIT
                0x08012588                USER_LED_ON
                0x0801259c                USER_LED_OFF
                0x080125b0                USER_LED_TOGGLE
 .data          0x080125c4        0x0 led.o
 .bss           0x080125c4        0x0 led.o
 .debug_info    0x080125c4       0xfa led.o
 .debug_abbrev  0x080126be       0x84 led.o
 .debug_aranges
                0x08012742       0x20 led.o
 .debug_macro   0x08012762       0x95 led.o
 .debug_line    0x080127f7      0x1be led.o
 .debug_str     0x080129b5       0x97 led.o
                               0x2a7a (size before relaxing)
 .comment       0x00000000       0x71 led.o
 .debug_frame   0x08012a4c       0xb0 led.o
 .ARM.attributes
                0x08012afc       0x33 led.o
                0x08012b2f                _code_end = .
                0x08012b2f                PROVIDE (code_start, .)
                0x08012b2f                PROVIDE (code_end, .)
 *fill*         0x08012b2f        0x1 
 .text          0x08012b30      0x370 d:/programm/gnu tools arm embedded/4.9 2015q1/bin/../lib/gcc/arm-none-eabi/4.9.3/armv7e-m\libgcc.a(_arm_addsubdf3.o)
                0x08012b30                __aeabi_drsub
                0x08012b38                __aeabi_dsub
                0x08012b38                __subdf3
                0x08012b3c                __aeabi_dadd
                0x08012b3c                __adddf3
                0x08012db4                __floatunsidf
                0x08012db4                __aeabi_ui2d
                0x08012dd4                __floatsidf
                0x08012dd4                __aeabi_i2d
                0x08012df8                __aeabi_f2d
                0x08012df8                __extendsfdf2
                0x08012e34                __floatundidf
                0x08012e34                __aeabi_ul2d
                0x08012e44                __floatdidf
                0x08012e44                __aeabi_l2d
 .text          0x08012ea0      0x110 d:/programm/gnu tools arm embedded/4.9 2015q1/bin/../lib/gcc/arm-none-eabi/4.9.3/armv7e-m\libgcc.a(_arm_cmpdf2.o)
                0x08012ea0                __gtdf2
                0x08012ea0                __gedf2
                0x08012ea8                __ltdf2
                0x08012ea8                __ledf2
                0x08012eb0                __nedf2
                0x08012eb0                __eqdf2
                0x08012eb0                __cmpdf2
                0x08012f2c                __aeabi_cdrcmple
                0x08012f3c                __aeabi_cdcmpeq
                0x08012f3c                __aeabi_cdcmple
                0x08012f4c                __aeabi_dcmpeq
                0x08012f60                __aeabi_dcmplt
                0x08012f74                __aeabi_dcmple
                0x08012f88                __aeabi_dcmpge
                0x08012f9c                __aeabi_dcmpgt

.glue_7         0x08012fb0        0x0
 .glue_7        0x00000000        0x0 linker stubs

.glue_7t        0x08012fb0        0x0
 .glue_7t       0x00000000        0x0 linker stubs

.vfp11_veneer   0x08012fb0        0x0
 .vfp11_veneer  0x00000000        0x0 linker stubs

.v4_bx          0x08012fb0        0x0
 .v4_bx         0x00000000        0x0 linker stubs

.data           0x20000000     0x6f18
                0x20000000                _ram_start = .
 os_ram.o()
 .text          0x20000000        0x0 os_ram.o
 .data          0x20000000        0x0 os_ram.o
 .bss           0x20000000        0x0 os_ram.o
 .debug_info    0x20000000       0xb6 os_ram.o
 .debug_abbrev  0x200000b6       0x55 os_ram.o
 .debug_aranges
                0x2000010b       0x18 os_ram.o
 .debug_macro   0x20000123       0x99 os_ram.o
 .debug_line    0x200001bc      0x1d0 os_ram.o
 .debug_str     0x2000038c     0x2a1c os_ram.o
                               0x2a5c (size before relaxing)
 .comment       0x20002da8       0x70 os_ram.o
                                 0x71 (size before relaxing)
 .ARM.attributes
                0x20002e18       0x33 os_ram.o
 *fill*         0x20002e4b        0x1 
 COMMON         0x20002e4c     0x2910 os_ram.o
                0x20002e4c                OS_STACK
                0x20002f4c                OS_MAIN_STACK
                0x2000304c                HEAP
 os_shared_ram.o()
 .text          0x2000575c        0x0 os_shared_ram.o
 .data          0x2000575c        0x0 os_shared_ram.o
 .bss           0x2000575c        0x0 os_shared_ram.o
 .debug_info    0x2000575c      0x16c os_shared_ram.o
 .debug_abbrev  0x200058c8       0x4c os_shared_ram.o
 .debug_aranges
                0x20005914       0x18 os_shared_ram.o
 .debug_macro   0x2000592c       0xf1 os_shared_ram.o
 .debug_line    0x20005a1d      0x1bc os_shared_ram.o
 .debug_str     0x20005bd9      0x30b os_shared_ram.o
                               0x2d07 (size before relaxing)
 .comment       0x00000000       0x71 os_shared_ram.o
 .ARM.attributes
                0x20005ee4       0x33 os_shared_ram.o
 *fill*         0x20005f17        0x1 
 COMMON         0x20005f18     0x1000 os_shared_ram.o
                0x20005f18                RAM_BLOCK_C01_C01
                0x20006018                RAM_BLOCK_C01_C00
                0x20006118                RAM_BLOCK_C00_C00
                0x20006218                RAM_BLOCK_C01_C03
                0x20006318                RAM_BLOCK_C03_C01
                0x20006418                RAM_BLOCK_C00_C01
                0x20006518                RAM_BLOCK_C02_C01
                0x20006618                RAM_BLOCK_C01_C02
                0x20006718                RAM_BLOCK_C03_C00
                0x20006818                RAM_BLOCK_C02_C00
                0x20006918                RAM_BLOCK_C02_C02
                0x20006a18                RAM_BLOCK_C03_C03
                0x20006b18                RAM_BLOCK_C03_C02
                0x20006c18                RAM_BLOCK_C00_C03
                0x20006d18                RAM_BLOCK_C00_C02
                0x20006e18                RAM_BLOCK_C02_C03
                0x20006f18                _ram_end = .
                0x20006f18                PROVIDE (ram_start, .)
                0x20006f18                PROVIDE (ram_end, .)
 .data          0x20006f18        0x0 d:/programm/gnu tools arm embedded/4.9 2015q1/bin/../lib/gcc/arm-none-eabi/4.9.3/armv7e-m\libgcc.a(_arm_addsubdf3.o)
 .data          0x20006f18        0x0 d:/programm/gnu tools arm embedded/4.9 2015q1/bin/../lib/gcc/arm-none-eabi/4.9.3/armv7e-m\libgcc.a(_arm_cmpdf2.o)
START GROUP
LOAD d:/programm/gnu tools arm embedded/4.9 2015q1/bin/../lib/gcc/arm-none-eabi/4.9.3/armv7e-m\libgcc.a
LOAD d:/programm/gnu tools arm embedded/4.9 2015q1/bin/../lib/gcc/arm-none-eabi/4.9.3/../../../../arm-none-eabi/lib/armv7e-m\libg.a
LOAD d:/programm/gnu tools arm embedded/4.9 2015q1/bin/../lib/gcc/arm-none-eabi/4.9.3/../../../../arm-none-eabi/lib/armv7e-m\libc.a
END GROUP
OUTPUT(E:\NeuOrga\Programmieren\c_cpp\github_os\output\VERSION_ARM\operating_system.elf elf32-littlearm)

.bss            0x20006f18        0x0
 .bss           0x20006f18        0x0 d:/programm/gnu tools arm embedded/4.9 2015q1/bin/../lib/gcc/arm-none-eabi/4.9.3/armv7e-m\libgcc.a(_arm_addsubdf3.o)
 .bss           0x20006f18        0x0 d:/programm/gnu tools arm embedded/4.9 2015q1/bin/../lib/gcc/arm-none-eabi/4.9.3/armv7e-m\libgcc.a(_arm_cmpdf2.o)

.ARM.attributes
                0x00000000       0x31
 .ARM.attributes
                0x00000000       0x1e d:/programm/gnu tools arm embedded/4.9 2015q1/bin/../lib/gcc/arm-none-eabi/4.9.3/armv7e-m\libgcc.a(_arm_addsubdf3.o)
 .ARM.attributes
                0x0000001e       0x1e d:/programm/gnu tools arm embedded/4.9 2015q1/bin/../lib/gcc/arm-none-eabi/4.9.3/armv7e-m\libgcc.a(_arm_cmpdf2.o)
