Archive member included because of file (symbol)

d:/programm/gnu tools arm embedded/4.9 2015q1/bin/../lib/gcc/arm-none-eabi/4.9.3/armv7e-m\libgcc.a(_arm_addsubdf3.o)
                              os_task_scheduler.o (__aeabi_ui2d)
d:/programm/gnu tools arm embedded/4.9 2015q1/bin/../lib/gcc/arm-none-eabi/4.9.3/armv7e-m\libgcc.a(_arm_cmpdf2.o)
                              os_task_scheduler.o (__aeabi_dcmpgt)

Allocating common symbols
Common symbol       size              file

RAM_BLOCK_C01_C01   0x100             os_shared_ram.o
REGISTER_R2         0x4               os_task_common.o
REGISTER_R0         0x4               os_task_common.o
OS_STACK            0x100             os_ram.o
RAM_BLOCK_C01_C00   0x100             os_shared_ram.o
RAM_BLOCK_C00_C00   0x100             os_shared_ram.o
RAM_BLOCK_C01_C03   0x100             os_shared_ram.o
RAM_BLOCK_C03_C01   0x100             os_shared_ram.o
RAM_BLOCK_C00_C01   0x100             os_shared_ram.o
TASK_PTR            0x14              os_task_common.o
OS_MAIN_STACK       0x100             os_ram.o
RAM_BLOCK_C02_C01   0x100             os_shared_ram.o
RAM_BLOCK_C01_C02   0x100             os_shared_ram.o
RAM_BLOCK_C03_C00   0x100             os_shared_ram.o
REGISTER_R1         0x4               os_task_common.o
RAM_BLOCK_C02_C00   0x100             os_shared_ram.o
RAM_BLOCK_C02_C02   0x100             os_shared_ram.o
RAM_BLOCK_C03_C03   0x100             os_shared_ram.o
RAM_BLOCK_C03_C02   0x100             os_shared_ram.o
RAM_BLOCK_C00_C03   0x100             os_shared_ram.o
HEAP                0x2710            os_ram.o
REGISTER_R3         0x4               os_task_common.o
RAM_BLOCK_C00_C02   0x100             os_shared_ram.o
RAM_BLOCK_C02_C03   0x100             os_shared_ram.o

Discarded input sections

 .group         0x00000000        0x8 os_exception_table.o
 .group         0x00000000        0x8 os_exception_table.o
 .group         0x00000000        0x8 os_exception_table.o
 .group         0x00000000        0x8 os_exception_table.o
 .group         0x00000000        0x8 os_exception_table.o
 .group         0x00000000        0x8 os_exception_table.o
 .group         0x00000000        0x8 os_exception_table.o
 .group         0x00000000        0x8 os_exception_table.o
 .group         0x00000000        0x8 os_const.o
 .group         0x00000000        0x8 os_const.o
 .group         0x00000000        0x8 os_const.o
 .group         0x00000000        0x8 os_const.o
 .group         0x00000000        0x8 os_const.o
 .group         0x00000000        0x8 os_const.o
 .group         0x00000000        0x8 os_const.o
 .debug_macro   0x00000000      0x86e os_const.o
 .debug_macro   0x00000000       0x4c os_const.o
 .debug_macro   0x00000000       0x88 os_const.o
 .debug_macro   0x00000000       0x10 os_const.o
 .debug_macro   0x00000000       0x28 os_const.o
 .debug_macro   0x00000000       0x46 os_const.o
 .debug_macro   0x00000000       0x10 os_const.o
 .group         0x00000000        0x8 lld_global.o
 .group         0x00000000        0x8 lld_global.o
 .group         0x00000000        0x8 lld_global.o
 .group         0x00000000        0x8 lld_global.o
 .group         0x00000000        0x8 lld_global.o
 .group         0x00000000        0x8 lld_global.o
 .debug_macro   0x00000000      0x86e lld_global.o
 .debug_macro   0x00000000       0x4c lld_global.o
 .debug_macro   0x00000000       0x46 lld_global.o
 .debug_macro   0x00000000       0x10 lld_global.o
 .group         0x00000000        0x8 lld_interrupt.o
 .group         0x00000000        0x8 lld_interrupt.o
 .group         0x00000000        0x8 lld_interrupt.o
 .group         0x00000000        0x8 lld_interrupt.o
 .group         0x00000000        0x8 lld_interrupt.o
 .group         0x00000000        0x8 lld_interrupt.o
 .debug_macro   0x00000000      0x86e lld_interrupt.o
 .debug_macro   0x00000000       0x4c lld_interrupt.o
 .debug_macro   0x00000000       0x7c lld_interrupt.o
 .debug_macro   0x00000000       0x28 lld_interrupt.o
 .debug_macro   0x00000000       0x46 lld_interrupt.o
 .debug_macro   0x00000000       0x10 lld_interrupt.o
 .group         0x00000000        0x8 lld_mmu.o
 .group         0x00000000        0x8 lld_mmu.o
 .group         0x00000000        0x8 lld_mmu.o
 .group         0x00000000        0x8 lld_mmu.o
 .group         0x00000000        0x8 lld_mmu.o
 .group         0x00000000        0x8 lld_mmu.o
 .debug_macro   0x00000000      0x86e lld_mmu.o
 .debug_macro   0x00000000       0x4c lld_mmu.o
 .debug_macro   0x00000000       0x7c lld_mmu.o
 .debug_macro   0x00000000       0x28 lld_mmu.o
 .debug_macro   0x00000000       0x46 lld_mmu.o
 .debug_macro   0x00000000       0x10 lld_mmu.o
 .group         0x00000000        0x8 lld_ram.o
 .group         0x00000000        0x8 lld_ram.o
 .group         0x00000000        0x8 lld_ram.o
 .group         0x00000000        0x8 lld_ram.o
 .group         0x00000000        0x8 lld_ram.o
 .group         0x00000000        0x8 lld_ram.o
 .debug_macro   0x00000000      0x86e lld_ram.o
 .debug_macro   0x00000000       0x4c lld_ram.o
 .debug_macro   0x00000000       0x7c lld_ram.o
 .debug_macro   0x00000000       0x28 lld_ram.o
 .debug_macro   0x00000000       0x46 lld_ram.o
 .debug_macro   0x00000000       0x10 lld_ram.o
 .group         0x00000000        0x8 lld_timer.o
 .group         0x00000000        0x8 lld_timer.o
 .group         0x00000000        0x8 lld_timer.o
 .group         0x00000000        0x8 lld_timer.o
 .group         0x00000000        0x8 lld_timer.o
 .group         0x00000000        0x8 lld_timer.o
 .debug_macro   0x00000000      0x86e lld_timer.o
 .debug_macro   0x00000000       0x4c lld_timer.o
 .debug_macro   0x00000000       0x7c lld_timer.o
 .debug_macro   0x00000000       0x28 lld_timer.o
 .debug_macro   0x00000000       0x46 lld_timer.o
 .debug_macro   0x00000000       0x10 lld_timer.o
 .group         0x00000000        0x8 lld_power.o
 .group         0x00000000        0x8 lld_power.o
 .group         0x00000000        0x8 lld_power.o
 .group         0x00000000        0x8 lld_power.o
 .group         0x00000000        0x8 lld_power.o
 .group         0x00000000        0x8 lld_power.o
 .debug_macro   0x00000000      0x86e lld_power.o
 .debug_macro   0x00000000       0x4c lld_power.o
 .debug_macro   0x00000000       0x7c lld_power.o
 .debug_macro   0x00000000       0x28 lld_power.o
 .debug_macro   0x00000000       0x46 lld_power.o
 .debug_macro   0x00000000       0x10 lld_power.o
 .group         0x00000000        0x8 os_common.o
 .group         0x00000000        0x8 os_common.o
 .group         0x00000000        0x8 os_common.o
 .group         0x00000000        0x8 os_common.o
 .group         0x00000000        0x8 os_common.o
 .group         0x00000000        0x8 os_common.o
 .group         0x00000000        0x8 os_common.o
 .debug_macro   0x00000000      0x86e os_common.o
 .debug_macro   0x00000000       0x4c os_common.o
 .debug_macro   0x00000000       0x88 os_common.o
 .debug_macro   0x00000000       0x10 os_common.o
 .debug_macro   0x00000000       0x28 os_common.o
 .debug_macro   0x00000000       0x46 os_common.o
 .debug_macro   0x00000000       0x10 os_common.o
 .group         0x00000000        0x8 os_driver_hook.o
 .group         0x00000000        0x8 os_driver_hook.o
 .group         0x00000000        0x8 os_driver_hook.o
 .group         0x00000000        0x8 os_driver_hook.o
 .group         0x00000000        0x8 os_driver_hook.o
 .group         0x00000000        0x8 os_driver_hook.o
 .group         0x00000000        0x8 os_driver_hook.o
 .debug_macro   0x00000000      0x86e os_driver_hook.o
 .debug_macro   0x00000000       0x4c os_driver_hook.o
 .debug_macro   0x00000000       0x88 os_driver_hook.o
 .debug_macro   0x00000000       0x10 os_driver_hook.o
 .debug_macro   0x00000000       0x28 os_driver_hook.o
 .debug_macro   0x00000000       0x46 os_driver_hook.o
 .debug_macro   0x00000000       0x10 os_driver_hook.o
 .group         0x00000000        0x8 os_exception.o
 .group         0x00000000        0x8 os_exception.o
 .group         0x00000000        0x8 os_exception.o
 .group         0x00000000        0x8 os_exception.o
 .group         0x00000000        0x8 os_exception.o
 .group         0x00000000        0x8 os_exception.o
 .group         0x00000000        0x8 os_exception.o
 .group         0x00000000        0x8 os_exception.o
 .debug_macro   0x00000000       0x4c os_exception.o
 .debug_macro   0x00000000       0x88 os_exception.o
 .debug_macro   0x00000000       0x10 os_exception.o
 .debug_macro   0x00000000       0x28 os_exception.o
 .debug_macro   0x00000000       0x46 os_exception.o
 .debug_macro   0x00000000       0x10 os_exception.o
 .debug_macro   0x00000000       0x10 os_exception.o
 .group         0x00000000        0x8 os_exception_isr_handler.o
 .group         0x00000000        0x8 os_exception_isr_handler.o
 .group         0x00000000        0x8 os_exception_isr_handler.o
 .group         0x00000000        0x8 os_exception_isr_handler.o
 .group         0x00000000        0x8 os_exception_isr_handler.o
 .group         0x00000000        0x8 os_exception_isr_handler.o
 .group         0x00000000        0x8 os_exception_isr_handler.o
 .group         0x00000000        0x8 os_exception_isr_handler.o
 .debug_macro   0x00000000      0x86e os_exception_isr_handler.o
 .debug_macro   0x00000000       0x4c os_exception_isr_handler.o
 .debug_macro   0x00000000       0x88 os_exception_isr_handler.o
 .debug_macro   0x00000000       0x10 os_exception_isr_handler.o
 .debug_macro   0x00000000       0x28 os_exception_isr_handler.o
 .debug_macro   0x00000000       0x46 os_exception_isr_handler.o
 .debug_macro   0x00000000       0x10 os_exception_isr_handler.o
 .group         0x00000000        0x8 os_init_task_system.o
 .group         0x00000000        0x8 os_init_task_system.o
 .group         0x00000000        0x8 os_init_task_system.o
 .group         0x00000000        0x8 os_init_task_system.o
 .group         0x00000000        0x8 os_init_task_system.o
 .group         0x00000000        0x8 os_init_task_system.o
 .group         0x00000000        0x8 os_init_task_system.o
 .group         0x00000000        0x8 os_init_task_system.o
 .debug_macro   0x00000000      0x86e os_init_task_system.o
 .debug_macro   0x00000000       0x4c os_init_task_system.o
 .debug_macro   0x00000000       0x88 os_init_task_system.o
 .debug_macro   0x00000000       0x10 os_init_task_system.o
 .debug_macro   0x00000000       0x28 os_init_task_system.o
 .debug_macro   0x00000000       0x46 os_init_task_system.o
 .debug_macro   0x00000000       0x10 os_init_task_system.o
 .group         0x00000000        0x8 os_main.o
 .group         0x00000000        0x8 os_main.o
 .group         0x00000000        0x8 os_main.o
 .group         0x00000000        0x8 os_main.o
 .group         0x00000000        0x8 os_main.o
 .group         0x00000000        0x8 os_main.o
 .group         0x00000000        0x8 os_main.o
 .group         0x00000000        0x8 os_main.o
 .debug_macro   0x00000000      0x86e os_main.o
 .debug_macro   0x00000000       0x4c os_main.o
 .debug_macro   0x00000000       0x88 os_main.o
 .debug_macro   0x00000000       0x10 os_main.o
 .debug_macro   0x00000000       0x28 os_main.o
 .debug_macro   0x00000000       0x46 os_main.o
 .debug_macro   0x00000000       0x10 os_main.o
 .debug_macro   0x00000000       0x28 os_main.o
 .group         0x00000000        0x8 os_memory_mmu_setup.o
 .group         0x00000000        0x8 os_memory_mmu_setup.o
 .group         0x00000000        0x8 os_memory_mmu_setup.o
 .group         0x00000000        0x8 os_memory_mmu_setup.o
 .group         0x00000000        0x8 os_memory_mmu_setup.o
 .group         0x00000000        0x8 os_memory_mmu_setup.o
 .group         0x00000000        0x8 os_memory_mmu_setup.o
 .debug_macro   0x00000000      0x86e os_memory_mmu_setup.o
 .debug_macro   0x00000000       0x4c os_memory_mmu_setup.o
 .debug_macro   0x00000000       0x88 os_memory_mmu_setup.o
 .debug_macro   0x00000000       0x10 os_memory_mmu_setup.o
 .debug_macro   0x00000000       0x28 os_memory_mmu_setup.o
 .debug_macro   0x00000000       0x46 os_memory_mmu_setup.o
 .debug_macro   0x00000000       0x10 os_memory_mmu_setup.o
 .group         0x00000000        0x8 os_memory_virtualisation.o
 .group         0x00000000        0x8 os_memory_virtualisation.o
 .group         0x00000000        0x8 os_memory_virtualisation.o
 .debug_macro   0x00000000      0x86e os_memory_virtualisation.o
 .debug_macro   0x00000000       0x4c os_memory_virtualisation.o
 .group         0x00000000        0x8 os_rte_common.o
 .group         0x00000000        0x8 os_rte_common.o
 .group         0x00000000        0x8 os_rte_common.o
 .group         0x00000000        0x8 os_rte_common.o
 .group         0x00000000        0x8 os_rte_common.o
 .group         0x00000000        0x8 os_rte_common.o
 .group         0x00000000        0x8 os_rte_common.o
 .debug_macro   0x00000000      0x86e os_rte_common.o
 .debug_macro   0x00000000       0x4c os_rte_common.o
 .debug_macro   0x00000000       0x88 os_rte_common.o
 .debug_macro   0x00000000       0x10 os_rte_common.o
 .debug_macro   0x00000000       0x28 os_rte_common.o
 .debug_macro   0x00000000       0x46 os_rte_common.o
 .debug_macro   0x00000000       0x10 os_rte_common.o
 .group         0x00000000        0x8 os_rte_icc.o
 .group         0x00000000        0x8 os_rte_icc.o
 .group         0x00000000        0x8 os_rte_icc.o
 .group         0x00000000        0x8 os_rte_icc.o
 .group         0x00000000        0x8 os_rte_icc.o
 .group         0x00000000        0x8 os_rte_icc.o
 .group         0x00000000        0x8 os_rte_icc.o
 .debug_macro   0x00000000      0x86e os_rte_icc.o
 .debug_macro   0x00000000       0x4c os_rte_icc.o
 .debug_macro   0x00000000       0x88 os_rte_icc.o
 .debug_macro   0x00000000       0x10 os_rte_icc.o
 .debug_macro   0x00000000       0x28 os_rte_icc.o
 .debug_macro   0x00000000       0x46 os_rte_icc.o
 .debug_macro   0x00000000       0x10 os_rte_icc.o
 .group         0x00000000        0x8 os_shutdown.o
 .group         0x00000000        0x8 os_shutdown.o
 .group         0x00000000        0x8 os_shutdown.o
 .group         0x00000000        0x8 os_shutdown.o
 .group         0x00000000        0x8 os_shutdown.o
 .group         0x00000000        0x8 os_shutdown.o
 .group         0x00000000        0x8 os_shutdown.o
 .debug_macro   0x00000000      0x86e os_shutdown.o
 .debug_macro   0x00000000       0x4c os_shutdown.o
 .debug_macro   0x00000000       0x88 os_shutdown.o
 .debug_macro   0x00000000       0x10 os_shutdown.o
 .debug_macro   0x00000000       0x28 os_shutdown.o
 .debug_macro   0x00000000       0x46 os_shutdown.o
 .debug_macro   0x00000000       0x10 os_shutdown.o
 .group         0x00000000        0x8 os_start_ext_prg.o
 .group         0x00000000        0x8 os_start_ext_prg.o
 .group         0x00000000        0x8 os_start_ext_prg.o
 .group         0x00000000        0x8 os_start_ext_prg.o
 .group         0x00000000        0x8 os_start_ext_prg.o
 .group         0x00000000        0x8 os_start_ext_prg.o
 .group         0x00000000        0x8 os_start_ext_prg.o
 .debug_macro   0x00000000      0x86e os_start_ext_prg.o
 .debug_macro   0x00000000       0x4c os_start_ext_prg.o
 .debug_macro   0x00000000       0x88 os_start_ext_prg.o
 .debug_macro   0x00000000       0x10 os_start_ext_prg.o
 .debug_macro   0x00000000       0x28 os_start_ext_prg.o
 .debug_macro   0x00000000       0x46 os_start_ext_prg.o
 .debug_macro   0x00000000       0x10 os_start_ext_prg.o
 .group         0x00000000        0x8 os_start_init_hw.o
 .group         0x00000000        0x8 os_start_init_hw.o
 .group         0x00000000        0x8 os_start_init_hw.o
 .group         0x00000000        0x8 os_start_init_hw.o
 .group         0x00000000        0x8 os_start_init_hw.o
 .group         0x00000000        0x8 os_start_init_hw.o
 .group         0x00000000        0x8 os_start_init_hw.o
 .debug_macro   0x00000000      0x86e os_start_init_hw.o
 .debug_macro   0x00000000       0x4c os_start_init_hw.o
 .debug_macro   0x00000000       0x88 os_start_init_hw.o
 .debug_macro   0x00000000       0x10 os_start_init_hw.o
 .debug_macro   0x00000000       0x28 os_start_init_hw.o
 .debug_macro   0x00000000       0x46 os_start_init_hw.o
 .debug_macro   0x00000000       0x10 os_start_init_hw.o
 .group         0x00000000        0x8 os_start_init_mc.o
 .group         0x00000000        0x8 os_start_init_mc.o
 .group         0x00000000        0x8 os_start_init_mc.o
 .group         0x00000000        0x8 os_start_init_mc.o
 .group         0x00000000        0x8 os_start_init_mc.o
 .group         0x00000000        0x8 os_start_init_mc.o
 .group         0x00000000        0x8 os_start_init_mc.o
 .debug_macro   0x00000000      0x86e os_start_init_mc.o
 .debug_macro   0x00000000       0x4c os_start_init_mc.o
 .debug_macro   0x00000000       0x88 os_start_init_mc.o
 .debug_macro   0x00000000       0x10 os_start_init_mc.o
 .debug_macro   0x00000000       0x28 os_start_init_mc.o
 .debug_macro   0x00000000       0x46 os_start_init_mc.o
 .debug_macro   0x00000000       0x10 os_start_init_mc.o
 .group         0x00000000        0x8 os_start_init_sw.o
 .group         0x00000000        0x8 os_start_init_sw.o
 .group         0x00000000        0x8 os_start_init_sw.o
 .group         0x00000000        0x8 os_start_init_sw.o
 .group         0x00000000        0x8 os_start_init_sw.o
 .group         0x00000000        0x8 os_start_init_sw.o
 .group         0x00000000        0x8 os_start_init_sw.o
 .debug_macro   0x00000000      0x86e os_start_init_sw.o
 .debug_macro   0x00000000       0x4c os_start_init_sw.o
 .debug_macro   0x00000000       0x88 os_start_init_sw.o
 .debug_macro   0x00000000       0x10 os_start_init_sw.o
 .debug_macro   0x00000000       0x28 os_start_init_sw.o
 .debug_macro   0x00000000       0x46 os_start_init_sw.o
 .debug_macro   0x00000000       0x10 os_start_init_sw.o
 .group         0x00000000        0x8 os_start_os.o
 .group         0x00000000        0x8 os_start_os.o
 .group         0x00000000        0x8 os_start_os.o
 .group         0x00000000        0x8 os_start_os.o
 .group         0x00000000        0x8 os_start_os.o
 .group         0x00000000        0x8 os_start_os.o
 .group         0x00000000        0x8 os_start_os.o
 .debug_macro   0x00000000      0x86e os_start_os.o
 .debug_macro   0x00000000       0x4c os_start_os.o
 .debug_macro   0x00000000       0x88 os_start_os.o
 .debug_macro   0x00000000       0x10 os_start_os.o
 .debug_macro   0x00000000       0x28 os_start_os.o
 .debug_macro   0x00000000       0x46 os_start_os.o
 .debug_macro   0x00000000       0x10 os_start_os.o
 .group         0x00000000        0x8 os_task_common.o
 .group         0x00000000        0x8 os_task_common.o
 .group         0x00000000        0x8 os_task_common.o
 .group         0x00000000        0x8 os_task_common.o
 .group         0x00000000        0x8 os_task_common.o
 .group         0x00000000        0x8 os_task_common.o
 .group         0x00000000        0x8 os_task_common.o
 .group         0x00000000        0x8 os_task_common.o
 .debug_macro   0x00000000      0x86e os_task_common.o
 .debug_macro   0x00000000       0x4c os_task_common.o
 .debug_macro   0x00000000       0x88 os_task_common.o
 .debug_macro   0x00000000       0x10 os_task_common.o
 .debug_macro   0x00000000       0x28 os_task_common.o
 .debug_macro   0x00000000       0x46 os_task_common.o
 .debug_macro   0x00000000       0x10 os_task_common.o
 .debug_macro   0x00000000       0x28 os_task_common.o
 .group         0x00000000        0x8 os_task_queue.o
 .group         0x00000000        0x8 os_task_queue.o
 .group         0x00000000        0x8 os_task_queue.o
 .group         0x00000000        0x8 os_task_queue.o
 .group         0x00000000        0x8 os_task_queue.o
 .group         0x00000000        0x8 os_task_queue.o
 .group         0x00000000        0x8 os_task_queue.o
 .group         0x00000000        0x8 os_task_queue.o
 .group         0x00000000        0x8 os_task_queue.o
 .debug_macro   0x00000000      0x86e os_task_queue.o
 .debug_macro   0x00000000       0x4c os_task_queue.o
 .debug_macro   0x00000000       0x88 os_task_queue.o
 .debug_macro   0x00000000       0x10 os_task_queue.o
 .debug_macro   0x00000000       0x28 os_task_queue.o
 .debug_macro   0x00000000       0x46 os_task_queue.o
 .debug_macro   0x00000000       0x10 os_task_queue.o
 .debug_macro   0x00000000       0x28 os_task_queue.o
 .group         0x00000000        0x8 os_task_scheduler.o
 .group         0x00000000        0x8 os_task_scheduler.o
 .group         0x00000000        0x8 os_task_scheduler.o
 .group         0x00000000        0x8 os_task_scheduler.o
 .group         0x00000000        0x8 os_task_scheduler.o
 .group         0x00000000        0x8 os_task_scheduler.o
 .group         0x00000000        0x8 os_task_scheduler.o
 .group         0x00000000        0x8 os_task_scheduler.o
 .group         0x00000000        0x8 os_task_scheduler.o
 .debug_macro   0x00000000      0x86e os_task_scheduler.o
 .debug_macro   0x00000000       0x4c os_task_scheduler.o
 .debug_macro   0x00000000       0x88 os_task_scheduler.o
 .debug_macro   0x00000000       0x10 os_task_scheduler.o
 .debug_macro   0x00000000       0x28 os_task_scheduler.o
 .debug_macro   0x00000000       0x46 os_task_scheduler.o
 .debug_macro   0x00000000       0x10 os_task_scheduler.o
 .debug_macro   0x00000000       0x28 os_task_scheduler.o
 .debug_macro   0x00000000       0x1c os_task_scheduler.o
 .group         0x00000000        0x8 os_stack.o
 .group         0x00000000        0x8 os_stack.o
 .group         0x00000000        0x8 os_stack.o
 .group         0x00000000        0x8 os_stack.o
 .group         0x00000000        0x8 os_stack.o
 .group         0x00000000        0x8 os_stack.o
 .group         0x00000000        0x8 os_stack.o
 .debug_macro   0x00000000      0x86e os_stack.o
 .debug_macro   0x00000000       0x4c os_stack.o
 .debug_macro   0x00000000       0x88 os_stack.o
 .debug_macro   0x00000000       0x10 os_stack.o
 .debug_macro   0x00000000       0x28 os_stack.o
 .debug_macro   0x00000000       0x46 os_stack.o
 .debug_macro   0x00000000       0x10 os_stack.o
 .group         0x00000000        0x8 os_heap.o
 .group         0x00000000        0x8 os_heap.o
 .group         0x00000000        0x8 os_heap.o
 .group         0x00000000        0x8 os_heap.o
 .group         0x00000000        0x8 os_heap.o
 .group         0x00000000        0x8 os_heap.o
 .group         0x00000000        0x8 os_heap.o
 .debug_macro   0x00000000      0x86e os_heap.o
 .debug_macro   0x00000000       0x4c os_heap.o
 .debug_macro   0x00000000       0x88 os_heap.o
 .debug_macro   0x00000000       0x10 os_heap.o
 .debug_macro   0x00000000       0x28 os_heap.o
 .debug_macro   0x00000000       0x46 os_heap.o
 .debug_macro   0x00000000       0x10 os_heap.o
 .group         0x00000000        0x8 os_diagnostic_main.o
 .group         0x00000000        0x8 os_diagnostic_main.o
 .group         0x00000000        0x8 os_diagnostic_main.o
 .group         0x00000000        0x8 os_diagnostic_main.o
 .group         0x00000000        0x8 os_diagnostic_main.o
 .group         0x00000000        0x8 os_diagnostic_main.o
 .group         0x00000000        0x8 os_diagnostic_main.o
 .debug_macro   0x00000000      0x86e os_diagnostic_main.o
 .debug_macro   0x00000000       0x4c os_diagnostic_main.o
 .debug_macro   0x00000000       0x88 os_diagnostic_main.o
 .debug_macro   0x00000000       0x10 os_diagnostic_main.o
 .debug_macro   0x00000000       0x28 os_diagnostic_main.o
 .debug_macro   0x00000000       0x46 os_diagnostic_main.o
 .debug_macro   0x00000000       0x10 os_diagnostic_main.o
 .group         0x00000000        0x8 led.o
 .group         0x00000000        0x8 led.o
 .group         0x00000000        0x8 led.o
 .group         0x00000000        0x8 led.o
 .group         0x00000000        0x8 led.o
 .group         0x00000000        0x8 led.o
 .group         0x00000000        0x8 led.o
 .debug_macro   0x00000000      0x86e led.o
 .debug_macro   0x00000000       0x4c led.o
 .debug_macro   0x00000000       0x88 led.o
 .debug_macro   0x00000000       0x10 led.o
 .debug_macro   0x00000000       0x28 led.o
 .debug_macro   0x00000000       0x46 led.o
 .debug_macro   0x00000000       0x10 led.o
 .group         0x00000000        0x8 os_ram.o
 .group         0x00000000        0x8 os_ram.o
 .group         0x00000000        0x8 os_ram.o
 .group         0x00000000        0x8 os_ram.o
 .group         0x00000000        0x8 os_ram.o
 .group         0x00000000        0x8 os_ram.o
 .group         0x00000000        0x8 os_ram.o
 .debug_macro   0x00000000      0x86e os_ram.o
 .debug_macro   0x00000000       0x4c os_ram.o
 .debug_macro   0x00000000       0x88 os_ram.o
 .debug_macro   0x00000000       0x10 os_ram.o
 .debug_macro   0x00000000       0x28 os_ram.o
 .debug_macro   0x00000000       0x46 os_ram.o
 .debug_macro   0x00000000       0x10 os_ram.o
 .group         0x00000000        0x8 os_shared_ram.o
 .group         0x00000000        0x8 os_shared_ram.o
 .group         0x00000000        0x8 os_shared_ram.o
 .group         0x00000000        0x8 os_shared_ram.o
 .group         0x00000000        0x8 os_shared_ram.o
 .group         0x00000000        0x8 os_shared_ram.o
 .group         0x00000000        0x8 os_shared_ram.o
 .debug_macro   0x00000000      0x86e os_shared_ram.o
 .debug_macro   0x00000000       0x4c os_shared_ram.o
 .debug_macro   0x00000000       0x88 os_shared_ram.o
 .debug_macro   0x00000000       0x10 os_shared_ram.o
 .debug_macro   0x00000000       0x28 os_shared_ram.o
 .debug_macro   0x00000000       0x46 os_shared_ram.o
 .debug_macro   0x00000000       0x10 os_shared_ram.o

Memory Configuration

Name             Origin             Length             Attributes
rom              0x00000000         0x00100000
ram              0x40000000         0x00030000
*default*        0x00000000         0xffffffff

Linker script and memory map


.text           0x00000000    0x128f4
 os_exception_table.o()
 .text          0x00000000        0x0 os_exception_table.o
 .data          0x00000000       0x40 os_exception_table.o
                0x00000000                isr_vec_table
 .bss           0x00000040        0x0 os_exception_table.o
 .debug_info    0x00000040       0x9a os_exception_table.o
 .debug_abbrev  0x000000da       0x6d os_exception_table.o
 .debug_aranges
                0x00000147       0x18 os_exception_table.o
 .debug_macro   0x0000015f       0x9a os_exception_table.o
 .debug_macro   0x000001f9      0x86e os_exception_table.o
 .debug_macro   0x00000a67       0x4c os_exception_table.o
 .debug_macro   0x00000ab3       0x88 os_exception_table.o
 .debug_macro   0x00000b3b       0x10 os_exception_table.o
 .debug_macro   0x00000b4b       0x28 os_exception_table.o
 .debug_macro   0x00000b73       0x46 os_exception_table.o
 .debug_macro   0x00000bb9       0x10 os_exception_table.o
 .debug_macro   0x00000bc9       0x10 os_exception_table.o
 .debug_line    0x00000bd9      0x1df os_exception_table.o
 .debug_str     0x00000db8     0x2a42 os_exception_table.o
                               0x2a82 (size before relaxing)
 .comment       0x000037fa       0x70 os_exception_table.o
                                 0x71 (size before relaxing)
 .ARM.attributes
                0x0000386a       0x33 os_exception_table.o
 .iplt          0x00000000        0x0 os_exception_table.o
 .rel.iplt      0x00000000        0x0 os_exception_table.o
 .igot.plt      0x00000000        0x0 os_exception_table.o
                0x0000389d                _data_start = .
 os_const.o()
 *fill*         0x0000389d        0x1 
 .text          0x0000389e        0x0 os_const.o
 .data          0x0000389e        0x0 os_const.o
 .bss           0x0000389e        0x0 os_const.o
 .debug_info    0x0000389e       0x3a os_const.o
 .debug_abbrev  0x000038d8       0x1c os_const.o
 .debug_aranges
                0x000038f4       0x18 os_const.o
 .debug_macro   0x0000390c       0x91 os_const.o
 .debug_line    0x0000399d      0x1b7 os_const.o
 .debug_str     0x00003b54       0x46 os_const.o
                               0x2a11 (size before relaxing)
 .comment       0x00000000       0x71 os_const.o
 .ARM.attributes
                0x00003b9a       0x33 os_const.o
                0x00003bcd                _data_end = .
                0x00003bcd                PROVIDE (data_start, .)
                0x00003bcd                PROVIDE (data_end, .)
 lld_global.o()
 *fill*         0x00003bcd        0x3 
 .text          0x00003bd0       0xc8 lld_global.o
                0x00003bd0                Get_core_id
                0x00003be8                LLF_SAVE_TASK_STACK
                0x00003c04                LLF_SAVE_REGISTERS
                0x00003c18                LLF_RESTORE_TASK_STACK
                0x00003c34                LLF_RESTORE_REGISTERS
                0x00003c48                LLF_RESTORE_SYSTEM_STACK
                0x00003c64                LLF_SAVE_SYSTEM_STACK
                0x00003c80                LLF_CLEAR_ALL_GP_REGISTERS
                0x00003c8c                LLF_PERFORM_RAM_CHECK
 .data          0x00003c98        0x0 lld_global.o
 .bss           0x00003c98        0x0 lld_global.o
 .debug_info    0x00003c98      0x451 lld_global.o
 .debug_abbrev  0x000040e9      0x11e lld_global.o
 .debug_aranges
                0x00004207       0x20 lld_global.o
 .debug_macro   0x00004227       0xc4 lld_global.o
 .debug_macro   0x000042eb       0x7c lld_global.o
 .debug_macro   0x00004367       0x28 lld_global.o
 .debug_line    0x0000438f      0x1e3 lld_global.o
 .debug_str     0x00004572      0x432 lld_global.o
                               0x2da4 (size before relaxing)
 .comment       0x00000000       0x71 lld_global.o
 .debug_frame   0x000049a4      0x170 lld_global.o
 .ARM.attributes
                0x00004b14       0x33 lld_global.o
 lld_interrupt.o()
 *fill*         0x00004b47        0x1 
 .text          0x00004b48       0x2c lld_interrupt.o
                0x00004b48                LLF_INT_DISABLE
                0x00004b58                LLF_INT_ENABLE
                0x00004b68                LLF_DISABLE_INTERRUPTS_ALL_CORES
 .data          0x00004b74        0x0 lld_interrupt.o
 .bss           0x00004b74        0x0 lld_interrupt.o
 .debug_info    0x00004b74       0x75 lld_interrupt.o
 .debug_abbrev  0x00004be9       0x50 lld_interrupt.o
 .debug_aranges
                0x00004c39       0x20 lld_interrupt.o
 .debug_macro   0x00004c59       0xc8 lld_interrupt.o
 .debug_line    0x00004d21      0x1d5 lld_interrupt.o
 .debug_str     0x00004ef6       0x8e lld_interrupt.o
                               0x2ab3 (size before relaxing)
 .comment       0x00000000       0x71 lld_interrupt.o
 .debug_frame   0x00004f84       0x74 lld_interrupt.o
 .ARM.attributes
                0x00004ff8       0x33 lld_interrupt.o
 lld_mmu.o()
 *fill*         0x0000502b        0x1 
 .text          0x0000502c       0x50 lld_mmu.o
                0x0000502c                LLF_MPU_DISABLE
                0x00005038                LLF_MPU_ENABLE
                0x00005044                LLF_MPU_SWITCH_OFF_ALL_REGIONS
                0x00005050                LLF_GET_MPU_PRESENT
 .data          0x0000507c        0x0 lld_mmu.o
 .bss           0x0000507c        0x0 lld_mmu.o
 .debug_info    0x0000507c       0xa4 lld_mmu.o
 .debug_abbrev  0x00005120       0x6e lld_mmu.o
 .debug_aranges
                0x0000518e       0x20 lld_mmu.o
 .debug_macro   0x000051ae       0xca lld_mmu.o
 .debug_line    0x00005278      0x1d2 lld_mmu.o
 .debug_str     0x0000544a       0xc2 lld_mmu.o
                               0x2aff (size before relaxing)
 .comment       0x00000000       0x71 lld_mmu.o
 .debug_frame   0x0000550c       0xa4 lld_mmu.o
 .ARM.attributes
                0x000055b0       0x33 lld_mmu.o
 lld_ram.o()
 *fill*         0x000055e3        0x1 
 .text          0x000055e4       0x28 lld_ram.o
                0x000055e4                LLF_CLEAR_ALL_RAM
 .data          0x0000560c        0x0 lld_ram.o
 .bss           0x0000560c        0x0 lld_ram.o
 .debug_info    0x0000560c       0x53 lld_ram.o
 .debug_abbrev  0x0000565f       0x38 lld_ram.o
 .debug_aranges
                0x00005697       0x20 lld_ram.o
 .debug_macro   0x000056b7       0xc4 lld_ram.o
 .debug_line    0x0000577b      0x1cb lld_ram.o
 .debug_str     0x00005946       0x5a lld_ram.o
                               0x2a7f (size before relaxing)
 .comment       0x00000000       0x71 lld_ram.o
 .debug_frame   0x000059a0       0x34 lld_ram.o
 .ARM.attributes
                0x000059d4       0x33 lld_ram.o
 lld_timer.o()
 *fill*         0x00005a07        0x1 
 .text          0x00005a08       0x30 lld_timer.o
                0x00005a08                LLF_UP_CNT_TIMER_32
                0x00005a18                LLF_ADD_2_TCMP
                0x00005a2c                LLF_TCMP1_CONFIG
 .data          0x00005a38        0x0 lld_timer.o
 .bss           0x00005a38        0x0 lld_timer.o
 .debug_info    0x00005a38       0xa2 lld_timer.o
 .debug_abbrev  0x00005ada       0x88 lld_timer.o
 .debug_aranges
                0x00005b62       0x20 lld_timer.o
 .debug_macro   0x00005b82       0xc4 lld_timer.o
 .debug_line    0x00005c46      0x1cf lld_timer.o
 .debug_str     0x00005e15       0x8e lld_timer.o
                               0x2ac4 (size before relaxing)
 .comment       0x00000000       0x71 lld_timer.o
 *fill*         0x00005ea3        0x1 
 .debug_frame   0x00005ea4       0x80 lld_timer.o
 .ARM.attributes
                0x00005f24       0x33 lld_timer.o
 lld_power.o()
 *fill*         0x00005f57        0x1 
 .text          0x00005f58       0x28 lld_power.o
                0x00005f58                LLF_MCU_SWITCH_OFF_POWER
                0x00005f64                LLF_MCU_RESET_POWER
 .data          0x00005f80        0x0 lld_power.o
 .bss           0x00005f80        0x0 lld_power.o
 .debug_info    0x00005f80       0x6f lld_power.o
 .debug_abbrev  0x00005fef       0x5d lld_power.o
 .debug_aranges
                0x0000604c       0x20 lld_power.o
 .debug_macro   0x0000606c       0xd0 lld_power.o
 .debug_line    0x0000613c      0x1ce lld_power.o
 .debug_str     0x0000630a       0xbb lld_power.o
                               0x2ae7 (size before relaxing)
 .comment       0x00000000       0x71 lld_power.o
 *fill*         0x000063c5        0x3 
 .debug_frame   0x000063c8       0x50 lld_power.o
 .ARM.attributes
                0x00006418       0x33 lld_power.o
 os_exception_reset.o()
 *fill*         0x0000644b        0x1 
 .text          0x0000644c       0x80 E:\NeuOrga\Programmieren\c_cpp\github_os\output\os_drivers\obj_arm\os_exception_reset.o
                0x0000644c                OS_Exception_RESET
 .data          0x000064cc        0x0 E:\NeuOrga\Programmieren\c_cpp\github_os\output\os_drivers\obj_arm\os_exception_reset.o
 .bss           0x000064cc        0x0 E:\NeuOrga\Programmieren\c_cpp\github_os\output\os_drivers\obj_arm\os_exception_reset.o
 .ARM.attributes
                0x000064cc       0x14 E:\NeuOrga\Programmieren\c_cpp\github_os\output\os_drivers\obj_arm\os_exception_reset.o
 os_common.o()
 .text          0x000064e0       0x38 os_common.o
                0x000064e0                OS_SET_SW_BUG
                0x00006508                Get_current_time
 .data          0x00006518        0x0 os_common.o
 .bss           0x00006518       0x10 os_common.o
 .debug_info    0x00006528      0x16a os_common.o
 .debug_abbrev  0x00006692       0xa9 os_common.o
 .debug_aranges
                0x0000673b       0x20 os_common.o
 .debug_macro   0x0000675b       0x95 os_common.o
 .debug_line    0x000067f0      0x1de os_common.o
 .debug_str     0x000069ce      0x2a8 os_common.o
                               0x2c8d (size before relaxing)
 .comment       0x00000000       0x71 os_common.o
 *fill*         0x00006c76        0x2 
 .debug_frame   0x00006c78       0x5c os_common.o
 .ARM.attributes
                0x00006cd4       0x33 os_common.o
 os_driver_hook.o()
 *fill*         0x00006d07        0x1 
 .text          0x00006d08        0x0 os_driver_hook.o
 .data          0x00006d08        0x0 os_driver_hook.o
 .bss           0x00006d08        0x0 os_driver_hook.o
 .debug_info    0x00006d08       0x3a os_driver_hook.o
 .debug_abbrev  0x00006d42       0x1c os_driver_hook.o
 .debug_aranges
                0x00006d5e       0x18 os_driver_hook.o
 .debug_macro   0x00006d76       0x91 os_driver_hook.o
 .debug_line    0x00006e07      0x1bd os_driver_hook.o
 .debug_str     0x00006fc4       0x4c os_driver_hook.o
                               0x2a17 (size before relaxing)
 .comment       0x00000000       0x71 os_driver_hook.o
 .ARM.attributes
                0x00007010       0x33 os_driver_hook.o
 os_exception.o()
 *fill*         0x00007043        0x1 
 .text          0x00007044       0x90 os_exception.o
                0x00007044                OS_Exception_UNDEFINST
                0x00007058                OS_Exception_SWI
                0x00007064                OS_Exception_ABORT_PREFETCH
                0x00007078                OS_Exception_ABORT_DATA
                0x0000708c                OS_Exception_IRQ
                0x00007098                OS_Exception_FIQ
                0x000070a4                TCMP1
                0x000070b0                TCMP2
                0x000070bc                TCMP3
                0x000070c8                TCMP4
 .data          0x000070d4        0x0 os_exception.o
 .bss           0x000070d4        0x0 os_exception.o
 .debug_info    0x000070d4      0x19d os_exception.o
 .debug_abbrev  0x00007271       0x66 os_exception.o
 .debug_aranges
                0x000072d7       0x20 os_exception.o
 .debug_macro   0x000072f7       0xb2 os_exception.o
 .debug_macro   0x000073a9      0x868 os_exception.o
 .debug_line    0x00007c11      0x236 os_exception.o
 .debug_str     0x00007e47      0x1ac os_exception.o
                               0x2d1e (size before relaxing)
 .comment       0x00000000       0x71 os_exception.o
 *fill*         0x00007ff3        0x1 
 .debug_frame   0x00007ff4      0x128 os_exception.o
 .ARM.attributes
                0x0000811c       0x33 os_exception.o
 os_exception_isr_handler.o()
 *fill*         0x0000814f        0x1 
 .text          0x00008150       0x30 os_exception_isr_handler.o
                0x00008150                OS_ISRHANDLERC0
                0x0000815c                OS_ISRHANDLERC1
                0x00008168                OS_ISRHANDLERC2
                0x00008174                OS_ISRHANDLERC3
 .data          0x00008180        0x0 os_exception_isr_handler.o
 .bss           0x00008180        0x0 os_exception_isr_handler.o
 .debug_info    0x00008180       0x86 os_exception_isr_handler.o
 .debug_abbrev  0x00008206       0x38 os_exception_isr_handler.o
 .debug_aranges
                0x0000823e       0x20 os_exception_isr_handler.o
 .debug_macro   0x0000825e       0x9e os_exception_isr_handler.o
 .debug_macro   0x000082fc       0x28 os_exception_isr_handler.o
 .debug_line    0x00008324      0x20a os_exception_isr_handler.o
 .debug_str     0x0000852e      0x106 os_exception_isr_handler.o
                               0x2ad1 (size before relaxing)
 .comment       0x00000000       0x71 os_exception_isr_handler.o
 .debug_frame   0x00008634       0x80 os_exception_isr_handler.o
 .ARM.attributes
                0x000086b4       0x33 os_exception_isr_handler.o
 os_exception_table.o()
 os_init_task_system.o()
 *fill*         0x000086e7        0x1 
 .text          0x000086e8        0xc os_init_task_system.o
                0x000086e8                OS_INIT_TASK_SYSTEM
 .data          0x000086f4        0x0 os_init_task_system.o
 .bss           0x000086f4        0x0 os_init_task_system.o
 .debug_info    0x000086f4       0x53 os_init_task_system.o
 .debug_abbrev  0x00008747       0x38 os_init_task_system.o
 .debug_aranges
                0x0000877f       0x20 os_init_task_system.o
 .debug_macro   0x0000879f       0xa4 os_init_task_system.o
 .debug_macro   0x00008843       0x22 os_init_task_system.o
 .debug_line    0x00008865      0x1fc os_init_task_system.o
 .debug_str     0x00008a61       0x65 os_init_task_system.o
                               0x2aa0 (size before relaxing)
 .comment       0x00000000       0x71 os_init_task_system.o
 *fill*         0x00008ac6        0x2 
 .debug_frame   0x00008ac8       0x2c os_init_task_system.o
 .ARM.attributes
                0x00008af4       0x33 os_init_task_system.o
 os_main.o()
 *fill*         0x00008b27        0x1 
 .text          0x00008b28       0x6c os_main.o
                0x00008b28                OS_STATE_HANDLER
 .data          0x00008b94        0x0 os_main.o
 .bss           0x00008b94        0x2 os_main.o
 .debug_info    0x00008b96       0xdd os_main.o
 .debug_abbrev  0x00008c73       0x6c os_main.o
 .debug_aranges
                0x00008cdf       0x20 os_main.o
 .debug_macro   0x00008cff       0xc6 os_main.o
 .debug_line    0x00008dc5      0x260 os_main.o
 .debug_str     0x00009025      0x132 os_main.o
                               0x2bb4 (size before relaxing)
 .comment       0x00000000       0x71 os_main.o
 *fill*         0x00009157        0x1 
 .debug_frame   0x00009158       0x2c os_main.o
 .ARM.attributes
                0x00009184       0x33 os_main.o
 os_memory_mmu_setup.o()
 *fill*         0x000091b7        0x1 
 .text          0x000091b8        0xc os_memory_mmu_setup.o
                0x000091b8                OS_MMU_SETUP
 .data          0x000091c4        0x0 os_memory_mmu_setup.o
 .bss           0x000091c4        0x0 os_memory_mmu_setup.o
 .debug_info    0x000091c4       0x53 os_memory_mmu_setup.o
 .debug_abbrev  0x00009217       0x38 os_memory_mmu_setup.o
 .debug_aranges
                0x0000924f       0x20 os_memory_mmu_setup.o
 .debug_macro   0x0000926f       0xcd os_memory_mmu_setup.o
 .debug_line    0x0000933c      0x1d2 os_memory_mmu_setup.o
 .debug_str     0x0000950e      0x1cc os_memory_mmu_setup.o
                               0x2b97 (size before relaxing)
 .comment       0x00000000       0x71 os_memory_mmu_setup.o
 *fill*         0x000096da        0x2 
 .debug_frame   0x000096dc       0x34 os_memory_mmu_setup.o
 .ARM.attributes
                0x00009710       0x33 os_memory_mmu_setup.o
 os_memory_virtualisation.o()
 *fill*         0x00009743        0x1 
 .text          0x00009744       0x3c os_memory_virtualisation.o
                0x0000975c                OS_MALLOC
 .data          0x00009780        0x0 os_memory_virtualisation.o
 .bss           0x00009780        0x0 os_memory_virtualisation.o
 .debug_info    0x00009780       0xee os_memory_virtualisation.o
 .debug_abbrev  0x0000986e       0x9e os_memory_virtualisation.o
 .debug_aranges
                0x0000990c       0x20 os_memory_virtualisation.o
 .debug_macro   0x0000992c       0x91 os_memory_virtualisation.o
 .debug_macro   0x000099bd       0x6a os_memory_virtualisation.o
 .debug_line    0x00009a27      0x1c6 os_memory_virtualisation.o
 .debug_str     0x00009bed       0xd7 os_memory_virtualisation.o
                               0x281d (size before relaxing)
 .comment       0x00000000       0x71 os_memory_virtualisation.o
 .debug_frame   0x00009cc4       0x60 os_memory_virtualisation.o
 .ARM.attributes
                0x00009d24       0x33 os_memory_virtualisation.o
 os_rte_common.o()
 *fill*         0x00009d57        0x1 
 .text          0x00009d58        0x0 os_rte_common.o
 .data          0x00009d58        0x0 os_rte_common.o
 .bss           0x00009d58        0x0 os_rte_common.o
 .debug_info    0x00009d58       0x3a os_rte_common.o
 .debug_abbrev  0x00009d92       0x1c os_rte_common.o
 .debug_aranges
                0x00009dae       0x18 os_rte_common.o
 .debug_macro   0x00009dc6       0x91 os_rte_common.o
 .debug_line    0x00009e57      0x1bc os_rte_common.o
 .debug_str     0x0000a013       0x4b os_rte_common.o
                               0x2a16 (size before relaxing)
 .comment       0x00000000       0x71 os_rte_common.o
 .ARM.attributes
                0x0000a05e       0x33 os_rte_common.o
 os_rte_icc.o()
 *fill*         0x0000a091        0x3 
 .text          0x0000a094       0x60 os_rte_icc.o
                0x0000a094                SEND_DATA
                0x0000a0b4                SEND_PACKAGE
                0x0000a0d4                SEND_FRAME
 .data          0x0000a0f4        0x0 os_rte_icc.o
 .bss           0x0000a0f4        0x0 os_rte_icc.o
 .debug_info    0x0000a0f4      0x180 os_rte_icc.o
 .debug_abbrev  0x0000a274       0x93 os_rte_icc.o
 .debug_aranges
                0x0000a307       0x20 os_rte_icc.o
 .debug_macro   0x0000a327       0x95 os_rte_icc.o
 .debug_line    0x0000a3bc      0x1e4 os_rte_icc.o
 .debug_str     0x0000a5a0       0xa9 os_rte_icc.o
                               0x2aab (size before relaxing)
 .comment       0x00000000       0x71 os_rte_icc.o
 *fill*         0x0000a649        0x3 
 .debug_frame   0x0000a64c       0x88 os_rte_icc.o
 .ARM.attributes
                0x0000a6d4       0x33 os_rte_icc.o
 os_shutdown.o()
 *fill*         0x0000a707        0x1 
 .text          0x0000a708       0x2c os_shutdown.o
                0x0000a708                OS_SHUTDOWN
 .data          0x0000a734        0x0 os_shutdown.o
 .bss           0x0000a734        0x0 os_shutdown.o
 .debug_info    0x0000a734       0x86 os_shutdown.o
 .debug_abbrev  0x0000a7ba       0x6c os_shutdown.o
 .debug_aranges
                0x0000a826       0x20 os_shutdown.o
 .debug_macro   0x0000a846       0x9b os_shutdown.o
 .debug_line    0x0000a8e1      0x1df os_shutdown.o
 .debug_str     0x0000aac0       0x6f os_shutdown.o
                               0x2a81 (size before relaxing)
 .comment       0x00000000       0x71 os_shutdown.o
 *fill*         0x0000ab2f        0x1 
 .debug_frame   0x0000ab30       0x38 os_shutdown.o
 .ARM.attributes
                0x0000ab68       0x33 os_shutdown.o
 os_start_ext_prg.o()
 *fill*         0x0000ab9b        0x1 
 .text          0x0000ab9c       0x4c os_start_ext_prg.o
                0x0000abb8                OS_StartExtPrg
 .data          0x0000abe8        0x0 os_start_ext_prg.o
 .bss           0x0000abe8        0x0 os_start_ext_prg.o
 .debug_info    0x0000abe8       0xea os_start_ext_prg.o
 .debug_abbrev  0x0000acd2       0x7e os_start_ext_prg.o
 .debug_aranges
                0x0000ad50       0x20 os_start_ext_prg.o
 .debug_macro   0x0000ad70       0x91 os_start_ext_prg.o
 .debug_line    0x0000ae01      0x1d9 os_start_ext_prg.o
 .debug_str     0x0000afda       0x90 os_start_ext_prg.o
                               0x2a7d (size before relaxing)
 .comment       0x00000000       0x71 os_start_ext_prg.o
 *fill*         0x0000b06a        0x2 
 .debug_frame   0x0000b06c       0x60 os_start_ext_prg.o
 .ARM.attributes
                0x0000b0cc       0x33 os_start_ext_prg.o
 os_start_init_hw.o()
 *fill*         0x0000b0ff        0x1 
 .text          0x0000b100        0xc os_start_init_hw.o
                0x0000b100                OS_INIT_HW
 .data          0x0000b10c        0x0 os_start_init_hw.o
 .bss           0x0000b10c        0x0 os_start_init_hw.o
 .debug_info    0x0000b10c       0x53 os_start_init_hw.o
 .debug_abbrev  0x0000b15f       0x38 os_start_init_hw.o
 .debug_aranges
                0x0000b197       0x20 os_start_init_hw.o
 .debug_macro   0x0000b1b7       0x91 os_start_init_hw.o
 .debug_line    0x0000b248      0x1cd os_start_init_hw.o
 .debug_str     0x0000b415       0x59 os_start_init_hw.o
                               0x2a24 (size before relaxing)
 .comment       0x00000000       0x71 os_start_init_hw.o
 *fill*         0x0000b46e        0x2 
 .debug_frame   0x0000b470       0x34 os_start_init_hw.o
 .ARM.attributes
                0x0000b4a4       0x33 os_start_init_hw.o
 os_start_init_mc.o()
 *fill*         0x0000b4d7        0x1 
 .text          0x0000b4d8        0xc os_start_init_mc.o
                0x0000b4d8                OS_INIT_MC
 .data          0x0000b4e4        0x0 os_start_init_mc.o
 .bss           0x0000b4e4        0x0 os_start_init_mc.o
 .debug_info    0x0000b4e4       0x53 os_start_init_mc.o
 .debug_abbrev  0x0000b537       0x38 os_start_init_mc.o
 .debug_aranges
                0x0000b56f       0x20 os_start_init_mc.o
 .debug_macro   0x0000b58f       0x91 os_start_init_mc.o
 .debug_line    0x0000b620      0x1d0 os_start_init_mc.o
 .debug_str     0x0000b7f0       0x59 os_start_init_mc.o
                               0x2a24 (size before relaxing)
 .comment       0x00000000       0x71 os_start_init_mc.o
 *fill*         0x0000b849        0x3 
 .debug_frame   0x0000b84c       0x2c os_start_init_mc.o
 .ARM.attributes
                0x0000b878       0x33 os_start_init_mc.o
 os_start_init_sw.o()
 *fill*         0x0000b8ab        0x1 
 .text          0x0000b8ac        0xc os_start_init_sw.o
                0x0000b8ac                OS_INIT_SW
 .data          0x0000b8b8        0x0 os_start_init_sw.o
 .bss           0x0000b8b8        0x0 os_start_init_sw.o
 .debug_info    0x0000b8b8       0x53 os_start_init_sw.o
 .debug_abbrev  0x0000b90b       0x38 os_start_init_sw.o
 .debug_aranges
                0x0000b943       0x20 os_start_init_sw.o
 .debug_macro   0x0000b963       0x91 os_start_init_sw.o
 .debug_line    0x0000b9f4      0x1cd os_start_init_sw.o
 .debug_str     0x0000bbc1       0x59 os_start_init_sw.o
                               0x2a24 (size before relaxing)
 .comment       0x00000000       0x71 os_start_init_sw.o
 *fill*         0x0000bc1a        0x2 
 .debug_frame   0x0000bc1c       0x34 os_start_init_sw.o
 .ARM.attributes
                0x0000bc50       0x33 os_start_init_sw.o
 os_start_os.o()
 *fill*         0x0000bc83        0x1 
 .text          0x0000bc84        0xc os_start_os.o
                0x0000bc84                OS_START_OS
 .data          0x0000bc90        0x0 os_start_os.o
 .bss           0x0000bc90        0x0 os_start_os.o
 .debug_info    0x0000bc90       0x53 os_start_os.o
 .debug_abbrev  0x0000bce3       0x38 os_start_os.o
 .debug_aranges
                0x0000bd1b       0x20 os_start_os.o
 .debug_macro   0x0000bd3b       0x9b os_start_os.o
 .debug_line    0x0000bdd6      0x1d6 os_start_os.o
 .debug_str     0x0000bfac       0x62 os_start_os.o
                               0x2a2d (size before relaxing)
 .comment       0x00000000       0x71 os_start_os.o
 *fill*         0x0000c00e        0x2 
 .debug_frame   0x0000c010       0x2c os_start_os.o
 .ARM.attributes
                0x0000c03c       0x33 os_start_os.o
 os_task_common.o()
 *fill*         0x0000c06f        0x1 
 .text          0x0000c070      0x1d8 os_task_common.o
                0x0000c070                OS_TASK_SAVETASK_ENVIRONMENT
                0x0000c0b0                OS_TASK_RESTORETASK_ENVIRONMENT
                0x0000c0e0                OS_TASK_RESTORE_SYSTEM_STACK
                0x0000c0f4                OS_TASK_SAVE_SYSTEM_STACK
                0x0000c108                OS_Task_InitTaskEnvironment
                0x0000c1ec                OS_Task_DeleteTaskEnvironment
                0x0000c21c                OS_Task_CreateTaskEnvironment
 .data          0x0000c248        0x0 os_task_common.o
 .bss           0x0000c248        0x0 os_task_common.o
 .debug_info    0x0000c248      0x503 os_task_common.o
 .debug_abbrev  0x0000c74b      0x129 os_task_common.o
 .debug_aranges
                0x0000c874       0x20 os_task_common.o
 .debug_macro   0x0000c894       0xa2 os_task_common.o
 .debug_line    0x0000c936      0x24a os_task_common.o
 .debug_str     0x0000cb80      0x151 os_task_common.o
                               0x2fce (size before relaxing)
 .comment       0x00000000       0x71 os_task_common.o
 *fill*         0x0000ccd1        0x3 
 .debug_frame   0x0000ccd4      0x128 os_task_common.o
 .ARM.attributes
                0x0000cdfc       0x33 os_task_common.o
 *fill*         0x0000ce2f        0x1 
 COMMON         0x0000ce30       0x24 os_task_common.o
                0x0000ce30                REGISTER_R2
                0x0000ce34                REGISTER_R0
                0x0000ce38                TASK_PTR
                0x0000ce4c                REGISTER_R1
                0x0000ce50                REGISTER_R3
 os_task_queue.o()
 .text          0x0000ce54      0xa54 os_task_queue.o
                0x0000ce54                SET_RUNNING_TASK
                0x0000cfcc                OS_INIT_TASK_QUEUE
                0x0000d024                AddToTaskQueue
                0x0000d3e4                DeleteFromTaskQueue
                0x0000d4e4                GetFromTaskQueue
                0x0000d4fc                GetFromLinkList
                0x0000d520                DeleteFromLinkList
                0x0000d544                AddToLinkList
                0x0000d5a4                UpdateLinkList
                0x0000d624                GetIdleTask
                0x0000d638                AddToIdleTaskQueue
                0x0000d7b4                GetRunningTask
                0x0000d7c8                OS_INIT_TASK
 .data          0x0000d8a8        0x0 os_task_queue.o
 .bss           0x0000d8a8      0x3b4 os_task_queue.o
 .debug_info    0x0000dc5c      0x6a8 os_task_queue.o
 .debug_abbrev  0x0000e304      0x1a7 os_task_queue.o
 .debug_aranges
                0x0000e4ab       0x20 os_task_queue.o
 .debug_macro   0x0000e4cb       0xa7 os_task_queue.o
 .debug_macro   0x0000e572       0x1c os_task_queue.o
 .debug_line    0x0000e58e      0x319 os_task_queue.o
 .debug_str     0x0000e8a7      0x26c os_task_queue.o
                               0x30f6 (size before relaxing)
 .comment       0x00000000       0x71 os_task_queue.o
 *fill*         0x0000eb13        0x1 
 .debug_frame   0x0000eb14      0x214 os_task_queue.o
 .ARM.attributes
                0x0000ed28       0x33 os_task_queue.o
 os_task_scheduler.o()
 *fill*         0x0000ed5b        0x1 
 .text          0x0000ed5c      0x6e0 os_task_scheduler.o
                0x0000ed5c                OS_ACTIVATE_DISPATCHER
                0x0000ed6c                OS_SLEEPTASK
                0x0000ed8c                task_state_request
                0x0000ee70                OS_ActivateTask
                0x0000f138                OS_INIT_TASKS
                0x0000f3ec                ISR_TASK_DISPATCH_C0
                0x0000f400                ISR_TASK_DISPATCH_C1
                0x0000f414                ISR_TASK_DISPATCH_C2
                0x0000f428                ISR_TASK_DISPATCH_C3
 .data          0x0000f43c        0x0 os_task_scheduler.o
 .bss           0x0000f43c      0x630 os_task_scheduler.o
 .debug_info    0x0000fa6c      0x76a os_task_scheduler.o
 .debug_abbrev  0x000101d6      0x1f3 os_task_scheduler.o
 .debug_aranges
                0x000103c9       0x20 os_task_scheduler.o
 .debug_macro   0x000103e9       0xaf os_task_scheduler.o
 .debug_line    0x00010498      0x357 os_task_scheduler.o
 .debug_str     0x000107ef      0x264 os_task_scheduler.o
                               0x3180 (size before relaxing)
 .comment       0x00000000       0x71 os_task_scheduler.o
 *fill*         0x00010a53        0x1 
 .debug_frame   0x00010a54      0x280 os_task_scheduler.o
 .ARM.attributes
                0x00010cd4       0x33 os_task_scheduler.o
 os_stack.o()
 *fill*         0x00010d07        0x1 
 .text          0x00010d08        0x0 os_stack.o
 .data          0x00010d08        0x0 os_stack.o
 .bss           0x00010d08        0x0 os_stack.o
 .debug_info    0x00010d08       0x3a os_stack.o
 .debug_abbrev  0x00010d42       0x1c os_stack.o
 .debug_aranges
                0x00010d5e       0x18 os_stack.o
 .debug_macro   0x00010d76       0x91 os_stack.o
 .debug_line    0x00010e07      0x1b7 os_stack.o
 .debug_str     0x00010fbe       0x46 os_stack.o
                               0x2a11 (size before relaxing)
 .comment       0x00000000       0x71 os_stack.o
 .ARM.attributes
                0x00011004       0x33 os_stack.o
 os_heap.o()
 *fill*         0x00011037        0x1 
 .text          0x00011038      0x22c os_heap.o
                0x00011038                os_calloc
                0x00011080                os_realloc
                0x000110f4                os_malloc
                0x0001115c                os_free
 .data          0x00011264        0x0 os_heap.o
 .bss           0x00011264        0x0 os_heap.o
 .debug_info    0x00011264      0x24e os_heap.o
 .debug_abbrev  0x000114b2      0x10d os_heap.o
 .debug_aranges
                0x000115bf       0x20 os_heap.o
 .debug_macro   0x000115df       0x95 os_heap.o
 .debug_line    0x00011674      0x245 os_heap.o
 .debug_str     0x000118b9       0xe4 os_heap.o
                               0x2ae2 (size before relaxing)
 .comment       0x00000000       0x71 os_heap.o
 *fill*         0x0001199d        0x3 
 .debug_frame   0x000119a0      0x100 os_heap.o
 .ARM.attributes
                0x00011aa0       0x33 os_heap.o
 os_diagnostic_main.o()
 *fill*         0x00011ad3        0x1 
 .text          0x00011ad4        0xc os_diagnostic_main.o
                0x00011ad4                OS_DIAGNOSTIC_MAIN
 .data          0x00011ae0        0x0 os_diagnostic_main.o
 .bss           0x00011ae0        0x0 os_diagnostic_main.o
 .debug_info    0x00011ae0       0x53 os_diagnostic_main.o
 .debug_abbrev  0x00011b33       0x38 os_diagnostic_main.o
 .debug_aranges
                0x00011b6b       0x20 os_diagnostic_main.o
 .debug_macro   0x00011b8b       0x91 os_diagnostic_main.o
 .debug_line    0x00011c1c      0x1cf os_diagnostic_main.o
 .debug_str     0x00011deb       0x63 os_diagnostic_main.o
                               0x2a2e (size before relaxing)
 .comment       0x00000000       0x71 os_diagnostic_main.o
 *fill*         0x00011e4e        0x2 
 .debug_frame   0x00011e50       0x34 os_diagnostic_main.o
 .ARM.attributes
                0x00011e84       0x33 os_diagnostic_main.o
 led.o()
 *fill*         0x00011eb7        0x1 
 .text          0x00011eb8       0x50 led.o
                0x00011eb8                USER_LED_INIT
                0x00011ecc                USER_LED_ON
                0x00011ee0                USER_LED_OFF
                0x00011ef4                USER_LED_TOGGLE
 .data          0x00011f08        0x0 led.o
 .bss           0x00011f08        0x0 led.o
 .debug_info    0x00011f08       0xfa led.o
 .debug_abbrev  0x00012002       0x84 led.o
 .debug_aranges
                0x00012086       0x20 led.o
 .debug_macro   0x000120a6       0x95 led.o
 .debug_line    0x0001213b      0x1be led.o
 .debug_str     0x000122f9       0x97 led.o
                               0x2a62 (size before relaxing)
 .comment       0x00000000       0x71 led.o
 .debug_frame   0x00012390       0xb0 led.o
 .ARM.attributes
                0x00012440       0x33 led.o
 *fill*         0x00012473        0x1 
 .text          0x00012474      0x370 d:/programm/gnu tools arm embedded/4.9 2015q1/bin/../lib/gcc/arm-none-eabi/4.9.3/armv7e-m\libgcc.a(_arm_addsubdf3.o)
                0x00012474                __aeabi_drsub
                0x0001247c                __aeabi_dsub
                0x0001247c                __subdf3
                0x00012480                __aeabi_dadd
                0x00012480                __adddf3
                0x000126f8                __floatunsidf
                0x000126f8                __aeabi_ui2d
                0x00012718                __floatsidf
                0x00012718                __aeabi_i2d
                0x0001273c                __aeabi_f2d
                0x0001273c                __extendsfdf2
                0x00012778                __floatundidf
                0x00012778                __aeabi_ul2d
                0x00012788                __floatdidf
                0x00012788                __aeabi_l2d
 .text          0x000127e4      0x110 d:/programm/gnu tools arm embedded/4.9 2015q1/bin/../lib/gcc/arm-none-eabi/4.9.3/armv7e-m\libgcc.a(_arm_cmpdf2.o)
                0x000127e4                __gtdf2
                0x000127e4                __gedf2
                0x000127ec                __ltdf2
                0x000127ec                __ledf2
                0x000127f4                __nedf2
                0x000127f4                __eqdf2
                0x000127f4                __cmpdf2
                0x00012870                __aeabi_cdrcmple
                0x00012880                __aeabi_cdcmpeq
                0x00012880                __aeabi_cdcmple
                0x00012890                __aeabi_dcmpeq
                0x000128a4                __aeabi_dcmplt
                0x000128b8                __aeabi_dcmple
                0x000128cc                __aeabi_dcmpge
                0x000128e0                __aeabi_dcmpgt

.glue_7         0x000128f4        0x0
 .glue_7        0x00000000        0x0 linker stubs

.glue_7t        0x000128f4        0x0
 .glue_7t       0x00000000        0x0 linker stubs

.vfp11_veneer   0x000128f4        0x0
 .vfp11_veneer  0x00000000        0x0 linker stubs

.v4_bx          0x000128f4        0x0
 .v4_bx         0x00000000        0x0 linker stubs

.data           0x40000000     0x6f00
                0x40000000                _ram_start = .
 os_ram.o()
 .text          0x40000000        0x0 os_ram.o
 .data          0x40000000        0x0 os_ram.o
 .bss           0x40000000        0x0 os_ram.o
 .debug_info    0x40000000       0xb6 os_ram.o
 .debug_abbrev  0x400000b6       0x55 os_ram.o
 .debug_aranges
                0x4000010b       0x18 os_ram.o
 .debug_macro   0x40000123       0x99 os_ram.o
 .debug_line    0x400001bc      0x1d0 os_ram.o
 .debug_str     0x4000038c     0x2a04 os_ram.o
                               0x2a44 (size before relaxing)
 .comment       0x40002d90       0x70 os_ram.o
                                 0x71 (size before relaxing)
 .ARM.attributes
                0x40002e00       0x33 os_ram.o
 *fill*         0x40002e33        0x1 
 COMMON         0x40002e34     0x2910 os_ram.o
                0x40002e34                OS_STACK
                0x40002f34                OS_MAIN_STACK
                0x40003034                HEAP
 os_shared_ram.o()
 .text          0x40005744        0x0 os_shared_ram.o
 .data          0x40005744        0x0 os_shared_ram.o
 .bss           0x40005744        0x0 os_shared_ram.o
 .debug_info    0x40005744      0x16c os_shared_ram.o
 .debug_abbrev  0x400058b0       0x4c os_shared_ram.o
 .debug_aranges
                0x400058fc       0x18 os_shared_ram.o
 .debug_macro   0x40005914       0xf1 os_shared_ram.o
 .debug_line    0x40005a05      0x1bc os_shared_ram.o
 .debug_str     0x40005bc1      0x30b os_shared_ram.o
                               0x2cef (size before relaxing)
 .comment       0x00000000       0x71 os_shared_ram.o
 .ARM.attributes
                0x40005ecc       0x33 os_shared_ram.o
 *fill*         0x40005eff        0x1 
 COMMON         0x40005f00     0x1000 os_shared_ram.o
                0x40005f00                RAM_BLOCK_C01_C01
                0x40006000                RAM_BLOCK_C01_C00
                0x40006100                RAM_BLOCK_C00_C00
                0x40006200                RAM_BLOCK_C01_C03
                0x40006300                RAM_BLOCK_C03_C01
                0x40006400                RAM_BLOCK_C00_C01
                0x40006500                RAM_BLOCK_C02_C01
                0x40006600                RAM_BLOCK_C01_C02
                0x40006700                RAM_BLOCK_C03_C00
                0x40006800                RAM_BLOCK_C02_C00
                0x40006900                RAM_BLOCK_C02_C02
                0x40006a00                RAM_BLOCK_C03_C03
                0x40006b00                RAM_BLOCK_C03_C02
                0x40006c00                RAM_BLOCK_C00_C03
                0x40006d00                RAM_BLOCK_C00_C02
                0x40006e00                RAM_BLOCK_C02_C03
                0x40006f00                _ram_end = .
                0x40006f00                PROVIDE (ram_start, .)
                0x40006f00                PROVIDE (ram_end, .)
 .data          0x40006f00        0x0 d:/programm/gnu tools arm embedded/4.9 2015q1/bin/../lib/gcc/arm-none-eabi/4.9.3/armv7e-m\libgcc.a(_arm_addsubdf3.o)
 .data          0x40006f00        0x0 d:/programm/gnu tools arm embedded/4.9 2015q1/bin/../lib/gcc/arm-none-eabi/4.9.3/armv7e-m\libgcc.a(_arm_cmpdf2.o)
START GROUP
LOAD d:/programm/gnu tools arm embedded/4.9 2015q1/bin/../lib/gcc/arm-none-eabi/4.9.3/armv7e-m\libgcc.a
LOAD d:/programm/gnu tools arm embedded/4.9 2015q1/bin/../lib/gcc/arm-none-eabi/4.9.3/../../../../arm-none-eabi/lib/armv7e-m\libg.a
LOAD d:/programm/gnu tools arm embedded/4.9 2015q1/bin/../lib/gcc/arm-none-eabi/4.9.3/../../../../arm-none-eabi/lib/armv7e-m\libc.a
END GROUP
OUTPUT(E:\NeuOrga\Programmieren\c_cpp\github_os\output\VERSION_ARM\operating_system.elf elf32-littlearm)

.bss            0x40006f00        0x0
 .bss           0x40006f00        0x0 d:/programm/gnu tools arm embedded/4.9 2015q1/bin/../lib/gcc/arm-none-eabi/4.9.3/armv7e-m\libgcc.a(_arm_addsubdf3.o)
 .bss           0x40006f00        0x0 d:/programm/gnu tools arm embedded/4.9 2015q1/bin/../lib/gcc/arm-none-eabi/4.9.3/armv7e-m\libgcc.a(_arm_cmpdf2.o)

.ARM.attributes
                0x00000000       0x31
 .ARM.attributes
                0x00000000       0x1e d:/programm/gnu tools arm embedded/4.9 2015q1/bin/../lib/gcc/arm-none-eabi/4.9.3/armv7e-m\libgcc.a(_arm_addsubdf3.o)
 .ARM.attributes
                0x0000001e       0x1e d:/programm/gnu tools arm embedded/4.9 2015q1/bin/../lib/gcc/arm-none-eabi/4.9.3/armv7e-m\libgcc.a(_arm_cmpdf2.o)
