Archive member included because of file (symbol)

d:/programm/gnu tools arm embedded/4.9 2015q1/bin/../lib/gcc/arm-none-eabi/4.9.3/armv7e-m\libgcc.a(_arm_addsubdf3.o)
                              os_task_scheduler.o (__aeabi_ui2d)
d:/programm/gnu tools arm embedded/4.9 2015q1/bin/../lib/gcc/arm-none-eabi/4.9.3/armv7e-m\libgcc.a(_arm_cmpdf2.o)
                              os_task_scheduler.o (__aeabi_dcmpgt)

Allocating common symbols
Common symbol       size              file

RAM_BLOCK_C01_C01   0x100             os_shared_ram.o
REGISTER_R2         0x4               os_task_common.o
REGISTER_R0         0x4               os_task_common.o
OS_STACK            0x100             os_ram.o
RAM_BLOCK_C01_C00   0x100             os_shared_ram.o
RAM_BLOCK_C00_C00   0x100             os_shared_ram.o
RAM_BLOCK_C01_C03   0x100             os_shared_ram.o
RAM_BLOCK_C03_C01   0x100             os_shared_ram.o
RAM_BLOCK_C00_C01   0x100             os_shared_ram.o
TASK_PTR            0x14              os_task_common.o
OS_MAIN_STACK       0x100             os_ram.o
RAM_BLOCK_C02_C01   0x100             os_shared_ram.o
RAM_BLOCK_C01_C02   0x100             os_shared_ram.o
RAM_BLOCK_C03_C00   0x100             os_shared_ram.o
REGISTER_R1         0x4               os_task_common.o
RAM_BLOCK_C02_C00   0x100             os_shared_ram.o
RAM_BLOCK_C02_C02   0x100             os_shared_ram.o
RAM_BLOCK_C03_C03   0x100             os_shared_ram.o
RAM_BLOCK_C03_C02   0x100             os_shared_ram.o
RAM_BLOCK_C00_C03   0x100             os_shared_ram.o
HEAP                0x2710            os_ram.o
REGISTER_R3         0x4               os_task_common.o
RAM_BLOCK_C00_C02   0x100             os_shared_ram.o
RAM_BLOCK_C02_C03   0x100             os_shared_ram.o

Discarded input sections

 .group         0x00000000        0x8 os_exception_table.o
 .group         0x00000000        0x8 os_exception_table.o
 .group         0x00000000        0x8 os_exception_table.o
 .group         0x00000000        0x8 os_exception_table.o
 .group         0x00000000        0x8 os_exception_table.o
 .group         0x00000000        0x8 os_exception_table.o
 .group         0x00000000        0x8 os_exception_table.o
 .group         0x00000000        0x8 os_exception_table.o
 .group         0x00000000        0x8 os_const.o
 .group         0x00000000        0x8 os_const.o
 .group         0x00000000        0x8 os_const.o
 .group         0x00000000        0x8 os_const.o
 .group         0x00000000        0x8 os_const.o
 .group         0x00000000        0x8 os_const.o
 .group         0x00000000        0x8 os_const.o
 .debug_macro   0x00000000      0x86e os_const.o
 .debug_macro   0x00000000       0x4c os_const.o
 .debug_macro   0x00000000       0x88 os_const.o
 .debug_macro   0x00000000       0x16 os_const.o
 .debug_macro   0x00000000       0x28 os_const.o
 .debug_macro   0x00000000       0x46 os_const.o
 .debug_macro   0x00000000       0x10 os_const.o
 .group         0x00000000        0x8 lld_global.o
 .group         0x00000000        0x8 lld_global.o
 .group         0x00000000        0x8 lld_global.o
 .group         0x00000000        0x8 lld_global.o
 .group         0x00000000        0x8 lld_global.o
 .group         0x00000000        0x8 lld_global.o
 .debug_macro   0x00000000      0x86e lld_global.o
 .debug_macro   0x00000000       0x4c lld_global.o
 .debug_macro   0x00000000       0x46 lld_global.o
 .debug_macro   0x00000000       0x10 lld_global.o
 .group         0x00000000        0x8 lld_interrupt.o
 .group         0x00000000        0x8 lld_interrupt.o
 .group         0x00000000        0x8 lld_interrupt.o
 .group         0x00000000        0x8 lld_interrupt.o
 .group         0x00000000        0x8 lld_interrupt.o
 .group         0x00000000        0x8 lld_interrupt.o
 .debug_macro   0x00000000      0x86e lld_interrupt.o
 .debug_macro   0x00000000       0x4c lld_interrupt.o
 .debug_macro   0x00000000       0x7c lld_interrupt.o
 .debug_macro   0x00000000       0x28 lld_interrupt.o
 .debug_macro   0x00000000       0x46 lld_interrupt.o
 .debug_macro   0x00000000       0x10 lld_interrupt.o
 .group         0x00000000        0x8 lld_mmu.o
 .group         0x00000000        0x8 lld_mmu.o
 .group         0x00000000        0x8 lld_mmu.o
 .group         0x00000000        0x8 lld_mmu.o
 .group         0x00000000        0x8 lld_mmu.o
 .group         0x00000000        0x8 lld_mmu.o
 .debug_macro   0x00000000      0x86e lld_mmu.o
 .debug_macro   0x00000000       0x4c lld_mmu.o
 .debug_macro   0x00000000       0x7c lld_mmu.o
 .debug_macro   0x00000000       0x28 lld_mmu.o
 .debug_macro   0x00000000       0x46 lld_mmu.o
 .debug_macro   0x00000000       0x10 lld_mmu.o
 .group         0x00000000        0x8 lld_ram.o
 .group         0x00000000        0x8 lld_ram.o
 .group         0x00000000        0x8 lld_ram.o
 .group         0x00000000        0x8 lld_ram.o
 .group         0x00000000        0x8 lld_ram.o
 .group         0x00000000        0x8 lld_ram.o
 .debug_macro   0x00000000      0x86e lld_ram.o
 .debug_macro   0x00000000       0x4c lld_ram.o
 .debug_macro   0x00000000       0x7c lld_ram.o
 .debug_macro   0x00000000       0x28 lld_ram.o
 .debug_macro   0x00000000       0x46 lld_ram.o
 .debug_macro   0x00000000       0x10 lld_ram.o
 .group         0x00000000        0x8 lld_timer.o
 .group         0x00000000        0x8 lld_timer.o
 .group         0x00000000        0x8 lld_timer.o
 .group         0x00000000        0x8 lld_timer.o
 .group         0x00000000        0x8 lld_timer.o
 .group         0x00000000        0x8 lld_timer.o
 .debug_macro   0x00000000      0x86e lld_timer.o
 .debug_macro   0x00000000       0x4c lld_timer.o
 .debug_macro   0x00000000       0x7c lld_timer.o
 .debug_macro   0x00000000       0x28 lld_timer.o
 .debug_macro   0x00000000       0x46 lld_timer.o
 .debug_macro   0x00000000       0x10 lld_timer.o
 .group         0x00000000        0x8 lld_power.o
 .group         0x00000000        0x8 lld_power.o
 .group         0x00000000        0x8 lld_power.o
 .group         0x00000000        0x8 lld_power.o
 .group         0x00000000        0x8 lld_power.o
 .group         0x00000000        0x8 lld_power.o
 .debug_macro   0x00000000      0x86e lld_power.o
 .debug_macro   0x00000000       0x4c lld_power.o
 .debug_macro   0x00000000       0x7c lld_power.o
 .debug_macro   0x00000000       0x28 lld_power.o
 .debug_macro   0x00000000       0x46 lld_power.o
 .debug_macro   0x00000000       0x10 lld_power.o
 .group         0x00000000        0x8 os_common.o
 .group         0x00000000        0x8 os_common.o
 .group         0x00000000        0x8 os_common.o
 .group         0x00000000        0x8 os_common.o
 .group         0x00000000        0x8 os_common.o
 .group         0x00000000        0x8 os_common.o
 .group         0x00000000        0x8 os_common.o
 .debug_macro   0x00000000      0x86e os_common.o
 .debug_macro   0x00000000       0x4c os_common.o
 .debug_macro   0x00000000       0x88 os_common.o
 .debug_macro   0x00000000       0x16 os_common.o
 .debug_macro   0x00000000       0x28 os_common.o
 .debug_macro   0x00000000       0x46 os_common.o
 .debug_macro   0x00000000       0x10 os_common.o
 .group         0x00000000        0x8 os_driver_hook.o
 .group         0x00000000        0x8 os_driver_hook.o
 .group         0x00000000        0x8 os_driver_hook.o
 .group         0x00000000        0x8 os_driver_hook.o
 .group         0x00000000        0x8 os_driver_hook.o
 .group         0x00000000        0x8 os_driver_hook.o
 .group         0x00000000        0x8 os_driver_hook.o
 .debug_macro   0x00000000      0x86e os_driver_hook.o
 .debug_macro   0x00000000       0x4c os_driver_hook.o
 .debug_macro   0x00000000       0x88 os_driver_hook.o
 .debug_macro   0x00000000       0x16 os_driver_hook.o
 .debug_macro   0x00000000       0x28 os_driver_hook.o
 .debug_macro   0x00000000       0x46 os_driver_hook.o
 .debug_macro   0x00000000       0x10 os_driver_hook.o
 .group         0x00000000        0x8 os_exception.o
 .group         0x00000000        0x8 os_exception.o
 .group         0x00000000        0x8 os_exception.o
 .group         0x00000000        0x8 os_exception.o
 .group         0x00000000        0x8 os_exception.o
 .group         0x00000000        0x8 os_exception.o
 .group         0x00000000        0x8 os_exception.o
 .group         0x00000000        0x8 os_exception.o
 .debug_macro   0x00000000       0x4c os_exception.o
 .debug_macro   0x00000000       0x88 os_exception.o
 .debug_macro   0x00000000       0x16 os_exception.o
 .debug_macro   0x00000000       0x28 os_exception.o
 .debug_macro   0x00000000       0x46 os_exception.o
 .debug_macro   0x00000000       0x10 os_exception.o
 .debug_macro   0x00000000       0x10 os_exception.o
 .group         0x00000000        0x8 os_exception_isr_handler.o
 .group         0x00000000        0x8 os_exception_isr_handler.o
 .group         0x00000000        0x8 os_exception_isr_handler.o
 .group         0x00000000        0x8 os_exception_isr_handler.o
 .group         0x00000000        0x8 os_exception_isr_handler.o
 .group         0x00000000        0x8 os_exception_isr_handler.o
 .group         0x00000000        0x8 os_exception_isr_handler.o
 .group         0x00000000        0x8 os_exception_isr_handler.o
 .debug_macro   0x00000000      0x86e os_exception_isr_handler.o
 .debug_macro   0x00000000       0x4c os_exception_isr_handler.o
 .debug_macro   0x00000000       0x88 os_exception_isr_handler.o
 .debug_macro   0x00000000       0x16 os_exception_isr_handler.o
 .debug_macro   0x00000000       0x28 os_exception_isr_handler.o
 .debug_macro   0x00000000       0x46 os_exception_isr_handler.o
 .debug_macro   0x00000000       0x10 os_exception_isr_handler.o
 .group         0x00000000        0x8 os_init_task_system.o
 .group         0x00000000        0x8 os_init_task_system.o
 .group         0x00000000        0x8 os_init_task_system.o
 .group         0x00000000        0x8 os_init_task_system.o
 .group         0x00000000        0x8 os_init_task_system.o
 .group         0x00000000        0x8 os_init_task_system.o
 .group         0x00000000        0x8 os_init_task_system.o
 .group         0x00000000        0x8 os_init_task_system.o
 .debug_macro   0x00000000      0x86e os_init_task_system.o
 .debug_macro   0x00000000       0x4c os_init_task_system.o
 .debug_macro   0x00000000       0x88 os_init_task_system.o
 .debug_macro   0x00000000       0x16 os_init_task_system.o
 .debug_macro   0x00000000       0x28 os_init_task_system.o
 .debug_macro   0x00000000       0x46 os_init_task_system.o
 .debug_macro   0x00000000       0x10 os_init_task_system.o
 .group         0x00000000        0x8 os_main.o
 .group         0x00000000        0x8 os_main.o
 .group         0x00000000        0x8 os_main.o
 .group         0x00000000        0x8 os_main.o
 .group         0x00000000        0x8 os_main.o
 .group         0x00000000        0x8 os_main.o
 .group         0x00000000        0x8 os_main.o
 .group         0x00000000        0x8 os_main.o
 .debug_macro   0x00000000      0x86e os_main.o
 .debug_macro   0x00000000       0x4c os_main.o
 .debug_macro   0x00000000       0x88 os_main.o
 .debug_macro   0x00000000       0x16 os_main.o
 .debug_macro   0x00000000       0x28 os_main.o
 .debug_macro   0x00000000       0x46 os_main.o
 .debug_macro   0x00000000       0x10 os_main.o
 .debug_macro   0x00000000       0x28 os_main.o
 .group         0x00000000        0x8 os_memory_mmu_setup.o
 .group         0x00000000        0x8 os_memory_mmu_setup.o
 .group         0x00000000        0x8 os_memory_mmu_setup.o
 .group         0x00000000        0x8 os_memory_mmu_setup.o
 .group         0x00000000        0x8 os_memory_mmu_setup.o
 .group         0x00000000        0x8 os_memory_mmu_setup.o
 .group         0x00000000        0x8 os_memory_mmu_setup.o
 .debug_macro   0x00000000      0x86e os_memory_mmu_setup.o
 .debug_macro   0x00000000       0x4c os_memory_mmu_setup.o
 .debug_macro   0x00000000       0x88 os_memory_mmu_setup.o
 .debug_macro   0x00000000       0x16 os_memory_mmu_setup.o
 .debug_macro   0x00000000       0x28 os_memory_mmu_setup.o
 .debug_macro   0x00000000       0x46 os_memory_mmu_setup.o
 .debug_macro   0x00000000       0x10 os_memory_mmu_setup.o
 .group         0x00000000        0x8 os_memory_virtualisation.o
 .group         0x00000000        0x8 os_memory_virtualisation.o
 .group         0x00000000        0x8 os_memory_virtualisation.o
 .debug_macro   0x00000000      0x86e os_memory_virtualisation.o
 .debug_macro   0x00000000       0x4c os_memory_virtualisation.o
 .group         0x00000000        0x8 os_rte_common.o
 .group         0x00000000        0x8 os_rte_common.o
 .group         0x00000000        0x8 os_rte_common.o
 .group         0x00000000        0x8 os_rte_common.o
 .group         0x00000000        0x8 os_rte_common.o
 .group         0x00000000        0x8 os_rte_common.o
 .group         0x00000000        0x8 os_rte_common.o
 .debug_macro   0x00000000      0x86e os_rte_common.o
 .debug_macro   0x00000000       0x4c os_rte_common.o
 .debug_macro   0x00000000       0x88 os_rte_common.o
 .debug_macro   0x00000000       0x16 os_rte_common.o
 .debug_macro   0x00000000       0x28 os_rte_common.o
 .debug_macro   0x00000000       0x46 os_rte_common.o
 .debug_macro   0x00000000       0x10 os_rte_common.o
 .group         0x00000000        0x8 os_rte_icc.o
 .group         0x00000000        0x8 os_rte_icc.o
 .group         0x00000000        0x8 os_rte_icc.o
 .group         0x00000000        0x8 os_rte_icc.o
 .group         0x00000000        0x8 os_rte_icc.o
 .group         0x00000000        0x8 os_rte_icc.o
 .group         0x00000000        0x8 os_rte_icc.o
 .debug_macro   0x00000000      0x86e os_rte_icc.o
 .debug_macro   0x00000000       0x4c os_rte_icc.o
 .debug_macro   0x00000000       0x88 os_rte_icc.o
 .debug_macro   0x00000000       0x16 os_rte_icc.o
 .debug_macro   0x00000000       0x28 os_rte_icc.o
 .debug_macro   0x00000000       0x46 os_rte_icc.o
 .debug_macro   0x00000000       0x10 os_rte_icc.o
 .group         0x00000000        0x8 os_shutdown.o
 .group         0x00000000        0x8 os_shutdown.o
 .group         0x00000000        0x8 os_shutdown.o
 .group         0x00000000        0x8 os_shutdown.o
 .group         0x00000000        0x8 os_shutdown.o
 .group         0x00000000        0x8 os_shutdown.o
 .group         0x00000000        0x8 os_shutdown.o
 .debug_macro   0x00000000      0x86e os_shutdown.o
 .debug_macro   0x00000000       0x4c os_shutdown.o
 .debug_macro   0x00000000       0x88 os_shutdown.o
 .debug_macro   0x00000000       0x16 os_shutdown.o
 .debug_macro   0x00000000       0x28 os_shutdown.o
 .debug_macro   0x00000000       0x46 os_shutdown.o
 .debug_macro   0x00000000       0x10 os_shutdown.o
 .group         0x00000000        0x8 os_start_ext_prg.o
 .group         0x00000000        0x8 os_start_ext_prg.o
 .group         0x00000000        0x8 os_start_ext_prg.o
 .group         0x00000000        0x8 os_start_ext_prg.o
 .group         0x00000000        0x8 os_start_ext_prg.o
 .group         0x00000000        0x8 os_start_ext_prg.o
 .group         0x00000000        0x8 os_start_ext_prg.o
 .debug_macro   0x00000000      0x86e os_start_ext_prg.o
 .debug_macro   0x00000000       0x4c os_start_ext_prg.o
 .debug_macro   0x00000000       0x88 os_start_ext_prg.o
 .debug_macro   0x00000000       0x16 os_start_ext_prg.o
 .debug_macro   0x00000000       0x28 os_start_ext_prg.o
 .debug_macro   0x00000000       0x46 os_start_ext_prg.o
 .debug_macro   0x00000000       0x10 os_start_ext_prg.o
 .group         0x00000000        0x8 os_start_init_hw.o
 .group         0x00000000        0x8 os_start_init_hw.o
 .group         0x00000000        0x8 os_start_init_hw.o
 .group         0x00000000        0x8 os_start_init_hw.o
 .group         0x00000000        0x8 os_start_init_hw.o
 .group         0x00000000        0x8 os_start_init_hw.o
 .group         0x00000000        0x8 os_start_init_hw.o
 .debug_macro   0x00000000      0x86e os_start_init_hw.o
 .debug_macro   0x00000000       0x4c os_start_init_hw.o
 .debug_macro   0x00000000       0x88 os_start_init_hw.o
 .debug_macro   0x00000000       0x16 os_start_init_hw.o
 .debug_macro   0x00000000       0x28 os_start_init_hw.o
 .debug_macro   0x00000000       0x46 os_start_init_hw.o
 .debug_macro   0x00000000       0x10 os_start_init_hw.o
 .group         0x00000000        0x8 os_start_init_mc.o
 .group         0x00000000        0x8 os_start_init_mc.o
 .group         0x00000000        0x8 os_start_init_mc.o
 .group         0x00000000        0x8 os_start_init_mc.o
 .group         0x00000000        0x8 os_start_init_mc.o
 .group         0x00000000        0x8 os_start_init_mc.o
 .group         0x00000000        0x8 os_start_init_mc.o
 .debug_macro   0x00000000      0x86e os_start_init_mc.o
 .debug_macro   0x00000000       0x4c os_start_init_mc.o
 .debug_macro   0x00000000       0x88 os_start_init_mc.o
 .debug_macro   0x00000000       0x16 os_start_init_mc.o
 .debug_macro   0x00000000       0x28 os_start_init_mc.o
 .debug_macro   0x00000000       0x46 os_start_init_mc.o
 .debug_macro   0x00000000       0x10 os_start_init_mc.o
 .group         0x00000000        0x8 os_start_init_sw.o
 .group         0x00000000        0x8 os_start_init_sw.o
 .group         0x00000000        0x8 os_start_init_sw.o
 .group         0x00000000        0x8 os_start_init_sw.o
 .group         0x00000000        0x8 os_start_init_sw.o
 .group         0x00000000        0x8 os_start_init_sw.o
 .group         0x00000000        0x8 os_start_init_sw.o
 .debug_macro   0x00000000      0x86e os_start_init_sw.o
 .debug_macro   0x00000000       0x4c os_start_init_sw.o
 .debug_macro   0x00000000       0x88 os_start_init_sw.o
 .debug_macro   0x00000000       0x16 os_start_init_sw.o
 .debug_macro   0x00000000       0x28 os_start_init_sw.o
 .debug_macro   0x00000000       0x46 os_start_init_sw.o
 .debug_macro   0x00000000       0x10 os_start_init_sw.o
 .group         0x00000000        0x8 os_start_os.o
 .group         0x00000000        0x8 os_start_os.o
 .group         0x00000000        0x8 os_start_os.o
 .group         0x00000000        0x8 os_start_os.o
 .group         0x00000000        0x8 os_start_os.o
 .group         0x00000000        0x8 os_start_os.o
 .group         0x00000000        0x8 os_start_os.o
 .debug_macro   0x00000000      0x86e os_start_os.o
 .debug_macro   0x00000000       0x4c os_start_os.o
 .debug_macro   0x00000000       0x88 os_start_os.o
 .debug_macro   0x00000000       0x16 os_start_os.o
 .debug_macro   0x00000000       0x28 os_start_os.o
 .debug_macro   0x00000000       0x46 os_start_os.o
 .debug_macro   0x00000000       0x10 os_start_os.o
 .group         0x00000000        0x8 os_task_common.o
 .group         0x00000000        0x8 os_task_common.o
 .group         0x00000000        0x8 os_task_common.o
 .group         0x00000000        0x8 os_task_common.o
 .group         0x00000000        0x8 os_task_common.o
 .group         0x00000000        0x8 os_task_common.o
 .group         0x00000000        0x8 os_task_common.o
 .group         0x00000000        0x8 os_task_common.o
 .debug_macro   0x00000000      0x86e os_task_common.o
 .debug_macro   0x00000000       0x4c os_task_common.o
 .debug_macro   0x00000000       0x88 os_task_common.o
 .debug_macro   0x00000000       0x16 os_task_common.o
 .debug_macro   0x00000000       0x28 os_task_common.o
 .debug_macro   0x00000000       0x46 os_task_common.o
 .debug_macro   0x00000000       0x10 os_task_common.o
 .debug_macro   0x00000000       0x28 os_task_common.o
 .group         0x00000000        0x8 os_task_queue.o
 .group         0x00000000        0x8 os_task_queue.o
 .group         0x00000000        0x8 os_task_queue.o
 .group         0x00000000        0x8 os_task_queue.o
 .group         0x00000000        0x8 os_task_queue.o
 .group         0x00000000        0x8 os_task_queue.o
 .group         0x00000000        0x8 os_task_queue.o
 .group         0x00000000        0x8 os_task_queue.o
 .group         0x00000000        0x8 os_task_queue.o
 .debug_macro   0x00000000      0x86e os_task_queue.o
 .debug_macro   0x00000000       0x4c os_task_queue.o
 .debug_macro   0x00000000       0x88 os_task_queue.o
 .debug_macro   0x00000000       0x16 os_task_queue.o
 .debug_macro   0x00000000       0x28 os_task_queue.o
 .debug_macro   0x00000000       0x46 os_task_queue.o
 .debug_macro   0x00000000       0x10 os_task_queue.o
 .debug_macro   0x00000000       0x28 os_task_queue.o
 .group         0x00000000        0x8 os_task_scheduler.o
 .group         0x00000000        0x8 os_task_scheduler.o
 .group         0x00000000        0x8 os_task_scheduler.o
 .group         0x00000000        0x8 os_task_scheduler.o
 .group         0x00000000        0x8 os_task_scheduler.o
 .group         0x00000000        0x8 os_task_scheduler.o
 .group         0x00000000        0x8 os_task_scheduler.o
 .group         0x00000000        0x8 os_task_scheduler.o
 .group         0x00000000        0x8 os_task_scheduler.o
 .debug_macro   0x00000000      0x86e os_task_scheduler.o
 .debug_macro   0x00000000       0x4c os_task_scheduler.o
 .debug_macro   0x00000000       0x88 os_task_scheduler.o
 .debug_macro   0x00000000       0x16 os_task_scheduler.o
 .debug_macro   0x00000000       0x28 os_task_scheduler.o
 .debug_macro   0x00000000       0x46 os_task_scheduler.o
 .debug_macro   0x00000000       0x10 os_task_scheduler.o
 .debug_macro   0x00000000       0x28 os_task_scheduler.o
 .debug_macro   0x00000000       0x1c os_task_scheduler.o
 .group         0x00000000        0x8 os_stack.o
 .group         0x00000000        0x8 os_stack.o
 .group         0x00000000        0x8 os_stack.o
 .group         0x00000000        0x8 os_stack.o
 .group         0x00000000        0x8 os_stack.o
 .group         0x00000000        0x8 os_stack.o
 .group         0x00000000        0x8 os_stack.o
 .debug_macro   0x00000000      0x86e os_stack.o
 .debug_macro   0x00000000       0x4c os_stack.o
 .debug_macro   0x00000000       0x88 os_stack.o
 .debug_macro   0x00000000       0x16 os_stack.o
 .debug_macro   0x00000000       0x28 os_stack.o
 .debug_macro   0x00000000       0x46 os_stack.o
 .debug_macro   0x00000000       0x10 os_stack.o
 .group         0x00000000        0x8 os_heap.o
 .group         0x00000000        0x8 os_heap.o
 .group         0x00000000        0x8 os_heap.o
 .group         0x00000000        0x8 os_heap.o
 .group         0x00000000        0x8 os_heap.o
 .group         0x00000000        0x8 os_heap.o
 .group         0x00000000        0x8 os_heap.o
 .debug_macro   0x00000000      0x86e os_heap.o
 .debug_macro   0x00000000       0x4c os_heap.o
 .debug_macro   0x00000000       0x88 os_heap.o
 .debug_macro   0x00000000       0x16 os_heap.o
 .debug_macro   0x00000000       0x28 os_heap.o
 .debug_macro   0x00000000       0x46 os_heap.o
 .debug_macro   0x00000000       0x10 os_heap.o
 .group         0x00000000        0x8 os_diagnostic_main.o
 .group         0x00000000        0x8 os_diagnostic_main.o
 .group         0x00000000        0x8 os_diagnostic_main.o
 .group         0x00000000        0x8 os_diagnostic_main.o
 .group         0x00000000        0x8 os_diagnostic_main.o
 .group         0x00000000        0x8 os_diagnostic_main.o
 .group         0x00000000        0x8 os_diagnostic_main.o
 .debug_macro   0x00000000      0x86e os_diagnostic_main.o
 .debug_macro   0x00000000       0x4c os_diagnostic_main.o
 .debug_macro   0x00000000       0x88 os_diagnostic_main.o
 .debug_macro   0x00000000       0x16 os_diagnostic_main.o
 .debug_macro   0x00000000       0x28 os_diagnostic_main.o
 .debug_macro   0x00000000       0x46 os_diagnostic_main.o
 .debug_macro   0x00000000       0x10 os_diagnostic_main.o
 .group         0x00000000        0x8 led.o
 .group         0x00000000        0x8 led.o
 .group         0x00000000        0x8 led.o
 .group         0x00000000        0x8 led.o
 .group         0x00000000        0x8 led.o
 .group         0x00000000        0x8 led.o
 .group         0x00000000        0x8 led.o
 .debug_macro   0x00000000      0x86e led.o
 .debug_macro   0x00000000       0x4c led.o
 .debug_macro   0x00000000       0x88 led.o
 .debug_macro   0x00000000       0x16 led.o
 .debug_macro   0x00000000       0x28 led.o
 .debug_macro   0x00000000       0x46 led.o
 .debug_macro   0x00000000       0x10 led.o
 .group         0x00000000        0x8 os_ram.o
 .group         0x00000000        0x8 os_ram.o
 .group         0x00000000        0x8 os_ram.o
 .group         0x00000000        0x8 os_ram.o
 .group         0x00000000        0x8 os_ram.o
 .group         0x00000000        0x8 os_ram.o
 .group         0x00000000        0x8 os_ram.o
 .debug_macro   0x00000000      0x86e os_ram.o
 .debug_macro   0x00000000       0x4c os_ram.o
 .debug_macro   0x00000000       0x88 os_ram.o
 .debug_macro   0x00000000       0x16 os_ram.o
 .debug_macro   0x00000000       0x28 os_ram.o
 .debug_macro   0x00000000       0x46 os_ram.o
 .debug_macro   0x00000000       0x10 os_ram.o
 .group         0x00000000        0x8 os_shared_ram.o
 .group         0x00000000        0x8 os_shared_ram.o
 .group         0x00000000        0x8 os_shared_ram.o
 .group         0x00000000        0x8 os_shared_ram.o
 .group         0x00000000        0x8 os_shared_ram.o
 .group         0x00000000        0x8 os_shared_ram.o
 .group         0x00000000        0x8 os_shared_ram.o
 .debug_macro   0x00000000      0x86e os_shared_ram.o
 .debug_macro   0x00000000       0x4c os_shared_ram.o
 .debug_macro   0x00000000       0x88 os_shared_ram.o
 .debug_macro   0x00000000       0x16 os_shared_ram.o
 .debug_macro   0x00000000       0x28 os_shared_ram.o
 .debug_macro   0x00000000       0x46 os_shared_ram.o
 .debug_macro   0x00000000       0x10 os_shared_ram.o

Memory Configuration

Name             Origin             Length             Attributes
rom              0x08000000         0x00100000
ram              0x20000000         0x00030000
*default*        0x00000000         0xffffffff

Linker script and memory map


.text           0x08000000    0x12920
                0x08000000                _ivec_start = .
 os_exception_table.o()
 .text          0x08000000        0x0 os_exception_table.o
 .data          0x08000000       0x40 os_exception_table.o
                0x08000000                isr_vec_table
 .bss           0x08000040        0x0 os_exception_table.o
 .debug_info    0x08000040       0x9a os_exception_table.o
 .debug_abbrev  0x080000da       0x6d os_exception_table.o
 .debug_aranges
                0x08000147       0x18 os_exception_table.o
 .debug_macro   0x0800015f       0x9a os_exception_table.o
 .debug_macro   0x080001f9      0x86e os_exception_table.o
 .debug_macro   0x08000a67       0x4c os_exception_table.o
 .debug_macro   0x08000ab3       0x88 os_exception_table.o
 .debug_macro   0x08000b3b       0x16 os_exception_table.o
 .debug_macro   0x08000b51       0x28 os_exception_table.o
 .debug_macro   0x08000b79       0x46 os_exception_table.o
 .debug_macro   0x08000bbf       0x10 os_exception_table.o
 .debug_macro   0x08000bcf       0x10 os_exception_table.o
 .debug_line    0x08000bdf      0x1df os_exception_table.o
 .debug_str     0x08000dbe     0x2a5a os_exception_table.o
                               0x2a9a (size before relaxing)
 .comment       0x08003818       0x70 os_exception_table.o
                                 0x71 (size before relaxing)
 .ARM.attributes
                0x08003888       0x33 os_exception_table.o
 .iplt          0x00000000        0x0 os_exception_table.o
 .rel.iplt      0x00000000        0x0 os_exception_table.o
 .igot.plt      0x00000000        0x0 os_exception_table.o
                0x080038bb                _ivec_end = .
                0x080038bb                PROVIDE (ivec_start, .)
                0x080038bb                PROVIDE (ivec_end, .)
                0x080038bb                _const_start = .
 os_const.o()
 *fill*         0x080038bb        0x1 
 .text          0x080038bc        0x0 os_const.o
 .data          0x080038bc        0x0 os_const.o
 .bss           0x080038bc        0x0 os_const.o
 .debug_info    0x080038bc       0x3a os_const.o
 .debug_abbrev  0x080038f6       0x1c os_const.o
 .debug_aranges
                0x08003912       0x18 os_const.o
 .debug_macro   0x0800392a       0x91 os_const.o
 .debug_line    0x080039bb      0x1b7 os_const.o
 .debug_str     0x08003b72       0x46 os_const.o
                               0x2a29 (size before relaxing)
 .comment       0x00000000       0x71 os_const.o
 .ARM.attributes
                0x08003bb8       0x33 os_const.o
                0x08003beb                _const_end = .
                0x08003beb                PROVIDE (const_start, .)
                0x08003beb                PROVIDE (const_end, .)
                0x08003beb                _code_start = .
 lld_global.o()
 *fill*         0x08003beb        0x1 
 .text          0x08003bec       0xc8 lld_global.o
                0x08003bec                Get_core_id
                0x08003c04                LLF_SAVE_TASK_STACK
                0x08003c20                LLF_SAVE_REGISTERS
                0x08003c34                LLF_RESTORE_TASK_STACK
                0x08003c50                LLF_RESTORE_REGISTERS
                0x08003c64                LLF_RESTORE_SYSTEM_STACK
                0x08003c80                LLF_SAVE_SYSTEM_STACK
                0x08003c9c                LLF_CLEAR_ALL_GP_REGISTERS
                0x08003ca8                LLF_PERFORM_RAM_CHECK
 .data          0x08003cb4        0x0 lld_global.o
 .bss           0x08003cb4        0x0 lld_global.o
 .debug_info    0x08003cb4      0x451 lld_global.o
 .debug_abbrev  0x08004105      0x11e lld_global.o
 .debug_aranges
                0x08004223       0x20 lld_global.o
 .debug_macro   0x08004243       0xc4 lld_global.o
 .debug_macro   0x08004307       0x7c lld_global.o
 .debug_macro   0x08004383       0x28 lld_global.o
 .debug_line    0x080043ab      0x1e3 lld_global.o
 .debug_str     0x0800458e      0x432 lld_global.o
                               0x2da4 (size before relaxing)
 .comment       0x00000000       0x71 lld_global.o
 .debug_frame   0x080049c0      0x170 lld_global.o
 .ARM.attributes
                0x08004b30       0x33 lld_global.o
 lld_interrupt.o()
 *fill*         0x08004b63        0x1 
 .text          0x08004b64       0x2c lld_interrupt.o
                0x08004b64                LLF_INT_DISABLE
                0x08004b74                LLF_INT_ENABLE
                0x08004b84                LLF_DISABLE_INTERRUPTS_ALL_CORES
 .data          0x08004b90        0x0 lld_interrupt.o
 .bss           0x08004b90        0x0 lld_interrupt.o
 .debug_info    0x08004b90       0x75 lld_interrupt.o
 .debug_abbrev  0x08004c05       0x50 lld_interrupt.o
 .debug_aranges
                0x08004c55       0x20 lld_interrupt.o
 .debug_macro   0x08004c75       0xc8 lld_interrupt.o
 .debug_line    0x08004d3d      0x1d5 lld_interrupt.o
 .debug_str     0x08004f12       0x8e lld_interrupt.o
                               0x2ab3 (size before relaxing)
 .comment       0x00000000       0x71 lld_interrupt.o
 .debug_frame   0x08004fa0       0x74 lld_interrupt.o
 .ARM.attributes
                0x08005014       0x33 lld_interrupt.o
 lld_mmu.o()
 *fill*         0x08005047        0x1 
 .text          0x08005048       0x50 lld_mmu.o
                0x08005048                LLF_MPU_DISABLE
                0x08005054                LLF_MPU_ENABLE
                0x08005060                LLF_MPU_SWITCH_OFF_ALL_REGIONS
                0x0800506c                LLF_GET_MPU_PRESENT
 .data          0x08005098        0x0 lld_mmu.o
 .bss           0x08005098        0x0 lld_mmu.o
 .debug_info    0x08005098       0xa4 lld_mmu.o
 .debug_abbrev  0x0800513c       0x6e lld_mmu.o
 .debug_aranges
                0x080051aa       0x20 lld_mmu.o
 .debug_macro   0x080051ca       0xca lld_mmu.o
 .debug_line    0x08005294      0x1d2 lld_mmu.o
 .debug_str     0x08005466       0xc2 lld_mmu.o
                               0x2aff (size before relaxing)
 .comment       0x00000000       0x71 lld_mmu.o
 .debug_frame   0x08005528       0xa4 lld_mmu.o
 .ARM.attributes
                0x080055cc       0x33 lld_mmu.o
 lld_ram.o()
 *fill*         0x080055ff        0x1 
 .text          0x08005600       0x28 lld_ram.o
                0x08005600                LLF_CLEAR_ALL_RAM
 .data          0x08005628        0x0 lld_ram.o
 .bss           0x08005628        0x0 lld_ram.o
 .debug_info    0x08005628       0x53 lld_ram.o
 .debug_abbrev  0x0800567b       0x38 lld_ram.o
 .debug_aranges
                0x080056b3       0x20 lld_ram.o
 .debug_macro   0x080056d3       0xc4 lld_ram.o
 .debug_line    0x08005797      0x1cb lld_ram.o
 .debug_str     0x08005962       0x5a lld_ram.o
                               0x2a7f (size before relaxing)
 .comment       0x00000000       0x71 lld_ram.o
 .debug_frame   0x080059bc       0x34 lld_ram.o
 .ARM.attributes
                0x080059f0       0x33 lld_ram.o
 lld_timer.o()
 *fill*         0x08005a23        0x1 
 .text          0x08005a24       0x30 lld_timer.o
                0x08005a24                LLF_UP_CNT_TIMER_32
                0x08005a34                LLF_ADD_2_TCMP
                0x08005a48                LLF_TCMP1_CONFIG
 .data          0x08005a54        0x0 lld_timer.o
 .bss           0x08005a54        0x0 lld_timer.o
 .debug_info    0x08005a54       0xa2 lld_timer.o
 .debug_abbrev  0x08005af6       0x88 lld_timer.o
 .debug_aranges
                0x08005b7e       0x20 lld_timer.o
 .debug_macro   0x08005b9e       0xc4 lld_timer.o
 .debug_line    0x08005c62      0x1cf lld_timer.o
 .debug_str     0x08005e31       0x8e lld_timer.o
                               0x2ac4 (size before relaxing)
 .comment       0x00000000       0x71 lld_timer.o
 *fill*         0x08005ebf        0x1 
 .debug_frame   0x08005ec0       0x80 lld_timer.o
 .ARM.attributes
                0x08005f40       0x33 lld_timer.o
 lld_power.o()
 *fill*         0x08005f73        0x1 
 .text          0x08005f74       0x28 lld_power.o
                0x08005f74                LLF_MCU_SWITCH_OFF_POWER
                0x08005f80                LLF_MCU_RESET_POWER
 .data          0x08005f9c        0x0 lld_power.o
 .bss           0x08005f9c        0x0 lld_power.o
 .debug_info    0x08005f9c       0x6f lld_power.o
 .debug_abbrev  0x0800600b       0x5d lld_power.o
 .debug_aranges
                0x08006068       0x20 lld_power.o
 .debug_macro   0x08006088       0xd0 lld_power.o
 .debug_line    0x08006158      0x1ce lld_power.o
 .debug_str     0x08006326       0xbb lld_power.o
                               0x2ae7 (size before relaxing)
 .comment       0x00000000       0x71 lld_power.o
 *fill*         0x080063e1        0x3 
 .debug_frame   0x080063e4       0x50 lld_power.o
 .ARM.attributes
                0x08006434       0x33 lld_power.o
 os_exception_reset.o()
 *fill*         0x08006467        0x1 
 .text          0x08006468       0x80 E:\NeuOrga\Programmieren\c_cpp\github_os\output\os_drivers\obj_arm\os_exception_reset.o
                0x08006468                OS_Exception_RESET
 .data          0x080064e8        0x0 E:\NeuOrga\Programmieren\c_cpp\github_os\output\os_drivers\obj_arm\os_exception_reset.o
 .bss           0x080064e8        0x0 E:\NeuOrga\Programmieren\c_cpp\github_os\output\os_drivers\obj_arm\os_exception_reset.o
 .ARM.attributes
                0x080064e8       0x14 E:\NeuOrga\Programmieren\c_cpp\github_os\output\os_drivers\obj_arm\os_exception_reset.o
 os_common.o()
 .text          0x080064fc       0x38 os_common.o
                0x080064fc                OS_SET_SW_BUG
                0x08006524                Get_current_time
 .data          0x08006534        0x0 os_common.o
 .bss           0x08006534       0x10 os_common.o
 .debug_info    0x08006544      0x16a os_common.o
 .debug_abbrev  0x080066ae       0xa9 os_common.o
 .debug_aranges
                0x08006757       0x20 os_common.o
 .debug_macro   0x08006777       0x95 os_common.o
 .debug_line    0x0800680c      0x1de os_common.o
 .debug_str     0x080069ea      0x2a8 os_common.o
                               0x2ca5 (size before relaxing)
 .comment       0x00000000       0x71 os_common.o
 *fill*         0x08006c92        0x2 
 .debug_frame   0x08006c94       0x5c os_common.o
 .ARM.attributes
                0x08006cf0       0x33 os_common.o
 os_driver_hook.o()
 *fill*         0x08006d23        0x1 
 .text          0x08006d24        0x0 os_driver_hook.o
 .data          0x08006d24        0x0 os_driver_hook.o
 .bss           0x08006d24        0x0 os_driver_hook.o
 .debug_info    0x08006d24       0x3a os_driver_hook.o
 .debug_abbrev  0x08006d5e       0x1c os_driver_hook.o
 .debug_aranges
                0x08006d7a       0x18 os_driver_hook.o
 .debug_macro   0x08006d92       0x91 os_driver_hook.o
 .debug_line    0x08006e23      0x1bd os_driver_hook.o
 .debug_str     0x08006fe0       0x4c os_driver_hook.o
                               0x2a2f (size before relaxing)
 .comment       0x00000000       0x71 os_driver_hook.o
 .ARM.attributes
                0x0800702c       0x33 os_driver_hook.o
 os_exception.o()
 *fill*         0x0800705f        0x1 
 .text          0x08007060       0x84 os_exception.o
                0x08007060                OS_Exception_HARDFAULT
                0x08007078                OS_Exception_NMI
                0x08007080                OS_Exception_SWI
                0x0800708c                OS_Exception_BUS_FAULT
                0x08007094                OS_Exception_MEM_MANAG_FAULT
                0x0800709c                OS_Exception_IRQ
                0x080070a8                OS_Exception_FIQ
                0x080070b4                TCMP1
                0x080070c0                TCMP2
                0x080070cc                TCMP3
                0x080070d8                TCMP4
 .data          0x080070e4        0x0 os_exception.o
 .bss           0x080070e4        0x0 os_exception.o
 .debug_info    0x080070e4      0x139 os_exception.o
 .debug_abbrev  0x0800721d       0xa5 os_exception.o
 .debug_aranges
                0x080072c2       0x20 os_exception.o
 .debug_macro   0x080072e2       0xb2 os_exception.o
 .debug_macro   0x08007394      0x868 os_exception.o
 .debug_line    0x08007bfc      0x244 os_exception.o
 .debug_str     0x08007e40      0x1cd os_exception.o
                               0x2b5a (size before relaxing)
 .comment       0x00000000       0x71 os_exception.o
 *fill*         0x0800800d        0x3 
 .debug_frame   0x08008010      0x144 os_exception.o
 .ARM.attributes
                0x08008154       0x33 os_exception.o
 os_exception_isr_handler.o()
 *fill*         0x08008187        0x1 
 .text          0x08008188       0x30 os_exception_isr_handler.o
                0x08008188                OS_ISRHANDLERC0
                0x08008194                OS_ISRHANDLERC1
                0x080081a0                OS_ISRHANDLERC2
                0x080081ac                OS_ISRHANDLERC3
 .data          0x080081b8        0x0 os_exception_isr_handler.o
 .bss           0x080081b8        0x0 os_exception_isr_handler.o
 .debug_info    0x080081b8       0x86 os_exception_isr_handler.o
 .debug_abbrev  0x0800823e       0x38 os_exception_isr_handler.o
 .debug_aranges
                0x08008276       0x20 os_exception_isr_handler.o
 .debug_macro   0x08008296       0x9e os_exception_isr_handler.o
 .debug_macro   0x08008334       0x28 os_exception_isr_handler.o
 .debug_line    0x0800835c      0x20a os_exception_isr_handler.o
 .debug_str     0x08008566      0x106 os_exception_isr_handler.o
                               0x2ae9 (size before relaxing)
 .comment       0x00000000       0x71 os_exception_isr_handler.o
 .debug_frame   0x0800866c       0x80 os_exception_isr_handler.o
 .ARM.attributes
                0x080086ec       0x33 os_exception_isr_handler.o
 os_exception_table.o()
 os_init_task_system.o()
 *fill*         0x0800871f        0x1 
 .text          0x08008720        0xc os_init_task_system.o
                0x08008720                OS_INIT_TASK_SYSTEM
 .data          0x0800872c        0x0 os_init_task_system.o
 .bss           0x0800872c        0x0 os_init_task_system.o
 .debug_info    0x0800872c       0x53 os_init_task_system.o
 .debug_abbrev  0x0800877f       0x38 os_init_task_system.o
 .debug_aranges
                0x080087b7       0x20 os_init_task_system.o
 .debug_macro   0x080087d7       0xa4 os_init_task_system.o
 .debug_macro   0x0800887b       0x22 os_init_task_system.o
 .debug_line    0x0800889d      0x1fc os_init_task_system.o
 .debug_str     0x08008a99       0x65 os_init_task_system.o
                               0x2ab8 (size before relaxing)
 .comment       0x00000000       0x71 os_init_task_system.o
 *fill*         0x08008afe        0x2 
 .debug_frame   0x08008b00       0x2c os_init_task_system.o
 .ARM.attributes
                0x08008b2c       0x33 os_init_task_system.o
 os_main.o()
 *fill*         0x08008b5f        0x1 
 .text          0x08008b60       0x6c os_main.o
                0x08008b60                OS_STATE_HANDLER
 .data          0x08008bcc        0x0 os_main.o
 .bss           0x08008bcc        0x2 os_main.o
 .debug_info    0x08008bce       0xdd os_main.o
 .debug_abbrev  0x08008cab       0x6c os_main.o
 .debug_aranges
                0x08008d17       0x20 os_main.o
 .debug_macro   0x08008d37       0xc6 os_main.o
 .debug_line    0x08008dfd      0x260 os_main.o
 .debug_str     0x0800905d      0x132 os_main.o
                               0x2bcc (size before relaxing)
 .comment       0x00000000       0x71 os_main.o
 *fill*         0x0800918f        0x1 
 .debug_frame   0x08009190       0x2c os_main.o
 .ARM.attributes
                0x080091bc       0x33 os_main.o
 os_memory_mmu_setup.o()
 *fill*         0x080091ef        0x1 
 .text          0x080091f0        0xc os_memory_mmu_setup.o
                0x080091f0                OS_MMU_SETUP
 .data          0x080091fc        0x0 os_memory_mmu_setup.o
 .bss           0x080091fc        0x0 os_memory_mmu_setup.o
 .debug_info    0x080091fc       0x53 os_memory_mmu_setup.o
 .debug_abbrev  0x0800924f       0x38 os_memory_mmu_setup.o
 .debug_aranges
                0x08009287       0x20 os_memory_mmu_setup.o
 .debug_macro   0x080092a7       0xcd os_memory_mmu_setup.o
 .debug_line    0x08009374      0x1d2 os_memory_mmu_setup.o
 .debug_str     0x08009546      0x1cc os_memory_mmu_setup.o
                               0x2baf (size before relaxing)
 .comment       0x00000000       0x71 os_memory_mmu_setup.o
 *fill*         0x08009712        0x2 
 .debug_frame   0x08009714       0x34 os_memory_mmu_setup.o
 .ARM.attributes
                0x08009748       0x33 os_memory_mmu_setup.o
 os_memory_virtualisation.o()
 *fill*         0x0800977b        0x1 
 .text          0x0800977c       0x3c os_memory_virtualisation.o
                0x08009794                OS_MALLOC
 .data          0x080097b8        0x0 os_memory_virtualisation.o
 .bss           0x080097b8        0x0 os_memory_virtualisation.o
 .debug_info    0x080097b8       0xee os_memory_virtualisation.o
 .debug_abbrev  0x080098a6       0x9e os_memory_virtualisation.o
 .debug_aranges
                0x08009944       0x20 os_memory_virtualisation.o
 .debug_macro   0x08009964       0x91 os_memory_virtualisation.o
 .debug_macro   0x080099f5       0x6a os_memory_virtualisation.o
 .debug_line    0x08009a5f      0x1c6 os_memory_virtualisation.o
 .debug_str     0x08009c25       0xd7 os_memory_virtualisation.o
                               0x281d (size before relaxing)
 .comment       0x00000000       0x71 os_memory_virtualisation.o
 .debug_frame   0x08009cfc       0x60 os_memory_virtualisation.o
 .ARM.attributes
                0x08009d5c       0x33 os_memory_virtualisation.o
 os_rte_common.o()
 *fill*         0x08009d8f        0x1 
 .text          0x08009d90        0x0 os_rte_common.o
 .data          0x08009d90        0x0 os_rte_common.o
 .bss           0x08009d90        0x0 os_rte_common.o
 .debug_info    0x08009d90       0x3a os_rte_common.o
 .debug_abbrev  0x08009dca       0x1c os_rte_common.o
 .debug_aranges
                0x08009de6       0x18 os_rte_common.o
 .debug_macro   0x08009dfe       0x91 os_rte_common.o
 .debug_line    0x08009e8f      0x1bc os_rte_common.o
 .debug_str     0x0800a04b       0x4b os_rte_common.o
                               0x2a2e (size before relaxing)
 .comment       0x00000000       0x71 os_rte_common.o
 .ARM.attributes
                0x0800a096       0x33 os_rte_common.o
 os_rte_icc.o()
 *fill*         0x0800a0c9        0x3 
 .text          0x0800a0cc       0x60 os_rte_icc.o
                0x0800a0cc                SEND_DATA
                0x0800a0ec                SEND_PACKAGE
                0x0800a10c                SEND_FRAME
 .data          0x0800a12c        0x0 os_rte_icc.o
 .bss           0x0800a12c        0x0 os_rte_icc.o
 .debug_info    0x0800a12c      0x180 os_rte_icc.o
 .debug_abbrev  0x0800a2ac       0x93 os_rte_icc.o
 .debug_aranges
                0x0800a33f       0x20 os_rte_icc.o
 .debug_macro   0x0800a35f       0x95 os_rte_icc.o
 .debug_line    0x0800a3f4      0x1e4 os_rte_icc.o
 .debug_str     0x0800a5d8       0xa9 os_rte_icc.o
                               0x2ac3 (size before relaxing)
 .comment       0x00000000       0x71 os_rte_icc.o
 *fill*         0x0800a681        0x3 
 .debug_frame   0x0800a684       0x88 os_rte_icc.o
 .ARM.attributes
                0x0800a70c       0x33 os_rte_icc.o
 os_shutdown.o()
 *fill*         0x0800a73f        0x1 
 .text          0x0800a740       0x24 os_shutdown.o
                0x0800a740                OS_SHUTDOWN
 .data          0x0800a764        0x0 os_shutdown.o
 .bss           0x0800a764        0x0 os_shutdown.o
 .debug_info    0x0800a764       0x86 os_shutdown.o
 .debug_abbrev  0x0800a7ea       0x6c os_shutdown.o
 .debug_aranges
                0x0800a856       0x20 os_shutdown.o
 .debug_macro   0x0800a876       0x9b os_shutdown.o
 .debug_line    0x0800a911      0x1e2 os_shutdown.o
 .debug_str     0x0800aaf3       0x6f os_shutdown.o
                               0x2a99 (size before relaxing)
 .comment       0x00000000       0x71 os_shutdown.o
 *fill*         0x0800ab62        0x2 
 .debug_frame   0x0800ab64       0x30 os_shutdown.o
 .ARM.attributes
                0x0800ab94       0x33 os_shutdown.o
 os_start_ext_prg.o()
 *fill*         0x0800abc7        0x1 
 .text          0x0800abc8       0x4c os_start_ext_prg.o
                0x0800abe4                OS_StartExtPrg
 .data          0x0800ac14        0x0 os_start_ext_prg.o
 .bss           0x0800ac14        0x0 os_start_ext_prg.o
 .debug_info    0x0800ac14       0xea os_start_ext_prg.o
 .debug_abbrev  0x0800acfe       0x7e os_start_ext_prg.o
 .debug_aranges
                0x0800ad7c       0x20 os_start_ext_prg.o
 .debug_macro   0x0800ad9c       0x91 os_start_ext_prg.o
 .debug_line    0x0800ae2d      0x1d9 os_start_ext_prg.o
 .debug_str     0x0800b006       0x90 os_start_ext_prg.o
                               0x2a95 (size before relaxing)
 .comment       0x00000000       0x71 os_start_ext_prg.o
 *fill*         0x0800b096        0x2 
 .debug_frame   0x0800b098       0x60 os_start_ext_prg.o
 .ARM.attributes
                0x0800b0f8       0x33 os_start_ext_prg.o
 os_start_init_hw.o()
 *fill*         0x0800b12b        0x1 
 .text          0x0800b12c        0xc os_start_init_hw.o
                0x0800b12c                OS_INIT_HW
 .data          0x0800b138        0x0 os_start_init_hw.o
 .bss           0x0800b138        0x0 os_start_init_hw.o
 .debug_info    0x0800b138       0x53 os_start_init_hw.o
 .debug_abbrev  0x0800b18b       0x38 os_start_init_hw.o
 .debug_aranges
                0x0800b1c3       0x20 os_start_init_hw.o
 .debug_macro   0x0800b1e3       0x91 os_start_init_hw.o
 .debug_line    0x0800b274      0x1cd os_start_init_hw.o
 .debug_str     0x0800b441       0x59 os_start_init_hw.o
                               0x2a3c (size before relaxing)
 .comment       0x00000000       0x71 os_start_init_hw.o
 *fill*         0x0800b49a        0x2 
 .debug_frame   0x0800b49c       0x34 os_start_init_hw.o
 .ARM.attributes
                0x0800b4d0       0x33 os_start_init_hw.o
 os_start_init_mc.o()
 *fill*         0x0800b503        0x1 
 .text          0x0800b504        0xc os_start_init_mc.o
                0x0800b504                OS_INIT_MC
 .data          0x0800b510        0x0 os_start_init_mc.o
 .bss           0x0800b510        0x0 os_start_init_mc.o
 .debug_info    0x0800b510       0x53 os_start_init_mc.o
 .debug_abbrev  0x0800b563       0x38 os_start_init_mc.o
 .debug_aranges
                0x0800b59b       0x20 os_start_init_mc.o
 .debug_macro   0x0800b5bb       0x91 os_start_init_mc.o
 .debug_line    0x0800b64c      0x1d0 os_start_init_mc.o
 .debug_str     0x0800b81c       0x59 os_start_init_mc.o
                               0x2a3c (size before relaxing)
 .comment       0x00000000       0x71 os_start_init_mc.o
 *fill*         0x0800b875        0x3 
 .debug_frame   0x0800b878       0x2c os_start_init_mc.o
 .ARM.attributes
                0x0800b8a4       0x33 os_start_init_mc.o
 os_start_init_sw.o()
 *fill*         0x0800b8d7        0x1 
 .text          0x0800b8d8        0xc os_start_init_sw.o
                0x0800b8d8                OS_INIT_SW
 .data          0x0800b8e4        0x0 os_start_init_sw.o
 .bss           0x0800b8e4        0x0 os_start_init_sw.o
 .debug_info    0x0800b8e4       0x53 os_start_init_sw.o
 .debug_abbrev  0x0800b937       0x38 os_start_init_sw.o
 .debug_aranges
                0x0800b96f       0x20 os_start_init_sw.o
 .debug_macro   0x0800b98f       0x91 os_start_init_sw.o
 .debug_line    0x0800ba20      0x1cd os_start_init_sw.o
 .debug_str     0x0800bbed       0x59 os_start_init_sw.o
                               0x2a3c (size before relaxing)
 .comment       0x00000000       0x71 os_start_init_sw.o
 *fill*         0x0800bc46        0x2 
 .debug_frame   0x0800bc48       0x34 os_start_init_sw.o
 .ARM.attributes
                0x0800bc7c       0x33 os_start_init_sw.o
 os_start_os.o()
 *fill*         0x0800bcaf        0x1 
 .text          0x0800bcb0        0xc os_start_os.o
                0x0800bcb0                OS_START_OS
 .data          0x0800bcbc        0x0 os_start_os.o
 .bss           0x0800bcbc        0x0 os_start_os.o
 .debug_info    0x0800bcbc       0x53 os_start_os.o
 .debug_abbrev  0x0800bd0f       0x38 os_start_os.o
 .debug_aranges
                0x0800bd47       0x20 os_start_os.o
 .debug_macro   0x0800bd67       0x9b os_start_os.o
 .debug_line    0x0800be02      0x1d6 os_start_os.o
 .debug_str     0x0800bfd8       0x62 os_start_os.o
                               0x2a45 (size before relaxing)
 .comment       0x00000000       0x71 os_start_os.o
 *fill*         0x0800c03a        0x2 
 .debug_frame   0x0800c03c       0x2c os_start_os.o
 .ARM.attributes
                0x0800c068       0x33 os_start_os.o
 os_task_common.o()
 *fill*         0x0800c09b        0x1 
 .text          0x0800c09c      0x1d8 os_task_common.o
                0x0800c09c                OS_TASK_SAVETASK_ENVIRONMENT
                0x0800c0dc                OS_TASK_RESTORETASK_ENVIRONMENT
                0x0800c10c                OS_TASK_RESTORE_SYSTEM_STACK
                0x0800c120                OS_TASK_SAVE_SYSTEM_STACK
                0x0800c134                OS_Task_InitTaskEnvironment
                0x0800c218                OS_Task_DeleteTaskEnvironment
                0x0800c248                OS_Task_CreateTaskEnvironment
 .data          0x0800c274        0x0 os_task_common.o
 .bss           0x0800c274        0x0 os_task_common.o
 .debug_info    0x0800c274      0x503 os_task_common.o
 .debug_abbrev  0x0800c777      0x129 os_task_common.o
 .debug_aranges
                0x0800c8a0       0x20 os_task_common.o
 .debug_macro   0x0800c8c0       0xa2 os_task_common.o
 .debug_line    0x0800c962      0x24a os_task_common.o
 .debug_str     0x0800cbac      0x151 os_task_common.o
                               0x2fe6 (size before relaxing)
 .comment       0x00000000       0x71 os_task_common.o
 *fill*         0x0800ccfd        0x3 
 .debug_frame   0x0800cd00      0x128 os_task_common.o
 .ARM.attributes
                0x0800ce28       0x33 os_task_common.o
 *fill*         0x0800ce5b        0x1 
 COMMON         0x0800ce5c       0x24 os_task_common.o
                0x0800ce5c                REGISTER_R2
                0x0800ce60                REGISTER_R0
                0x0800ce64                TASK_PTR
                0x0800ce78                REGISTER_R1
                0x0800ce7c                REGISTER_R3
 os_task_queue.o()
 .text          0x0800ce80      0xa54 os_task_queue.o
                0x0800ce80                SET_RUNNING_TASK
                0x0800cff8                OS_INIT_TASK_QUEUE
                0x0800d050                AddToTaskQueue
                0x0800d410                DeleteFromTaskQueue
                0x0800d510                GetFromTaskQueue
                0x0800d528                GetFromLinkList
                0x0800d54c                DeleteFromLinkList
                0x0800d570                AddToLinkList
                0x0800d5d0                UpdateLinkList
                0x0800d650                GetIdleTask
                0x0800d664                AddToIdleTaskQueue
                0x0800d7e0                GetRunningTask
                0x0800d7f4                OS_INIT_TASK
 .data          0x0800d8d4        0x0 os_task_queue.o
 .bss           0x0800d8d4      0x3b4 os_task_queue.o
 .debug_info    0x0800dc88      0x6a8 os_task_queue.o
 .debug_abbrev  0x0800e330      0x1a7 os_task_queue.o
 .debug_aranges
                0x0800e4d7       0x20 os_task_queue.o
 .debug_macro   0x0800e4f7       0xa7 os_task_queue.o
 .debug_macro   0x0800e59e       0x1c os_task_queue.o
 .debug_line    0x0800e5ba      0x319 os_task_queue.o
 .debug_str     0x0800e8d3      0x26c os_task_queue.o
                               0x310e (size before relaxing)
 .comment       0x00000000       0x71 os_task_queue.o
 *fill*         0x0800eb3f        0x1 
 .debug_frame   0x0800eb40      0x214 os_task_queue.o
 .ARM.attributes
                0x0800ed54       0x33 os_task_queue.o
 os_task_scheduler.o()
 *fill*         0x0800ed87        0x1 
 .text          0x0800ed88      0x6e0 os_task_scheduler.o
                0x0800ed88                OS_ACTIVATE_DISPATCHER
                0x0800ed98                OS_SLEEPTASK
                0x0800edb8                task_state_request
                0x0800ee9c                OS_ActivateTask
                0x0800f164                OS_INIT_TASKS
                0x0800f418                ISR_TASK_DISPATCH_C0
                0x0800f42c                ISR_TASK_DISPATCH_C1
                0x0800f440                ISR_TASK_DISPATCH_C2
                0x0800f454                ISR_TASK_DISPATCH_C3
 .data          0x0800f468        0x0 os_task_scheduler.o
 .bss           0x0800f468      0x630 os_task_scheduler.o
 .debug_info    0x0800fa98      0x76a os_task_scheduler.o
 .debug_abbrev  0x08010202      0x1f3 os_task_scheduler.o
 .debug_aranges
                0x080103f5       0x20 os_task_scheduler.o
 .debug_macro   0x08010415       0xaf os_task_scheduler.o
 .debug_line    0x080104c4      0x357 os_task_scheduler.o
 .debug_str     0x0801081b      0x264 os_task_scheduler.o
                               0x3198 (size before relaxing)
 .comment       0x00000000       0x71 os_task_scheduler.o
 *fill*         0x08010a7f        0x1 
 .debug_frame   0x08010a80      0x280 os_task_scheduler.o
 .ARM.attributes
                0x08010d00       0x33 os_task_scheduler.o
 os_stack.o()
 *fill*         0x08010d33        0x1 
 .text          0x08010d34        0x0 os_stack.o
 .data          0x08010d34        0x0 os_stack.o
 .bss           0x08010d34        0x0 os_stack.o
 .debug_info    0x08010d34       0x3a os_stack.o
 .debug_abbrev  0x08010d6e       0x1c os_stack.o
 .debug_aranges
                0x08010d8a       0x18 os_stack.o
 .debug_macro   0x08010da2       0x91 os_stack.o
 .debug_line    0x08010e33      0x1b7 os_stack.o
 .debug_str     0x08010fea       0x46 os_stack.o
                               0x2a29 (size before relaxing)
 .comment       0x00000000       0x71 os_stack.o
 .ARM.attributes
                0x08011030       0x33 os_stack.o
 os_heap.o()
 *fill*         0x08011063        0x1 
 .text          0x08011064      0x22c os_heap.o
                0x08011064                os_calloc
                0x080110ac                os_realloc
                0x08011120                os_malloc
                0x08011188                os_free
 .data          0x08011290        0x0 os_heap.o
 .bss           0x08011290        0x0 os_heap.o
 .debug_info    0x08011290      0x24e os_heap.o
 .debug_abbrev  0x080114de      0x10d os_heap.o
 .debug_aranges
                0x080115eb       0x20 os_heap.o
 .debug_macro   0x0801160b       0x95 os_heap.o
 .debug_line    0x080116a0      0x245 os_heap.o
 .debug_str     0x080118e5       0xe4 os_heap.o
                               0x2afa (size before relaxing)
 .comment       0x00000000       0x71 os_heap.o
 *fill*         0x080119c9        0x3 
 .debug_frame   0x080119cc      0x100 os_heap.o
 .ARM.attributes
                0x08011acc       0x33 os_heap.o
 os_diagnostic_main.o()
 *fill*         0x08011aff        0x1 
 .text          0x08011b00        0xc os_diagnostic_main.o
                0x08011b00                OS_DIAGNOSTIC_MAIN
 .data          0x08011b0c        0x0 os_diagnostic_main.o
 .bss           0x08011b0c        0x0 os_diagnostic_main.o
 .debug_info    0x08011b0c       0x53 os_diagnostic_main.o
 .debug_abbrev  0x08011b5f       0x38 os_diagnostic_main.o
 .debug_aranges
                0x08011b97       0x20 os_diagnostic_main.o
 .debug_macro   0x08011bb7       0x91 os_diagnostic_main.o
 .debug_line    0x08011c48      0x1cf os_diagnostic_main.o
 .debug_str     0x08011e17       0x63 os_diagnostic_main.o
                               0x2a46 (size before relaxing)
 .comment       0x00000000       0x71 os_diagnostic_main.o
 *fill*         0x08011e7a        0x2 
 .debug_frame   0x08011e7c       0x34 os_diagnostic_main.o
 .ARM.attributes
                0x08011eb0       0x33 os_diagnostic_main.o
 led.o()
 *fill*         0x08011ee3        0x1 
 .text          0x08011ee4       0x50 led.o
                0x08011ee4                USER_LED_INIT
                0x08011ef8                USER_LED_ON
                0x08011f0c                USER_LED_OFF
                0x08011f20                USER_LED_TOGGLE
 .data          0x08011f34        0x0 led.o
 .bss           0x08011f34        0x0 led.o
 .debug_info    0x08011f34       0xfa led.o
 .debug_abbrev  0x0801202e       0x84 led.o
 .debug_aranges
                0x080120b2       0x20 led.o
 .debug_macro   0x080120d2       0x95 led.o
 .debug_line    0x08012167      0x1be led.o
 .debug_str     0x08012325       0x97 led.o
                               0x2a7a (size before relaxing)
 .comment       0x00000000       0x71 led.o
 .debug_frame   0x080123bc       0xb0 led.o
 .ARM.attributes
                0x0801246c       0x33 led.o
                0x0801249f                _code_end = .
                0x0801249f                PROVIDE (code_start, .)
                0x0801249f                PROVIDE (code_end, .)
 *fill*         0x0801249f        0x1 
 .text          0x080124a0      0x370 d:/programm/gnu tools arm embedded/4.9 2015q1/bin/../lib/gcc/arm-none-eabi/4.9.3/armv7e-m\libgcc.a(_arm_addsubdf3.o)
                0x080124a0                __aeabi_drsub
                0x080124a8                __aeabi_dsub
                0x080124a8                __subdf3
                0x080124ac                __aeabi_dadd
                0x080124ac                __adddf3
                0x08012724                __floatunsidf
                0x08012724                __aeabi_ui2d
                0x08012744                __floatsidf
                0x08012744                __aeabi_i2d
                0x08012768                __aeabi_f2d
                0x08012768                __extendsfdf2
                0x080127a4                __floatundidf
                0x080127a4                __aeabi_ul2d
                0x080127b4                __floatdidf
                0x080127b4                __aeabi_l2d
 .text          0x08012810      0x110 d:/programm/gnu tools arm embedded/4.9 2015q1/bin/../lib/gcc/arm-none-eabi/4.9.3/armv7e-m\libgcc.a(_arm_cmpdf2.o)
                0x08012810                __gtdf2
                0x08012810                __gedf2
                0x08012818                __ltdf2
                0x08012818                __ledf2
                0x08012820                __nedf2
                0x08012820                __eqdf2
                0x08012820                __cmpdf2
                0x0801289c                __aeabi_cdrcmple
                0x080128ac                __aeabi_cdcmpeq
                0x080128ac                __aeabi_cdcmple
                0x080128bc                __aeabi_dcmpeq
                0x080128d0                __aeabi_dcmplt
                0x080128e4                __aeabi_dcmple
                0x080128f8                __aeabi_dcmpge
                0x0801290c                __aeabi_dcmpgt

.glue_7         0x08012920        0x0
 .glue_7        0x00000000        0x0 linker stubs

.glue_7t        0x08012920        0x0
 .glue_7t       0x00000000        0x0 linker stubs

.vfp11_veneer   0x08012920        0x0
 .vfp11_veneer  0x00000000        0x0 linker stubs

.v4_bx          0x08012920        0x0
 .v4_bx         0x00000000        0x0 linker stubs

.data           0x20000000     0x6f18
                0x20000000                _ram_start = .
 os_ram.o()
 .text          0x20000000        0x0 os_ram.o
 .data          0x20000000        0x0 os_ram.o
 .bss           0x20000000        0x0 os_ram.o
 .debug_info    0x20000000       0xb6 os_ram.o
 .debug_abbrev  0x200000b6       0x55 os_ram.o
 .debug_aranges
                0x2000010b       0x18 os_ram.o
 .debug_macro   0x20000123       0x99 os_ram.o
 .debug_line    0x200001bc      0x1d0 os_ram.o
 .debug_str     0x2000038c     0x2a1c os_ram.o
                               0x2a5c (size before relaxing)
 .comment       0x20002da8       0x70 os_ram.o
                                 0x71 (size before relaxing)
 .ARM.attributes
                0x20002e18       0x33 os_ram.o
 *fill*         0x20002e4b        0x1 
 COMMON         0x20002e4c     0x2910 os_ram.o
                0x20002e4c                OS_STACK
                0x20002f4c                OS_MAIN_STACK
                0x2000304c                HEAP
 os_shared_ram.o()
 .text          0x2000575c        0x0 os_shared_ram.o
 .data          0x2000575c        0x0 os_shared_ram.o
 .bss           0x2000575c        0x0 os_shared_ram.o
 .debug_info    0x2000575c      0x16c os_shared_ram.o
 .debug_abbrev  0x200058c8       0x4c os_shared_ram.o
 .debug_aranges
                0x20005914       0x18 os_shared_ram.o
 .debug_macro   0x2000592c       0xf1 os_shared_ram.o
 .debug_line    0x20005a1d      0x1bc os_shared_ram.o
 .debug_str     0x20005bd9      0x30b os_shared_ram.o
                               0x2d07 (size before relaxing)
 .comment       0x00000000       0x71 os_shared_ram.o
 .ARM.attributes
                0x20005ee4       0x33 os_shared_ram.o
 *fill*         0x20005f17        0x1 
 COMMON         0x20005f18     0x1000 os_shared_ram.o
                0x20005f18                RAM_BLOCK_C01_C01
                0x20006018                RAM_BLOCK_C01_C00
                0x20006118                RAM_BLOCK_C00_C00
                0x20006218                RAM_BLOCK_C01_C03
                0x20006318                RAM_BLOCK_C03_C01
                0x20006418                RAM_BLOCK_C00_C01
                0x20006518                RAM_BLOCK_C02_C01
                0x20006618                RAM_BLOCK_C01_C02
                0x20006718                RAM_BLOCK_C03_C00
                0x20006818                RAM_BLOCK_C02_C00
                0x20006918                RAM_BLOCK_C02_C02
                0x20006a18                RAM_BLOCK_C03_C03
                0x20006b18                RAM_BLOCK_C03_C02
                0x20006c18                RAM_BLOCK_C00_C03
                0x20006d18                RAM_BLOCK_C00_C02
                0x20006e18                RAM_BLOCK_C02_C03
                0x20006f18                _ram_end = .
                0x20006f18                PROVIDE (ram_start, .)
                0x20006f18                PROVIDE (ram_end, .)
 .data          0x20006f18        0x0 d:/programm/gnu tools arm embedded/4.9 2015q1/bin/../lib/gcc/arm-none-eabi/4.9.3/armv7e-m\libgcc.a(_arm_addsubdf3.o)
 .data          0x20006f18        0x0 d:/programm/gnu tools arm embedded/4.9 2015q1/bin/../lib/gcc/arm-none-eabi/4.9.3/armv7e-m\libgcc.a(_arm_cmpdf2.o)
START GROUP
LOAD d:/programm/gnu tools arm embedded/4.9 2015q1/bin/../lib/gcc/arm-none-eabi/4.9.3/armv7e-m\libgcc.a
LOAD d:/programm/gnu tools arm embedded/4.9 2015q1/bin/../lib/gcc/arm-none-eabi/4.9.3/../../../../arm-none-eabi/lib/armv7e-m\libg.a
LOAD d:/programm/gnu tools arm embedded/4.9 2015q1/bin/../lib/gcc/arm-none-eabi/4.9.3/../../../../arm-none-eabi/lib/armv7e-m\libc.a
END GROUP
OUTPUT(E:\NeuOrga\Programmieren\c_cpp\github_os\output\VERSION_ARM\operating_system.elf elf32-littlearm)

.bss            0x20006f18        0x0
 .bss           0x20006f18        0x0 d:/programm/gnu tools arm embedded/4.9 2015q1/bin/../lib/gcc/arm-none-eabi/4.9.3/armv7e-m\libgcc.a(_arm_addsubdf3.o)
 .bss           0x20006f18        0x0 d:/programm/gnu tools arm embedded/4.9 2015q1/bin/../lib/gcc/arm-none-eabi/4.9.3/armv7e-m\libgcc.a(_arm_cmpdf2.o)

.ARM.attributes
                0x00000000       0x31
 .ARM.attributes
                0x00000000       0x1e d:/programm/gnu tools arm embedded/4.9 2015q1/bin/../lib/gcc/arm-none-eabi/4.9.3/armv7e-m\libgcc.a(_arm_addsubdf3.o)
 .ARM.attributes
                0x0000001e       0x1e d:/programm/gnu tools arm embedded/4.9 2015q1/bin/../lib/gcc/arm-none-eabi/4.9.3/armv7e-m\libgcc.a(_arm_cmpdf2.o)
