Archive member included to satisfy reference by file (symbol)

d:/programm/gnu tools arm embedded/7 2018-q2-update/bin/../lib/gcc/arm-none-eabi/7.3.1/../../../../arm-none-eabi/lib/thumb/v7e-m\libg.a(lib_a-memset.o)
                              os_stack.o (memset)

Allocating common symbols
Common symbol       size              file

TASK_STACK          0x4e20            os_ram.o
RAM_BLOCK_C01_C01   0x100             os_shared_ram.o
VAR_MEM_MANAG_FAULT_STATUS_REG
                    0x4               os_ram.o
REGISTER_R2         0x4               os_ram.o
TASK_GROUP_3        0x20              os_ram.o
RAM_CHECK_FAILURE_ADDR
                    0x4               os_ram.o
REGISTER_R0         0x4               os_ram.o
OS_STACK            0x200             os_ram.o
RAM_BLOCK_C01_C00   0x100             os_shared_ram.o
REGISTER_R6         0x4               os_ram.o
REGISTER_R7         0x4               os_ram.o
DBG_CALIB_VALUE     0x4               os_ram.o
RAM_BLOCK_C00_C00   0x100             os_shared_ram.o
OS_STATE            0x4               os_ram.o
TASK_IDLE_QUEUE     0xd0              os_ram.o
REGISTER_R9         0x4               os_ram.o
TASK1_CALL_NR       0x4               os_ram.o
bTASK_QUEUE_INITIALIZED
                    0x1               os_ram.o
BACKUP_SYSTICK_CURRENT_VAL_REG
                    0x4               os_ram.o
RAM_BLOCK_C01_C03   0x100             os_shared_ram.o
TASK2_CALL_NR       0x4               os_ram.o
LAST_CURRENT_TIME   0x10              os_ram.o
LINK_REGISTER_HANDLER
                    0x4               os_ram.o
VAR_AUX_FAULT_STATUS_REG
                    0x4               os_ram.o
REGISTER_R8         0x4               os_ram.o
TASK_3_VAR          0xd0              os_ram.o
CRITICAL_POS        0x4               os_ram.o
RAM_BLOCK_C03_C01   0x100             os_shared_ram.o
TASK_0_VAR          0xd0              os_ram.o
RAM_BLOCK_C00_C01   0x100             os_shared_ram.o
TASK4_CALL_NR       0x4               os_ram.o
TASK_GROUP_2        0x20              os_ram.o
TASK_PTR            0x28              os_task_common.o
REGISTER_R5         0x4               os_ram.o
OS_MAIN_STACK       0x200             os_ram.o
SAVED_STACK_POINTER
                    0x4               os_ram.o
RAM_BLOCK_C02_C01   0x100             os_shared_ram.o
DBG_RLD_VALUE       0x4               os_ram.o
REGISTER_R4         0x4               os_ram.o
RAM_BLOCK_C01_C02   0x100             os_shared_ram.o
RUNNING_TASK        0xd0              os_ram.o
TASK_RUN_QUEUE      0x820             os_ram.o
CRITICAL_ADDR       0x4               os_ram.o
VAR_HARDFAULT_STATUS_REG
                    0x4               os_ram.o
RAM_BLOCK_C03_C00   0x100             os_shared_ram.o
RUNNING_SCHEDULING_QUEUE_ENTRY
                    0x4               os_ram.o
TASK_GROUP_5        0x20              os_ram.o
REGISTER_R1         0x4               os_ram.o
RAM_BLOCK_C02_C00   0x100             os_shared_ram.o
DBG_CTRL_VALUE      0x4               os_ram.o
TASK_2_VAR          0xd0              os_ram.o
VAR_BUS_FAULT_STATUS_REG
                    0x4               os_ram.o
RAM_BLOCK_C02_C02   0x100             os_shared_ram.o
CRITICAL_STACK_USAGE_PERCENT
                    0x4               os_ram.o
RAM_CHECK_FAILURE_DETECTED
                    0x4               os_ram.o
REGISTER_R10        0x4               os_ram.o
RAM_BLOCK_C03_C03   0x100             os_shared_ram.o
RAM_BLOCK_C03_C02   0x100             os_shared_ram.o
RAM_BLOCK_C00_C03   0x100             os_shared_ram.o
DBG_CURR_VAL        0x4               os_ram.o
TASK_GROUP_1        0x20              os_ram.o
VAR_FAULT_STATUS_REG
                    0x4               os_ram.o
TASK_GROUP_4        0x20              os_ram.o
REGISTER_R11        0x4               os_ram.o
TASK_TRANSITION_REJECTED_STATE
                    0x1               os_ram.o
TASK_TRANSITION_CURRENT_STATE
                    0x1               os_ram.o
REGISTER_R3         0x4               os_ram.o
TASK_SCHEDULING_QUEUE
                    0x28              os_ram.o
TASK3_CALL_NR       0x4               os_ram.o
VAR_MEM_FAULT_ADDR_REG
                    0x4               os_ram.o
VAR_USAGE_FAULT_STATUS_REG
                    0x4               os_ram.o
VAR_BUS_FAULT_ADDR_REG
                    0x4               os_ram.o
RAM_BLOCK_C00_C02   0x100             os_shared_ram.o
TASK_TRANSITION_REJECTED_TASK_ADDR
                    0x4               os_ram.o
OS_SW_BUG           0xf               os_ram.o
RAM_BLOCK_C02_C03   0x100             os_shared_ram.o
TASK_1_VAR          0xd0              os_ram.o

Discarded input sections

 .group         0x00000000        0xc os_exception_table.o
 .group         0x00000000        0xc os_exception_table.o
 .group         0x00000000        0xc os_exception_table.o
 .group         0x00000000        0xc os_exception_table.o
 .group         0x00000000        0xc os_exception_table.o
 .group         0x00000000        0xc os_exception_table.o
 .group         0x00000000        0xc os_exception_table.o
 .group         0x00000000        0xc os_exception_table.o
 .group         0x00000000        0xc os_const.o
 .group         0x00000000        0xc os_const.o
 .group         0x00000000        0xc os_const.o
 .group         0x00000000        0xc os_const.o
 .group         0x00000000        0xc os_const.o
 .group         0x00000000        0xc os_const.o
 .group         0x00000000        0xc os_const.o
 .group         0x00000000        0xc os_const.o
 .debug_macro   0x00000000      0xa42 os_const.o
 .debug_macro   0x00000000       0x4c os_const.o
 .debug_macro   0x00000000       0x8e os_const.o
 .debug_macro   0x00000000       0x46 os_const.o
 .debug_macro   0x00000000       0x10 os_const.o
 .debug_macro   0x00000000       0x10 os_const.o
 .debug_macro   0x00000000       0x28 os_const.o
 .debug_macro   0x00000000       0x1c os_const.o
 .group         0x00000000        0xc os_common.o
 .group         0x00000000        0xc os_common.o
 .group         0x00000000        0xc os_common.o
 .group         0x00000000        0xc os_common.o
 .group         0x00000000        0xc os_common.o
 .group         0x00000000        0xc os_common.o
 .group         0x00000000        0xc os_common.o
 .group         0x00000000        0xc os_common.o
 .debug_macro   0x00000000      0xa42 os_common.o
 .debug_macro   0x00000000       0x4c os_common.o
 .debug_macro   0x00000000       0x8e os_common.o
 .debug_macro   0x00000000       0x46 os_common.o
 .debug_macro   0x00000000       0x10 os_common.o
 .debug_macro   0x00000000       0x10 os_common.o
 .debug_macro   0x00000000       0x28 os_common.o
 .debug_macro   0x00000000       0x1c os_common.o
 .group         0x00000000        0xc os_exception.o
 .group         0x00000000        0xc os_exception.o
 .group         0x00000000        0xc os_exception.o
 .group         0x00000000        0xc os_exception.o
 .group         0x00000000        0xc os_exception.o
 .group         0x00000000        0xc os_exception.o
 .group         0x00000000        0xc os_exception.o
 .group         0x00000000        0xc os_exception.o
 .group         0x00000000        0xc os_exception.o
 .group         0x00000000        0xc os_exception.o
 .debug_macro   0x00000000       0x4c os_exception.o
 .debug_macro   0x00000000       0x8e os_exception.o
 .debug_macro   0x00000000       0x46 os_exception.o
 .debug_macro   0x00000000       0x10 os_exception.o
 .debug_macro   0x00000000       0x10 os_exception.o
 .debug_macro   0x00000000       0x28 os_exception.o
 .debug_macro   0x00000000       0x1c os_exception.o
 .group         0x00000000        0xc os_exception_isr_handler.o
 .group         0x00000000        0xc os_exception_isr_handler.o
 .group         0x00000000        0xc os_exception_isr_handler.o
 .group         0x00000000        0xc os_exception_isr_handler.o
 .group         0x00000000        0xc os_exception_isr_handler.o
 .group         0x00000000        0xc os_exception_isr_handler.o
 .group         0x00000000        0xc os_exception_isr_handler.o
 .group         0x00000000        0xc os_exception_isr_handler.o
 .group         0x00000000        0xc os_exception_isr_handler.o
 .debug_macro   0x00000000      0xa42 os_exception_isr_handler.o
 .debug_macro   0x00000000       0x4c os_exception_isr_handler.o
 .debug_macro   0x00000000       0x8e os_exception_isr_handler.o
 .debug_macro   0x00000000       0x46 os_exception_isr_handler.o
 .debug_macro   0x00000000       0x10 os_exception_isr_handler.o
 .debug_macro   0x00000000       0x10 os_exception_isr_handler.o
 .debug_macro   0x00000000       0x28 os_exception_isr_handler.o
 .debug_macro   0x00000000       0x1c os_exception_isr_handler.o
 .debug_macro   0x00000000       0x28 os_exception_isr_handler.o
 .group         0x00000000        0xc os_init_task_system.o
 .group         0x00000000        0xc os_init_task_system.o
 .group         0x00000000        0xc os_init_task_system.o
 .group         0x00000000        0xc os_init_task_system.o
 .group         0x00000000        0xc os_init_task_system.o
 .group         0x00000000        0xc os_init_task_system.o
 .group         0x00000000        0xc os_init_task_system.o
 .group         0x00000000        0xc os_init_task_system.o
 .group         0x00000000        0xc os_init_task_system.o
 .debug_macro   0x00000000      0xa42 os_init_task_system.o
 .debug_macro   0x00000000       0x4c os_init_task_system.o
 .debug_macro   0x00000000       0x8e os_init_task_system.o
 .debug_macro   0x00000000       0x46 os_init_task_system.o
 .debug_macro   0x00000000       0x10 os_init_task_system.o
 .debug_macro   0x00000000       0x10 os_init_task_system.o
 .debug_macro   0x00000000       0x28 os_init_task_system.o
 .debug_macro   0x00000000       0x1c os_init_task_system.o
 .group         0x00000000        0xc os_main.o
 .group         0x00000000        0xc os_main.o
 .group         0x00000000        0xc os_main.o
 .group         0x00000000        0xc os_main.o
 .group         0x00000000        0xc os_main.o
 .group         0x00000000        0xc os_main.o
 .group         0x00000000        0xc os_main.o
 .group         0x00000000        0xc os_main.o
 .group         0x00000000        0xc os_main.o
 .group         0x00000000        0xc os_main.o
 .debug_macro   0x00000000      0xa42 os_main.o
 .debug_macro   0x00000000       0x4c os_main.o
 .debug_macro   0x00000000       0x8e os_main.o
 .debug_macro   0x00000000       0x46 os_main.o
 .debug_macro   0x00000000       0x10 os_main.o
 .debug_macro   0x00000000       0x10 os_main.o
 .debug_macro   0x00000000       0x28 os_main.o
 .debug_macro   0x00000000       0x1c os_main.o
 .debug_macro   0x00000000       0x28 os_main.o
 .debug_macro   0x00000000       0x1c os_main.o
 .group         0x00000000        0xc os_memory_mmu_setup.o
 .group         0x00000000        0xc os_memory_mmu_setup.o
 .group         0x00000000        0xc os_memory_mmu_setup.o
 .group         0x00000000        0xc os_memory_mmu_setup.o
 .group         0x00000000        0xc os_memory_mmu_setup.o
 .group         0x00000000        0xc os_memory_mmu_setup.o
 .group         0x00000000        0xc os_memory_mmu_setup.o
 .group         0x00000000        0xc os_memory_mmu_setup.o
 .debug_macro   0x00000000      0xa42 os_memory_mmu_setup.o
 .debug_macro   0x00000000       0x4c os_memory_mmu_setup.o
 .debug_macro   0x00000000       0x8e os_memory_mmu_setup.o
 .debug_macro   0x00000000       0x46 os_memory_mmu_setup.o
 .debug_macro   0x00000000       0x10 os_memory_mmu_setup.o
 .debug_macro   0x00000000       0x10 os_memory_mmu_setup.o
 .debug_macro   0x00000000       0x28 os_memory_mmu_setup.o
 .debug_macro   0x00000000       0x1c os_memory_mmu_setup.o
 .group         0x00000000        0xc os_shutdown.o
 .group         0x00000000        0xc os_shutdown.o
 .group         0x00000000        0xc os_shutdown.o
 .group         0x00000000        0xc os_shutdown.o
 .group         0x00000000        0xc os_shutdown.o
 .group         0x00000000        0xc os_shutdown.o
 .group         0x00000000        0xc os_shutdown.o
 .group         0x00000000        0xc os_shutdown.o
 .debug_macro   0x00000000      0xa42 os_shutdown.o
 .debug_macro   0x00000000       0x4c os_shutdown.o
 .debug_macro   0x00000000       0x8e os_shutdown.o
 .debug_macro   0x00000000       0x46 os_shutdown.o
 .debug_macro   0x00000000       0x10 os_shutdown.o
 .debug_macro   0x00000000       0x10 os_shutdown.o
 .debug_macro   0x00000000       0x28 os_shutdown.o
 .debug_macro   0x00000000       0x1c os_shutdown.o
 .group         0x00000000        0xc os_start_ext_prg.o
 .group         0x00000000        0xc os_start_ext_prg.o
 .group         0x00000000        0xc os_start_ext_prg.o
 .group         0x00000000        0xc os_start_ext_prg.o
 .group         0x00000000        0xc os_start_ext_prg.o
 .group         0x00000000        0xc os_start_ext_prg.o
 .group         0x00000000        0xc os_start_ext_prg.o
 .group         0x00000000        0xc os_start_ext_prg.o
 .debug_macro   0x00000000      0xa42 os_start_ext_prg.o
 .debug_macro   0x00000000       0x4c os_start_ext_prg.o
 .debug_macro   0x00000000       0x8e os_start_ext_prg.o
 .debug_macro   0x00000000       0x46 os_start_ext_prg.o
 .debug_macro   0x00000000       0x10 os_start_ext_prg.o
 .debug_macro   0x00000000       0x10 os_start_ext_prg.o
 .debug_macro   0x00000000       0x28 os_start_ext_prg.o
 .debug_macro   0x00000000       0x1c os_start_ext_prg.o
 .group         0x00000000        0xc os_start_init_hw.o
 .group         0x00000000        0xc os_start_init_hw.o
 .group         0x00000000        0xc os_start_init_hw.o
 .group         0x00000000        0xc os_start_init_hw.o
 .group         0x00000000        0xc os_start_init_hw.o
 .group         0x00000000        0xc os_start_init_hw.o
 .group         0x00000000        0xc os_start_init_hw.o
 .group         0x00000000        0xc os_start_init_hw.o
 .debug_macro   0x00000000      0xa42 os_start_init_hw.o
 .debug_macro   0x00000000       0x4c os_start_init_hw.o
 .debug_macro   0x00000000       0x8e os_start_init_hw.o
 .debug_macro   0x00000000       0x46 os_start_init_hw.o
 .debug_macro   0x00000000       0x10 os_start_init_hw.o
 .debug_macro   0x00000000       0x10 os_start_init_hw.o
 .debug_macro   0x00000000       0x28 os_start_init_hw.o
 .debug_macro   0x00000000       0x1c os_start_init_hw.o
 .group         0x00000000        0xc os_start_init_mc.o
 .group         0x00000000        0xc os_start_init_mc.o
 .group         0x00000000        0xc os_start_init_mc.o
 .group         0x00000000        0xc os_start_init_mc.o
 .group         0x00000000        0xc os_start_init_mc.o
 .group         0x00000000        0xc os_start_init_mc.o
 .group         0x00000000        0xc os_start_init_mc.o
 .group         0x00000000        0xc os_start_init_mc.o
 .debug_macro   0x00000000      0xa42 os_start_init_mc.o
 .debug_macro   0x00000000       0x4c os_start_init_mc.o
 .debug_macro   0x00000000       0x8e os_start_init_mc.o
 .debug_macro   0x00000000       0x46 os_start_init_mc.o
 .debug_macro   0x00000000       0x10 os_start_init_mc.o
 .debug_macro   0x00000000       0x10 os_start_init_mc.o
 .debug_macro   0x00000000       0x28 os_start_init_mc.o
 .debug_macro   0x00000000       0x1c os_start_init_mc.o
 .group         0x00000000        0xc os_start_init_sw.o
 .group         0x00000000        0xc os_start_init_sw.o
 .group         0x00000000        0xc os_start_init_sw.o
 .group         0x00000000        0xc os_start_init_sw.o
 .group         0x00000000        0xc os_start_init_sw.o
 .group         0x00000000        0xc os_start_init_sw.o
 .group         0x00000000        0xc os_start_init_sw.o
 .group         0x00000000        0xc os_start_init_sw.o
 .debug_macro   0x00000000      0xa42 os_start_init_sw.o
 .debug_macro   0x00000000       0x4c os_start_init_sw.o
 .debug_macro   0x00000000       0x8e os_start_init_sw.o
 .debug_macro   0x00000000       0x46 os_start_init_sw.o
 .debug_macro   0x00000000       0x10 os_start_init_sw.o
 .debug_macro   0x00000000       0x10 os_start_init_sw.o
 .debug_macro   0x00000000       0x28 os_start_init_sw.o
 .debug_macro   0x00000000       0x1c os_start_init_sw.o
 .group         0x00000000        0xc os_start_os.o
 .group         0x00000000        0xc os_start_os.o
 .group         0x00000000        0xc os_start_os.o
 .group         0x00000000        0xc os_start_os.o
 .group         0x00000000        0xc os_start_os.o
 .group         0x00000000        0xc os_start_os.o
 .group         0x00000000        0xc os_start_os.o
 .group         0x00000000        0xc os_start_os.o
 .debug_macro   0x00000000      0xa42 os_start_os.o
 .debug_macro   0x00000000       0x4c os_start_os.o
 .debug_macro   0x00000000       0x8e os_start_os.o
 .debug_macro   0x00000000       0x46 os_start_os.o
 .debug_macro   0x00000000       0x10 os_start_os.o
 .debug_macro   0x00000000       0x10 os_start_os.o
 .debug_macro   0x00000000       0x28 os_start_os.o
 .debug_macro   0x00000000       0x1c os_start_os.o
 .group         0x00000000        0xc os_task_common.o
 .group         0x00000000        0xc os_task_common.o
 .group         0x00000000        0xc os_task_common.o
 .group         0x00000000        0xc os_task_common.o
 .group         0x00000000        0xc os_task_common.o
 .group         0x00000000        0xc os_task_common.o
 .group         0x00000000        0xc os_task_common.o
 .group         0x00000000        0xc os_task_common.o
 .group         0x00000000        0xc os_task_common.o
 .debug_macro   0x00000000      0xa42 os_task_common.o
 .debug_macro   0x00000000       0x4c os_task_common.o
 .debug_macro   0x00000000       0x8e os_task_common.o
 .debug_macro   0x00000000       0x46 os_task_common.o
 .debug_macro   0x00000000       0x10 os_task_common.o
 .debug_macro   0x00000000       0x10 os_task_common.o
 .debug_macro   0x00000000       0x28 os_task_common.o
 .debug_macro   0x00000000       0x1c os_task_common.o
 .debug_macro   0x00000000       0x28 os_task_common.o
 .group         0x00000000        0xc os_task_queue.o
 .group         0x00000000        0xc os_task_queue.o
 .group         0x00000000        0xc os_task_queue.o
 .group         0x00000000        0xc os_task_queue.o
 .group         0x00000000        0xc os_task_queue.o
 .group         0x00000000        0xc os_task_queue.o
 .group         0x00000000        0xc os_task_queue.o
 .group         0x00000000        0xc os_task_queue.o
 .group         0x00000000        0xc os_task_queue.o
 .group         0x00000000        0xc os_task_queue.o
 .debug_macro   0x00000000      0xa42 os_task_queue.o
 .debug_macro   0x00000000       0x4c os_task_queue.o
 .debug_macro   0x00000000       0x8e os_task_queue.o
 .debug_macro   0x00000000       0x46 os_task_queue.o
 .debug_macro   0x00000000       0x10 os_task_queue.o
 .debug_macro   0x00000000       0x10 os_task_queue.o
 .debug_macro   0x00000000       0x28 os_task_queue.o
 .debug_macro   0x00000000       0x1c os_task_queue.o
 .debug_macro   0x00000000       0x1c os_task_queue.o
 .debug_macro   0x00000000       0x28 os_task_queue.o
 .group         0x00000000        0xc os_task_scheduler.o
 .group         0x00000000        0xc os_task_scheduler.o
 .group         0x00000000        0xc os_task_scheduler.o
 .group         0x00000000        0xc os_task_scheduler.o
 .group         0x00000000        0xc os_task_scheduler.o
 .group         0x00000000        0xc os_task_scheduler.o
 .group         0x00000000        0xc os_task_scheduler.o
 .group         0x00000000        0xc os_task_scheduler.o
 .group         0x00000000        0xc os_task_scheduler.o
 .group         0x00000000        0xc os_task_scheduler.o
 .debug_macro   0x00000000      0xa42 os_task_scheduler.o
 .debug_macro   0x00000000       0x4c os_task_scheduler.o
 .debug_macro   0x00000000       0x8e os_task_scheduler.o
 .debug_macro   0x00000000       0x46 os_task_scheduler.o
 .debug_macro   0x00000000       0x10 os_task_scheduler.o
 .debug_macro   0x00000000       0x10 os_task_scheduler.o
 .debug_macro   0x00000000       0x28 os_task_scheduler.o
 .debug_macro   0x00000000       0x1c os_task_scheduler.o
 .debug_macro   0x00000000       0x28 os_task_scheduler.o
 .debug_macro   0x00000000       0x1c os_task_scheduler.o
 .group         0x00000000        0xc os_stack.o
 .group         0x00000000        0xc os_stack.o
 .group         0x00000000        0xc os_stack.o
 .group         0x00000000        0xc os_stack.o
 .group         0x00000000        0xc os_stack.o
 .group         0x00000000        0xc os_stack.o
 .group         0x00000000        0xc os_stack.o
 .group         0x00000000        0xc os_stack.o
 .debug_macro   0x00000000      0xa42 os_stack.o
 .debug_macro   0x00000000       0x4c os_stack.o
 .debug_macro   0x00000000       0x8e os_stack.o
 .debug_macro   0x00000000       0x46 os_stack.o
 .debug_macro   0x00000000       0x10 os_stack.o
 .debug_macro   0x00000000       0x10 os_stack.o
 .debug_macro   0x00000000       0x28 os_stack.o
 .debug_macro   0x00000000       0x1c os_stack.o
 .group         0x00000000        0xc os_heap.o
 .group         0x00000000        0xc os_heap.o
 .group         0x00000000        0xc os_heap.o
 .group         0x00000000        0xc os_heap.o
 .group         0x00000000        0xc os_heap.o
 .group         0x00000000        0xc os_heap.o
 .group         0x00000000        0xc os_heap.o
 .group         0x00000000        0xc os_heap.o
 .debug_macro   0x00000000      0xa42 os_heap.o
 .debug_macro   0x00000000       0x4c os_heap.o
 .debug_macro   0x00000000       0x8e os_heap.o
 .debug_macro   0x00000000       0x46 os_heap.o
 .debug_macro   0x00000000       0x10 os_heap.o
 .debug_macro   0x00000000       0x10 os_heap.o
 .debug_macro   0x00000000       0x28 os_heap.o
 .debug_macro   0x00000000       0x1c os_heap.o
 .group         0x00000000        0xc led.o
 .group         0x00000000        0xc led.o
 .group         0x00000000        0xc led.o
 .group         0x00000000        0xc led.o
 .group         0x00000000        0xc led.o
 .group         0x00000000        0xc led.o
 .group         0x00000000        0xc led.o
 .group         0x00000000        0xc led.o
 .debug_macro   0x00000000      0xa42 led.o
 .debug_macro   0x00000000       0x4c led.o
 .debug_macro   0x00000000       0x8e led.o
 .debug_macro   0x00000000       0x46 led.o
 .debug_macro   0x00000000       0x10 led.o
 .debug_macro   0x00000000       0x10 led.o
 .debug_macro   0x00000000       0x28 led.o
 .debug_macro   0x00000000       0x1c led.o
 .group         0x00000000        0xc os_ram.o
 .group         0x00000000        0xc os_ram.o
 .group         0x00000000        0xc os_ram.o
 .group         0x00000000        0xc os_ram.o
 .group         0x00000000        0xc os_ram.o
 .group         0x00000000        0xc os_ram.o
 .group         0x00000000        0xc os_ram.o
 .group         0x00000000        0xc os_ram.o
 .debug_macro   0x00000000      0xa42 os_ram.o
 .debug_macro   0x00000000       0x4c os_ram.o
 .debug_macro   0x00000000       0x8e os_ram.o
 .debug_macro   0x00000000       0x46 os_ram.o
 .debug_macro   0x00000000       0x10 os_ram.o
 .debug_macro   0x00000000       0x10 os_ram.o
 .debug_macro   0x00000000       0x28 os_ram.o
 .debug_macro   0x00000000       0x1c os_ram.o
 .group         0x00000000        0xc os_shared_ram.o
 .group         0x00000000        0xc os_shared_ram.o
 .group         0x00000000        0xc os_shared_ram.o
 .group         0x00000000        0xc os_shared_ram.o
 .group         0x00000000        0xc os_shared_ram.o
 .group         0x00000000        0xc os_shared_ram.o
 .group         0x00000000        0xc os_shared_ram.o
 .group         0x00000000        0xc os_shared_ram.o
 .debug_macro   0x00000000      0xa42 os_shared_ram.o
 .debug_macro   0x00000000       0x4c os_shared_ram.o
 .debug_macro   0x00000000       0x8e os_shared_ram.o
 .debug_macro   0x00000000       0x46 os_shared_ram.o
 .debug_macro   0x00000000       0x10 os_shared_ram.o
 .debug_macro   0x00000000       0x10 os_shared_ram.o
 .debug_macro   0x00000000       0x28 os_shared_ram.o
 .debug_macro   0x00000000       0x1c os_shared_ram.o

Memory Configuration

Name             Origin             Length             Attributes
rom              0x08000000         0x00100000
ram              0x20000000         0x00030000
*default*        0x00000000         0xffffffff

Linker script and memory map


.text           0x08000000    0x1d5a0
                0x08000000                _ivec_start = .
 os_exception_table.o()
 .text          0x08000000        0x0 os_exception_table.o
 .data          0x08000000      0x400 os_exception_table.o
                0x08000000                isr_vec_table
 .bss           0x08000400        0x0 os_exception_table.o
 .debug_info    0x08000400      0x708 os_exception_table.o
 .debug_abbrev  0x08000b08      0x104 os_exception_table.o
 .debug_aranges
                0x08000c0c       0x18 os_exception_table.o
 .debug_macro   0x08000c24       0xa8 os_exception_table.o
 .debug_macro   0x08000ccc      0xa42 os_exception_table.o
 .debug_macro   0x0800170e       0x4c os_exception_table.o
 .debug_macro   0x0800175a       0x8e os_exception_table.o
 .debug_macro   0x080017e8       0x46 os_exception_table.o
 .debug_macro   0x0800182e       0x10 os_exception_table.o
 .debug_macro   0x0800183e       0x10 os_exception_table.o
 .debug_macro   0x0800184e       0x28 os_exception_table.o
 .debug_macro   0x08001876       0x1c os_exception_table.o
 .debug_line    0x08001892      0x1ec os_exception_table.o
 .debug_str     0x08001a7e     0x39ea os_exception_table.o
                               0x3ab1 (size before relaxing)
 .comment       0x08005468       0x7f os_exception_table.o
                                 0x80 (size before relaxing)
 .ARM.attributes
                0x080054e7       0x33 os_exception_table.o
 .iplt          0x0800551a        0x0 os_exception_table.o
 .rel.iplt      0x0800551a        0x0 os_exception_table.o
 .igot.plt      0x0800551a        0x0 os_exception_table.o
                0x0800551a                _ivec_end = .
                [!provide]                PROVIDE (ivec_start = .)
                [!provide]                PROVIDE (ivec_end = .)
                0x0800551a                _const_start = .
 os_const.o()
 .text          0x0800551a        0x0 os_const.o
 .data          0x0800551a        0x0 os_const.o
 .bss           0x0800551a        0x0 os_const.o
 .debug_info    0x0800551a      0x6d5 os_const.o
 .debug_abbrev  0x08005bef       0xec os_const.o
 .debug_aranges
                0x08005cdb       0x18 os_const.o
 .debug_macro   0x08005cf3       0x9e os_const.o
 .debug_line    0x08005d91      0x1c4 os_const.o
 .debug_str     0x08005f55       0x46 os_const.o
                               0x3a70 (size before relaxing)
 .comment       0x08005f9b       0x80 os_const.o
 .ARM.attributes
                0x08005f9b       0x33 os_const.o
                0x0800601b                _const_end = .
                [!provide]                PROVIDE (const_start = .)
                [!provide]                PROVIDE (const_end = .)
                0x0800601b                _code_start = .
 lld_global.o()
 *fill*         0x08005fce        0x2 
 .text          0x08005fd0      0x14c E:\NeuOrga\Programmieren\c_cpp\github_os\output\os_drivers\obj_arm\lld_global.o
                0x08005fd0                OS_GetCoreId
                0x08005fd6                LLF_SAVE_TASK_STACK
                0x08005fdc                LLF_SAVE_REGISTERS
                0x08006016                LLF_RESTORE_TASK_STACK
                0x0800601c                LLF_RESTORE_REGISTERS
                0x0800603e                LLF_RESTORE_SYSTEM_STACK
                0x08006044                LLF_SAVE_SYSTEM_STACK
                0x0800604a                LLF_CLEAR_ALL_GP_REGISTERS
                0x0800607c                LLF_PERFORM_RAM_CHECK
                0x080060c8                LLF_CHANGE_TO_UNPRIVILIGED_THREAD_MODE
 .data          0x0800611c        0x0 E:\NeuOrga\Programmieren\c_cpp\github_os\output\os_drivers\obj_arm\lld_global.o
 .bss           0x0800611c        0x0 E:\NeuOrga\Programmieren\c_cpp\github_os\output\os_drivers\obj_arm\lld_global.o
 .debug_line    0x0800611c       0xf6 E:\NeuOrga\Programmieren\c_cpp\github_os\output\os_drivers\obj_arm\lld_global.o
 .debug_info    0x08006212       0x26 E:\NeuOrga\Programmieren\c_cpp\github_os\output\os_drivers\obj_arm\lld_global.o
 .debug_abbrev  0x08006238       0x14 E:\NeuOrga\Programmieren\c_cpp\github_os\output\os_drivers\obj_arm\lld_global.o
 *fill*         0x0800624c        0x4 
 .debug_aranges
                0x08006250       0x20 E:\NeuOrga\Programmieren\c_cpp\github_os\output\os_drivers\obj_arm\lld_global.o
 .debug_str     0x08006270       0x59 E:\NeuOrga\Programmieren\c_cpp\github_os\output\os_drivers\obj_arm\lld_global.o
                                 0x91 (size before relaxing)
 .ARM.attributes
                0x080062c9       0x21 E:\NeuOrga\Programmieren\c_cpp\github_os\output\os_drivers\obj_arm\lld_global.o
 lld_interrupt.o()
 .text          0x080062ea       0x14 E:\NeuOrga\Programmieren\c_cpp\github_os\output\os_drivers\obj_arm\lld_interrupt.o
                0x080062ea                LLF_INT_DISABLE
                0x080062f0                LLF_INT_ENABLE
                0x080062f6                LLF_DISABLE_INTERRUPTS_ALL_CORES
                0x080062fc                LLF_WAIT_FOR_INTERRUPT
 .data          0x080062fe        0x0 E:\NeuOrga\Programmieren\c_cpp\github_os\output\os_drivers\obj_arm\lld_interrupt.o
 .bss           0x080062fe        0x0 E:\NeuOrga\Programmieren\c_cpp\github_os\output\os_drivers\obj_arm\lld_interrupt.o
 .debug_line    0x080062fe       0x85 E:\NeuOrga\Programmieren\c_cpp\github_os\output\os_drivers\obj_arm\lld_interrupt.o
 .debug_info    0x08006383       0x26 E:\NeuOrga\Programmieren\c_cpp\github_os\output\os_drivers\obj_arm\lld_interrupt.o
 .debug_abbrev  0x080063a9       0x14 E:\NeuOrga\Programmieren\c_cpp\github_os\output\os_drivers\obj_arm\lld_interrupt.o
 *fill*         0x080063bd        0x3 
 .debug_aranges
                0x080063c0       0x20 E:\NeuOrga\Programmieren\c_cpp\github_os\output\os_drivers\obj_arm\lld_interrupt.o
 .debug_str     0x080063e0       0x4e E:\NeuOrga\Programmieren\c_cpp\github_os\output\os_drivers\obj_arm\lld_interrupt.o
                                 0x94 (size before relaxing)
 .ARM.attributes
                0x0800642e       0x21 E:\NeuOrga\Programmieren\c_cpp\github_os\output\os_drivers\obj_arm\lld_interrupt.o
 lld_mmu.o()
 *fill*         0x0800644f        0x1 
 .text          0x08006450       0xb4 E:\NeuOrga\Programmieren\c_cpp\github_os\output\os_drivers\obj_arm\lld_mmu.o
                0x08006450                LLF_MPU_DISABLE
                0x0800648e                LLF_MPU_ENABLE
                0x080064cc                LLF_GET_MPU_PRESENT
 .data          0x08006504        0x0 E:\NeuOrga\Programmieren\c_cpp\github_os\output\os_drivers\obj_arm\lld_mmu.o
 .bss           0x08006504        0x0 E:\NeuOrga\Programmieren\c_cpp\github_os\output\os_drivers\obj_arm\lld_mmu.o
 .debug_line    0x08006504       0xad E:\NeuOrga\Programmieren\c_cpp\github_os\output\os_drivers\obj_arm\lld_mmu.o
 .debug_info    0x080065b1       0x26 E:\NeuOrga\Programmieren\c_cpp\github_os\output\os_drivers\obj_arm\lld_mmu.o
 .debug_abbrev  0x080065d7       0x14 E:\NeuOrga\Programmieren\c_cpp\github_os\output\os_drivers\obj_arm\lld_mmu.o
 *fill*         0x080065eb        0x5 
 .debug_aranges
                0x080065f0       0x20 E:\NeuOrga\Programmieren\c_cpp\github_os\output\os_drivers\obj_arm\lld_mmu.o
 .debug_str     0x08006610       0x48 E:\NeuOrga\Programmieren\c_cpp\github_os\output\os_drivers\obj_arm\lld_mmu.o
                                 0x8e (size before relaxing)
 .ARM.attributes
                0x08006658       0x21 E:\NeuOrga\Programmieren\c_cpp\github_os\output\os_drivers\obj_arm\lld_mmu.o
 lld_ram.o()
 *fill*         0x08006679        0x3 
 .text          0x0800667c       0xa0 E:\NeuOrga\Programmieren\c_cpp\github_os\output\os_drivers\obj_arm\lld_ram.o
                0x0800667c                INIT_OS_STACK
                0x08006696                LLF_CLEAR_ALL_RAM
 .data          0x0800671c        0x0 E:\NeuOrga\Programmieren\c_cpp\github_os\output\os_drivers\obj_arm\lld_ram.o
 .bss           0x0800671c        0x0 E:\NeuOrga\Programmieren\c_cpp\github_os\output\os_drivers\obj_arm\lld_ram.o
 .debug_line    0x0800671c       0xad E:\NeuOrga\Programmieren\c_cpp\github_os\output\os_drivers\obj_arm\lld_ram.o
 .debug_info    0x080067c9       0x26 E:\NeuOrga\Programmieren\c_cpp\github_os\output\os_drivers\obj_arm\lld_ram.o
 .debug_abbrev  0x080067ef       0x14 E:\NeuOrga\Programmieren\c_cpp\github_os\output\os_drivers\obj_arm\lld_ram.o
 *fill*         0x08006803        0x5 
 .debug_aranges
                0x08006808       0x20 E:\NeuOrga\Programmieren\c_cpp\github_os\output\os_drivers\obj_arm\lld_ram.o
 .debug_str     0x08006828       0x48 E:\NeuOrga\Programmieren\c_cpp\github_os\output\os_drivers\obj_arm\lld_ram.o
                                 0x8e (size before relaxing)
 .ARM.attributes
                0x08006870       0x21 E:\NeuOrga\Programmieren\c_cpp\github_os\output\os_drivers\obj_arm\lld_ram.o
 lld_timer.o()
 .text          0x08006891        0x0 E:\NeuOrga\Programmieren\c_cpp\github_os\output\os_drivers\obj_arm\lld_timer.o
 .data          0x08006891        0x0 E:\NeuOrga\Programmieren\c_cpp\github_os\output\os_drivers\obj_arm\lld_timer.o
 .bss           0x08006891        0x0 E:\NeuOrga\Programmieren\c_cpp\github_os\output\os_drivers\obj_arm\lld_timer.o
 .ARM.attributes
                0x08006891       0x21 E:\NeuOrga\Programmieren\c_cpp\github_os\output\os_drivers\obj_arm\lld_timer.o
 lld_power.o()
 *fill*         0x080068b2        0x2 
 .text          0x080068b4       0x20 E:\NeuOrga\Programmieren\c_cpp\github_os\output\os_drivers\obj_arm\lld_power.o
                0x080068b4                LLF_MCU_SWITCH_OFF_POWER
                0x080068ba                LLF_MCU_RESET_POWER
 .data          0x080068d4        0x0 E:\NeuOrga\Programmieren\c_cpp\github_os\output\os_drivers\obj_arm\lld_power.o
 .bss           0x080068d4        0x0 E:\NeuOrga\Programmieren\c_cpp\github_os\output\os_drivers\obj_arm\lld_power.o
 .debug_line    0x080068d4       0x87 E:\NeuOrga\Programmieren\c_cpp\github_os\output\os_drivers\obj_arm\lld_power.o
 .debug_info    0x0800695b       0x26 E:\NeuOrga\Programmieren\c_cpp\github_os\output\os_drivers\obj_arm\lld_power.o
 .debug_abbrev  0x08006981       0x14 E:\NeuOrga\Programmieren\c_cpp\github_os\output\os_drivers\obj_arm\lld_power.o
 *fill*         0x08006995        0x3 
 .debug_aranges
                0x08006998       0x20 E:\NeuOrga\Programmieren\c_cpp\github_os\output\os_drivers\obj_arm\lld_power.o
 .debug_str     0x080069b8       0x4a E:\NeuOrga\Programmieren\c_cpp\github_os\output\os_drivers\obj_arm\lld_power.o
                                 0x90 (size before relaxing)
 .ARM.attributes
                0x08006a02       0x21 E:\NeuOrga\Programmieren\c_cpp\github_os\output\os_drivers\obj_arm\lld_power.o
 os_exception_reset.o()
 *fill*         0x08006a23        0x1 
 .text          0x08006a24       0xbc E:\NeuOrga\Programmieren\c_cpp\github_os\output\os_drivers\obj_arm\os_exception_reset.o
                0x08006a24                OS_Exception_RESET
 .data          0x08006ae0        0x0 E:\NeuOrga\Programmieren\c_cpp\github_os\output\os_drivers\obj_arm\os_exception_reset.o
 .bss           0x08006ae0        0x0 E:\NeuOrga\Programmieren\c_cpp\github_os\output\os_drivers\obj_arm\os_exception_reset.o
 .debug_line    0x08006ae0       0xbe E:\NeuOrga\Programmieren\c_cpp\github_os\output\os_drivers\obj_arm\os_exception_reset.o
 .debug_info    0x08006b9e       0x26 E:\NeuOrga\Programmieren\c_cpp\github_os\output\os_drivers\obj_arm\os_exception_reset.o
 .debug_abbrev  0x08006bc4       0x14 E:\NeuOrga\Programmieren\c_cpp\github_os\output\os_drivers\obj_arm\os_exception_reset.o
 .debug_aranges
                0x08006bd8       0x20 E:\NeuOrga\Programmieren\c_cpp\github_os\output\os_drivers\obj_arm\os_exception_reset.o
 .debug_str     0x08006bf8       0x50 E:\NeuOrga\Programmieren\c_cpp\github_os\output\os_drivers\obj_arm\os_exception_reset.o
                                 0x96 (size before relaxing)
 .ARM.attributes
                0x08006c48       0x21 E:\NeuOrga\Programmieren\c_cpp\github_os\output\os_drivers\obj_arm\os_exception_reset.o
 os_common.o()
 *fill*         0x08006c69        0x3 
 .text          0x08006c6c      0x8c4 os_common.o
                0x08006c6c                OS_SetSwBug
                0x08006c78                OS_GetCurrentTime
                0x08006c9c                OS_ResetCurrentTime
                0x08006cd8                IntAdd
                0x08006dd4                IntSub
                0x08006f40                IsLess
                0x08006fec                IsLessOrEqual
                0x0800715c                IsEqual
                0x080071e8                IsGreater
                0x08007298                IsGreaterOrEqual
                0x08007408                Assign
                0x08007508                AssignNull
                0x08007514                AssignUint32
 .data          0x08007530        0x0 os_common.o
 .bss           0x08007530        0x0 os_common.o
 .debug_info    0x08007530      0xc93 os_common.o
 .debug_abbrev  0x080081c3      0x26b os_common.o
 .debug_loc     0x0800842e      0xd59 os_common.o
 .debug_aranges
                0x08009187       0x20 os_common.o
 .debug_ranges  0x080091a7       0x80 os_common.o
 .debug_macro   0x08009227       0xba os_common.o
 .debug_line    0x080092e1      0x394 os_common.o
 .debug_str     0x08009675      0x3c7 os_common.o
                               0x3df6 (size before relaxing)
 .comment       0x08009a3c       0x80 os_common.o
 .debug_frame   0x08009a3c      0x1a4 os_common.o
 .ARM.attributes
                0x08009be0       0x33 os_common.o
 os_exception.o()
 *fill*         0x08009c13        0x1 
 .text          0x08009c14      0x404 os_exception.o
                0x08009c14                OS_Exception_HARDFAULT
                0x08009c94                OS_Exception_NMI
                0x08009d14                OS_Exception_SWI
                0x08009d24                OS_Exception_BUS_FAULT
                0x08009da4                OS_Exception_DEBUG
                0x08009e18                OS_Exception_MEM_MANAG_FAULT
                0x08009e98                OS_Exception_USAGE_FAULT
                0x08009f18                OS_Exception_PendSV
                0x08009f20                OS_Exception_Systick
                0x0800a010                OS_Exception_IRQ
                0x0800a014                OS_Exception_FIQ
 .data          0x0800a018        0x0 os_exception.o
 .bss           0x0800a018        0x0 os_exception.o
 .debug_info    0x0800a018      0x9af os_exception.o
 .debug_abbrev  0x0800a9c7      0x1c9 os_exception.o
 .debug_loc     0x0800ab90       0x2a os_exception.o
 .debug_aranges
                0x0800abba       0x20 os_exception.o
 .debug_macro   0x0800abda      0x13b os_exception.o
 .debug_macro   0x0800ad15      0xa3c os_exception.o
 .debug_macro   0x0800b751       0x1c os_exception.o
 .debug_macro   0x0800b76d       0x28 os_exception.o
 .debug_line    0x0800b795      0x2cf os_exception.o
 .debug_str     0x0800ba64      0x701 os_exception.o
                               0x40fb (size before relaxing)
 .comment       0x0800c165       0x80 os_exception.o
 *fill*         0x0800c165        0x3 
 .debug_frame   0x0800c168      0x138 os_exception.o
 .ARM.attributes
                0x0800c2a0       0x33 os_exception.o
 os_exception_isr_handler.o()
 *fill*         0x0800c2d3        0x1 
 .text          0x0800c2d4        0x4 os_exception_isr_handler.o
                0x0800c2d4                OS_ISRHANDLERC0
 .data          0x0800c2d8        0x0 os_exception_isr_handler.o
 .bss           0x0800c2d8        0x0 os_exception_isr_handler.o
 .debug_info    0x0800c2d8      0x6ee os_exception_isr_handler.o
 .debug_abbrev  0x0800c9c6      0x108 os_exception_isr_handler.o
 .debug_aranges
                0x0800cace       0x20 os_exception_isr_handler.o
 .debug_macro   0x0800caee       0xab os_exception_isr_handler.o
 .debug_line    0x0800cb99      0x20d os_exception_isr_handler.o
 .debug_str     0x0800cda6       0x56 os_exception_isr_handler.o
                               0x3b00 (size before relaxing)
 .comment       0x0800cdfc       0x80 os_exception_isr_handler.o
 .debug_frame   0x0800cdfc       0x20 os_exception_isr_handler.o
 .ARM.attributes
                0x0800ce1c       0x33 os_exception_isr_handler.o
 os_exception_table.o()
 os_init_task_system.o()
 *fill*         0x0800ce4f        0x1 
 .text          0x0800ce50        0x4 os_init_task_system.o
                0x0800ce50                OS_InitTaskSystem
 .data          0x0800ce54        0x0 os_init_task_system.o
 .bss           0x0800ce54        0x0 os_init_task_system.o
 .debug_info    0x0800ce54      0x707 os_init_task_system.o
 .debug_abbrev  0x0800d55b      0x129 os_init_task_system.o
 .debug_aranges
                0x0800d684       0x20 os_init_task_system.o
 .debug_macro   0x0800d6a4       0xb1 os_init_task_system.o
 .debug_macro   0x0800d755       0x22 os_init_task_system.o
 .debug_line    0x0800d777      0x208 os_init_task_system.o
 .debug_str     0x0800d97f       0x70 os_init_task_system.o
                               0x3b0a (size before relaxing)
 .comment       0x0800d9ef       0x80 os_init_task_system.o
 *fill*         0x0800d9ef        0x1 
 .debug_frame   0x0800d9f0       0x20 os_init_task_system.o
 .ARM.attributes
                0x0800da10       0x33 os_init_task_system.o
 os_main.o()
 *fill*         0x0800da43        0x1 
 .text          0x0800da44       0xc8 os_main.o
                0x0800da44                OS_StateHandler
 .data          0x0800db0c        0x0 os_main.o
 .bss           0x0800db0c        0x8 os_main.o
 .debug_info    0x0800db14      0x8ca os_main.o
 .debug_abbrev  0x0800e3de      0x188 os_main.o
 .debug_aranges
                0x0800e566       0x20 os_main.o
 .debug_macro   0x0800e586       0xdc os_main.o
 .debug_line    0x0800e662      0x28c os_main.o
 .debug_str     0x0800e8ee      0x1b1 os_main.o
                               0x3d50 (size before relaxing)
 .comment       0x0800ea9f       0x80 os_main.o
 *fill*         0x0800ea9f        0x1 
 .debug_frame   0x0800eaa0       0x2c os_main.o
 .ARM.attributes
                0x0800eacc       0x33 os_main.o
 os_memory_mmu_setup.o()
 *fill*         0x0800eaff        0x1 
 .text          0x0800eb00       0x5c os_memory_mmu_setup.o
                0x0800eb00                OS_MmuSetup
 .data          0x0800eb5c        0x0 os_memory_mmu_setup.o
 .bss           0x0800eb5c        0x0 os_memory_mmu_setup.o
 .debug_info    0x0800eb5c      0x707 os_memory_mmu_setup.o
 .debug_abbrev  0x0800f263      0x129 os_memory_mmu_setup.o
 .debug_aranges
                0x0800f38c       0x20 os_memory_mmu_setup.o
 .debug_macro   0x0800f3ac       0xf0 os_memory_mmu_setup.o
 .debug_line    0x0800f49c      0x21a os_memory_mmu_setup.o
 .debug_str     0x0800f6b6      0x25d os_memory_mmu_setup.o
                               0x3c87 (size before relaxing)
 .comment       0x0800f913       0x80 os_memory_mmu_setup.o
 *fill*         0x0800f913        0x1 
 .debug_frame   0x0800f914       0x38 os_memory_mmu_setup.o
 .ARM.attributes
                0x0800f94c       0x33 os_memory_mmu_setup.o
 os_shutdown.o()
 *fill*         0x0800f97f        0x1 
 .text          0x0800f980       0x40 os_shutdown.o
                0x0800f980                OS_Shutdown
 .data          0x0800f9c0        0x0 os_shutdown.o
 .bss           0x0800f9c0        0x0 os_shutdown.o
 .debug_info    0x0800f9c0      0x89a os_shutdown.o
 .debug_abbrev  0x0801025a      0x175 os_shutdown.o
 .debug_loc     0x080103cf       0x21 os_shutdown.o
 .debug_aranges
                0x080103f0       0x20 os_shutdown.o
 .debug_macro   0x08010410       0xb2 os_shutdown.o
 .debug_line    0x080104c2      0x210 os_shutdown.o
 .debug_str     0x080106d2      0x10a os_shutdown.o
                               0x3d24 (size before relaxing)
 .comment       0x080107dc       0x80 os_shutdown.o
 .debug_frame   0x080107dc       0x2c os_shutdown.o
 .ARM.attributes
                0x08010808       0x33 os_shutdown.o
 os_start_ext_prg.o()
 *fill*         0x0801083b        0x1 
 .text          0x0801083c       0x10 os_start_ext_prg.o
                0x0801083c                OS_StartExtPrg
 .data          0x0801084c        0x0 os_start_ext_prg.o
 .bss           0x0801084c        0x0 os_start_ext_prg.o
 .debug_info    0x0801084c      0x781 os_start_ext_prg.o
 .debug_abbrev  0x08010fcd      0x16b os_start_ext_prg.o
 .debug_loc     0x08011138       0x79 os_start_ext_prg.o
 .debug_aranges
                0x080111b1       0x20 os_start_ext_prg.o
 .debug_macro   0x080111d1       0x9e os_start_ext_prg.o
 .debug_line    0x0801126f      0x1e0 os_start_ext_prg.o
 .debug_str     0x0801144f       0x81 os_start_ext_prg.o
                               0x3ad5 (size before relaxing)
 .comment       0x080114d0       0x80 os_start_ext_prg.o
 .debug_frame   0x080114d0       0x30 os_start_ext_prg.o
 .ARM.attributes
                0x08011500       0x33 os_start_ext_prg.o
 os_start_init_hw.o()
 *fill*         0x08011533        0x1 
 .text          0x08011534        0x4 os_start_init_hw.o
                0x08011534                OS_InitHw
 .data          0x08011538        0x0 os_start_init_hw.o
 .bss           0x08011538        0x0 os_start_init_hw.o
 .debug_info    0x08011538      0x6ee os_start_init_hw.o
 .debug_abbrev  0x08011c26      0x108 os_start_init_hw.o
 .debug_aranges
                0x08011d2e       0x20 os_start_init_hw.o
 .debug_macro   0x08011d4e       0x9e os_start_init_hw.o
 .debug_line    0x08011dec      0x1da os_start_init_hw.o
 .debug_str     0x08011fc6       0x4e os_start_init_hw.o
                               0x3a82 (size before relaxing)
 .comment       0x08012014       0x80 os_start_init_hw.o
 .debug_frame   0x08012014       0x20 os_start_init_hw.o
 .ARM.attributes
                0x08012034       0x33 os_start_init_hw.o
 os_start_init_mc.o()
 *fill*         0x08012067        0x1 
 .text          0x08012068        0x4 os_start_init_mc.o
                0x08012068                OS_InitMc
 .data          0x0801206c        0x0 os_start_init_mc.o
 .bss           0x0801206c        0x0 os_start_init_mc.o
 .debug_info    0x0801206c      0x707 os_start_init_mc.o
 .debug_abbrev  0x08012773      0x129 os_start_init_mc.o
 .debug_aranges
                0x0801289c       0x20 os_start_init_mc.o
 .debug_macro   0x080128bc       0xb2 os_start_init_mc.o
 .debug_line    0x0801296e      0x209 os_start_init_mc.o
 .debug_str     0x08012b77       0x4e os_start_init_mc.o
                               0x3abd (size before relaxing)
 .comment       0x08012bc5       0x80 os_start_init_mc.o
 *fill*         0x08012bc5        0x3 
 .debug_frame   0x08012bc8       0x20 os_start_init_mc.o
 .ARM.attributes
                0x08012be8       0x33 os_start_init_mc.o
 os_start_init_sw.o()
 *fill*         0x08012c1b        0x1 
 .text          0x08012c1c       0x64 os_start_init_sw.o
                0x08012c1c                OS_InitSw
 .data          0x08012c80        0x0 os_start_init_sw.o
 .bss           0x08012c80        0x0 os_start_init_sw.o
 .debug_info    0x08012c80      0x714 os_start_init_sw.o
 .debug_abbrev  0x08013394      0x135 os_start_init_sw.o
 .debug_loc     0x080134c9       0xbc os_start_init_sw.o
 .debug_aranges
                0x08013585       0x20 os_start_init_sw.o
 .debug_macro   0x080135a5       0x9e os_start_init_sw.o
 .debug_line    0x08013643      0x1ee os_start_init_sw.o
 .debug_str     0x08013831       0x4e os_start_init_sw.o
                               0x3a94 (size before relaxing)
 .comment       0x0801387f       0x80 os_start_init_sw.o
 *fill*         0x0801387f        0x1 
 .debug_frame   0x08013880       0x30 os_start_init_sw.o
 .ARM.attributes
                0x080138b0       0x33 os_start_init_sw.o
 os_start_os.o()
 *fill*         0x080138e3        0x1 
 .text          0x080138e4       0x70 os_start_os.o
                0x080138e4                OS_StartOs
 .data          0x08013954        0x0 os_start_os.o
 .bss           0x08013954        0x0 os_start_os.o
 .debug_info    0x08013954      0x707 os_start_os.o
 .debug_abbrev  0x0801405b      0x129 os_start_os.o
 .debug_aranges
                0x08014184       0x20 os_start_os.o
 .debug_macro   0x080141a4       0xca os_start_os.o
 .debug_line    0x0801426e      0x213 os_start_os.o
 .debug_str     0x08014481      0x233 os_start_os.o
                               0x3c7d (size before relaxing)
 .comment       0x080146b4       0x80 os_start_os.o
 .debug_frame   0x080146b4       0x3c os_start_os.o
 .ARM.attributes
                0x080146f0       0x33 os_start_os.o
 os_task_common.o()
 *fill*         0x08014723        0x1 
 .text          0x08014724       0xe0 os_task_common.o
                0x08014724                OS_TaskSaveTaskEnvironment
                0x0801474c                OS_TASK_RESTORETASK_ENVIRONMENT
                0x0801476c                OS_TASK_RESTORE_SYSTEM_STACK
                0x08014770                OS_TASK_SAVE_SYSTEM_STACK
                0x08014774                OS_Task_InitTaskEnvironment
 .data          0x08014804        0x0 os_task_common.o
 .bss           0x08014804        0x0 os_task_common.o
 .debug_info    0x08014804      0x98b os_task_common.o
 .debug_abbrev  0x0801518f      0x187 os_task_common.o
 .debug_loc     0x08015316      0x10e os_task_common.o
 .debug_aranges
                0x08015424       0x20 os_task_common.o
 .debug_macro   0x08015444       0xaf os_task_common.o
 .debug_line    0x080154f3      0x251 os_task_common.o
 .debug_str     0x08015744      0x136 os_task_common.o
                               0x3da9 (size before relaxing)
 .comment       0x0801587a       0x80 os_task_common.o
 *fill*         0x0801587a        0x2 
 .debug_frame   0x0801587c       0x9c os_task_common.o
 .ARM.attributes
                0x08015918       0x33 os_task_common.o
 *fill*         0x0801594b        0x1 
 COMMON         0x0801594c       0x28 os_task_common.o
                0x0801594c                TASK_PTR
 os_task_queue.o()
 .text          0x08015974      0x5f8 os_task_queue.o
                0x08015974                SET_RUNNING_TASK
                0x08015ab0                OS_InitTaskQueue
                0x08015af0                AddToTaskQueue
                0x08015cac                DeleteFromTaskQueue
                0x08015d24                GetFromTaskQueue
                0x08015d28                GetFromSchedulingQueue
                0x08015d34                DeleteFromSchedulingQueue
                0x08015d3c                AddToSchedulingQueue
                0x08015d94                GetIdleTask
                0x08015d9c                AddToIdleTaskQueue
                0x08015ec0                GetRunningTask
                0x08015ec8                GetRunningSchedulingQueueElementPtr
                0x08015ed4                OS_InitTask
 .data          0x08015f6c        0x0 os_task_queue.o
 .bss           0x08015f6c        0x0 os_task_queue.o
 .debug_info    0x08015f6c      0xd51 os_task_queue.o
 .debug_abbrev  0x08016cbd      0x1ef os_task_queue.o
 .debug_loc     0x08016eac      0x534 os_task_queue.o
 .debug_aranges
                0x080173e0       0x20 os_task_queue.o
 .debug_macro   0x08017400       0xb4 os_task_queue.o
 .debug_line    0x080174b4      0x361 os_task_queue.o
 .debug_str     0x08017815      0x1d8 os_task_queue.o
                               0x3f1a (size before relaxing)
 .comment       0x080179ed       0x80 os_task_queue.o
 *fill*         0x080179ed        0x3 
 .debug_frame   0x080179f0      0x17c os_task_queue.o
 .ARM.attributes
                0x08017b6c       0x33 os_task_queue.o
 os_task_scheduler.o()
 *fill*         0x08017b9f        0x1 
 .text          0x08017ba0      0x6e8 os_task_scheduler.o
                0x08017d0c                OS_ActivateDispatcher
                0x08017d40                OS_SleepTask
                0x08017dc8                task_state_request
                0x08017e4c                OS_CreateTask
                0x08017e80                OS_ActivateTask
                0x08017ef4                OS_StartTask
                0x08017f88                OS_TerminateTask
                0x08017ff8                OS_TaskDispatcher
                0x0801818c                OS_InitTasks
 .data          0x08018288        0x0 os_task_scheduler.o
 .bss           0x08018288        0x0 os_task_scheduler.o
 .debug_info    0x08018288     0x157f os_task_scheduler.o
 .debug_abbrev  0x08019807      0x354 os_task_scheduler.o
 .debug_loc     0x08019b5b      0x92c os_task_scheduler.o
 .debug_aranges
                0x0801a487       0x20 os_task_scheduler.o
 .debug_ranges  0x0801a4a7       0xc8 os_task_scheduler.o
 .debug_macro   0x0801a56f       0xe0 os_task_scheduler.o
 .debug_line    0x0801a64f      0x434 os_task_scheduler.o
 .debug_str     0x0801aa83      0x144 os_task_scheduler.o
                               0x41d5 (size before relaxing)
 .comment       0x0801abc7       0x80 os_task_scheduler.o
 *fill*         0x0801abc7        0x1 
 .debug_frame   0x0801abc8      0x30c os_task_scheduler.o
 .ARM.attributes
                0x0801aed4       0x33 os_task_scheduler.o
 os_stack.o()
 *fill*         0x0801af07        0x1 
 .text          0x0801af08      0x11c os_stack.o
                0x0801af08                OS_StackCheck
                0x0801affc                OS_StackChkPatternInit
 .data          0x0801b024        0x0 os_stack.o
 .bss           0x0801b024        0xc os_stack.o
 .debug_info    0x0801b030      0x841 os_stack.o
 .debug_abbrev  0x0801b871      0x18d os_stack.o
 .debug_loc     0x0801b9fe       0x2c os_stack.o
 .debug_aranges
                0x0801ba2a       0x20 os_stack.o
 .debug_macro   0x0801ba4a       0x9e os_stack.o
 .debug_line    0x0801bae8      0x21f os_stack.o
 .debug_str     0x0801bd07       0x9a os_stack.o
                               0x3c64 (size before relaxing)
 .comment       0x0801bda1       0x80 os_stack.o
 *fill*         0x0801bda1        0x3 
 .debug_frame   0x0801bda4       0x5c os_stack.o
 .ARM.attributes
                0x0801be00       0x33 os_stack.o
 os_heap.o()
 *fill*         0x0801be33        0x1 
 .text          0x0801be34        0x0 os_heap.o
 .data          0x0801be34        0x0 os_heap.o
 .bss           0x0801be34        0x0 os_heap.o
 .debug_info    0x0801be34      0x6d5 os_heap.o
 .debug_abbrev  0x0801c509       0xec os_heap.o
 .debug_aranges
                0x0801c5f5       0x18 os_heap.o
 .debug_macro   0x0801c60d       0xa2 os_heap.o
 .debug_line    0x0801c6af      0x1c3 os_heap.o
 .debug_str     0x0801c872       0x45 os_heap.o
                               0x3a6f (size before relaxing)
 .comment       0x0801c8b7       0x80 os_heap.o
 .ARM.attributes
                0x0801c8b7       0x33 os_heap.o
 led.o()
 *fill*         0x0801c8ea        0x2 
 .text          0x0801c8ec       0x10 led.o
                0x0801c8ec                USER_LED_INIT
                0x0801c8f0                USER_LED_ON
                0x0801c8f4                USER_LED_OFF
                0x0801c8f8                USER_LED_TOGGLE
 .data          0x0801c8fc        0x0 led.o
 .bss           0x0801c8fc        0x0 led.o
 .debug_info    0x0801c8fc      0x784 led.o
 .debug_abbrev  0x0801d080      0x14b led.o
 .debug_loc     0x0801d1cb       0x21 led.o
 .debug_aranges
                0x0801d1ec       0x20 led.o
 .debug_ranges  0x0801d20c       0x10 led.o
 .debug_macro   0x0801d21c       0xa2 led.o
 .debug_line    0x0801d2be      0x1c5 led.o
 .debug_str     0x0801d483       0x97 led.o
                               0x3ac1 (size before relaxing)
 .comment       0x0801d51a       0x80 led.o
 *fill*         0x0801d51a        0x2 
 .debug_frame   0x0801d51c       0x50 led.o
 .ARM.attributes
                0x0801d56c       0x33 led.o
                0x0801d59f                _code_end = .
                [!provide]                PROVIDE (code_start = .)
                [!provide]                PROVIDE (code_end = .)
 *fill*         0x0801d59f        0x1 
 .text          0x0801d5a0        0x0 d:/programm/gnu tools arm embedded/7 2018-q2-update/bin/../lib/gcc/arm-none-eabi/7.3.1/../../../../arm-none-eabi/lib/thumb/v7e-m\libg.a(lib_a-memset.o)

.glue_7         0x0801d5a0        0x0
 .glue_7        0x0801d5a0        0x0 linker stubs

.glue_7t        0x0801d5a0        0x0
 .glue_7t       0x0801d5a0        0x0 linker stubs

.vfp11_veneer   0x0801d5a0        0x0
 .vfp11_veneer  0x0801d5a0        0x0 linker stubs

.v4_bx          0x0801d5a0        0x0
 .v4_bx         0x0801d5a0        0x0 linker stubs

.text.memset    0x0801d5a0       0x94
 .text.memset   0x0801d5a0       0x94 d:/programm/gnu tools arm embedded/7 2018-q2-update/bin/../lib/gcc/arm-none-eabi/7.3.1/../../../../arm-none-eabi/lib/thumb/v7e-m\libg.a(lib_a-memset.o)
                0x0801d5a0                memset

.data           0x20000000     0xc8dc
                0x20000000                _ram_start = .
 os_ram.o()
 .text          0x20000000        0x0 os_ram.o
 .data          0x20000000        0x0 os_ram.o
 .bss           0x20000000        0x0 os_ram.o
 .debug_info    0x20000000      0xa19 os_ram.o
 .debug_abbrev  0x20000a19      0x10a os_ram.o
 .debug_aranges
                0x20000b23       0x18 os_ram.o
 .debug_macro   0x20000b3b       0xa6 os_ram.o
 .debug_line    0x20000be1      0x1dd os_ram.o
 .debug_str     0x20000dbe     0x3aaf os_ram.o
                               0x3b32 (size before relaxing)
 .comment       0x2000486d       0x7f os_ram.o
                                 0x80 (size before relaxing)
 .ARM.attributes
                0x200048ec       0x33 os_ram.o
 *fill*         0x2000491f        0x1 
 COMMON         0x20004920     0x60ac os_ram.o
                0x20004920                TASK_STACK
                0x20009740                VAR_MEM_MANAG_FAULT_STATUS_REG
                0x20009744                REGISTER_R2
                0x20009748                TASK_GROUP_3
                0x20009768                RAM_CHECK_FAILURE_ADDR
                0x2000976c                REGISTER_R0
                0x20009770                OS_STACK
                0x20009970                REGISTER_R6
                0x20009974                REGISTER_R7
                0x20009978                DBG_CALIB_VALUE
                0x2000997c                OS_STATE
                0x20009980                TASK_IDLE_QUEUE
                0x20009a50                REGISTER_R9
                0x20009a54                TASK1_CALL_NR
                0x20009a58                bTASK_QUEUE_INITIALIZED
                0x20009a5c                BACKUP_SYSTICK_CURRENT_VAL_REG
                0x20009a60                TASK2_CALL_NR
                0x20009a64                LAST_CURRENT_TIME
                0x20009a74                LINK_REGISTER_HANDLER
                0x20009a78                VAR_AUX_FAULT_STATUS_REG
                0x20009a7c                REGISTER_R8
                0x20009a80                TASK_3_VAR
                0x20009b50                CRITICAL_POS
                0x20009b54                TASK_0_VAR
                0x20009c24                TASK4_CALL_NR
                0x20009c28                TASK_GROUP_2
                0x20009c48                REGISTER_R5
                0x20009c4c                OS_MAIN_STACK
                0x20009e4c                SAVED_STACK_POINTER
                0x20009e50                DBG_RLD_VALUE
                0x20009e54                REGISTER_R4
                0x20009e58                RUNNING_TASK
                0x20009f28                TASK_RUN_QUEUE
                0x2000a748                CRITICAL_ADDR
                0x2000a74c                VAR_HARDFAULT_STATUS_REG
                0x2000a750                RUNNING_SCHEDULING_QUEUE_ENTRY
                0x2000a754                TASK_GROUP_5
                0x2000a774                REGISTER_R1
                0x2000a778                DBG_CTRL_VALUE
                0x2000a77c                TASK_2_VAR
                0x2000a84c                VAR_BUS_FAULT_STATUS_REG
                0x2000a850                CRITICAL_STACK_USAGE_PERCENT
                0x2000a854                RAM_CHECK_FAILURE_DETECTED
                0x2000a858                REGISTER_R10
                0x2000a85c                DBG_CURR_VAL
                0x2000a860                TASK_GROUP_1
                0x2000a880                VAR_FAULT_STATUS_REG
                0x2000a884                TASK_GROUP_4
                0x2000a8a4                REGISTER_R11
                0x2000a8a8                TASK_TRANSITION_REJECTED_STATE
                0x2000a8a9                TASK_TRANSITION_CURRENT_STATE
                0x2000a8ac                REGISTER_R3
                0x2000a8b0                TASK_SCHEDULING_QUEUE
                0x2000a8d8                TASK3_CALL_NR
                0x2000a8dc                VAR_MEM_FAULT_ADDR_REG
                0x2000a8e0                VAR_USAGE_FAULT_STATUS_REG
                0x2000a8e4                VAR_BUS_FAULT_ADDR_REG
                0x2000a8e8                TASK_TRANSITION_REJECTED_TASK_ADDR
                0x2000a8ec                OS_SW_BUG
                0x2000a8fc                TASK_1_VAR
 os_shared_ram.o()
 .text          0x2000a9cc        0x0 os_shared_ram.o
 .data          0x2000a9cc        0x0 os_shared_ram.o
 .bss           0x2000a9cc        0x0 os_shared_ram.o
 .debug_info    0x2000a9cc      0x7f5 os_shared_ram.o
 .debug_abbrev  0x2000b1c1       0xfd os_shared_ram.o
 .debug_aranges
                0x2000b2be       0x18 os_shared_ram.o
 .debug_macro   0x2000b2d6       0xfe os_shared_ram.o
 .debug_line    0x2000b3d4      0x1c9 os_shared_ram.o
 .debug_str     0x2000b59d      0x30b os_shared_ram.o
                               0x3d35 (size before relaxing)
 .comment       0x2000b8a8       0x80 os_shared_ram.o
 .ARM.attributes
                0x2000b8a8       0x33 os_shared_ram.o
 *fill*         0x2000b8db        0x1 
 COMMON         0x2000b8dc     0x1000 os_shared_ram.o
                0x2000b8dc                RAM_BLOCK_C01_C01
                0x2000b9dc                RAM_BLOCK_C01_C00
                0x2000badc                RAM_BLOCK_C00_C00
                0x2000bbdc                RAM_BLOCK_C01_C03
                0x2000bcdc                RAM_BLOCK_C03_C01
                0x2000bddc                RAM_BLOCK_C00_C01
                0x2000bedc                RAM_BLOCK_C02_C01
                0x2000bfdc                RAM_BLOCK_C01_C02
                0x2000c0dc                RAM_BLOCK_C03_C00
                0x2000c1dc                RAM_BLOCK_C02_C00
                0x2000c2dc                RAM_BLOCK_C02_C02
                0x2000c3dc                RAM_BLOCK_C03_C03
                0x2000c4dc                RAM_BLOCK_C03_C02
                0x2000c5dc                RAM_BLOCK_C00_C03
                0x2000c6dc                RAM_BLOCK_C00_C02
                0x2000c7dc                RAM_BLOCK_C02_C03
                0x2000c8dc                _ram_end = .
                [!provide]                PROVIDE (ram_start = .)
                [!provide]                PROVIDE (ram_end = .)
 .data          0x2000c8dc        0x0 d:/programm/gnu tools arm embedded/7 2018-q2-update/bin/../lib/gcc/arm-none-eabi/7.3.1/../../../../arm-none-eabi/lib/thumb/v7e-m\libg.a(lib_a-memset.o)
START GROUP
LOAD d:/programm/gnu tools arm embedded/7 2018-q2-update/bin/../lib/gcc/arm-none-eabi/7.3.1/thumb/v7e-m\libgcc.a
LOAD d:/programm/gnu tools arm embedded/7 2018-q2-update/bin/../lib/gcc/arm-none-eabi/7.3.1/../../../../arm-none-eabi/lib/thumb/v7e-m\libg.a
LOAD d:/programm/gnu tools arm embedded/7 2018-q2-update/bin/../lib/gcc/arm-none-eabi/7.3.1/../../../../arm-none-eabi/lib/thumb/v7e-m\libc.a
END GROUP
OUTPUT(E:\NeuOrga\Programmieren\c_cpp\github_os\output\VERSION_ARM\operating_system.elf elf32-littlearm)

.bss            0x2000c8dc        0x0
 .bss           0x2000c8dc        0x0 d:/programm/gnu tools arm embedded/7 2018-q2-update/bin/../lib/gcc/arm-none-eabi/7.3.1/../../../../arm-none-eabi/lib/thumb/v7e-m\libg.a(lib_a-memset.o)

.ARM.attributes
                0x00000000       0x31
 .ARM.attributes
                0x00000000       0x2e d:/programm/gnu tools arm embedded/7 2018-q2-update/bin/../lib/gcc/arm-none-eabi/7.3.1/../../../../arm-none-eabi/lib/thumb/v7e-m\libg.a(lib_a-memset.o)

.debug_frame    0x00000000       0x38
 .debug_frame   0x00000000       0x38 d:/programm/gnu tools arm embedded/7 2018-q2-update/bin/../lib/gcc/arm-none-eabi/7.3.1/../../../../arm-none-eabi/lib/thumb/v7e-m\libg.a(lib_a-memset.o)
