Archive member included because of file (symbol)

d:/programm/gnu tools arm embedded/4.9 2015q1/bin/../lib/gcc/arm-none-eabi/4.9.3/armv7e-m\libgcc.a(_arm_addsubdf3.o)
                              os_task_scheduler.o (__aeabi_ui2d)
d:/programm/gnu tools arm embedded/4.9 2015q1/bin/../lib/gcc/arm-none-eabi/4.9.3/armv7e-m\libgcc.a(_arm_cmpdf2.o)
                              os_task_scheduler.o (__aeabi_dcmpgt)

Allocating common symbols
Common symbol       size              file

RAM_BLOCK_C01_C01   0x100             os_shared_ram.o
VAR_MEM_MANAG_FAULT_STATUS_REG
                    0x4               os_ram.o
REGISTER_R2         0x4               os_task_common.o
REGISTER_R0         0x4               os_task_common.o
OS_STACK            0x100             os_ram.o
RAM_BLOCK_C01_C00   0x100             os_shared_ram.o
RAM_BLOCK_C00_C00   0x100             os_shared_ram.o
OS_STATE            0x4               os_ram.o
BACKUP_SYSTICK_CURRENT_VAL_REG
                    0x4               os_ram.o
RAM_BLOCK_C01_C03   0x100             os_shared_ram.o
LINK_REGISTER_HANDLER
                    0x4               os_ram.o
VAR_AUX_FAULT_STATUS_REG
                    0x4               os_ram.o
RAM_BLOCK_C03_C01   0x100             os_shared_ram.o
RAM_BLOCK_C00_C01   0x100             os_shared_ram.o
TASK_PTR            0x14              os_task_common.o
OS_MAIN_STACK       0x100             os_ram.o
RAM_BLOCK_C02_C01   0x100             os_shared_ram.o
RAM_BLOCK_C01_C02   0x100             os_shared_ram.o
VAR_HARDFAULT_STATUS_REG
                    0x4               os_ram.o
RAM_BLOCK_C03_C00   0x100             os_shared_ram.o
REGISTER_R1         0x4               os_task_common.o
RAM_BLOCK_C02_C00   0x100             os_shared_ram.o
VAR_BUS_FAULT_STATUS_REG
                    0x4               os_ram.o
RAM_BLOCK_C02_C02   0x100             os_shared_ram.o
RAM_BLOCK_C03_C03   0x100             os_shared_ram.o
RAM_BLOCK_C03_C02   0x100             os_shared_ram.o
RAM_BLOCK_C00_C03   0x100             os_shared_ram.o
HEAP                0x2710            os_ram.o
VAR_FAULT_STATUS_REG
                    0x4               os_ram.o
REGISTER_R3         0x4               os_task_common.o
VAR_MEM_FAULT_ADDR_REG
                    0x4               os_ram.o
VAR_USAGE_FAULT_STATUS_REG
                    0x4               os_ram.o
VAR_BUS_FAULT_ADDR_REG
                    0x4               os_ram.o
RAM_BLOCK_C00_C02   0x100             os_shared_ram.o
RAM_BLOCK_C02_C03   0x100             os_shared_ram.o

Discarded input sections

 .group         0x00000000        0x8 os_exception_table.o
 .group         0x00000000        0x8 os_exception_table.o
 .group         0x00000000        0x8 os_exception_table.o
 .group         0x00000000        0x8 os_exception_table.o
 .group         0x00000000        0x8 os_exception_table.o
 .group         0x00000000        0x8 os_exception_table.o
 .group         0x00000000        0x8 os_exception_table.o
 .group         0x00000000        0x8 os_exception_table.o
 .group         0x00000000        0x8 os_exception_table.o
 .group         0x00000000        0x8 os_const.o
 .group         0x00000000        0x8 os_const.o
 .group         0x00000000        0x8 os_const.o
 .group         0x00000000        0x8 os_const.o
 .group         0x00000000        0x8 os_const.o
 .group         0x00000000        0x8 os_const.o
 .group         0x00000000        0x8 os_const.o
 .group         0x00000000        0x8 os_const.o
 .debug_macro   0x00000000      0x86e os_const.o
 .debug_macro   0x00000000       0x4c os_const.o
 .debug_macro   0x00000000       0x8e os_const.o
 .debug_macro   0x00000000       0x16 os_const.o
 .debug_macro   0x00000000       0x28 os_const.o
 .debug_macro   0x00000000       0x1c os_const.o
 .debug_macro   0x00000000       0x46 os_const.o
 .debug_macro   0x00000000       0x10 os_const.o
 .group         0x00000000        0x8 os_common.o
 .group         0x00000000        0x8 os_common.o
 .group         0x00000000        0x8 os_common.o
 .group         0x00000000        0x8 os_common.o
 .group         0x00000000        0x8 os_common.o
 .group         0x00000000        0x8 os_common.o
 .group         0x00000000        0x8 os_common.o
 .group         0x00000000        0x8 os_common.o
 .debug_macro   0x00000000      0x86e os_common.o
 .debug_macro   0x00000000       0x4c os_common.o
 .debug_macro   0x00000000       0x8e os_common.o
 .debug_macro   0x00000000       0x16 os_common.o
 .debug_macro   0x00000000       0x28 os_common.o
 .debug_macro   0x00000000       0x1c os_common.o
 .debug_macro   0x00000000       0x46 os_common.o
 .debug_macro   0x00000000       0x10 os_common.o
 .group         0x00000000        0x8 os_driver_hook.o
 .group         0x00000000        0x8 os_driver_hook.o
 .group         0x00000000        0x8 os_driver_hook.o
 .group         0x00000000        0x8 os_driver_hook.o
 .group         0x00000000        0x8 os_driver_hook.o
 .group         0x00000000        0x8 os_driver_hook.o
 .group         0x00000000        0x8 os_driver_hook.o
 .group         0x00000000        0x8 os_driver_hook.o
 .debug_macro   0x00000000      0x86e os_driver_hook.o
 .debug_macro   0x00000000       0x4c os_driver_hook.o
 .debug_macro   0x00000000       0x8e os_driver_hook.o
 .debug_macro   0x00000000       0x16 os_driver_hook.o
 .debug_macro   0x00000000       0x28 os_driver_hook.o
 .debug_macro   0x00000000       0x1c os_driver_hook.o
 .debug_macro   0x00000000       0x46 os_driver_hook.o
 .debug_macro   0x00000000       0x10 os_driver_hook.o
 .group         0x00000000        0x8 os_exception.o
 .group         0x00000000        0x8 os_exception.o
 .group         0x00000000        0x8 os_exception.o
 .group         0x00000000        0x8 os_exception.o
 .group         0x00000000        0x8 os_exception.o
 .group         0x00000000        0x8 os_exception.o
 .group         0x00000000        0x8 os_exception.o
 .group         0x00000000        0x8 os_exception.o
 .group         0x00000000        0x8 os_exception.o
 .debug_macro   0x00000000       0x4c os_exception.o
 .debug_macro   0x00000000       0x8e os_exception.o
 .debug_macro   0x00000000       0x16 os_exception.o
 .debug_macro   0x00000000       0x28 os_exception.o
 .debug_macro   0x00000000       0x1c os_exception.o
 .debug_macro   0x00000000       0x46 os_exception.o
 .debug_macro   0x00000000       0x10 os_exception.o
 .debug_macro   0x00000000       0x10 os_exception.o
 .group         0x00000000        0x8 os_exception_isr_handler.o
 .group         0x00000000        0x8 os_exception_isr_handler.o
 .group         0x00000000        0x8 os_exception_isr_handler.o
 .group         0x00000000        0x8 os_exception_isr_handler.o
 .group         0x00000000        0x8 os_exception_isr_handler.o
 .group         0x00000000        0x8 os_exception_isr_handler.o
 .group         0x00000000        0x8 os_exception_isr_handler.o
 .group         0x00000000        0x8 os_exception_isr_handler.o
 .group         0x00000000        0x8 os_exception_isr_handler.o
 .debug_macro   0x00000000      0x86e os_exception_isr_handler.o
 .debug_macro   0x00000000       0x4c os_exception_isr_handler.o
 .debug_macro   0x00000000       0x8e os_exception_isr_handler.o
 .debug_macro   0x00000000       0x16 os_exception_isr_handler.o
 .debug_macro   0x00000000       0x28 os_exception_isr_handler.o
 .debug_macro   0x00000000       0x1c os_exception_isr_handler.o
 .debug_macro   0x00000000       0x46 os_exception_isr_handler.o
 .debug_macro   0x00000000       0x10 os_exception_isr_handler.o
 .group         0x00000000        0x8 os_init_task_system.o
 .group         0x00000000        0x8 os_init_task_system.o
 .group         0x00000000        0x8 os_init_task_system.o
 .group         0x00000000        0x8 os_init_task_system.o
 .group         0x00000000        0x8 os_init_task_system.o
 .group         0x00000000        0x8 os_init_task_system.o
 .group         0x00000000        0x8 os_init_task_system.o
 .group         0x00000000        0x8 os_init_task_system.o
 .group         0x00000000        0x8 os_init_task_system.o
 .debug_macro   0x00000000      0x86e os_init_task_system.o
 .debug_macro   0x00000000       0x4c os_init_task_system.o
 .debug_macro   0x00000000       0x8e os_init_task_system.o
 .debug_macro   0x00000000       0x16 os_init_task_system.o
 .debug_macro   0x00000000       0x28 os_init_task_system.o
 .debug_macro   0x00000000       0x1c os_init_task_system.o
 .debug_macro   0x00000000       0x46 os_init_task_system.o
 .debug_macro   0x00000000       0x10 os_init_task_system.o
 .group         0x00000000        0x8 os_main.o
 .group         0x00000000        0x8 os_main.o
 .group         0x00000000        0x8 os_main.o
 .group         0x00000000        0x8 os_main.o
 .group         0x00000000        0x8 os_main.o
 .group         0x00000000        0x8 os_main.o
 .group         0x00000000        0x8 os_main.o
 .group         0x00000000        0x8 os_main.o
 .group         0x00000000        0x8 os_main.o
 .debug_macro   0x00000000      0x86e os_main.o
 .debug_macro   0x00000000       0x4c os_main.o
 .debug_macro   0x00000000       0x8e os_main.o
 .debug_macro   0x00000000       0x16 os_main.o
 .debug_macro   0x00000000       0x28 os_main.o
 .debug_macro   0x00000000       0x1c os_main.o
 .debug_macro   0x00000000       0x46 os_main.o
 .debug_macro   0x00000000       0x10 os_main.o
 .debug_macro   0x00000000       0x28 os_main.o
 .group         0x00000000        0x8 os_memory_mmu_setup.o
 .group         0x00000000        0x8 os_memory_mmu_setup.o
 .group         0x00000000        0x8 os_memory_mmu_setup.o
 .group         0x00000000        0x8 os_memory_mmu_setup.o
 .group         0x00000000        0x8 os_memory_mmu_setup.o
 .group         0x00000000        0x8 os_memory_mmu_setup.o
 .group         0x00000000        0x8 os_memory_mmu_setup.o
 .group         0x00000000        0x8 os_memory_mmu_setup.o
 .debug_macro   0x00000000      0x86e os_memory_mmu_setup.o
 .debug_macro   0x00000000       0x4c os_memory_mmu_setup.o
 .debug_macro   0x00000000       0x8e os_memory_mmu_setup.o
 .debug_macro   0x00000000       0x16 os_memory_mmu_setup.o
 .debug_macro   0x00000000       0x28 os_memory_mmu_setup.o
 .debug_macro   0x00000000       0x1c os_memory_mmu_setup.o
 .debug_macro   0x00000000       0x46 os_memory_mmu_setup.o
 .debug_macro   0x00000000       0x10 os_memory_mmu_setup.o
 .group         0x00000000        0x8 os_rte_common.o
 .group         0x00000000        0x8 os_rte_common.o
 .group         0x00000000        0x8 os_rte_common.o
 .group         0x00000000        0x8 os_rte_common.o
 .group         0x00000000        0x8 os_rte_common.o
 .group         0x00000000        0x8 os_rte_common.o
 .group         0x00000000        0x8 os_rte_common.o
 .group         0x00000000        0x8 os_rte_common.o
 .debug_macro   0x00000000      0x86e os_rte_common.o
 .debug_macro   0x00000000       0x4c os_rte_common.o
 .debug_macro   0x00000000       0x8e os_rte_common.o
 .debug_macro   0x00000000       0x16 os_rte_common.o
 .debug_macro   0x00000000       0x28 os_rte_common.o
 .debug_macro   0x00000000       0x1c os_rte_common.o
 .debug_macro   0x00000000       0x46 os_rte_common.o
 .debug_macro   0x00000000       0x10 os_rte_common.o
 .group         0x00000000        0x8 os_rte_icc.o
 .group         0x00000000        0x8 os_rte_icc.o
 .group         0x00000000        0x8 os_rte_icc.o
 .group         0x00000000        0x8 os_rte_icc.o
 .group         0x00000000        0x8 os_rte_icc.o
 .group         0x00000000        0x8 os_rte_icc.o
 .group         0x00000000        0x8 os_rte_icc.o
 .group         0x00000000        0x8 os_rte_icc.o
 .debug_macro   0x00000000      0x86e os_rte_icc.o
 .debug_macro   0x00000000       0x4c os_rte_icc.o
 .debug_macro   0x00000000       0x8e os_rte_icc.o
 .debug_macro   0x00000000       0x16 os_rte_icc.o
 .debug_macro   0x00000000       0x28 os_rte_icc.o
 .debug_macro   0x00000000       0x1c os_rte_icc.o
 .debug_macro   0x00000000       0x46 os_rte_icc.o
 .debug_macro   0x00000000       0x10 os_rte_icc.o
 .group         0x00000000        0x8 os_shutdown.o
 .group         0x00000000        0x8 os_shutdown.o
 .group         0x00000000        0x8 os_shutdown.o
 .group         0x00000000        0x8 os_shutdown.o
 .group         0x00000000        0x8 os_shutdown.o
 .group         0x00000000        0x8 os_shutdown.o
 .group         0x00000000        0x8 os_shutdown.o
 .group         0x00000000        0x8 os_shutdown.o
 .debug_macro   0x00000000      0x86e os_shutdown.o
 .debug_macro   0x00000000       0x4c os_shutdown.o
 .debug_macro   0x00000000       0x8e os_shutdown.o
 .debug_macro   0x00000000       0x16 os_shutdown.o
 .debug_macro   0x00000000       0x28 os_shutdown.o
 .debug_macro   0x00000000       0x1c os_shutdown.o
 .debug_macro   0x00000000       0x46 os_shutdown.o
 .debug_macro   0x00000000       0x10 os_shutdown.o
 .group         0x00000000        0x8 os_start_ext_prg.o
 .group         0x00000000        0x8 os_start_ext_prg.o
 .group         0x00000000        0x8 os_start_ext_prg.o
 .group         0x00000000        0x8 os_start_ext_prg.o
 .group         0x00000000        0x8 os_start_ext_prg.o
 .group         0x00000000        0x8 os_start_ext_prg.o
 .group         0x00000000        0x8 os_start_ext_prg.o
 .group         0x00000000        0x8 os_start_ext_prg.o
 .debug_macro   0x00000000      0x86e os_start_ext_prg.o
 .debug_macro   0x00000000       0x4c os_start_ext_prg.o
 .debug_macro   0x00000000       0x8e os_start_ext_prg.o
 .debug_macro   0x00000000       0x16 os_start_ext_prg.o
 .debug_macro   0x00000000       0x28 os_start_ext_prg.o
 .debug_macro   0x00000000       0x1c os_start_ext_prg.o
 .debug_macro   0x00000000       0x46 os_start_ext_prg.o
 .debug_macro   0x00000000       0x10 os_start_ext_prg.o
 .group         0x00000000        0x8 os_start_init_hw.o
 .group         0x00000000        0x8 os_start_init_hw.o
 .group         0x00000000        0x8 os_start_init_hw.o
 .group         0x00000000        0x8 os_start_init_hw.o
 .group         0x00000000        0x8 os_start_init_hw.o
 .group         0x00000000        0x8 os_start_init_hw.o
 .group         0x00000000        0x8 os_start_init_hw.o
 .group         0x00000000        0x8 os_start_init_hw.o
 .debug_macro   0x00000000      0x86e os_start_init_hw.o
 .debug_macro   0x00000000       0x4c os_start_init_hw.o
 .debug_macro   0x00000000       0x8e os_start_init_hw.o
 .debug_macro   0x00000000       0x16 os_start_init_hw.o
 .debug_macro   0x00000000       0x28 os_start_init_hw.o
 .debug_macro   0x00000000       0x1c os_start_init_hw.o
 .debug_macro   0x00000000       0x46 os_start_init_hw.o
 .debug_macro   0x00000000       0x10 os_start_init_hw.o
 .group         0x00000000        0x8 os_start_init_mc.o
 .group         0x00000000        0x8 os_start_init_mc.o
 .group         0x00000000        0x8 os_start_init_mc.o
 .group         0x00000000        0x8 os_start_init_mc.o
 .group         0x00000000        0x8 os_start_init_mc.o
 .group         0x00000000        0x8 os_start_init_mc.o
 .group         0x00000000        0x8 os_start_init_mc.o
 .group         0x00000000        0x8 os_start_init_mc.o
 .debug_macro   0x00000000      0x86e os_start_init_mc.o
 .debug_macro   0x00000000       0x4c os_start_init_mc.o
 .debug_macro   0x00000000       0x8e os_start_init_mc.o
 .debug_macro   0x00000000       0x16 os_start_init_mc.o
 .debug_macro   0x00000000       0x28 os_start_init_mc.o
 .debug_macro   0x00000000       0x1c os_start_init_mc.o
 .debug_macro   0x00000000       0x46 os_start_init_mc.o
 .debug_macro   0x00000000       0x10 os_start_init_mc.o
 .group         0x00000000        0x8 os_start_init_sw.o
 .group         0x00000000        0x8 os_start_init_sw.o
 .group         0x00000000        0x8 os_start_init_sw.o
 .group         0x00000000        0x8 os_start_init_sw.o
 .group         0x00000000        0x8 os_start_init_sw.o
 .group         0x00000000        0x8 os_start_init_sw.o
 .group         0x00000000        0x8 os_start_init_sw.o
 .group         0x00000000        0x8 os_start_init_sw.o
 .debug_macro   0x00000000      0x86e os_start_init_sw.o
 .debug_macro   0x00000000       0x4c os_start_init_sw.o
 .debug_macro   0x00000000       0x8e os_start_init_sw.o
 .debug_macro   0x00000000       0x16 os_start_init_sw.o
 .debug_macro   0x00000000       0x28 os_start_init_sw.o
 .debug_macro   0x00000000       0x1c os_start_init_sw.o
 .debug_macro   0x00000000       0x46 os_start_init_sw.o
 .debug_macro   0x00000000       0x10 os_start_init_sw.o
 .group         0x00000000        0x8 os_start_os.o
 .group         0x00000000        0x8 os_start_os.o
 .group         0x00000000        0x8 os_start_os.o
 .group         0x00000000        0x8 os_start_os.o
 .group         0x00000000        0x8 os_start_os.o
 .group         0x00000000        0x8 os_start_os.o
 .group         0x00000000        0x8 os_start_os.o
 .group         0x00000000        0x8 os_start_os.o
 .debug_macro   0x00000000      0x86e os_start_os.o
 .debug_macro   0x00000000       0x4c os_start_os.o
 .debug_macro   0x00000000       0x8e os_start_os.o
 .debug_macro   0x00000000       0x16 os_start_os.o
 .debug_macro   0x00000000       0x28 os_start_os.o
 .debug_macro   0x00000000       0x1c os_start_os.o
 .debug_macro   0x00000000       0x46 os_start_os.o
 .debug_macro   0x00000000       0x10 os_start_os.o
 .group         0x00000000        0x8 os_task_common.o
 .group         0x00000000        0x8 os_task_common.o
 .group         0x00000000        0x8 os_task_common.o
 .group         0x00000000        0x8 os_task_common.o
 .group         0x00000000        0x8 os_task_common.o
 .group         0x00000000        0x8 os_task_common.o
 .group         0x00000000        0x8 os_task_common.o
 .group         0x00000000        0x8 os_task_common.o
 .group         0x00000000        0x8 os_task_common.o
 .debug_macro   0x00000000      0x86e os_task_common.o
 .debug_macro   0x00000000       0x4c os_task_common.o
 .debug_macro   0x00000000       0x8e os_task_common.o
 .debug_macro   0x00000000       0x16 os_task_common.o
 .debug_macro   0x00000000       0x28 os_task_common.o
 .debug_macro   0x00000000       0x1c os_task_common.o
 .debug_macro   0x00000000       0x46 os_task_common.o
 .debug_macro   0x00000000       0x10 os_task_common.o
 .debug_macro   0x00000000       0x28 os_task_common.o
 .group         0x00000000        0x8 os_task_queue.o
 .group         0x00000000        0x8 os_task_queue.o
 .group         0x00000000        0x8 os_task_queue.o
 .group         0x00000000        0x8 os_task_queue.o
 .group         0x00000000        0x8 os_task_queue.o
 .group         0x00000000        0x8 os_task_queue.o
 .group         0x00000000        0x8 os_task_queue.o
 .group         0x00000000        0x8 os_task_queue.o
 .group         0x00000000        0x8 os_task_queue.o
 .group         0x00000000        0x8 os_task_queue.o
 .debug_macro   0x00000000      0x86e os_task_queue.o
 .debug_macro   0x00000000       0x4c os_task_queue.o
 .debug_macro   0x00000000       0x8e os_task_queue.o
 .debug_macro   0x00000000       0x16 os_task_queue.o
 .debug_macro   0x00000000       0x28 os_task_queue.o
 .debug_macro   0x00000000       0x1c os_task_queue.o
 .debug_macro   0x00000000       0x46 os_task_queue.o
 .debug_macro   0x00000000       0x10 os_task_queue.o
 .debug_macro   0x00000000       0x28 os_task_queue.o
 .group         0x00000000        0x8 os_task_scheduler.o
 .group         0x00000000        0x8 os_task_scheduler.o
 .group         0x00000000        0x8 os_task_scheduler.o
 .group         0x00000000        0x8 os_task_scheduler.o
 .group         0x00000000        0x8 os_task_scheduler.o
 .group         0x00000000        0x8 os_task_scheduler.o
 .group         0x00000000        0x8 os_task_scheduler.o
 .group         0x00000000        0x8 os_task_scheduler.o
 .group         0x00000000        0x8 os_task_scheduler.o
 .group         0x00000000        0x8 os_task_scheduler.o
 .debug_macro   0x00000000      0x86e os_task_scheduler.o
 .debug_macro   0x00000000       0x4c os_task_scheduler.o
 .debug_macro   0x00000000       0x8e os_task_scheduler.o
 .debug_macro   0x00000000       0x16 os_task_scheduler.o
 .debug_macro   0x00000000       0x28 os_task_scheduler.o
 .debug_macro   0x00000000       0x1c os_task_scheduler.o
 .debug_macro   0x00000000       0x46 os_task_scheduler.o
 .debug_macro   0x00000000       0x10 os_task_scheduler.o
 .debug_macro   0x00000000       0x28 os_task_scheduler.o
 .debug_macro   0x00000000       0x1c os_task_scheduler.o
 .group         0x00000000        0x8 os_stack.o
 .group         0x00000000        0x8 os_stack.o
 .group         0x00000000        0x8 os_stack.o
 .group         0x00000000        0x8 os_stack.o
 .group         0x00000000        0x8 os_stack.o
 .group         0x00000000        0x8 os_stack.o
 .group         0x00000000        0x8 os_stack.o
 .group         0x00000000        0x8 os_stack.o
 .debug_macro   0x00000000      0x86e os_stack.o
 .debug_macro   0x00000000       0x4c os_stack.o
 .debug_macro   0x00000000       0x8e os_stack.o
 .debug_macro   0x00000000       0x16 os_stack.o
 .debug_macro   0x00000000       0x28 os_stack.o
 .debug_macro   0x00000000       0x1c os_stack.o
 .debug_macro   0x00000000       0x46 os_stack.o
 .debug_macro   0x00000000       0x10 os_stack.o
 .group         0x00000000        0x8 os_heap.o
 .group         0x00000000        0x8 os_heap.o
 .group         0x00000000        0x8 os_heap.o
 .group         0x00000000        0x8 os_heap.o
 .group         0x00000000        0x8 os_heap.o
 .group         0x00000000        0x8 os_heap.o
 .group         0x00000000        0x8 os_heap.o
 .group         0x00000000        0x8 os_heap.o
 .debug_macro   0x00000000      0x86e os_heap.o
 .debug_macro   0x00000000       0x4c os_heap.o
 .debug_macro   0x00000000       0x8e os_heap.o
 .debug_macro   0x00000000       0x16 os_heap.o
 .debug_macro   0x00000000       0x28 os_heap.o
 .debug_macro   0x00000000       0x1c os_heap.o
 .debug_macro   0x00000000       0x46 os_heap.o
 .debug_macro   0x00000000       0x10 os_heap.o
 .group         0x00000000        0x8 os_diagnostic_main.o
 .group         0x00000000        0x8 os_diagnostic_main.o
 .group         0x00000000        0x8 os_diagnostic_main.o
 .group         0x00000000        0x8 os_diagnostic_main.o
 .group         0x00000000        0x8 os_diagnostic_main.o
 .group         0x00000000        0x8 os_diagnostic_main.o
 .group         0x00000000        0x8 os_diagnostic_main.o
 .group         0x00000000        0x8 os_diagnostic_main.o
 .debug_macro   0x00000000      0x86e os_diagnostic_main.o
 .debug_macro   0x00000000       0x4c os_diagnostic_main.o
 .debug_macro   0x00000000       0x8e os_diagnostic_main.o
 .debug_macro   0x00000000       0x16 os_diagnostic_main.o
 .debug_macro   0x00000000       0x28 os_diagnostic_main.o
 .debug_macro   0x00000000       0x1c os_diagnostic_main.o
 .debug_macro   0x00000000       0x46 os_diagnostic_main.o
 .debug_macro   0x00000000       0x10 os_diagnostic_main.o
 .group         0x00000000        0x8 led.o
 .group         0x00000000        0x8 led.o
 .group         0x00000000        0x8 led.o
 .group         0x00000000        0x8 led.o
 .group         0x00000000        0x8 led.o
 .group         0x00000000        0x8 led.o
 .group         0x00000000        0x8 led.o
 .group         0x00000000        0x8 led.o
 .debug_macro   0x00000000      0x86e led.o
 .debug_macro   0x00000000       0x4c led.o
 .debug_macro   0x00000000       0x8e led.o
 .debug_macro   0x00000000       0x16 led.o
 .debug_macro   0x00000000       0x28 led.o
 .debug_macro   0x00000000       0x1c led.o
 .debug_macro   0x00000000       0x46 led.o
 .debug_macro   0x00000000       0x10 led.o
 .group         0x00000000        0x8 os_ram.o
 .group         0x00000000        0x8 os_ram.o
 .group         0x00000000        0x8 os_ram.o
 .group         0x00000000        0x8 os_ram.o
 .group         0x00000000        0x8 os_ram.o
 .group         0x00000000        0x8 os_ram.o
 .group         0x00000000        0x8 os_ram.o
 .group         0x00000000        0x8 os_ram.o
 .debug_macro   0x00000000      0x86e os_ram.o
 .debug_macro   0x00000000       0x4c os_ram.o
 .debug_macro   0x00000000       0x8e os_ram.o
 .debug_macro   0x00000000       0x16 os_ram.o
 .debug_macro   0x00000000       0x28 os_ram.o
 .debug_macro   0x00000000       0x1c os_ram.o
 .debug_macro   0x00000000       0x46 os_ram.o
 .debug_macro   0x00000000       0x10 os_ram.o
 .group         0x00000000        0x8 os_shared_ram.o
 .group         0x00000000        0x8 os_shared_ram.o
 .group         0x00000000        0x8 os_shared_ram.o
 .group         0x00000000        0x8 os_shared_ram.o
 .group         0x00000000        0x8 os_shared_ram.o
 .group         0x00000000        0x8 os_shared_ram.o
 .group         0x00000000        0x8 os_shared_ram.o
 .group         0x00000000        0x8 os_shared_ram.o
 .debug_macro   0x00000000      0x86e os_shared_ram.o
 .debug_macro   0x00000000       0x4c os_shared_ram.o
 .debug_macro   0x00000000       0x8e os_shared_ram.o
 .debug_macro   0x00000000       0x16 os_shared_ram.o
 .debug_macro   0x00000000       0x28 os_shared_ram.o
 .debug_macro   0x00000000       0x1c os_shared_ram.o
 .debug_macro   0x00000000       0x46 os_shared_ram.o
 .debug_macro   0x00000000       0x10 os_shared_ram.o

Memory Configuration

Name             Origin             Length             Attributes
rom              0x08000000         0x00100000
ram              0x20000000         0x00030000
*default*        0x00000000         0xffffffff

Linker script and memory map


.text           0x08000000    0x1188c
                0x08000000                _ivec_start = .
 os_exception_table.o()
 .text          0x08000000        0x0 os_exception_table.o
 .data          0x08000000      0x400 os_exception_table.o
                0x08000000                isr_vec_table
 .bss           0x08000400        0x0 os_exception_table.o
 .debug_info    0x08000400       0x9a os_exception_table.o
 .debug_abbrev  0x0800049a       0x6d os_exception_table.o
 .debug_aranges
                0x08000507       0x18 os_exception_table.o
 .debug_macro   0x0800051f       0xa3 os_exception_table.o
 .debug_macro   0x080005c2      0x86e os_exception_table.o
 .debug_macro   0x08000e30       0x4c os_exception_table.o
 .debug_macro   0x08000e7c       0x8e os_exception_table.o
 .debug_macro   0x08000f0a       0x16 os_exception_table.o
 .debug_macro   0x08000f20       0x28 os_exception_table.o
 .debug_macro   0x08000f48       0x1c os_exception_table.o
 .debug_macro   0x08000f64       0x46 os_exception_table.o
 .debug_macro   0x08000faa       0x10 os_exception_table.o
 .debug_macro   0x08000fba       0x10 os_exception_table.o
 .debug_line    0x08000fca      0x1ec os_exception_table.o
 .debug_str     0x080011b6     0x2ab1 os_exception_table.o
                               0x2af1 (size before relaxing)
 .comment       0x08003c67       0x70 os_exception_table.o
                                 0x71 (size before relaxing)
 .ARM.attributes
                0x08003cd7       0x33 os_exception_table.o
 .iplt          0x00000000        0x0 os_exception_table.o
 .rel.iplt      0x00000000        0x0 os_exception_table.o
 .igot.plt      0x00000000        0x0 os_exception_table.o
                0x08003d0a                _ivec_end = .
                0x08003d0a                PROVIDE (ivec_start, .)
                0x08003d0a                PROVIDE (ivec_end, .)
                0x08003d0a                _const_start = .
 os_const.o()
 .text          0x08003d0a        0x0 os_const.o
 .data          0x08003d0a        0x0 os_const.o
 .bss           0x08003d0a        0x0 os_const.o
 .debug_info    0x08003d0a       0x3a os_const.o
 .debug_abbrev  0x08003d44       0x1c os_const.o
 .debug_aranges
                0x08003d60       0x18 os_const.o
 .debug_macro   0x08003d78       0x9a os_const.o
 .debug_line    0x08003e12      0x1c4 os_const.o
 .debug_str     0x08003fd6       0x46 os_const.o
                               0x2a80 (size before relaxing)
 .comment       0x00000000       0x71 os_const.o
 .ARM.attributes
                0x0800401c       0x33 os_const.o
                0x0800404f                _const_end = .
                0x0800404f                PROVIDE (const_start, .)
                0x0800404f                PROVIDE (const_end, .)
                0x0800404f                _code_start = .
 lld_global.o()
 *fill*         0x0800404f        0x1 
 .text          0x08004050        0x2 E:\NeuOrga\Programmieren\c_cpp\github_os\output\os_drivers\obj_arm\lld_global.o
                0x08004050                Test
 .data          0x08004052        0x0 E:\NeuOrga\Programmieren\c_cpp\github_os\output\os_drivers\obj_arm\lld_global.o
 .bss           0x08004052        0x0 E:\NeuOrga\Programmieren\c_cpp\github_os\output\os_drivers\obj_arm\lld_global.o
 .debug_line    0x08004052       0x7a E:\NeuOrga\Programmieren\c_cpp\github_os\output\os_drivers\obj_arm\lld_global.o
 .debug_info    0x080040cc       0xa5 E:\NeuOrga\Programmieren\c_cpp\github_os\output\os_drivers\obj_arm\lld_global.o
 .debug_abbrev  0x08004171       0x14 E:\NeuOrga\Programmieren\c_cpp\github_os\output\os_drivers\obj_arm\lld_global.o
 *fill*         0x08004185        0x3 
 .debug_aranges
                0x08004188       0x20 E:\NeuOrga\Programmieren\c_cpp\github_os\output\os_drivers\obj_arm\lld_global.o
 .ARM.attributes
                0x080041a8       0x14 E:\NeuOrga\Programmieren\c_cpp\github_os\output\os_drivers\obj_arm\lld_global.o
 lld_interrupt.o()
 .text          0x080041bc       0x12 E:\NeuOrga\Programmieren\c_cpp\github_os\output\os_drivers\obj_arm\lld_interrupt.o
                0x080041bc                LLF_INT_DISABLE
                0x080041c2                LLF_INT_ENABLE
                0x080041c8                LLF_DISABLE_INTERRUPTS_ALL_CORES
 .data          0x080041ce        0x0 E:\NeuOrga\Programmieren\c_cpp\github_os\output\os_drivers\obj_arm\lld_interrupt.o
 .bss           0x080041ce        0x0 E:\NeuOrga\Programmieren\c_cpp\github_os\output\os_drivers\obj_arm\lld_interrupt.o
 .debug_line    0x080041ce       0x84 E:\NeuOrga\Programmieren\c_cpp\github_os\output\os_drivers\obj_arm\lld_interrupt.o
 .debug_info    0x08004252       0xa8 E:\NeuOrga\Programmieren\c_cpp\github_os\output\os_drivers\obj_arm\lld_interrupt.o
 .debug_abbrev  0x080042fa       0x14 E:\NeuOrga\Programmieren\c_cpp\github_os\output\os_drivers\obj_arm\lld_interrupt.o
 *fill*         0x0800430e        0x2 
 .debug_aranges
                0x08004310       0x20 E:\NeuOrga\Programmieren\c_cpp\github_os\output\os_drivers\obj_arm\lld_interrupt.o
 .ARM.attributes
                0x08004330       0x16 E:\NeuOrga\Programmieren\c_cpp\github_os\output\os_drivers\obj_arm\lld_interrupt.o
 lld_mmu.o()
 .text          0x08004346        0x8 E:\NeuOrga\Programmieren\c_cpp\github_os\output\os_drivers\obj_arm\lld_mmu.o
                0x08004346                LLF_MPU_DISABLE
                0x0800434a                LLF_MPU_SWITCH_OFF_ALL_REGIONS
                0x0800434c                LLF_GET_MPU_PRESENT
 .data          0x0800434e        0x0 E:\NeuOrga\Programmieren\c_cpp\github_os\output\os_drivers\obj_arm\lld_mmu.o
 .bss           0x0800434e        0x0 E:\NeuOrga\Programmieren\c_cpp\github_os\output\os_drivers\obj_arm\lld_mmu.o
 .debug_line    0x0800434e       0x7c E:\NeuOrga\Programmieren\c_cpp\github_os\output\os_drivers\obj_arm\lld_mmu.o
 .debug_info    0x080043ca       0xa2 E:\NeuOrga\Programmieren\c_cpp\github_os\output\os_drivers\obj_arm\lld_mmu.o
 .debug_abbrev  0x0800446c       0x14 E:\NeuOrga\Programmieren\c_cpp\github_os\output\os_drivers\obj_arm\lld_mmu.o
 .debug_aranges
                0x08004480       0x20 E:\NeuOrga\Programmieren\c_cpp\github_os\output\os_drivers\obj_arm\lld_mmu.o
 .ARM.attributes
                0x080044a0       0x14 E:\NeuOrga\Programmieren\c_cpp\github_os\output\os_drivers\obj_arm\lld_mmu.o
 lld_ram.o()
 .text          0x080044b4       0x80 E:\NeuOrga\Programmieren\c_cpp\github_os\output\os_drivers\obj_arm\lld_ram.o
                0x080044b4                LLF_CLEAR_ALL_RAM
 .data          0x08004534        0x0 E:\NeuOrga\Programmieren\c_cpp\github_os\output\os_drivers\obj_arm\lld_ram.o
 .bss           0x08004534        0x0 E:\NeuOrga\Programmieren\c_cpp\github_os\output\os_drivers\obj_arm\lld_ram.o
 .debug_line    0x08004534       0x9f E:\NeuOrga\Programmieren\c_cpp\github_os\output\os_drivers\obj_arm\lld_ram.o
 .debug_info    0x080045d3       0xa2 E:\NeuOrga\Programmieren\c_cpp\github_os\output\os_drivers\obj_arm\lld_ram.o
 .debug_abbrev  0x08004675       0x14 E:\NeuOrga\Programmieren\c_cpp\github_os\output\os_drivers\obj_arm\lld_ram.o
 *fill*         0x08004689        0x7 
 .debug_aranges
                0x08004690       0x20 E:\NeuOrga\Programmieren\c_cpp\github_os\output\os_drivers\obj_arm\lld_ram.o
 .ARM.attributes
                0x080046b0       0x14 E:\NeuOrga\Programmieren\c_cpp\github_os\output\os_drivers\obj_arm\lld_ram.o
 lld_timer.o()
 .text          0x080046c4        0xc E:\NeuOrga\Programmieren\c_cpp\github_os\output\os_drivers\obj_arm\lld_timer.o
                0x080046c4                LLF_UP_CNT_TIMER_32
                0x080046c8                LLF_ADD_2_TCMP
                0x080046ca                LLF_TCMP1_CONFIG
 .data          0x080046d0        0x0 E:\NeuOrga\Programmieren\c_cpp\github_os\output\os_drivers\obj_arm\lld_timer.o
 .bss           0x080046d0        0x0 E:\NeuOrga\Programmieren\c_cpp\github_os\output\os_drivers\obj_arm\lld_timer.o
 .debug_line    0x080046d0       0x7f E:\NeuOrga\Programmieren\c_cpp\github_os\output\os_drivers\obj_arm\lld_timer.o
 .debug_info    0x0800474f       0xa4 E:\NeuOrga\Programmieren\c_cpp\github_os\output\os_drivers\obj_arm\lld_timer.o
 .debug_abbrev  0x080047f3       0x14 E:\NeuOrga\Programmieren\c_cpp\github_os\output\os_drivers\obj_arm\lld_timer.o
 *fill*         0x08004807        0x1 
 .debug_aranges
                0x08004808       0x20 E:\NeuOrga\Programmieren\c_cpp\github_os\output\os_drivers\obj_arm\lld_timer.o
 .ARM.attributes
                0x08004828       0x14 E:\NeuOrga\Programmieren\c_cpp\github_os\output\os_drivers\obj_arm\lld_timer.o
 lld_power.o()
 .text          0x0800483c       0x24 E:\NeuOrga\Programmieren\c_cpp\github_os\output\os_drivers\obj_arm\lld_power.o
                0x0800483c                LLF_MCU_SWITCH_OFF_POWER
                0x08004842                LLF_MCU_RESET_POWER
 .data          0x08004860        0x0 E:\NeuOrga\Programmieren\c_cpp\github_os\output\os_drivers\obj_arm\lld_power.o
 .bss           0x08004860        0x0 E:\NeuOrga\Programmieren\c_cpp\github_os\output\os_drivers\obj_arm\lld_power.o
 .debug_line    0x08004860       0x88 E:\NeuOrga\Programmieren\c_cpp\github_os\output\os_drivers\obj_arm\lld_power.o
 .debug_info    0x080048e8       0xa4 E:\NeuOrga\Programmieren\c_cpp\github_os\output\os_drivers\obj_arm\lld_power.o
 .debug_abbrev  0x0800498c       0x14 E:\NeuOrga\Programmieren\c_cpp\github_os\output\os_drivers\obj_arm\lld_power.o
 .debug_aranges
                0x080049a0       0x20 E:\NeuOrga\Programmieren\c_cpp\github_os\output\os_drivers\obj_arm\lld_power.o
 .ARM.attributes
                0x080049c0       0x14 E:\NeuOrga\Programmieren\c_cpp\github_os\output\os_drivers\obj_arm\lld_power.o
 os_exception_reset.o()
 .text          0x080049d4       0x80 E:\NeuOrga\Programmieren\c_cpp\github_os\output\os_drivers\obj_arm\os_exception_reset.o
                0x080049d4                OS_Exception_RESET
                0x080049f4                LLF_SAVE_TASK_STACK
                0x080049f4                LLF_RESTORE_TASK_STACK
                0x080049fa                GET_CORE_ID
                0x080049fe                LLF_SAVE_REGISTERS
                0x08004a0e                LLF_RESTORE_REGISTERS
                0x08004a16                LLF_RESTORE_SYSTEM_STACK
                0x08004a1a                LLF_SAVE_SYSTEM_STACK
                0x08004a1e                LLF_PERFORM_RAM_CHECK
                0x08004a20                LLF_CLEAR_ALL_GP_REGISTERS
                0x08004a3e                START_OS
 .data          0x08004a54        0x0 E:\NeuOrga\Programmieren\c_cpp\github_os\output\os_drivers\obj_arm\os_exception_reset.o
 .bss           0x08004a54        0x0 E:\NeuOrga\Programmieren\c_cpp\github_os\output\os_drivers\obj_arm\os_exception_reset.o
 .debug_line    0x08004a54       0xaf E:\NeuOrga\Programmieren\c_cpp\github_os\output\os_drivers\obj_arm\os_exception_reset.o
 .debug_info    0x08004b03       0xaa E:\NeuOrga\Programmieren\c_cpp\github_os\output\os_drivers\obj_arm\os_exception_reset.o
 .debug_abbrev  0x08004bad       0x14 E:\NeuOrga\Programmieren\c_cpp\github_os\output\os_drivers\obj_arm\os_exception_reset.o
 *fill*         0x08004bc1        0x7 
 .debug_aranges
                0x08004bc8       0x20 E:\NeuOrga\Programmieren\c_cpp\github_os\output\os_drivers\obj_arm\os_exception_reset.o
 .ARM.attributes
                0x08004be8       0x14 E:\NeuOrga\Programmieren\c_cpp\github_os\output\os_drivers\obj_arm\os_exception_reset.o
 os_common.o()
 .text          0x08004bfc       0x38 os_common.o
                0x08004bfc                OS_SET_SW_BUG
                0x08004c24                Get_current_time
 .data          0x08004c34        0x0 os_common.o
 .bss           0x08004c34       0x10 os_common.o
 .debug_info    0x08004c44      0x16a os_common.o
 .debug_abbrev  0x08004dae       0xa9 os_common.o
 .debug_aranges
                0x08004e57       0x20 os_common.o
 .debug_macro   0x08004e77       0x9e os_common.o
 .debug_line    0x08004f15      0x1eb os_common.o
 .debug_str     0x08005100      0x2b9 os_common.o
                               0x2cfc (size before relaxing)
 .comment       0x00000000       0x71 os_common.o
 *fill*         0x080053b9        0x3 
 .debug_frame   0x080053bc       0x5c os_common.o
 .ARM.attributes
                0x08005418       0x33 os_common.o
 os_driver_hook.o()
 *fill*         0x0800544b        0x1 
 .text          0x0800544c        0x0 os_driver_hook.o
 .data          0x0800544c        0x0 os_driver_hook.o
 .bss           0x0800544c        0x0 os_driver_hook.o
 .debug_info    0x0800544c       0x3a os_driver_hook.o
 .debug_abbrev  0x08005486       0x1c os_driver_hook.o
 .debug_aranges
                0x080054a2       0x18 os_driver_hook.o
 .debug_macro   0x080054ba       0x9a os_driver_hook.o
 .debug_line    0x08005554      0x1ca os_driver_hook.o
 .debug_str     0x0800571e       0x4c os_driver_hook.o
                               0x2a86 (size before relaxing)
 .comment       0x00000000       0x71 os_driver_hook.o
 .ARM.attributes
                0x0800576a       0x33 os_driver_hook.o
 os_exception.o()
 *fill*         0x0800579d        0x3 
 .text          0x080057a0      0x1ac os_exception.o
                0x08005828                OS_Exception_HARDFAULT
                0x08005840                OS_Exception_NMI
                0x08005858                OS_Exception_SWI
                0x08005870                OS_Exception_BUS_FAULT
                0x08005888                OS_Exception_DEBUG
                0x08005894                OS_Exception_MEM_MANAG_FAULT
                0x080058ac                OS_Exception_USAGE_FAULT
                0x080058c4                OS_Exception_PendSV
                0x080058cc                OS_Exception_Systick
                0x08005904                OS_Exception_IRQ
                0x08005910                OS_Exception_FIQ
                0x0800591c                TCMP1
                0x08005928                TCMP2
                0x08005934                TCMP3
                0x08005940                TCMP4
 .data          0x0800594c        0x0 os_exception.o
 .bss           0x0800594c        0x0 os_exception.o
 .debug_info    0x0800594c      0x1ef os_exception.o
 .debug_abbrev  0x08005b3b       0xa3 os_exception.o
 .debug_aranges
                0x08005bde       0x20 os_exception.o
 .debug_macro   0x08005bfe      0x10f os_exception.o
 .debug_macro   0x08005d0d      0x868 os_exception.o
 .debug_line    0x08006575      0x283 os_exception.o
 .debug_str     0x080067f8      0x596 os_exception.o
                               0x2f73 (size before relaxing)
 .comment       0x00000000       0x71 os_exception.o
 *fill*         0x08006d8e        0x2 
 .debug_frame   0x08006d90      0x1d8 os_exception.o
 .ARM.attributes
                0x08006f68       0x33 os_exception.o
 os_exception_isr_handler.o()
 *fill*         0x08006f9b        0x1 
 .text          0x08006f9c       0x30 os_exception_isr_handler.o
                0x08006f9c                OS_ISRHANDLERC0
                0x08006fa8                OS_ISRHANDLERC1
                0x08006fb4                OS_ISRHANDLERC2
                0x08006fc0                OS_ISRHANDLERC3
 .data          0x08006fcc        0x0 os_exception_isr_handler.o
 .bss           0x08006fcc        0x0 os_exception_isr_handler.o
 .debug_info    0x08006fcc       0x86 os_exception_isr_handler.o
 .debug_abbrev  0x08007052       0x38 os_exception_isr_handler.o
 .debug_aranges
                0x0800708a       0x20 os_exception_isr_handler.o
 .debug_macro   0x080070aa       0xa7 os_exception_isr_handler.o
 .debug_macro   0x08007151       0x28 os_exception_isr_handler.o
 .debug_line    0x08007179      0x217 os_exception_isr_handler.o
 .debug_str     0x08007390      0x106 os_exception_isr_handler.o
                               0x2b40 (size before relaxing)
 .comment       0x00000000       0x71 os_exception_isr_handler.o
 *fill*         0x08007496        0x2 
 .debug_frame   0x08007498       0x80 os_exception_isr_handler.o
 .ARM.attributes
                0x08007518       0x33 os_exception_isr_handler.o
 os_exception_table.o()
 os_init_task_system.o()
 *fill*         0x0800754b        0x1 
 .text          0x0800754c        0xc os_init_task_system.o
                0x0800754c                OS_INIT_TASK_SYSTEM
 .data          0x08007558        0x0 os_init_task_system.o
 .bss           0x08007558        0x0 os_init_task_system.o
 .debug_info    0x08007558       0x53 os_init_task_system.o
 .debug_abbrev  0x080075ab       0x38 os_init_task_system.o
 .debug_aranges
                0x080075e3       0x20 os_init_task_system.o
 .debug_macro   0x08007603       0xad os_init_task_system.o
 .debug_macro   0x080076b0       0x22 os_init_task_system.o
 .debug_line    0x080076d2      0x209 os_init_task_system.o
 .debug_str     0x080078db       0x65 os_init_task_system.o
                               0x2b0f (size before relaxing)
 .comment       0x00000000       0x71 os_init_task_system.o
 .debug_frame   0x08007940       0x2c os_init_task_system.o
 .ARM.attributes
                0x0800796c       0x33 os_init_task_system.o
 os_main.o()
 *fill*         0x0800799f        0x1 
 .text          0x080079a0       0x88 os_main.o
                0x080079a0                OS_STATE_HANDLER
 .data          0x08007a28        0x0 os_main.o
 .bss           0x08007a28        0x1 os_main.o
 .debug_info    0x08007a29       0xd8 os_main.o
 .debug_abbrev  0x08007b01       0x86 os_main.o
 .debug_aranges
                0x08007b87       0x20 os_main.o
 .debug_macro   0x08007ba7       0xd5 os_main.o
 .debug_line    0x08007c7c      0x273 os_main.o
 .debug_str     0x08007eef      0x127 os_main.o
                               0x2c5b (size before relaxing)
 .comment       0x00000000       0x71 os_main.o
 *fill*         0x08008016        0x2 
 .debug_frame   0x08008018       0x2c os_main.o
 .ARM.attributes
                0x08008044       0x33 os_main.o
 os_memory_mmu_setup.o()
 *fill*         0x08008077        0x1 
 .text          0x08008078        0xc os_memory_mmu_setup.o
                0x08008078                OS_MMU_SETUP
 .data          0x08008084        0x0 os_memory_mmu_setup.o
 .bss           0x08008084        0x0 os_memory_mmu_setup.o
 .debug_info    0x08008084       0x53 os_memory_mmu_setup.o
 .debug_abbrev  0x080080d7       0x38 os_memory_mmu_setup.o
 .debug_aranges
                0x0800810f       0x20 os_memory_mmu_setup.o
 .debug_macro   0x0800812f       0xd6 os_memory_mmu_setup.o
 .debug_line    0x08008205      0x1df os_memory_mmu_setup.o
 .debug_str     0x080083e4      0x1cc os_memory_mmu_setup.o
                               0x2c06 (size before relaxing)
 .comment       0x00000000       0x71 os_memory_mmu_setup.o
 .debug_frame   0x080085b0       0x34 os_memory_mmu_setup.o
 .ARM.attributes
                0x080085e4       0x33 os_memory_mmu_setup.o
 os_rte_common.o()
 *fill*         0x08008617        0x1 
 .text          0x08008618        0x0 os_rte_common.o
 .data          0x08008618        0x0 os_rte_common.o
 .bss           0x08008618        0x0 os_rte_common.o
 .debug_info    0x08008618       0x3a os_rte_common.o
 .debug_abbrev  0x08008652       0x1c os_rte_common.o
 .debug_aranges
                0x0800866e       0x18 os_rte_common.o
 .debug_macro   0x08008686       0x9a os_rte_common.o
 .debug_line    0x08008720      0x1c9 os_rte_common.o
 .debug_str     0x080088e9       0x4b os_rte_common.o
                               0x2a85 (size before relaxing)
 .comment       0x00000000       0x71 os_rte_common.o
 .ARM.attributes
                0x08008934       0x33 os_rte_common.o
 os_rte_icc.o()
 *fill*         0x08008967        0x1 
 .text          0x08008968       0x60 os_rte_icc.o
                0x08008968                SEND_DATA
                0x08008988                SEND_PACKAGE
                0x080089a8                SEND_FRAME
 .data          0x080089c8        0x0 os_rte_icc.o
 .bss           0x080089c8        0x0 os_rte_icc.o
 .debug_info    0x080089c8      0x180 os_rte_icc.o
 .debug_abbrev  0x08008b48       0x93 os_rte_icc.o
 .debug_aranges
                0x08008bdb       0x20 os_rte_icc.o
 .debug_macro   0x08008bfb       0x9e os_rte_icc.o
 .debug_line    0x08008c99      0x1f1 os_rte_icc.o
 .debug_str     0x08008e8a       0xd3 os_rte_icc.o
                               0x2b1a (size before relaxing)
 .comment       0x00000000       0x71 os_rte_icc.o
 *fill*         0x08008f5d        0x3 
 .debug_frame   0x08008f60       0x88 os_rte_icc.o
 .ARM.attributes
                0x08008fe8       0x33 os_rte_icc.o
 os_shutdown.o()
 *fill*         0x0800901b        0x1 
 .text          0x0800901c       0x2c os_shutdown.o
                0x0800901c                OS_SHUTDOWN
 .data          0x08009048        0x0 os_shutdown.o
 .bss           0x08009048        0x0 os_shutdown.o
 .debug_info    0x08009048       0x8c os_shutdown.o
 .debug_abbrev  0x080090d4       0x6c os_shutdown.o
 .debug_aranges
                0x08009140       0x20 os_shutdown.o
 .debug_macro   0x08009160       0xa4 os_shutdown.o
 .debug_line    0x08009204      0x1f2 os_shutdown.o
 .debug_str     0x080093f6       0x6f os_shutdown.o
                               0x2afe (size before relaxing)
 .comment       0x00000000       0x71 os_shutdown.o
 *fill*         0x08009465        0x3 
 .debug_frame   0x08009468       0x30 os_shutdown.o
 .ARM.attributes
                0x08009498       0x33 os_shutdown.o
 os_start_ext_prg.o()
 *fill*         0x080094cb        0x1 
 .text          0x080094cc       0x4c os_start_ext_prg.o
                0x080094e8                OS_StartExtPrg
 .data          0x08009518        0x0 os_start_ext_prg.o
 .bss           0x08009518        0x0 os_start_ext_prg.o
 .debug_info    0x08009518       0xea os_start_ext_prg.o
 .debug_abbrev  0x08009602       0x7e os_start_ext_prg.o
 .debug_aranges
                0x08009680       0x20 os_start_ext_prg.o
 .debug_macro   0x080096a0       0x9a os_start_ext_prg.o
 .debug_line    0x0800973a      0x1e6 os_start_ext_prg.o
 .debug_str     0x08009920       0x90 os_start_ext_prg.o
                               0x2aec (size before relaxing)
 .comment       0x00000000       0x71 os_start_ext_prg.o
 .debug_frame   0x080099b0       0x60 os_start_ext_prg.o
 .ARM.attributes
                0x08009a10       0x33 os_start_ext_prg.o
 os_start_init_hw.o()
 *fill*         0x08009a43        0x1 
 .text          0x08009a44        0xc os_start_init_hw.o
                0x08009a44                OS_INIT_HW
 .data          0x08009a50        0x0 os_start_init_hw.o
 .bss           0x08009a50        0x0 os_start_init_hw.o
 .debug_info    0x08009a50       0x53 os_start_init_hw.o
 .debug_abbrev  0x08009aa3       0x38 os_start_init_hw.o
 .debug_aranges
                0x08009adb       0x20 os_start_init_hw.o
 .debug_macro   0x08009afb       0x9a os_start_init_hw.o
 .debug_line    0x08009b95      0x1da os_start_init_hw.o
 .debug_str     0x08009d6f       0x59 os_start_init_hw.o
                               0x2a93 (size before relaxing)
 .comment       0x00000000       0x71 os_start_init_hw.o
 .debug_frame   0x08009dc8       0x34 os_start_init_hw.o
 .ARM.attributes
                0x08009dfc       0x33 os_start_init_hw.o
 os_start_init_mc.o()
 *fill*         0x08009e2f        0x1 
 .text          0x08009e30        0xc os_start_init_mc.o
                0x08009e30                OS_INIT_MC
 .data          0x08009e3c        0x0 os_start_init_mc.o
 .bss           0x08009e3c        0x0 os_start_init_mc.o
 .debug_info    0x08009e3c       0x53 os_start_init_mc.o
 .debug_abbrev  0x08009e8f       0x38 os_start_init_mc.o
 .debug_aranges
                0x08009ec7       0x20 os_start_init_mc.o
 .debug_macro   0x08009ee7       0x9a os_start_init_mc.o
 .debug_line    0x08009f81      0x1dd os_start_init_mc.o
 .debug_str     0x0800a15e       0x59 os_start_init_mc.o
                               0x2a93 (size before relaxing)
 .comment       0x00000000       0x71 os_start_init_mc.o
 *fill*         0x0800a1b7        0x1 
 .debug_frame   0x0800a1b8       0x2c os_start_init_mc.o
 .ARM.attributes
                0x0800a1e4       0x33 os_start_init_mc.o
 os_start_init_sw.o()
 *fill*         0x0800a217        0x1 
 .text          0x0800a218        0xc os_start_init_sw.o
                0x0800a218                OS_INIT_SW
 .data          0x0800a224        0x0 os_start_init_sw.o
 .bss           0x0800a224        0x0 os_start_init_sw.o
 .debug_info    0x0800a224       0x53 os_start_init_sw.o
 .debug_abbrev  0x0800a277       0x38 os_start_init_sw.o
 .debug_aranges
                0x0800a2af       0x20 os_start_init_sw.o
 .debug_macro   0x0800a2cf       0x9a os_start_init_sw.o
 .debug_line    0x0800a369      0x1da os_start_init_sw.o
 .debug_str     0x0800a543       0x59 os_start_init_sw.o
                               0x2a93 (size before relaxing)
 .comment       0x00000000       0x71 os_start_init_sw.o
 .debug_frame   0x0800a59c       0x34 os_start_init_sw.o
 .ARM.attributes
                0x0800a5d0       0x33 os_start_init_sw.o
 os_start_os.o()
 *fill*         0x0800a603        0x1 
 .text          0x0800a604       0x88 os_start_os.o
                0x0800a604                OS_START_OS
 .data          0x0800a68c        0x0 os_start_os.o
 .bss           0x0800a68c        0x0 os_start_os.o
 .debug_info    0x0800a68c       0xdc os_start_os.o
 .debug_abbrev  0x0800a768       0x5d os_start_os.o
 .debug_aranges
                0x0800a7c5       0x20 os_start_os.o
 .debug_macro   0x0800a7e5       0xbc os_start_os.o
 .debug_line    0x0800a8a1      0x1f1 os_start_os.o
 .debug_str     0x0800aa92      0x249 os_start_os.o
                               0x2d7b (size before relaxing)
 .comment       0x00000000       0x71 os_start_os.o
 *fill*         0x0800acdb        0x1 
 .debug_frame   0x0800acdc       0x2c os_start_os.o
 .ARM.attributes
                0x0800ad08       0x33 os_start_os.o
 os_task_common.o()
 *fill*         0x0800ad3b        0x1 
 .text          0x0800ad3c      0x1d8 os_task_common.o
                0x0800ad3c                OS_TASK_SAVETASK_ENVIRONMENT
                0x0800ad7c                OS_TASK_RESTORETASK_ENVIRONMENT
                0x0800adac                OS_TASK_RESTORE_SYSTEM_STACK
                0x0800adc0                OS_TASK_SAVE_SYSTEM_STACK
                0x0800add4                OS_Task_InitTaskEnvironment
                0x0800aeb8                OS_Task_DeleteTaskEnvironment
                0x0800aee8                OS_Task_CreateTaskEnvironment
 .data          0x0800af14        0x0 os_task_common.o
 .bss           0x0800af14        0x0 os_task_common.o
 .debug_info    0x0800af14      0x503 os_task_common.o
 .debug_abbrev  0x0800b417      0x129 os_task_common.o
 .debug_aranges
                0x0800b540       0x20 os_task_common.o
 .debug_macro   0x0800b560       0xab os_task_common.o
 .debug_line    0x0800b60b      0x257 os_task_common.o
 .debug_str     0x0800b862      0x30a os_task_common.o
                               0x303d (size before relaxing)
 .comment       0x00000000       0x71 os_task_common.o
 .debug_frame   0x0800bb6c      0x128 os_task_common.o
 .ARM.attributes
                0x0800bc94       0x33 os_task_common.o
 *fill*         0x0800bcc7        0x1 
 COMMON         0x0800bcc8       0x24 os_task_common.o
                0x0800bcc8                REGISTER_R2
                0x0800bccc                REGISTER_R0
                0x0800bcd0                TASK_PTR
                0x0800bce4                REGISTER_R1
                0x0800bce8                REGISTER_R3
 os_task_queue.o()
 .text          0x0800bcec      0xa50 os_task_queue.o
                0x0800bcec                SET_RUNNING_TASK
                0x0800be64                OS_INIT_TASK_QUEUE
                0x0800bebc                AddToTaskQueue
                0x0800c27c                DeleteFromTaskQueue
                0x0800c37c                GetFromTaskQueue
                0x0800c394                GetFromLinkList
                0x0800c3b8                DeleteFromLinkList
                0x0800c3dc                AddToLinkList
                0x0800c43c                UpdateLinkList
                0x0800c4bc                GetIdleTask
                0x0800c4d0                AddToIdleTaskQueue
                0x0800c64c                GetRunningTask
                0x0800c660                OS_INIT_TASK
 .data          0x0800c73c        0x0 os_task_queue.o
 .bss           0x0800c73c      0x3b4 os_task_queue.o
 .debug_info    0x0800caf0      0x6a8 os_task_queue.o
 .debug_abbrev  0x0800d198      0x1a7 os_task_queue.o
 .debug_aranges
                0x0800d33f       0x20 os_task_queue.o
 .debug_macro   0x0800d35f       0xb0 os_task_queue.o
 .debug_macro   0x0800d40f       0x1c os_task_queue.o
 .debug_line    0x0800d42b      0x326 os_task_queue.o
 .debug_str     0x0800d751      0x274 os_task_queue.o
                               0x3165 (size before relaxing)
 .comment       0x00000000       0x71 os_task_queue.o
 *fill*         0x0800d9c5        0x3 
 .debug_frame   0x0800d9c8      0x214 os_task_queue.o
 .ARM.attributes
                0x0800dbdc       0x33 os_task_queue.o
 os_task_scheduler.o()
 *fill*         0x0800dc0f        0x1 
 .text          0x0800dc10      0x70c os_task_scheduler.o
                0x0800dc10                OS_ACTIVATE_DISPATCHER
                0x0800dc4c                OS_SLEEPTASK
                0x0800dc6c                task_state_request
                0x0800dd50                OS_ActivateTask
                0x0800e018                OS_INIT_TASKS
                0x0800e2cc                ISR_TASK_DISPATCH_C0
                0x0800e2e0                ISR_TASK_DISPATCH_C1
                0x0800e2f4                ISR_TASK_DISPATCH_C2
                0x0800e308                ISR_TASK_DISPATCH_C3
 .data          0x0800e31c        0x0 os_task_scheduler.o
 .bss           0x0800e31c      0x630 os_task_scheduler.o
 .debug_info    0x0800e94c      0x775 os_task_scheduler.o
 .debug_abbrev  0x0800f0c1      0x1f3 os_task_scheduler.o
 .debug_aranges
                0x0800f2b4       0x20 os_task_scheduler.o
 .debug_macro   0x0800f2d4       0xdc os_task_scheduler.o
 .debug_line    0x0800f3b0      0x367 os_task_scheduler.o
 .debug_str     0x0800f717      0x26f os_task_scheduler.o
                               0x32f7 (size before relaxing)
 .comment       0x00000000       0x71 os_task_scheduler.o
 *fill*         0x0800f986        0x2 
 .debug_frame   0x0800f988      0x288 os_task_scheduler.o
 .ARM.attributes
                0x0800fc10       0x33 os_task_scheduler.o
 os_stack.o()
 *fill*         0x0800fc43        0x1 
 .text          0x0800fc44        0x0 os_stack.o
 .data          0x0800fc44        0x0 os_stack.o
 .bss           0x0800fc44        0x0 os_stack.o
 .debug_info    0x0800fc44       0x3a os_stack.o
 .debug_abbrev  0x0800fc7e       0x1c os_stack.o
 .debug_aranges
                0x0800fc9a       0x18 os_stack.o
 .debug_macro   0x0800fcb2       0x9a os_stack.o
 .debug_line    0x0800fd4c      0x1c4 os_stack.o
 .debug_str     0x0800ff10       0x46 os_stack.o
                               0x2a80 (size before relaxing)
 .comment       0x00000000       0x71 os_stack.o
 .ARM.attributes
                0x0800ff56       0x33 os_stack.o
 os_heap.o()
 *fill*         0x0800ff89        0x3 
 .text          0x0800ff8c      0x22c os_heap.o
                0x0800ff8c                os_calloc
                0x0800ffd4                os_realloc
                0x08010048                os_malloc
                0x080100b0                os_free
 .data          0x080101b8        0x0 os_heap.o
 .bss           0x080101b8        0x0 os_heap.o
 .debug_info    0x080101b8      0x24e os_heap.o
 .debug_abbrev  0x08010406      0x10d os_heap.o
 .debug_aranges
                0x08010513       0x20 os_heap.o
 .debug_macro   0x08010533       0x9e os_heap.o
 .debug_line    0x080105d1      0x252 os_heap.o
 .debug_str     0x08010823       0xe9 os_heap.o
                               0x2b51 (size before relaxing)
 .comment       0x00000000       0x71 os_heap.o
 .debug_frame   0x0801090c      0x100 os_heap.o
 .ARM.attributes
                0x08010a0c       0x33 os_heap.o
 os_diagnostic_main.o()
 *fill*         0x08010a3f        0x1 
 .text          0x08010a40        0xc os_diagnostic_main.o
                0x08010a40                OS_DIAGNOSTIC_MAIN
 .data          0x08010a4c        0x0 os_diagnostic_main.o
 .bss           0x08010a4c        0x0 os_diagnostic_main.o
 .debug_info    0x08010a4c       0x53 os_diagnostic_main.o
 .debug_abbrev  0x08010a9f       0x38 os_diagnostic_main.o
 .debug_aranges
                0x08010ad7       0x20 os_diagnostic_main.o
 .debug_macro   0x08010af7       0x9a os_diagnostic_main.o
 .debug_line    0x08010b91      0x1dc os_diagnostic_main.o
 .debug_str     0x08010d6d       0x63 os_diagnostic_main.o
                               0x2a9d (size before relaxing)
 .comment       0x00000000       0x71 os_diagnostic_main.o
 .debug_frame   0x08010dd0       0x34 os_diagnostic_main.o
 .ARM.attributes
                0x08010e04       0x33 os_diagnostic_main.o
 led.o()
 *fill*         0x08010e37        0x1 
 .text          0x08010e38       0x50 led.o
                0x08010e38                USER_LED_INIT
                0x08010e4c                USER_LED_ON
                0x08010e60                USER_LED_OFF
                0x08010e74                USER_LED_TOGGLE
 .data          0x08010e88        0x0 led.o
 .bss           0x08010e88        0x0 led.o
 .debug_info    0x08010e88       0xfa led.o
 .debug_abbrev  0x08010f82       0x84 led.o
 .debug_aranges
                0x08011006       0x20 led.o
 .debug_macro   0x08011026       0x9e led.o
 .debug_line    0x080110c4      0x1cb led.o
 .debug_str     0x0801128f       0x97 led.o
                               0x2ad1 (size before relaxing)
 .comment       0x00000000       0x71 led.o
 *fill*         0x08011326        0x2 
 .debug_frame   0x08011328       0xb0 led.o
 .ARM.attributes
                0x080113d8       0x33 led.o
                0x0801140b                _code_end = .
                0x0801140b                PROVIDE (code_start, .)
                0x0801140b                PROVIDE (code_end, .)
 *fill*         0x0801140b        0x1 
 .text          0x0801140c      0x370 d:/programm/gnu tools arm embedded/4.9 2015q1/bin/../lib/gcc/arm-none-eabi/4.9.3/armv7e-m\libgcc.a(_arm_addsubdf3.o)
                0x0801140c                __aeabi_drsub
                0x08011414                __aeabi_dsub
                0x08011414                __subdf3
                0x08011418                __aeabi_dadd
                0x08011418                __adddf3
                0x08011690                __floatunsidf
                0x08011690                __aeabi_ui2d
                0x080116b0                __floatsidf
                0x080116b0                __aeabi_i2d
                0x080116d4                __aeabi_f2d
                0x080116d4                __extendsfdf2
                0x08011710                __floatundidf
                0x08011710                __aeabi_ul2d
                0x08011720                __floatdidf
                0x08011720                __aeabi_l2d
 .text          0x0801177c      0x110 d:/programm/gnu tools arm embedded/4.9 2015q1/bin/../lib/gcc/arm-none-eabi/4.9.3/armv7e-m\libgcc.a(_arm_cmpdf2.o)
                0x0801177c                __gtdf2
                0x0801177c                __gedf2
                0x08011784                __ltdf2
                0x08011784                __ledf2
                0x0801178c                __nedf2
                0x0801178c                __eqdf2
                0x0801178c                __cmpdf2
                0x08011808                __aeabi_cdrcmple
                0x08011818                __aeabi_cdcmpeq
                0x08011818                __aeabi_cdcmple
                0x08011828                __aeabi_dcmpeq
                0x0801183c                __aeabi_dcmplt
                0x08011850                __aeabi_dcmple
                0x08011864                __aeabi_dcmpge
                0x08011878                __aeabi_dcmpgt

.glue_7         0x0801188c        0x0
 .glue_7        0x00000000        0x0 linker stubs

.glue_7t        0x0801188c        0x0
 .glue_7t       0x00000000        0x0 linker stubs

.vfp11_veneer   0x0801188c        0x0
 .vfp11_veneer  0x00000000        0x0 linker stubs

.v4_bx          0x0801188c        0x0
 .v4_bx         0x00000000        0x0 linker stubs

.data           0x20000000     0x71a8
                0x20000000                _ram_start = .
 os_ram.o()
 .text          0x20000000        0x0 os_ram.o
 .data          0x20000000        0x0 os_ram.o
 .bss           0x20000000        0x0 os_ram.o
 .debug_info    0x20000000      0x181 os_ram.o
 .debug_abbrev  0x20000181       0x5c os_ram.o
 .debug_aranges
                0x200001dd       0x18 os_ram.o
 .debug_macro   0x200001f5       0xa2 os_ram.o
 .debug_line    0x20000297      0x1dd os_ram.o
 .debug_str     0x20000474     0x2b80 os_ram.o
                               0x2bc0 (size before relaxing)
 .comment       0x20002ff4       0x70 os_ram.o
                                 0x71 (size before relaxing)
 .ARM.attributes
                0x20003064       0x33 os_ram.o
 *fill*         0x20003097        0x1 
 COMMON         0x20003098     0x293c os_ram.o
                0x20003098                VAR_MEM_MANAG_FAULT_STATUS_REG
                0x2000309c                OS_STACK
                0x2000319c                OS_STATE
                0x200031a0                BACKUP_SYSTICK_CURRENT_VAL_REG
                0x200031a4                LINK_REGISTER_HANDLER
                0x200031a8                VAR_AUX_FAULT_STATUS_REG
                0x200031ac                OS_MAIN_STACK
                0x200032ac                VAR_HARDFAULT_STATUS_REG
                0x200032b0                VAR_BUS_FAULT_STATUS_REG
                0x200032b4                HEAP
                0x200059c4                VAR_FAULT_STATUS_REG
                0x200059c8                VAR_MEM_FAULT_ADDR_REG
                0x200059cc                VAR_USAGE_FAULT_STATUS_REG
                0x200059d0                VAR_BUS_FAULT_ADDR_REG
 os_shared_ram.o()
 .text          0x200059d4        0x0 os_shared_ram.o
 .data          0x200059d4        0x0 os_shared_ram.o
 .bss           0x200059d4        0x0 os_shared_ram.o
 .debug_info    0x200059d4      0x16c os_shared_ram.o
 .debug_abbrev  0x20005b40       0x4c os_shared_ram.o
 .debug_aranges
                0x20005b8c       0x18 os_shared_ram.o
 .debug_macro   0x20005ba4       0xfa os_shared_ram.o
 .debug_line    0x20005c9e      0x1c9 os_shared_ram.o
 .debug_str     0x20005e67      0x30b os_shared_ram.o
                               0x2d5e (size before relaxing)
 .comment       0x00000000       0x71 os_shared_ram.o
 .ARM.attributes
                0x20006172       0x33 os_shared_ram.o
 *fill*         0x200061a5        0x3 
 COMMON         0x200061a8     0x1000 os_shared_ram.o
                0x200061a8                RAM_BLOCK_C01_C01
                0x200062a8                RAM_BLOCK_C01_C00
                0x200063a8                RAM_BLOCK_C00_C00
                0x200064a8                RAM_BLOCK_C01_C03
                0x200065a8                RAM_BLOCK_C03_C01
                0x200066a8                RAM_BLOCK_C00_C01
                0x200067a8                RAM_BLOCK_C02_C01
                0x200068a8                RAM_BLOCK_C01_C02
                0x200069a8                RAM_BLOCK_C03_C00
                0x20006aa8                RAM_BLOCK_C02_C00
                0x20006ba8                RAM_BLOCK_C02_C02
                0x20006ca8                RAM_BLOCK_C03_C03
                0x20006da8                RAM_BLOCK_C03_C02
                0x20006ea8                RAM_BLOCK_C00_C03
                0x20006fa8                RAM_BLOCK_C00_C02
                0x200070a8                RAM_BLOCK_C02_C03
                0x200071a8                _ram_end = .
                0x200071a8                PROVIDE (ram_start, .)
                0x200071a8                PROVIDE (ram_end, .)
 .data          0x200071a8        0x0 d:/programm/gnu tools arm embedded/4.9 2015q1/bin/../lib/gcc/arm-none-eabi/4.9.3/armv7e-m\libgcc.a(_arm_addsubdf3.o)
 .data          0x200071a8        0x0 d:/programm/gnu tools arm embedded/4.9 2015q1/bin/../lib/gcc/arm-none-eabi/4.9.3/armv7e-m\libgcc.a(_arm_cmpdf2.o)
START GROUP
LOAD d:/programm/gnu tools arm embedded/4.9 2015q1/bin/../lib/gcc/arm-none-eabi/4.9.3/armv7e-m\libgcc.a
LOAD d:/programm/gnu tools arm embedded/4.9 2015q1/bin/../lib/gcc/arm-none-eabi/4.9.3/../../../../arm-none-eabi/lib/armv7e-m\libg.a
LOAD d:/programm/gnu tools arm embedded/4.9 2015q1/bin/../lib/gcc/arm-none-eabi/4.9.3/../../../../arm-none-eabi/lib/armv7e-m\libc.a
END GROUP
OUTPUT(E:\NeuOrga\Programmieren\c_cpp\github_os\output\VERSION_ARM\operating_system.elf elf32-littlearm)

.bss            0x200071a8        0x0
 .bss           0x200071a8        0x0 d:/programm/gnu tools arm embedded/4.9 2015q1/bin/../lib/gcc/arm-none-eabi/4.9.3/armv7e-m\libgcc.a(_arm_addsubdf3.o)
 .bss           0x200071a8        0x0 d:/programm/gnu tools arm embedded/4.9 2015q1/bin/../lib/gcc/arm-none-eabi/4.9.3/armv7e-m\libgcc.a(_arm_cmpdf2.o)

.ARM.attributes
                0x00000000       0x33
 .ARM.attributes
                0x00000000       0x1e d:/programm/gnu tools arm embedded/4.9 2015q1/bin/../lib/gcc/arm-none-eabi/4.9.3/armv7e-m\libgcc.a(_arm_addsubdf3.o)
 .ARM.attributes
                0x0000001e       0x1e d:/programm/gnu tools arm embedded/4.9 2015q1/bin/../lib/gcc/arm-none-eabi/4.9.3/armv7e-m\libgcc.a(_arm_cmpdf2.o)
