Archive member included to satisfy reference by file (symbol)

d:/programm/gnu tools arm embedded/7 2018-q2-update/bin/../lib/gcc/arm-none-eabi/7.3.1/../../../../arm-none-eabi/lib/thumb/v7e-m\libg.a(lib_a-memset.o)
                              os_stack.o (memset)

Allocating common symbols
Common symbol       size              file

TASK_STACK          0x4e20            os_ram.o
RAM_BLOCK_C01_C01   0x100             os_shared_ram.o
VAR_MEM_MANAG_FAULT_STATUS_REG
                    0x4               os_ram.o
REGISTER_R2         0x4               os_ram.o
TASK_GROUP_3        0x20              os_ram.o
RAM_CHECK_FAILURE_ADDR
                    0x4               os_ram.o
REGISTER_R0         0x4               os_ram.o
RAM_BLOCK_C01_C00   0x100             os_shared_ram.o
REGISTER_R6         0x4               os_ram.o
REGISTER_R7         0x4               os_ram.o
DBG_CALIB_VALUE     0x4               os_ram.o
RAM_BLOCK_C00_C00   0x100             os_shared_ram.o
OS_STATE            0x4               os_ram.o
TASK_IDLE_QUEUE     0xd0              os_ram.o
REGISTER_R9         0x4               os_ram.o
TASK1_CALL_NR       0x4               os_ram.o
bTASK_QUEUE_INITIALIZED
                    0x1               os_ram.o
BACKUP_SYSTICK_CURRENT_VAL_REG
                    0x4               os_ram.o
RAM_BLOCK_C01_C03   0x100             os_shared_ram.o
TASK2_CALL_NR       0x4               os_ram.o
LAST_CURRENT_TIME   0x10              os_ram.o
LINK_REGISTER_HANDLER
                    0x4               os_ram.o
VAR_AUX_FAULT_STATUS_REG
                    0x4               os_ram.o
REGISTER_R8         0x4               os_ram.o
TASK_3_VAR          0xd0              os_ram.o
CRITICAL_POS        0x4               os_ram.o
RAM_BLOCK_C03_C01   0x100             os_shared_ram.o
TASK_0_VAR          0xd0              os_ram.o
RAM_BLOCK_C00_C01   0x100             os_shared_ram.o
TASK4_CALL_NR       0x4               os_ram.o
TASK_GROUP_2        0x20              os_ram.o
TASK_PTR            0x28              os_task_common.o
REGISTER_R5         0x4               os_ram.o
OS_MAIN_STACK       0x200             os_ram.o
SAVED_STACK_POINTER
                    0x4               os_ram.o
RAM_BLOCK_C02_C01   0x100             os_shared_ram.o
DBG_RLD_VALUE       0x4               os_ram.o
REGISTER_R4         0x4               os_ram.o
RAM_BLOCK_C01_C02   0x100             os_shared_ram.o
RUNNING_TASK        0xd0              os_ram.o
TASK_RUN_QUEUE      0x820             os_ram.o
CRITICAL_ADDR       0x4               os_ram.o
VAR_HARDFAULT_STATUS_REG
                    0x4               os_ram.o
RAM_BLOCK_C03_C00   0x100             os_shared_ram.o
RUNNING_SCHEDULING_QUEUE_ENTRY
                    0x4               os_ram.o
TASK_GROUP_5        0x20              os_ram.o
REGISTER_R1         0x4               os_ram.o
RAM_BLOCK_C02_C00   0x100             os_shared_ram.o
DBG_CTRL_VALUE      0x4               os_ram.o
TASK_2_VAR          0xd0              os_ram.o
VAR_BUS_FAULT_STATUS_REG
                    0x4               os_ram.o
RAM_BLOCK_C02_C02   0x100             os_shared_ram.o
CRITICAL_STACK_USAGE_PERCENT
                    0x4               os_ram.o
RAM_CHECK_FAILURE_DETECTED
                    0x4               os_ram.o
REGISTER_R10        0x4               os_ram.o
RAM_BLOCK_C03_C03   0x100             os_shared_ram.o
RAM_BLOCK_C03_C02   0x100             os_shared_ram.o
RAM_BLOCK_C00_C03   0x100             os_shared_ram.o
DBG_CURR_VAL        0x4               os_ram.o
TASK_GROUP_1        0x20              os_ram.o
VAR_FAULT_STATUS_REG
                    0x4               os_ram.o
TASK_GROUP_4        0x20              os_ram.o
REGISTER_R11        0x4               os_ram.o
TASK_TRANSITION_REJECTED_STATE
                    0x1               os_ram.o
TASK_TRANSITION_CURRENT_STATE
                    0x1               os_ram.o
REGISTER_R3         0x4               os_ram.o
TASK_SCHEDULING_QUEUE
                    0x28              os_ram.o
TASK3_CALL_NR       0x4               os_ram.o
VAR_MEM_FAULT_ADDR_REG
                    0x4               os_ram.o
VAR_USAGE_FAULT_STATUS_REG
                    0x4               os_ram.o
VAR_BUS_FAULT_ADDR_REG
                    0x4               os_ram.o
RAM_BLOCK_C00_C02   0x100             os_shared_ram.o
TASK_TRANSITION_REJECTED_TASK_ADDR
                    0x4               os_ram.o
OS_SW_BUG           0xf               os_ram.o
RAM_BLOCK_C02_C03   0x100             os_shared_ram.o
TASK_1_VAR          0xd0              os_ram.o

Discarded input sections

 .group         0x00000000        0xc os_exception_table.o
 .group         0x00000000        0xc os_exception_table.o
 .group         0x00000000        0xc os_exception_table.o
 .group         0x00000000        0xc os_exception_table.o
 .group         0x00000000        0xc os_exception_table.o
 .group         0x00000000        0xc os_exception_table.o
 .group         0x00000000        0xc os_exception_table.o
 .group         0x00000000        0xc os_exception_table.o
 .group         0x00000000        0xc os_const.o
 .group         0x00000000        0xc os_const.o
 .group         0x00000000        0xc os_const.o
 .group         0x00000000        0xc os_const.o
 .group         0x00000000        0xc os_const.o
 .group         0x00000000        0xc os_const.o
 .group         0x00000000        0xc os_const.o
 .group         0x00000000        0xc os_const.o
 .debug_macro   0x00000000      0xa42 os_const.o
 .debug_macro   0x00000000       0x4c os_const.o
 .debug_macro   0x00000000       0x8e os_const.o
 .debug_macro   0x00000000       0x46 os_const.o
 .debug_macro   0x00000000       0x10 os_const.o
 .debug_macro   0x00000000       0x10 os_const.o
 .debug_macro   0x00000000       0x28 os_const.o
 .debug_macro   0x00000000       0x1c os_const.o
 .group         0x00000000        0xc os_common.o
 .group         0x00000000        0xc os_common.o
 .group         0x00000000        0xc os_common.o
 .group         0x00000000        0xc os_common.o
 .group         0x00000000        0xc os_common.o
 .group         0x00000000        0xc os_common.o
 .group         0x00000000        0xc os_common.o
 .group         0x00000000        0xc os_common.o
 .debug_macro   0x00000000      0xa42 os_common.o
 .debug_macro   0x00000000       0x4c os_common.o
 .debug_macro   0x00000000       0x8e os_common.o
 .debug_macro   0x00000000       0x46 os_common.o
 .debug_macro   0x00000000       0x10 os_common.o
 .debug_macro   0x00000000       0x10 os_common.o
 .debug_macro   0x00000000       0x28 os_common.o
 .debug_macro   0x00000000       0x1c os_common.o
 .group         0x00000000        0xc os_exception.o
 .group         0x00000000        0xc os_exception.o
 .group         0x00000000        0xc os_exception.o
 .group         0x00000000        0xc os_exception.o
 .group         0x00000000        0xc os_exception.o
 .group         0x00000000        0xc os_exception.o
 .group         0x00000000        0xc os_exception.o
 .group         0x00000000        0xc os_exception.o
 .group         0x00000000        0xc os_exception.o
 .group         0x00000000        0xc os_exception.o
 .debug_macro   0x00000000       0x4c os_exception.o
 .debug_macro   0x00000000       0x8e os_exception.o
 .debug_macro   0x00000000       0x46 os_exception.o
 .debug_macro   0x00000000       0x10 os_exception.o
 .debug_macro   0x00000000       0x10 os_exception.o
 .debug_macro   0x00000000       0x28 os_exception.o
 .debug_macro   0x00000000       0x1c os_exception.o
 .group         0x00000000        0xc os_exception_isr_handler.o
 .group         0x00000000        0xc os_exception_isr_handler.o
 .group         0x00000000        0xc os_exception_isr_handler.o
 .group         0x00000000        0xc os_exception_isr_handler.o
 .group         0x00000000        0xc os_exception_isr_handler.o
 .group         0x00000000        0xc os_exception_isr_handler.o
 .group         0x00000000        0xc os_exception_isr_handler.o
 .group         0x00000000        0xc os_exception_isr_handler.o
 .group         0x00000000        0xc os_exception_isr_handler.o
 .debug_macro   0x00000000      0xa42 os_exception_isr_handler.o
 .debug_macro   0x00000000       0x4c os_exception_isr_handler.o
 .debug_macro   0x00000000       0x8e os_exception_isr_handler.o
 .debug_macro   0x00000000       0x46 os_exception_isr_handler.o
 .debug_macro   0x00000000       0x10 os_exception_isr_handler.o
 .debug_macro   0x00000000       0x10 os_exception_isr_handler.o
 .debug_macro   0x00000000       0x28 os_exception_isr_handler.o
 .debug_macro   0x00000000       0x1c os_exception_isr_handler.o
 .debug_macro   0x00000000       0x28 os_exception_isr_handler.o
 .group         0x00000000        0xc os_init_task_system.o
 .group         0x00000000        0xc os_init_task_system.o
 .group         0x00000000        0xc os_init_task_system.o
 .group         0x00000000        0xc os_init_task_system.o
 .group         0x00000000        0xc os_init_task_system.o
 .group         0x00000000        0xc os_init_task_system.o
 .group         0x00000000        0xc os_init_task_system.o
 .group         0x00000000        0xc os_init_task_system.o
 .group         0x00000000        0xc os_init_task_system.o
 .debug_macro   0x00000000      0xa42 os_init_task_system.o
 .debug_macro   0x00000000       0x4c os_init_task_system.o
 .debug_macro   0x00000000       0x8e os_init_task_system.o
 .debug_macro   0x00000000       0x46 os_init_task_system.o
 .debug_macro   0x00000000       0x10 os_init_task_system.o
 .debug_macro   0x00000000       0x10 os_init_task_system.o
 .debug_macro   0x00000000       0x28 os_init_task_system.o
 .debug_macro   0x00000000       0x1c os_init_task_system.o
 .group         0x00000000        0xc os_main.o
 .group         0x00000000        0xc os_main.o
 .group         0x00000000        0xc os_main.o
 .group         0x00000000        0xc os_main.o
 .group         0x00000000        0xc os_main.o
 .group         0x00000000        0xc os_main.o
 .group         0x00000000        0xc os_main.o
 .group         0x00000000        0xc os_main.o
 .group         0x00000000        0xc os_main.o
 .group         0x00000000        0xc os_main.o
 .debug_macro   0x00000000      0xa42 os_main.o
 .debug_macro   0x00000000       0x4c os_main.o
 .debug_macro   0x00000000       0x8e os_main.o
 .debug_macro   0x00000000       0x46 os_main.o
 .debug_macro   0x00000000       0x10 os_main.o
 .debug_macro   0x00000000       0x10 os_main.o
 .debug_macro   0x00000000       0x28 os_main.o
 .debug_macro   0x00000000       0x1c os_main.o
 .debug_macro   0x00000000       0x28 os_main.o
 .debug_macro   0x00000000       0x1c os_main.o
 .group         0x00000000        0xc os_memory_mmu_setup.o
 .group         0x00000000        0xc os_memory_mmu_setup.o
 .group         0x00000000        0xc os_memory_mmu_setup.o
 .group         0x00000000        0xc os_memory_mmu_setup.o
 .group         0x00000000        0xc os_memory_mmu_setup.o
 .group         0x00000000        0xc os_memory_mmu_setup.o
 .group         0x00000000        0xc os_memory_mmu_setup.o
 .group         0x00000000        0xc os_memory_mmu_setup.o
 .debug_macro   0x00000000      0xa42 os_memory_mmu_setup.o
 .debug_macro   0x00000000       0x4c os_memory_mmu_setup.o
 .debug_macro   0x00000000       0x8e os_memory_mmu_setup.o
 .debug_macro   0x00000000       0x46 os_memory_mmu_setup.o
 .debug_macro   0x00000000       0x10 os_memory_mmu_setup.o
 .debug_macro   0x00000000       0x10 os_memory_mmu_setup.o
 .debug_macro   0x00000000       0x28 os_memory_mmu_setup.o
 .debug_macro   0x00000000       0x1c os_memory_mmu_setup.o
 .group         0x00000000        0xc os_shutdown.o
 .group         0x00000000        0xc os_shutdown.o
 .group         0x00000000        0xc os_shutdown.o
 .group         0x00000000        0xc os_shutdown.o
 .group         0x00000000        0xc os_shutdown.o
 .group         0x00000000        0xc os_shutdown.o
 .group         0x00000000        0xc os_shutdown.o
 .group         0x00000000        0xc os_shutdown.o
 .debug_macro   0x00000000      0xa42 os_shutdown.o
 .debug_macro   0x00000000       0x4c os_shutdown.o
 .debug_macro   0x00000000       0x8e os_shutdown.o
 .debug_macro   0x00000000       0x46 os_shutdown.o
 .debug_macro   0x00000000       0x10 os_shutdown.o
 .debug_macro   0x00000000       0x10 os_shutdown.o
 .debug_macro   0x00000000       0x28 os_shutdown.o
 .debug_macro   0x00000000       0x1c os_shutdown.o
 .group         0x00000000        0xc os_start_ext_prg.o
 .group         0x00000000        0xc os_start_ext_prg.o
 .group         0x00000000        0xc os_start_ext_prg.o
 .group         0x00000000        0xc os_start_ext_prg.o
 .group         0x00000000        0xc os_start_ext_prg.o
 .group         0x00000000        0xc os_start_ext_prg.o
 .group         0x00000000        0xc os_start_ext_prg.o
 .group         0x00000000        0xc os_start_ext_prg.o
 .debug_macro   0x00000000      0xa42 os_start_ext_prg.o
 .debug_macro   0x00000000       0x4c os_start_ext_prg.o
 .debug_macro   0x00000000       0x8e os_start_ext_prg.o
 .debug_macro   0x00000000       0x46 os_start_ext_prg.o
 .debug_macro   0x00000000       0x10 os_start_ext_prg.o
 .debug_macro   0x00000000       0x10 os_start_ext_prg.o
 .debug_macro   0x00000000       0x28 os_start_ext_prg.o
 .debug_macro   0x00000000       0x1c os_start_ext_prg.o
 .group         0x00000000        0xc os_start_init_hw.o
 .group         0x00000000        0xc os_start_init_hw.o
 .group         0x00000000        0xc os_start_init_hw.o
 .group         0x00000000        0xc os_start_init_hw.o
 .group         0x00000000        0xc os_start_init_hw.o
 .group         0x00000000        0xc os_start_init_hw.o
 .group         0x00000000        0xc os_start_init_hw.o
 .group         0x00000000        0xc os_start_init_hw.o
 .debug_macro   0x00000000      0xa42 os_start_init_hw.o
 .debug_macro   0x00000000       0x4c os_start_init_hw.o
 .debug_macro   0x00000000       0x8e os_start_init_hw.o
 .debug_macro   0x00000000       0x46 os_start_init_hw.o
 .debug_macro   0x00000000       0x10 os_start_init_hw.o
 .debug_macro   0x00000000       0x10 os_start_init_hw.o
 .debug_macro   0x00000000       0x28 os_start_init_hw.o
 .debug_macro   0x00000000       0x1c os_start_init_hw.o
 .group         0x00000000        0xc os_start_init_mc.o
 .group         0x00000000        0xc os_start_init_mc.o
 .group         0x00000000        0xc os_start_init_mc.o
 .group         0x00000000        0xc os_start_init_mc.o
 .group         0x00000000        0xc os_start_init_mc.o
 .group         0x00000000        0xc os_start_init_mc.o
 .group         0x00000000        0xc os_start_init_mc.o
 .group         0x00000000        0xc os_start_init_mc.o
 .debug_macro   0x00000000      0xa42 os_start_init_mc.o
 .debug_macro   0x00000000       0x4c os_start_init_mc.o
 .debug_macro   0x00000000       0x8e os_start_init_mc.o
 .debug_macro   0x00000000       0x46 os_start_init_mc.o
 .debug_macro   0x00000000       0x10 os_start_init_mc.o
 .debug_macro   0x00000000       0x10 os_start_init_mc.o
 .debug_macro   0x00000000       0x28 os_start_init_mc.o
 .debug_macro   0x00000000       0x1c os_start_init_mc.o
 .group         0x00000000        0xc os_start_init_sw.o
 .group         0x00000000        0xc os_start_init_sw.o
 .group         0x00000000        0xc os_start_init_sw.o
 .group         0x00000000        0xc os_start_init_sw.o
 .group         0x00000000        0xc os_start_init_sw.o
 .group         0x00000000        0xc os_start_init_sw.o
 .group         0x00000000        0xc os_start_init_sw.o
 .group         0x00000000        0xc os_start_init_sw.o
 .debug_macro   0x00000000      0xa42 os_start_init_sw.o
 .debug_macro   0x00000000       0x4c os_start_init_sw.o
 .debug_macro   0x00000000       0x8e os_start_init_sw.o
 .debug_macro   0x00000000       0x46 os_start_init_sw.o
 .debug_macro   0x00000000       0x10 os_start_init_sw.o
 .debug_macro   0x00000000       0x10 os_start_init_sw.o
 .debug_macro   0x00000000       0x28 os_start_init_sw.o
 .debug_macro   0x00000000       0x1c os_start_init_sw.o
 .group         0x00000000        0xc os_start_os.o
 .group         0x00000000        0xc os_start_os.o
 .group         0x00000000        0xc os_start_os.o
 .group         0x00000000        0xc os_start_os.o
 .group         0x00000000        0xc os_start_os.o
 .group         0x00000000        0xc os_start_os.o
 .group         0x00000000        0xc os_start_os.o
 .group         0x00000000        0xc os_start_os.o
 .debug_macro   0x00000000      0xa42 os_start_os.o
 .debug_macro   0x00000000       0x4c os_start_os.o
 .debug_macro   0x00000000       0x8e os_start_os.o
 .debug_macro   0x00000000       0x46 os_start_os.o
 .debug_macro   0x00000000       0x10 os_start_os.o
 .debug_macro   0x00000000       0x10 os_start_os.o
 .debug_macro   0x00000000       0x28 os_start_os.o
 .debug_macro   0x00000000       0x1c os_start_os.o
 .group         0x00000000        0xc os_task_common.o
 .group         0x00000000        0xc os_task_common.o
 .group         0x00000000        0xc os_task_common.o
 .group         0x00000000        0xc os_task_common.o
 .group         0x00000000        0xc os_task_common.o
 .group         0x00000000        0xc os_task_common.o
 .group         0x00000000        0xc os_task_common.o
 .group         0x00000000        0xc os_task_common.o
 .group         0x00000000        0xc os_task_common.o
 .debug_macro   0x00000000      0xa42 os_task_common.o
 .debug_macro   0x00000000       0x4c os_task_common.o
 .debug_macro   0x00000000       0x8e os_task_common.o
 .debug_macro   0x00000000       0x46 os_task_common.o
 .debug_macro   0x00000000       0x10 os_task_common.o
 .debug_macro   0x00000000       0x10 os_task_common.o
 .debug_macro   0x00000000       0x28 os_task_common.o
 .debug_macro   0x00000000       0x1c os_task_common.o
 .debug_macro   0x00000000       0x28 os_task_common.o
 .group         0x00000000        0xc os_task_queue.o
 .group         0x00000000        0xc os_task_queue.o
 .group         0x00000000        0xc os_task_queue.o
 .group         0x00000000        0xc os_task_queue.o
 .group         0x00000000        0xc os_task_queue.o
 .group         0x00000000        0xc os_task_queue.o
 .group         0x00000000        0xc os_task_queue.o
 .group         0x00000000        0xc os_task_queue.o
 .group         0x00000000        0xc os_task_queue.o
 .group         0x00000000        0xc os_task_queue.o
 .debug_macro   0x00000000      0xa42 os_task_queue.o
 .debug_macro   0x00000000       0x4c os_task_queue.o
 .debug_macro   0x00000000       0x8e os_task_queue.o
 .debug_macro   0x00000000       0x46 os_task_queue.o
 .debug_macro   0x00000000       0x10 os_task_queue.o
 .debug_macro   0x00000000       0x10 os_task_queue.o
 .debug_macro   0x00000000       0x28 os_task_queue.o
 .debug_macro   0x00000000       0x1c os_task_queue.o
 .debug_macro   0x00000000       0x1c os_task_queue.o
 .debug_macro   0x00000000       0x28 os_task_queue.o
 .group         0x00000000        0xc os_task_scheduler.o
 .group         0x00000000        0xc os_task_scheduler.o
 .group         0x00000000        0xc os_task_scheduler.o
 .group         0x00000000        0xc os_task_scheduler.o
 .group         0x00000000        0xc os_task_scheduler.o
 .group         0x00000000        0xc os_task_scheduler.o
 .group         0x00000000        0xc os_task_scheduler.o
 .group         0x00000000        0xc os_task_scheduler.o
 .group         0x00000000        0xc os_task_scheduler.o
 .group         0x00000000        0xc os_task_scheduler.o
 .debug_macro   0x00000000      0xa42 os_task_scheduler.o
 .debug_macro   0x00000000       0x4c os_task_scheduler.o
 .debug_macro   0x00000000       0x8e os_task_scheduler.o
 .debug_macro   0x00000000       0x46 os_task_scheduler.o
 .debug_macro   0x00000000       0x10 os_task_scheduler.o
 .debug_macro   0x00000000       0x10 os_task_scheduler.o
 .debug_macro   0x00000000       0x28 os_task_scheduler.o
 .debug_macro   0x00000000       0x1c os_task_scheduler.o
 .debug_macro   0x00000000       0x28 os_task_scheduler.o
 .debug_macro   0x00000000       0x1c os_task_scheduler.o
 .group         0x00000000        0xc os_stack.o
 .group         0x00000000        0xc os_stack.o
 .group         0x00000000        0xc os_stack.o
 .group         0x00000000        0xc os_stack.o
 .group         0x00000000        0xc os_stack.o
 .group         0x00000000        0xc os_stack.o
 .group         0x00000000        0xc os_stack.o
 .group         0x00000000        0xc os_stack.o
 .debug_macro   0x00000000      0xa42 os_stack.o
 .debug_macro   0x00000000       0x4c os_stack.o
 .debug_macro   0x00000000       0x8e os_stack.o
 .debug_macro   0x00000000       0x46 os_stack.o
 .debug_macro   0x00000000       0x10 os_stack.o
 .debug_macro   0x00000000       0x10 os_stack.o
 .debug_macro   0x00000000       0x28 os_stack.o
 .debug_macro   0x00000000       0x1c os_stack.o
 .group         0x00000000        0xc os_heap.o
 .group         0x00000000        0xc os_heap.o
 .group         0x00000000        0xc os_heap.o
 .group         0x00000000        0xc os_heap.o
 .group         0x00000000        0xc os_heap.o
 .group         0x00000000        0xc os_heap.o
 .group         0x00000000        0xc os_heap.o
 .group         0x00000000        0xc os_heap.o
 .debug_macro   0x00000000      0xa42 os_heap.o
 .debug_macro   0x00000000       0x4c os_heap.o
 .debug_macro   0x00000000       0x8e os_heap.o
 .debug_macro   0x00000000       0x46 os_heap.o
 .debug_macro   0x00000000       0x10 os_heap.o
 .debug_macro   0x00000000       0x10 os_heap.o
 .debug_macro   0x00000000       0x28 os_heap.o
 .debug_macro   0x00000000       0x1c os_heap.o
 .group         0x00000000        0xc led.o
 .group         0x00000000        0xc led.o
 .group         0x00000000        0xc led.o
 .group         0x00000000        0xc led.o
 .group         0x00000000        0xc led.o
 .group         0x00000000        0xc led.o
 .group         0x00000000        0xc led.o
 .group         0x00000000        0xc led.o
 .debug_macro   0x00000000      0xa42 led.o
 .debug_macro   0x00000000       0x4c led.o
 .debug_macro   0x00000000       0x8e led.o
 .debug_macro   0x00000000       0x46 led.o
 .debug_macro   0x00000000       0x10 led.o
 .debug_macro   0x00000000       0x10 led.o
 .debug_macro   0x00000000       0x28 led.o
 .debug_macro   0x00000000       0x1c led.o
 .group         0x00000000        0xc os_ram.o
 .group         0x00000000        0xc os_ram.o
 .group         0x00000000        0xc os_ram.o
 .group         0x00000000        0xc os_ram.o
 .group         0x00000000        0xc os_ram.o
 .group         0x00000000        0xc os_ram.o
 .group         0x00000000        0xc os_ram.o
 .group         0x00000000        0xc os_ram.o
 .debug_macro   0x00000000      0xa42 os_ram.o
 .debug_macro   0x00000000       0x4c os_ram.o
 .debug_macro   0x00000000       0x8e os_ram.o
 .debug_macro   0x00000000       0x46 os_ram.o
 .debug_macro   0x00000000       0x10 os_ram.o
 .debug_macro   0x00000000       0x10 os_ram.o
 .debug_macro   0x00000000       0x28 os_ram.o
 .debug_macro   0x00000000       0x1c os_ram.o
 .group         0x00000000        0xc os_shared_ram.o
 .group         0x00000000        0xc os_shared_ram.o
 .group         0x00000000        0xc os_shared_ram.o
 .group         0x00000000        0xc os_shared_ram.o
 .group         0x00000000        0xc os_shared_ram.o
 .group         0x00000000        0xc os_shared_ram.o
 .group         0x00000000        0xc os_shared_ram.o
 .group         0x00000000        0xc os_shared_ram.o
 .debug_macro   0x00000000      0xa42 os_shared_ram.o
 .debug_macro   0x00000000       0x4c os_shared_ram.o
 .debug_macro   0x00000000       0x8e os_shared_ram.o
 .debug_macro   0x00000000       0x46 os_shared_ram.o
 .debug_macro   0x00000000       0x10 os_shared_ram.o
 .debug_macro   0x00000000       0x10 os_shared_ram.o
 .debug_macro   0x00000000       0x28 os_shared_ram.o
 .debug_macro   0x00000000       0x1c os_shared_ram.o

Memory Configuration

Name             Origin             Length             Attributes
rom              0x08000000         0x00100000
ram              0x20000000         0x00030000
*default*        0x00000000         0xffffffff

Linker script and memory map


.text           0x08000000    0x1cffc
                0x08000000                _ivec_start = .
 os_exception_table.o()
 .text          0x08000000        0x0 os_exception_table.o
 .data          0x08000000      0x400 os_exception_table.o
                0x08000000                isr_vec_table
 .bss           0x08000400        0x0 os_exception_table.o
 .debug_info    0x08000400      0x6e6 os_exception_table.o
 .debug_abbrev  0x08000ae6      0x104 os_exception_table.o
 .debug_aranges
                0x08000bea       0x18 os_exception_table.o
 .debug_macro   0x08000c02       0xa8 os_exception_table.o
 .debug_macro   0x08000caa      0xa42 os_exception_table.o
 .debug_macro   0x080016ec       0x4c os_exception_table.o
 .debug_macro   0x08001738       0x8e os_exception_table.o
 .debug_macro   0x080017c6       0x46 os_exception_table.o
 .debug_macro   0x0800180c       0x10 os_exception_table.o
 .debug_macro   0x0800181c       0x10 os_exception_table.o
 .debug_macro   0x0800182c       0x28 os_exception_table.o
 .debug_macro   0x08001854       0x1c os_exception_table.o
 .debug_line    0x08001870      0x1ec os_exception_table.o
 .debug_str     0x08001a5c     0x39e1 os_exception_table.o
                               0x3aa8 (size before relaxing)
 .comment       0x0800543d       0x7f os_exception_table.o
                                 0x80 (size before relaxing)
 .ARM.attributes
                0x080054bc       0x33 os_exception_table.o
 .iplt          0x080054ef        0x0 os_exception_table.o
 .rel.iplt      0x080054ef        0x0 os_exception_table.o
 .igot.plt      0x080054ef        0x0 os_exception_table.o
                0x080054ef                _ivec_end = .
                [!provide]                PROVIDE (ivec_start = .)
                [!provide]                PROVIDE (ivec_end = .)
                0x080054ef                _const_start = .
 os_const.o()
 *fill*         0x080054ef        0x1 
 .text          0x080054f0        0x0 os_const.o
 .data          0x080054f0        0x0 os_const.o
 .bss           0x080054f0        0x0 os_const.o
 .debug_info    0x080054f0      0x6b3 os_const.o
 .debug_abbrev  0x08005ba3       0xec os_const.o
 .debug_aranges
                0x08005c8f       0x18 os_const.o
 .debug_macro   0x08005ca7       0x9e os_const.o
 .debug_line    0x08005d45      0x1c4 os_const.o
 .debug_str     0x08005f09       0x46 os_const.o
                               0x3a67 (size before relaxing)
 .comment       0x08005f4f       0x80 os_const.o
 .ARM.attributes
                0x08005f4f       0x33 os_const.o
                0x08005fcf                _const_end = .
                [!provide]                PROVIDE (const_start = .)
                [!provide]                PROVIDE (const_end = .)
                0x08005fcf                _code_start = .
 lld_global.o()
 *fill*         0x08005f82        0x2 
 .text          0x08005f84      0x14c E:\NeuOrga\Programmieren\c_cpp\github_os\output\os_drivers\obj_arm\lld_global.o
                0x08005f84                OS_GetCoreId
                0x08005f8a                LLF_SAVE_TASK_STACK
                0x08005f90                LLF_SAVE_REGISTERS
                0x08005fca                LLF_RESTORE_TASK_STACK
                0x08005fd0                LLF_RESTORE_REGISTERS
                0x08005ff2                LLF_RESTORE_SYSTEM_STACK
                0x08005ff8                LLF_SAVE_SYSTEM_STACK
                0x08005ffe                LLF_CLEAR_ALL_GP_REGISTERS
                0x08006030                LLF_PERFORM_RAM_CHECK
                0x0800607c                LLF_CHANGE_TO_UNPRIVILIGED_THREAD_MODE
 .data          0x080060d0        0x0 E:\NeuOrga\Programmieren\c_cpp\github_os\output\os_drivers\obj_arm\lld_global.o
 .bss           0x080060d0        0x0 E:\NeuOrga\Programmieren\c_cpp\github_os\output\os_drivers\obj_arm\lld_global.o
 .debug_line    0x080060d0       0xf6 E:\NeuOrga\Programmieren\c_cpp\github_os\output\os_drivers\obj_arm\lld_global.o
 .debug_info    0x080061c6       0x26 E:\NeuOrga\Programmieren\c_cpp\github_os\output\os_drivers\obj_arm\lld_global.o
 .debug_abbrev  0x080061ec       0x14 E:\NeuOrga\Programmieren\c_cpp\github_os\output\os_drivers\obj_arm\lld_global.o
 .debug_aranges
                0x08006200       0x20 E:\NeuOrga\Programmieren\c_cpp\github_os\output\os_drivers\obj_arm\lld_global.o
 .debug_str     0x08006220       0x59 E:\NeuOrga\Programmieren\c_cpp\github_os\output\os_drivers\obj_arm\lld_global.o
                                 0x91 (size before relaxing)
 .ARM.attributes
                0x08006279       0x21 E:\NeuOrga\Programmieren\c_cpp\github_os\output\os_drivers\obj_arm\lld_global.o
 lld_interrupt.o()
 .text          0x0800629a       0x14 E:\NeuOrga\Programmieren\c_cpp\github_os\output\os_drivers\obj_arm\lld_interrupt.o
                0x0800629a                LLF_INT_DISABLE
                0x080062a0                LLF_INT_ENABLE
                0x080062a6                LLF_DISABLE_INTERRUPTS_ALL_CORES
                0x080062ac                LLF_WAIT_FOR_INTERRUPT
 .data          0x080062ae        0x0 E:\NeuOrga\Programmieren\c_cpp\github_os\output\os_drivers\obj_arm\lld_interrupt.o
 .bss           0x080062ae        0x0 E:\NeuOrga\Programmieren\c_cpp\github_os\output\os_drivers\obj_arm\lld_interrupt.o
 .debug_line    0x080062ae       0x85 E:\NeuOrga\Programmieren\c_cpp\github_os\output\os_drivers\obj_arm\lld_interrupt.o
 .debug_info    0x08006333       0x26 E:\NeuOrga\Programmieren\c_cpp\github_os\output\os_drivers\obj_arm\lld_interrupt.o
 .debug_abbrev  0x08006359       0x14 E:\NeuOrga\Programmieren\c_cpp\github_os\output\os_drivers\obj_arm\lld_interrupt.o
 *fill*         0x0800636d        0x3 
 .debug_aranges
                0x08006370       0x20 E:\NeuOrga\Programmieren\c_cpp\github_os\output\os_drivers\obj_arm\lld_interrupt.o
 .debug_str     0x08006390       0x4e E:\NeuOrga\Programmieren\c_cpp\github_os\output\os_drivers\obj_arm\lld_interrupt.o
                                 0x94 (size before relaxing)
 .ARM.attributes
                0x080063de       0x21 E:\NeuOrga\Programmieren\c_cpp\github_os\output\os_drivers\obj_arm\lld_interrupt.o
 lld_mmu.o()
 *fill*         0x080063ff        0x1 
 .text          0x08006400       0xb4 E:\NeuOrga\Programmieren\c_cpp\github_os\output\os_drivers\obj_arm\lld_mmu.o
                0x08006400                LLF_MPU_DISABLE
                0x0800643e                LLF_MPU_ENABLE
                0x0800647c                LLF_GET_MPU_PRESENT
 .data          0x080064b4        0x0 E:\NeuOrga\Programmieren\c_cpp\github_os\output\os_drivers\obj_arm\lld_mmu.o
 .bss           0x080064b4        0x0 E:\NeuOrga\Programmieren\c_cpp\github_os\output\os_drivers\obj_arm\lld_mmu.o
 .debug_line    0x080064b4       0xad E:\NeuOrga\Programmieren\c_cpp\github_os\output\os_drivers\obj_arm\lld_mmu.o
 .debug_info    0x08006561       0x26 E:\NeuOrga\Programmieren\c_cpp\github_os\output\os_drivers\obj_arm\lld_mmu.o
 .debug_abbrev  0x08006587       0x14 E:\NeuOrga\Programmieren\c_cpp\github_os\output\os_drivers\obj_arm\lld_mmu.o
 *fill*         0x0800659b        0x5 
 .debug_aranges
                0x080065a0       0x20 E:\NeuOrga\Programmieren\c_cpp\github_os\output\os_drivers\obj_arm\lld_mmu.o
 .debug_str     0x080065c0       0x48 E:\NeuOrga\Programmieren\c_cpp\github_os\output\os_drivers\obj_arm\lld_mmu.o
                                 0x8e (size before relaxing)
 .ARM.attributes
                0x08006608       0x21 E:\NeuOrga\Programmieren\c_cpp\github_os\output\os_drivers\obj_arm\lld_mmu.o
 lld_ram.o()
 *fill*         0x08006629        0x3 
 .text          0x0800662c       0xa0 E:\NeuOrga\Programmieren\c_cpp\github_os\output\os_drivers\obj_arm\lld_ram.o
                0x0800662c                INIT_OS_STACK
                0x08006646                LLF_CLEAR_ALL_RAM
 .data          0x080066cc        0x0 E:\NeuOrga\Programmieren\c_cpp\github_os\output\os_drivers\obj_arm\lld_ram.o
 .bss           0x080066cc        0x0 E:\NeuOrga\Programmieren\c_cpp\github_os\output\os_drivers\obj_arm\lld_ram.o
 .debug_line    0x080066cc       0xad E:\NeuOrga\Programmieren\c_cpp\github_os\output\os_drivers\obj_arm\lld_ram.o
 .debug_info    0x08006779       0x26 E:\NeuOrga\Programmieren\c_cpp\github_os\output\os_drivers\obj_arm\lld_ram.o
 .debug_abbrev  0x0800679f       0x14 E:\NeuOrga\Programmieren\c_cpp\github_os\output\os_drivers\obj_arm\lld_ram.o
 *fill*         0x080067b3        0x5 
 .debug_aranges
                0x080067b8       0x20 E:\NeuOrga\Programmieren\c_cpp\github_os\output\os_drivers\obj_arm\lld_ram.o
 .debug_str     0x080067d8       0x48 E:\NeuOrga\Programmieren\c_cpp\github_os\output\os_drivers\obj_arm\lld_ram.o
                                 0x8e (size before relaxing)
 .ARM.attributes
                0x08006820       0x21 E:\NeuOrga\Programmieren\c_cpp\github_os\output\os_drivers\obj_arm\lld_ram.o
 lld_timer.o()
 .text          0x08006841        0x0 E:\NeuOrga\Programmieren\c_cpp\github_os\output\os_drivers\obj_arm\lld_timer.o
 .data          0x08006841        0x0 E:\NeuOrga\Programmieren\c_cpp\github_os\output\os_drivers\obj_arm\lld_timer.o
 .bss           0x08006841        0x0 E:\NeuOrga\Programmieren\c_cpp\github_os\output\os_drivers\obj_arm\lld_timer.o
 .ARM.attributes
                0x08006841       0x21 E:\NeuOrga\Programmieren\c_cpp\github_os\output\os_drivers\obj_arm\lld_timer.o
 lld_power.o()
 *fill*         0x08006862        0x2 
 .text          0x08006864       0x20 E:\NeuOrga\Programmieren\c_cpp\github_os\output\os_drivers\obj_arm\lld_power.o
                0x08006864                LLF_MCU_SWITCH_OFF_POWER
                0x0800686a                LLF_MCU_RESET_POWER
 .data          0x08006884        0x0 E:\NeuOrga\Programmieren\c_cpp\github_os\output\os_drivers\obj_arm\lld_power.o
 .bss           0x08006884        0x0 E:\NeuOrga\Programmieren\c_cpp\github_os\output\os_drivers\obj_arm\lld_power.o
 .debug_line    0x08006884       0x87 E:\NeuOrga\Programmieren\c_cpp\github_os\output\os_drivers\obj_arm\lld_power.o
 .debug_info    0x0800690b       0x26 E:\NeuOrga\Programmieren\c_cpp\github_os\output\os_drivers\obj_arm\lld_power.o
 .debug_abbrev  0x08006931       0x14 E:\NeuOrga\Programmieren\c_cpp\github_os\output\os_drivers\obj_arm\lld_power.o
 *fill*         0x08006945        0x3 
 .debug_aranges
                0x08006948       0x20 E:\NeuOrga\Programmieren\c_cpp\github_os\output\os_drivers\obj_arm\lld_power.o
 .debug_str     0x08006968       0x4a E:\NeuOrga\Programmieren\c_cpp\github_os\output\os_drivers\obj_arm\lld_power.o
                                 0x90 (size before relaxing)
 .ARM.attributes
                0x080069b2       0x21 E:\NeuOrga\Programmieren\c_cpp\github_os\output\os_drivers\obj_arm\lld_power.o
 os_exception_reset.o()
 *fill*         0x080069d3        0x1 
 .text          0x080069d4       0xa2 E:\NeuOrga\Programmieren\c_cpp\github_os\output\os_drivers\obj_arm\os_exception_reset.o
                0x080069d4                OS_Exception_RESET
 .data          0x08006a76        0x0 E:\NeuOrga\Programmieren\c_cpp\github_os\output\os_drivers\obj_arm\os_exception_reset.o
 .bss           0x08006a76        0x0 E:\NeuOrga\Programmieren\c_cpp\github_os\output\os_drivers\obj_arm\os_exception_reset.o
 .debug_line    0x08006a76       0xb3 E:\NeuOrga\Programmieren\c_cpp\github_os\output\os_drivers\obj_arm\os_exception_reset.o
 .debug_info    0x08006b29       0x26 E:\NeuOrga\Programmieren\c_cpp\github_os\output\os_drivers\obj_arm\os_exception_reset.o
 .debug_abbrev  0x08006b4f       0x14 E:\NeuOrga\Programmieren\c_cpp\github_os\output\os_drivers\obj_arm\os_exception_reset.o
 *fill*         0x08006b63        0x5 
 .debug_aranges
                0x08006b68       0x20 E:\NeuOrga\Programmieren\c_cpp\github_os\output\os_drivers\obj_arm\os_exception_reset.o
 .debug_str     0x08006b88       0x50 E:\NeuOrga\Programmieren\c_cpp\github_os\output\os_drivers\obj_arm\os_exception_reset.o
                                 0x96 (size before relaxing)
 .ARM.attributes
                0x08006bd8       0x21 E:\NeuOrga\Programmieren\c_cpp\github_os\output\os_drivers\obj_arm\os_exception_reset.o
 os_common.o()
 *fill*         0x08006bf9        0x3 
 .text          0x08006bfc      0x8c4 os_common.o
                0x08006bfc                OS_SetSwBug
                0x08006c08                OS_GetCurrentTime
                0x08006c2c                OS_ResetCurrentTime
                0x08006c68                IntAdd
                0x08006d64                IntSub
                0x08006ed0                IsLess
                0x08006f7c                IsLessOrEqual
                0x080070ec                IsEqual
                0x08007178                IsGreater
                0x08007228                IsGreaterOrEqual
                0x08007398                Assign
                0x08007498                AssignNull
                0x080074a4                AssignUint32
 .data          0x080074c0        0x0 os_common.o
 .bss           0x080074c0        0x0 os_common.o
 .debug_info    0x080074c0      0xc71 os_common.o
 .debug_abbrev  0x08008131      0x26b os_common.o
 .debug_loc     0x0800839c      0xd59 os_common.o
 .debug_aranges
                0x080090f5       0x20 os_common.o
 .debug_ranges  0x08009115       0x80 os_common.o
 .debug_macro   0x08009195       0xba os_common.o
 .debug_line    0x0800924f      0x394 os_common.o
 .debug_str     0x080095e3      0x3c7 os_common.o
                               0x3ded (size before relaxing)
 .comment       0x080099aa       0x80 os_common.o
 *fill*         0x080099aa        0x2 
 .debug_frame   0x080099ac      0x1a4 os_common.o
 .ARM.attributes
                0x08009b50       0x33 os_common.o
 os_exception.o()
 *fill*         0x08009b83        0x1 
 .text          0x08009b84      0x3f4 os_exception.o
                0x08009b84                OS_Exception_HARDFAULT
                0x08009c04                OS_Exception_NMI
                0x08009c84                OS_Exception_SWI
                0x08009c94                OS_Exception_BUS_FAULT
                0x08009d14                OS_Exception_DEBUG
                0x08009d88                OS_Exception_MEM_MANAG_FAULT
                0x08009e08                OS_Exception_USAGE_FAULT
                0x08009e88                OS_Exception_PendSV
                0x08009e90                OS_Exception_Systick
                0x08009f70                OS_Exception_IRQ
                0x08009f74                OS_Exception_FIQ
 .data          0x08009f78        0x0 os_exception.o
 .bss           0x08009f78        0x0 os_exception.o
 .debug_info    0x08009f78      0x996 os_exception.o
 .debug_abbrev  0x0800a90e      0x1c9 os_exception.o
 .debug_loc     0x0800aad7       0x48 os_exception.o
 .debug_aranges
                0x0800ab1f       0x20 os_exception.o
 .debug_macro   0x0800ab3f      0x13b os_exception.o
 .debug_macro   0x0800ac7a      0xa3c os_exception.o
 .debug_macro   0x0800b6b6       0x1c os_exception.o
 .debug_macro   0x0800b6d2       0x28 os_exception.o
 .debug_line    0x0800b6fa      0x2c2 os_exception.o
 .debug_str     0x0800b9bc      0x701 os_exception.o
                               0x40f2 (size before relaxing)
 .comment       0x0800c0bd       0x80 os_exception.o
 *fill*         0x0800c0bd        0x3 
 .debug_frame   0x0800c0c0      0x138 os_exception.o
 .ARM.attributes
                0x0800c1f8       0x33 os_exception.o
 os_exception_isr_handler.o()
 *fill*         0x0800c22b        0x1 
 .text          0x0800c22c        0x4 os_exception_isr_handler.o
                0x0800c22c                OS_ISRHANDLERC0
 .data          0x0800c230        0x0 os_exception_isr_handler.o
 .bss           0x0800c230        0x0 os_exception_isr_handler.o
 .debug_info    0x0800c230      0x6cc os_exception_isr_handler.o
 .debug_abbrev  0x0800c8fc      0x108 os_exception_isr_handler.o
 .debug_aranges
                0x0800ca04       0x20 os_exception_isr_handler.o
 .debug_macro   0x0800ca24       0xab os_exception_isr_handler.o
 .debug_line    0x0800cacf      0x20d os_exception_isr_handler.o
 .debug_str     0x0800ccdc       0x56 os_exception_isr_handler.o
                               0x3af7 (size before relaxing)
 .comment       0x0800cd32       0x80 os_exception_isr_handler.o
 *fill*         0x0800cd32        0x2 
 .debug_frame   0x0800cd34       0x20 os_exception_isr_handler.o
 .ARM.attributes
                0x0800cd54       0x33 os_exception_isr_handler.o
 os_exception_table.o()
 os_init_task_system.o()
 *fill*         0x0800cd87        0x1 
 .text          0x0800cd88        0x4 os_init_task_system.o
                0x0800cd88                OS_InitTaskSystem
 .data          0x0800cd8c        0x0 os_init_task_system.o
 .bss           0x0800cd8c        0x0 os_init_task_system.o
 .debug_info    0x0800cd8c      0x6e5 os_init_task_system.o
 .debug_abbrev  0x0800d471      0x129 os_init_task_system.o
 .debug_aranges
                0x0800d59a       0x20 os_init_task_system.o
 .debug_macro   0x0800d5ba       0xb1 os_init_task_system.o
 .debug_macro   0x0800d66b       0x22 os_init_task_system.o
 .debug_line    0x0800d68d      0x208 os_init_task_system.o
 .debug_str     0x0800d895       0x70 os_init_task_system.o
                               0x3b01 (size before relaxing)
 .comment       0x0800d905       0x80 os_init_task_system.o
 *fill*         0x0800d905        0x3 
 .debug_frame   0x0800d908       0x20 os_init_task_system.o
 .ARM.attributes
                0x0800d928       0x33 os_init_task_system.o
 os_main.o()
 *fill*         0x0800d95b        0x1 
 .text          0x0800d95c       0xc8 os_main.o
                0x0800d95c                OS_StateHandler
 .data          0x0800da24        0x0 os_main.o
 .bss           0x0800da24        0x8 os_main.o
 .debug_info    0x0800da2c      0x8a8 os_main.o
 .debug_abbrev  0x0800e2d4      0x188 os_main.o
 .debug_aranges
                0x0800e45c       0x20 os_main.o
 .debug_macro   0x0800e47c       0xdc os_main.o
 .debug_line    0x0800e558      0x28c os_main.o
 .debug_str     0x0800e7e4      0x1b1 os_main.o
                               0x3d47 (size before relaxing)
 .comment       0x0800e995       0x80 os_main.o
 *fill*         0x0800e995        0x3 
 .debug_frame   0x0800e998       0x2c os_main.o
 .ARM.attributes
                0x0800e9c4       0x33 os_main.o
 os_memory_mmu_setup.o()
 *fill*         0x0800e9f7        0x1 
 .text          0x0800e9f8       0x5c os_memory_mmu_setup.o
                0x0800e9f8                OS_MmuSetup
 .data          0x0800ea54        0x0 os_memory_mmu_setup.o
 .bss           0x0800ea54        0x0 os_memory_mmu_setup.o
 .debug_info    0x0800ea54      0x6e5 os_memory_mmu_setup.o
 .debug_abbrev  0x0800f139      0x129 os_memory_mmu_setup.o
 .debug_aranges
                0x0800f262       0x20 os_memory_mmu_setup.o
 .debug_macro   0x0800f282       0xf0 os_memory_mmu_setup.o
 .debug_line    0x0800f372      0x21a os_memory_mmu_setup.o
 .debug_str     0x0800f58c      0x25d os_memory_mmu_setup.o
                               0x3c7e (size before relaxing)
 .comment       0x0800f7e9       0x80 os_memory_mmu_setup.o
 *fill*         0x0800f7e9        0x3 
 .debug_frame   0x0800f7ec       0x38 os_memory_mmu_setup.o
 .ARM.attributes
                0x0800f824       0x33 os_memory_mmu_setup.o
 os_shutdown.o()
 *fill*         0x0800f857        0x1 
 .text          0x0800f858       0x40 os_shutdown.o
                0x0800f858                OS_Shutdown
 .data          0x0800f898        0x0 os_shutdown.o
 .bss           0x0800f898        0x0 os_shutdown.o
 .debug_info    0x0800f898      0x878 os_shutdown.o
 .debug_abbrev  0x08010110      0x175 os_shutdown.o
 .debug_loc     0x08010285       0x21 os_shutdown.o
 .debug_aranges
                0x080102a6       0x20 os_shutdown.o
 .debug_macro   0x080102c6       0xb2 os_shutdown.o
 .debug_line    0x08010378      0x210 os_shutdown.o
 .debug_str     0x08010588      0x10a os_shutdown.o
                               0x3d1b (size before relaxing)
 .comment       0x08010692       0x80 os_shutdown.o
 *fill*         0x08010692        0x2 
 .debug_frame   0x08010694       0x2c os_shutdown.o
 .ARM.attributes
                0x080106c0       0x33 os_shutdown.o
 os_start_ext_prg.o()
 *fill*         0x080106f3        0x1 
 .text          0x080106f4       0x10 os_start_ext_prg.o
                0x080106f4                OS_StartExtPrg
 .data          0x08010704        0x0 os_start_ext_prg.o
 .bss           0x08010704        0x0 os_start_ext_prg.o
 .debug_info    0x08010704      0x75f os_start_ext_prg.o
 .debug_abbrev  0x08010e63      0x16b os_start_ext_prg.o
 .debug_loc     0x08010fce       0x79 os_start_ext_prg.o
 .debug_aranges
                0x08011047       0x20 os_start_ext_prg.o
 .debug_macro   0x08011067       0x9e os_start_ext_prg.o
 .debug_line    0x08011105      0x1e0 os_start_ext_prg.o
 .debug_str     0x080112e5       0x81 os_start_ext_prg.o
                               0x3acc (size before relaxing)
 .comment       0x08011366       0x80 os_start_ext_prg.o
 *fill*         0x08011366        0x2 
 .debug_frame   0x08011368       0x30 os_start_ext_prg.o
 .ARM.attributes
                0x08011398       0x33 os_start_ext_prg.o
 os_start_init_hw.o()
 *fill*         0x080113cb        0x1 
 .text          0x080113cc        0x4 os_start_init_hw.o
                0x080113cc                OS_InitHw
 .data          0x080113d0        0x0 os_start_init_hw.o
 .bss           0x080113d0        0x0 os_start_init_hw.o
 .debug_info    0x080113d0      0x6cc os_start_init_hw.o
 .debug_abbrev  0x08011a9c      0x108 os_start_init_hw.o
 .debug_aranges
                0x08011ba4       0x20 os_start_init_hw.o
 .debug_macro   0x08011bc4       0x9e os_start_init_hw.o
 .debug_line    0x08011c62      0x1da os_start_init_hw.o
 .debug_str     0x08011e3c       0x4e os_start_init_hw.o
                               0x3a79 (size before relaxing)
 .comment       0x08011e8a       0x80 os_start_init_hw.o
 *fill*         0x08011e8a        0x2 
 .debug_frame   0x08011e8c       0x20 os_start_init_hw.o
 .ARM.attributes
                0x08011eac       0x33 os_start_init_hw.o
 os_start_init_mc.o()
 *fill*         0x08011edf        0x1 
 .text          0x08011ee0        0x4 os_start_init_mc.o
                0x08011ee0                OS_InitMc
 .data          0x08011ee4        0x0 os_start_init_mc.o
 .bss           0x08011ee4        0x0 os_start_init_mc.o
 .debug_info    0x08011ee4      0x6e5 os_start_init_mc.o
 .debug_abbrev  0x080125c9      0x129 os_start_init_mc.o
 .debug_aranges
                0x080126f2       0x20 os_start_init_mc.o
 .debug_macro   0x08012712       0xb2 os_start_init_mc.o
 .debug_line    0x080127c4      0x209 os_start_init_mc.o
 .debug_str     0x080129cd       0x4e os_start_init_mc.o
                               0x3ab4 (size before relaxing)
 .comment       0x08012a1b       0x80 os_start_init_mc.o
 *fill*         0x08012a1b        0x1 
 .debug_frame   0x08012a1c       0x20 os_start_init_mc.o
 .ARM.attributes
                0x08012a3c       0x33 os_start_init_mc.o
 os_start_init_sw.o()
 *fill*         0x08012a6f        0x1 
 .text          0x08012a70       0x58 os_start_init_sw.o
                0x08012a70                OS_InitSw
 .data          0x08012ac8        0x0 os_start_init_sw.o
 .bss           0x08012ac8        0x0 os_start_init_sw.o
 .debug_info    0x08012ac8      0x6f2 os_start_init_sw.o
 .debug_abbrev  0x080131ba      0x135 os_start_init_sw.o
 .debug_loc     0x080132ef       0xbc os_start_init_sw.o
 .debug_aranges
                0x080133ab       0x20 os_start_init_sw.o
 .debug_macro   0x080133cb       0x9e os_start_init_sw.o
 .debug_line    0x08013469      0x1e8 os_start_init_sw.o
 .debug_str     0x08013651       0x4e os_start_init_sw.o
                               0x3a8b (size before relaxing)
 .comment       0x0801369f       0x80 os_start_init_sw.o
 *fill*         0x0801369f        0x1 
 .debug_frame   0x080136a0       0x2c os_start_init_sw.o
 .ARM.attributes
                0x080136cc       0x33 os_start_init_sw.o
 os_start_os.o()
 *fill*         0x080136ff        0x1 
 .text          0x08013700       0x70 os_start_os.o
                0x08013700                OS_StartOs
 .data          0x08013770        0x0 os_start_os.o
 .bss           0x08013770        0x0 os_start_os.o
 .debug_info    0x08013770      0x6e5 os_start_os.o
 .debug_abbrev  0x08013e55      0x129 os_start_os.o
 .debug_aranges
                0x08013f7e       0x20 os_start_os.o
 .debug_macro   0x08013f9e       0xca os_start_os.o
 .debug_line    0x08014068      0x213 os_start_os.o
 .debug_str     0x0801427b      0x233 os_start_os.o
                               0x3c74 (size before relaxing)
 .comment       0x080144ae       0x80 os_start_os.o
 *fill*         0x080144ae        0x2 
 .debug_frame   0x080144b0       0x3c os_start_os.o
 .ARM.attributes
                0x080144ec       0x33 os_start_os.o
 os_task_common.o()
 *fill*         0x0801451f        0x1 
 .text          0x08014520       0xe0 os_task_common.o
                0x08014520                OS_TaskSaveTaskEnvironment
                0x08014548                OS_TASK_RESTORETASK_ENVIRONMENT
                0x08014568                OS_TASK_RESTORE_SYSTEM_STACK
                0x0801456c                OS_TASK_SAVE_SYSTEM_STACK
                0x08014570                OS_Task_InitTaskEnvironment
 .data          0x08014600        0x0 os_task_common.o
 .bss           0x08014600        0x0 os_task_common.o
 .debug_info    0x08014600      0x969 os_task_common.o
 .debug_abbrev  0x08014f69      0x187 os_task_common.o
 .debug_loc     0x080150f0      0x10e os_task_common.o
 .debug_aranges
                0x080151fe       0x20 os_task_common.o
 .debug_macro   0x0801521e       0xaf os_task_common.o
 .debug_line    0x080152cd      0x251 os_task_common.o
 .debug_str     0x0801551e      0x136 os_task_common.o
                               0x3da0 (size before relaxing)
 .comment       0x08015654       0x80 os_task_common.o
 .debug_frame   0x08015654       0x9c os_task_common.o
 .ARM.attributes
                0x080156f0       0x33 os_task_common.o
 *fill*         0x08015723        0x1 
 COMMON         0x08015724       0x28 os_task_common.o
                0x08015724                TASK_PTR
 os_task_queue.o()
 .text          0x0801574c      0x5f8 os_task_queue.o
                0x0801574c                SET_RUNNING_TASK
                0x08015888                OS_InitTaskQueue
                0x080158c8                AddToTaskQueue
                0x08015a84                DeleteFromTaskQueue
                0x08015afc                GetFromTaskQueue
                0x08015b00                GetFromSchedulingQueue
                0x08015b0c                DeleteFromSchedulingQueue
                0x08015b14                AddToSchedulingQueue
                0x08015b6c                GetIdleTask
                0x08015b74                AddToIdleTaskQueue
                0x08015c98                GetRunningTask
                0x08015ca0                GetRunningSchedulingQueueElementPtr
                0x08015cac                OS_InitTask
 .data          0x08015d44        0x0 os_task_queue.o
 .bss           0x08015d44        0x0 os_task_queue.o
 .debug_info    0x08015d44      0xd2f os_task_queue.o
 .debug_abbrev  0x08016a73      0x1ef os_task_queue.o
 .debug_loc     0x08016c62      0x534 os_task_queue.o
 .debug_aranges
                0x08017196       0x20 os_task_queue.o
 .debug_macro   0x080171b6       0xb4 os_task_queue.o
 .debug_line    0x0801726a      0x361 os_task_queue.o
 .debug_str     0x080175cb      0x1d8 os_task_queue.o
                               0x3f11 (size before relaxing)
 .comment       0x080177a3       0x80 os_task_queue.o
 *fill*         0x080177a3        0x1 
 .debug_frame   0x080177a4      0x17c os_task_queue.o
 .ARM.attributes
                0x08017920       0x33 os_task_queue.o
 os_task_scheduler.o()
 *fill*         0x08017953        0x1 
 .text          0x08017954      0x6e8 os_task_scheduler.o
                0x08017ac0                OS_ActivateDispatcher
                0x08017af4                OS_SleepTask
                0x08017b7c                task_state_request
                0x08017c00                OS_CreateTask
                0x08017c34                OS_ActivateTask
                0x08017ca8                OS_StartTask
                0x08017d3c                OS_TerminateTask
                0x08017dac                OS_TaskDispatcher
                0x08017f40                OS_InitTasks
 .data          0x0801803c        0x0 os_task_scheduler.o
 .bss           0x0801803c        0x0 os_task_scheduler.o
 .debug_info    0x0801803c     0x155d os_task_scheduler.o
 .debug_abbrev  0x08019599      0x354 os_task_scheduler.o
 .debug_loc     0x080198ed      0x92c os_task_scheduler.o
 .debug_aranges
                0x0801a219       0x20 os_task_scheduler.o
 .debug_ranges  0x0801a239       0xc8 os_task_scheduler.o
 .debug_macro   0x0801a301       0xe0 os_task_scheduler.o
 .debug_line    0x0801a3e1      0x434 os_task_scheduler.o
 .debug_str     0x0801a815      0x144 os_task_scheduler.o
                               0x41cc (size before relaxing)
 .comment       0x0801a959       0x80 os_task_scheduler.o
 *fill*         0x0801a959        0x3 
 .debug_frame   0x0801a95c      0x30c os_task_scheduler.o
 .ARM.attributes
                0x0801ac68       0x33 os_task_scheduler.o
 os_stack.o()
 *fill*         0x0801ac9b        0x1 
 .text          0x0801ac9c       0x14 os_stack.o
                0x0801ac9c                OS_StackCheck
                0x0801aca0                OS_StackChkPatternInit
 .data          0x0801acb0        0x0 os_stack.o
 .bss           0x0801acb0        0x0 os_stack.o
 .debug_info    0x0801acb0      0x732 os_stack.o
 .debug_abbrev  0x0801b3e2      0x155 os_stack.o
 .debug_aranges
                0x0801b537       0x20 os_stack.o
 .debug_macro   0x0801b557       0x9e os_stack.o
 .debug_line    0x0801b5f5      0x1e3 os_stack.o
 .debug_str     0x0801b7d8       0x9a os_stack.o
                               0x3ad0 (size before relaxing)
 .comment       0x0801b872       0x80 os_stack.o
 *fill*         0x0801b872        0x2 
 .debug_frame   0x0801b874       0x30 os_stack.o
 .ARM.attributes
                0x0801b8a4       0x33 os_stack.o
 os_heap.o()
 *fill*         0x0801b8d7        0x1 
 .text          0x0801b8d8        0x0 os_heap.o
 .data          0x0801b8d8        0x0 os_heap.o
 .bss           0x0801b8d8        0x0 os_heap.o
 .debug_info    0x0801b8d8      0x6b3 os_heap.o
 .debug_abbrev  0x0801bf8b       0xec os_heap.o
 .debug_aranges
                0x0801c077       0x18 os_heap.o
 .debug_macro   0x0801c08f       0xa2 os_heap.o
 .debug_line    0x0801c131      0x1c3 os_heap.o
 .debug_str     0x0801c2f4       0x45 os_heap.o
                               0x3a66 (size before relaxing)
 .comment       0x0801c339       0x80 os_heap.o
 .ARM.attributes
                0x0801c339       0x33 os_heap.o
 led.o()
 .text          0x0801c36c       0x10 led.o
                0x0801c36c                USER_LED_INIT
                0x0801c370                USER_LED_ON
                0x0801c374                USER_LED_OFF
                0x0801c378                USER_LED_TOGGLE
 .data          0x0801c37c        0x0 led.o
 .bss           0x0801c37c        0x0 led.o
 .debug_info    0x0801c37c      0x762 led.o
 .debug_abbrev  0x0801cade      0x14b led.o
 .debug_loc     0x0801cc29       0x21 led.o
 .debug_aranges
                0x0801cc4a       0x20 led.o
 .debug_ranges  0x0801cc6a       0x10 led.o
 .debug_macro   0x0801cc7a       0xa2 led.o
 .debug_line    0x0801cd1c      0x1c5 led.o
 .debug_str     0x0801cee1       0x97 led.o
                               0x3ab8 (size before relaxing)
 .comment       0x0801cf78       0x80 led.o
 .debug_frame   0x0801cf78       0x50 led.o
 .ARM.attributes
                0x0801cfc8       0x33 led.o
                0x0801cffb                _code_end = .
                [!provide]                PROVIDE (code_start = .)
                [!provide]                PROVIDE (code_end = .)
 *fill*         0x0801cffb        0x1 
 .text          0x0801cffc        0x0 d:/programm/gnu tools arm embedded/7 2018-q2-update/bin/../lib/gcc/arm-none-eabi/7.3.1/../../../../arm-none-eabi/lib/thumb/v7e-m\libg.a(lib_a-memset.o)

.glue_7         0x0801cffc        0x0
 .glue_7        0x0801cffc        0x0 linker stubs

.glue_7t        0x0801cffc        0x0
 .glue_7t       0x0801cffc        0x0 linker stubs

.vfp11_veneer   0x0801cffc        0x0
 .vfp11_veneer  0x0801cffc        0x0 linker stubs

.v4_bx          0x0801cffc        0x0
 .v4_bx         0x0801cffc        0x0 linker stubs

.text.memset    0x0801cffc       0x94
 .text.memset   0x0801cffc       0x94 d:/programm/gnu tools arm embedded/7 2018-q2-update/bin/../lib/gcc/arm-none-eabi/7.3.1/../../../../arm-none-eabi/lib/thumb/v7e-m\libg.a(lib_a-memset.o)
                0x0801cffc                memset

.data           0x20000000     0xc684
                0x20000000                _ram_start = .
 os_ram.o()
 .text          0x20000000        0x0 os_ram.o
 .data          0x20000000        0x0 os_ram.o
 .bss           0x20000000        0x0 os_ram.o
 .debug_info    0x20000000      0x9ea os_ram.o
 .debug_abbrev  0x200009ea      0x10a os_ram.o
 .debug_aranges
                0x20000af4       0x18 os_ram.o
 .debug_macro   0x20000b0c       0xa6 os_ram.o
 .debug_line    0x20000bb2      0x1dd os_ram.o
 .debug_str     0x20000d8f     0x3aa6 os_ram.o
                               0x3b29 (size before relaxing)
 .comment       0x20004835       0x7f os_ram.o
                                 0x80 (size before relaxing)
 .ARM.attributes
                0x200048b4       0x33 os_ram.o
 *fill*         0x200048e7        0x1 
 COMMON         0x200048e8     0x5eac os_ram.o
                0x200048e8                TASK_STACK
                0x20009708                VAR_MEM_MANAG_FAULT_STATUS_REG
                0x2000970c                REGISTER_R2
                0x20009710                TASK_GROUP_3
                0x20009730                RAM_CHECK_FAILURE_ADDR
                0x20009734                REGISTER_R0
                0x20009738                REGISTER_R6
                0x2000973c                REGISTER_R7
                0x20009740                DBG_CALIB_VALUE
                0x20009744                OS_STATE
                0x20009748                TASK_IDLE_QUEUE
                0x20009818                REGISTER_R9
                0x2000981c                TASK1_CALL_NR
                0x20009820                bTASK_QUEUE_INITIALIZED
                0x20009824                BACKUP_SYSTICK_CURRENT_VAL_REG
                0x20009828                TASK2_CALL_NR
                0x2000982c                LAST_CURRENT_TIME
                0x2000983c                LINK_REGISTER_HANDLER
                0x20009840                VAR_AUX_FAULT_STATUS_REG
                0x20009844                REGISTER_R8
                0x20009848                TASK_3_VAR
                0x20009918                CRITICAL_POS
                0x2000991c                TASK_0_VAR
                0x200099ec                TASK4_CALL_NR
                0x200099f0                TASK_GROUP_2
                0x20009a10                REGISTER_R5
                0x20009a14                OS_MAIN_STACK
                0x20009c14                SAVED_STACK_POINTER
                0x20009c18                DBG_RLD_VALUE
                0x20009c1c                REGISTER_R4
                0x20009c20                RUNNING_TASK
                0x20009cf0                TASK_RUN_QUEUE
                0x2000a510                CRITICAL_ADDR
                0x2000a514                VAR_HARDFAULT_STATUS_REG
                0x2000a518                RUNNING_SCHEDULING_QUEUE_ENTRY
                0x2000a51c                TASK_GROUP_5
                0x2000a53c                REGISTER_R1
                0x2000a540                DBG_CTRL_VALUE
                0x2000a544                TASK_2_VAR
                0x2000a614                VAR_BUS_FAULT_STATUS_REG
                0x2000a618                CRITICAL_STACK_USAGE_PERCENT
                0x2000a61c                RAM_CHECK_FAILURE_DETECTED
                0x2000a620                REGISTER_R10
                0x2000a624                DBG_CURR_VAL
                0x2000a628                TASK_GROUP_1
                0x2000a648                VAR_FAULT_STATUS_REG
                0x2000a64c                TASK_GROUP_4
                0x2000a66c                REGISTER_R11
                0x2000a670                TASK_TRANSITION_REJECTED_STATE
                0x2000a671                TASK_TRANSITION_CURRENT_STATE
                0x2000a674                REGISTER_R3
                0x2000a678                TASK_SCHEDULING_QUEUE
                0x2000a6a0                TASK3_CALL_NR
                0x2000a6a4                VAR_MEM_FAULT_ADDR_REG
                0x2000a6a8                VAR_USAGE_FAULT_STATUS_REG
                0x2000a6ac                VAR_BUS_FAULT_ADDR_REG
                0x2000a6b0                TASK_TRANSITION_REJECTED_TASK_ADDR
                0x2000a6b4                OS_SW_BUG
                0x2000a6c4                TASK_1_VAR
 os_shared_ram.o()
 .text          0x2000a794        0x0 os_shared_ram.o
 .data          0x2000a794        0x0 os_shared_ram.o
 .bss           0x2000a794        0x0 os_shared_ram.o
 .debug_info    0x2000a794      0x7d3 os_shared_ram.o
 .debug_abbrev  0x2000af67       0xfd os_shared_ram.o
 .debug_aranges
                0x2000b064       0x18 os_shared_ram.o
 .debug_macro   0x2000b07c       0xfe os_shared_ram.o
 .debug_line    0x2000b17a      0x1c9 os_shared_ram.o
 .debug_str     0x2000b343      0x30b os_shared_ram.o
                               0x3d2c (size before relaxing)
 .comment       0x2000b64e       0x80 os_shared_ram.o
 .ARM.attributes
                0x2000b64e       0x33 os_shared_ram.o
 *fill*         0x2000b681        0x3 
 COMMON         0x2000b684     0x1000 os_shared_ram.o
                0x2000b684                RAM_BLOCK_C01_C01
                0x2000b784                RAM_BLOCK_C01_C00
                0x2000b884                RAM_BLOCK_C00_C00
                0x2000b984                RAM_BLOCK_C01_C03
                0x2000ba84                RAM_BLOCK_C03_C01
                0x2000bb84                RAM_BLOCK_C00_C01
                0x2000bc84                RAM_BLOCK_C02_C01
                0x2000bd84                RAM_BLOCK_C01_C02
                0x2000be84                RAM_BLOCK_C03_C00
                0x2000bf84                RAM_BLOCK_C02_C00
                0x2000c084                RAM_BLOCK_C02_C02
                0x2000c184                RAM_BLOCK_C03_C03
                0x2000c284                RAM_BLOCK_C03_C02
                0x2000c384                RAM_BLOCK_C00_C03
                0x2000c484                RAM_BLOCK_C00_C02
                0x2000c584                RAM_BLOCK_C02_C03
                0x2000c684                _ram_end = .
                [!provide]                PROVIDE (ram_start = .)
                [!provide]                PROVIDE (ram_end = .)
 .data          0x2000c684        0x0 d:/programm/gnu tools arm embedded/7 2018-q2-update/bin/../lib/gcc/arm-none-eabi/7.3.1/../../../../arm-none-eabi/lib/thumb/v7e-m\libg.a(lib_a-memset.o)
START GROUP
LOAD d:/programm/gnu tools arm embedded/7 2018-q2-update/bin/../lib/gcc/arm-none-eabi/7.3.1/thumb/v7e-m\libgcc.a
LOAD d:/programm/gnu tools arm embedded/7 2018-q2-update/bin/../lib/gcc/arm-none-eabi/7.3.1/../../../../arm-none-eabi/lib/thumb/v7e-m\libg.a
LOAD d:/programm/gnu tools arm embedded/7 2018-q2-update/bin/../lib/gcc/arm-none-eabi/7.3.1/../../../../arm-none-eabi/lib/thumb/v7e-m\libc.a
END GROUP
OUTPUT(E:\NeuOrga\Programmieren\c_cpp\github_os\output\VERSION_ARM\operating_system.elf elf32-littlearm)

.bss            0x2000c684        0x0
 .bss           0x2000c684        0x0 d:/programm/gnu tools arm embedded/7 2018-q2-update/bin/../lib/gcc/arm-none-eabi/7.3.1/../../../../arm-none-eabi/lib/thumb/v7e-m\libg.a(lib_a-memset.o)

.ARM.attributes
                0x00000000       0x31
 .ARM.attributes
                0x00000000       0x2e d:/programm/gnu tools arm embedded/7 2018-q2-update/bin/../lib/gcc/arm-none-eabi/7.3.1/../../../../arm-none-eabi/lib/thumb/v7e-m\libg.a(lib_a-memset.o)

.debug_frame    0x00000000       0x38
 .debug_frame   0x00000000       0x38 d:/programm/gnu tools arm embedded/7 2018-q2-update/bin/../lib/gcc/arm-none-eabi/7.3.1/../../../../arm-none-eabi/lib/thumb/v7e-m\libg.a(lib_a-memset.o)
