
Allocating common symbols
Common symbol       size              file

TASK_STACK          0x4e20            os_ram.o
RAM_BLOCK_C01_C01   0x100             os_shared_ram.o
VAR_MEM_MANAG_FAULT_STATUS_REG
                    0x4               os_ram.o
REGISTER_R2         0x4               os_ram.o
TASK_GROUP_3        0x20              os_ram.o
RAM_CHECK_FAILURE_ADDR
                    0x4               os_ram.o
REGISTER_R0         0x4               os_ram.o
RAM_BLOCK_C01_C00   0x100             os_shared_ram.o
REGISTER_R6         0x4               os_ram.o
REGISTER_R7         0x4               os_ram.o
DBG_CALIB_VALUE     0x4               os_ram.o
RAM_BLOCK_C00_C00   0x100             os_shared_ram.o
OS_STATE            0x4               os_ram.o
TASK_IDLE_QUEUE     0xd0              os_ram.o
REGISTER_R9         0x4               os_ram.o
TASK1_CALL_NR       0x4               os_ram.o
bTASK_QUEUE_INITIALIZED
                    0x1               os_ram.o
BACKUP_SYSTICK_CURRENT_VAL_REG
                    0x4               os_ram.o
STACK_POS           0x4               os_ram.o
RAM_BLOCK_C01_C03   0x100             os_shared_ram.o
TASK2_CALL_NR       0x4               os_ram.o
LAST_CURRENT_TIME   0x10              os_ram.o
LINK_REGISTER_HANDLER
                    0x4               os_ram.o
VAR_AUX_FAULT_STATUS_REG
                    0x4               os_ram.o
REGISTER_R8         0x4               os_ram.o
TASK_3_VAR          0xd0              os_ram.o
RAM_BLOCK_C03_C01   0x100             os_shared_ram.o
TASK_0_VAR          0xd0              os_ram.o
STACK_USAGE_PERCENT
                    0x4               os_ram.o
RAM_BLOCK_C00_C01   0x100             os_shared_ram.o
TASK4_CALL_NR       0x4               os_ram.o
TASK_GROUP_2        0x20              os_ram.o
TASK_PTR            0x28              os_task_common.o
REGISTER_R5         0x4               os_ram.o
OS_MAIN_STACK       0x200             os_ram_stack.o
STACK_ADDR          0x4               os_ram.o
SAVED_STACK_POINTER
                    0x4               os_ram.o
RAM_BLOCK_C02_C01   0x100             os_shared_ram.o
DBG_RLD_VALUE       0x4               os_ram.o
REGISTER_R4         0x4               os_ram.o
RAM_BLOCK_C01_C02   0x100             os_shared_ram.o
RUNNING_TASK        0xd0              os_ram.o
TASK_RUN_QUEUE      0x820             os_ram.o
VAR_HARDFAULT_STATUS_REG
                    0x4               os_ram.o
RAM_BLOCK_C03_C00   0x100             os_shared_ram.o
RUNNING_SCHEDULING_QUEUE_ENTRY
                    0x4               os_ram.o
TASK_GROUP_5        0x20              os_ram.o
REGISTER_R1         0x4               os_ram.o
RAM_BLOCK_C02_C00   0x100             os_shared_ram.o
DBG_CTRL_VALUE      0x4               os_ram.o
TASK_2_VAR          0xd0              os_ram.o
VAR_BUS_FAULT_STATUS_REG
                    0x4               os_ram.o
RAM_BLOCK_C02_C02   0x100             os_shared_ram.o
RAM_CHECK_FAILURE_DETECTED
                    0x4               os_ram.o
REGISTER_R10        0x4               os_ram.o
RAM_BLOCK_C03_C03   0x100             os_shared_ram.o
RAM_BLOCK_C03_C02   0x100             os_shared_ram.o
RAM_BLOCK_C00_C03   0x100             os_shared_ram.o
DBG_CURR_VAL        0x4               os_ram.o
TASK_GROUP_1        0x20              os_ram.o
VAR_FAULT_STATUS_REG
                    0x4               os_ram.o
TASK_GROUP_4        0x20              os_ram.o
REGISTER_R11        0x4               os_ram.o
TASK_TRANSITION_REJECTED_STATE
                    0x1               os_ram.o
LOCAL_SYSTEM_TIME   0x10              os_ram.o
TASK_TRANSITION_CURRENT_STATE
                    0x1               os_ram.o
SYSTEM_STATE_ACCEPTED
                    0x1               os_ram.o
REGISTER_R3         0x4               os_ram.o
TASK_SCHEDULING_QUEUE
                    0x28              os_ram.o
TASK3_CALL_NR       0x4               os_ram.o
VAR_MEM_FAULT_ADDR_REG
                    0x4               os_ram.o
VAR_USAGE_FAULT_STATUS_REG
                    0x4               os_ram.o
VAR_BUS_FAULT_ADDR_REG
                    0x4               os_ram.o
RAM_BLOCK_C00_C02   0x100             os_shared_ram.o
TASK_TRANSITION_REJECTED_TASK_ADDR
                    0x4               os_ram.o
OS_SW_BUG           0xf               os_ram.o
RAM_BLOCK_C02_C03   0x100             os_shared_ram.o
TASK_1_VAR          0xd0              os_ram.o

Discarded input sections

 .group         0x00000000        0xc os_exception_table.o
 .group         0x00000000        0xc os_exception_table.o
 .group         0x00000000        0xc os_exception_table.o
 .group         0x00000000        0xc os_exception_table.o
 .group         0x00000000        0xc os_exception_table.o
 .group         0x00000000        0xc os_exception_table.o
 .group         0x00000000        0xc os_const.o
 .group         0x00000000        0xc os_const.o
 .group         0x00000000        0xc os_const.o
 .group         0x00000000        0xc os_const.o
 .group         0x00000000        0xc os_const.o
 .debug_macro   0x00000000      0xa42 os_const.o
 .debug_macro   0x00000000       0x8e os_const.o
 .debug_macro   0x00000000       0x82 os_const.o
 .debug_macro   0x00000000       0x34 os_const.o
 .debug_macro   0x00000000       0x10 os_const.o
 .group         0x00000000        0xc os_common.o
 .group         0x00000000        0xc os_common.o
 .group         0x00000000        0xc os_common.o
 .group         0x00000000        0xc os_common.o
 .group         0x00000000        0xc os_common.o
 .group         0x00000000        0xc os_common.o
 .group         0x00000000        0xc os_common.o
 .group         0x00000000        0xc os_common.o
 .debug_macro   0x00000000      0xa42 os_common.o
 .group         0x00000000        0xc os_exception.o
 .group         0x00000000        0xc os_exception.o
 .group         0x00000000        0xc os_exception.o
 .group         0x00000000        0xc os_exception.o
 .group         0x00000000        0xc os_exception.o
 .group         0x00000000        0xc os_exception.o
 .group         0x00000000        0xc os_exception.o
 .group         0x00000000        0xc os_exception.o
 .group         0x00000000        0xc os_exception.o
 .debug_macro   0x00000000       0x8e os_exception.o
 .debug_macro   0x00000000       0x82 os_exception.o
 .debug_macro   0x00000000       0x34 os_exception.o
 .debug_macro   0x00000000       0x10 os_exception.o
 .debug_macro   0x00000000       0x10 os_exception.o
 .group         0x00000000        0xc os_exception_isr_handler.o
 .group         0x00000000        0xc os_exception_isr_handler.o
 .group         0x00000000        0xc os_exception_isr_handler.o
 .group         0x00000000        0xc os_exception_isr_handler.o
 .group         0x00000000        0xc os_exception_isr_handler.o
 .group         0x00000000        0xc os_exception_isr_handler.o
 .group         0x00000000        0xc os_exception_isr_handler.o
 .group         0x00000000        0xc os_exception_isr_handler.o
 .group         0x00000000        0xc os_exception_isr_handler.o
 .debug_macro   0x00000000      0xa42 os_exception_isr_handler.o
 .debug_macro   0x00000000       0x4c os_exception_isr_handler.o
 .debug_macro   0x00000000       0x8e os_exception_isr_handler.o
 .debug_macro   0x00000000       0x46 os_exception_isr_handler.o
 .debug_macro   0x00000000       0x10 os_exception_isr_handler.o
 .debug_macro   0x00000000       0x10 os_exception_isr_handler.o
 .debug_macro   0x00000000       0x28 os_exception_isr_handler.o
 .debug_macro   0x00000000       0x1c os_exception_isr_handler.o
 .group         0x00000000        0xc os_init_task_system.o
 .group         0x00000000        0xc os_init_task_system.o
 .group         0x00000000        0xc os_init_task_system.o
 .group         0x00000000        0xc os_init_task_system.o
 .group         0x00000000        0xc os_init_task_system.o
 .group         0x00000000        0xc os_init_task_system.o
 .debug_macro   0x00000000      0xa42 os_init_task_system.o
 .debug_macro   0x00000000       0x8e os_init_task_system.o
 .debug_macro   0x00000000       0x82 os_init_task_system.o
 .debug_macro   0x00000000       0x34 os_init_task_system.o
 .debug_macro   0x00000000       0x10 os_init_task_system.o
 .group         0x00000000        0xc os_main.o
 .group         0x00000000        0xc os_main.o
 .group         0x00000000        0xc os_main.o
 .group         0x00000000        0xc os_main.o
 .group         0x00000000        0xc os_main.o
 .group         0x00000000        0xc os_main.o
 .group         0x00000000        0xc os_main.o
 .group         0x00000000        0xc os_main.o
 .group         0x00000000        0xc os_main.o
 .group         0x00000000        0xc os_main.o
 .debug_macro   0x00000000      0xa42 os_main.o
 .debug_macro   0x00000000       0x4c os_main.o
 .debug_macro   0x00000000       0x8e os_main.o
 .debug_macro   0x00000000       0x46 os_main.o
 .debug_macro   0x00000000       0x10 os_main.o
 .debug_macro   0x00000000       0x10 os_main.o
 .debug_macro   0x00000000       0x28 os_main.o
 .debug_macro   0x00000000       0x1c os_main.o
 .debug_macro   0x00000000       0x28 os_main.o
 .group         0x00000000        0xc os_memory_mmu.o
 .group         0x00000000        0xc os_memory_mmu.o
 .group         0x00000000        0xc os_memory_mmu.o
 .group         0x00000000        0xc os_memory_mmu.o
 .group         0x00000000        0xc os_memory_mmu.o
 .group         0x00000000        0xc os_memory_mmu.o
 .debug_macro   0x00000000      0xa42 os_memory_mmu.o
 .debug_macro   0x00000000       0x8e os_memory_mmu.o
 .debug_macro   0x00000000       0x82 os_memory_mmu.o
 .debug_macro   0x00000000       0x34 os_memory_mmu.o
 .debug_macro   0x00000000       0x10 os_memory_mmu.o
 .group         0x00000000        0xc os_shutdown.o
 .group         0x00000000        0xc os_shutdown.o
 .group         0x00000000        0xc os_shutdown.o
 .group         0x00000000        0xc os_shutdown.o
 .group         0x00000000        0xc os_shutdown.o
 .group         0x00000000        0xc os_shutdown.o
 .group         0x00000000        0xc os_shutdown.o
 .group         0x00000000        0xc os_shutdown.o
 .debug_macro   0x00000000      0xa42 os_shutdown.o
 .debug_macro   0x00000000       0x4c os_shutdown.o
 .debug_macro   0x00000000       0x8e os_shutdown.o
 .debug_macro   0x00000000       0x46 os_shutdown.o
 .debug_macro   0x00000000       0x10 os_shutdown.o
 .debug_macro   0x00000000       0x10 os_shutdown.o
 .debug_macro   0x00000000       0x28 os_shutdown.o
 .debug_macro   0x00000000       0x1c os_shutdown.o
 .group         0x00000000        0xc os_start_ext_prg.o
 .group         0x00000000        0xc os_start_ext_prg.o
 .group         0x00000000        0xc os_start_ext_prg.o
 .group         0x00000000        0xc os_start_ext_prg.o
 .group         0x00000000        0xc os_start_ext_prg.o
 .debug_macro   0x00000000      0xa42 os_start_ext_prg.o
 .debug_macro   0x00000000       0x8e os_start_ext_prg.o
 .debug_macro   0x00000000       0x82 os_start_ext_prg.o
 .debug_macro   0x00000000       0x34 os_start_ext_prg.o
 .debug_macro   0x00000000       0x10 os_start_ext_prg.o
 .group         0x00000000        0xc os_start_init_hw.o
 .group         0x00000000        0xc os_start_init_hw.o
 .group         0x00000000        0xc os_start_init_hw.o
 .group         0x00000000        0xc os_start_init_hw.o
 .group         0x00000000        0xc os_start_init_hw.o
 .debug_macro   0x00000000      0xa42 os_start_init_hw.o
 .debug_macro   0x00000000       0x8e os_start_init_hw.o
 .debug_macro   0x00000000       0x82 os_start_init_hw.o
 .debug_macro   0x00000000       0x34 os_start_init_hw.o
 .debug_macro   0x00000000       0x10 os_start_init_hw.o
 .group         0x00000000        0xc os_start_init_mc.o
 .group         0x00000000        0xc os_start_init_mc.o
 .group         0x00000000        0xc os_start_init_mc.o
 .group         0x00000000        0xc os_start_init_mc.o
 .group         0x00000000        0xc os_start_init_mc.o
 .group         0x00000000        0xc os_start_init_mc.o
 .debug_macro   0x00000000      0xa42 os_start_init_mc.o
 .debug_macro   0x00000000       0x8e os_start_init_mc.o
 .debug_macro   0x00000000       0x82 os_start_init_mc.o
 .debug_macro   0x00000000       0x34 os_start_init_mc.o
 .debug_macro   0x00000000       0x10 os_start_init_mc.o
 .debug_macro   0x00000000       0x5e os_start_init_mc.o
 .group         0x00000000        0xc os_start_init_sw.o
 .group         0x00000000        0xc os_start_init_sw.o
 .group         0x00000000        0xc os_start_init_sw.o
 .group         0x00000000        0xc os_start_init_sw.o
 .group         0x00000000        0xc os_start_init_sw.o
 .group         0x00000000        0xc os_start_init_sw.o
 .group         0x00000000        0xc os_start_init_sw.o
 .group         0x00000000        0xc os_start_init_sw.o
 .debug_macro   0x00000000      0xa42 os_start_init_sw.o
 .debug_macro   0x00000000       0x4c os_start_init_sw.o
 .debug_macro   0x00000000       0x8e os_start_init_sw.o
 .debug_macro   0x00000000       0x46 os_start_init_sw.o
 .debug_macro   0x00000000       0x10 os_start_init_sw.o
 .debug_macro   0x00000000       0x10 os_start_init_sw.o
 .debug_macro   0x00000000       0x28 os_start_init_sw.o
 .debug_macro   0x00000000       0x1c os_start_init_sw.o
 .group         0x00000000        0xc os_start_os.o
 .group         0x00000000        0xc os_start_os.o
 .group         0x00000000        0xc os_start_os.o
 .group         0x00000000        0xc os_start_os.o
 .group         0x00000000        0xc os_start_os.o
 .group         0x00000000        0xc os_start_os.o
 .group         0x00000000        0xc os_start_os.o
 .group         0x00000000        0xc os_start_os.o
 .debug_macro   0x00000000      0xa42 os_start_os.o
 .debug_macro   0x00000000       0x4c os_start_os.o
 .debug_macro   0x00000000       0x8e os_start_os.o
 .debug_macro   0x00000000       0x46 os_start_os.o
 .debug_macro   0x00000000       0x10 os_start_os.o
 .debug_macro   0x00000000       0x10 os_start_os.o
 .debug_macro   0x00000000       0x28 os_start_os.o
 .debug_macro   0x00000000       0x1c os_start_os.o
 .group         0x00000000        0xc os_task_common.o
 .group         0x00000000        0xc os_task_common.o
 .group         0x00000000        0xc os_task_common.o
 .group         0x00000000        0xc os_task_common.o
 .group         0x00000000        0xc os_task_common.o
 .group         0x00000000        0xc os_task_common.o
 .group         0x00000000        0xc os_task_common.o
 .group         0x00000000        0xc os_task_common.o
 .group         0x00000000        0xc os_task_common.o
 .debug_macro   0x00000000      0xa42 os_task_common.o
 .debug_macro   0x00000000       0x4c os_task_common.o
 .debug_macro   0x00000000       0x8e os_task_common.o
 .debug_macro   0x00000000       0x46 os_task_common.o
 .debug_macro   0x00000000       0x10 os_task_common.o
 .debug_macro   0x00000000       0x10 os_task_common.o
 .debug_macro   0x00000000       0x28 os_task_common.o
 .debug_macro   0x00000000       0x1c os_task_common.o
 .debug_macro   0x00000000       0x28 os_task_common.o
 .group         0x00000000        0xc os_task_queue.o
 .group         0x00000000        0xc os_task_queue.o
 .group         0x00000000        0xc os_task_queue.o
 .group         0x00000000        0xc os_task_queue.o
 .group         0x00000000        0xc os_task_queue.o
 .group         0x00000000        0xc os_task_queue.o
 .group         0x00000000        0xc os_task_queue.o
 .group         0x00000000        0xc os_task_queue.o
 .group         0x00000000        0xc os_task_queue.o
 .group         0x00000000        0xc os_task_queue.o
 .debug_macro   0x00000000      0xa42 os_task_queue.o
 .debug_macro   0x00000000       0x4c os_task_queue.o
 .debug_macro   0x00000000       0x8e os_task_queue.o
 .debug_macro   0x00000000       0x46 os_task_queue.o
 .debug_macro   0x00000000       0x10 os_task_queue.o
 .debug_macro   0x00000000       0x10 os_task_queue.o
 .debug_macro   0x00000000       0x28 os_task_queue.o
 .debug_macro   0x00000000       0x1c os_task_queue.o
 .debug_macro   0x00000000       0x1c os_task_queue.o
 .debug_macro   0x00000000       0x28 os_task_queue.o
 .group         0x00000000        0xc os_task_scheduler.o
 .group         0x00000000        0xc os_task_scheduler.o
 .group         0x00000000        0xc os_task_scheduler.o
 .group         0x00000000        0xc os_task_scheduler.o
 .group         0x00000000        0xc os_task_scheduler.o
 .group         0x00000000        0xc os_task_scheduler.o
 .group         0x00000000        0xc os_task_scheduler.o
 .group         0x00000000        0xc os_task_scheduler.o
 .group         0x00000000        0xc os_task_scheduler.o
 .group         0x00000000        0xc os_task_scheduler.o
 .debug_macro   0x00000000      0xa42 os_task_scheduler.o
 .debug_macro   0x00000000       0x4c os_task_scheduler.o
 .debug_macro   0x00000000       0x8e os_task_scheduler.o
 .debug_macro   0x00000000       0x46 os_task_scheduler.o
 .debug_macro   0x00000000       0x10 os_task_scheduler.o
 .debug_macro   0x00000000       0x10 os_task_scheduler.o
 .debug_macro   0x00000000       0x28 os_task_scheduler.o
 .debug_macro   0x00000000       0x1c os_task_scheduler.o
 .debug_macro   0x00000000       0x28 os_task_scheduler.o
 .debug_macro   0x00000000       0x1c os_task_scheduler.o
 .group         0x00000000        0xc os_stack.o
 .group         0x00000000        0xc os_stack.o
 .group         0x00000000        0xc os_stack.o
 .group         0x00000000        0xc os_stack.o
 .group         0x00000000        0xc os_stack.o
 .group         0x00000000        0xc os_stack.o
 .group         0x00000000        0xc os_stack.o
 .group         0x00000000        0xc os_stack.o
 .debug_macro   0x00000000      0xa42 os_stack.o
 .debug_macro   0x00000000       0x4c os_stack.o
 .debug_macro   0x00000000       0x8e os_stack.o
 .debug_macro   0x00000000       0x46 os_stack.o
 .debug_macro   0x00000000       0x10 os_stack.o
 .debug_macro   0x00000000       0x10 os_stack.o
 .debug_macro   0x00000000       0x28 os_stack.o
 .debug_macro   0x00000000       0x1c os_stack.o
 .group         0x00000000        0xc os_heap.o
 .group         0x00000000        0xc os_heap.o
 .group         0x00000000        0xc os_heap.o
 .group         0x00000000        0xc os_heap.o
 .group         0x00000000        0xc os_heap.o
 .debug_macro   0x00000000      0xa42 os_heap.o
 .debug_macro   0x00000000       0x8e os_heap.o
 .debug_macro   0x00000000       0x82 os_heap.o
 .debug_macro   0x00000000       0x34 os_heap.o
 .debug_macro   0x00000000       0x10 os_heap.o
 .group         0x00000000        0xc led.o
 .group         0x00000000        0xc led.o
 .group         0x00000000        0xc led.o
 .group         0x00000000        0xc led.o
 .group         0x00000000        0xc led.o
 .debug_macro   0x00000000      0xa42 led.o
 .debug_macro   0x00000000       0x8e led.o
 .debug_macro   0x00000000       0x82 led.o
 .debug_macro   0x00000000       0x34 led.o
 .debug_macro   0x00000000       0x10 led.o
 .group         0x00000000        0xc os_ram_stack.o
 .group         0x00000000        0xc os_ram_stack.o
 .group         0x00000000        0xc os_ram_stack.o
 .group         0x00000000        0xc os_ram_stack.o
 .group         0x00000000        0xc os_ram_stack.o
 .debug_macro   0x00000000      0xa42 os_ram_stack.o
 .debug_macro   0x00000000       0x8e os_ram_stack.o
 .debug_macro   0x00000000       0x82 os_ram_stack.o
 .debug_macro   0x00000000       0x34 os_ram_stack.o
 .debug_macro   0x00000000       0x10 os_ram_stack.o
 .group         0x00000000        0xc os_ram.o
 .group         0x00000000        0xc os_ram.o
 .group         0x00000000        0xc os_ram.o
 .group         0x00000000        0xc os_ram.o
 .group         0x00000000        0xc os_ram.o
 .debug_macro   0x00000000      0xa42 os_ram.o
 .debug_macro   0x00000000       0x8e os_ram.o
 .debug_macro   0x00000000       0x82 os_ram.o
 .debug_macro   0x00000000       0x34 os_ram.o
 .debug_macro   0x00000000       0x10 os_ram.o
 .group         0x00000000        0xc os_shared_ram.o
 .group         0x00000000        0xc os_shared_ram.o
 .group         0x00000000        0xc os_shared_ram.o
 .group         0x00000000        0xc os_shared_ram.o
 .group         0x00000000        0xc os_shared_ram.o
 .group         0x00000000        0xc os_shared_ram.o
 .group         0x00000000        0xc os_shared_ram.o
 .group         0x00000000        0xc os_shared_ram.o
 .debug_macro   0x00000000      0xa42 os_shared_ram.o
 .debug_macro   0x00000000       0x4c os_shared_ram.o
 .debug_macro   0x00000000       0x46 os_shared_ram.o
 .debug_macro   0x00000000       0x10 os_shared_ram.o
 .debug_macro   0x00000000       0x28 os_shared_ram.o
 .debug_macro   0x00000000       0x1c os_shared_ram.o

Memory Configuration

Name             Origin             Length             Attributes
rom              0x08000000         0x00100000
stc              0x20000000         0x0000000a
ram              0x20000010         0x00030000
*default*        0x00000000         0xffffffff

Linker script and memory map


.text           0x08000000    0x1ea9b
                0x08000000                _ivec_start = .
 os_exception_table.o()
 .text          0x08000000        0x0 os_exception_table.o
 .data          0x08000000      0x400 os_exception_table.o
                0x08000000                isr_vec_table
 .bss           0x08000400        0x0 os_exception_table.o
 .debug_info    0x08000400      0x707 os_exception_table.o
 .debug_abbrev  0x08000b07      0x104 os_exception_table.o
 .debug_aranges
                0x08000c0b       0x18 os_exception_table.o
 .debug_macro   0x08000c23       0xbe os_exception_table.o
 .debug_macro   0x08000ce1      0xa42 os_exception_table.o
 .debug_macro   0x08001723       0x8e os_exception_table.o
 .debug_macro   0x080017b1       0x82 os_exception_table.o
 .debug_macro   0x08001833       0x34 os_exception_table.o
 .debug_macro   0x08001867       0x10 os_exception_table.o
 .debug_macro   0x08001877       0x10 os_exception_table.o
 .debug_line    0x08001887      0x240 os_exception_table.o
 .debug_str     0x08001ac7     0x3ab4 os_exception_table.o
                               0x3b82 (size before relaxing)
 .comment       0x0800557b       0x7f os_exception_table.o
                                 0x80 (size before relaxing)
 .ARM.attributes
                0x080055fa       0x33 os_exception_table.o
 .iplt          0x0800562d        0x0 os_exception_table.o
 .rel.iplt      0x0800562d        0x0 os_exception_table.o
 .igot.plt      0x0800562d        0x0 os_exception_table.o
                0x0800562d                _ivec_end = .
                [!provide]                PROVIDE (ivec_start = .)
                [!provide]                PROVIDE (ivec_end = .)
                0x0800562d                _const_start = .
 os_const.o()
 *fill*         0x0800562d        0x1 
 .text          0x0800562e        0x0 os_const.o
 .data          0x0800562e        0x0 os_const.o
 .bss           0x0800562e        0x0 os_const.o
 .debug_info    0x0800562e      0x6d4 os_const.o
 .debug_abbrev  0x08005d02       0xec os_const.o
 .debug_aranges
                0x08005dee       0x18 os_const.o
 .debug_macro   0x08005e06       0xb5 os_const.o
 .debug_line    0x08005ebb      0x218 os_const.o
 .debug_str     0x080060d3       0x46 os_const.o
                               0x3b34 (size before relaxing)
 .comment       0x08006119       0x80 os_const.o
 .ARM.attributes
                0x08006119       0x33 os_const.o
                0x08006199                _const_end = .
                [!provide]                PROVIDE (const_start = .)
                [!provide]                PROVIDE (const_end = .)
                0x08006199                _code_start = .
 lld_global.o()
 .text          0x0800614c      0x16c E:\NeuOrga\Programmieren\c_cpp\github_os\output\os_drivers\obj_arm\lld_global.o
                0x0800614c                OS_GET_CORE_ID
                0x08006152                LLF_SAVE_TASK_STACK
                0x08006158                LLF_SAVE_REGISTERS
                0x08006192                LLF_RESTORE_TASK_STACK
                0x08006198                LLF_RESTORE_REGISTERS
                0x080061ba                LLF_RESTORE_SYSTEM_STACK
                0x080061c0                LLF_SAVE_SYSTEM_STACK
                0x080061c6                LLF_CLEAR_ALL_GP_REGISTERS
                0x080061f8                LLF_PERFORM_RAM_CHECK
                0x08006244                LLF_CHANGE_TO_UNPRIVILIGED_THREAD_MODE
                0x08006256                LLF_EXCEPTION_TO_HANDLER_MODE
                0x0800625e                LLF_EXCEPTION_TO_THREAD_MODE_PRIV
                0x08006266                LLF_EXCEPTION_TO_THREAD_MODE_UNPRIV
                0x0800626c                OS_EXCEPTION_SVC
 .data          0x080062b8        0x0 E:\NeuOrga\Programmieren\c_cpp\github_os\output\os_drivers\obj_arm\lld_global.o
 .bss           0x080062b8        0x0 E:\NeuOrga\Programmieren\c_cpp\github_os\output\os_drivers\obj_arm\lld_global.o
 .debug_line    0x080062b8      0x103 E:\NeuOrga\Programmieren\c_cpp\github_os\output\os_drivers\obj_arm\lld_global.o
 .debug_info    0x080063bb       0x26 E:\NeuOrga\Programmieren\c_cpp\github_os\output\os_drivers\obj_arm\lld_global.o
 .debug_abbrev  0x080063e1       0x14 E:\NeuOrga\Programmieren\c_cpp\github_os\output\os_drivers\obj_arm\lld_global.o
 *fill*         0x080063f5        0x3 
 .debug_aranges
                0x080063f8       0x20 E:\NeuOrga\Programmieren\c_cpp\github_os\output\os_drivers\obj_arm\lld_global.o
 .debug_str     0x08006418       0x59 E:\NeuOrga\Programmieren\c_cpp\github_os\output\os_drivers\obj_arm\lld_global.o
                                 0x91 (size before relaxing)
 .ARM.attributes
                0x08006471       0x21 E:\NeuOrga\Programmieren\c_cpp\github_os\output\os_drivers\obj_arm\lld_global.o
 lld_interrupt.o()
 .text          0x08006492       0x16 E:\NeuOrga\Programmieren\c_cpp\github_os\output\os_drivers\obj_arm\lld_interrupt.o
                0x08006492                LLF_INT_DISABLE
                0x08006498                LLF_INT_ENABLE
                0x0800649e                LLF_DISABLE_INTERRUPTS_ALL_CORES
                0x080064a4                LLF_WAIT_FOR_INTERRUPT
 .data          0x080064a8        0x0 E:\NeuOrga\Programmieren\c_cpp\github_os\output\os_drivers\obj_arm\lld_interrupt.o
 .bss           0x080064a8        0x0 E:\NeuOrga\Programmieren\c_cpp\github_os\output\os_drivers\obj_arm\lld_interrupt.o
 .debug_line    0x080064a8       0x86 E:\NeuOrga\Programmieren\c_cpp\github_os\output\os_drivers\obj_arm\lld_interrupt.o
 .debug_info    0x0800652e       0x26 E:\NeuOrga\Programmieren\c_cpp\github_os\output\os_drivers\obj_arm\lld_interrupt.o
 .debug_abbrev  0x08006554       0x14 E:\NeuOrga\Programmieren\c_cpp\github_os\output\os_drivers\obj_arm\lld_interrupt.o
 .debug_aranges
                0x08006568       0x20 E:\NeuOrga\Programmieren\c_cpp\github_os\output\os_drivers\obj_arm\lld_interrupt.o
 .debug_str     0x08006588       0x4e E:\NeuOrga\Programmieren\c_cpp\github_os\output\os_drivers\obj_arm\lld_interrupt.o
                                 0x94 (size before relaxing)
 .ARM.attributes
                0x080065d6       0x21 E:\NeuOrga\Programmieren\c_cpp\github_os\output\os_drivers\obj_arm\lld_interrupt.o
 lld_mmu.o()
 *fill*         0x080065f7        0x1 
 .text          0x080065f8       0xb4 E:\NeuOrga\Programmieren\c_cpp\github_os\output\os_drivers\obj_arm\lld_mmu.o
                0x080065f8                LLF_MPU_DISABLE
                0x08006636                LLF_MPU_ENABLE
                0x08006674                LLF_GET_MPU_PRESENT
 .data          0x080066ac        0x0 E:\NeuOrga\Programmieren\c_cpp\github_os\output\os_drivers\obj_arm\lld_mmu.o
 .bss           0x080066ac        0x0 E:\NeuOrga\Programmieren\c_cpp\github_os\output\os_drivers\obj_arm\lld_mmu.o
 .debug_line    0x080066ac       0xad E:\NeuOrga\Programmieren\c_cpp\github_os\output\os_drivers\obj_arm\lld_mmu.o
 .debug_info    0x08006759       0x26 E:\NeuOrga\Programmieren\c_cpp\github_os\output\os_drivers\obj_arm\lld_mmu.o
 .debug_abbrev  0x0800677f       0x14 E:\NeuOrga\Programmieren\c_cpp\github_os\output\os_drivers\obj_arm\lld_mmu.o
 *fill*         0x08006793        0x5 
 .debug_aranges
                0x08006798       0x20 E:\NeuOrga\Programmieren\c_cpp\github_os\output\os_drivers\obj_arm\lld_mmu.o
 .debug_str     0x080067b8       0x48 E:\NeuOrga\Programmieren\c_cpp\github_os\output\os_drivers\obj_arm\lld_mmu.o
                                 0x8e (size before relaxing)
 .ARM.attributes
                0x08006800       0x21 E:\NeuOrga\Programmieren\c_cpp\github_os\output\os_drivers\obj_arm\lld_mmu.o
 lld_ram.o()
 *fill*         0x08006821        0x3 
 .text          0x08006824       0xa0 E:\NeuOrga\Programmieren\c_cpp\github_os\output\os_drivers\obj_arm\lld_ram.o
                0x08006824                INIT_OS_STACK
                0x0800683e                LLF_CLEAR_ALL_RAM
 .data          0x080068c4        0x0 E:\NeuOrga\Programmieren\c_cpp\github_os\output\os_drivers\obj_arm\lld_ram.o
 .bss           0x080068c4        0x0 E:\NeuOrga\Programmieren\c_cpp\github_os\output\os_drivers\obj_arm\lld_ram.o
 .debug_line    0x080068c4       0xad E:\NeuOrga\Programmieren\c_cpp\github_os\output\os_drivers\obj_arm\lld_ram.o
 .debug_info    0x08006971       0x26 E:\NeuOrga\Programmieren\c_cpp\github_os\output\os_drivers\obj_arm\lld_ram.o
 .debug_abbrev  0x08006997       0x14 E:\NeuOrga\Programmieren\c_cpp\github_os\output\os_drivers\obj_arm\lld_ram.o
 *fill*         0x080069ab        0x5 
 .debug_aranges
                0x080069b0       0x20 E:\NeuOrga\Programmieren\c_cpp\github_os\output\os_drivers\obj_arm\lld_ram.o
 .debug_str     0x080069d0       0x48 E:\NeuOrga\Programmieren\c_cpp\github_os\output\os_drivers\obj_arm\lld_ram.o
                                 0x8e (size before relaxing)
 .ARM.attributes
                0x08006a18       0x21 E:\NeuOrga\Programmieren\c_cpp\github_os\output\os_drivers\obj_arm\lld_ram.o
 lld_timer.o()
 .text          0x08006a39        0x0 E:\NeuOrga\Programmieren\c_cpp\github_os\output\os_drivers\obj_arm\lld_timer.o
 .data          0x08006a39        0x0 E:\NeuOrga\Programmieren\c_cpp\github_os\output\os_drivers\obj_arm\lld_timer.o
 .bss           0x08006a39        0x0 E:\NeuOrga\Programmieren\c_cpp\github_os\output\os_drivers\obj_arm\lld_timer.o
 .ARM.attributes
                0x08006a39       0x21 E:\NeuOrga\Programmieren\c_cpp\github_os\output\os_drivers\obj_arm\lld_timer.o
 lld_power.o()
 *fill*         0x08006a5a        0x2 
 .text          0x08006a5c       0x1c E:\NeuOrga\Programmieren\c_cpp\github_os\output\os_drivers\obj_arm\lld_power.o
                0x08006a5c                LLF_MCU_SWITCH_OFF_POWER
                0x08006a62                LLF_MCU_RESET_POWER
 .data          0x08006a78        0x0 E:\NeuOrga\Programmieren\c_cpp\github_os\output\os_drivers\obj_arm\lld_power.o
 .bss           0x08006a78        0x0 E:\NeuOrga\Programmieren\c_cpp\github_os\output\os_drivers\obj_arm\lld_power.o
 .debug_line    0x08006a78       0x85 E:\NeuOrga\Programmieren\c_cpp\github_os\output\os_drivers\obj_arm\lld_power.o
 .debug_info    0x08006afd       0x26 E:\NeuOrga\Programmieren\c_cpp\github_os\output\os_drivers\obj_arm\lld_power.o
 .debug_abbrev  0x08006b23       0x14 E:\NeuOrga\Programmieren\c_cpp\github_os\output\os_drivers\obj_arm\lld_power.o
 *fill*         0x08006b37        0x1 
 .debug_aranges
                0x08006b38       0x20 E:\NeuOrga\Programmieren\c_cpp\github_os\output\os_drivers\obj_arm\lld_power.o
 .debug_str     0x08006b58       0x4a E:\NeuOrga\Programmieren\c_cpp\github_os\output\os_drivers\obj_arm\lld_power.o
                                 0x90 (size before relaxing)
 .ARM.attributes
                0x08006ba2       0x21 E:\NeuOrga\Programmieren\c_cpp\github_os\output\os_drivers\obj_arm\lld_power.o
 os_exception_reset.o()
 *fill*         0x08006bc3        0x1 
 .text          0x08006bc4       0xa2 E:\NeuOrga\Programmieren\c_cpp\github_os\output\os_drivers\obj_arm\os_exception_reset.o
                0x08006bc4                OS_EXCEPTION_RESET
 .data          0x08006c66        0x0 E:\NeuOrga\Programmieren\c_cpp\github_os\output\os_drivers\obj_arm\os_exception_reset.o
 .bss           0x08006c66        0x0 E:\NeuOrga\Programmieren\c_cpp\github_os\output\os_drivers\obj_arm\os_exception_reset.o
 .debug_line    0x08006c66       0xb3 E:\NeuOrga\Programmieren\c_cpp\github_os\output\os_drivers\obj_arm\os_exception_reset.o
 .debug_info    0x08006d19       0x26 E:\NeuOrga\Programmieren\c_cpp\github_os\output\os_drivers\obj_arm\os_exception_reset.o
 .debug_abbrev  0x08006d3f       0x14 E:\NeuOrga\Programmieren\c_cpp\github_os\output\os_drivers\obj_arm\os_exception_reset.o
 *fill*         0x08006d53        0x5 
 .debug_aranges
                0x08006d58       0x20 E:\NeuOrga\Programmieren\c_cpp\github_os\output\os_drivers\obj_arm\os_exception_reset.o
 .debug_str     0x08006d78       0x50 E:\NeuOrga\Programmieren\c_cpp\github_os\output\os_drivers\obj_arm\os_exception_reset.o
                                 0x96 (size before relaxing)
 .ARM.attributes
                0x08006dc8       0x21 E:\NeuOrga\Programmieren\c_cpp\github_os\output\os_drivers\obj_arm\os_exception_reset.o
 os_common.o()
 *fill*         0x08006de9        0x3 
 .text          0x08006dec      0x8c4 os_common.o
                0x08006dec                OS_SetSwBug
                0x08006df8                OS_GetCurrentTime
                0x08006e1c                OS_ResetCurrentTime
                0x08006e58                IntAdd
                0x08006f54                IntSub
                0x080070c0                IsLess
                0x0800716c                IsLessOrEqual
                0x080072dc                IsEqual
                0x08007368                IsGreater
                0x08007418                IsGreaterOrEqual
                0x08007588                Assign
                0x08007688                AssignNull
                0x08007694                AssignUint32
 .data          0x080076b0        0x0 os_common.o
 .bss           0x080076b0        0x0 os_common.o
 .debug_info    0x080076b0      0xc8d os_common.o
 .debug_abbrev  0x0800833d      0x26b os_common.o
 .debug_loc     0x080085a8      0xd59 os_common.o
 .debug_aranges
                0x08009301       0x20 os_common.o
 .debug_ranges  0x08009321       0x80 os_common.o
 .debug_macro   0x080093a1       0xc4 os_common.o
 .debug_macro   0x08009465       0x4c os_common.o
 .debug_macro   0x080094b1       0x8e os_common.o
 .debug_macro   0x0800953f       0x46 os_common.o
 .debug_macro   0x08009585       0x10 os_common.o
 .debug_macro   0x08009595       0x10 os_common.o
 .debug_macro   0x080095a5       0x28 os_common.o
 .debug_macro   0x080095cd       0x1c os_common.o
 .debug_line    0x080095e9      0x3a6 os_common.o
 .debug_str     0x0800998f      0xb60 os_common.o
                               0x3e30 (size before relaxing)
 .comment       0x0800a4ef       0x80 os_common.o
 *fill*         0x0800a4ef        0x1 
 .debug_frame   0x0800a4f0      0x1a4 os_common.o
 .ARM.attributes
                0x0800a694       0x33 os_common.o
 os_exception.o()
 *fill*         0x0800a6c7        0x1 
 .text          0x0800a6c8      0x4a8 os_exception.o
                0x0800a6c8                OS_EXCEPTION_NMI
                0x0800a750                OS_EXCEPTION_HARDFAULT
                0x0800a7d8                OS_EXCEPTION_MEM_MANAG_FAULT
                0x0800a860                OS_EXCEPTION_BUS_FAULT
                0x0800a8e8                OS_EXCEPTION_USAGE_FAULT
                0x0800a970                OS_EXCEPTION_DEBUG
                0x0800a9ec                OS_EXCEPTION_PEND_SV
                0x0800aa00                OS_EXCEPTION_SYSTICK
                0x0800aae8                OS_EXCEPTION_IRQ
 .data          0x0800ab70        0x0 os_exception.o
 .bss           0x0800ab70        0x0 os_exception.o
 .debug_info    0x0800ab70      0x9d2 os_exception.o
 .debug_abbrev  0x0800b542      0x1de os_exception.o
 .debug_loc     0x0800b720       0x48 os_exception.o
 .debug_aranges
                0x0800b768       0x20 os_exception.o
 .debug_macro   0x0800b788       0xed os_exception.o
 .debug_macro   0x0800b875      0xa3c os_exception.o
 .debug_macro   0x0800c2b1       0x82 os_exception.o
 .debug_macro   0x0800c333       0x1c os_exception.o
 .debug_macro   0x0800c34f       0x28 os_exception.o
 .debug_line    0x0800c377      0x31a os_exception.o
 .debug_str     0x0800c691      0x923 os_exception.o
                               0x43ce (size before relaxing)
 .comment       0x0800cfb4       0x80 os_exception.o
 .debug_frame   0x0800cfb4      0x190 os_exception.o
 .ARM.attributes
                0x0800d144       0x33 os_exception.o
 os_exception_isr_handler.o()
 *fill*         0x0800d177        0x1 
 .text          0x0800d178       0x18 os_exception_isr_handler.o
                0x0800d178                OS_ISRHANDLERC0
 .data          0x0800d190        0x0 os_exception_isr_handler.o
 .bss           0x0800d190        0x0 os_exception_isr_handler.o
 .debug_info    0x0800d190      0x7db os_exception_isr_handler.o
 .debug_abbrev  0x0800d96b      0x151 os_exception_isr_handler.o
 .debug_loc     0x0800dabc       0x21 os_exception_isr_handler.o
 .debug_aranges
                0x0800dadd       0x20 os_exception_isr_handler.o
 .debug_macro   0x0800dafd       0xc5 os_exception_isr_handler.o
 .debug_macro   0x0800dbc2       0x28 os_exception_isr_handler.o
 .debug_line    0x0800dbea      0x237 os_exception_isr_handler.o
 .debug_str     0x0800de21      0x13e os_exception_isr_handler.o
                               0x3d36 (size before relaxing)
 .comment       0x0800df5f       0x80 os_exception_isr_handler.o
 *fill*         0x0800df5f        0x1 
 .debug_frame   0x0800df60       0x30 os_exception_isr_handler.o
 .ARM.attributes
                0x0800df90       0x33 os_exception_isr_handler.o
 os_exception_table.o()
 os_init_task_system.o()
 *fill*         0x0800dfc3        0x1 
 .text          0x0800dfc4        0x4 os_init_task_system.o
                0x0800dfc4                OS_INIT_TASK_SYSTEM
 .data          0x0800dfc8        0x0 os_init_task_system.o
 .bss           0x0800dfc8        0x0 os_init_task_system.o
 .debug_info    0x0800dfc8      0x71e os_init_task_system.o
 .debug_abbrev  0x0800e6e6      0x14c os_init_task_system.o
 .debug_aranges
                0x0800e832       0x20 os_init_task_system.o
 .debug_macro   0x0800e852       0xc8 os_init_task_system.o
 .debug_macro   0x0800e91a       0x22 os_init_task_system.o
 .debug_line    0x0800e93c      0x25c os_init_task_system.o
 .debug_str     0x0800eb98       0x73 os_init_task_system.o
                               0x3bd7 (size before relaxing)
 .comment       0x0800ec0b       0x80 os_init_task_system.o
 *fill*         0x0800ec0b        0x1 
 .debug_frame   0x0800ec0c       0x20 os_init_task_system.o
 .ARM.attributes
                0x0800ec2c       0x33 os_init_task_system.o
 os_main.o()
 *fill*         0x0800ec5f        0x1 
 .text          0x0800ec60       0xf4 os_main.o
                0x0800ec60                OS_StateHandler
 .data          0x0800ed54        0x0 os_main.o
 .bss           0x0800ed54        0x9 os_main.o
 .debug_info    0x0800ed5d      0x8cf os_main.o
 .debug_abbrev  0x0800f62c      0x184 os_main.o
 .debug_aranges
                0x0800f7b0       0x20 os_main.o
 .debug_macro   0x0800f7d0       0xe6 os_main.o
 .debug_macro   0x0800f8b6       0x1c os_main.o
 .debug_line    0x0800f8d2      0x2ae os_main.o
 .debug_str     0x0800fb80      0x255 os_main.o
                               0x3d7a (size before relaxing)
 .comment       0x0800fdd5       0x80 os_main.o
 *fill*         0x0800fdd5        0x3 
 .debug_frame   0x0800fdd8       0x2c os_main.o
 .ARM.attributes
                0x0800fe04       0x33 os_main.o
 os_memory_mmu.o()
 *fill*         0x0800fe37        0x1 
 .text          0x0800fe38       0x6c os_memory_mmu.o
                0x0800fe38                OS_MMU_SETUP
 .data          0x0800fea4        0x0 os_memory_mmu.o
 .bss           0x0800fea4        0x0 os_memory_mmu.o
 .debug_info    0x0800fea4      0x706 os_memory_mmu.o
 .debug_abbrev  0x080105aa      0x129 os_memory_mmu.o
 .debug_aranges
                0x080106d3       0x20 os_memory_mmu.o
 .debug_macro   0x080106f3       0xbe os_memory_mmu.o
 .debug_macro   0x080107b1       0x5e os_memory_mmu.o
 .debug_line    0x0801080f      0x260 os_memory_mmu.o
 .debug_str     0x08010a6f      0x2c4 os_memory_mmu.o
                               0x3db2 (size before relaxing)
 .comment       0x08010d33       0x80 os_memory_mmu.o
 *fill*         0x08010d33        0x1 
 .debug_frame   0x08010d34       0x3c os_memory_mmu.o
 .ARM.attributes
                0x08010d70       0x33 os_memory_mmu.o
 os_shutdown.o()
 *fill*         0x08010da3        0x1 
 .text          0x08010da4       0x40 os_shutdown.o
                0x08010da4                OS_Shutdown
 .data          0x08010de4        0x0 os_shutdown.o
 .bss           0x08010de4        0x0 os_shutdown.o
 .debug_info    0x08010de4      0x894 os_shutdown.o
 .debug_abbrev  0x08011678      0x175 os_shutdown.o
 .debug_loc     0x080117ed       0x21 os_shutdown.o
 .debug_aranges
                0x0801180e       0x20 os_shutdown.o
 .debug_macro   0x0801182e       0xbc os_shutdown.o
 .debug_line    0x080118ea      0x222 os_shutdown.o
 .debug_str     0x08011b0c      0x10a os_shutdown.o
                               0x3d5e (size before relaxing)
 .comment       0x08011c16       0x80 os_shutdown.o
 *fill*         0x08011c16        0x2 
 .debug_frame   0x08011c18       0x2c os_shutdown.o
 .ARM.attributes
                0x08011c44       0x33 os_shutdown.o
 os_start_ext_prg.o()
 *fill*         0x08011c77        0x1 
 .text          0x08011c78        0x4 os_start_ext_prg.o
                0x08011c78                OS_START_EXT_PRG
 .data          0x08011c7c        0x0 os_start_ext_prg.o
 .bss           0x08011c7c        0x0 os_start_ext_prg.o
 .debug_info    0x08011c7c      0x768 os_start_ext_prg.o
 .debug_abbrev  0x080123e4      0x14d os_start_ext_prg.o
 .debug_loc     0x08012531       0x63 os_start_ext_prg.o
 .debug_aranges
                0x08012594       0x20 os_start_ext_prg.o
 .debug_macro   0x080125b4       0xb5 os_start_ext_prg.o
 .debug_line    0x08012669      0x232 os_start_ext_prg.o
 .debug_str     0x0801289b       0x92 os_start_ext_prg.o
                               0x3b8b (size before relaxing)
 .comment       0x0801292d       0x80 os_start_ext_prg.o
 *fill*         0x0801292d        0x3 
 .debug_frame   0x08012930       0x20 os_start_ext_prg.o
 .ARM.attributes
                0x08012950       0x33 os_start_ext_prg.o
 os_start_init_hw.o()
 *fill*         0x08012983        0x1 
 .text          0x08012984        0x4 os_start_init_hw.o
                0x08012984                OS_INIT_HW
 .data          0x08012988        0x0 os_start_init_hw.o
 .bss           0x08012988        0x0 os_start_init_hw.o
 .debug_info    0x08012988      0x6ed os_start_init_hw.o
 .debug_abbrev  0x08013075      0x108 os_start_init_hw.o
 .debug_aranges
                0x0801317d       0x20 os_start_init_hw.o
 .debug_macro   0x0801319d       0xb5 os_start_init_hw.o
 .debug_line    0x08013252      0x22e os_start_init_hw.o
 .debug_str     0x08013480       0x59 os_start_init_hw.o
                               0x3b47 (size before relaxing)
 .comment       0x080134d9       0x80 os_start_init_hw.o
 *fill*         0x080134d9        0x3 
 .debug_frame   0x080134dc       0x20 os_start_init_hw.o
 .ARM.attributes
                0x080134fc       0x33 os_start_init_hw.o
 os_start_init_mc.o()
 *fill*         0x0801352f        0x1 
 .text          0x08013530        0x4 os_start_init_mc.o
                0x08013530                OS_INIT_MC
 .data          0x08013534        0x0 os_start_init_mc.o
 .bss           0x08013534        0x0 os_start_init_mc.o
 .debug_info    0x08013534      0x706 os_start_init_mc.o
 .debug_abbrev  0x08013c3a      0x129 os_start_init_mc.o
 .debug_aranges
                0x08013d63       0x20 os_start_init_mc.o
 .debug_macro   0x08013d83       0xc8 os_start_init_mc.o
 .debug_line    0x08013e4b      0x259 os_start_init_mc.o
 .debug_str     0x080140a4       0x6f os_start_init_mc.o
                               0x3dc7 (size before relaxing)
 .comment       0x08014113       0x80 os_start_init_mc.o
 *fill*         0x08014113        0x1 
 .debug_frame   0x08014114       0x20 os_start_init_mc.o
 .ARM.attributes
                0x08014134       0x33 os_start_init_mc.o
 os_start_init_sw.o()
 *fill*         0x08014167        0x1 
 .text          0x08014168       0x58 os_start_init_sw.o
                0x08014168                OS_InitSw
 .data          0x080141c0        0x0 os_start_init_sw.o
 .bss           0x080141c0        0x0 os_start_init_sw.o
 .debug_info    0x080141c0      0x708 os_start_init_sw.o
 .debug_abbrev  0x080148c8      0x135 os_start_init_sw.o
 .debug_loc     0x080149fd       0xbc os_start_init_sw.o
 .debug_aranges
                0x08014ab9       0x20 os_start_init_sw.o
 .debug_macro   0x08014ad9       0xa8 os_start_init_sw.o
 .debug_line    0x08014b81      0x1fa os_start_init_sw.o
 .debug_str     0x08014d7b       0x60 os_start_init_sw.o
                               0x3abe (size before relaxing)
 .comment       0x08014ddb       0x80 os_start_init_sw.o
 *fill*         0x08014ddb        0x1 
 .debug_frame   0x08014ddc       0x2c os_start_init_sw.o
 .ARM.attributes
                0x08014e08       0x33 os_start_init_sw.o
 os_start_os.o()
 *fill*         0x08014e3b        0x1 
 .text          0x08014e3c       0x70 os_start_os.o
                0x08014e3c                OS_StartOs
 .data          0x08014eac        0x0 os_start_os.o
 .bss           0x08014eac        0x0 os_start_os.o
 .debug_info    0x08014eac      0x6fb os_start_os.o
 .debug_abbrev  0x080155a7      0x129 os_start_os.o
 .debug_aranges
                0x080156d0       0x20 os_start_os.o
 .debug_macro   0x080156f0       0xd4 os_start_os.o
 .debug_line    0x080157c4      0x225 os_start_os.o
 .debug_str     0x080159e9      0x158 os_start_os.o
                               0x3ca7 (size before relaxing)
 .comment       0x08015b41       0x80 os_start_os.o
 *fill*         0x08015b41        0x3 
 .debug_frame   0x08015b44       0x3c os_start_os.o
 .ARM.attributes
                0x08015b80       0x33 os_start_os.o
 os_task_common.o()
 *fill*         0x08015bb3        0x1 
 .text          0x08015bb4       0xe0 os_task_common.o
                0x08015bb4                OS_TaskSaveTaskEnvironment
                0x08015bdc                OS_TASK_RESTORETASK_ENVIRONMENT
                0x08015bfc                OS_TASK_RESTORE_SYSTEM_STACK
                0x08015c00                OS_TASK_SAVE_SYSTEM_STACK
                0x08015c04                OS_Task_InitTaskEnvironment
 .data          0x08015c94        0x0 os_task_common.o
 .bss           0x08015c94        0x0 os_task_common.o
 .debug_info    0x08015c94      0x985 os_task_common.o
 .debug_abbrev  0x08016619      0x187 os_task_common.o
 .debug_loc     0x080167a0      0x10e os_task_common.o
 .debug_aranges
                0x080168ae       0x20 os_task_common.o
 .debug_macro   0x080168ce       0xb9 os_task_common.o
 .debug_line    0x08016987      0x263 os_task_common.o
 .debug_str     0x08016bea      0x151 os_task_common.o
                               0x3de3 (size before relaxing)
 .comment       0x08016d3b       0x80 os_task_common.o
 *fill*         0x08016d3b        0x1 
 .debug_frame   0x08016d3c       0x9c os_task_common.o
 .ARM.attributes
                0x08016dd8       0x33 os_task_common.o
 *fill*         0x08016e0b        0x1 
 COMMON         0x08016e0c       0x28 os_task_common.o
                0x08016e0c                TASK_PTR
 os_task_queue.o()
 .text          0x08016e34      0x5f8 os_task_queue.o
                0x08016e34                SET_RUNNING_TASK
                0x08016f70                OS_InitTaskQueue
                0x08016fb0                AddToTaskQueue
                0x0801716c                DeleteFromTaskQueue
                0x080171e4                GetFromTaskQueue
                0x080171e8                GetFromSchedulingQueue
                0x080171f4                DeleteFromSchedulingQueue
                0x080171fc                AddToSchedulingQueue
                0x08017254                GetIdleTask
                0x0801725c                AddToIdleTaskQueue
                0x08017380                GetRunningTask
                0x08017388                GetRunningSchedulingQueueElementPtr
                0x08017394                OS_InitTask
 .data          0x0801742c        0x0 os_task_queue.o
 .bss           0x0801742c        0x0 os_task_queue.o
 .debug_info    0x0801742c      0xd4b os_task_queue.o
 .debug_abbrev  0x08018177      0x1ef os_task_queue.o
 .debug_loc     0x08018366      0x534 os_task_queue.o
 .debug_aranges
                0x0801889a       0x20 os_task_queue.o
 .debug_macro   0x080188ba       0xbe os_task_queue.o
 .debug_line    0x08018978      0x373 os_task_queue.o
 .debug_str     0x08018ceb      0x20b os_task_queue.o
                               0x3f54 (size before relaxing)
 .comment       0x08018ef6       0x80 os_task_queue.o
 *fill*         0x08018ef6        0x2 
 .debug_frame   0x08018ef8      0x17c os_task_queue.o
 .ARM.attributes
                0x08019074       0x33 os_task_queue.o
 os_task_scheduler.o()
 *fill*         0x080190a7        0x1 
 .text          0x080190a8      0x6e8 os_task_scheduler.o
                0x08019214                OS_ActivateDispatcher
                0x08019248                OS_SleepTask
                0x080192d0                task_state_request
                0x08019354                OS_CreateTask
                0x08019388                OS_ActivateTask
                0x080193fc                OS_StartTask
                0x08019490                OS_TerminateTask
                0x08019500                OS_TaskDispatcher
                0x08019694                OS_InitTasks
 .data          0x08019790        0x0 os_task_scheduler.o
 .bss           0x08019790        0x0 os_task_scheduler.o
 .debug_info    0x08019790     0x1579 os_task_scheduler.o
 .debug_abbrev  0x0801ad09      0x354 os_task_scheduler.o
 .debug_loc     0x0801b05d      0x92c os_task_scheduler.o
 .debug_aranges
                0x0801b989       0x20 os_task_scheduler.o
 .debug_ranges  0x0801b9a9       0xc8 os_task_scheduler.o
 .debug_macro   0x0801ba71       0xea os_task_scheduler.o
 .debug_line    0x0801bb5b      0x446 os_task_scheduler.o
 .debug_str     0x0801bfa1      0x241 os_task_scheduler.o
                               0x420f (size before relaxing)
 .comment       0x0801c1e2       0x80 os_task_scheduler.o
 *fill*         0x0801c1e2        0x2 
 .debug_frame   0x0801c1e4      0x30c os_task_scheduler.o
 .ARM.attributes
                0x0801c4f0       0x33 os_task_scheduler.o
 os_stack.o()
 *fill*         0x0801c523        0x1 
 .text          0x0801c524       0xa0 os_stack.o
                0x0801c524                OS_StackCheck
 .data          0x0801c5c4        0x0 os_stack.o
 .bss           0x0801c5c4        0x8 os_stack.o
 .debug_info    0x0801c5cc      0x7ac os_stack.o
 .debug_abbrev  0x0801cd78      0x141 os_stack.o
 .debug_aranges
                0x0801ceb9       0x20 os_stack.o
 .debug_macro   0x0801ced9       0xa8 os_stack.o
 .debug_line    0x0801cf81      0x20d os_stack.o
 .debug_str     0x0801d18e       0x5b os_stack.o
                               0x3c51 (size before relaxing)
 .comment       0x0801d1e9       0x80 os_stack.o
 *fill*         0x0801d1e9        0x3 
 .debug_frame   0x0801d1ec       0x38 os_stack.o
 .ARM.attributes
                0x0801d224       0x33 os_stack.o
 os_heap.o()
 *fill*         0x0801d257        0x1 
 .text          0x0801d258        0x0 os_heap.o
 .data          0x0801d258        0x0 os_heap.o
 .bss           0x0801d258        0x0 os_heap.o
 .debug_info    0x0801d258      0x6d4 os_heap.o
 .debug_abbrev  0x0801d92c       0xec os_heap.o
 .debug_aranges
                0x0801da18       0x18 os_heap.o
 .debug_macro   0x0801da30       0xb9 os_heap.o
 .debug_line    0x0801dae9      0x217 os_heap.o
 .debug_str     0x0801dd00       0x45 os_heap.o
                               0x3b33 (size before relaxing)
 .comment       0x0801dd45       0x80 os_heap.o
 .ARM.attributes
                0x0801dd45       0x33 os_heap.o
 led.o()
 .text          0x0801dd78       0x10 led.o
                0x0801dd78                USER_LED_INIT
                0x0801dd7c                USER_LED_ON
                0x0801dd80                USER_LED_OFF
                0x0801dd84                USER_LED_TOGGLE
 .data          0x0801dd88        0x0 led.o
 .bss           0x0801dd88        0x0 led.o
 .debug_info    0x0801dd88      0x783 led.o
 .debug_abbrev  0x0801e50b      0x14b led.o
 .debug_loc     0x0801e656       0x21 led.o
 .debug_aranges
                0x0801e677       0x20 led.o
 .debug_ranges  0x0801e697       0x10 led.o
 .debug_macro   0x0801e6a7       0xb9 led.o
 .debug_line    0x0801e760      0x219 led.o
 .debug_str     0x0801e979       0x9f led.o
                               0x3b8d (size before relaxing)
 .comment       0x0801ea18       0x80 led.o
 .debug_frame   0x0801ea18       0x50 led.o
 .ARM.attributes
                0x0801ea68       0x33 led.o
                0x0801ea9b                _code_end = .
                [!provide]                PROVIDE (code_start = .)
                [!provide]                PROVIDE (code_end = .)

.glue_7         0x0801ea9c        0x0
 .glue_7        0x0801ea9c        0x0 linker stubs

.glue_7t        0x0801ea9c        0x0
 .glue_7t       0x0801ea9c        0x0 linker stubs

.vfp11_veneer   0x0801ea9c        0x0
 .vfp11_veneer  0x0801ea9c        0x0 linker stubs

.v4_bx          0x0801ea9c        0x0
 .v4_bx         0x0801ea9c        0x0 linker stubs

.data           0x20000010     0xdb64
                0x20000010                _ram_stack_start = .
 os_ram_stack.o()
 .text          0x20000010        0x0 os_ram_stack.o
 .data          0x20000010        0x0 os_ram_stack.o
 .bss           0x20000010        0x0 os_ram_stack.o
 .debug_info    0x20000010      0x6e1 os_ram_stack.o
 .debug_abbrev  0x200006f1       0xf9 os_ram_stack.o
 .debug_aranges
                0x200007ea       0x18 os_ram_stack.o
 .debug_macro   0x20000802       0xb9 os_ram_stack.o
 .debug_line    0x200008bb      0x22a os_ram_stack.o
 .debug_str     0x20000ae5     0x3aa5 os_ram_stack.o
                               0x3b38 (size before relaxing)
 .comment       0x2000458a       0x7f os_ram_stack.o
                                 0x80 (size before relaxing)
 .ARM.attributes
                0x20004609       0x33 os_ram_stack.o
 COMMON         0x2000463c      0x200 os_ram_stack.o
                0x2000463c                OS_MAIN_STACK
                0x2000483c                _ram_stack_end = .
                [!provide]                PROVIDE (ram_stack_start = .)
                [!provide]                PROVIDE (ram_stack_end = .)
                0x2000483c                _ram_start = .
 os_ram.o()
 .text          0x2000483c        0x0 os_ram.o
 .data          0x2000483c        0x0 os_ram.o
 .bss           0x2000483c        0x0 os_ram.o
 .debug_info    0x2000483c      0xa18 os_ram.o
 .debug_abbrev  0x20005254      0x10a os_ram.o
 .debug_aranges
                0x2000535e       0x18 os_ram.o
 .debug_macro   0x20005376       0xbd os_ram.o
 .debug_line    0x20005433      0x231 os_ram.o
 .debug_str     0x20005664      0x108 os_ram.o
                               0x3bf6 (size before relaxing)
 .comment       0x2000576c       0x80 os_ram.o
 .ARM.attributes
                0x2000576c       0x33 os_ram.o
 *fill*         0x2000579f        0x1 
 COMMON         0x200057a0     0x5cc0 os_ram.o
                0x200057a0                TASK_STACK
                0x2000a5c0                VAR_MEM_MANAG_FAULT_STATUS_REG
                0x2000a5c4                REGISTER_R2
                0x2000a5c8                TASK_GROUP_3
                0x2000a5e8                RAM_CHECK_FAILURE_ADDR
                0x2000a5ec                REGISTER_R0
                0x2000a5f0                REGISTER_R6
                0x2000a5f4                REGISTER_R7
                0x2000a5f8                DBG_CALIB_VALUE
                0x2000a5fc                OS_STATE
                0x2000a600                TASK_IDLE_QUEUE
                0x2000a6d0                REGISTER_R9
                0x2000a6d4                TASK1_CALL_NR
                0x2000a6d8                bTASK_QUEUE_INITIALIZED
                0x2000a6dc                BACKUP_SYSTICK_CURRENT_VAL_REG
                0x2000a6e0                STACK_POS
                0x2000a6e4                TASK2_CALL_NR
                0x2000a6e8                LAST_CURRENT_TIME
                0x2000a6f8                LINK_REGISTER_HANDLER
                0x2000a6fc                VAR_AUX_FAULT_STATUS_REG
                0x2000a700                REGISTER_R8
                0x2000a704                TASK_3_VAR
                0x2000a7d4                TASK_0_VAR
                0x2000a8a4                STACK_USAGE_PERCENT
                0x2000a8a8                TASK4_CALL_NR
                0x2000a8ac                TASK_GROUP_2
                0x2000a8cc                REGISTER_R5
                0x2000a8d0                STACK_ADDR
                0x2000a8d4                SAVED_STACK_POINTER
                0x2000a8d8                DBG_RLD_VALUE
                0x2000a8dc                REGISTER_R4
                0x2000a8e0                RUNNING_TASK
                0x2000a9b0                TASK_RUN_QUEUE
                0x2000b1d0                VAR_HARDFAULT_STATUS_REG
                0x2000b1d4                RUNNING_SCHEDULING_QUEUE_ENTRY
                0x2000b1d8                TASK_GROUP_5
                0x2000b1f8                REGISTER_R1
                0x2000b1fc                DBG_CTRL_VALUE
                0x2000b200                TASK_2_VAR
                0x2000b2d0                VAR_BUS_FAULT_STATUS_REG
                0x2000b2d4                RAM_CHECK_FAILURE_DETECTED
                0x2000b2d8                REGISTER_R10
                0x2000b2dc                DBG_CURR_VAL
                0x2000b2e0                TASK_GROUP_1
                0x2000b300                VAR_FAULT_STATUS_REG
                0x2000b304                TASK_GROUP_4
                0x2000b324                REGISTER_R11
                0x2000b328                TASK_TRANSITION_REJECTED_STATE
                0x2000b32c                LOCAL_SYSTEM_TIME
                0x2000b33c                TASK_TRANSITION_CURRENT_STATE
                0x2000b33d                SYSTEM_STATE_ACCEPTED
                0x2000b340                REGISTER_R3
                0x2000b344                TASK_SCHEDULING_QUEUE
                0x2000b36c                TASK3_CALL_NR
                0x2000b370                VAR_MEM_FAULT_ADDR_REG
                0x2000b374                VAR_USAGE_FAULT_STATUS_REG
                0x2000b378                VAR_BUS_FAULT_ADDR_REG
                0x2000b37c                TASK_TRANSITION_REJECTED_TASK_ADDR
                0x2000b380                OS_SW_BUG
                0x2000b390                TASK_1_VAR
 os_shared_ram.o()
 .text          0x2000b460        0x0 os_shared_ram.o
 .data          0x2000b460        0x0 os_shared_ram.o
 .bss           0x2000b460        0x0 os_shared_ram.o
 .debug_info    0x2000b460      0x7e3 os_shared_ram.o
 .debug_abbrev  0x2000bc43       0xfd os_shared_ram.o
 .debug_aranges
                0x2000bd40       0x18 os_shared_ram.o
 .debug_macro   0x2000bd58       0xfe os_shared_ram.o
 .debug_macro   0x2000be56       0x8e os_shared_ram.o
 .debug_macro   0x2000bee4       0x10 os_shared_ram.o
 .debug_line    0x2000bef4      0x1c9 os_shared_ram.o
 .debug_str     0x2000c0bd      0xa83 os_shared_ram.o
                               0x3d33 (size before relaxing)
 .comment       0x2000cb40       0x80 os_shared_ram.o
 .ARM.attributes
                0x2000cb40       0x33 os_shared_ram.o
 *fill*         0x2000cb73        0x1 
 COMMON         0x2000cb74     0x1000 os_shared_ram.o
                0x2000cb74                RAM_BLOCK_C01_C01
                0x2000cc74                RAM_BLOCK_C01_C00
                0x2000cd74                RAM_BLOCK_C00_C00
                0x2000ce74                RAM_BLOCK_C01_C03
                0x2000cf74                RAM_BLOCK_C03_C01
                0x2000d074                RAM_BLOCK_C00_C01
                0x2000d174                RAM_BLOCK_C02_C01
                0x2000d274                RAM_BLOCK_C01_C02
                0x2000d374                RAM_BLOCK_C03_C00
                0x2000d474                RAM_BLOCK_C02_C00
                0x2000d574                RAM_BLOCK_C02_C02
                0x2000d674                RAM_BLOCK_C03_C03
                0x2000d774                RAM_BLOCK_C03_C02
                0x2000d874                RAM_BLOCK_C00_C03
                0x2000d974                RAM_BLOCK_C00_C02
                0x2000da74                RAM_BLOCK_C02_C03
                0x2000db74                _ram_end = .
                [!provide]                PROVIDE (ram_start = .)
                [!provide]                PROVIDE (ram_end = .)
START GROUP
LOAD d:/programm/gnu tools arm embedded/7 2018-q2-update/bin/../lib/gcc/arm-none-eabi/7.3.1/thumb/v7e-m\libgcc.a
LOAD d:/programm/gnu tools arm embedded/7 2018-q2-update/bin/../lib/gcc/arm-none-eabi/7.3.1/../../../../arm-none-eabi/lib/thumb/v7e-m\libg.a
LOAD d:/programm/gnu tools arm embedded/7 2018-q2-update/bin/../lib/gcc/arm-none-eabi/7.3.1/../../../../arm-none-eabi/lib/thumb/v7e-m\libc.a
END GROUP
OUTPUT(E:\NeuOrga\Programmieren\c_cpp\github_os\output\VERSION_ARM\operating_system.elf elf32-littlearm)
