Archive member included because of file (symbol)

d:/programm/gnu tools arm embedded/4.9 2015q1/bin/../lib/gcc/arm-none-eabi/4.9.3/armv7e-m\libgcc.a(_arm_addsubdf3.o)
                              os_task_scheduler.o (__aeabi_ui2d)
d:/programm/gnu tools arm embedded/4.9 2015q1/bin/../lib/gcc/arm-none-eabi/4.9.3/armv7e-m\libgcc.a(_arm_cmpdf2.o)
                              os_task_scheduler.o (__aeabi_dcmpgt)

Allocating common symbols
Common symbol       size              file

RAM_BLOCK_C01_C01   0x100             os_shared_ram.o
VAR_MEM_MANAG_FAULT_STATUS_REG
                    0x4               os_ram.o
REGISTER_R2         0x4               os_task_common.o
REGISTER_R0         0x4               os_task_common.o
OS_STACK            0x100             os_ram.o
RAM_BLOCK_C01_C00   0x100             os_shared_ram.o
RAM_BLOCK_C00_C00   0x100             os_shared_ram.o
BACKUP_SYSTICK_CURRENT_VAL_REG
                    0x4               os_ram.o
RAM_BLOCK_C01_C03   0x100             os_shared_ram.o
LINK_REGISTER_HANDLER
                    0x4               os_ram.o
VAR_AUX_FAULT_STATUS_REG
                    0x4               os_ram.o
RAM_BLOCK_C03_C01   0x100             os_shared_ram.o
RAM_BLOCK_C00_C01   0x100             os_shared_ram.o
TASK_PTR            0x14              os_task_common.o
OS_MAIN_STACK       0x100             os_ram.o
RAM_BLOCK_C02_C01   0x100             os_shared_ram.o
RAM_BLOCK_C01_C02   0x100             os_shared_ram.o
VAR_HARDFAULT_STATUS_REG
                    0x4               os_ram.o
RAM_BLOCK_C03_C00   0x100             os_shared_ram.o
REGISTER_R1         0x4               os_task_common.o
RAM_BLOCK_C02_C00   0x100             os_shared_ram.o
VAR_BUS_FAULT_STATUS_REG
                    0x4               os_ram.o
RAM_BLOCK_C02_C02   0x100             os_shared_ram.o
RAM_BLOCK_C03_C03   0x100             os_shared_ram.o
RAM_BLOCK_C03_C02   0x100             os_shared_ram.o
RAM_BLOCK_C00_C03   0x100             os_shared_ram.o
HEAP                0x2710            os_ram.o
VAR_FAULT_STATUS_REG
                    0x4               os_ram.o
REGISTER_R3         0x4               os_task_common.o
VAR_MEM_FAULT_ADDR_REG
                    0x4               os_ram.o
VAR_USAGE_FAULT_STATUS_REG
                    0x4               os_ram.o
VAR_BUS_FAULT_ADDR_REG
                    0x4               os_ram.o
RAM_BLOCK_C00_C02   0x100             os_shared_ram.o
RAM_BLOCK_C02_C03   0x100             os_shared_ram.o

Discarded input sections

 .group         0x00000000        0x8 os_exception_table.o
 .group         0x00000000        0x8 os_exception_table.o
 .group         0x00000000        0x8 os_exception_table.o
 .group         0x00000000        0x8 os_exception_table.o
 .group         0x00000000        0x8 os_exception_table.o
 .group         0x00000000        0x8 os_exception_table.o
 .group         0x00000000        0x8 os_exception_table.o
 .group         0x00000000        0x8 os_exception_table.o
 .group         0x00000000        0x8 os_const.o
 .group         0x00000000        0x8 os_const.o
 .group         0x00000000        0x8 os_const.o
 .group         0x00000000        0x8 os_const.o
 .group         0x00000000        0x8 os_const.o
 .group         0x00000000        0x8 os_const.o
 .group         0x00000000        0x8 os_const.o
 .debug_macro   0x00000000      0x86e os_const.o
 .debug_macro   0x00000000       0x4c os_const.o
 .debug_macro   0x00000000       0x8e os_const.o
 .debug_macro   0x00000000       0x16 os_const.o
 .debug_macro   0x00000000       0x28 os_const.o
 .debug_macro   0x00000000       0x46 os_const.o
 .debug_macro   0x00000000       0x10 os_const.o
 .group         0x00000000        0x8 os_common.o
 .group         0x00000000        0x8 os_common.o
 .group         0x00000000        0x8 os_common.o
 .group         0x00000000        0x8 os_common.o
 .group         0x00000000        0x8 os_common.o
 .group         0x00000000        0x8 os_common.o
 .group         0x00000000        0x8 os_common.o
 .debug_macro   0x00000000      0x86e os_common.o
 .debug_macro   0x00000000       0x4c os_common.o
 .debug_macro   0x00000000       0x8e os_common.o
 .debug_macro   0x00000000       0x16 os_common.o
 .debug_macro   0x00000000       0x28 os_common.o
 .debug_macro   0x00000000       0x46 os_common.o
 .debug_macro   0x00000000       0x10 os_common.o
 .group         0x00000000        0x8 os_driver_hook.o
 .group         0x00000000        0x8 os_driver_hook.o
 .group         0x00000000        0x8 os_driver_hook.o
 .group         0x00000000        0x8 os_driver_hook.o
 .group         0x00000000        0x8 os_driver_hook.o
 .group         0x00000000        0x8 os_driver_hook.o
 .group         0x00000000        0x8 os_driver_hook.o
 .debug_macro   0x00000000      0x86e os_driver_hook.o
 .debug_macro   0x00000000       0x4c os_driver_hook.o
 .debug_macro   0x00000000       0x8e os_driver_hook.o
 .debug_macro   0x00000000       0x16 os_driver_hook.o
 .debug_macro   0x00000000       0x28 os_driver_hook.o
 .debug_macro   0x00000000       0x46 os_driver_hook.o
 .debug_macro   0x00000000       0x10 os_driver_hook.o
 .group         0x00000000        0x8 os_exception.o
 .group         0x00000000        0x8 os_exception.o
 .group         0x00000000        0x8 os_exception.o
 .group         0x00000000        0x8 os_exception.o
 .group         0x00000000        0x8 os_exception.o
 .group         0x00000000        0x8 os_exception.o
 .group         0x00000000        0x8 os_exception.o
 .group         0x00000000        0x8 os_exception.o
 .debug_macro   0x00000000       0x4c os_exception.o
 .debug_macro   0x00000000       0x8e os_exception.o
 .debug_macro   0x00000000       0x16 os_exception.o
 .debug_macro   0x00000000       0x28 os_exception.o
 .debug_macro   0x00000000       0x46 os_exception.o
 .debug_macro   0x00000000       0x10 os_exception.o
 .debug_macro   0x00000000       0x10 os_exception.o
 .group         0x00000000        0x8 os_exception_isr_handler.o
 .group         0x00000000        0x8 os_exception_isr_handler.o
 .group         0x00000000        0x8 os_exception_isr_handler.o
 .group         0x00000000        0x8 os_exception_isr_handler.o
 .group         0x00000000        0x8 os_exception_isr_handler.o
 .group         0x00000000        0x8 os_exception_isr_handler.o
 .group         0x00000000        0x8 os_exception_isr_handler.o
 .group         0x00000000        0x8 os_exception_isr_handler.o
 .debug_macro   0x00000000      0x86e os_exception_isr_handler.o
 .debug_macro   0x00000000       0x4c os_exception_isr_handler.o
 .debug_macro   0x00000000       0x8e os_exception_isr_handler.o
 .debug_macro   0x00000000       0x16 os_exception_isr_handler.o
 .debug_macro   0x00000000       0x28 os_exception_isr_handler.o
 .debug_macro   0x00000000       0x46 os_exception_isr_handler.o
 .debug_macro   0x00000000       0x10 os_exception_isr_handler.o
 .group         0x00000000        0x8 os_init_task_system.o
 .group         0x00000000        0x8 os_init_task_system.o
 .group         0x00000000        0x8 os_init_task_system.o
 .group         0x00000000        0x8 os_init_task_system.o
 .group         0x00000000        0x8 os_init_task_system.o
 .group         0x00000000        0x8 os_init_task_system.o
 .group         0x00000000        0x8 os_init_task_system.o
 .group         0x00000000        0x8 os_init_task_system.o
 .debug_macro   0x00000000      0x86e os_init_task_system.o
 .debug_macro   0x00000000       0x4c os_init_task_system.o
 .debug_macro   0x00000000       0x8e os_init_task_system.o
 .debug_macro   0x00000000       0x16 os_init_task_system.o
 .debug_macro   0x00000000       0x28 os_init_task_system.o
 .debug_macro   0x00000000       0x46 os_init_task_system.o
 .debug_macro   0x00000000       0x10 os_init_task_system.o
 .group         0x00000000        0x8 os_main.o
 .group         0x00000000        0x8 os_main.o
 .group         0x00000000        0x8 os_main.o
 .group         0x00000000        0x8 os_main.o
 .group         0x00000000        0x8 os_main.o
 .group         0x00000000        0x8 os_main.o
 .group         0x00000000        0x8 os_main.o
 .group         0x00000000        0x8 os_main.o
 .debug_macro   0x00000000      0x86e os_main.o
 .debug_macro   0x00000000       0x4c os_main.o
 .debug_macro   0x00000000       0x8e os_main.o
 .debug_macro   0x00000000       0x16 os_main.o
 .debug_macro   0x00000000       0x28 os_main.o
 .debug_macro   0x00000000       0x46 os_main.o
 .debug_macro   0x00000000       0x10 os_main.o
 .debug_macro   0x00000000       0x28 os_main.o
 .group         0x00000000        0x8 os_memory_mmu_setup.o
 .group         0x00000000        0x8 os_memory_mmu_setup.o
 .group         0x00000000        0x8 os_memory_mmu_setup.o
 .group         0x00000000        0x8 os_memory_mmu_setup.o
 .group         0x00000000        0x8 os_memory_mmu_setup.o
 .group         0x00000000        0x8 os_memory_mmu_setup.o
 .group         0x00000000        0x8 os_memory_mmu_setup.o
 .debug_macro   0x00000000      0x86e os_memory_mmu_setup.o
 .debug_macro   0x00000000       0x4c os_memory_mmu_setup.o
 .debug_macro   0x00000000       0x8e os_memory_mmu_setup.o
 .debug_macro   0x00000000       0x16 os_memory_mmu_setup.o
 .debug_macro   0x00000000       0x28 os_memory_mmu_setup.o
 .debug_macro   0x00000000       0x46 os_memory_mmu_setup.o
 .debug_macro   0x00000000       0x10 os_memory_mmu_setup.o
 .group         0x00000000        0x8 os_rte_common.o
 .group         0x00000000        0x8 os_rte_common.o
 .group         0x00000000        0x8 os_rte_common.o
 .group         0x00000000        0x8 os_rte_common.o
 .group         0x00000000        0x8 os_rte_common.o
 .group         0x00000000        0x8 os_rte_common.o
 .group         0x00000000        0x8 os_rte_common.o
 .debug_macro   0x00000000      0x86e os_rte_common.o
 .debug_macro   0x00000000       0x4c os_rte_common.o
 .debug_macro   0x00000000       0x8e os_rte_common.o
 .debug_macro   0x00000000       0x16 os_rte_common.o
 .debug_macro   0x00000000       0x28 os_rte_common.o
 .debug_macro   0x00000000       0x46 os_rte_common.o
 .debug_macro   0x00000000       0x10 os_rte_common.o
 .group         0x00000000        0x8 os_rte_icc.o
 .group         0x00000000        0x8 os_rte_icc.o
 .group         0x00000000        0x8 os_rte_icc.o
 .group         0x00000000        0x8 os_rte_icc.o
 .group         0x00000000        0x8 os_rte_icc.o
 .group         0x00000000        0x8 os_rte_icc.o
 .group         0x00000000        0x8 os_rte_icc.o
 .debug_macro   0x00000000      0x86e os_rte_icc.o
 .debug_macro   0x00000000       0x4c os_rte_icc.o
 .debug_macro   0x00000000       0x8e os_rte_icc.o
 .debug_macro   0x00000000       0x16 os_rte_icc.o
 .debug_macro   0x00000000       0x28 os_rte_icc.o
 .debug_macro   0x00000000       0x46 os_rte_icc.o
 .debug_macro   0x00000000       0x10 os_rte_icc.o
 .group         0x00000000        0x8 os_shutdown.o
 .group         0x00000000        0x8 os_shutdown.o
 .group         0x00000000        0x8 os_shutdown.o
 .group         0x00000000        0x8 os_shutdown.o
 .group         0x00000000        0x8 os_shutdown.o
 .group         0x00000000        0x8 os_shutdown.o
 .group         0x00000000        0x8 os_shutdown.o
 .debug_macro   0x00000000      0x86e os_shutdown.o
 .debug_macro   0x00000000       0x4c os_shutdown.o
 .debug_macro   0x00000000       0x8e os_shutdown.o
 .debug_macro   0x00000000       0x16 os_shutdown.o
 .debug_macro   0x00000000       0x28 os_shutdown.o
 .debug_macro   0x00000000       0x46 os_shutdown.o
 .debug_macro   0x00000000       0x10 os_shutdown.o
 .group         0x00000000        0x8 os_start_ext_prg.o
 .group         0x00000000        0x8 os_start_ext_prg.o
 .group         0x00000000        0x8 os_start_ext_prg.o
 .group         0x00000000        0x8 os_start_ext_prg.o
 .group         0x00000000        0x8 os_start_ext_prg.o
 .group         0x00000000        0x8 os_start_ext_prg.o
 .group         0x00000000        0x8 os_start_ext_prg.o
 .debug_macro   0x00000000      0x86e os_start_ext_prg.o
 .debug_macro   0x00000000       0x4c os_start_ext_prg.o
 .debug_macro   0x00000000       0x8e os_start_ext_prg.o
 .debug_macro   0x00000000       0x16 os_start_ext_prg.o
 .debug_macro   0x00000000       0x28 os_start_ext_prg.o
 .debug_macro   0x00000000       0x46 os_start_ext_prg.o
 .debug_macro   0x00000000       0x10 os_start_ext_prg.o
 .group         0x00000000        0x8 os_start_init_hw.o
 .group         0x00000000        0x8 os_start_init_hw.o
 .group         0x00000000        0x8 os_start_init_hw.o
 .group         0x00000000        0x8 os_start_init_hw.o
 .group         0x00000000        0x8 os_start_init_hw.o
 .group         0x00000000        0x8 os_start_init_hw.o
 .group         0x00000000        0x8 os_start_init_hw.o
 .debug_macro   0x00000000      0x86e os_start_init_hw.o
 .debug_macro   0x00000000       0x4c os_start_init_hw.o
 .debug_macro   0x00000000       0x8e os_start_init_hw.o
 .debug_macro   0x00000000       0x16 os_start_init_hw.o
 .debug_macro   0x00000000       0x28 os_start_init_hw.o
 .debug_macro   0x00000000       0x46 os_start_init_hw.o
 .debug_macro   0x00000000       0x10 os_start_init_hw.o
 .group         0x00000000        0x8 os_start_init_mc.o
 .group         0x00000000        0x8 os_start_init_mc.o
 .group         0x00000000        0x8 os_start_init_mc.o
 .group         0x00000000        0x8 os_start_init_mc.o
 .group         0x00000000        0x8 os_start_init_mc.o
 .group         0x00000000        0x8 os_start_init_mc.o
 .group         0x00000000        0x8 os_start_init_mc.o
 .debug_macro   0x00000000      0x86e os_start_init_mc.o
 .debug_macro   0x00000000       0x4c os_start_init_mc.o
 .debug_macro   0x00000000       0x8e os_start_init_mc.o
 .debug_macro   0x00000000       0x16 os_start_init_mc.o
 .debug_macro   0x00000000       0x28 os_start_init_mc.o
 .debug_macro   0x00000000       0x46 os_start_init_mc.o
 .debug_macro   0x00000000       0x10 os_start_init_mc.o
 .group         0x00000000        0x8 os_start_init_sw.o
 .group         0x00000000        0x8 os_start_init_sw.o
 .group         0x00000000        0x8 os_start_init_sw.o
 .group         0x00000000        0x8 os_start_init_sw.o
 .group         0x00000000        0x8 os_start_init_sw.o
 .group         0x00000000        0x8 os_start_init_sw.o
 .group         0x00000000        0x8 os_start_init_sw.o
 .debug_macro   0x00000000      0x86e os_start_init_sw.o
 .debug_macro   0x00000000       0x4c os_start_init_sw.o
 .debug_macro   0x00000000       0x8e os_start_init_sw.o
 .debug_macro   0x00000000       0x16 os_start_init_sw.o
 .debug_macro   0x00000000       0x28 os_start_init_sw.o
 .debug_macro   0x00000000       0x46 os_start_init_sw.o
 .debug_macro   0x00000000       0x10 os_start_init_sw.o
 .group         0x00000000        0x8 os_start_os.o
 .group         0x00000000        0x8 os_start_os.o
 .group         0x00000000        0x8 os_start_os.o
 .group         0x00000000        0x8 os_start_os.o
 .group         0x00000000        0x8 os_start_os.o
 .group         0x00000000        0x8 os_start_os.o
 .group         0x00000000        0x8 os_start_os.o
 .debug_macro   0x00000000      0x86e os_start_os.o
 .debug_macro   0x00000000       0x4c os_start_os.o
 .debug_macro   0x00000000       0x8e os_start_os.o
 .debug_macro   0x00000000       0x16 os_start_os.o
 .debug_macro   0x00000000       0x28 os_start_os.o
 .debug_macro   0x00000000       0x46 os_start_os.o
 .debug_macro   0x00000000       0x10 os_start_os.o
 .group         0x00000000        0x8 os_task_common.o
 .group         0x00000000        0x8 os_task_common.o
 .group         0x00000000        0x8 os_task_common.o
 .group         0x00000000        0x8 os_task_common.o
 .group         0x00000000        0x8 os_task_common.o
 .group         0x00000000        0x8 os_task_common.o
 .group         0x00000000        0x8 os_task_common.o
 .group         0x00000000        0x8 os_task_common.o
 .debug_macro   0x00000000      0x86e os_task_common.o
 .debug_macro   0x00000000       0x4c os_task_common.o
 .debug_macro   0x00000000       0x8e os_task_common.o
 .debug_macro   0x00000000       0x16 os_task_common.o
 .debug_macro   0x00000000       0x28 os_task_common.o
 .debug_macro   0x00000000       0x46 os_task_common.o
 .debug_macro   0x00000000       0x10 os_task_common.o
 .debug_macro   0x00000000       0x28 os_task_common.o
 .group         0x00000000        0x8 os_task_queue.o
 .group         0x00000000        0x8 os_task_queue.o
 .group         0x00000000        0x8 os_task_queue.o
 .group         0x00000000        0x8 os_task_queue.o
 .group         0x00000000        0x8 os_task_queue.o
 .group         0x00000000        0x8 os_task_queue.o
 .group         0x00000000        0x8 os_task_queue.o
 .group         0x00000000        0x8 os_task_queue.o
 .group         0x00000000        0x8 os_task_queue.o
 .debug_macro   0x00000000      0x86e os_task_queue.o
 .debug_macro   0x00000000       0x4c os_task_queue.o
 .debug_macro   0x00000000       0x8e os_task_queue.o
 .debug_macro   0x00000000       0x16 os_task_queue.o
 .debug_macro   0x00000000       0x28 os_task_queue.o
 .debug_macro   0x00000000       0x46 os_task_queue.o
 .debug_macro   0x00000000       0x10 os_task_queue.o
 .debug_macro   0x00000000       0x28 os_task_queue.o
 .group         0x00000000        0x8 os_task_scheduler.o
 .group         0x00000000        0x8 os_task_scheduler.o
 .group         0x00000000        0x8 os_task_scheduler.o
 .group         0x00000000        0x8 os_task_scheduler.o
 .group         0x00000000        0x8 os_task_scheduler.o
 .group         0x00000000        0x8 os_task_scheduler.o
 .group         0x00000000        0x8 os_task_scheduler.o
 .group         0x00000000        0x8 os_task_scheduler.o
 .group         0x00000000        0x8 os_task_scheduler.o
 .debug_macro   0x00000000      0x86e os_task_scheduler.o
 .debug_macro   0x00000000       0x4c os_task_scheduler.o
 .debug_macro   0x00000000       0x8e os_task_scheduler.o
 .debug_macro   0x00000000       0x16 os_task_scheduler.o
 .debug_macro   0x00000000       0x28 os_task_scheduler.o
 .debug_macro   0x00000000       0x46 os_task_scheduler.o
 .debug_macro   0x00000000       0x10 os_task_scheduler.o
 .debug_macro   0x00000000       0x28 os_task_scheduler.o
 .debug_macro   0x00000000       0x1c os_task_scheduler.o
 .group         0x00000000        0x8 os_stack.o
 .group         0x00000000        0x8 os_stack.o
 .group         0x00000000        0x8 os_stack.o
 .group         0x00000000        0x8 os_stack.o
 .group         0x00000000        0x8 os_stack.o
 .group         0x00000000        0x8 os_stack.o
 .group         0x00000000        0x8 os_stack.o
 .debug_macro   0x00000000      0x86e os_stack.o
 .debug_macro   0x00000000       0x4c os_stack.o
 .debug_macro   0x00000000       0x8e os_stack.o
 .debug_macro   0x00000000       0x16 os_stack.o
 .debug_macro   0x00000000       0x28 os_stack.o
 .debug_macro   0x00000000       0x46 os_stack.o
 .debug_macro   0x00000000       0x10 os_stack.o
 .group         0x00000000        0x8 os_heap.o
 .group         0x00000000        0x8 os_heap.o
 .group         0x00000000        0x8 os_heap.o
 .group         0x00000000        0x8 os_heap.o
 .group         0x00000000        0x8 os_heap.o
 .group         0x00000000        0x8 os_heap.o
 .group         0x00000000        0x8 os_heap.o
 .debug_macro   0x00000000      0x86e os_heap.o
 .debug_macro   0x00000000       0x4c os_heap.o
 .debug_macro   0x00000000       0x8e os_heap.o
 .debug_macro   0x00000000       0x16 os_heap.o
 .debug_macro   0x00000000       0x28 os_heap.o
 .debug_macro   0x00000000       0x46 os_heap.o
 .debug_macro   0x00000000       0x10 os_heap.o
 .group         0x00000000        0x8 os_diagnostic_main.o
 .group         0x00000000        0x8 os_diagnostic_main.o
 .group         0x00000000        0x8 os_diagnostic_main.o
 .group         0x00000000        0x8 os_diagnostic_main.o
 .group         0x00000000        0x8 os_diagnostic_main.o
 .group         0x00000000        0x8 os_diagnostic_main.o
 .group         0x00000000        0x8 os_diagnostic_main.o
 .debug_macro   0x00000000      0x86e os_diagnostic_main.o
 .debug_macro   0x00000000       0x4c os_diagnostic_main.o
 .debug_macro   0x00000000       0x8e os_diagnostic_main.o
 .debug_macro   0x00000000       0x16 os_diagnostic_main.o
 .debug_macro   0x00000000       0x28 os_diagnostic_main.o
 .debug_macro   0x00000000       0x46 os_diagnostic_main.o
 .debug_macro   0x00000000       0x10 os_diagnostic_main.o
 .group         0x00000000        0x8 led.o
 .group         0x00000000        0x8 led.o
 .group         0x00000000        0x8 led.o
 .group         0x00000000        0x8 led.o
 .group         0x00000000        0x8 led.o
 .group         0x00000000        0x8 led.o
 .group         0x00000000        0x8 led.o
 .debug_macro   0x00000000      0x86e led.o
 .debug_macro   0x00000000       0x4c led.o
 .debug_macro   0x00000000       0x8e led.o
 .debug_macro   0x00000000       0x16 led.o
 .debug_macro   0x00000000       0x28 led.o
 .debug_macro   0x00000000       0x46 led.o
 .debug_macro   0x00000000       0x10 led.o
 .group         0x00000000        0x8 os_ram.o
 .group         0x00000000        0x8 os_ram.o
 .group         0x00000000        0x8 os_ram.o
 .group         0x00000000        0x8 os_ram.o
 .group         0x00000000        0x8 os_ram.o
 .group         0x00000000        0x8 os_ram.o
 .group         0x00000000        0x8 os_ram.o
 .debug_macro   0x00000000      0x86e os_ram.o
 .debug_macro   0x00000000       0x4c os_ram.o
 .debug_macro   0x00000000       0x8e os_ram.o
 .debug_macro   0x00000000       0x16 os_ram.o
 .debug_macro   0x00000000       0x28 os_ram.o
 .debug_macro   0x00000000       0x46 os_ram.o
 .debug_macro   0x00000000       0x10 os_ram.o
 .group         0x00000000        0x8 os_shared_ram.o
 .group         0x00000000        0x8 os_shared_ram.o
 .group         0x00000000        0x8 os_shared_ram.o
 .group         0x00000000        0x8 os_shared_ram.o
 .group         0x00000000        0x8 os_shared_ram.o
 .group         0x00000000        0x8 os_shared_ram.o
 .group         0x00000000        0x8 os_shared_ram.o
 .debug_macro   0x00000000      0x86e os_shared_ram.o
 .debug_macro   0x00000000       0x4c os_shared_ram.o
 .debug_macro   0x00000000       0x8e os_shared_ram.o
 .debug_macro   0x00000000       0x16 os_shared_ram.o
 .debug_macro   0x00000000       0x28 os_shared_ram.o
 .debug_macro   0x00000000       0x46 os_shared_ram.o
 .debug_macro   0x00000000       0x10 os_shared_ram.o

Memory Configuration

Name             Origin             Length             Attributes
rom              0x08000000         0x00100000
ram              0x20000000         0x00030000
*default*        0x00000000         0xffffffff

Linker script and memory map


.text           0x08000000    0x11624
                0x08000000                _ivec_start = .
 os_exception_table.o()
 .text          0x08000000        0x0 os_exception_table.o
 .data          0x08000000      0x400 os_exception_table.o
                0x08000000                isr_vec_table
 .bss           0x08000400        0x0 os_exception_table.o
 .debug_info    0x08000400       0x9a os_exception_table.o
 .debug_abbrev  0x0800049a       0x6d os_exception_table.o
 .debug_aranges
                0x08000507       0x18 os_exception_table.o
 .debug_macro   0x0800051f       0x9a os_exception_table.o
 .debug_macro   0x080005b9      0x86e os_exception_table.o
 .debug_macro   0x08000e27       0x4c os_exception_table.o
 .debug_macro   0x08000e73       0x8e os_exception_table.o
 .debug_macro   0x08000f01       0x16 os_exception_table.o
 .debug_macro   0x08000f17       0x28 os_exception_table.o
 .debug_macro   0x08000f3f       0x46 os_exception_table.o
 .debug_macro   0x08000f85       0x10 os_exception_table.o
 .debug_macro   0x08000f95       0x10 os_exception_table.o
 .debug_line    0x08000fa5      0x1df os_exception_table.o
 .debug_str     0x08001184     0x2a7f os_exception_table.o
                               0x2abf (size before relaxing)
 .comment       0x08003c03       0x70 os_exception_table.o
                                 0x71 (size before relaxing)
 .ARM.attributes
                0x08003c73       0x33 os_exception_table.o
 .iplt          0x00000000        0x0 os_exception_table.o
 .rel.iplt      0x00000000        0x0 os_exception_table.o
 .igot.plt      0x00000000        0x0 os_exception_table.o
                0x08003ca6                _ivec_end = .
                0x08003ca6                PROVIDE (ivec_start, .)
                0x08003ca6                PROVIDE (ivec_end, .)
                0x08003ca6                _const_start = .
 os_const.o()
 .text          0x08003ca6        0x0 os_const.o
 .data          0x08003ca6        0x0 os_const.o
 .bss           0x08003ca6        0x0 os_const.o
 .debug_info    0x08003ca6       0x3a os_const.o
 .debug_abbrev  0x08003ce0       0x1c os_const.o
 .debug_aranges
                0x08003cfc       0x18 os_const.o
 .debug_macro   0x08003d14       0x91 os_const.o
 .debug_line    0x08003da5      0x1b7 os_const.o
 .debug_str     0x08003f5c       0x46 os_const.o
                               0x2a4e (size before relaxing)
 .comment       0x00000000       0x71 os_const.o
 .ARM.attributes
                0x08003fa2       0x33 os_const.o
                0x08003fd5                _const_end = .
                0x08003fd5                PROVIDE (const_start, .)
                0x08003fd5                PROVIDE (const_end, .)
                0x08003fd5                _code_start = .
 lld_global.o()
 *fill*         0x08003fd5        0x1 
 .text          0x08003fd6        0x2 E:\NeuOrga\Programmieren\c_cpp\github_os\output\os_drivers\obj_arm\lld_global.o
                0x08003fd6                Test
 .data          0x08003fd8        0x0 E:\NeuOrga\Programmieren\c_cpp\github_os\output\os_drivers\obj_arm\lld_global.o
 .bss           0x08003fd8        0x0 E:\NeuOrga\Programmieren\c_cpp\github_os\output\os_drivers\obj_arm\lld_global.o
 .debug_line    0x08003fd8       0x7a E:\NeuOrga\Programmieren\c_cpp\github_os\output\os_drivers\obj_arm\lld_global.o
 .debug_info    0x08004052       0xa5 E:\NeuOrga\Programmieren\c_cpp\github_os\output\os_drivers\obj_arm\lld_global.o
 .debug_abbrev  0x080040f7       0x14 E:\NeuOrga\Programmieren\c_cpp\github_os\output\os_drivers\obj_arm\lld_global.o
 *fill*         0x0800410b        0x5 
 .debug_aranges
                0x08004110       0x20 E:\NeuOrga\Programmieren\c_cpp\github_os\output\os_drivers\obj_arm\lld_global.o
 .ARM.attributes
                0x08004130       0x14 E:\NeuOrga\Programmieren\c_cpp\github_os\output\os_drivers\obj_arm\lld_global.o
 lld_interrupt.o()
 .text          0x08004144       0x12 E:\NeuOrga\Programmieren\c_cpp\github_os\output\os_drivers\obj_arm\lld_interrupt.o
                0x08004144                LLF_INT_DISABLE
                0x0800414a                LLF_INT_ENABLE
                0x08004150                LLF_DISABLE_INTERRUPTS_ALL_CORES
 .data          0x08004156        0x0 E:\NeuOrga\Programmieren\c_cpp\github_os\output\os_drivers\obj_arm\lld_interrupt.o
 .bss           0x08004156        0x0 E:\NeuOrga\Programmieren\c_cpp\github_os\output\os_drivers\obj_arm\lld_interrupt.o
 .debug_line    0x08004156       0x84 E:\NeuOrga\Programmieren\c_cpp\github_os\output\os_drivers\obj_arm\lld_interrupt.o
 .debug_info    0x080041da       0xa8 E:\NeuOrga\Programmieren\c_cpp\github_os\output\os_drivers\obj_arm\lld_interrupt.o
 .debug_abbrev  0x08004282       0x14 E:\NeuOrga\Programmieren\c_cpp\github_os\output\os_drivers\obj_arm\lld_interrupt.o
 *fill*         0x08004296        0x2 
 .debug_aranges
                0x08004298       0x20 E:\NeuOrga\Programmieren\c_cpp\github_os\output\os_drivers\obj_arm\lld_interrupt.o
 .ARM.attributes
                0x080042b8       0x16 E:\NeuOrga\Programmieren\c_cpp\github_os\output\os_drivers\obj_arm\lld_interrupt.o
 lld_mmu.o()
 .text          0x080042ce        0x8 E:\NeuOrga\Programmieren\c_cpp\github_os\output\os_drivers\obj_arm\lld_mmu.o
                0x080042ce                LLF_MPU_DISABLE
                0x080042d2                LLF_MPU_SWITCH_OFF_ALL_REGIONS
                0x080042d4                LLF_GET_MPU_PRESENT
 .data          0x080042d6        0x0 E:\NeuOrga\Programmieren\c_cpp\github_os\output\os_drivers\obj_arm\lld_mmu.o
 .bss           0x080042d6        0x0 E:\NeuOrga\Programmieren\c_cpp\github_os\output\os_drivers\obj_arm\lld_mmu.o
 .debug_line    0x080042d6       0x7c E:\NeuOrga\Programmieren\c_cpp\github_os\output\os_drivers\obj_arm\lld_mmu.o
 .debug_info    0x08004352       0xa2 E:\NeuOrga\Programmieren\c_cpp\github_os\output\os_drivers\obj_arm\lld_mmu.o
 .debug_abbrev  0x080043f4       0x14 E:\NeuOrga\Programmieren\c_cpp\github_os\output\os_drivers\obj_arm\lld_mmu.o
 .debug_aranges
                0x08004408       0x20 E:\NeuOrga\Programmieren\c_cpp\github_os\output\os_drivers\obj_arm\lld_mmu.o
 .ARM.attributes
                0x08004428       0x14 E:\NeuOrga\Programmieren\c_cpp\github_os\output\os_drivers\obj_arm\lld_mmu.o
 lld_ram.o()
 .text          0x0800443c       0x80 E:\NeuOrga\Programmieren\c_cpp\github_os\output\os_drivers\obj_arm\lld_ram.o
                0x0800443c                LLF_CLEAR_ALL_RAM
 .data          0x080044bc        0x0 E:\NeuOrga\Programmieren\c_cpp\github_os\output\os_drivers\obj_arm\lld_ram.o
 .bss           0x080044bc        0x0 E:\NeuOrga\Programmieren\c_cpp\github_os\output\os_drivers\obj_arm\lld_ram.o
 .debug_line    0x080044bc       0x9f E:\NeuOrga\Programmieren\c_cpp\github_os\output\os_drivers\obj_arm\lld_ram.o
 .debug_info    0x0800455b       0xa2 E:\NeuOrga\Programmieren\c_cpp\github_os\output\os_drivers\obj_arm\lld_ram.o
 .debug_abbrev  0x080045fd       0x14 E:\NeuOrga\Programmieren\c_cpp\github_os\output\os_drivers\obj_arm\lld_ram.o
 *fill*         0x08004611        0x7 
 .debug_aranges
                0x08004618       0x20 E:\NeuOrga\Programmieren\c_cpp\github_os\output\os_drivers\obj_arm\lld_ram.o
 .ARM.attributes
                0x08004638       0x14 E:\NeuOrga\Programmieren\c_cpp\github_os\output\os_drivers\obj_arm\lld_ram.o
 lld_timer.o()
 .text          0x0800464c        0xc E:\NeuOrga\Programmieren\c_cpp\github_os\output\os_drivers\obj_arm\lld_timer.o
                0x0800464c                LLF_UP_CNT_TIMER_32
                0x08004650                LLF_ADD_2_TCMP
                0x08004652                LLF_TCMP1_CONFIG
 .data          0x08004658        0x0 E:\NeuOrga\Programmieren\c_cpp\github_os\output\os_drivers\obj_arm\lld_timer.o
 .bss           0x08004658        0x0 E:\NeuOrga\Programmieren\c_cpp\github_os\output\os_drivers\obj_arm\lld_timer.o
 .debug_line    0x08004658       0x7f E:\NeuOrga\Programmieren\c_cpp\github_os\output\os_drivers\obj_arm\lld_timer.o
 .debug_info    0x080046d7       0xa4 E:\NeuOrga\Programmieren\c_cpp\github_os\output\os_drivers\obj_arm\lld_timer.o
 .debug_abbrev  0x0800477b       0x14 E:\NeuOrga\Programmieren\c_cpp\github_os\output\os_drivers\obj_arm\lld_timer.o
 *fill*         0x0800478f        0x1 
 .debug_aranges
                0x08004790       0x20 E:\NeuOrga\Programmieren\c_cpp\github_os\output\os_drivers\obj_arm\lld_timer.o
 .ARM.attributes
                0x080047b0       0x14 E:\NeuOrga\Programmieren\c_cpp\github_os\output\os_drivers\obj_arm\lld_timer.o
 lld_power.o()
 .text          0x080047c4       0x24 E:\NeuOrga\Programmieren\c_cpp\github_os\output\os_drivers\obj_arm\lld_power.o
                0x080047c4                LLF_MCU_SWITCH_OFF_POWER
                0x080047ca                LLF_MCU_RESET_POWER
 .data          0x080047e8        0x0 E:\NeuOrga\Programmieren\c_cpp\github_os\output\os_drivers\obj_arm\lld_power.o
 .bss           0x080047e8        0x0 E:\NeuOrga\Programmieren\c_cpp\github_os\output\os_drivers\obj_arm\lld_power.o
 .debug_line    0x080047e8       0x88 E:\NeuOrga\Programmieren\c_cpp\github_os\output\os_drivers\obj_arm\lld_power.o
 .debug_info    0x08004870       0xa4 E:\NeuOrga\Programmieren\c_cpp\github_os\output\os_drivers\obj_arm\lld_power.o
 .debug_abbrev  0x08004914       0x14 E:\NeuOrga\Programmieren\c_cpp\github_os\output\os_drivers\obj_arm\lld_power.o
 .debug_aranges
                0x08004928       0x20 E:\NeuOrga\Programmieren\c_cpp\github_os\output\os_drivers\obj_arm\lld_power.o
 .ARM.attributes
                0x08004948       0x14 E:\NeuOrga\Programmieren\c_cpp\github_os\output\os_drivers\obj_arm\lld_power.o
 os_exception_reset.o()
 .text          0x0800495c       0x80 E:\NeuOrga\Programmieren\c_cpp\github_os\output\os_drivers\obj_arm\os_exception_reset.o
                0x0800495c                OS_Exception_RESET
                0x0800497c                LLF_SAVE_TASK_STACK
                0x0800497c                LLF_RESTORE_TASK_STACK
                0x08004982                GET_CORE_ID
                0x08004986                LLF_SAVE_REGISTERS
                0x08004996                LLF_RESTORE_REGISTERS
                0x0800499e                LLF_RESTORE_SYSTEM_STACK
                0x080049a2                LLF_SAVE_SYSTEM_STACK
                0x080049a6                LLF_PERFORM_RAM_CHECK
                0x080049a8                LLF_CLEAR_ALL_GP_REGISTERS
                0x080049c6                START_OS
 .data          0x080049dc        0x0 E:\NeuOrga\Programmieren\c_cpp\github_os\output\os_drivers\obj_arm\os_exception_reset.o
 .bss           0x080049dc        0x0 E:\NeuOrga\Programmieren\c_cpp\github_os\output\os_drivers\obj_arm\os_exception_reset.o
 .debug_line    0x080049dc       0xaf E:\NeuOrga\Programmieren\c_cpp\github_os\output\os_drivers\obj_arm\os_exception_reset.o
 .debug_info    0x08004a8b       0xaa E:\NeuOrga\Programmieren\c_cpp\github_os\output\os_drivers\obj_arm\os_exception_reset.o
 .debug_abbrev  0x08004b35       0x14 E:\NeuOrga\Programmieren\c_cpp\github_os\output\os_drivers\obj_arm\os_exception_reset.o
 *fill*         0x08004b49        0x7 
 .debug_aranges
                0x08004b50       0x20 E:\NeuOrga\Programmieren\c_cpp\github_os\output\os_drivers\obj_arm\os_exception_reset.o
 .ARM.attributes
                0x08004b70       0x14 E:\NeuOrga\Programmieren\c_cpp\github_os\output\os_drivers\obj_arm\os_exception_reset.o
 os_common.o()
 .text          0x08004b84       0x38 os_common.o
                0x08004b84                OS_SET_SW_BUG
                0x08004bac                Get_current_time
 .data          0x08004bbc        0x0 os_common.o
 .bss           0x08004bbc       0x10 os_common.o
 .debug_info    0x08004bcc      0x16a os_common.o
 .debug_abbrev  0x08004d36       0xa9 os_common.o
 .debug_aranges
                0x08004ddf       0x20 os_common.o
 .debug_macro   0x08004dff       0x95 os_common.o
 .debug_line    0x08004e94      0x1de os_common.o
 .debug_str     0x08005072      0x2b9 os_common.o
                               0x2cca (size before relaxing)
 .comment       0x00000000       0x71 os_common.o
 *fill*         0x0800532b        0x1 
 .debug_frame   0x0800532c       0x5c os_common.o
 .ARM.attributes
                0x08005388       0x33 os_common.o
 os_driver_hook.o()
 *fill*         0x080053bb        0x1 
 .text          0x080053bc        0x0 os_driver_hook.o
 .data          0x080053bc        0x0 os_driver_hook.o
 .bss           0x080053bc        0x0 os_driver_hook.o
 .debug_info    0x080053bc       0x3a os_driver_hook.o
 .debug_abbrev  0x080053f6       0x1c os_driver_hook.o
 .debug_aranges
                0x08005412       0x18 os_driver_hook.o
 .debug_macro   0x0800542a       0x91 os_driver_hook.o
 .debug_line    0x080054bb      0x1bd os_driver_hook.o
 .debug_str     0x08005678       0x4c os_driver_hook.o
                               0x2a54 (size before relaxing)
 .comment       0x00000000       0x71 os_driver_hook.o
 .ARM.attributes
                0x080056c4       0x33 os_driver_hook.o
 os_exception.o()
 *fill*         0x080056f7        0x1 
 .text          0x080056f8      0x190 os_exception.o
                0x08005780                OS_Exception_HARDFAULT
                0x08005798                OS_Exception_NMI
                0x080057b0                OS_Exception_SWI
                0x080057c8                OS_Exception_BUS_FAULT
                0x080057e0                OS_Exception_DEBUG
                0x080057ec                OS_Exception_MEM_MANAG_FAULT
                0x08005804                OS_Exception_USAGE_FAULT
                0x0800581c                OS_Exception_PendSV
                0x08005824                OS_Exception_Systick
                0x08005840                OS_Exception_IRQ
                0x0800584c                OS_Exception_FIQ
                0x08005858                TCMP1
                0x08005864                TCMP2
                0x08005870                TCMP3
                0x0800587c                TCMP4
 .data          0x08005888        0x0 os_exception.o
 .bss           0x08005888        0x0 os_exception.o
 .debug_info    0x08005888      0x20d os_exception.o
 .debug_abbrev  0x08005a95       0xde os_exception.o
 .debug_aranges
                0x08005b73       0x20 os_exception.o
 .debug_macro   0x08005b93       0xe3 os_exception.o
 .debug_macro   0x08005c76      0x868 os_exception.o
 .debug_line    0x080064de      0x27a os_exception.o
 .debug_str     0x08006758      0x4e5 os_exception.o
                               0x2e90 (size before relaxing)
 .comment       0x00000000       0x71 os_exception.o
 *fill*         0x08006c3d        0x3 
 .debug_frame   0x08006c40      0x1d8 os_exception.o
 .ARM.attributes
                0x08006e18       0x33 os_exception.o
 os_exception_isr_handler.o()
 *fill*         0x08006e4b        0x1 
 .text          0x08006e4c       0x30 os_exception_isr_handler.o
                0x08006e4c                OS_ISRHANDLERC0
                0x08006e58                OS_ISRHANDLERC1
                0x08006e64                OS_ISRHANDLERC2
                0x08006e70                OS_ISRHANDLERC3
 .data          0x08006e7c        0x0 os_exception_isr_handler.o
 .bss           0x08006e7c        0x0 os_exception_isr_handler.o
 .debug_info    0x08006e7c       0x86 os_exception_isr_handler.o
 .debug_abbrev  0x08006f02       0x38 os_exception_isr_handler.o
 .debug_aranges
                0x08006f3a       0x20 os_exception_isr_handler.o
 .debug_macro   0x08006f5a       0x9e os_exception_isr_handler.o
 .debug_macro   0x08006ff8       0x28 os_exception_isr_handler.o
 .debug_line    0x08007020      0x20a os_exception_isr_handler.o
 .debug_str     0x0800722a      0x106 os_exception_isr_handler.o
                               0x2b0e (size before relaxing)
 .comment       0x00000000       0x71 os_exception_isr_handler.o
 .debug_frame   0x08007330       0x80 os_exception_isr_handler.o
 .ARM.attributes
                0x080073b0       0x33 os_exception_isr_handler.o
 os_exception_table.o()
 os_init_task_system.o()
 *fill*         0x080073e3        0x1 
 .text          0x080073e4        0xc os_init_task_system.o
                0x080073e4                OS_INIT_TASK_SYSTEM
 .data          0x080073f0        0x0 os_init_task_system.o
 .bss           0x080073f0        0x0 os_init_task_system.o
 .debug_info    0x080073f0       0x53 os_init_task_system.o
 .debug_abbrev  0x08007443       0x38 os_init_task_system.o
 .debug_aranges
                0x0800747b       0x20 os_init_task_system.o
 .debug_macro   0x0800749b       0xa4 os_init_task_system.o
 .debug_macro   0x0800753f       0x22 os_init_task_system.o
 .debug_line    0x08007561      0x1fc os_init_task_system.o
 .debug_str     0x0800775d       0x65 os_init_task_system.o
                               0x2add (size before relaxing)
 .comment       0x00000000       0x71 os_init_task_system.o
 *fill*         0x080077c2        0x2 
 .debug_frame   0x080077c4       0x2c os_init_task_system.o
 .ARM.attributes
                0x080077f0       0x33 os_init_task_system.o
 os_main.o()
 *fill*         0x08007823        0x1 
 .text          0x08007824       0x6c os_main.o
                0x08007824                OS_STATE_HANDLER
 .data          0x08007890        0x0 os_main.o
 .bss           0x08007890        0x2 os_main.o
 .debug_info    0x08007892       0xdd os_main.o
 .debug_abbrev  0x0800796f       0x6c os_main.o
 .debug_aranges
                0x080079db       0x20 os_main.o
 .debug_macro   0x080079fb       0xc6 os_main.o
 .debug_line    0x08007ac1      0x264 os_main.o
 .debug_str     0x08007d25      0x121 os_main.o
                               0x2bf1 (size before relaxing)
 .comment       0x00000000       0x71 os_main.o
 *fill*         0x08007e46        0x2 
 .debug_frame   0x08007e48       0x2c os_main.o
 .ARM.attributes
                0x08007e74       0x33 os_main.o
 os_memory_mmu_setup.o()
 *fill*         0x08007ea7        0x1 
 .text          0x08007ea8        0xc os_memory_mmu_setup.o
                0x08007ea8                OS_MMU_SETUP
 .data          0x08007eb4        0x0 os_memory_mmu_setup.o
 .bss           0x08007eb4        0x0 os_memory_mmu_setup.o
 .debug_info    0x08007eb4       0x53 os_memory_mmu_setup.o
 .debug_abbrev  0x08007f07       0x38 os_memory_mmu_setup.o
 .debug_aranges
                0x08007f3f       0x20 os_memory_mmu_setup.o
 .debug_macro   0x08007f5f       0xcd os_memory_mmu_setup.o
 .debug_line    0x0800802c      0x1d2 os_memory_mmu_setup.o
 .debug_str     0x080081fe      0x1cc os_memory_mmu_setup.o
                               0x2bd4 (size before relaxing)
 .comment       0x00000000       0x71 os_memory_mmu_setup.o
 *fill*         0x080083ca        0x2 
 .debug_frame   0x080083cc       0x34 os_memory_mmu_setup.o
 .ARM.attributes
                0x08008400       0x33 os_memory_mmu_setup.o
 os_rte_common.o()
 *fill*         0x08008433        0x1 
 .text          0x08008434        0x0 os_rte_common.o
 .data          0x08008434        0x0 os_rte_common.o
 .bss           0x08008434        0x0 os_rte_common.o
 .debug_info    0x08008434       0x3a os_rte_common.o
 .debug_abbrev  0x0800846e       0x1c os_rte_common.o
 .debug_aranges
                0x0800848a       0x18 os_rte_common.o
 .debug_macro   0x080084a2       0x91 os_rte_common.o
 .debug_line    0x08008533      0x1bc os_rte_common.o
 .debug_str     0x080086ef       0x4b os_rte_common.o
                               0x2a53 (size before relaxing)
 .comment       0x00000000       0x71 os_rte_common.o
 .ARM.attributes
                0x0800873a       0x33 os_rte_common.o
 os_rte_icc.o()
 *fill*         0x0800876d        0x3 
 .text          0x08008770       0x60 os_rte_icc.o
                0x08008770                SEND_DATA
                0x08008790                SEND_PACKAGE
                0x080087b0                SEND_FRAME
 .data          0x080087d0        0x0 os_rte_icc.o
 .bss           0x080087d0        0x0 os_rte_icc.o
 .debug_info    0x080087d0      0x180 os_rte_icc.o
 .debug_abbrev  0x08008950       0x93 os_rte_icc.o
 .debug_aranges
                0x080089e3       0x20 os_rte_icc.o
 .debug_macro   0x08008a03       0x95 os_rte_icc.o
 .debug_line    0x08008a98      0x1e4 os_rte_icc.o
 .debug_str     0x08008c7c       0xd3 os_rte_icc.o
                               0x2ae8 (size before relaxing)
 .comment       0x00000000       0x71 os_rte_icc.o
 *fill*         0x08008d4f        0x1 
 .debug_frame   0x08008d50       0x88 os_rte_icc.o
 .ARM.attributes
                0x08008dd8       0x33 os_rte_icc.o
 os_shutdown.o()
 *fill*         0x08008e0b        0x1 
 .text          0x08008e0c       0x24 os_shutdown.o
                0x08008e0c                OS_SHUTDOWN
 .data          0x08008e30        0x0 os_shutdown.o
 .bss           0x08008e30        0x0 os_shutdown.o
 .debug_info    0x08008e30       0x86 os_shutdown.o
 .debug_abbrev  0x08008eb6       0x6c os_shutdown.o
 .debug_aranges
                0x08008f22       0x20 os_shutdown.o
 .debug_macro   0x08008f42       0x9b os_shutdown.o
 .debug_line    0x08008fdd      0x1e2 os_shutdown.o
 .debug_str     0x080091bf       0x6f os_shutdown.o
                               0x2abe (size before relaxing)
 .comment       0x00000000       0x71 os_shutdown.o
 *fill*         0x0800922e        0x2 
 .debug_frame   0x08009230       0x30 os_shutdown.o
 .ARM.attributes
                0x08009260       0x33 os_shutdown.o
 os_start_ext_prg.o()
 *fill*         0x08009293        0x1 
 .text          0x08009294       0x4c os_start_ext_prg.o
                0x080092b0                OS_StartExtPrg
 .data          0x080092e0        0x0 os_start_ext_prg.o
 .bss           0x080092e0        0x0 os_start_ext_prg.o
 .debug_info    0x080092e0       0xea os_start_ext_prg.o
 .debug_abbrev  0x080093ca       0x7e os_start_ext_prg.o
 .debug_aranges
                0x08009448       0x20 os_start_ext_prg.o
 .debug_macro   0x08009468       0x91 os_start_ext_prg.o
 .debug_line    0x080094f9      0x1d9 os_start_ext_prg.o
 .debug_str     0x080096d2       0x90 os_start_ext_prg.o
                               0x2aba (size before relaxing)
 .comment       0x00000000       0x71 os_start_ext_prg.o
 *fill*         0x08009762        0x2 
 .debug_frame   0x08009764       0x60 os_start_ext_prg.o
 .ARM.attributes
                0x080097c4       0x33 os_start_ext_prg.o
 os_start_init_hw.o()
 *fill*         0x080097f7        0x1 
 .text          0x080097f8        0xc os_start_init_hw.o
                0x080097f8                OS_INIT_HW
 .data          0x08009804        0x0 os_start_init_hw.o
 .bss           0x08009804        0x0 os_start_init_hw.o
 .debug_info    0x08009804       0x53 os_start_init_hw.o
 .debug_abbrev  0x08009857       0x38 os_start_init_hw.o
 .debug_aranges
                0x0800988f       0x20 os_start_init_hw.o
 .debug_macro   0x080098af       0x91 os_start_init_hw.o
 .debug_line    0x08009940      0x1cd os_start_init_hw.o
 .debug_str     0x08009b0d       0x59 os_start_init_hw.o
                               0x2a61 (size before relaxing)
 .comment       0x00000000       0x71 os_start_init_hw.o
 *fill*         0x08009b66        0x2 
 .debug_frame   0x08009b68       0x34 os_start_init_hw.o
 .ARM.attributes
                0x08009b9c       0x33 os_start_init_hw.o
 os_start_init_mc.o()
 *fill*         0x08009bcf        0x1 
 .text          0x08009bd0        0xc os_start_init_mc.o
                0x08009bd0                OS_INIT_MC
 .data          0x08009bdc        0x0 os_start_init_mc.o
 .bss           0x08009bdc        0x0 os_start_init_mc.o
 .debug_info    0x08009bdc       0x53 os_start_init_mc.o
 .debug_abbrev  0x08009c2f       0x38 os_start_init_mc.o
 .debug_aranges
                0x08009c67       0x20 os_start_init_mc.o
 .debug_macro   0x08009c87       0x91 os_start_init_mc.o
 .debug_line    0x08009d18      0x1d0 os_start_init_mc.o
 .debug_str     0x08009ee8       0x59 os_start_init_mc.o
                               0x2a61 (size before relaxing)
 .comment       0x00000000       0x71 os_start_init_mc.o
 *fill*         0x08009f41        0x3 
 .debug_frame   0x08009f44       0x2c os_start_init_mc.o
 .ARM.attributes
                0x08009f70       0x33 os_start_init_mc.o
 os_start_init_sw.o()
 *fill*         0x08009fa3        0x1 
 .text          0x08009fa4        0xc os_start_init_sw.o
                0x08009fa4                OS_INIT_SW
 .data          0x08009fb0        0x0 os_start_init_sw.o
 .bss           0x08009fb0        0x0 os_start_init_sw.o
 .debug_info    0x08009fb0       0x53 os_start_init_sw.o
 .debug_abbrev  0x0800a003       0x38 os_start_init_sw.o
 .debug_aranges
                0x0800a03b       0x20 os_start_init_sw.o
 .debug_macro   0x0800a05b       0x91 os_start_init_sw.o
 .debug_line    0x0800a0ec      0x1cd os_start_init_sw.o
 .debug_str     0x0800a2b9       0x59 os_start_init_sw.o
                               0x2a61 (size before relaxing)
 .comment       0x00000000       0x71 os_start_init_sw.o
 *fill*         0x0800a312        0x2 
 .debug_frame   0x0800a314       0x34 os_start_init_sw.o
 .ARM.attributes
                0x0800a348       0x33 os_start_init_sw.o
 os_start_os.o()
 *fill*         0x0800a37b        0x1 
 .text          0x0800a37c       0x80 os_start_os.o
                0x0800a37c                OS_START_OS
 .data          0x0800a3fc        0x0 os_start_os.o
 .bss           0x0800a3fc        0x0 os_start_os.o
 .debug_info    0x0800a3fc       0xd1 os_start_os.o
 .debug_abbrev  0x0800a4cd       0x5d os_start_os.o
 .debug_aranges
                0x0800a52a       0x20 os_start_os.o
 .debug_macro   0x0800a54a       0xb9 os_start_os.o
 .debug_line    0x0800a603      0x1e3 os_start_os.o
 .debug_str     0x0800a7e6      0x256 os_start_os.o
                               0x2d4d (size before relaxing)
 .comment       0x00000000       0x71 os_start_os.o
 .debug_frame   0x0800aa3c       0x2c os_start_os.o
 .ARM.attributes
                0x0800aa68       0x33 os_start_os.o
 os_task_common.o()
 *fill*         0x0800aa9b        0x1 
 .text          0x0800aa9c      0x1d8 os_task_common.o
                0x0800aa9c                OS_TASK_SAVETASK_ENVIRONMENT
                0x0800aadc                OS_TASK_RESTORETASK_ENVIRONMENT
                0x0800ab0c                OS_TASK_RESTORE_SYSTEM_STACK
                0x0800ab20                OS_TASK_SAVE_SYSTEM_STACK
                0x0800ab34                OS_Task_InitTaskEnvironment
                0x0800ac18                OS_Task_DeleteTaskEnvironment
                0x0800ac48                OS_Task_CreateTaskEnvironment
 .data          0x0800ac74        0x0 os_task_common.o
 .bss           0x0800ac74        0x0 os_task_common.o
 .debug_info    0x0800ac74      0x503 os_task_common.o
 .debug_abbrev  0x0800b177      0x129 os_task_common.o
 .debug_aranges
                0x0800b2a0       0x20 os_task_common.o
 .debug_macro   0x0800b2c0       0xa2 os_task_common.o
 .debug_line    0x0800b362      0x24a os_task_common.o
 .debug_str     0x0800b5ac      0x30a os_task_common.o
                               0x300b (size before relaxing)
 .comment       0x00000000       0x71 os_task_common.o
 *fill*         0x0800b8b6        0x2 
 .debug_frame   0x0800b8b8      0x128 os_task_common.o
 .ARM.attributes
                0x0800b9e0       0x33 os_task_common.o
 *fill*         0x0800ba13        0x1 
 COMMON         0x0800ba14       0x24 os_task_common.o
                0x0800ba14                REGISTER_R2
                0x0800ba18                REGISTER_R0
                0x0800ba1c                TASK_PTR
                0x0800ba30                REGISTER_R1
                0x0800ba34                REGISTER_R3
 os_task_queue.o()
 .text          0x0800ba38      0xa50 os_task_queue.o
                0x0800ba38                SET_RUNNING_TASK
                0x0800bbb0                OS_INIT_TASK_QUEUE
                0x0800bc08                AddToTaskQueue
                0x0800bfc8                DeleteFromTaskQueue
                0x0800c0c8                GetFromTaskQueue
                0x0800c0e0                GetFromLinkList
                0x0800c104                DeleteFromLinkList
                0x0800c128                AddToLinkList
                0x0800c188                UpdateLinkList
                0x0800c208                GetIdleTask
                0x0800c21c                AddToIdleTaskQueue
                0x0800c398                GetRunningTask
                0x0800c3ac                OS_INIT_TASK
 .data          0x0800c488        0x0 os_task_queue.o
 .bss           0x0800c488      0x3b4 os_task_queue.o
 .debug_info    0x0800c83c      0x6a8 os_task_queue.o
 .debug_abbrev  0x0800cee4      0x1a7 os_task_queue.o
 .debug_aranges
                0x0800d08b       0x20 os_task_queue.o
 .debug_macro   0x0800d0ab       0xa7 os_task_queue.o
 .debug_macro   0x0800d152       0x1c os_task_queue.o
 .debug_line    0x0800d16e      0x319 os_task_queue.o
 .debug_str     0x0800d487      0x274 os_task_queue.o
                               0x3133 (size before relaxing)
 .comment       0x00000000       0x71 os_task_queue.o
 *fill*         0x0800d6fb        0x1 
 .debug_frame   0x0800d6fc      0x214 os_task_queue.o
 .ARM.attributes
                0x0800d910       0x33 os_task_queue.o
 os_task_scheduler.o()
 *fill*         0x0800d943        0x1 
 .text          0x0800d944      0x70c os_task_scheduler.o
                0x0800d944                OS_ACTIVATE_DISPATCHER
                0x0800d980                OS_SLEEPTASK
                0x0800d9a0                task_state_request
                0x0800da84                OS_ActivateTask
                0x0800dd4c                OS_INIT_TASKS
                0x0800e000                ISR_TASK_DISPATCH_C0
                0x0800e014                ISR_TASK_DISPATCH_C1
                0x0800e028                ISR_TASK_DISPATCH_C2
                0x0800e03c                ISR_TASK_DISPATCH_C3
 .data          0x0800e050        0x0 os_task_scheduler.o
 .bss           0x0800e050      0x630 os_task_scheduler.o
 .debug_info    0x0800e680      0x775 os_task_scheduler.o
 .debug_abbrev  0x0800edf5      0x1f3 os_task_scheduler.o
 .debug_aranges
                0x0800efe8       0x20 os_task_scheduler.o
 .debug_macro   0x0800f008       0xd3 os_task_scheduler.o
 .debug_line    0x0800f0db      0x35a os_task_scheduler.o
 .debug_str     0x0800f435      0x342 os_task_scheduler.o
                               0x32c5 (size before relaxing)
 .comment       0x00000000       0x71 os_task_scheduler.o
 *fill*         0x0800f777        0x1 
 .debug_frame   0x0800f778      0x288 os_task_scheduler.o
 .ARM.attributes
                0x0800fa00       0x33 os_task_scheduler.o
 os_stack.o()
 *fill*         0x0800fa33        0x1 
 .text          0x0800fa34        0x0 os_stack.o
 .data          0x0800fa34        0x0 os_stack.o
 .bss           0x0800fa34        0x0 os_stack.o
 .debug_info    0x0800fa34       0x3a os_stack.o
 .debug_abbrev  0x0800fa6e       0x1c os_stack.o
 .debug_aranges
                0x0800fa8a       0x18 os_stack.o
 .debug_macro   0x0800faa2       0x91 os_stack.o
 .debug_line    0x0800fb33      0x1b7 os_stack.o
 .debug_str     0x0800fcea       0x46 os_stack.o
                               0x2a4e (size before relaxing)
 .comment       0x00000000       0x71 os_stack.o
 .ARM.attributes
                0x0800fd30       0x33 os_stack.o
 os_heap.o()
 *fill*         0x0800fd63        0x1 
 .text          0x0800fd64      0x22c os_heap.o
                0x0800fd64                os_calloc
                0x0800fdac                os_realloc
                0x0800fe20                os_malloc
                0x0800fe88                os_free
 .data          0x0800ff90        0x0 os_heap.o
 .bss           0x0800ff90        0x0 os_heap.o
 .debug_info    0x0800ff90      0x24e os_heap.o
 .debug_abbrev  0x080101de      0x10d os_heap.o
 .debug_aranges
                0x080102eb       0x20 os_heap.o
 .debug_macro   0x0801030b       0x95 os_heap.o
 .debug_line    0x080103a0      0x245 os_heap.o
 .debug_str     0x080105e5       0xe9 os_heap.o
                               0x2b1f (size before relaxing)
 .comment       0x00000000       0x71 os_heap.o
 *fill*         0x080106ce        0x2 
 .debug_frame   0x080106d0      0x100 os_heap.o
 .ARM.attributes
                0x080107d0       0x33 os_heap.o
 os_diagnostic_main.o()
 *fill*         0x08010803        0x1 
 .text          0x08010804        0xc os_diagnostic_main.o
                0x08010804                OS_DIAGNOSTIC_MAIN
 .data          0x08010810        0x0 os_diagnostic_main.o
 .bss           0x08010810        0x0 os_diagnostic_main.o
 .debug_info    0x08010810       0x53 os_diagnostic_main.o
 .debug_abbrev  0x08010863       0x38 os_diagnostic_main.o
 .debug_aranges
                0x0801089b       0x20 os_diagnostic_main.o
 .debug_macro   0x080108bb       0x91 os_diagnostic_main.o
 .debug_line    0x0801094c      0x1cf os_diagnostic_main.o
 .debug_str     0x08010b1b       0x63 os_diagnostic_main.o
                               0x2a6b (size before relaxing)
 .comment       0x00000000       0x71 os_diagnostic_main.o
 *fill*         0x08010b7e        0x2 
 .debug_frame   0x08010b80       0x34 os_diagnostic_main.o
 .ARM.attributes
                0x08010bb4       0x33 os_diagnostic_main.o
 led.o()
 *fill*         0x08010be7        0x1 
 .text          0x08010be8       0x50 led.o
                0x08010be8                USER_LED_INIT
                0x08010bfc                USER_LED_ON
                0x08010c10                USER_LED_OFF
                0x08010c24                USER_LED_TOGGLE
 .data          0x08010c38        0x0 led.o
 .bss           0x08010c38        0x0 led.o
 .debug_info    0x08010c38       0xfa led.o
 .debug_abbrev  0x08010d32       0x84 led.o
 .debug_aranges
                0x08010db6       0x20 led.o
 .debug_macro   0x08010dd6       0x95 led.o
 .debug_line    0x08010e6b      0x1be led.o
 .debug_str     0x08011029       0x97 led.o
                               0x2a9f (size before relaxing)
 .comment       0x00000000       0x71 led.o
 .debug_frame   0x080110c0       0xb0 led.o
 .ARM.attributes
                0x08011170       0x33 led.o
                0x080111a3                _code_end = .
                0x080111a3                PROVIDE (code_start, .)
                0x080111a3                PROVIDE (code_end, .)
 *fill*         0x080111a3        0x1 
 .text          0x080111a4      0x370 d:/programm/gnu tools arm embedded/4.9 2015q1/bin/../lib/gcc/arm-none-eabi/4.9.3/armv7e-m\libgcc.a(_arm_addsubdf3.o)
                0x080111a4                __aeabi_drsub
                0x080111ac                __aeabi_dsub
                0x080111ac                __subdf3
                0x080111b0                __aeabi_dadd
                0x080111b0                __adddf3
                0x08011428                __floatunsidf
                0x08011428                __aeabi_ui2d
                0x08011448                __floatsidf
                0x08011448                __aeabi_i2d
                0x0801146c                __aeabi_f2d
                0x0801146c                __extendsfdf2
                0x080114a8                __floatundidf
                0x080114a8                __aeabi_ul2d
                0x080114b8                __floatdidf
                0x080114b8                __aeabi_l2d
 .text          0x08011514      0x110 d:/programm/gnu tools arm embedded/4.9 2015q1/bin/../lib/gcc/arm-none-eabi/4.9.3/armv7e-m\libgcc.a(_arm_cmpdf2.o)
                0x08011514                __gtdf2
                0x08011514                __gedf2
                0x0801151c                __ltdf2
                0x0801151c                __ledf2
                0x08011524                __nedf2
                0x08011524                __eqdf2
                0x08011524                __cmpdf2
                0x080115a0                __aeabi_cdrcmple
                0x080115b0                __aeabi_cdcmpeq
                0x080115b0                __aeabi_cdcmple
                0x080115c0                __aeabi_dcmpeq
                0x080115d4                __aeabi_dcmplt
                0x080115e8                __aeabi_dcmple
                0x080115fc                __aeabi_dcmpge
                0x08011610                __aeabi_dcmpgt

.glue_7         0x08011624        0x0
 .glue_7        0x00000000        0x0 linker stubs

.glue_7t        0x08011624        0x0
 .glue_7t       0x00000000        0x0 linker stubs

.vfp11_veneer   0x08011624        0x0
 .vfp11_veneer  0x00000000        0x0 linker stubs

.v4_bx          0x08011624        0x0
 .v4_bx         0x00000000        0x0 linker stubs

.data           0x20000000     0x712c
                0x20000000                _ram_start = .
 os_ram.o()
 .text          0x20000000        0x0 os_ram.o
 .data          0x20000000        0x0 os_ram.o
 .bss           0x20000000        0x0 os_ram.o
 .debug_info    0x20000000      0x170 os_ram.o
 .debug_abbrev  0x20000170       0x5c os_ram.o
 .debug_aranges
                0x200001cc       0x18 os_ram.o
 .debug_macro   0x200001e4       0x99 os_ram.o
 .debug_line    0x2000027d      0x1d0 os_ram.o
 .debug_str     0x2000044d     0x2b45 os_ram.o
                               0x2b85 (size before relaxing)
 .comment       0x20002f92       0x70 os_ram.o
                                 0x71 (size before relaxing)
 .ARM.attributes
                0x20003002       0x33 os_ram.o
 *fill*         0x20003035        0x3 
 COMMON         0x20003038     0x2938 os_ram.o
                0x20003038                VAR_MEM_MANAG_FAULT_STATUS_REG
                0x2000303c                OS_STACK
                0x2000313c                BACKUP_SYSTICK_CURRENT_VAL_REG
                0x20003140                LINK_REGISTER_HANDLER
                0x20003144                VAR_AUX_FAULT_STATUS_REG
                0x20003148                OS_MAIN_STACK
                0x20003248                VAR_HARDFAULT_STATUS_REG
                0x2000324c                VAR_BUS_FAULT_STATUS_REG
                0x20003250                HEAP
                0x20005960                VAR_FAULT_STATUS_REG
                0x20005964                VAR_MEM_FAULT_ADDR_REG
                0x20005968                VAR_USAGE_FAULT_STATUS_REG
                0x2000596c                VAR_BUS_FAULT_ADDR_REG
 os_shared_ram.o()
 .text          0x20005970        0x0 os_shared_ram.o
 .data          0x20005970        0x0 os_shared_ram.o
 .bss           0x20005970        0x0 os_shared_ram.o
 .debug_info    0x20005970      0x16c os_shared_ram.o
 .debug_abbrev  0x20005adc       0x4c os_shared_ram.o
 .debug_aranges
                0x20005b28       0x18 os_shared_ram.o
 .debug_macro   0x20005b40       0xf1 os_shared_ram.o
 .debug_line    0x20005c31      0x1bc os_shared_ram.o
 .debug_str     0x20005ded      0x30b os_shared_ram.o
                               0x2d2c (size before relaxing)
 .comment       0x00000000       0x71 os_shared_ram.o
 .ARM.attributes
                0x200060f8       0x33 os_shared_ram.o
 *fill*         0x2000612b        0x1 
 COMMON         0x2000612c     0x1000 os_shared_ram.o
                0x2000612c                RAM_BLOCK_C01_C01
                0x2000622c                RAM_BLOCK_C01_C00
                0x2000632c                RAM_BLOCK_C00_C00
                0x2000642c                RAM_BLOCK_C01_C03
                0x2000652c                RAM_BLOCK_C03_C01
                0x2000662c                RAM_BLOCK_C00_C01
                0x2000672c                RAM_BLOCK_C02_C01
                0x2000682c                RAM_BLOCK_C01_C02
                0x2000692c                RAM_BLOCK_C03_C00
                0x20006a2c                RAM_BLOCK_C02_C00
                0x20006b2c                RAM_BLOCK_C02_C02
                0x20006c2c                RAM_BLOCK_C03_C03
                0x20006d2c                RAM_BLOCK_C03_C02
                0x20006e2c                RAM_BLOCK_C00_C03
                0x20006f2c                RAM_BLOCK_C00_C02
                0x2000702c                RAM_BLOCK_C02_C03
                0x2000712c                _ram_end = .
                0x2000712c                PROVIDE (ram_start, .)
                0x2000712c                PROVIDE (ram_end, .)
 .data          0x2000712c        0x0 d:/programm/gnu tools arm embedded/4.9 2015q1/bin/../lib/gcc/arm-none-eabi/4.9.3/armv7e-m\libgcc.a(_arm_addsubdf3.o)
 .data          0x2000712c        0x0 d:/programm/gnu tools arm embedded/4.9 2015q1/bin/../lib/gcc/arm-none-eabi/4.9.3/armv7e-m\libgcc.a(_arm_cmpdf2.o)
START GROUP
LOAD d:/programm/gnu tools arm embedded/4.9 2015q1/bin/../lib/gcc/arm-none-eabi/4.9.3/armv7e-m\libgcc.a
LOAD d:/programm/gnu tools arm embedded/4.9 2015q1/bin/../lib/gcc/arm-none-eabi/4.9.3/../../../../arm-none-eabi/lib/armv7e-m\libg.a
LOAD d:/programm/gnu tools arm embedded/4.9 2015q1/bin/../lib/gcc/arm-none-eabi/4.9.3/../../../../arm-none-eabi/lib/armv7e-m\libc.a
END GROUP
OUTPUT(E:\NeuOrga\Programmieren\c_cpp\github_os\output\VERSION_ARM\operating_system.elf elf32-littlearm)

.bss            0x2000712c        0x0
 .bss           0x2000712c        0x0 d:/programm/gnu tools arm embedded/4.9 2015q1/bin/../lib/gcc/arm-none-eabi/4.9.3/armv7e-m\libgcc.a(_arm_addsubdf3.o)
 .bss           0x2000712c        0x0 d:/programm/gnu tools arm embedded/4.9 2015q1/bin/../lib/gcc/arm-none-eabi/4.9.3/armv7e-m\libgcc.a(_arm_cmpdf2.o)

.ARM.attributes
                0x00000000       0x33
 .ARM.attributes
                0x00000000       0x1e d:/programm/gnu tools arm embedded/4.9 2015q1/bin/../lib/gcc/arm-none-eabi/4.9.3/armv7e-m\libgcc.a(_arm_addsubdf3.o)
 .ARM.attributes
                0x0000001e       0x1e d:/programm/gnu tools arm embedded/4.9 2015q1/bin/../lib/gcc/arm-none-eabi/4.9.3/armv7e-m\libgcc.a(_arm_cmpdf2.o)
