
Allocating common symbols
Common symbol       size              file

TASK_STACK          0x4e20            os_ram.o
RAM_BLOCK_C01_C01   0x100             os_shared_ram.o
VAR_MEM_MANAG_FAULT_STATUS_REG
                    0x4               os_ram.o
REGISTER_R2         0x4               os_ram.o
TASK_GROUP_3        0x20              os_ram.o
RAM_CHECK_FAILURE_ADDR
                    0x4               os_ram.o
REGISTER_R0         0x4               os_ram.o
RAM_BLOCK_C01_C00   0x100             os_shared_ram.o
REGISTER_R6         0x4               os_ram.o
REGISTER_R7         0x4               os_ram.o
DBG_CALIB_VALUE     0x4               os_ram.o
RAM_BLOCK_C00_C00   0x100             os_shared_ram.o
OS_STATE            0x4               os_ram.o
TASK_IDLE_QUEUE     0xd0              os_ram.o
REGISTER_R9         0x4               os_ram.o
TASK1_CALL_NR       0x4               os_ram.o
bTASK_QUEUE_INITIALIZED
                    0x1               os_ram.o
BACKUP_SYSTICK_CURRENT_VAL_REG
                    0x4               os_ram.o
STACK_POS           0x4               os_ram.o
RAM_BLOCK_C01_C03   0x100             os_shared_ram.o
TASK2_CALL_NR       0x4               os_ram.o
LAST_CURRENT_TIME   0x10              os_ram.o
LINK_REGISTER_HANDLER
                    0x4               os_ram.o
VAR_AUX_FAULT_STATUS_REG
                    0x4               os_ram.o
REGISTER_R8         0x4               os_ram.o
TASK_3_VAR          0xd0              os_ram.o
RAM_BLOCK_C03_C01   0x100             os_shared_ram.o
TASK_0_VAR          0xd0              os_ram.o
STACK_USAGE_PERCENT
                    0x4               os_ram.o
RAM_BLOCK_C00_C01   0x100             os_shared_ram.o
TASK4_CALL_NR       0x4               os_ram.o
TASK_GROUP_2        0x20              os_ram.o
TASK_PTR            0x28              os_task_common.o
REGISTER_R5         0x4               os_ram.o
OS_MAIN_STACK       0x200             os_ram_stack.o
STACK_ADDR          0x4               os_ram.o
SAVED_STACK_POINTER
                    0x4               os_ram.o
RAM_BLOCK_C02_C01   0x100             os_shared_ram.o
DBG_RLD_VALUE       0x4               os_ram.o
REGISTER_R4         0x4               os_ram.o
RAM_BLOCK_C01_C02   0x100             os_shared_ram.o
RUNNING_TASK        0xd0              os_ram.o
TASK_RUN_QUEUE      0x820             os_ram.o
VAR_HARDFAULT_STATUS_REG
                    0x4               os_ram.o
RAM_BLOCK_C03_C00   0x100             os_shared_ram.o
RUNNING_SCHEDULING_QUEUE_ENTRY
                    0x4               os_ram.o
TASK_GROUP_5        0x20              os_ram.o
REGISTER_R1         0x4               os_ram.o
RAM_BLOCK_C02_C00   0x100             os_shared_ram.o
DBG_CTRL_VALUE      0x4               os_ram.o
TASK_2_VAR          0xd0              os_ram.o
VAR_BUS_FAULT_STATUS_REG
                    0x4               os_ram.o
RAM_BLOCK_C02_C02   0x100             os_shared_ram.o
RAM_CHECK_FAILURE_DETECTED
                    0x4               os_ram.o
REGISTER_R10        0x4               os_ram.o
RAM_BLOCK_C03_C03   0x100             os_shared_ram.o
RAM_BLOCK_C03_C02   0x100             os_shared_ram.o
RAM_BLOCK_C00_C03   0x100             os_shared_ram.o
DBG_CURR_VAL        0x4               os_ram.o
TASK_GROUP_1        0x20              os_ram.o
VAR_FAULT_STATUS_REG
                    0x4               os_ram.o
TASK_GROUP_4        0x20              os_ram.o
REGISTER_R11        0x4               os_ram.o
TASK_TRANSITION_REJECTED_STATE
                    0x1               os_ram.o
TASK_TRANSITION_CURRENT_STATE
                    0x1               os_ram.o
SYSTEM_STATE_ACCEPTED
                    0x1               os_ram.o
REGISTER_R3         0x4               os_ram.o
TASK_SCHEDULING_QUEUE
                    0x28              os_ram.o
TASK3_CALL_NR       0x4               os_ram.o
VAR_MEM_FAULT_ADDR_REG
                    0x4               os_ram.o
VAR_USAGE_FAULT_STATUS_REG
                    0x4               os_ram.o
VAR_BUS_FAULT_ADDR_REG
                    0x4               os_ram.o
RAM_BLOCK_C00_C02   0x100             os_shared_ram.o
TASK_TRANSITION_REJECTED_TASK_ADDR
                    0x4               os_ram.o
OS_SW_BUG           0xf               os_ram.o
RAM_BLOCK_C02_C03   0x100             os_shared_ram.o
TASK_1_VAR          0xd0              os_ram.o

Discarded input sections

 .group         0x00000000        0xc os_exception_table.o
 .group         0x00000000        0xc os_exception_table.o
 .group         0x00000000        0xc os_exception_table.o
 .group         0x00000000        0xc os_exception_table.o
 .group         0x00000000        0xc os_exception_table.o
 .group         0x00000000        0xc os_exception_table.o
 .group         0x00000000        0xc os_exception_table.o
 .group         0x00000000        0xc os_exception_table.o
 .group         0x00000000        0xc os_const.o
 .group         0x00000000        0xc os_const.o
 .group         0x00000000        0xc os_const.o
 .group         0x00000000        0xc os_const.o
 .group         0x00000000        0xc os_const.o
 .group         0x00000000        0xc os_const.o
 .group         0x00000000        0xc os_const.o
 .group         0x00000000        0xc os_const.o
 .debug_macro   0x00000000      0xa42 os_const.o
 .debug_macro   0x00000000       0x4c os_const.o
 .debug_macro   0x00000000       0x8e os_const.o
 .debug_macro   0x00000000       0x46 os_const.o
 .debug_macro   0x00000000       0x10 os_const.o
 .debug_macro   0x00000000       0x10 os_const.o
 .debug_macro   0x00000000       0x28 os_const.o
 .debug_macro   0x00000000       0x1c os_const.o
 .group         0x00000000        0xc os_common.o
 .group         0x00000000        0xc os_common.o
 .group         0x00000000        0xc os_common.o
 .group         0x00000000        0xc os_common.o
 .group         0x00000000        0xc os_common.o
 .group         0x00000000        0xc os_common.o
 .group         0x00000000        0xc os_common.o
 .group         0x00000000        0xc os_common.o
 .debug_macro   0x00000000      0xa42 os_common.o
 .debug_macro   0x00000000       0x4c os_common.o
 .debug_macro   0x00000000       0x8e os_common.o
 .debug_macro   0x00000000       0x46 os_common.o
 .debug_macro   0x00000000       0x10 os_common.o
 .debug_macro   0x00000000       0x10 os_common.o
 .debug_macro   0x00000000       0x28 os_common.o
 .debug_macro   0x00000000       0x1c os_common.o
 .group         0x00000000        0xc os_exception.o
 .group         0x00000000        0xc os_exception.o
 .group         0x00000000        0xc os_exception.o
 .group         0x00000000        0xc os_exception.o
 .group         0x00000000        0xc os_exception.o
 .group         0x00000000        0xc os_exception.o
 .group         0x00000000        0xc os_exception.o
 .group         0x00000000        0xc os_exception.o
 .group         0x00000000        0xc os_exception.o
 .group         0x00000000        0xc os_exception.o
 .debug_macro   0x00000000       0x4c os_exception.o
 .debug_macro   0x00000000       0x8e os_exception.o
 .debug_macro   0x00000000       0x46 os_exception.o
 .debug_macro   0x00000000       0x10 os_exception.o
 .debug_macro   0x00000000       0x10 os_exception.o
 .debug_macro   0x00000000       0x28 os_exception.o
 .debug_macro   0x00000000       0x1c os_exception.o
 .group         0x00000000        0xc os_exception_isr_handler.o
 .group         0x00000000        0xc os_exception_isr_handler.o
 .group         0x00000000        0xc os_exception_isr_handler.o
 .group         0x00000000        0xc os_exception_isr_handler.o
 .group         0x00000000        0xc os_exception_isr_handler.o
 .group         0x00000000        0xc os_exception_isr_handler.o
 .group         0x00000000        0xc os_exception_isr_handler.o
 .group         0x00000000        0xc os_exception_isr_handler.o
 .group         0x00000000        0xc os_exception_isr_handler.o
 .debug_macro   0x00000000      0xa42 os_exception_isr_handler.o
 .debug_macro   0x00000000       0x4c os_exception_isr_handler.o
 .debug_macro   0x00000000       0x8e os_exception_isr_handler.o
 .debug_macro   0x00000000       0x46 os_exception_isr_handler.o
 .debug_macro   0x00000000       0x10 os_exception_isr_handler.o
 .debug_macro   0x00000000       0x10 os_exception_isr_handler.o
 .debug_macro   0x00000000       0x28 os_exception_isr_handler.o
 .debug_macro   0x00000000       0x1c os_exception_isr_handler.o
 .debug_macro   0x00000000       0x28 os_exception_isr_handler.o
 .group         0x00000000        0xc os_init_task_system.o
 .group         0x00000000        0xc os_init_task_system.o
 .group         0x00000000        0xc os_init_task_system.o
 .group         0x00000000        0xc os_init_task_system.o
 .group         0x00000000        0xc os_init_task_system.o
 .group         0x00000000        0xc os_init_task_system.o
 .group         0x00000000        0xc os_init_task_system.o
 .group         0x00000000        0xc os_init_task_system.o
 .group         0x00000000        0xc os_init_task_system.o
 .debug_macro   0x00000000      0xa42 os_init_task_system.o
 .debug_macro   0x00000000       0x4c os_init_task_system.o
 .debug_macro   0x00000000       0x8e os_init_task_system.o
 .debug_macro   0x00000000       0x46 os_init_task_system.o
 .debug_macro   0x00000000       0x10 os_init_task_system.o
 .debug_macro   0x00000000       0x10 os_init_task_system.o
 .debug_macro   0x00000000       0x28 os_init_task_system.o
 .debug_macro   0x00000000       0x1c os_init_task_system.o
 .group         0x00000000        0xc os_main.o
 .group         0x00000000        0xc os_main.o
 .group         0x00000000        0xc os_main.o
 .group         0x00000000        0xc os_main.o
 .group         0x00000000        0xc os_main.o
 .group         0x00000000        0xc os_main.o
 .group         0x00000000        0xc os_main.o
 .group         0x00000000        0xc os_main.o
 .group         0x00000000        0xc os_main.o
 .group         0x00000000        0xc os_main.o
 .debug_macro   0x00000000      0xa42 os_main.o
 .debug_macro   0x00000000       0x4c os_main.o
 .debug_macro   0x00000000       0x8e os_main.o
 .debug_macro   0x00000000       0x46 os_main.o
 .debug_macro   0x00000000       0x10 os_main.o
 .debug_macro   0x00000000       0x10 os_main.o
 .debug_macro   0x00000000       0x28 os_main.o
 .debug_macro   0x00000000       0x1c os_main.o
 .debug_macro   0x00000000       0x28 os_main.o
 .debug_macro   0x00000000       0x1c os_main.o
 .group         0x00000000        0xc os_memory_mmu.o
 .group         0x00000000        0xc os_memory_mmu.o
 .group         0x00000000        0xc os_memory_mmu.o
 .group         0x00000000        0xc os_memory_mmu.o
 .group         0x00000000        0xc os_memory_mmu.o
 .group         0x00000000        0xc os_memory_mmu.o
 .group         0x00000000        0xc os_memory_mmu.o
 .group         0x00000000        0xc os_memory_mmu.o
 .debug_macro   0x00000000      0xa42 os_memory_mmu.o
 .debug_macro   0x00000000       0x4c os_memory_mmu.o
 .debug_macro   0x00000000       0x8e os_memory_mmu.o
 .debug_macro   0x00000000       0x46 os_memory_mmu.o
 .debug_macro   0x00000000       0x10 os_memory_mmu.o
 .debug_macro   0x00000000       0x10 os_memory_mmu.o
 .debug_macro   0x00000000       0x28 os_memory_mmu.o
 .debug_macro   0x00000000       0x1c os_memory_mmu.o
 .group         0x00000000        0xc os_shutdown.o
 .group         0x00000000        0xc os_shutdown.o
 .group         0x00000000        0xc os_shutdown.o
 .group         0x00000000        0xc os_shutdown.o
 .group         0x00000000        0xc os_shutdown.o
 .group         0x00000000        0xc os_shutdown.o
 .group         0x00000000        0xc os_shutdown.o
 .group         0x00000000        0xc os_shutdown.o
 .debug_macro   0x00000000      0xa42 os_shutdown.o
 .debug_macro   0x00000000       0x4c os_shutdown.o
 .debug_macro   0x00000000       0x8e os_shutdown.o
 .debug_macro   0x00000000       0x46 os_shutdown.o
 .debug_macro   0x00000000       0x10 os_shutdown.o
 .debug_macro   0x00000000       0x10 os_shutdown.o
 .debug_macro   0x00000000       0x28 os_shutdown.o
 .debug_macro   0x00000000       0x1c os_shutdown.o
 .group         0x00000000        0xc os_start_ext_prg.o
 .group         0x00000000        0xc os_start_ext_prg.o
 .group         0x00000000        0xc os_start_ext_prg.o
 .group         0x00000000        0xc os_start_ext_prg.o
 .group         0x00000000        0xc os_start_ext_prg.o
 .group         0x00000000        0xc os_start_ext_prg.o
 .group         0x00000000        0xc os_start_ext_prg.o
 .group         0x00000000        0xc os_start_ext_prg.o
 .debug_macro   0x00000000      0xa42 os_start_ext_prg.o
 .debug_macro   0x00000000       0x4c os_start_ext_prg.o
 .debug_macro   0x00000000       0x8e os_start_ext_prg.o
 .debug_macro   0x00000000       0x46 os_start_ext_prg.o
 .debug_macro   0x00000000       0x10 os_start_ext_prg.o
 .debug_macro   0x00000000       0x10 os_start_ext_prg.o
 .debug_macro   0x00000000       0x28 os_start_ext_prg.o
 .debug_macro   0x00000000       0x1c os_start_ext_prg.o
 .group         0x00000000        0xc os_start_init_hw.o
 .group         0x00000000        0xc os_start_init_hw.o
 .group         0x00000000        0xc os_start_init_hw.o
 .group         0x00000000        0xc os_start_init_hw.o
 .group         0x00000000        0xc os_start_init_hw.o
 .group         0x00000000        0xc os_start_init_hw.o
 .group         0x00000000        0xc os_start_init_hw.o
 .group         0x00000000        0xc os_start_init_hw.o
 .debug_macro   0x00000000      0xa42 os_start_init_hw.o
 .debug_macro   0x00000000       0x4c os_start_init_hw.o
 .debug_macro   0x00000000       0x8e os_start_init_hw.o
 .debug_macro   0x00000000       0x46 os_start_init_hw.o
 .debug_macro   0x00000000       0x10 os_start_init_hw.o
 .debug_macro   0x00000000       0x10 os_start_init_hw.o
 .debug_macro   0x00000000       0x28 os_start_init_hw.o
 .debug_macro   0x00000000       0x1c os_start_init_hw.o
 .group         0x00000000        0xc os_start_init_mc.o
 .group         0x00000000        0xc os_start_init_mc.o
 .group         0x00000000        0xc os_start_init_mc.o
 .group         0x00000000        0xc os_start_init_mc.o
 .group         0x00000000        0xc os_start_init_mc.o
 .group         0x00000000        0xc os_start_init_mc.o
 .group         0x00000000        0xc os_start_init_mc.o
 .group         0x00000000        0xc os_start_init_mc.o
 .debug_macro   0x00000000      0xa42 os_start_init_mc.o
 .debug_macro   0x00000000       0x4c os_start_init_mc.o
 .debug_macro   0x00000000       0x8e os_start_init_mc.o
 .debug_macro   0x00000000       0x46 os_start_init_mc.o
 .debug_macro   0x00000000       0x10 os_start_init_mc.o
 .debug_macro   0x00000000       0x10 os_start_init_mc.o
 .debug_macro   0x00000000       0x28 os_start_init_mc.o
 .debug_macro   0x00000000       0x1c os_start_init_mc.o
 .group         0x00000000        0xc os_start_init_sw.o
 .group         0x00000000        0xc os_start_init_sw.o
 .group         0x00000000        0xc os_start_init_sw.o
 .group         0x00000000        0xc os_start_init_sw.o
 .group         0x00000000        0xc os_start_init_sw.o
 .group         0x00000000        0xc os_start_init_sw.o
 .group         0x00000000        0xc os_start_init_sw.o
 .group         0x00000000        0xc os_start_init_sw.o
 .debug_macro   0x00000000      0xa42 os_start_init_sw.o
 .debug_macro   0x00000000       0x4c os_start_init_sw.o
 .debug_macro   0x00000000       0x8e os_start_init_sw.o
 .debug_macro   0x00000000       0x46 os_start_init_sw.o
 .debug_macro   0x00000000       0x10 os_start_init_sw.o
 .debug_macro   0x00000000       0x10 os_start_init_sw.o
 .debug_macro   0x00000000       0x28 os_start_init_sw.o
 .debug_macro   0x00000000       0x1c os_start_init_sw.o
 .group         0x00000000        0xc os_start_os.o
 .group         0x00000000        0xc os_start_os.o
 .group         0x00000000        0xc os_start_os.o
 .group         0x00000000        0xc os_start_os.o
 .group         0x00000000        0xc os_start_os.o
 .group         0x00000000        0xc os_start_os.o
 .group         0x00000000        0xc os_start_os.o
 .group         0x00000000        0xc os_start_os.o
 .debug_macro   0x00000000      0xa42 os_start_os.o
 .debug_macro   0x00000000       0x4c os_start_os.o
 .debug_macro   0x00000000       0x8e os_start_os.o
 .debug_macro   0x00000000       0x46 os_start_os.o
 .debug_macro   0x00000000       0x10 os_start_os.o
 .debug_macro   0x00000000       0x10 os_start_os.o
 .debug_macro   0x00000000       0x28 os_start_os.o
 .debug_macro   0x00000000       0x1c os_start_os.o
 .group         0x00000000        0xc os_task_common.o
 .group         0x00000000        0xc os_task_common.o
 .group         0x00000000        0xc os_task_common.o
 .group         0x00000000        0xc os_task_common.o
 .group         0x00000000        0xc os_task_common.o
 .group         0x00000000        0xc os_task_common.o
 .group         0x00000000        0xc os_task_common.o
 .group         0x00000000        0xc os_task_common.o
 .group         0x00000000        0xc os_task_common.o
 .debug_macro   0x00000000      0xa42 os_task_common.o
 .debug_macro   0x00000000       0x4c os_task_common.o
 .debug_macro   0x00000000       0x8e os_task_common.o
 .debug_macro   0x00000000       0x46 os_task_common.o
 .debug_macro   0x00000000       0x10 os_task_common.o
 .debug_macro   0x00000000       0x10 os_task_common.o
 .debug_macro   0x00000000       0x28 os_task_common.o
 .debug_macro   0x00000000       0x1c os_task_common.o
 .debug_macro   0x00000000       0x28 os_task_common.o
 .group         0x00000000        0xc os_task_queue.o
 .group         0x00000000        0xc os_task_queue.o
 .group         0x00000000        0xc os_task_queue.o
 .group         0x00000000        0xc os_task_queue.o
 .group         0x00000000        0xc os_task_queue.o
 .group         0x00000000        0xc os_task_queue.o
 .group         0x00000000        0xc os_task_queue.o
 .group         0x00000000        0xc os_task_queue.o
 .group         0x00000000        0xc os_task_queue.o
 .group         0x00000000        0xc os_task_queue.o
 .debug_macro   0x00000000      0xa42 os_task_queue.o
 .debug_macro   0x00000000       0x4c os_task_queue.o
 .debug_macro   0x00000000       0x8e os_task_queue.o
 .debug_macro   0x00000000       0x46 os_task_queue.o
 .debug_macro   0x00000000       0x10 os_task_queue.o
 .debug_macro   0x00000000       0x10 os_task_queue.o
 .debug_macro   0x00000000       0x28 os_task_queue.o
 .debug_macro   0x00000000       0x1c os_task_queue.o
 .debug_macro   0x00000000       0x1c os_task_queue.o
 .debug_macro   0x00000000       0x28 os_task_queue.o
 .group         0x00000000        0xc os_task_scheduler.o
 .group         0x00000000        0xc os_task_scheduler.o
 .group         0x00000000        0xc os_task_scheduler.o
 .group         0x00000000        0xc os_task_scheduler.o
 .group         0x00000000        0xc os_task_scheduler.o
 .group         0x00000000        0xc os_task_scheduler.o
 .group         0x00000000        0xc os_task_scheduler.o
 .group         0x00000000        0xc os_task_scheduler.o
 .group         0x00000000        0xc os_task_scheduler.o
 .group         0x00000000        0xc os_task_scheduler.o
 .debug_macro   0x00000000      0xa42 os_task_scheduler.o
 .debug_macro   0x00000000       0x4c os_task_scheduler.o
 .debug_macro   0x00000000       0x8e os_task_scheduler.o
 .debug_macro   0x00000000       0x46 os_task_scheduler.o
 .debug_macro   0x00000000       0x10 os_task_scheduler.o
 .debug_macro   0x00000000       0x10 os_task_scheduler.o
 .debug_macro   0x00000000       0x28 os_task_scheduler.o
 .debug_macro   0x00000000       0x1c os_task_scheduler.o
 .debug_macro   0x00000000       0x28 os_task_scheduler.o
 .debug_macro   0x00000000       0x1c os_task_scheduler.o
 .group         0x00000000        0xc os_stack.o
 .group         0x00000000        0xc os_stack.o
 .group         0x00000000        0xc os_stack.o
 .group         0x00000000        0xc os_stack.o
 .group         0x00000000        0xc os_stack.o
 .group         0x00000000        0xc os_stack.o
 .group         0x00000000        0xc os_stack.o
 .group         0x00000000        0xc os_stack.o
 .debug_macro   0x00000000      0xa42 os_stack.o
 .debug_macro   0x00000000       0x4c os_stack.o
 .debug_macro   0x00000000       0x8e os_stack.o
 .debug_macro   0x00000000       0x46 os_stack.o
 .debug_macro   0x00000000       0x10 os_stack.o
 .debug_macro   0x00000000       0x10 os_stack.o
 .debug_macro   0x00000000       0x28 os_stack.o
 .debug_macro   0x00000000       0x1c os_stack.o
 .group         0x00000000        0xc os_heap.o
 .group         0x00000000        0xc os_heap.o
 .group         0x00000000        0xc os_heap.o
 .group         0x00000000        0xc os_heap.o
 .group         0x00000000        0xc os_heap.o
 .group         0x00000000        0xc os_heap.o
 .group         0x00000000        0xc os_heap.o
 .group         0x00000000        0xc os_heap.o
 .debug_macro   0x00000000      0xa42 os_heap.o
 .debug_macro   0x00000000       0x4c os_heap.o
 .debug_macro   0x00000000       0x8e os_heap.o
 .debug_macro   0x00000000       0x46 os_heap.o
 .debug_macro   0x00000000       0x10 os_heap.o
 .debug_macro   0x00000000       0x10 os_heap.o
 .debug_macro   0x00000000       0x28 os_heap.o
 .debug_macro   0x00000000       0x1c os_heap.o
 .group         0x00000000        0xc led.o
 .group         0x00000000        0xc led.o
 .group         0x00000000        0xc led.o
 .group         0x00000000        0xc led.o
 .group         0x00000000        0xc led.o
 .group         0x00000000        0xc led.o
 .group         0x00000000        0xc led.o
 .group         0x00000000        0xc led.o
 .debug_macro   0x00000000      0xa42 led.o
 .debug_macro   0x00000000       0x4c led.o
 .debug_macro   0x00000000       0x8e led.o
 .debug_macro   0x00000000       0x46 led.o
 .debug_macro   0x00000000       0x10 led.o
 .debug_macro   0x00000000       0x10 led.o
 .debug_macro   0x00000000       0x28 led.o
 .debug_macro   0x00000000       0x1c led.o
 .group         0x00000000        0xc os_ram_stack.o
 .group         0x00000000        0xc os_ram_stack.o
 .group         0x00000000        0xc os_ram_stack.o
 .group         0x00000000        0xc os_ram_stack.o
 .group         0x00000000        0xc os_ram_stack.o
 .group         0x00000000        0xc os_ram_stack.o
 .group         0x00000000        0xc os_ram_stack.o
 .group         0x00000000        0xc os_ram_stack.o
 .debug_macro   0x00000000      0xa42 os_ram_stack.o
 .debug_macro   0x00000000       0x4c os_ram_stack.o
 .debug_macro   0x00000000       0x8e os_ram_stack.o
 .debug_macro   0x00000000       0x46 os_ram_stack.o
 .debug_macro   0x00000000       0x10 os_ram_stack.o
 .debug_macro   0x00000000       0x10 os_ram_stack.o
 .debug_macro   0x00000000       0x28 os_ram_stack.o
 .debug_macro   0x00000000       0x1c os_ram_stack.o
 .group         0x00000000        0xc os_ram.o
 .group         0x00000000        0xc os_ram.o
 .group         0x00000000        0xc os_ram.o
 .group         0x00000000        0xc os_ram.o
 .group         0x00000000        0xc os_ram.o
 .group         0x00000000        0xc os_ram.o
 .group         0x00000000        0xc os_ram.o
 .group         0x00000000        0xc os_ram.o
 .debug_macro   0x00000000      0xa42 os_ram.o
 .debug_macro   0x00000000       0x4c os_ram.o
 .debug_macro   0x00000000       0x8e os_ram.o
 .debug_macro   0x00000000       0x46 os_ram.o
 .debug_macro   0x00000000       0x10 os_ram.o
 .debug_macro   0x00000000       0x10 os_ram.o
 .debug_macro   0x00000000       0x28 os_ram.o
 .debug_macro   0x00000000       0x1c os_ram.o
 .group         0x00000000        0xc os_shared_ram.o
 .group         0x00000000        0xc os_shared_ram.o
 .group         0x00000000        0xc os_shared_ram.o
 .group         0x00000000        0xc os_shared_ram.o
 .group         0x00000000        0xc os_shared_ram.o
 .group         0x00000000        0xc os_shared_ram.o
 .group         0x00000000        0xc os_shared_ram.o
 .group         0x00000000        0xc os_shared_ram.o
 .debug_macro   0x00000000      0xa42 os_shared_ram.o
 .debug_macro   0x00000000       0x4c os_shared_ram.o
 .debug_macro   0x00000000       0x46 os_shared_ram.o
 .debug_macro   0x00000000       0x10 os_shared_ram.o
 .debug_macro   0x00000000       0x28 os_shared_ram.o
 .debug_macro   0x00000000       0x1c os_shared_ram.o

Memory Configuration

Name             Origin             Length             Attributes
rom              0x08000000         0x00100000
stc              0x20000000         0x0000000a
ram              0x20000010         0x00030000
*default*        0x00000000         0xffffffff

Linker script and memory map


.text           0x08000000    0x1d86f
                0x08000000                _ivec_start = .
 os_exception_table.o()
 .text          0x08000000        0x0 os_exception_table.o
 .data          0x08000000      0x400 os_exception_table.o
                0x08000000                isr_vec_table
 .bss           0x08000400        0x0 os_exception_table.o
 .debug_info    0x08000400      0x6fc os_exception_table.o
 .debug_abbrev  0x08000afc      0x104 os_exception_table.o
 .debug_aranges
                0x08000c00       0x18 os_exception_table.o
 .debug_macro   0x08000c18       0xb2 os_exception_table.o
 .debug_macro   0x08000cca      0xa42 os_exception_table.o
 .debug_macro   0x0800170c       0x4c os_exception_table.o
 .debug_macro   0x08001758       0x8e os_exception_table.o
 .debug_macro   0x080017e6       0x46 os_exception_table.o
 .debug_macro   0x0800182c       0x10 os_exception_table.o
 .debug_macro   0x0800183c       0x10 os_exception_table.o
 .debug_macro   0x0800184c       0x28 os_exception_table.o
 .debug_macro   0x08001874       0x1c os_exception_table.o
 .debug_line    0x08001890      0x1fe os_exception_table.o
 .debug_str     0x08001a8e     0x3a14 os_exception_table.o
                               0x3adb (size before relaxing)
 .comment       0x080054a2       0x7f os_exception_table.o
                                 0x80 (size before relaxing)
 .ARM.attributes
                0x08005521       0x33 os_exception_table.o
 .iplt          0x08005554        0x0 os_exception_table.o
 .rel.iplt      0x08005554        0x0 os_exception_table.o
 .igot.plt      0x08005554        0x0 os_exception_table.o
                0x08005554                _ivec_end = .
                [!provide]                PROVIDE (ivec_start = .)
                [!provide]                PROVIDE (ivec_end = .)
                0x08005554                _const_start = .
 os_const.o()
 .text          0x08005554        0x0 os_const.o
 .data          0x08005554        0x0 os_const.o
 .bss           0x08005554        0x0 os_const.o
 .debug_info    0x08005554      0x6c9 os_const.o
 .debug_abbrev  0x08005c1d       0xec os_const.o
 .debug_aranges
                0x08005d09       0x18 os_const.o
 .debug_macro   0x08005d21       0xa8 os_const.o
 .debug_line    0x08005dc9      0x1d6 os_const.o
 .debug_str     0x08005f9f       0x46 os_const.o
                               0x3a9a (size before relaxing)
 .comment       0x08005fe5       0x80 os_const.o
 .ARM.attributes
                0x08005fe5       0x33 os_const.o
                0x08006065                _const_end = .
                [!provide]                PROVIDE (const_start = .)
                [!provide]                PROVIDE (const_end = .)
                0x08006065                _code_start = .
 lld_global.o()
 .text          0x08006018      0x16c E:\NeuOrga\Programmieren\c_cpp\github_os\output\os_drivers\obj_arm\lld_global.o
                0x08006018                OS_GetCoreId
                0x0800601e                LLF_SAVE_TASK_STACK
                0x08006024                LLF_SAVE_REGISTERS
                0x0800605e                LLF_RESTORE_TASK_STACK
                0x08006064                LLF_RESTORE_REGISTERS
                0x08006086                LLF_RESTORE_SYSTEM_STACK
                0x0800608c                LLF_SAVE_SYSTEM_STACK
                0x08006092                LLF_CLEAR_ALL_GP_REGISTERS
                0x080060c4                LLF_PERFORM_RAM_CHECK
                0x08006110                LLF_CHANGE_TO_UNPRIVILIGED_THREAD_MODE
                0x08006122                LLF_EXCEPTION_TO_HANDLER_MODE
                0x0800612a                LLF_EXCEPTION_TO_THREAD_MODE_PRIV
                0x08006132                LLF_EXCEPTION_TO_THREAD_MODE_UNPRIV
                0x08006138                OS_Exception_SVC
 .data          0x08006184        0x0 E:\NeuOrga\Programmieren\c_cpp\github_os\output\os_drivers\obj_arm\lld_global.o
 .bss           0x08006184        0x0 E:\NeuOrga\Programmieren\c_cpp\github_os\output\os_drivers\obj_arm\lld_global.o
 .debug_line    0x08006184      0x103 E:\NeuOrga\Programmieren\c_cpp\github_os\output\os_drivers\obj_arm\lld_global.o
 .debug_info    0x08006287       0x26 E:\NeuOrga\Programmieren\c_cpp\github_os\output\os_drivers\obj_arm\lld_global.o
 .debug_abbrev  0x080062ad       0x14 E:\NeuOrga\Programmieren\c_cpp\github_os\output\os_drivers\obj_arm\lld_global.o
 *fill*         0x080062c1        0x7 
 .debug_aranges
                0x080062c8       0x20 E:\NeuOrga\Programmieren\c_cpp\github_os\output\os_drivers\obj_arm\lld_global.o
 .debug_str     0x080062e8       0x59 E:\NeuOrga\Programmieren\c_cpp\github_os\output\os_drivers\obj_arm\lld_global.o
                                 0x91 (size before relaxing)
 .ARM.attributes
                0x08006341       0x21 E:\NeuOrga\Programmieren\c_cpp\github_os\output\os_drivers\obj_arm\lld_global.o
 lld_interrupt.o()
 .text          0x08006362       0x16 E:\NeuOrga\Programmieren\c_cpp\github_os\output\os_drivers\obj_arm\lld_interrupt.o
                0x08006362                LLF_INT_DISABLE
                0x08006368                LLF_INT_ENABLE
                0x0800636e                LLF_DISABLE_INTERRUPTS_ALL_CORES
                0x08006374                LLF_WAIT_FOR_INTERRUPT
 .data          0x08006378        0x0 E:\NeuOrga\Programmieren\c_cpp\github_os\output\os_drivers\obj_arm\lld_interrupt.o
 .bss           0x08006378        0x0 E:\NeuOrga\Programmieren\c_cpp\github_os\output\os_drivers\obj_arm\lld_interrupt.o
 .debug_line    0x08006378       0x86 E:\NeuOrga\Programmieren\c_cpp\github_os\output\os_drivers\obj_arm\lld_interrupt.o
 .debug_info    0x080063fe       0x26 E:\NeuOrga\Programmieren\c_cpp\github_os\output\os_drivers\obj_arm\lld_interrupt.o
 .debug_abbrev  0x08006424       0x14 E:\NeuOrga\Programmieren\c_cpp\github_os\output\os_drivers\obj_arm\lld_interrupt.o
 .debug_aranges
                0x08006438       0x20 E:\NeuOrga\Programmieren\c_cpp\github_os\output\os_drivers\obj_arm\lld_interrupt.o
 .debug_str     0x08006458       0x4e E:\NeuOrga\Programmieren\c_cpp\github_os\output\os_drivers\obj_arm\lld_interrupt.o
                                 0x94 (size before relaxing)
 .ARM.attributes
                0x080064a6       0x21 E:\NeuOrga\Programmieren\c_cpp\github_os\output\os_drivers\obj_arm\lld_interrupt.o
 lld_mmu.o()
 *fill*         0x080064c7        0x1 
 .text          0x080064c8       0xb4 E:\NeuOrga\Programmieren\c_cpp\github_os\output\os_drivers\obj_arm\lld_mmu.o
                0x080064c8                LLF_MPU_DISABLE
                0x08006506                LLF_MPU_ENABLE
                0x08006544                LLF_GET_MPU_PRESENT
 .data          0x0800657c        0x0 E:\NeuOrga\Programmieren\c_cpp\github_os\output\os_drivers\obj_arm\lld_mmu.o
 .bss           0x0800657c        0x0 E:\NeuOrga\Programmieren\c_cpp\github_os\output\os_drivers\obj_arm\lld_mmu.o
 .debug_line    0x0800657c       0xad E:\NeuOrga\Programmieren\c_cpp\github_os\output\os_drivers\obj_arm\lld_mmu.o
 .debug_info    0x08006629       0x26 E:\NeuOrga\Programmieren\c_cpp\github_os\output\os_drivers\obj_arm\lld_mmu.o
 .debug_abbrev  0x0800664f       0x14 E:\NeuOrga\Programmieren\c_cpp\github_os\output\os_drivers\obj_arm\lld_mmu.o
 *fill*         0x08006663        0x5 
 .debug_aranges
                0x08006668       0x20 E:\NeuOrga\Programmieren\c_cpp\github_os\output\os_drivers\obj_arm\lld_mmu.o
 .debug_str     0x08006688       0x48 E:\NeuOrga\Programmieren\c_cpp\github_os\output\os_drivers\obj_arm\lld_mmu.o
                                 0x8e (size before relaxing)
 .ARM.attributes
                0x080066d0       0x21 E:\NeuOrga\Programmieren\c_cpp\github_os\output\os_drivers\obj_arm\lld_mmu.o
 lld_ram.o()
 *fill*         0x080066f1        0x3 
 .text          0x080066f4       0xa0 E:\NeuOrga\Programmieren\c_cpp\github_os\output\os_drivers\obj_arm\lld_ram.o
                0x080066f4                INIT_OS_STACK
                0x0800670e                LLF_CLEAR_ALL_RAM
 .data          0x08006794        0x0 E:\NeuOrga\Programmieren\c_cpp\github_os\output\os_drivers\obj_arm\lld_ram.o
 .bss           0x08006794        0x0 E:\NeuOrga\Programmieren\c_cpp\github_os\output\os_drivers\obj_arm\lld_ram.o
 .debug_line    0x08006794       0xad E:\NeuOrga\Programmieren\c_cpp\github_os\output\os_drivers\obj_arm\lld_ram.o
 .debug_info    0x08006841       0x26 E:\NeuOrga\Programmieren\c_cpp\github_os\output\os_drivers\obj_arm\lld_ram.o
 .debug_abbrev  0x08006867       0x14 E:\NeuOrga\Programmieren\c_cpp\github_os\output\os_drivers\obj_arm\lld_ram.o
 *fill*         0x0800687b        0x5 
 .debug_aranges
                0x08006880       0x20 E:\NeuOrga\Programmieren\c_cpp\github_os\output\os_drivers\obj_arm\lld_ram.o
 .debug_str     0x080068a0       0x48 E:\NeuOrga\Programmieren\c_cpp\github_os\output\os_drivers\obj_arm\lld_ram.o
                                 0x8e (size before relaxing)
 .ARM.attributes
                0x080068e8       0x21 E:\NeuOrga\Programmieren\c_cpp\github_os\output\os_drivers\obj_arm\lld_ram.o
 lld_timer.o()
 .text          0x08006909        0x0 E:\NeuOrga\Programmieren\c_cpp\github_os\output\os_drivers\obj_arm\lld_timer.o
 .data          0x08006909        0x0 E:\NeuOrga\Programmieren\c_cpp\github_os\output\os_drivers\obj_arm\lld_timer.o
 .bss           0x08006909        0x0 E:\NeuOrga\Programmieren\c_cpp\github_os\output\os_drivers\obj_arm\lld_timer.o
 .ARM.attributes
                0x08006909       0x21 E:\NeuOrga\Programmieren\c_cpp\github_os\output\os_drivers\obj_arm\lld_timer.o
 lld_power.o()
 *fill*         0x0800692a        0x2 
 .text          0x0800692c       0x1c E:\NeuOrga\Programmieren\c_cpp\github_os\output\os_drivers\obj_arm\lld_power.o
                0x0800692c                LLF_MCU_SWITCH_OFF_POWER
                0x08006932                LLF_MCU_RESET_POWER
 .data          0x08006948        0x0 E:\NeuOrga\Programmieren\c_cpp\github_os\output\os_drivers\obj_arm\lld_power.o
 .bss           0x08006948        0x0 E:\NeuOrga\Programmieren\c_cpp\github_os\output\os_drivers\obj_arm\lld_power.o
 .debug_line    0x08006948       0x85 E:\NeuOrga\Programmieren\c_cpp\github_os\output\os_drivers\obj_arm\lld_power.o
 .debug_info    0x080069cd       0x26 E:\NeuOrga\Programmieren\c_cpp\github_os\output\os_drivers\obj_arm\lld_power.o
 .debug_abbrev  0x080069f3       0x14 E:\NeuOrga\Programmieren\c_cpp\github_os\output\os_drivers\obj_arm\lld_power.o
 *fill*         0x08006a07        0x1 
 .debug_aranges
                0x08006a08       0x20 E:\NeuOrga\Programmieren\c_cpp\github_os\output\os_drivers\obj_arm\lld_power.o
 .debug_str     0x08006a28       0x4a E:\NeuOrga\Programmieren\c_cpp\github_os\output\os_drivers\obj_arm\lld_power.o
                                 0x90 (size before relaxing)
 .ARM.attributes
                0x08006a72       0x21 E:\NeuOrga\Programmieren\c_cpp\github_os\output\os_drivers\obj_arm\lld_power.o
 os_exception_reset.o()
 *fill*         0x08006a93        0x1 
 .text          0x08006a94       0xa2 E:\NeuOrga\Programmieren\c_cpp\github_os\output\os_drivers\obj_arm\os_exception_reset.o
                0x08006a94                OS_Exception_RESET
 .data          0x08006b36        0x0 E:\NeuOrga\Programmieren\c_cpp\github_os\output\os_drivers\obj_arm\os_exception_reset.o
 .bss           0x08006b36        0x0 E:\NeuOrga\Programmieren\c_cpp\github_os\output\os_drivers\obj_arm\os_exception_reset.o
 .debug_line    0x08006b36       0xb3 E:\NeuOrga\Programmieren\c_cpp\github_os\output\os_drivers\obj_arm\os_exception_reset.o
 .debug_info    0x08006be9       0x26 E:\NeuOrga\Programmieren\c_cpp\github_os\output\os_drivers\obj_arm\os_exception_reset.o
 .debug_abbrev  0x08006c0f       0x14 E:\NeuOrga\Programmieren\c_cpp\github_os\output\os_drivers\obj_arm\os_exception_reset.o
 *fill*         0x08006c23        0x5 
 .debug_aranges
                0x08006c28       0x20 E:\NeuOrga\Programmieren\c_cpp\github_os\output\os_drivers\obj_arm\os_exception_reset.o
 .debug_str     0x08006c48       0x50 E:\NeuOrga\Programmieren\c_cpp\github_os\output\os_drivers\obj_arm\os_exception_reset.o
                                 0x96 (size before relaxing)
 .ARM.attributes
                0x08006c98       0x21 E:\NeuOrga\Programmieren\c_cpp\github_os\output\os_drivers\obj_arm\os_exception_reset.o
 os_common.o()
 *fill*         0x08006cb9        0x3 
 .text          0x08006cbc      0x8c4 os_common.o
                0x08006cbc                OS_SetSwBug
                0x08006cc8                OS_GetCurrentTime
                0x08006cec                OS_ResetCurrentTime
                0x08006d28                IntAdd
                0x08006e24                IntSub
                0x08006f90                IsLess
                0x0800703c                IsLessOrEqual
                0x080071ac                IsEqual
                0x08007238                IsGreater
                0x080072e8                IsGreaterOrEqual
                0x08007458                Assign
                0x08007558                AssignNull
                0x08007564                AssignUint32
 .data          0x08007580        0x0 os_common.o
 .bss           0x08007580        0x0 os_common.o
 .debug_info    0x08007580      0xc8d os_common.o
 .debug_abbrev  0x0800820d      0x26b os_common.o
 .debug_loc     0x08008478      0xd59 os_common.o
 .debug_aranges
                0x080091d1       0x20 os_common.o
 .debug_ranges  0x080091f1       0x80 os_common.o
 .debug_macro   0x08009271       0xc4 os_common.o
 .debug_line    0x08009335      0x3a6 os_common.o
 .debug_str     0x080096db      0x3d7 os_common.o
                               0x3e30 (size before relaxing)
 .comment       0x08009ab2       0x80 os_common.o
 *fill*         0x08009ab2        0x2 
 .debug_frame   0x08009ab4      0x1a4 os_common.o
 .ARM.attributes
                0x08009c58       0x33 os_common.o
 os_exception.o()
 *fill*         0x08009c8b        0x1 
 .text          0x08009c8c      0x4a0 os_exception.o
                0x08009c8c                OS_Exception_NMI
                0x08009d14                OS_Exception_HARDFAULT
                0x08009d9c                OS_Exception_MEM_MANAG_FAULT
                0x08009e24                OS_Exception_BUS_FAULT
                0x08009eac                OS_Exception_USAGE_FAULT
                0x08009f34                OS_Exception_DEBUG
                0x08009fb0                OS_Exception_PendSV
                0x08009fc0                OS_Exception_Systick
                0x0800a0a4                OS_Exception_IRQ
 .data          0x0800a12c        0x0 os_exception.o
 .bss           0x0800a12c        0x0 os_exception.o
 .debug_info    0x0800a12c      0x98d os_exception.o
 .debug_abbrev  0x0800aab9      0x1ca os_exception.o
 .debug_loc     0x0800ac83       0x48 os_exception.o
 .debug_aranges
                0x0800accb       0x20 os_exception.o
 .debug_macro   0x0800aceb      0x141 os_exception.o
 .debug_macro   0x0800ae2c      0xa3c os_exception.o
 .debug_macro   0x0800b868       0x1c os_exception.o
 .debug_macro   0x0800b884       0x28 os_exception.o
 .debug_line    0x0800b8ac      0x2bf os_exception.o
 .debug_str     0x0800bb6b      0x6ed os_exception.o
                               0x4111 (size before relaxing)
 .comment       0x0800c258       0x80 os_exception.o
 .debug_frame   0x0800c258      0x190 os_exception.o
 .ARM.attributes
                0x0800c3e8       0x33 os_exception.o
 os_exception_isr_handler.o()
 *fill*         0x0800c41b        0x1 
 .text          0x0800c41c       0x18 os_exception_isr_handler.o
                0x0800c41c                OS_ISRHANDLERC0
 .data          0x0800c434        0x0 os_exception_isr_handler.o
 .bss           0x0800c434        0x0 os_exception_isr_handler.o
 .debug_info    0x0800c434      0x7db os_exception_isr_handler.o
 .debug_abbrev  0x0800cc0f      0x151 os_exception_isr_handler.o
 .debug_loc     0x0800cd60       0x21 os_exception_isr_handler.o
 .debug_aranges
                0x0800cd81       0x20 os_exception_isr_handler.o
 .debug_macro   0x0800cda1       0xc5 os_exception_isr_handler.o
 .debug_line    0x0800ce66      0x237 os_exception_isr_handler.o
 .debug_str     0x0800d09d       0x7d os_exception_isr_handler.o
                               0x3d36 (size before relaxing)
 .comment       0x0800d11a       0x80 os_exception_isr_handler.o
 *fill*         0x0800d11a        0x2 
 .debug_frame   0x0800d11c       0x30 os_exception_isr_handler.o
 .ARM.attributes
                0x0800d14c       0x33 os_exception_isr_handler.o
 os_exception_table.o()
 os_init_task_system.o()
 *fill*         0x0800d17f        0x1 
 .text          0x0800d180        0x4 os_init_task_system.o
                0x0800d180                OS_InitTaskSystem
 .data          0x0800d184        0x0 os_init_task_system.o
 .bss           0x0800d184        0x0 os_init_task_system.o
 .debug_info    0x0800d184      0x6fb os_init_task_system.o
 .debug_abbrev  0x0800d87f      0x129 os_init_task_system.o
 .debug_aranges
                0x0800d9a8       0x20 os_init_task_system.o
 .debug_macro   0x0800d9c8       0xbb os_init_task_system.o
 .debug_macro   0x0800da83       0x22 os_init_task_system.o
 .debug_line    0x0800daa5      0x21a os_init_task_system.o
 .debug_str     0x0800dcbf       0x70 os_init_task_system.o
                               0x3b34 (size before relaxing)
 .comment       0x0800dd2f       0x80 os_init_task_system.o
 *fill*         0x0800dd2f        0x1 
 .debug_frame   0x0800dd30       0x20 os_init_task_system.o
 .ARM.attributes
                0x0800dd50       0x33 os_init_task_system.o
 os_main.o()
 *fill*         0x0800dd83        0x1 
 .text          0x0800dd84       0xf4 os_main.o
                0x0800dd84                OS_StateHandler
 .data          0x0800de78        0x0 os_main.o
 .bss           0x0800de78        0x9 os_main.o
 .debug_info    0x0800de81      0x8cf os_main.o
 .debug_abbrev  0x0800e750      0x184 os_main.o
 .debug_aranges
                0x0800e8d4       0x20 os_main.o
 .debug_macro   0x0800e8f4       0xe6 os_main.o
 .debug_line    0x0800e9da      0x2ae os_main.o
 .debug_str     0x0800ec88      0x1b1 os_main.o
                               0x3d7a (size before relaxing)
 .comment       0x0800ee39       0x80 os_main.o
 *fill*         0x0800ee39        0x3 
 .debug_frame   0x0800ee3c       0x2c os_main.o
 .ARM.attributes
                0x0800ee68       0x33 os_main.o
 os_memory_mmu.o()
 *fill*         0x0800ee9b        0x1 
 .text          0x0800ee9c       0x6c os_memory_mmu.o
                0x0800ee9c                OS_MmuSetup
 .data          0x0800ef08        0x0 os_memory_mmu.o
 .bss           0x0800ef08        0x0 os_memory_mmu.o
 .debug_info    0x0800ef08      0x6fb os_memory_mmu.o
 .debug_abbrev  0x0800f603      0x129 os_memory_mmu.o
 .debug_aranges
                0x0800f72c       0x20 os_memory_mmu.o
 .debug_macro   0x0800f74c      0x106 os_memory_mmu.o
 .debug_line    0x0800f852      0x21e os_memory_mmu.o
 .debug_str     0x0800fa70      0x2b5 os_memory_mmu.o
                               0x3d09 (size before relaxing)
 .comment       0x0800fd25       0x80 os_memory_mmu.o
 *fill*         0x0800fd25        0x3 
 .debug_frame   0x0800fd28       0x3c os_memory_mmu.o
 .ARM.attributes
                0x0800fd64       0x33 os_memory_mmu.o
 os_shutdown.o()
 *fill*         0x0800fd97        0x1 
 .text          0x0800fd98       0x40 os_shutdown.o
                0x0800fd98                OS_Shutdown
 .data          0x0800fdd8        0x0 os_shutdown.o
 .bss           0x0800fdd8        0x0 os_shutdown.o
 .debug_info    0x0800fdd8      0x894 os_shutdown.o
 .debug_abbrev  0x0801066c      0x175 os_shutdown.o
 .debug_loc     0x080107e1       0x21 os_shutdown.o
 .debug_aranges
                0x08010802       0x20 os_shutdown.o
 .debug_macro   0x08010822       0xbc os_shutdown.o
 .debug_line    0x080108de      0x222 os_shutdown.o
 .debug_str     0x08010b00      0x10a os_shutdown.o
                               0x3d5e (size before relaxing)
 .comment       0x08010c0a       0x80 os_shutdown.o
 *fill*         0x08010c0a        0x2 
 .debug_frame   0x08010c0c       0x2c os_shutdown.o
 .ARM.attributes
                0x08010c38       0x33 os_shutdown.o
 os_start_ext_prg.o()
 *fill*         0x08010c6b        0x1 
 .text          0x08010c6c       0x10 os_start_ext_prg.o
                0x08010c6c                OS_StartExtPrg
 .data          0x08010c7c        0x0 os_start_ext_prg.o
 .bss           0x08010c7c        0x0 os_start_ext_prg.o
 .debug_info    0x08010c7c      0x775 os_start_ext_prg.o
 .debug_abbrev  0x080113f1      0x16b os_start_ext_prg.o
 .debug_loc     0x0801155c       0x79 os_start_ext_prg.o
 .debug_aranges
                0x080115d5       0x20 os_start_ext_prg.o
 .debug_macro   0x080115f5       0xa8 os_start_ext_prg.o
 .debug_line    0x0801169d      0x1f2 os_start_ext_prg.o
 .debug_str     0x0801188f       0x81 os_start_ext_prg.o
                               0x3aff (size before relaxing)
 .comment       0x08011910       0x80 os_start_ext_prg.o
 .debug_frame   0x08011910       0x30 os_start_ext_prg.o
 .ARM.attributes
                0x08011940       0x33 os_start_ext_prg.o
 os_start_init_hw.o()
 *fill*         0x08011973        0x1 
 .text          0x08011974        0x4 os_start_init_hw.o
                0x08011974                OS_InitHw
 .data          0x08011978        0x0 os_start_init_hw.o
 .bss           0x08011978        0x0 os_start_init_hw.o
 .debug_info    0x08011978      0x6e2 os_start_init_hw.o
 .debug_abbrev  0x0801205a      0x108 os_start_init_hw.o
 .debug_aranges
                0x08012162       0x20 os_start_init_hw.o
 .debug_macro   0x08012182       0xa8 os_start_init_hw.o
 .debug_line    0x0801222a      0x1ec os_start_init_hw.o
 .debug_str     0x08012416       0x4e os_start_init_hw.o
                               0x3aac (size before relaxing)
 .comment       0x08012464       0x80 os_start_init_hw.o
 .debug_frame   0x08012464       0x20 os_start_init_hw.o
 .ARM.attributes
                0x08012484       0x33 os_start_init_hw.o
 os_start_init_mc.o()
 *fill*         0x080124b7        0x1 
 .text          0x080124b8        0x4 os_start_init_mc.o
                0x080124b8                OS_InitMc
 .data          0x080124bc        0x0 os_start_init_mc.o
 .bss           0x080124bc        0x0 os_start_init_mc.o
 .debug_info    0x080124bc      0x6fb os_start_init_mc.o
 .debug_abbrev  0x08012bb7      0x129 os_start_init_mc.o
 .debug_aranges
                0x08012ce0       0x20 os_start_init_mc.o
 .debug_macro   0x08012d00       0xbc os_start_init_mc.o
 .debug_line    0x08012dbc      0x217 os_start_init_mc.o
 .debug_str     0x08012fd3       0x4e os_start_init_mc.o
                               0x3ae1 (size before relaxing)
 .comment       0x08013021       0x80 os_start_init_mc.o
 *fill*         0x08013021        0x3 
 .debug_frame   0x08013024       0x20 os_start_init_mc.o
 .ARM.attributes
                0x08013044       0x33 os_start_init_mc.o
 os_start_init_sw.o()
 *fill*         0x08013077        0x1 
 .text          0x08013078       0x58 os_start_init_sw.o
                0x08013078                OS_InitSw
 .data          0x080130d0        0x0 os_start_init_sw.o
 .bss           0x080130d0        0x0 os_start_init_sw.o
 .debug_info    0x080130d0      0x708 os_start_init_sw.o
 .debug_abbrev  0x080137d8      0x135 os_start_init_sw.o
 .debug_loc     0x0801390d       0xbc os_start_init_sw.o
 .debug_aranges
                0x080139c9       0x20 os_start_init_sw.o
 .debug_macro   0x080139e9       0xa8 os_start_init_sw.o
 .debug_line    0x08013a91      0x1fa os_start_init_sw.o
 .debug_str     0x08013c8b       0x4e os_start_init_sw.o
                               0x3abe (size before relaxing)
 .comment       0x08013cd9       0x80 os_start_init_sw.o
 *fill*         0x08013cd9        0x3 
 .debug_frame   0x08013cdc       0x2c os_start_init_sw.o
 .ARM.attributes
                0x08013d08       0x33 os_start_init_sw.o
 os_start_os.o()
 *fill*         0x08013d3b        0x1 
 .text          0x08013d3c       0x70 os_start_os.o
                0x08013d3c                OS_StartOs
 .data          0x08013dac        0x0 os_start_os.o
 .bss           0x08013dac        0x0 os_start_os.o
 .debug_info    0x08013dac      0x6fb os_start_os.o
 .debug_abbrev  0x080144a7      0x129 os_start_os.o
 .debug_aranges
                0x080145d0       0x20 os_start_os.o
 .debug_macro   0x080145f0       0xd4 os_start_os.o
 .debug_line    0x080146c4      0x225 os_start_os.o
 .debug_str     0x080148e9      0x233 os_start_os.o
                               0x3ca7 (size before relaxing)
 .comment       0x08014b1c       0x80 os_start_os.o
 .debug_frame   0x08014b1c       0x3c os_start_os.o
 .ARM.attributes
                0x08014b58       0x33 os_start_os.o
 os_task_common.o()
 *fill*         0x08014b8b        0x1 
 .text          0x08014b8c       0xe0 os_task_common.o
                0x08014b8c                OS_TaskSaveTaskEnvironment
                0x08014bb4                OS_TASK_RESTORETASK_ENVIRONMENT
                0x08014bd4                OS_TASK_RESTORE_SYSTEM_STACK
                0x08014bd8                OS_TASK_SAVE_SYSTEM_STACK
                0x08014bdc                OS_Task_InitTaskEnvironment
 .data          0x08014c6c        0x0 os_task_common.o
 .bss           0x08014c6c        0x0 os_task_common.o
 .debug_info    0x08014c6c      0x985 os_task_common.o
 .debug_abbrev  0x080155f1      0x187 os_task_common.o
 .debug_loc     0x08015778      0x10e os_task_common.o
 .debug_aranges
                0x08015886       0x20 os_task_common.o
 .debug_macro   0x080158a6       0xb9 os_task_common.o
 .debug_line    0x0801595f      0x263 os_task_common.o
 .debug_str     0x08015bc2      0x136 os_task_common.o
                               0x3de3 (size before relaxing)
 .comment       0x08015cf8       0x80 os_task_common.o
 .debug_frame   0x08015cf8       0x9c os_task_common.o
 .ARM.attributes
                0x08015d94       0x33 os_task_common.o
 *fill*         0x08015dc7        0x1 
 COMMON         0x08015dc8       0x28 os_task_common.o
                0x08015dc8                TASK_PTR
 os_task_queue.o()
 .text          0x08015df0      0x5f8 os_task_queue.o
                0x08015df0                SET_RUNNING_TASK
                0x08015f2c                OS_InitTaskQueue
                0x08015f6c                AddToTaskQueue
                0x08016128                DeleteFromTaskQueue
                0x080161a0                GetFromTaskQueue
                0x080161a4                GetFromSchedulingQueue
                0x080161b0                DeleteFromSchedulingQueue
                0x080161b8                AddToSchedulingQueue
                0x08016210                GetIdleTask
                0x08016218                AddToIdleTaskQueue
                0x0801633c                GetRunningTask
                0x08016344                GetRunningSchedulingQueueElementPtr
                0x08016350                OS_InitTask
 .data          0x080163e8        0x0 os_task_queue.o
 .bss           0x080163e8        0x0 os_task_queue.o
 .debug_info    0x080163e8      0xd4b os_task_queue.o
 .debug_abbrev  0x08017133      0x1ef os_task_queue.o
 .debug_loc     0x08017322      0x534 os_task_queue.o
 .debug_aranges
                0x08017856       0x20 os_task_queue.o
 .debug_macro   0x08017876       0xbe os_task_queue.o
 .debug_line    0x08017934      0x373 os_task_queue.o
 .debug_str     0x08017ca7      0x1d8 os_task_queue.o
                               0x3f54 (size before relaxing)
 .comment       0x08017e7f       0x80 os_task_queue.o
 *fill*         0x08017e7f        0x1 
 .debug_frame   0x08017e80      0x17c os_task_queue.o
 .ARM.attributes
                0x08017ffc       0x33 os_task_queue.o
 os_task_scheduler.o()
 *fill*         0x0801802f        0x1 
 .text          0x08018030      0x6e8 os_task_scheduler.o
                0x0801819c                OS_ActivateDispatcher
                0x080181d0                OS_SleepTask
                0x08018258                task_state_request
                0x080182dc                OS_CreateTask
                0x08018310                OS_ActivateTask
                0x08018384                OS_StartTask
                0x08018418                OS_TerminateTask
                0x08018488                OS_TaskDispatcher
                0x0801861c                OS_InitTasks
 .data          0x08018718        0x0 os_task_scheduler.o
 .bss           0x08018718        0x0 os_task_scheduler.o
 .debug_info    0x08018718     0x1579 os_task_scheduler.o
 .debug_abbrev  0x08019c91      0x354 os_task_scheduler.o
 .debug_loc     0x08019fe5      0x92c os_task_scheduler.o
 .debug_aranges
                0x0801a911       0x20 os_task_scheduler.o
 .debug_ranges  0x0801a931       0xc8 os_task_scheduler.o
 .debug_macro   0x0801a9f9       0xea os_task_scheduler.o
 .debug_line    0x0801aae3      0x446 os_task_scheduler.o
 .debug_str     0x0801af29      0x144 os_task_scheduler.o
                               0x420f (size before relaxing)
 .comment       0x0801b06d       0x80 os_task_scheduler.o
 *fill*         0x0801b06d        0x3 
 .debug_frame   0x0801b070      0x30c os_task_scheduler.o
 .ARM.attributes
                0x0801b37c       0x33 os_task_scheduler.o
 os_stack.o()
 *fill*         0x0801b3af        0x1 
 .text          0x0801b3b0       0xa0 os_stack.o
                0x0801b3b0                OS_StackCheck
 .data          0x0801b450        0x0 os_stack.o
 .bss           0x0801b450        0x8 os_stack.o
 .debug_info    0x0801b458      0x7ac os_stack.o
 .debug_abbrev  0x0801bc04      0x141 os_stack.o
 .debug_aranges
                0x0801bd45       0x20 os_stack.o
 .debug_macro   0x0801bd65       0xa8 os_stack.o
 .debug_line    0x0801be0d      0x20d os_stack.o
 .debug_str     0x0801c01a       0x5b os_stack.o
                               0x3c51 (size before relaxing)
 .comment       0x0801c075       0x80 os_stack.o
 *fill*         0x0801c075        0x3 
 .debug_frame   0x0801c078       0x38 os_stack.o
 .ARM.attributes
                0x0801c0b0       0x33 os_stack.o
 os_heap.o()
 *fill*         0x0801c0e3        0x1 
 .text          0x0801c0e4        0x0 os_heap.o
 .data          0x0801c0e4        0x0 os_heap.o
 .bss           0x0801c0e4        0x0 os_heap.o
 .debug_info    0x0801c0e4      0x6c9 os_heap.o
 .debug_abbrev  0x0801c7ad       0xec os_heap.o
 .debug_aranges
                0x0801c899       0x18 os_heap.o
 .debug_macro   0x0801c8b1       0xac os_heap.o
 .debug_line    0x0801c95d      0x1d5 os_heap.o
 .debug_str     0x0801cb32       0x45 os_heap.o
                               0x3a99 (size before relaxing)
 .comment       0x0801cb77       0x80 os_heap.o
 .ARM.attributes
                0x0801cb77       0x33 os_heap.o
 led.o()
 *fill*         0x0801cbaa        0x2 
 .text          0x0801cbac       0x10 led.o
                0x0801cbac                USER_LED_INIT
                0x0801cbb0                USER_LED_ON
                0x0801cbb4                USER_LED_OFF
                0x0801cbb8                USER_LED_TOGGLE
 .data          0x0801cbbc        0x0 led.o
 .bss           0x0801cbbc        0x0 led.o
 .debug_info    0x0801cbbc      0x778 led.o
 .debug_abbrev  0x0801d334      0x14b led.o
 .debug_loc     0x0801d47f       0x21 led.o
 .debug_aranges
                0x0801d4a0       0x20 led.o
 .debug_ranges  0x0801d4c0       0x10 led.o
 .debug_macro   0x0801d4d0       0xac led.o
 .debug_line    0x0801d57c      0x1d7 led.o
 .debug_str     0x0801d753       0x97 led.o
                               0x3aeb (size before relaxing)
 .comment       0x0801d7ea       0x80 led.o
 *fill*         0x0801d7ea        0x2 
 .debug_frame   0x0801d7ec       0x50 led.o
 .ARM.attributes
                0x0801d83c       0x33 led.o
                0x0801d86f                _code_end = .
                [!provide]                PROVIDE (code_start = .)
                [!provide]                PROVIDE (code_end = .)

.glue_7         0x0801d870        0x0
 .glue_7        0x0801d870        0x0 linker stubs

.glue_7t        0x0801d870        0x0
 .glue_7t       0x0801d870        0x0 linker stubs

.vfp11_veneer   0x0801d870        0x0
 .vfp11_veneer  0x0801d870        0x0 linker stubs

.v4_bx          0x0801d870        0x0
 .v4_bx         0x0801d870        0x0 linker stubs

.data           0x20000010     0xd28c
                0x20000010                _ram_stack_start = .
 os_ram_stack.o()
 .text          0x20000010        0x0 os_ram_stack.o
 .data          0x20000010        0x0 os_ram_stack.o
 .bss           0x20000010        0x0 os_ram_stack.o
 .debug_info    0x20000010      0x6d6 os_ram_stack.o
 .debug_abbrev  0x200006e6       0xf9 os_ram_stack.o
 .debug_aranges
                0x200007df       0x18 os_ram_stack.o
 .debug_macro   0x200007f7       0xac os_ram_stack.o
 .debug_line    0x200008a3      0x1e8 os_ram_stack.o
 .debug_str     0x20000a8b     0x3a1b os_ram_stack.o
                               0x3a9e (size before relaxing)
 .comment       0x200044a6       0x7f os_ram_stack.o
                                 0x80 (size before relaxing)
 .ARM.attributes
                0x20004525       0x33 os_ram_stack.o
 COMMON         0x20004558      0x200 os_ram_stack.o
                0x20004558                OS_MAIN_STACK
                0x20004758                _ram_stack_end = .
                [!provide]                PROVIDE (ram_stack_start = .)
                [!provide]                PROVIDE (ram_stack_end = .)
                0x20004758                _ram_start = .
 os_ram.o()
 .text          0x20004758        0x0 os_ram.o
 .data          0x20004758        0x0 os_ram.o
 .bss           0x20004758        0x0 os_ram.o
 .debug_info    0x20004758      0xa00 os_ram.o
 .debug_abbrev  0x20005158      0x10a os_ram.o
 .debug_aranges
                0x20005262       0x18 os_ram.o
 .debug_macro   0x2000527a       0xb0 os_ram.o
 .debug_line    0x2000532a      0x1ef os_ram.o
 .debug_str     0x20005519      0x108 os_ram.o
                               0x3b5c (size before relaxing)
 .comment       0x20005621       0x80 os_ram.o
 .ARM.attributes
                0x20005621       0x33 os_ram.o
 COMMON         0x20005654     0x5cac os_ram.o
                0x20005654                TASK_STACK
                0x2000a474                VAR_MEM_MANAG_FAULT_STATUS_REG
                0x2000a478                REGISTER_R2
                0x2000a47c                TASK_GROUP_3
                0x2000a49c                RAM_CHECK_FAILURE_ADDR
                0x2000a4a0                REGISTER_R0
                0x2000a4a4                REGISTER_R6
                0x2000a4a8                REGISTER_R7
                0x2000a4ac                DBG_CALIB_VALUE
                0x2000a4b0                OS_STATE
                0x2000a4b4                TASK_IDLE_QUEUE
                0x2000a584                REGISTER_R9
                0x2000a588                TASK1_CALL_NR
                0x2000a58c                bTASK_QUEUE_INITIALIZED
                0x2000a590                BACKUP_SYSTICK_CURRENT_VAL_REG
                0x2000a594                STACK_POS
                0x2000a598                TASK2_CALL_NR
                0x2000a59c                LAST_CURRENT_TIME
                0x2000a5ac                LINK_REGISTER_HANDLER
                0x2000a5b0                VAR_AUX_FAULT_STATUS_REG
                0x2000a5b4                REGISTER_R8
                0x2000a5b8                TASK_3_VAR
                0x2000a688                TASK_0_VAR
                0x2000a758                STACK_USAGE_PERCENT
                0x2000a75c                TASK4_CALL_NR
                0x2000a760                TASK_GROUP_2
                0x2000a780                REGISTER_R5
                0x2000a784                STACK_ADDR
                0x2000a788                SAVED_STACK_POINTER
                0x2000a78c                DBG_RLD_VALUE
                0x2000a790                REGISTER_R4
                0x2000a794                RUNNING_TASK
                0x2000a864                TASK_RUN_QUEUE
                0x2000b084                VAR_HARDFAULT_STATUS_REG
                0x2000b088                RUNNING_SCHEDULING_QUEUE_ENTRY
                0x2000b08c                TASK_GROUP_5
                0x2000b0ac                REGISTER_R1
                0x2000b0b0                DBG_CTRL_VALUE
                0x2000b0b4                TASK_2_VAR
                0x2000b184                VAR_BUS_FAULT_STATUS_REG
                0x2000b188                RAM_CHECK_FAILURE_DETECTED
                0x2000b18c                REGISTER_R10
                0x2000b190                DBG_CURR_VAL
                0x2000b194                TASK_GROUP_1
                0x2000b1b4                VAR_FAULT_STATUS_REG
                0x2000b1b8                TASK_GROUP_4
                0x2000b1d8                REGISTER_R11
                0x2000b1dc                TASK_TRANSITION_REJECTED_STATE
                0x2000b1dd                TASK_TRANSITION_CURRENT_STATE
                0x2000b1de                SYSTEM_STATE_ACCEPTED
                0x2000b1e0                REGISTER_R3
                0x2000b1e4                TASK_SCHEDULING_QUEUE
                0x2000b20c                TASK3_CALL_NR
                0x2000b210                VAR_MEM_FAULT_ADDR_REG
                0x2000b214                VAR_USAGE_FAULT_STATUS_REG
                0x2000b218                VAR_BUS_FAULT_ADDR_REG
                0x2000b21c                TASK_TRANSITION_REJECTED_TASK_ADDR
                0x2000b220                OS_SW_BUG
                0x2000b230                TASK_1_VAR
 os_shared_ram.o()
 .text          0x2000b300        0x0 os_shared_ram.o
 .data          0x2000b300        0x0 os_shared_ram.o
 .bss           0x2000b300        0x0 os_shared_ram.o
 .debug_info    0x2000b300      0x7e3 os_shared_ram.o
 .debug_abbrev  0x2000bae3       0xfd os_shared_ram.o
 .debug_aranges
                0x2000bbe0       0x18 os_shared_ram.o
 .debug_macro   0x2000bbf8       0xfe os_shared_ram.o
 .debug_macro   0x2000bcf6       0x8e os_shared_ram.o
 .debug_macro   0x2000bd84       0x10 os_shared_ram.o
 .debug_line    0x2000bd94      0x1c9 os_shared_ram.o
 .debug_str     0x2000bf5d      0x30b os_shared_ram.o
                               0x3d33 (size before relaxing)
 .comment       0x2000c268       0x80 os_shared_ram.o
 .ARM.attributes
                0x2000c268       0x33 os_shared_ram.o
 *fill*         0x2000c29b        0x1 
 COMMON         0x2000c29c     0x1000 os_shared_ram.o
                0x2000c29c                RAM_BLOCK_C01_C01
                0x2000c39c                RAM_BLOCK_C01_C00
                0x2000c49c                RAM_BLOCK_C00_C00
                0x2000c59c                RAM_BLOCK_C01_C03
                0x2000c69c                RAM_BLOCK_C03_C01
                0x2000c79c                RAM_BLOCK_C00_C01
                0x2000c89c                RAM_BLOCK_C02_C01
                0x2000c99c                RAM_BLOCK_C01_C02
                0x2000ca9c                RAM_BLOCK_C03_C00
                0x2000cb9c                RAM_BLOCK_C02_C00
                0x2000cc9c                RAM_BLOCK_C02_C02
                0x2000cd9c                RAM_BLOCK_C03_C03
                0x2000ce9c                RAM_BLOCK_C03_C02
                0x2000cf9c                RAM_BLOCK_C00_C03
                0x2000d09c                RAM_BLOCK_C00_C02
                0x2000d19c                RAM_BLOCK_C02_C03
                0x2000d29c                _ram_end = .
                [!provide]                PROVIDE (ram_start = .)
                [!provide]                PROVIDE (ram_end = .)
START GROUP
LOAD d:/programm/gnu tools arm embedded/7 2018-q2-update/bin/../lib/gcc/arm-none-eabi/7.3.1/thumb/v7e-m\libgcc.a
LOAD d:/programm/gnu tools arm embedded/7 2018-q2-update/bin/../lib/gcc/arm-none-eabi/7.3.1/../../../../arm-none-eabi/lib/thumb/v7e-m\libg.a
LOAD d:/programm/gnu tools arm embedded/7 2018-q2-update/bin/../lib/gcc/arm-none-eabi/7.3.1/../../../../arm-none-eabi/lib/thumb/v7e-m\libc.a
END GROUP
OUTPUT(E:\NeuOrga\Programmieren\c_cpp\github_os\output\VERSION_ARM\operating_system.elf elf32-littlearm)
