
Allocating common symbols
Common symbol       size              file

TASK_STACK          0x4e20            os_ram.o
RAM_BLOCK_C01_C01   0x100             os_shared_ram.o
VAR_MEM_MANAG_FAULT_STATUS_REG
                    0x4               os_ram.o
REGISTER_R2         0x4               os_ram.o
TASK_GROUP_3        0x20              os_ram.o
RAM_CHECK_FAILURE_ADDR
                    0x4               os_ram.o
REGISTER_R0         0x4               os_ram.o
OS_STACK            0x5000            os_ram.o
RAM_BLOCK_C01_C00   0x100             os_shared_ram.o
REGISTER_R6         0x4               os_ram.o
REGISTER_R7         0x4               os_ram.o
DBG_CALIB_VALUE     0x4               os_ram.o
RAM_BLOCK_C00_C00   0x100             os_shared_ram.o
OS_STATE            0x4               os_ram.o
TASK_IDLE_QUEUE     0xd0              os_ram.o
REGISTER_R9         0x4               os_ram.o
TASK1_CALL_NR       0x4               os_ram.o
bTASK_QUEUE_INITIALIZED
                    0x1               os_ram.o
BACKUP_SYSTICK_CURRENT_VAL_REG
                    0x4               os_ram.o
RAM_BLOCK_C01_C03   0x100             os_shared_ram.o
TASK2_CALL_NR       0x4               os_ram.o
LAST_CURRENT_TIME   0x10              os_ram.o
LINK_REGISTER_HANDLER
                    0x4               os_ram.o
VAR_AUX_FAULT_STATUS_REG
                    0x4               os_ram.o
REGISTER_R8         0x4               os_ram.o
TASK_3_VAR          0xd0              os_ram.o
RAM_BLOCK_C03_C01   0x100             os_shared_ram.o
TASK_0_VAR          0xd0              os_ram.o
RAM_BLOCK_C00_C01   0x100             os_shared_ram.o
TASK4_CALL_NR       0x4               os_ram.o
TASK_GROUP_2        0x20              os_ram.o
TASK_PTR            0x28              os_task_common.o
REGISTER_R5         0x4               os_ram.o
OS_MAIN_STACK       0x5000            os_ram.o
SAVED_STACK_POINTER
                    0x4               os_ram.o
RAM_BLOCK_C02_C01   0x100             os_shared_ram.o
DBG_RLD_VALUE       0x4               os_ram.o
REGISTER_R4         0x4               os_ram.o
RAM_BLOCK_C01_C02   0x100             os_shared_ram.o
RUNNING_TASK        0xd0              os_ram.o
TASK_RUN_QUEUE      0x820             os_ram.o
VAR_HARDFAULT_STATUS_REG
                    0x4               os_ram.o
RAM_BLOCK_C03_C00   0x100             os_shared_ram.o
RUNNING_SCHEDULING_QUEUE_ENTRY
                    0x4               os_ram.o
TASK_GROUP_5        0x20              os_ram.o
REGISTER_R1         0x4               os_ram.o
RAM_BLOCK_C02_C00   0x100             os_shared_ram.o
DBG_CTRL_VALUE      0x4               os_ram.o
TASK_2_VAR          0xd0              os_ram.o
VAR_BUS_FAULT_STATUS_REG
                    0x4               os_ram.o
RAM_BLOCK_C02_C02   0x100             os_shared_ram.o
RAM_CHECK_FAILURE_DETECTED
                    0x4               os_ram.o
REGISTER_R10        0x4               os_ram.o
RAM_BLOCK_C03_C03   0x100             os_shared_ram.o
RAM_BLOCK_C03_C02   0x100             os_shared_ram.o
RAM_BLOCK_C00_C03   0x100             os_shared_ram.o
DBG_CURR_VAL        0x4               os_ram.o
TASK_GROUP_1        0x20              os_ram.o
VAR_FAULT_STATUS_REG
                    0x4               os_ram.o
TASK_GROUP_4        0x20              os_ram.o
REGISTER_R11        0x4               os_ram.o
TASK_TRANSITION_REJECTED_STATE
                    0x1               os_ram.o
TASK_TRANSITION_CURRENT_STATE
                    0x1               os_ram.o
REGISTER_R3         0x4               os_ram.o
TASK_SCHEDULING_QUEUE
                    0x28              os_ram.o
TASK3_CALL_NR       0x4               os_ram.o
VAR_MEM_FAULT_ADDR_REG
                    0x4               os_ram.o
VAR_USAGE_FAULT_STATUS_REG
                    0x4               os_ram.o
VAR_BUS_FAULT_ADDR_REG
                    0x4               os_ram.o
RAM_BLOCK_C00_C02   0x100             os_shared_ram.o
TASK_TRANSITION_REJECTED_TASK_ADDR
                    0x4               os_ram.o
OS_SW_BUG           0xf               os_ram.o
RAM_BLOCK_C02_C03   0x100             os_shared_ram.o
TASK_1_VAR          0xd0              os_ram.o

Discarded input sections

 .group         0x00000000        0xc os_exception_table.o
 .group         0x00000000        0xc os_exception_table.o
 .group         0x00000000        0xc os_exception_table.o
 .group         0x00000000        0xc os_exception_table.o
 .group         0x00000000        0xc os_exception_table.o
 .group         0x00000000        0xc os_exception_table.o
 .group         0x00000000        0xc os_exception_table.o
 .group         0x00000000        0xc os_exception_table.o
 .group         0x00000000        0xc os_const.o
 .group         0x00000000        0xc os_const.o
 .group         0x00000000        0xc os_const.o
 .group         0x00000000        0xc os_const.o
 .group         0x00000000        0xc os_const.o
 .group         0x00000000        0xc os_const.o
 .group         0x00000000        0xc os_const.o
 .group         0x00000000        0xc os_const.o
 .debug_macro   0x00000000      0xa42 os_const.o
 .debug_macro   0x00000000       0x4c os_const.o
 .debug_macro   0x00000000       0x8e os_const.o
 .debug_macro   0x00000000       0x46 os_const.o
 .debug_macro   0x00000000       0x10 os_const.o
 .debug_macro   0x00000000       0x10 os_const.o
 .debug_macro   0x00000000       0x28 os_const.o
 .debug_macro   0x00000000       0x1c os_const.o
 .group         0x00000000        0xc os_common.o
 .group         0x00000000        0xc os_common.o
 .group         0x00000000        0xc os_common.o
 .group         0x00000000        0xc os_common.o
 .group         0x00000000        0xc os_common.o
 .group         0x00000000        0xc os_common.o
 .group         0x00000000        0xc os_common.o
 .group         0x00000000        0xc os_common.o
 .debug_macro   0x00000000      0xa42 os_common.o
 .debug_macro   0x00000000       0x4c os_common.o
 .debug_macro   0x00000000       0x8e os_common.o
 .debug_macro   0x00000000       0x46 os_common.o
 .debug_macro   0x00000000       0x10 os_common.o
 .debug_macro   0x00000000       0x10 os_common.o
 .debug_macro   0x00000000       0x28 os_common.o
 .debug_macro   0x00000000       0x1c os_common.o
 .group         0x00000000        0xc os_exception.o
 .group         0x00000000        0xc os_exception.o
 .group         0x00000000        0xc os_exception.o
 .group         0x00000000        0xc os_exception.o
 .group         0x00000000        0xc os_exception.o
 .group         0x00000000        0xc os_exception.o
 .group         0x00000000        0xc os_exception.o
 .group         0x00000000        0xc os_exception.o
 .group         0x00000000        0xc os_exception.o
 .group         0x00000000        0xc os_exception.o
 .debug_macro   0x00000000       0x4c os_exception.o
 .debug_macro   0x00000000       0x8e os_exception.o
 .debug_macro   0x00000000       0x46 os_exception.o
 .debug_macro   0x00000000       0x10 os_exception.o
 .debug_macro   0x00000000       0x10 os_exception.o
 .debug_macro   0x00000000       0x28 os_exception.o
 .debug_macro   0x00000000       0x1c os_exception.o
 .group         0x00000000        0xc os_exception_isr_handler.o
 .group         0x00000000        0xc os_exception_isr_handler.o
 .group         0x00000000        0xc os_exception_isr_handler.o
 .group         0x00000000        0xc os_exception_isr_handler.o
 .group         0x00000000        0xc os_exception_isr_handler.o
 .group         0x00000000        0xc os_exception_isr_handler.o
 .group         0x00000000        0xc os_exception_isr_handler.o
 .group         0x00000000        0xc os_exception_isr_handler.o
 .group         0x00000000        0xc os_exception_isr_handler.o
 .debug_macro   0x00000000      0xa42 os_exception_isr_handler.o
 .debug_macro   0x00000000       0x4c os_exception_isr_handler.o
 .debug_macro   0x00000000       0x8e os_exception_isr_handler.o
 .debug_macro   0x00000000       0x46 os_exception_isr_handler.o
 .debug_macro   0x00000000       0x10 os_exception_isr_handler.o
 .debug_macro   0x00000000       0x10 os_exception_isr_handler.o
 .debug_macro   0x00000000       0x28 os_exception_isr_handler.o
 .debug_macro   0x00000000       0x1c os_exception_isr_handler.o
 .debug_macro   0x00000000       0x28 os_exception_isr_handler.o
 .group         0x00000000        0xc os_init_task_system.o
 .group         0x00000000        0xc os_init_task_system.o
 .group         0x00000000        0xc os_init_task_system.o
 .group         0x00000000        0xc os_init_task_system.o
 .group         0x00000000        0xc os_init_task_system.o
 .group         0x00000000        0xc os_init_task_system.o
 .group         0x00000000        0xc os_init_task_system.o
 .group         0x00000000        0xc os_init_task_system.o
 .group         0x00000000        0xc os_init_task_system.o
 .debug_macro   0x00000000      0xa42 os_init_task_system.o
 .debug_macro   0x00000000       0x4c os_init_task_system.o
 .debug_macro   0x00000000       0x8e os_init_task_system.o
 .debug_macro   0x00000000       0x46 os_init_task_system.o
 .debug_macro   0x00000000       0x10 os_init_task_system.o
 .debug_macro   0x00000000       0x10 os_init_task_system.o
 .debug_macro   0x00000000       0x28 os_init_task_system.o
 .debug_macro   0x00000000       0x1c os_init_task_system.o
 .group         0x00000000        0xc os_main.o
 .group         0x00000000        0xc os_main.o
 .group         0x00000000        0xc os_main.o
 .group         0x00000000        0xc os_main.o
 .group         0x00000000        0xc os_main.o
 .group         0x00000000        0xc os_main.o
 .group         0x00000000        0xc os_main.o
 .group         0x00000000        0xc os_main.o
 .group         0x00000000        0xc os_main.o
 .group         0x00000000        0xc os_main.o
 .debug_macro   0x00000000      0xa42 os_main.o
 .debug_macro   0x00000000       0x4c os_main.o
 .debug_macro   0x00000000       0x8e os_main.o
 .debug_macro   0x00000000       0x46 os_main.o
 .debug_macro   0x00000000       0x10 os_main.o
 .debug_macro   0x00000000       0x10 os_main.o
 .debug_macro   0x00000000       0x28 os_main.o
 .debug_macro   0x00000000       0x1c os_main.o
 .debug_macro   0x00000000       0x28 os_main.o
 .debug_macro   0x00000000       0x1c os_main.o
 .group         0x00000000        0xc os_memory_mmu_setup.o
 .group         0x00000000        0xc os_memory_mmu_setup.o
 .group         0x00000000        0xc os_memory_mmu_setup.o
 .group         0x00000000        0xc os_memory_mmu_setup.o
 .group         0x00000000        0xc os_memory_mmu_setup.o
 .group         0x00000000        0xc os_memory_mmu_setup.o
 .group         0x00000000        0xc os_memory_mmu_setup.o
 .group         0x00000000        0xc os_memory_mmu_setup.o
 .debug_macro   0x00000000      0xa42 os_memory_mmu_setup.o
 .debug_macro   0x00000000       0x4c os_memory_mmu_setup.o
 .debug_macro   0x00000000       0x8e os_memory_mmu_setup.o
 .debug_macro   0x00000000       0x46 os_memory_mmu_setup.o
 .debug_macro   0x00000000       0x10 os_memory_mmu_setup.o
 .debug_macro   0x00000000       0x10 os_memory_mmu_setup.o
 .debug_macro   0x00000000       0x28 os_memory_mmu_setup.o
 .debug_macro   0x00000000       0x1c os_memory_mmu_setup.o
 .group         0x00000000        0xc os_shutdown.o
 .group         0x00000000        0xc os_shutdown.o
 .group         0x00000000        0xc os_shutdown.o
 .group         0x00000000        0xc os_shutdown.o
 .group         0x00000000        0xc os_shutdown.o
 .group         0x00000000        0xc os_shutdown.o
 .group         0x00000000        0xc os_shutdown.o
 .group         0x00000000        0xc os_shutdown.o
 .debug_macro   0x00000000      0xa42 os_shutdown.o
 .debug_macro   0x00000000       0x4c os_shutdown.o
 .debug_macro   0x00000000       0x8e os_shutdown.o
 .debug_macro   0x00000000       0x46 os_shutdown.o
 .debug_macro   0x00000000       0x10 os_shutdown.o
 .debug_macro   0x00000000       0x10 os_shutdown.o
 .debug_macro   0x00000000       0x28 os_shutdown.o
 .debug_macro   0x00000000       0x1c os_shutdown.o
 .group         0x00000000        0xc os_start_ext_prg.o
 .group         0x00000000        0xc os_start_ext_prg.o
 .group         0x00000000        0xc os_start_ext_prg.o
 .group         0x00000000        0xc os_start_ext_prg.o
 .group         0x00000000        0xc os_start_ext_prg.o
 .group         0x00000000        0xc os_start_ext_prg.o
 .group         0x00000000        0xc os_start_ext_prg.o
 .group         0x00000000        0xc os_start_ext_prg.o
 .debug_macro   0x00000000      0xa42 os_start_ext_prg.o
 .debug_macro   0x00000000       0x4c os_start_ext_prg.o
 .debug_macro   0x00000000       0x8e os_start_ext_prg.o
 .debug_macro   0x00000000       0x46 os_start_ext_prg.o
 .debug_macro   0x00000000       0x10 os_start_ext_prg.o
 .debug_macro   0x00000000       0x10 os_start_ext_prg.o
 .debug_macro   0x00000000       0x28 os_start_ext_prg.o
 .debug_macro   0x00000000       0x1c os_start_ext_prg.o
 .group         0x00000000        0xc os_start_init_hw.o
 .group         0x00000000        0xc os_start_init_hw.o
 .group         0x00000000        0xc os_start_init_hw.o
 .group         0x00000000        0xc os_start_init_hw.o
 .group         0x00000000        0xc os_start_init_hw.o
 .group         0x00000000        0xc os_start_init_hw.o
 .group         0x00000000        0xc os_start_init_hw.o
 .group         0x00000000        0xc os_start_init_hw.o
 .debug_macro   0x00000000      0xa42 os_start_init_hw.o
 .debug_macro   0x00000000       0x4c os_start_init_hw.o
 .debug_macro   0x00000000       0x8e os_start_init_hw.o
 .debug_macro   0x00000000       0x46 os_start_init_hw.o
 .debug_macro   0x00000000       0x10 os_start_init_hw.o
 .debug_macro   0x00000000       0x10 os_start_init_hw.o
 .debug_macro   0x00000000       0x28 os_start_init_hw.o
 .debug_macro   0x00000000       0x1c os_start_init_hw.o
 .group         0x00000000        0xc os_start_init_mc.o
 .group         0x00000000        0xc os_start_init_mc.o
 .group         0x00000000        0xc os_start_init_mc.o
 .group         0x00000000        0xc os_start_init_mc.o
 .group         0x00000000        0xc os_start_init_mc.o
 .group         0x00000000        0xc os_start_init_mc.o
 .group         0x00000000        0xc os_start_init_mc.o
 .group         0x00000000        0xc os_start_init_mc.o
 .debug_macro   0x00000000      0xa42 os_start_init_mc.o
 .debug_macro   0x00000000       0x4c os_start_init_mc.o
 .debug_macro   0x00000000       0x8e os_start_init_mc.o
 .debug_macro   0x00000000       0x46 os_start_init_mc.o
 .debug_macro   0x00000000       0x10 os_start_init_mc.o
 .debug_macro   0x00000000       0x10 os_start_init_mc.o
 .debug_macro   0x00000000       0x28 os_start_init_mc.o
 .debug_macro   0x00000000       0x1c os_start_init_mc.o
 .group         0x00000000        0xc os_start_init_sw.o
 .group         0x00000000        0xc os_start_init_sw.o
 .group         0x00000000        0xc os_start_init_sw.o
 .group         0x00000000        0xc os_start_init_sw.o
 .group         0x00000000        0xc os_start_init_sw.o
 .group         0x00000000        0xc os_start_init_sw.o
 .group         0x00000000        0xc os_start_init_sw.o
 .group         0x00000000        0xc os_start_init_sw.o
 .debug_macro   0x00000000      0xa42 os_start_init_sw.o
 .debug_macro   0x00000000       0x4c os_start_init_sw.o
 .debug_macro   0x00000000       0x8e os_start_init_sw.o
 .debug_macro   0x00000000       0x46 os_start_init_sw.o
 .debug_macro   0x00000000       0x10 os_start_init_sw.o
 .debug_macro   0x00000000       0x10 os_start_init_sw.o
 .debug_macro   0x00000000       0x28 os_start_init_sw.o
 .debug_macro   0x00000000       0x1c os_start_init_sw.o
 .group         0x00000000        0xc os_start_os.o
 .group         0x00000000        0xc os_start_os.o
 .group         0x00000000        0xc os_start_os.o
 .group         0x00000000        0xc os_start_os.o
 .group         0x00000000        0xc os_start_os.o
 .group         0x00000000        0xc os_start_os.o
 .group         0x00000000        0xc os_start_os.o
 .group         0x00000000        0xc os_start_os.o
 .debug_macro   0x00000000      0xa42 os_start_os.o
 .debug_macro   0x00000000       0x4c os_start_os.o
 .debug_macro   0x00000000       0x8e os_start_os.o
 .debug_macro   0x00000000       0x46 os_start_os.o
 .debug_macro   0x00000000       0x10 os_start_os.o
 .debug_macro   0x00000000       0x10 os_start_os.o
 .debug_macro   0x00000000       0x28 os_start_os.o
 .debug_macro   0x00000000       0x1c os_start_os.o
 .group         0x00000000        0xc os_task_common.o
 .group         0x00000000        0xc os_task_common.o
 .group         0x00000000        0xc os_task_common.o
 .group         0x00000000        0xc os_task_common.o
 .group         0x00000000        0xc os_task_common.o
 .group         0x00000000        0xc os_task_common.o
 .group         0x00000000        0xc os_task_common.o
 .group         0x00000000        0xc os_task_common.o
 .group         0x00000000        0xc os_task_common.o
 .debug_macro   0x00000000      0xa42 os_task_common.o
 .debug_macro   0x00000000       0x4c os_task_common.o
 .debug_macro   0x00000000       0x8e os_task_common.o
 .debug_macro   0x00000000       0x46 os_task_common.o
 .debug_macro   0x00000000       0x10 os_task_common.o
 .debug_macro   0x00000000       0x10 os_task_common.o
 .debug_macro   0x00000000       0x28 os_task_common.o
 .debug_macro   0x00000000       0x1c os_task_common.o
 .debug_macro   0x00000000       0x28 os_task_common.o
 .group         0x00000000        0xc os_task_queue.o
 .group         0x00000000        0xc os_task_queue.o
 .group         0x00000000        0xc os_task_queue.o
 .group         0x00000000        0xc os_task_queue.o
 .group         0x00000000        0xc os_task_queue.o
 .group         0x00000000        0xc os_task_queue.o
 .group         0x00000000        0xc os_task_queue.o
 .group         0x00000000        0xc os_task_queue.o
 .group         0x00000000        0xc os_task_queue.o
 .group         0x00000000        0xc os_task_queue.o
 .debug_macro   0x00000000      0xa42 os_task_queue.o
 .debug_macro   0x00000000       0x4c os_task_queue.o
 .debug_macro   0x00000000       0x8e os_task_queue.o
 .debug_macro   0x00000000       0x46 os_task_queue.o
 .debug_macro   0x00000000       0x10 os_task_queue.o
 .debug_macro   0x00000000       0x10 os_task_queue.o
 .debug_macro   0x00000000       0x28 os_task_queue.o
 .debug_macro   0x00000000       0x1c os_task_queue.o
 .debug_macro   0x00000000       0x1c os_task_queue.o
 .debug_macro   0x00000000       0x28 os_task_queue.o
 .group         0x00000000        0xc os_task_scheduler.o
 .group         0x00000000        0xc os_task_scheduler.o
 .group         0x00000000        0xc os_task_scheduler.o
 .group         0x00000000        0xc os_task_scheduler.o
 .group         0x00000000        0xc os_task_scheduler.o
 .group         0x00000000        0xc os_task_scheduler.o
 .group         0x00000000        0xc os_task_scheduler.o
 .group         0x00000000        0xc os_task_scheduler.o
 .group         0x00000000        0xc os_task_scheduler.o
 .group         0x00000000        0xc os_task_scheduler.o
 .debug_macro   0x00000000      0xa42 os_task_scheduler.o
 .debug_macro   0x00000000       0x4c os_task_scheduler.o
 .debug_macro   0x00000000       0x8e os_task_scheduler.o
 .debug_macro   0x00000000       0x46 os_task_scheduler.o
 .debug_macro   0x00000000       0x10 os_task_scheduler.o
 .debug_macro   0x00000000       0x10 os_task_scheduler.o
 .debug_macro   0x00000000       0x28 os_task_scheduler.o
 .debug_macro   0x00000000       0x1c os_task_scheduler.o
 .debug_macro   0x00000000       0x28 os_task_scheduler.o
 .debug_macro   0x00000000       0x1c os_task_scheduler.o
 .group         0x00000000        0xc os_stack.o
 .group         0x00000000        0xc os_stack.o
 .group         0x00000000        0xc os_stack.o
 .group         0x00000000        0xc os_stack.o
 .group         0x00000000        0xc os_stack.o
 .group         0x00000000        0xc os_stack.o
 .group         0x00000000        0xc os_stack.o
 .group         0x00000000        0xc os_stack.o
 .debug_macro   0x00000000      0xa42 os_stack.o
 .debug_macro   0x00000000       0x4c os_stack.o
 .debug_macro   0x00000000       0x8e os_stack.o
 .debug_macro   0x00000000       0x46 os_stack.o
 .debug_macro   0x00000000       0x10 os_stack.o
 .debug_macro   0x00000000       0x10 os_stack.o
 .debug_macro   0x00000000       0x28 os_stack.o
 .debug_macro   0x00000000       0x1c os_stack.o
 .group         0x00000000        0xc os_heap.o
 .group         0x00000000        0xc os_heap.o
 .group         0x00000000        0xc os_heap.o
 .group         0x00000000        0xc os_heap.o
 .group         0x00000000        0xc os_heap.o
 .group         0x00000000        0xc os_heap.o
 .group         0x00000000        0xc os_heap.o
 .group         0x00000000        0xc os_heap.o
 .debug_macro   0x00000000      0xa42 os_heap.o
 .debug_macro   0x00000000       0x4c os_heap.o
 .debug_macro   0x00000000       0x8e os_heap.o
 .debug_macro   0x00000000       0x46 os_heap.o
 .debug_macro   0x00000000       0x10 os_heap.o
 .debug_macro   0x00000000       0x10 os_heap.o
 .debug_macro   0x00000000       0x28 os_heap.o
 .debug_macro   0x00000000       0x1c os_heap.o
 .group         0x00000000        0xc led.o
 .group         0x00000000        0xc led.o
 .group         0x00000000        0xc led.o
 .group         0x00000000        0xc led.o
 .group         0x00000000        0xc led.o
 .group         0x00000000        0xc led.o
 .group         0x00000000        0xc led.o
 .group         0x00000000        0xc led.o
 .debug_macro   0x00000000      0xa42 led.o
 .debug_macro   0x00000000       0x4c led.o
 .debug_macro   0x00000000       0x8e led.o
 .debug_macro   0x00000000       0x46 led.o
 .debug_macro   0x00000000       0x10 led.o
 .debug_macro   0x00000000       0x10 led.o
 .debug_macro   0x00000000       0x28 led.o
 .debug_macro   0x00000000       0x1c led.o
 .group         0x00000000        0xc os_ram.o
 .group         0x00000000        0xc os_ram.o
 .group         0x00000000        0xc os_ram.o
 .group         0x00000000        0xc os_ram.o
 .group         0x00000000        0xc os_ram.o
 .group         0x00000000        0xc os_ram.o
 .group         0x00000000        0xc os_ram.o
 .group         0x00000000        0xc os_ram.o
 .debug_macro   0x00000000      0xa42 os_ram.o
 .debug_macro   0x00000000       0x4c os_ram.o
 .debug_macro   0x00000000       0x8e os_ram.o
 .debug_macro   0x00000000       0x46 os_ram.o
 .debug_macro   0x00000000       0x10 os_ram.o
 .debug_macro   0x00000000       0x10 os_ram.o
 .debug_macro   0x00000000       0x28 os_ram.o
 .debug_macro   0x00000000       0x1c os_ram.o
 .group         0x00000000        0xc os_shared_ram.o
 .group         0x00000000        0xc os_shared_ram.o
 .group         0x00000000        0xc os_shared_ram.o
 .group         0x00000000        0xc os_shared_ram.o
 .group         0x00000000        0xc os_shared_ram.o
 .group         0x00000000        0xc os_shared_ram.o
 .group         0x00000000        0xc os_shared_ram.o
 .group         0x00000000        0xc os_shared_ram.o
 .debug_macro   0x00000000      0xa42 os_shared_ram.o
 .debug_macro   0x00000000       0x4c os_shared_ram.o
 .debug_macro   0x00000000       0x8e os_shared_ram.o
 .debug_macro   0x00000000       0x46 os_shared_ram.o
 .debug_macro   0x00000000       0x10 os_shared_ram.o
 .debug_macro   0x00000000       0x10 os_shared_ram.o
 .debug_macro   0x00000000       0x28 os_shared_ram.o
 .debug_macro   0x00000000       0x1c os_shared_ram.o

Memory Configuration

Name             Origin             Length             Attributes
rom              0x08000000         0x00100000
ram              0x20000000         0x00030000
*default*        0x00000000         0xffffffff

Linker script and memory map


.text           0x08000000    0x1d373
                0x08000000                _ivec_start = .
 os_exception_table.o()
 .text          0x08000000        0x0 os_exception_table.o
 .data          0x08000000      0x400 os_exception_table.o
                0x08000000                isr_vec_table
 .bss           0x08000400        0x0 os_exception_table.o
 .debug_info    0x08000400      0x6e1 os_exception_table.o
 .debug_abbrev  0x08000ae1      0x104 os_exception_table.o
 .debug_aranges
                0x08000be5       0x18 os_exception_table.o
 .debug_macro   0x08000bfd       0xa8 os_exception_table.o
 .debug_macro   0x08000ca5      0xa42 os_exception_table.o
 .debug_macro   0x080016e7       0x4c os_exception_table.o
 .debug_macro   0x08001733       0x8e os_exception_table.o
 .debug_macro   0x080017c1       0x46 os_exception_table.o
 .debug_macro   0x08001807       0x10 os_exception_table.o
 .debug_macro   0x08001817       0x10 os_exception_table.o
 .debug_macro   0x08001827       0x28 os_exception_table.o
 .debug_macro   0x0800184f       0x1c os_exception_table.o
 .debug_line    0x0800186b      0x1ec os_exception_table.o
 .debug_str     0x08001a57     0x39b3 os_exception_table.o
                               0x3a7a (size before relaxing)
 .comment       0x0800540a       0x7f os_exception_table.o
                                 0x80 (size before relaxing)
 .ARM.attributes
                0x08005489       0x33 os_exception_table.o
 .iplt          0x080054bc        0x0 os_exception_table.o
 .rel.iplt      0x080054bc        0x0 os_exception_table.o
 .igot.plt      0x080054bc        0x0 os_exception_table.o
                0x080054bc                _ivec_end = .
                [!provide]                PROVIDE (ivec_start = .)
                [!provide]                PROVIDE (ivec_end = .)
                0x080054bc                _const_start = .
 os_const.o()
 .text          0x080054bc        0x0 os_const.o
 .data          0x080054bc        0x0 os_const.o
 .bss           0x080054bc        0x0 os_const.o
 .debug_info    0x080054bc      0x6ae os_const.o
 .debug_abbrev  0x08005b6a       0xec os_const.o
 .debug_aranges
                0x08005c56       0x18 os_const.o
 .debug_macro   0x08005c6e       0x9e os_const.o
 .debug_line    0x08005d0c      0x1c4 os_const.o
 .debug_str     0x08005ed0       0x46 os_const.o
                               0x3a39 (size before relaxing)
 .comment       0x08005f16       0x80 os_const.o
 .ARM.attributes
                0x08005f16       0x33 os_const.o
                0x08005f96                _const_end = .
                [!provide]                PROVIDE (const_start = .)
                [!provide]                PROVIDE (const_end = .)
                0x08005f96                _code_start = .
 lld_global.o()
 *fill*         0x08005f49        0x3 
 .text          0x08005f4c      0x14c E:\NeuOrga\Programmieren\c_cpp\github_os\output\os_drivers\obj_arm\lld_global.o
                0x08005f4c                OS_GetCoreId
                0x08005f52                LLF_SAVE_TASK_STACK
                0x08005f58                LLF_SAVE_REGISTERS
                0x08005f92                LLF_RESTORE_TASK_STACK
                0x08005f98                LLF_RESTORE_REGISTERS
                0x08005fba                LLF_RESTORE_SYSTEM_STACK
                0x08005fc0                LLF_SAVE_SYSTEM_STACK
                0x08005fc6                LLF_CLEAR_ALL_GP_REGISTERS
                0x08005ff8                LLF_PERFORM_RAM_CHECK
                0x08006044                LLF_CHANGE_TO_UNPRIVILIGED_THREAD_MODE
 .data          0x08006098        0x0 E:\NeuOrga\Programmieren\c_cpp\github_os\output\os_drivers\obj_arm\lld_global.o
 .bss           0x08006098        0x0 E:\NeuOrga\Programmieren\c_cpp\github_os\output\os_drivers\obj_arm\lld_global.o
 .debug_line    0x08006098       0xf6 E:\NeuOrga\Programmieren\c_cpp\github_os\output\os_drivers\obj_arm\lld_global.o
 .debug_info    0x0800618e       0x26 E:\NeuOrga\Programmieren\c_cpp\github_os\output\os_drivers\obj_arm\lld_global.o
 .debug_abbrev  0x080061b4       0x14 E:\NeuOrga\Programmieren\c_cpp\github_os\output\os_drivers\obj_arm\lld_global.o
 .debug_aranges
                0x080061c8       0x20 E:\NeuOrga\Programmieren\c_cpp\github_os\output\os_drivers\obj_arm\lld_global.o
 .debug_str     0x080061e8       0x59 E:\NeuOrga\Programmieren\c_cpp\github_os\output\os_drivers\obj_arm\lld_global.o
                                 0x91 (size before relaxing)
 .ARM.attributes
                0x08006241       0x21 E:\NeuOrga\Programmieren\c_cpp\github_os\output\os_drivers\obj_arm\lld_global.o
 lld_interrupt.o()
 .text          0x08006262       0x14 E:\NeuOrga\Programmieren\c_cpp\github_os\output\os_drivers\obj_arm\lld_interrupt.o
                0x08006262                LLF_INT_DISABLE
                0x08006268                LLF_INT_ENABLE
                0x0800626e                LLF_DISABLE_INTERRUPTS_ALL_CORES
                0x08006274                LLF_WAIT_FOR_INTERRUPT
 .data          0x08006276        0x0 E:\NeuOrga\Programmieren\c_cpp\github_os\output\os_drivers\obj_arm\lld_interrupt.o
 .bss           0x08006276        0x0 E:\NeuOrga\Programmieren\c_cpp\github_os\output\os_drivers\obj_arm\lld_interrupt.o
 .debug_line    0x08006276       0x85 E:\NeuOrga\Programmieren\c_cpp\github_os\output\os_drivers\obj_arm\lld_interrupt.o
 .debug_info    0x080062fb       0x26 E:\NeuOrga\Programmieren\c_cpp\github_os\output\os_drivers\obj_arm\lld_interrupt.o
 .debug_abbrev  0x08006321       0x14 E:\NeuOrga\Programmieren\c_cpp\github_os\output\os_drivers\obj_arm\lld_interrupt.o
 *fill*         0x08006335        0x3 
 .debug_aranges
                0x08006338       0x20 E:\NeuOrga\Programmieren\c_cpp\github_os\output\os_drivers\obj_arm\lld_interrupt.o
 .debug_str     0x08006358       0x4e E:\NeuOrga\Programmieren\c_cpp\github_os\output\os_drivers\obj_arm\lld_interrupt.o
                                 0x94 (size before relaxing)
 .ARM.attributes
                0x080063a6       0x21 E:\NeuOrga\Programmieren\c_cpp\github_os\output\os_drivers\obj_arm\lld_interrupt.o
 lld_mmu.o()
 *fill*         0x080063c7        0x1 
 .text          0x080063c8       0xb4 E:\NeuOrga\Programmieren\c_cpp\github_os\output\os_drivers\obj_arm\lld_mmu.o
                0x080063c8                LLF_MPU_DISABLE
                0x08006406                LLF_MPU_ENABLE
                0x08006444                LLF_GET_MPU_PRESENT
 .data          0x0800647c        0x0 E:\NeuOrga\Programmieren\c_cpp\github_os\output\os_drivers\obj_arm\lld_mmu.o
 .bss           0x0800647c        0x0 E:\NeuOrga\Programmieren\c_cpp\github_os\output\os_drivers\obj_arm\lld_mmu.o
 .debug_line    0x0800647c       0xad E:\NeuOrga\Programmieren\c_cpp\github_os\output\os_drivers\obj_arm\lld_mmu.o
 .debug_info    0x08006529       0x26 E:\NeuOrga\Programmieren\c_cpp\github_os\output\os_drivers\obj_arm\lld_mmu.o
 .debug_abbrev  0x0800654f       0x14 E:\NeuOrga\Programmieren\c_cpp\github_os\output\os_drivers\obj_arm\lld_mmu.o
 *fill*         0x08006563        0x5 
 .debug_aranges
                0x08006568       0x20 E:\NeuOrga\Programmieren\c_cpp\github_os\output\os_drivers\obj_arm\lld_mmu.o
 .debug_str     0x08006588       0x48 E:\NeuOrga\Programmieren\c_cpp\github_os\output\os_drivers\obj_arm\lld_mmu.o
                                 0x8e (size before relaxing)
 .ARM.attributes
                0x080065d0       0x21 E:\NeuOrga\Programmieren\c_cpp\github_os\output\os_drivers\obj_arm\lld_mmu.o
 lld_ram.o()
 *fill*         0x080065f1        0x3 
 .text          0x080065f4       0xa0 E:\NeuOrga\Programmieren\c_cpp\github_os\output\os_drivers\obj_arm\lld_ram.o
                0x080065f4                INIT_OS_STACK
                0x0800660e                LLF_CLEAR_ALL_RAM
 .data          0x08006694        0x0 E:\NeuOrga\Programmieren\c_cpp\github_os\output\os_drivers\obj_arm\lld_ram.o
 .bss           0x08006694        0x0 E:\NeuOrga\Programmieren\c_cpp\github_os\output\os_drivers\obj_arm\lld_ram.o
 .debug_line    0x08006694       0xad E:\NeuOrga\Programmieren\c_cpp\github_os\output\os_drivers\obj_arm\lld_ram.o
 .debug_info    0x08006741       0x26 E:\NeuOrga\Programmieren\c_cpp\github_os\output\os_drivers\obj_arm\lld_ram.o
 .debug_abbrev  0x08006767       0x14 E:\NeuOrga\Programmieren\c_cpp\github_os\output\os_drivers\obj_arm\lld_ram.o
 *fill*         0x0800677b        0x5 
 .debug_aranges
                0x08006780       0x20 E:\NeuOrga\Programmieren\c_cpp\github_os\output\os_drivers\obj_arm\lld_ram.o
 .debug_str     0x080067a0       0x48 E:\NeuOrga\Programmieren\c_cpp\github_os\output\os_drivers\obj_arm\lld_ram.o
                                 0x8e (size before relaxing)
 .ARM.attributes
                0x080067e8       0x21 E:\NeuOrga\Programmieren\c_cpp\github_os\output\os_drivers\obj_arm\lld_ram.o
 lld_timer.o()
 .text          0x08006809        0x0 E:\NeuOrga\Programmieren\c_cpp\github_os\output\os_drivers\obj_arm\lld_timer.o
 .data          0x08006809        0x0 E:\NeuOrga\Programmieren\c_cpp\github_os\output\os_drivers\obj_arm\lld_timer.o
 .bss           0x08006809        0x0 E:\NeuOrga\Programmieren\c_cpp\github_os\output\os_drivers\obj_arm\lld_timer.o
 .ARM.attributes
                0x08006809       0x21 E:\NeuOrga\Programmieren\c_cpp\github_os\output\os_drivers\obj_arm\lld_timer.o
 lld_power.o()
 *fill*         0x0800682a        0x2 
 .text          0x0800682c       0x20 E:\NeuOrga\Programmieren\c_cpp\github_os\output\os_drivers\obj_arm\lld_power.o
                0x0800682c                LLF_MCU_SWITCH_OFF_POWER
                0x08006832                LLF_MCU_RESET_POWER
 .data          0x0800684c        0x0 E:\NeuOrga\Programmieren\c_cpp\github_os\output\os_drivers\obj_arm\lld_power.o
 .bss           0x0800684c        0x0 E:\NeuOrga\Programmieren\c_cpp\github_os\output\os_drivers\obj_arm\lld_power.o
 .debug_line    0x0800684c       0x87 E:\NeuOrga\Programmieren\c_cpp\github_os\output\os_drivers\obj_arm\lld_power.o
 .debug_info    0x080068d3       0x26 E:\NeuOrga\Programmieren\c_cpp\github_os\output\os_drivers\obj_arm\lld_power.o
 .debug_abbrev  0x080068f9       0x14 E:\NeuOrga\Programmieren\c_cpp\github_os\output\os_drivers\obj_arm\lld_power.o
 *fill*         0x0800690d        0x3 
 .debug_aranges
                0x08006910       0x20 E:\NeuOrga\Programmieren\c_cpp\github_os\output\os_drivers\obj_arm\lld_power.o
 .debug_str     0x08006930       0x4a E:\NeuOrga\Programmieren\c_cpp\github_os\output\os_drivers\obj_arm\lld_power.o
                                 0x90 (size before relaxing)
 .ARM.attributes
                0x0800697a       0x21 E:\NeuOrga\Programmieren\c_cpp\github_os\output\os_drivers\obj_arm\lld_power.o
 os_exception_reset.o()
 *fill*         0x0800699b        0x1 
 .text          0x0800699c       0xbc E:\NeuOrga\Programmieren\c_cpp\github_os\output\os_drivers\obj_arm\os_exception_reset.o
                0x0800699c                OS_Exception_RESET
 .data          0x08006a58        0x0 E:\NeuOrga\Programmieren\c_cpp\github_os\output\os_drivers\obj_arm\os_exception_reset.o
 .bss           0x08006a58        0x0 E:\NeuOrga\Programmieren\c_cpp\github_os\output\os_drivers\obj_arm\os_exception_reset.o
 .debug_line    0x08006a58       0xbe E:\NeuOrga\Programmieren\c_cpp\github_os\output\os_drivers\obj_arm\os_exception_reset.o
 .debug_info    0x08006b16       0x26 E:\NeuOrga\Programmieren\c_cpp\github_os\output\os_drivers\obj_arm\os_exception_reset.o
 .debug_abbrev  0x08006b3c       0x14 E:\NeuOrga\Programmieren\c_cpp\github_os\output\os_drivers\obj_arm\os_exception_reset.o
 .debug_aranges
                0x08006b50       0x20 E:\NeuOrga\Programmieren\c_cpp\github_os\output\os_drivers\obj_arm\os_exception_reset.o
 .debug_str     0x08006b70       0x50 E:\NeuOrga\Programmieren\c_cpp\github_os\output\os_drivers\obj_arm\os_exception_reset.o
                                 0x96 (size before relaxing)
 .ARM.attributes
                0x08006bc0       0x21 E:\NeuOrga\Programmieren\c_cpp\github_os\output\os_drivers\obj_arm\os_exception_reset.o
 os_common.o()
 *fill*         0x08006be1        0x3 
 .text          0x08006be4      0x8c4 os_common.o
                0x08006be4                OS_SetSwBug
                0x08006bf0                OS_GetCurrentTime
                0x08006c14                OS_ResetCurrentTime
                0x08006c50                IntAdd
                0x08006d4c                IntSub
                0x08006eb8                IsLess
                0x08006f64                IsLessOrEqual
                0x080070d4                IsEqual
                0x08007160                IsGreater
                0x08007210                IsGreaterOrEqual
                0x08007380                Assign
                0x08007480                AssignNull
                0x0800748c                AssignUint32
 .data          0x080074a8        0x0 os_common.o
 .bss           0x080074a8        0x0 os_common.o
 .debug_info    0x080074a8      0xc6c os_common.o
 .debug_abbrev  0x08008114      0x26b os_common.o
 .debug_loc     0x0800837f      0xd59 os_common.o
 .debug_aranges
                0x080090d8       0x20 os_common.o
 .debug_ranges  0x080090f8       0x80 os_common.o
 .debug_macro   0x08009178       0xba os_common.o
 .debug_line    0x08009232      0x394 os_common.o
 .debug_str     0x080095c6      0x3c7 os_common.o
                               0x3dbf (size before relaxing)
 .comment       0x0800998d       0x80 os_common.o
 *fill*         0x0800998d        0x3 
 .debug_frame   0x08009990      0x1a4 os_common.o
 .ARM.attributes
                0x08009b34       0x33 os_common.o
 os_exception.o()
 *fill*         0x08009b67        0x1 
 .text          0x08009b68      0x404 os_exception.o
                0x08009b68                OS_Exception_HARDFAULT
                0x08009be8                OS_Exception_NMI
                0x08009c68                OS_Exception_SWI
                0x08009c78                OS_Exception_BUS_FAULT
                0x08009cf8                OS_Exception_DEBUG
                0x08009d6c                OS_Exception_MEM_MANAG_FAULT
                0x08009dec                OS_Exception_USAGE_FAULT
                0x08009e6c                OS_Exception_PendSV
                0x08009e74                OS_Exception_Systick
                0x08009f64                OS_Exception_IRQ
                0x08009f68                OS_Exception_FIQ
 .data          0x08009f6c        0x0 os_exception.o
 .bss           0x08009f6c        0x0 os_exception.o
 .debug_info    0x08009f6c      0x988 os_exception.o
 .debug_abbrev  0x0800a8f4      0x1c9 os_exception.o
 .debug_loc     0x0800aabd       0x2a os_exception.o
 .debug_aranges
                0x0800aae7       0x20 os_exception.o
 .debug_macro   0x0800ab07      0x13b os_exception.o
 .debug_macro   0x0800ac42      0xa3c os_exception.o
 .debug_macro   0x0800b67e       0x1c os_exception.o
 .debug_macro   0x0800b69a       0x28 os_exception.o
 .debug_line    0x0800b6c2      0x2cf os_exception.o
 .debug_str     0x0800b991      0x701 os_exception.o
                               0x40c4 (size before relaxing)
 .comment       0x0800c092       0x80 os_exception.o
 *fill*         0x0800c092        0x2 
 .debug_frame   0x0800c094      0x138 os_exception.o
 .ARM.attributes
                0x0800c1cc       0x33 os_exception.o
 os_exception_isr_handler.o()
 *fill*         0x0800c1ff        0x1 
 .text          0x0800c200        0x4 os_exception_isr_handler.o
                0x0800c200                OS_ISRHANDLERC0
 .data          0x0800c204        0x0 os_exception_isr_handler.o
 .bss           0x0800c204        0x0 os_exception_isr_handler.o
 .debug_info    0x0800c204      0x6c7 os_exception_isr_handler.o
 .debug_abbrev  0x0800c8cb      0x108 os_exception_isr_handler.o
 .debug_aranges
                0x0800c9d3       0x20 os_exception_isr_handler.o
 .debug_macro   0x0800c9f3       0xab os_exception_isr_handler.o
 .debug_line    0x0800ca9e      0x20d os_exception_isr_handler.o
 .debug_str     0x0800ccab       0x56 os_exception_isr_handler.o
                               0x3ac9 (size before relaxing)
 .comment       0x0800cd01       0x80 os_exception_isr_handler.o
 *fill*         0x0800cd01        0x3 
 .debug_frame   0x0800cd04       0x20 os_exception_isr_handler.o
 .ARM.attributes
                0x0800cd24       0x33 os_exception_isr_handler.o
 os_exception_table.o()
 os_init_task_system.o()
 *fill*         0x0800cd57        0x1 
 .text          0x0800cd58        0x4 os_init_task_system.o
                0x0800cd58                OS_InitTaskSystem
 .data          0x0800cd5c        0x0 os_init_task_system.o
 .bss           0x0800cd5c        0x0 os_init_task_system.o
 .debug_info    0x0800cd5c      0x6e0 os_init_task_system.o
 .debug_abbrev  0x0800d43c      0x129 os_init_task_system.o
 .debug_aranges
                0x0800d565       0x20 os_init_task_system.o
 .debug_macro   0x0800d585       0xb1 os_init_task_system.o
 .debug_macro   0x0800d636       0x22 os_init_task_system.o
 .debug_line    0x0800d658      0x208 os_init_task_system.o
 .debug_str     0x0800d860       0x70 os_init_task_system.o
                               0x3ad3 (size before relaxing)
 .comment       0x0800d8d0       0x80 os_init_task_system.o
 .debug_frame   0x0800d8d0       0x20 os_init_task_system.o
 .ARM.attributes
                0x0800d8f0       0x33 os_init_task_system.o
 os_main.o()
 *fill*         0x0800d923        0x1 
 .text          0x0800d924       0xc8 os_main.o
                0x0800d924                OS_StateHandler
 .data          0x0800d9ec        0x0 os_main.o
 .bss           0x0800d9ec        0x8 os_main.o
 .debug_info    0x0800d9f4      0x8ab os_main.o
 .debug_abbrev  0x0800e29f      0x188 os_main.o
 .debug_aranges
                0x0800e427       0x20 os_main.o
 .debug_macro   0x0800e447       0xdc os_main.o
 .debug_line    0x0800e523      0x28d os_main.o
 .debug_str     0x0800e7b0      0x1c8 os_main.o
                               0x3d30 (size before relaxing)
 .comment       0x0800e978       0x80 os_main.o
 .debug_frame   0x0800e978       0x2c os_main.o
 .ARM.attributes
                0x0800e9a4       0x33 os_main.o
 os_memory_mmu_setup.o()
 *fill*         0x0800e9d7        0x1 
 .text          0x0800e9d8       0x5c os_memory_mmu_setup.o
                0x0800e9d8                OS_MmuSetup
 .data          0x0800ea34        0x0 os_memory_mmu_setup.o
 .bss           0x0800ea34        0x0 os_memory_mmu_setup.o
 .debug_info    0x0800ea34      0x6e0 os_memory_mmu_setup.o
 .debug_abbrev  0x0800f114      0x129 os_memory_mmu_setup.o
 .debug_aranges
                0x0800f23d       0x20 os_memory_mmu_setup.o
 .debug_macro   0x0800f25d       0xe6 os_memory_mmu_setup.o
 .debug_line    0x0800f343      0x201 os_memory_mmu_setup.o
 .debug_str     0x0800f544      0x244 os_memory_mmu_setup.o
                               0x3c37 (size before relaxing)
 .comment       0x0800f788       0x80 os_memory_mmu_setup.o
 .debug_frame   0x0800f788       0x38 os_memory_mmu_setup.o
 .ARM.attributes
                0x0800f7c0       0x33 os_memory_mmu_setup.o
 os_shutdown.o()
 *fill*         0x0800f7f3        0x1 
 .text          0x0800f7f4       0x50 os_shutdown.o
                0x0800f7f4                OS_DeinitMc
                0x0800f804                OS_Shutdown
 .data          0x0800f844        0x0 os_shutdown.o
 .bss           0x0800f844        0x0 os_shutdown.o
 .debug_info    0x0800f844      0x899 os_shutdown.o
 .debug_abbrev  0x080100dd      0x1a6 os_shutdown.o
 .debug_loc     0x08010283       0x21 os_shutdown.o
 .debug_aranges
                0x080102a4       0x20 os_shutdown.o
 .debug_macro   0x080102c4       0xb2 os_shutdown.o
 .debug_line    0x08010376      0x214 os_shutdown.o
 .debug_str     0x0801058a      0x10a os_shutdown.o
                               0x3ced (size before relaxing)
 .comment       0x08010694       0x80 os_shutdown.o
 .debug_frame   0x08010694       0x4c os_shutdown.o
 .ARM.attributes
                0x080106e0       0x33 os_shutdown.o
 os_start_ext_prg.o()
 *fill*         0x08010713        0x1 
 .text          0x08010714       0x10 os_start_ext_prg.o
                0x08010714                OS_StartExtPrg
 .data          0x08010724        0x0 os_start_ext_prg.o
 .bss           0x08010724        0x0 os_start_ext_prg.o
 .debug_info    0x08010724      0x75a os_start_ext_prg.o
 .debug_abbrev  0x08010e7e      0x16b os_start_ext_prg.o
 .debug_loc     0x08010fe9       0x79 os_start_ext_prg.o
 .debug_aranges
                0x08011062       0x20 os_start_ext_prg.o
 .debug_macro   0x08011082       0x9e os_start_ext_prg.o
 .debug_line    0x08011120      0x1e0 os_start_ext_prg.o
 .debug_str     0x08011300       0x81 os_start_ext_prg.o
                               0x3a9e (size before relaxing)
 .comment       0x08011381       0x80 os_start_ext_prg.o
 *fill*         0x08011381        0x3 
 .debug_frame   0x08011384       0x30 os_start_ext_prg.o
 .ARM.attributes
                0x080113b4       0x33 os_start_ext_prg.o
 os_start_init_hw.o()
 *fill*         0x080113e7        0x1 
 .text          0x080113e8        0x4 os_start_init_hw.o
                0x080113e8                OS_InitHw
 .data          0x080113ec        0x0 os_start_init_hw.o
 .bss           0x080113ec        0x0 os_start_init_hw.o
 .debug_info    0x080113ec      0x6c7 os_start_init_hw.o
 .debug_abbrev  0x08011ab3      0x108 os_start_init_hw.o
 .debug_aranges
                0x08011bbb       0x20 os_start_init_hw.o
 .debug_macro   0x08011bdb       0x9e os_start_init_hw.o
 .debug_line    0x08011c79      0x1da os_start_init_hw.o
 .debug_str     0x08011e53       0x4e os_start_init_hw.o
                               0x3a4b (size before relaxing)
 .comment       0x08011ea1       0x80 os_start_init_hw.o
 *fill*         0x08011ea1        0x3 
 .debug_frame   0x08011ea4       0x20 os_start_init_hw.o
 .ARM.attributes
                0x08011ec4       0x33 os_start_init_hw.o
 os_start_init_mc.o()
 *fill*         0x08011ef7        0x1 
 .text          0x08011ef8        0x4 os_start_init_mc.o
                0x08011ef8                OS_InitMc
 .data          0x08011efc        0x0 os_start_init_mc.o
 .bss           0x08011efc        0x0 os_start_init_mc.o
 .debug_info    0x08011efc      0x6e0 os_start_init_mc.o
 .debug_abbrev  0x080125dc      0x129 os_start_init_mc.o
 .debug_aranges
                0x08012705       0x20 os_start_init_mc.o
 .debug_macro   0x08012725       0xb2 os_start_init_mc.o
 .debug_line    0x080127d7      0x209 os_start_init_mc.o
 .debug_str     0x080129e0       0x67 os_start_init_mc.o
                               0x3a86 (size before relaxing)
 .comment       0x08012a47       0x80 os_start_init_mc.o
 *fill*         0x08012a47        0x1 
 .debug_frame   0x08012a48       0x20 os_start_init_mc.o
 .ARM.attributes
                0x08012a68       0x33 os_start_init_mc.o
 os_start_init_sw.o()
 *fill*         0x08012a9b        0x1 
 .text          0x08012a9c       0x64 os_start_init_sw.o
                0x08012a9c                OS_InitSw
 .data          0x08012b00        0x0 os_start_init_sw.o
 .bss           0x08012b00        0x0 os_start_init_sw.o
 .debug_info    0x08012b00      0x6ed os_start_init_sw.o
 .debug_abbrev  0x080131ed      0x135 os_start_init_sw.o
 .debug_loc     0x08013322       0xbc os_start_init_sw.o
 .debug_aranges
                0x080133de       0x20 os_start_init_sw.o
 .debug_macro   0x080133fe       0x9e os_start_init_sw.o
 .debug_line    0x0801349c      0x1ee os_start_init_sw.o
 .debug_str     0x0801368a       0x4e os_start_init_sw.o
                               0x3a5d (size before relaxing)
 .comment       0x080136d8       0x80 os_start_init_sw.o
 .debug_frame   0x080136d8       0x30 os_start_init_sw.o
 .ARM.attributes
                0x08013708       0x33 os_start_init_sw.o
 os_start_os.o()
 *fill*         0x0801373b        0x1 
 .text          0x0801373c       0x70 os_start_os.o
                0x0801373c                OS_StartOs
 .data          0x080137ac        0x0 os_start_os.o
 .bss           0x080137ac        0x0 os_start_os.o
 .debug_info    0x080137ac      0x6e0 os_start_os.o
 .debug_abbrev  0x08013e8c      0x129 os_start_os.o
 .debug_aranges
                0x08013fb5       0x20 os_start_os.o
 .debug_macro   0x08013fd5       0xc0 os_start_os.o
 .debug_line    0x08014095      0x202 os_start_os.o
 .debug_str     0x08014297      0x233 os_start_os.o
                               0x3c36 (size before relaxing)
 .comment       0x080144ca       0x80 os_start_os.o
 *fill*         0x080144ca        0x2 
 .debug_frame   0x080144cc       0x3c os_start_os.o
 .ARM.attributes
                0x08014508       0x33 os_start_os.o
 os_task_common.o()
 *fill*         0x0801453b        0x1 
 .text          0x0801453c       0xe0 os_task_common.o
                0x0801453c                OS_TaskSaveTaskEnvironment
                0x08014564                OS_TASK_RESTORETASK_ENVIRONMENT
                0x08014584                OS_TASK_RESTORE_SYSTEM_STACK
                0x08014588                OS_TASK_SAVE_SYSTEM_STACK
                0x0801458c                OS_Task_InitTaskEnvironment
 .data          0x0801461c        0x0 os_task_common.o
 .bss           0x0801461c        0x0 os_task_common.o
 .debug_info    0x0801461c      0x964 os_task_common.o
 .debug_abbrev  0x08014f80      0x187 os_task_common.o
 .debug_loc     0x08015107      0x10e os_task_common.o
 .debug_aranges
                0x08015215       0x20 os_task_common.o
 .debug_macro   0x08015235       0xaf os_task_common.o
 .debug_line    0x080152e4      0x251 os_task_common.o
 .debug_str     0x08015535      0x136 os_task_common.o
                               0x3d72 (size before relaxing)
 .comment       0x0801566b       0x80 os_task_common.o
 *fill*         0x0801566b        0x1 
 .debug_frame   0x0801566c       0x9c os_task_common.o
 .ARM.attributes
                0x08015708       0x33 os_task_common.o
 *fill*         0x0801573b        0x1 
 COMMON         0x0801573c       0x28 os_task_common.o
                0x0801573c                TASK_PTR
 os_task_queue.o()
 .text          0x08015764      0x688 os_task_queue.o
                0x08015764                SET_RUNNING_TASK
                0x080158a0                OS_InitTaskQueue
                0x080158e0                AddToTaskQueue
                0x08015a9c                DeleteFromTaskQueue
                0x08015b14                GetFromTaskQueue
                0x08015b18                GetFromSchedulingQueue
                0x08015b24                DeleteFromSchedulingQueue
                0x08015b2c                AddToSchedulingQueue
                0x08015b84                UpdateSchedulingQueue
                0x08015c14                GetIdleTask
                0x08015c1c                AddToIdleTaskQueue
                0x08015d40                GetRunningTask
                0x08015d48                GetRunningSchedulingQueueElementPtr
                0x08015d54                OS_InitTask
 .data          0x08015dec        0x0 os_task_queue.o
 .bss           0x08015dec        0x0 os_task_queue.o
 .debug_info    0x08015dec      0xd5e os_task_queue.o
 .debug_abbrev  0x08016b4a      0x1fe os_task_queue.o
 .debug_loc     0x08016d48      0x5e7 os_task_queue.o
 .debug_aranges
                0x0801732f       0x20 os_task_queue.o
 .debug_macro   0x0801734f       0xb4 os_task_queue.o
 .debug_line    0x08017403      0x370 os_task_queue.o
 .debug_str     0x08017773      0x1f3 os_task_queue.o
                               0x3efe (size before relaxing)
 .comment       0x08017966       0x80 os_task_queue.o
 *fill*         0x08017966        0x2 
 .debug_frame   0x08017968      0x1a8 os_task_queue.o
 .ARM.attributes
                0x08017b10       0x33 os_task_queue.o
 os_task_scheduler.o()
 *fill*         0x08017b43        0x1 
 .text          0x08017b44      0x6e8 os_task_scheduler.o
                0x08017cb0                OS_ActivateDispatcher
                0x08017ce4                OS_SleepTask
                0x08017d6c                task_state_request
                0x08017df0                OS_CreateTask
                0x08017e24                OS_ActivateTask
                0x08017e98                OS_StartTask
                0x08017f2c                OS_TerminateTask
                0x08017f9c                OS_TaskDispatcher
                0x08018130                OS_InitTasks
 .data          0x0801822c        0x0 os_task_scheduler.o
 .bss           0x0801822c        0x0 os_task_scheduler.o
 .debug_info    0x0801822c     0x1558 os_task_scheduler.o
 .debug_abbrev  0x08019784      0x354 os_task_scheduler.o
 .debug_loc     0x08019ad8      0x92c os_task_scheduler.o
 .debug_aranges
                0x0801a404       0x20 os_task_scheduler.o
 .debug_ranges  0x0801a424       0xc8 os_task_scheduler.o
 .debug_macro   0x0801a4ec       0xe0 os_task_scheduler.o
 .debug_line    0x0801a5cc      0x434 os_task_scheduler.o
 .debug_str     0x0801aa00      0x144 os_task_scheduler.o
                               0x419e (size before relaxing)
 .comment       0x0801ab44       0x80 os_task_scheduler.o
 .debug_frame   0x0801ab44      0x30c os_task_scheduler.o
 .ARM.attributes
                0x0801ae50       0x33 os_task_scheduler.o
 os_stack.o()
 *fill*         0x0801ae83        0x1 
 .text          0x0801ae84       0xc8 os_stack.o
                0x0801ae84                OS_StackCheck
                0x0801aef4                OS_StackChkPatternInit
 .data          0x0801af4c        0x0 os_stack.o
 .bss           0x0801af4c       0x14 os_stack.o
 .debug_info    0x0801af60      0x7e0 os_stack.o
 .debug_abbrev  0x0801b740      0x14c os_stack.o
 .debug_aranges
                0x0801b88c       0x20 os_stack.o
 .debug_macro   0x0801b8ac       0x9e os_stack.o
 .debug_line    0x0801b94a      0x222 os_stack.o
 .debug_str     0x0801bb6c       0x5c os_stack.o
                               0x3bff (size before relaxing)
 .comment       0x0801bbc8       0x80 os_stack.o
 .debug_frame   0x0801bbc8       0x5c os_stack.o
 .ARM.attributes
                0x0801bc24       0x33 os_stack.o
 os_heap.o()
 *fill*         0x0801bc57        0x1 
 .text          0x0801bc58        0x0 os_heap.o
 .data          0x0801bc58        0x0 os_heap.o
 .bss           0x0801bc58        0x0 os_heap.o
 .debug_info    0x0801bc58      0x6ae os_heap.o
 .debug_abbrev  0x0801c306       0xec os_heap.o
 .debug_aranges
                0x0801c3f2       0x18 os_heap.o
 .debug_macro   0x0801c40a       0xa2 os_heap.o
 .debug_line    0x0801c4ac      0x1c3 os_heap.o
 .debug_str     0x0801c66f       0x45 os_heap.o
                               0x3a38 (size before relaxing)
 .comment       0x0801c6b4       0x80 os_heap.o
 .ARM.attributes
                0x0801c6b4       0x33 os_heap.o
 led.o()
 *fill*         0x0801c6e7        0x1 
 .text          0x0801c6e8       0x10 led.o
                0x0801c6e8                USER_LED_INIT
                0x0801c6ec                USER_LED_ON
                0x0801c6f0                USER_LED_OFF
                0x0801c6f4                USER_LED_TOGGLE
 .data          0x0801c6f8        0x0 led.o
 .bss           0x0801c6f8        0x0 led.o
 .debug_info    0x0801c6f8      0x75d led.o
 .debug_abbrev  0x0801ce55      0x14b led.o
 .debug_loc     0x0801cfa0       0x21 led.o
 .debug_aranges
                0x0801cfc1       0x20 led.o
 .debug_ranges  0x0801cfe1       0x10 led.o
 .debug_macro   0x0801cff1       0xa2 led.o
 .debug_line    0x0801d093      0x1c5 led.o
 .debug_str     0x0801d258       0x97 led.o
                               0x3a8a (size before relaxing)
 .comment       0x0801d2ef       0x80 led.o
 *fill*         0x0801d2ef        0x1 
 .debug_frame   0x0801d2f0       0x50 led.o
 .ARM.attributes
                0x0801d340       0x33 led.o
                0x0801d373                _code_end = .
                [!provide]                PROVIDE (code_start = .)
                [!provide]                PROVIDE (code_end = .)

.glue_7         0x0801d374        0x0
 .glue_7        0x0801d374        0x0 linker stubs

.glue_7t        0x0801d374        0x0
 .glue_7t       0x0801d374        0x0 linker stubs

.vfp11_veneer   0x0801d374        0x0
 .vfp11_veneer  0x0801d374        0x0 linker stubs

.v4_bx          0x0801d374        0x0
 .v4_bx         0x0801d374        0x0 linker stubs

.data           0x20000000    0x16420
                0x20000000                _ram_start = .
 os_ram.o()
 .text          0x20000000        0x0 os_ram.o
 .data          0x20000000        0x0 os_ram.o
 .bss           0x20000000        0x0 os_ram.o
 .debug_info    0x20000000      0x9bd os_ram.o
 .debug_abbrev  0x200009bd      0x115 os_ram.o
 .debug_aranges
                0x20000ad2       0x18 os_ram.o
 .debug_macro   0x20000aea       0xa6 os_ram.o
 .debug_line    0x20000b90      0x1dd os_ram.o
 .debug_str     0x20000d6d     0x3a78 os_ram.o
                               0x3afb (size before relaxing)
 .comment       0x200047e5       0x7f os_ram.o
                                 0x80 (size before relaxing)
 .ARM.attributes
                0x20004864       0x33 os_ram.o
 *fill*         0x20004897        0x1 
 COMMON         0x20004898     0xfca0 os_ram.o
                0x20004898                TASK_STACK
                0x200096b8                VAR_MEM_MANAG_FAULT_STATUS_REG
                0x200096bc                REGISTER_R2
                0x200096c0                TASK_GROUP_3
                0x200096e0                RAM_CHECK_FAILURE_ADDR
                0x200096e4                REGISTER_R0
                0x200096e8                OS_STACK
                0x2000e6e8                REGISTER_R6
                0x2000e6ec                REGISTER_R7
                0x2000e6f0                DBG_CALIB_VALUE
                0x2000e6f4                OS_STATE
                0x2000e6f8                TASK_IDLE_QUEUE
                0x2000e7c8                REGISTER_R9
                0x2000e7cc                TASK1_CALL_NR
                0x2000e7d0                bTASK_QUEUE_INITIALIZED
                0x2000e7d4                BACKUP_SYSTICK_CURRENT_VAL_REG
                0x2000e7d8                TASK2_CALL_NR
                0x2000e7dc                LAST_CURRENT_TIME
                0x2000e7ec                LINK_REGISTER_HANDLER
                0x2000e7f0                VAR_AUX_FAULT_STATUS_REG
                0x2000e7f4                REGISTER_R8
                0x2000e7f8                TASK_3_VAR
                0x2000e8c8                TASK_0_VAR
                0x2000e998                TASK4_CALL_NR
                0x2000e99c                TASK_GROUP_2
                0x2000e9bc                REGISTER_R5
                0x2000e9c0                OS_MAIN_STACK
                0x200139c0                SAVED_STACK_POINTER
                0x200139c4                DBG_RLD_VALUE
                0x200139c8                REGISTER_R4
                0x200139cc                RUNNING_TASK
                0x20013a9c                TASK_RUN_QUEUE
                0x200142bc                VAR_HARDFAULT_STATUS_REG
                0x200142c0                RUNNING_SCHEDULING_QUEUE_ENTRY
                0x200142c4                TASK_GROUP_5
                0x200142e4                REGISTER_R1
                0x200142e8                DBG_CTRL_VALUE
                0x200142ec                TASK_2_VAR
                0x200143bc                VAR_BUS_FAULT_STATUS_REG
                0x200143c0                RAM_CHECK_FAILURE_DETECTED
                0x200143c4                REGISTER_R10
                0x200143c8                DBG_CURR_VAL
                0x200143cc                TASK_GROUP_1
                0x200143ec                VAR_FAULT_STATUS_REG
                0x200143f0                TASK_GROUP_4
                0x20014410                REGISTER_R11
                0x20014414                TASK_TRANSITION_REJECTED_STATE
                0x20014415                TASK_TRANSITION_CURRENT_STATE
                0x20014418                REGISTER_R3
                0x2001441c                TASK_SCHEDULING_QUEUE
                0x20014444                TASK3_CALL_NR
                0x20014448                VAR_MEM_FAULT_ADDR_REG
                0x2001444c                VAR_USAGE_FAULT_STATUS_REG
                0x20014450                VAR_BUS_FAULT_ADDR_REG
                0x20014454                TASK_TRANSITION_REJECTED_TASK_ADDR
                0x20014458                OS_SW_BUG
                0x20014468                TASK_1_VAR
 os_shared_ram.o()
 .text          0x20014538        0x0 os_shared_ram.o
 .data          0x20014538        0x0 os_shared_ram.o
 .bss           0x20014538        0x0 os_shared_ram.o
 .debug_info    0x20014538      0x7ce os_shared_ram.o
 .debug_abbrev  0x20014d06       0xfd os_shared_ram.o
 .debug_aranges
                0x20014e03       0x18 os_shared_ram.o
 .debug_macro   0x20014e1b       0xfe os_shared_ram.o
 .debug_line    0x20014f19      0x1c9 os_shared_ram.o
 .debug_str     0x200150e2      0x30b os_shared_ram.o
                               0x3cfe (size before relaxing)
 .comment       0x200153ed       0x80 os_shared_ram.o
 .ARM.attributes
                0x200153ed       0x33 os_shared_ram.o
 COMMON         0x20015420     0x1000 os_shared_ram.o
                0x20015420                RAM_BLOCK_C01_C01
                0x20015520                RAM_BLOCK_C01_C00
                0x20015620                RAM_BLOCK_C00_C00
                0x20015720                RAM_BLOCK_C01_C03
                0x20015820                RAM_BLOCK_C03_C01
                0x20015920                RAM_BLOCK_C00_C01
                0x20015a20                RAM_BLOCK_C02_C01
                0x20015b20                RAM_BLOCK_C01_C02
                0x20015c20                RAM_BLOCK_C03_C00
                0x20015d20                RAM_BLOCK_C02_C00
                0x20015e20                RAM_BLOCK_C02_C02
                0x20015f20                RAM_BLOCK_C03_C03
                0x20016020                RAM_BLOCK_C03_C02
                0x20016120                RAM_BLOCK_C00_C03
                0x20016220                RAM_BLOCK_C00_C02
                0x20016320                RAM_BLOCK_C02_C03
                0x20016420                _ram_end = .
                [!provide]                PROVIDE (ram_start = .)
                [!provide]                PROVIDE (ram_end = .)
START GROUP
LOAD d:/programm/gnu tools arm embedded/7 2018-q2-update/bin/../lib/gcc/arm-none-eabi/7.3.1/thumb/v7e-m\libgcc.a
LOAD d:/programm/gnu tools arm embedded/7 2018-q2-update/bin/../lib/gcc/arm-none-eabi/7.3.1/../../../../arm-none-eabi/lib/thumb/v7e-m\libg.a
LOAD d:/programm/gnu tools arm embedded/7 2018-q2-update/bin/../lib/gcc/arm-none-eabi/7.3.1/../../../../arm-none-eabi/lib/thumb/v7e-m\libc.a
END GROUP
OUTPUT(E:\NeuOrga\Programmieren\c_cpp\github_os\output\VERSION_ARM\operating_system.elf elf32-littlearm)
