Archive member included to satisfy reference by file (symbol)

d:/programm/gnu tools arm embedded/7 2018-q2-update/bin/../lib/gcc/arm-none-eabi/7.3.1/thumb/v7e-m\libgcc.a(_arm_addsubdf3.o)
                              os_task_scheduler.o (__aeabi_ui2d)
d:/programm/gnu tools arm embedded/7 2018-q2-update/bin/../lib/gcc/arm-none-eabi/7.3.1/thumb/v7e-m\libgcc.a(_arm_cmpdf2.o)
                              os_task_scheduler.o (__aeabi_dcmpgt)

Allocating common symbols
Common symbol       size              file

TASK_STACK          0x4e20            os_ram.o
RAM_BLOCK_C01_C01   0x100             os_shared_ram.o
VAR_MEM_MANAG_FAULT_STATUS_REG
                    0x4               os_ram.o
REGISTER_R2         0x4               os_ram.o
TASK_GROUP_3        0x20              os_ram.o
RAM_CHECK_FAILURE_ADDR
                    0x4               os_ram.o
REGISTER_R0         0x4               os_ram.o
OS_STACK            0x5000            os_ram.o
RAM_BLOCK_C01_C00   0x100             os_shared_ram.o
REGISTER_R6         0x4               os_ram.o
REGISTER_R7         0x4               os_ram.o
DBG_CALIB_VALUE     0x4               os_ram.o
RAM_BLOCK_C00_C00   0x100             os_shared_ram.o
OS_STATE            0x4               os_ram.o
TASK_IDLE_QUEUE     0xd8              os_ram.o
REGISTER_R9         0x4               os_ram.o
TASK1_CALL_NR       0x4               os_ram.o
bTASK_QUEUE_INITIALIZED
                    0x1               os_ram.o
BACKUP_SYSTICK_CURRENT_VAL_REG
                    0x4               os_ram.o
RAM_BLOCK_C01_C03   0x100             os_shared_ram.o
TASK2_CALL_NR       0x4               os_ram.o
LAST_CURRENT_TIME   0x10              os_ram.o
LINK_REGISTER_HANDLER
                    0x4               os_ram.o
VAR_AUX_FAULT_STATUS_REG
                    0x4               os_ram.o
REGISTER_R8         0x4               os_ram.o
TASK_3_VAR          0xd8              os_ram.o
RAM_BLOCK_C03_C01   0x100             os_shared_ram.o
TASK_0_VAR          0xd8              os_ram.o
RAM_BLOCK_C00_C01   0x100             os_shared_ram.o
TASK4_CALL_NR       0x4               os_ram.o
TASK_GROUP_2        0x20              os_ram.o
TASK_PTR            0x28              os_task_common.o
REGISTER_R5         0x4               os_ram.o
OS_MAIN_STACK       0x5000            os_ram.o
SAVED_STACK_POINTER
                    0x4               os_ram.o
RAM_BLOCK_C02_C01   0x100             os_shared_ram.o
DBG_RLD_VALUE       0x4               os_ram.o
REGISTER_R4         0x4               os_ram.o
RAM_BLOCK_C01_C02   0x100             os_shared_ram.o
RUNNING_TASK        0xd8              os_ram.o
TASK_RUN_QUEUE      0x870             os_ram.o
VAR_HARDFAULT_STATUS_REG
                    0x4               os_ram.o
RAM_BLOCK_C03_C00   0x100             os_shared_ram.o
RUNNING_SCHEDULING_QUEUE_ENTRY
                    0x4               os_ram.o
TASK_GROUP_5        0x20              os_ram.o
REGISTER_R1         0x4               os_ram.o
RAM_BLOCK_C02_C00   0x100             os_shared_ram.o
DBG_CTRL_VALUE      0x4               os_ram.o
TASK_2_VAR          0xd8              os_ram.o
VAR_BUS_FAULT_STATUS_REG
                    0x4               os_ram.o
RAM_BLOCK_C02_C02   0x100             os_shared_ram.o
RAM_CHECK_FAILURE_DETECTED
                    0x4               os_ram.o
REGISTER_R10        0x4               os_ram.o
RAM_BLOCK_C03_C03   0x100             os_shared_ram.o
RAM_BLOCK_C03_C02   0x100             os_shared_ram.o
RAM_BLOCK_C00_C03   0x100             os_shared_ram.o
DBG_CURR_VAL        0x4               os_ram.o
TASK_GROUP_1        0x20              os_ram.o
VAR_FAULT_STATUS_REG
                    0x4               os_ram.o
TASK_GROUP_4        0x20              os_ram.o
REGISTER_R11        0x4               os_ram.o
TASK_TRANSITION_REJECTED_STATE
                    0x1               os_ram.o
TASK_TRANSITION_CURRENT_STATE
                    0x1               os_ram.o
REGISTER_R3         0x4               os_ram.o
TASK_SCHEDULING_QUEUE
                    0x28              os_ram.o
TASK3_CALL_NR       0x4               os_ram.o
VAR_MEM_FAULT_ADDR_REG
                    0x4               os_ram.o
VAR_USAGE_FAULT_STATUS_REG
                    0x4               os_ram.o
VAR_BUS_FAULT_ADDR_REG
                    0x4               os_ram.o
RAM_BLOCK_C00_C02   0x100             os_shared_ram.o
TASK_TRANSITION_REJECTED_TASK_ADDR
                    0x4               os_ram.o
OS_SW_BUG           0xf               os_ram.o
RAM_BLOCK_C02_C03   0x100             os_shared_ram.o
TASK_1_VAR          0xd8              os_ram.o

Discarded input sections

 .group         0x00000000        0xc os_exception_table.o
 .group         0x00000000        0xc os_exception_table.o
 .group         0x00000000        0xc os_exception_table.o
 .group         0x00000000        0xc os_exception_table.o
 .group         0x00000000        0xc os_exception_table.o
 .group         0x00000000        0xc os_exception_table.o
 .group         0x00000000        0xc os_exception_table.o
 .group         0x00000000        0xc os_exception_table.o
 .group         0x00000000        0xc os_const.o
 .group         0x00000000        0xc os_const.o
 .group         0x00000000        0xc os_const.o
 .group         0x00000000        0xc os_const.o
 .group         0x00000000        0xc os_const.o
 .group         0x00000000        0xc os_const.o
 .group         0x00000000        0xc os_const.o
 .group         0x00000000        0xc os_const.o
 .debug_macro   0x00000000      0xa42 os_const.o
 .debug_macro   0x00000000       0x4c os_const.o
 .debug_macro   0x00000000       0x8e os_const.o
 .debug_macro   0x00000000       0x46 os_const.o
 .debug_macro   0x00000000       0x10 os_const.o
 .debug_macro   0x00000000       0x10 os_const.o
 .debug_macro   0x00000000       0x28 os_const.o
 .debug_macro   0x00000000       0x1c os_const.o
 .group         0x00000000        0xc os_common.o
 .group         0x00000000        0xc os_common.o
 .group         0x00000000        0xc os_common.o
 .group         0x00000000        0xc os_common.o
 .group         0x00000000        0xc os_common.o
 .group         0x00000000        0xc os_common.o
 .group         0x00000000        0xc os_common.o
 .group         0x00000000        0xc os_common.o
 .debug_macro   0x00000000      0xa42 os_common.o
 .debug_macro   0x00000000       0x4c os_common.o
 .debug_macro   0x00000000       0x8e os_common.o
 .debug_macro   0x00000000       0x46 os_common.o
 .debug_macro   0x00000000       0x10 os_common.o
 .debug_macro   0x00000000       0x28 os_common.o
 .debug_macro   0x00000000       0x1c os_common.o
 .group         0x00000000        0xc os_exception.o
 .group         0x00000000        0xc os_exception.o
 .group         0x00000000        0xc os_exception.o
 .group         0x00000000        0xc os_exception.o
 .group         0x00000000        0xc os_exception.o
 .group         0x00000000        0xc os_exception.o
 .group         0x00000000        0xc os_exception.o
 .group         0x00000000        0xc os_exception.o
 .group         0x00000000        0xc os_exception.o
 .group         0x00000000        0xc os_exception.o
 .debug_macro   0x00000000       0x4c os_exception.o
 .debug_macro   0x00000000       0x8e os_exception.o
 .debug_macro   0x00000000       0x46 os_exception.o
 .debug_macro   0x00000000       0x10 os_exception.o
 .debug_macro   0x00000000       0x10 os_exception.o
 .debug_macro   0x00000000       0x28 os_exception.o
 .debug_macro   0x00000000       0x1c os_exception.o
 .group         0x00000000        0xc os_exception_isr_handler.o
 .group         0x00000000        0xc os_exception_isr_handler.o
 .group         0x00000000        0xc os_exception_isr_handler.o
 .group         0x00000000        0xc os_exception_isr_handler.o
 .group         0x00000000        0xc os_exception_isr_handler.o
 .group         0x00000000        0xc os_exception_isr_handler.o
 .group         0x00000000        0xc os_exception_isr_handler.o
 .group         0x00000000        0xc os_exception_isr_handler.o
 .group         0x00000000        0xc os_exception_isr_handler.o
 .debug_macro   0x00000000      0xa42 os_exception_isr_handler.o
 .debug_macro   0x00000000       0x4c os_exception_isr_handler.o
 .debug_macro   0x00000000       0x8e os_exception_isr_handler.o
 .debug_macro   0x00000000       0x46 os_exception_isr_handler.o
 .debug_macro   0x00000000       0x10 os_exception_isr_handler.o
 .debug_macro   0x00000000       0x10 os_exception_isr_handler.o
 .debug_macro   0x00000000       0x28 os_exception_isr_handler.o
 .debug_macro   0x00000000       0x1c os_exception_isr_handler.o
 .debug_macro   0x00000000       0x28 os_exception_isr_handler.o
 .group         0x00000000        0xc os_init_task_system.o
 .group         0x00000000        0xc os_init_task_system.o
 .group         0x00000000        0xc os_init_task_system.o
 .group         0x00000000        0xc os_init_task_system.o
 .group         0x00000000        0xc os_init_task_system.o
 .group         0x00000000        0xc os_init_task_system.o
 .group         0x00000000        0xc os_init_task_system.o
 .group         0x00000000        0xc os_init_task_system.o
 .group         0x00000000        0xc os_init_task_system.o
 .debug_macro   0x00000000      0xa42 os_init_task_system.o
 .debug_macro   0x00000000       0x4c os_init_task_system.o
 .debug_macro   0x00000000       0x8e os_init_task_system.o
 .debug_macro   0x00000000       0x46 os_init_task_system.o
 .debug_macro   0x00000000       0x10 os_init_task_system.o
 .debug_macro   0x00000000       0x10 os_init_task_system.o
 .debug_macro   0x00000000       0x28 os_init_task_system.o
 .debug_macro   0x00000000       0x1c os_init_task_system.o
 .group         0x00000000        0xc os_main.o
 .group         0x00000000        0xc os_main.o
 .group         0x00000000        0xc os_main.o
 .group         0x00000000        0xc os_main.o
 .group         0x00000000        0xc os_main.o
 .group         0x00000000        0xc os_main.o
 .group         0x00000000        0xc os_main.o
 .group         0x00000000        0xc os_main.o
 .group         0x00000000        0xc os_main.o
 .group         0x00000000        0xc os_main.o
 .debug_macro   0x00000000      0xa42 os_main.o
 .debug_macro   0x00000000       0x4c os_main.o
 .debug_macro   0x00000000       0x8e os_main.o
 .debug_macro   0x00000000       0x46 os_main.o
 .debug_macro   0x00000000       0x10 os_main.o
 .debug_macro   0x00000000       0x10 os_main.o
 .debug_macro   0x00000000       0x28 os_main.o
 .debug_macro   0x00000000       0x1c os_main.o
 .debug_macro   0x00000000       0x28 os_main.o
 .debug_macro   0x00000000       0x1c os_main.o
 .group         0x00000000        0xc os_memory_mmu_setup.o
 .group         0x00000000        0xc os_memory_mmu_setup.o
 .group         0x00000000        0xc os_memory_mmu_setup.o
 .group         0x00000000        0xc os_memory_mmu_setup.o
 .group         0x00000000        0xc os_memory_mmu_setup.o
 .group         0x00000000        0xc os_memory_mmu_setup.o
 .group         0x00000000        0xc os_memory_mmu_setup.o
 .group         0x00000000        0xc os_memory_mmu_setup.o
 .debug_macro   0x00000000      0xa42 os_memory_mmu_setup.o
 .debug_macro   0x00000000       0x4c os_memory_mmu_setup.o
 .debug_macro   0x00000000       0x8e os_memory_mmu_setup.o
 .debug_macro   0x00000000       0x46 os_memory_mmu_setup.o
 .debug_macro   0x00000000       0x10 os_memory_mmu_setup.o
 .debug_macro   0x00000000       0x10 os_memory_mmu_setup.o
 .debug_macro   0x00000000       0x28 os_memory_mmu_setup.o
 .debug_macro   0x00000000       0x1c os_memory_mmu_setup.o
 .group         0x00000000        0xc os_shutdown.o
 .group         0x00000000        0xc os_shutdown.o
 .group         0x00000000        0xc os_shutdown.o
 .group         0x00000000        0xc os_shutdown.o
 .group         0x00000000        0xc os_shutdown.o
 .group         0x00000000        0xc os_shutdown.o
 .group         0x00000000        0xc os_shutdown.o
 .group         0x00000000        0xc os_shutdown.o
 .debug_macro   0x00000000      0xa42 os_shutdown.o
 .debug_macro   0x00000000       0x4c os_shutdown.o
 .debug_macro   0x00000000       0x8e os_shutdown.o
 .debug_macro   0x00000000       0x46 os_shutdown.o
 .debug_macro   0x00000000       0x10 os_shutdown.o
 .debug_macro   0x00000000       0x10 os_shutdown.o
 .debug_macro   0x00000000       0x28 os_shutdown.o
 .debug_macro   0x00000000       0x1c os_shutdown.o
 .group         0x00000000        0xc os_start_ext_prg.o
 .group         0x00000000        0xc os_start_ext_prg.o
 .group         0x00000000        0xc os_start_ext_prg.o
 .group         0x00000000        0xc os_start_ext_prg.o
 .group         0x00000000        0xc os_start_ext_prg.o
 .group         0x00000000        0xc os_start_ext_prg.o
 .group         0x00000000        0xc os_start_ext_prg.o
 .group         0x00000000        0xc os_start_ext_prg.o
 .debug_macro   0x00000000      0xa42 os_start_ext_prg.o
 .debug_macro   0x00000000       0x4c os_start_ext_prg.o
 .debug_macro   0x00000000       0x8e os_start_ext_prg.o
 .debug_macro   0x00000000       0x46 os_start_ext_prg.o
 .debug_macro   0x00000000       0x10 os_start_ext_prg.o
 .debug_macro   0x00000000       0x10 os_start_ext_prg.o
 .debug_macro   0x00000000       0x28 os_start_ext_prg.o
 .debug_macro   0x00000000       0x1c os_start_ext_prg.o
 .group         0x00000000        0xc os_start_init_hw.o
 .group         0x00000000        0xc os_start_init_hw.o
 .group         0x00000000        0xc os_start_init_hw.o
 .group         0x00000000        0xc os_start_init_hw.o
 .group         0x00000000        0xc os_start_init_hw.o
 .group         0x00000000        0xc os_start_init_hw.o
 .group         0x00000000        0xc os_start_init_hw.o
 .group         0x00000000        0xc os_start_init_hw.o
 .debug_macro   0x00000000      0xa42 os_start_init_hw.o
 .debug_macro   0x00000000       0x4c os_start_init_hw.o
 .debug_macro   0x00000000       0x8e os_start_init_hw.o
 .debug_macro   0x00000000       0x46 os_start_init_hw.o
 .debug_macro   0x00000000       0x10 os_start_init_hw.o
 .debug_macro   0x00000000       0x10 os_start_init_hw.o
 .debug_macro   0x00000000       0x28 os_start_init_hw.o
 .debug_macro   0x00000000       0x1c os_start_init_hw.o
 .group         0x00000000        0xc os_start_init_mc.o
 .group         0x00000000        0xc os_start_init_mc.o
 .group         0x00000000        0xc os_start_init_mc.o
 .group         0x00000000        0xc os_start_init_mc.o
 .group         0x00000000        0xc os_start_init_mc.o
 .group         0x00000000        0xc os_start_init_mc.o
 .group         0x00000000        0xc os_start_init_mc.o
 .group         0x00000000        0xc os_start_init_mc.o
 .debug_macro   0x00000000      0xa42 os_start_init_mc.o
 .debug_macro   0x00000000       0x4c os_start_init_mc.o
 .debug_macro   0x00000000       0x8e os_start_init_mc.o
 .debug_macro   0x00000000       0x46 os_start_init_mc.o
 .debug_macro   0x00000000       0x10 os_start_init_mc.o
 .debug_macro   0x00000000       0x10 os_start_init_mc.o
 .debug_macro   0x00000000       0x28 os_start_init_mc.o
 .debug_macro   0x00000000       0x1c os_start_init_mc.o
 .group         0x00000000        0xc os_start_init_sw.o
 .group         0x00000000        0xc os_start_init_sw.o
 .group         0x00000000        0xc os_start_init_sw.o
 .group         0x00000000        0xc os_start_init_sw.o
 .group         0x00000000        0xc os_start_init_sw.o
 .group         0x00000000        0xc os_start_init_sw.o
 .group         0x00000000        0xc os_start_init_sw.o
 .group         0x00000000        0xc os_start_init_sw.o
 .debug_macro   0x00000000      0xa42 os_start_init_sw.o
 .debug_macro   0x00000000       0x4c os_start_init_sw.o
 .debug_macro   0x00000000       0x8e os_start_init_sw.o
 .debug_macro   0x00000000       0x46 os_start_init_sw.o
 .debug_macro   0x00000000       0x10 os_start_init_sw.o
 .debug_macro   0x00000000       0x10 os_start_init_sw.o
 .debug_macro   0x00000000       0x28 os_start_init_sw.o
 .debug_macro   0x00000000       0x1c os_start_init_sw.o
 .group         0x00000000        0xc os_start_os.o
 .group         0x00000000        0xc os_start_os.o
 .group         0x00000000        0xc os_start_os.o
 .group         0x00000000        0xc os_start_os.o
 .group         0x00000000        0xc os_start_os.o
 .group         0x00000000        0xc os_start_os.o
 .group         0x00000000        0xc os_start_os.o
 .group         0x00000000        0xc os_start_os.o
 .debug_macro   0x00000000      0xa42 os_start_os.o
 .debug_macro   0x00000000       0x4c os_start_os.o
 .debug_macro   0x00000000       0x8e os_start_os.o
 .debug_macro   0x00000000       0x46 os_start_os.o
 .debug_macro   0x00000000       0x10 os_start_os.o
 .debug_macro   0x00000000       0x10 os_start_os.o
 .debug_macro   0x00000000       0x28 os_start_os.o
 .debug_macro   0x00000000       0x1c os_start_os.o
 .group         0x00000000        0xc os_task_common.o
 .group         0x00000000        0xc os_task_common.o
 .group         0x00000000        0xc os_task_common.o
 .group         0x00000000        0xc os_task_common.o
 .group         0x00000000        0xc os_task_common.o
 .group         0x00000000        0xc os_task_common.o
 .group         0x00000000        0xc os_task_common.o
 .group         0x00000000        0xc os_task_common.o
 .group         0x00000000        0xc os_task_common.o
 .debug_macro   0x00000000      0xa42 os_task_common.o
 .debug_macro   0x00000000       0x4c os_task_common.o
 .debug_macro   0x00000000       0x8e os_task_common.o
 .debug_macro   0x00000000       0x46 os_task_common.o
 .debug_macro   0x00000000       0x10 os_task_common.o
 .debug_macro   0x00000000       0x10 os_task_common.o
 .debug_macro   0x00000000       0x28 os_task_common.o
 .debug_macro   0x00000000       0x1c os_task_common.o
 .debug_macro   0x00000000       0x28 os_task_common.o
 .group         0x00000000        0xc os_task_queue.o
 .group         0x00000000        0xc os_task_queue.o
 .group         0x00000000        0xc os_task_queue.o
 .group         0x00000000        0xc os_task_queue.o
 .group         0x00000000        0xc os_task_queue.o
 .group         0x00000000        0xc os_task_queue.o
 .group         0x00000000        0xc os_task_queue.o
 .group         0x00000000        0xc os_task_queue.o
 .group         0x00000000        0xc os_task_queue.o
 .group         0x00000000        0xc os_task_queue.o
 .debug_macro   0x00000000      0xa42 os_task_queue.o
 .debug_macro   0x00000000       0x4c os_task_queue.o
 .debug_macro   0x00000000       0x8e os_task_queue.o
 .debug_macro   0x00000000       0x46 os_task_queue.o
 .debug_macro   0x00000000       0x10 os_task_queue.o
 .debug_macro   0x00000000       0x10 os_task_queue.o
 .debug_macro   0x00000000       0x28 os_task_queue.o
 .debug_macro   0x00000000       0x1c os_task_queue.o
 .debug_macro   0x00000000       0x1c os_task_queue.o
 .debug_macro   0x00000000       0x28 os_task_queue.o
 .group         0x00000000        0xc os_task_scheduler.o
 .group         0x00000000        0xc os_task_scheduler.o
 .group         0x00000000        0xc os_task_scheduler.o
 .group         0x00000000        0xc os_task_scheduler.o
 .group         0x00000000        0xc os_task_scheduler.o
 .group         0x00000000        0xc os_task_scheduler.o
 .group         0x00000000        0xc os_task_scheduler.o
 .group         0x00000000        0xc os_task_scheduler.o
 .group         0x00000000        0xc os_task_scheduler.o
 .group         0x00000000        0xc os_task_scheduler.o
 .debug_macro   0x00000000      0xa42 os_task_scheduler.o
 .debug_macro   0x00000000       0x4c os_task_scheduler.o
 .debug_macro   0x00000000       0x8e os_task_scheduler.o
 .debug_macro   0x00000000       0x46 os_task_scheduler.o
 .debug_macro   0x00000000       0x10 os_task_scheduler.o
 .debug_macro   0x00000000       0x10 os_task_scheduler.o
 .debug_macro   0x00000000       0x28 os_task_scheduler.o
 .debug_macro   0x00000000       0x1c os_task_scheduler.o
 .debug_macro   0x00000000       0x28 os_task_scheduler.o
 .debug_macro   0x00000000       0x1c os_task_scheduler.o
 .group         0x00000000        0xc os_stack.o
 .group         0x00000000        0xc os_stack.o
 .group         0x00000000        0xc os_stack.o
 .group         0x00000000        0xc os_stack.o
 .group         0x00000000        0xc os_stack.o
 .group         0x00000000        0xc os_stack.o
 .group         0x00000000        0xc os_stack.o
 .group         0x00000000        0xc os_stack.o
 .debug_macro   0x00000000      0xa42 os_stack.o
 .debug_macro   0x00000000       0x4c os_stack.o
 .debug_macro   0x00000000       0x8e os_stack.o
 .debug_macro   0x00000000       0x46 os_stack.o
 .debug_macro   0x00000000       0x10 os_stack.o
 .debug_macro   0x00000000       0x10 os_stack.o
 .debug_macro   0x00000000       0x28 os_stack.o
 .debug_macro   0x00000000       0x1c os_stack.o
 .group         0x00000000        0xc os_heap.o
 .group         0x00000000        0xc os_heap.o
 .group         0x00000000        0xc os_heap.o
 .group         0x00000000        0xc os_heap.o
 .group         0x00000000        0xc os_heap.o
 .group         0x00000000        0xc os_heap.o
 .group         0x00000000        0xc os_heap.o
 .group         0x00000000        0xc os_heap.o
 .debug_macro   0x00000000      0xa42 os_heap.o
 .debug_macro   0x00000000       0x4c os_heap.o
 .debug_macro   0x00000000       0x8e os_heap.o
 .debug_macro   0x00000000       0x46 os_heap.o
 .debug_macro   0x00000000       0x10 os_heap.o
 .debug_macro   0x00000000       0x10 os_heap.o
 .debug_macro   0x00000000       0x28 os_heap.o
 .debug_macro   0x00000000       0x1c os_heap.o
 .group         0x00000000        0xc led.o
 .group         0x00000000        0xc led.o
 .group         0x00000000        0xc led.o
 .group         0x00000000        0xc led.o
 .group         0x00000000        0xc led.o
 .group         0x00000000        0xc led.o
 .group         0x00000000        0xc led.o
 .group         0x00000000        0xc led.o
 .debug_macro   0x00000000      0xa42 led.o
 .debug_macro   0x00000000       0x4c led.o
 .debug_macro   0x00000000       0x8e led.o
 .debug_macro   0x00000000       0x46 led.o
 .debug_macro   0x00000000       0x10 led.o
 .debug_macro   0x00000000       0x10 led.o
 .debug_macro   0x00000000       0x28 led.o
 .debug_macro   0x00000000       0x1c led.o
 .group         0x00000000        0xc os_ram.o
 .group         0x00000000        0xc os_ram.o
 .group         0x00000000        0xc os_ram.o
 .group         0x00000000        0xc os_ram.o
 .group         0x00000000        0xc os_ram.o
 .group         0x00000000        0xc os_ram.o
 .group         0x00000000        0xc os_ram.o
 .group         0x00000000        0xc os_ram.o
 .debug_macro   0x00000000      0xa42 os_ram.o
 .debug_macro   0x00000000       0x4c os_ram.o
 .debug_macro   0x00000000       0x8e os_ram.o
 .debug_macro   0x00000000       0x46 os_ram.o
 .debug_macro   0x00000000       0x10 os_ram.o
 .debug_macro   0x00000000       0x10 os_ram.o
 .debug_macro   0x00000000       0x28 os_ram.o
 .debug_macro   0x00000000       0x1c os_ram.o
 .group         0x00000000        0xc os_shared_ram.o
 .group         0x00000000        0xc os_shared_ram.o
 .group         0x00000000        0xc os_shared_ram.o
 .group         0x00000000        0xc os_shared_ram.o
 .group         0x00000000        0xc os_shared_ram.o
 .group         0x00000000        0xc os_shared_ram.o
 .group         0x00000000        0xc os_shared_ram.o
 .group         0x00000000        0xc os_shared_ram.o
 .debug_macro   0x00000000      0xa42 os_shared_ram.o
 .debug_macro   0x00000000       0x4c os_shared_ram.o
 .debug_macro   0x00000000       0x8e os_shared_ram.o
 .debug_macro   0x00000000       0x46 os_shared_ram.o
 .debug_macro   0x00000000       0x10 os_shared_ram.o
 .debug_macro   0x00000000       0x10 os_shared_ram.o
 .debug_macro   0x00000000       0x28 os_shared_ram.o
 .debug_macro   0x00000000       0x1c os_shared_ram.o

Memory Configuration

Name             Origin             Length             Attributes
rom              0x08000000         0x00100000
ram              0x20000000         0x00030000
*default*        0x00000000         0xffffffff

Linker script and memory map


.text           0x08000000    0x1cea8
                0x08000000                _ivec_start = .
 os_exception_table.o()
 .text          0x08000000        0x0 os_exception_table.o
 .data          0x08000000      0x400 os_exception_table.o
                0x08000000                isr_vec_table
 .bss           0x08000400        0x0 os_exception_table.o
 .debug_info    0x08000400      0x6e1 os_exception_table.o
 .debug_abbrev  0x08000ae1      0x104 os_exception_table.o
 .debug_aranges
                0x08000be5       0x18 os_exception_table.o
 .debug_macro   0x08000bfd       0xa8 os_exception_table.o
 .debug_macro   0x08000ca5      0xa42 os_exception_table.o
 .debug_macro   0x080016e7       0x4c os_exception_table.o
 .debug_macro   0x08001733       0x8e os_exception_table.o
 .debug_macro   0x080017c1       0x46 os_exception_table.o
 .debug_macro   0x08001807       0x10 os_exception_table.o
 .debug_macro   0x08001817       0x10 os_exception_table.o
 .debug_macro   0x08001827       0x28 os_exception_table.o
 .debug_macro   0x0800184f       0x1c os_exception_table.o
 .debug_line    0x0800186b      0x1ec os_exception_table.o
 .debug_str     0x08001a57     0x39b3 os_exception_table.o
                               0x3a7a (size before relaxing)
 .comment       0x0800540a       0x7f os_exception_table.o
                                 0x80 (size before relaxing)
 .ARM.attributes
                0x08005489       0x33 os_exception_table.o
 .iplt          0x080054bc        0x0 os_exception_table.o
 .rel.iplt      0x080054bc        0x0 os_exception_table.o
 .igot.plt      0x080054bc        0x0 os_exception_table.o
                0x080054bc                _ivec_end = .
                [!provide]                PROVIDE (ivec_start = .)
                [!provide]                PROVIDE (ivec_end = .)
                0x080054bc                _const_start = .
 os_const.o()
 .text          0x080054bc        0x0 os_const.o
 .data          0x080054bc        0x0 os_const.o
 .bss           0x080054bc        0x0 os_const.o
 .debug_info    0x080054bc      0x6ae os_const.o
 .debug_abbrev  0x08005b6a       0xec os_const.o
 .debug_aranges
                0x08005c56       0x18 os_const.o
 .debug_macro   0x08005c6e       0x9e os_const.o
 .debug_line    0x08005d0c      0x1c4 os_const.o
 .debug_str     0x08005ed0       0x46 os_const.o
                               0x3a39 (size before relaxing)
 .comment       0x08005f16       0x80 os_const.o
 .ARM.attributes
                0x08005f16       0x33 os_const.o
                0x08005f96                _const_end = .
                [!provide]                PROVIDE (const_start = .)
                [!provide]                PROVIDE (const_end = .)
                0x08005f96                _code_start = .
 lld_global.o()
 *fill*         0x08005f49        0x3 
 .text          0x08005f4c      0x14c E:\NeuOrga\Programmieren\c_cpp\github_os\output\os_drivers\obj_arm\lld_global.o
                0x08005f4c                OS_GetCoreId
                0x08005f52                LLF_SAVE_TASK_STACK
                0x08005f58                LLF_SAVE_REGISTERS
                0x08005f92                LLF_RESTORE_TASK_STACK
                0x08005f98                LLF_RESTORE_REGISTERS
                0x08005fba                LLF_RESTORE_SYSTEM_STACK
                0x08005fc0                LLF_SAVE_SYSTEM_STACK
                0x08005fc6                LLF_CLEAR_ALL_GP_REGISTERS
                0x08005ff8                LLF_PERFORM_RAM_CHECK
                0x08006044                LLF_CHANGE_TO_UNPRIVILIGED_THREAD_MODE
 .data          0x08006098        0x0 E:\NeuOrga\Programmieren\c_cpp\github_os\output\os_drivers\obj_arm\lld_global.o
 .bss           0x08006098        0x0 E:\NeuOrga\Programmieren\c_cpp\github_os\output\os_drivers\obj_arm\lld_global.o
 .debug_line    0x08006098       0xf6 E:\NeuOrga\Programmieren\c_cpp\github_os\output\os_drivers\obj_arm\lld_global.o
 .debug_info    0x0800618e       0x26 E:\NeuOrga\Programmieren\c_cpp\github_os\output\os_drivers\obj_arm\lld_global.o
 .debug_abbrev  0x080061b4       0x14 E:\NeuOrga\Programmieren\c_cpp\github_os\output\os_drivers\obj_arm\lld_global.o
 .debug_aranges
                0x080061c8       0x20 E:\NeuOrga\Programmieren\c_cpp\github_os\output\os_drivers\obj_arm\lld_global.o
 .debug_str     0x080061e8       0x59 E:\NeuOrga\Programmieren\c_cpp\github_os\output\os_drivers\obj_arm\lld_global.o
                                 0x91 (size before relaxing)
 .ARM.attributes
                0x08006241       0x21 E:\NeuOrga\Programmieren\c_cpp\github_os\output\os_drivers\obj_arm\lld_global.o
 lld_interrupt.o()
 .text          0x08006262       0x14 E:\NeuOrga\Programmieren\c_cpp\github_os\output\os_drivers\obj_arm\lld_interrupt.o
                0x08006262                LLF_INT_DISABLE
                0x08006268                LLF_INT_ENABLE
                0x0800626e                LLF_DISABLE_INTERRUPTS_ALL_CORES
                0x08006274                LLF_WAIT_FOR_INTERRUPT
 .data          0x08006276        0x0 E:\NeuOrga\Programmieren\c_cpp\github_os\output\os_drivers\obj_arm\lld_interrupt.o
 .bss           0x08006276        0x0 E:\NeuOrga\Programmieren\c_cpp\github_os\output\os_drivers\obj_arm\lld_interrupt.o
 .debug_line    0x08006276       0x85 E:\NeuOrga\Programmieren\c_cpp\github_os\output\os_drivers\obj_arm\lld_interrupt.o
 .debug_info    0x080062fb       0x26 E:\NeuOrga\Programmieren\c_cpp\github_os\output\os_drivers\obj_arm\lld_interrupt.o
 .debug_abbrev  0x08006321       0x14 E:\NeuOrga\Programmieren\c_cpp\github_os\output\os_drivers\obj_arm\lld_interrupt.o
 *fill*         0x08006335        0x3 
 .debug_aranges
                0x08006338       0x20 E:\NeuOrga\Programmieren\c_cpp\github_os\output\os_drivers\obj_arm\lld_interrupt.o
 .debug_str     0x08006358       0x4e E:\NeuOrga\Programmieren\c_cpp\github_os\output\os_drivers\obj_arm\lld_interrupt.o
                                 0x94 (size before relaxing)
 .ARM.attributes
                0x080063a6       0x21 E:\NeuOrga\Programmieren\c_cpp\github_os\output\os_drivers\obj_arm\lld_interrupt.o
 lld_mmu.o()
 *fill*         0x080063c7        0x1 
 .text          0x080063c8       0xb4 E:\NeuOrga\Programmieren\c_cpp\github_os\output\os_drivers\obj_arm\lld_mmu.o
                0x080063c8                LLF_MPU_DISABLE
                0x08006406                LLF_MPU_ENABLE
                0x08006444                LLF_GET_MPU_PRESENT
 .data          0x0800647c        0x0 E:\NeuOrga\Programmieren\c_cpp\github_os\output\os_drivers\obj_arm\lld_mmu.o
 .bss           0x0800647c        0x0 E:\NeuOrga\Programmieren\c_cpp\github_os\output\os_drivers\obj_arm\lld_mmu.o
 .debug_line    0x0800647c       0xad E:\NeuOrga\Programmieren\c_cpp\github_os\output\os_drivers\obj_arm\lld_mmu.o
 .debug_info    0x08006529       0x26 E:\NeuOrga\Programmieren\c_cpp\github_os\output\os_drivers\obj_arm\lld_mmu.o
 .debug_abbrev  0x0800654f       0x14 E:\NeuOrga\Programmieren\c_cpp\github_os\output\os_drivers\obj_arm\lld_mmu.o
 *fill*         0x08006563        0x5 
 .debug_aranges
                0x08006568       0x20 E:\NeuOrga\Programmieren\c_cpp\github_os\output\os_drivers\obj_arm\lld_mmu.o
 .debug_str     0x08006588       0x48 E:\NeuOrga\Programmieren\c_cpp\github_os\output\os_drivers\obj_arm\lld_mmu.o
                                 0x8e (size before relaxing)
 .ARM.attributes
                0x080065d0       0x21 E:\NeuOrga\Programmieren\c_cpp\github_os\output\os_drivers\obj_arm\lld_mmu.o
 lld_ram.o()
 *fill*         0x080065f1        0x3 
 .text          0x080065f4       0xa0 E:\NeuOrga\Programmieren\c_cpp\github_os\output\os_drivers\obj_arm\lld_ram.o
                0x080065f4                INIT_OS_STACK
                0x0800660e                LLF_CLEAR_ALL_RAM
 .data          0x08006694        0x0 E:\NeuOrga\Programmieren\c_cpp\github_os\output\os_drivers\obj_arm\lld_ram.o
 .bss           0x08006694        0x0 E:\NeuOrga\Programmieren\c_cpp\github_os\output\os_drivers\obj_arm\lld_ram.o
 .debug_line    0x08006694       0xad E:\NeuOrga\Programmieren\c_cpp\github_os\output\os_drivers\obj_arm\lld_ram.o
 .debug_info    0x08006741       0x26 E:\NeuOrga\Programmieren\c_cpp\github_os\output\os_drivers\obj_arm\lld_ram.o
 .debug_abbrev  0x08006767       0x14 E:\NeuOrga\Programmieren\c_cpp\github_os\output\os_drivers\obj_arm\lld_ram.o
 *fill*         0x0800677b        0x5 
 .debug_aranges
                0x08006780       0x20 E:\NeuOrga\Programmieren\c_cpp\github_os\output\os_drivers\obj_arm\lld_ram.o
 .debug_str     0x080067a0       0x48 E:\NeuOrga\Programmieren\c_cpp\github_os\output\os_drivers\obj_arm\lld_ram.o
                                 0x8e (size before relaxing)
 .ARM.attributes
                0x080067e8       0x21 E:\NeuOrga\Programmieren\c_cpp\github_os\output\os_drivers\obj_arm\lld_ram.o
 lld_timer.o()
 .text          0x08006809        0x0 E:\NeuOrga\Programmieren\c_cpp\github_os\output\os_drivers\obj_arm\lld_timer.o
 .data          0x08006809        0x0 E:\NeuOrga\Programmieren\c_cpp\github_os\output\os_drivers\obj_arm\lld_timer.o
 .bss           0x08006809        0x0 E:\NeuOrga\Programmieren\c_cpp\github_os\output\os_drivers\obj_arm\lld_timer.o
 .ARM.attributes
                0x08006809       0x21 E:\NeuOrga\Programmieren\c_cpp\github_os\output\os_drivers\obj_arm\lld_timer.o
 lld_power.o()
 *fill*         0x0800682a        0x2 
 .text          0x0800682c       0x20 E:\NeuOrga\Programmieren\c_cpp\github_os\output\os_drivers\obj_arm\lld_power.o
                0x0800682c                LLF_MCU_SWITCH_OFF_POWER
                0x08006832                LLF_MCU_RESET_POWER
 .data          0x0800684c        0x0 E:\NeuOrga\Programmieren\c_cpp\github_os\output\os_drivers\obj_arm\lld_power.o
 .bss           0x0800684c        0x0 E:\NeuOrga\Programmieren\c_cpp\github_os\output\os_drivers\obj_arm\lld_power.o
 .debug_line    0x0800684c       0x87 E:\NeuOrga\Programmieren\c_cpp\github_os\output\os_drivers\obj_arm\lld_power.o
 .debug_info    0x080068d3       0x26 E:\NeuOrga\Programmieren\c_cpp\github_os\output\os_drivers\obj_arm\lld_power.o
 .debug_abbrev  0x080068f9       0x14 E:\NeuOrga\Programmieren\c_cpp\github_os\output\os_drivers\obj_arm\lld_power.o
 *fill*         0x0800690d        0x3 
 .debug_aranges
                0x08006910       0x20 E:\NeuOrga\Programmieren\c_cpp\github_os\output\os_drivers\obj_arm\lld_power.o
 .debug_str     0x08006930       0x4a E:\NeuOrga\Programmieren\c_cpp\github_os\output\os_drivers\obj_arm\lld_power.o
                                 0x90 (size before relaxing)
 .ARM.attributes
                0x0800697a       0x21 E:\NeuOrga\Programmieren\c_cpp\github_os\output\os_drivers\obj_arm\lld_power.o
 os_exception_reset.o()
 *fill*         0x0800699b        0x1 
 .text          0x0800699c       0xbc E:\NeuOrga\Programmieren\c_cpp\github_os\output\os_drivers\obj_arm\os_exception_reset.o
                0x0800699c                OS_Exception_RESET
 .data          0x08006a58        0x0 E:\NeuOrga\Programmieren\c_cpp\github_os\output\os_drivers\obj_arm\os_exception_reset.o
 .bss           0x08006a58        0x0 E:\NeuOrga\Programmieren\c_cpp\github_os\output\os_drivers\obj_arm\os_exception_reset.o
 .debug_line    0x08006a58       0xbe E:\NeuOrga\Programmieren\c_cpp\github_os\output\os_drivers\obj_arm\os_exception_reset.o
 .debug_info    0x08006b16       0x26 E:\NeuOrga\Programmieren\c_cpp\github_os\output\os_drivers\obj_arm\os_exception_reset.o
 .debug_abbrev  0x08006b3c       0x14 E:\NeuOrga\Programmieren\c_cpp\github_os\output\os_drivers\obj_arm\os_exception_reset.o
 .debug_aranges
                0x08006b50       0x20 E:\NeuOrga\Programmieren\c_cpp\github_os\output\os_drivers\obj_arm\os_exception_reset.o
 .debug_str     0x08006b70       0x50 E:\NeuOrga\Programmieren\c_cpp\github_os\output\os_drivers\obj_arm\os_exception_reset.o
                                 0x96 (size before relaxing)
 .ARM.attributes
                0x08006bc0       0x21 E:\NeuOrga\Programmieren\c_cpp\github_os\output\os_drivers\obj_arm\os_exception_reset.o
 os_common.o()
 *fill*         0x08006be1        0x3 
 .text          0x08006be4      0x890 os_common.o
                0x08006be4                OS_SetSwBug
                0x08006bf0                OS_GetCurrentTime
                0x08006bfc                OS_ResetCurrentTime
                0x08006c38                IntAdd
                0x08006d34                IntSub
                0x08006ea0                IsLess
                0x08006f4c                IsLessOrEqual
                0x080070bc                IsEqual
                0x08007148                IsGreater
                0x080071f8                IsGreaterOrEqual
                0x08007368                Assign
                0x08007468                AssignNull
 .data          0x08007474        0x0 os_common.o
 .bss           0x08007474        0x0 os_common.o
 .debug_info    0x08007474      0xb8b os_common.o
 .debug_abbrev  0x08007fff      0x269 os_common.o
 .debug_loc     0x08008268      0xcff os_common.o
 .debug_aranges
                0x08008f67       0x20 os_common.o
 .debug_ranges  0x08008f87       0x80 os_common.o
 .debug_macro   0x08009007       0xba os_common.o
 .debug_macro   0x080090c1       0x10 os_common.o
 .debug_line    0x080090d1      0x38a os_common.o
 .debug_str     0x0800945b      0x3ac os_common.o
                               0x3d95 (size before relaxing)
 .comment       0x08009807       0x80 os_common.o
 *fill*         0x08009807        0x1 
 .debug_frame   0x08009808      0x174 os_common.o
 .ARM.attributes
                0x0800997c       0x33 os_common.o
 os_exception.o()
 *fill*         0x080099af        0x1 
 .text          0x080099b0      0x3f8 os_exception.o
                0x080099b0                OS_Exception_HARDFAULT
                0x08009a30                OS_Exception_NMI
                0x08009ab0                OS_Exception_SWI
                0x08009ac0                OS_Exception_BUS_FAULT
                0x08009b40                OS_Exception_DEBUG
                0x08009bb4                OS_Exception_MEM_MANAG_FAULT
                0x08009c34                OS_Exception_USAGE_FAULT
                0x08009cb4                OS_Exception_PendSV
                0x08009cbc                OS_Exception_Systick
                0x08009da0                OS_Exception_IRQ
                0x08009da4                OS_Exception_FIQ
 .data          0x08009da8        0x0 os_exception.o
 .bss           0x08009da8        0x0 os_exception.o
 .debug_info    0x08009da8      0x8bf os_exception.o
 .debug_abbrev  0x0800a667      0x1c9 os_exception.o
 .debug_loc     0x0800a830       0x2a os_exception.o
 .debug_aranges
                0x0800a85a       0x20 os_exception.o
 .debug_macro   0x0800a87a      0x13b os_exception.o
 .debug_macro   0x0800a9b5      0xa3c os_exception.o
 .debug_macro   0x0800b3f1       0x1c os_exception.o
 .debug_macro   0x0800b40d       0x28 os_exception.o
 .debug_line    0x0800b435      0x2cd os_exception.o
 .debug_str     0x0800b702      0x701 os_exception.o
                               0x408b (size before relaxing)
 .comment       0x0800be03       0x80 os_exception.o
 *fill*         0x0800be03        0x1 
 .debug_frame   0x0800be04      0x138 os_exception.o
 .ARM.attributes
                0x0800bf3c       0x33 os_exception.o
 os_exception_isr_handler.o()
 *fill*         0x0800bf6f        0x1 
 .text          0x0800bf70        0x4 os_exception_isr_handler.o
                0x0800bf70                OS_ISRHANDLERC0
 .data          0x0800bf74        0x0 os_exception_isr_handler.o
 .bss           0x0800bf74        0x0 os_exception_isr_handler.o
 .debug_info    0x0800bf74      0x6c7 os_exception_isr_handler.o
 .debug_abbrev  0x0800c63b      0x108 os_exception_isr_handler.o
 .debug_aranges
                0x0800c743       0x20 os_exception_isr_handler.o
 .debug_macro   0x0800c763       0xab os_exception_isr_handler.o
 .debug_line    0x0800c80e      0x20d os_exception_isr_handler.o
 .debug_str     0x0800ca1b       0x56 os_exception_isr_handler.o
                               0x3ac9 (size before relaxing)
 .comment       0x0800ca71       0x80 os_exception_isr_handler.o
 *fill*         0x0800ca71        0x3 
 .debug_frame   0x0800ca74       0x20 os_exception_isr_handler.o
 .ARM.attributes
                0x0800ca94       0x33 os_exception_isr_handler.o
 os_exception_table.o()
 os_init_task_system.o()
 *fill*         0x0800cac7        0x1 
 .text          0x0800cac8        0x4 os_init_task_system.o
                0x0800cac8                OS_InitTaskSystem
 .data          0x0800cacc        0x0 os_init_task_system.o
 .bss           0x0800cacc        0x0 os_init_task_system.o
 .debug_info    0x0800cacc      0x6e0 os_init_task_system.o
 .debug_abbrev  0x0800d1ac      0x129 os_init_task_system.o
 .debug_aranges
                0x0800d2d5       0x20 os_init_task_system.o
 .debug_macro   0x0800d2f5       0xb1 os_init_task_system.o
 .debug_macro   0x0800d3a6       0x22 os_init_task_system.o
 .debug_line    0x0800d3c8      0x208 os_init_task_system.o
 .debug_str     0x0800d5d0       0x70 os_init_task_system.o
                               0x3ad3 (size before relaxing)
 .comment       0x0800d640       0x80 os_init_task_system.o
 .debug_frame   0x0800d640       0x20 os_init_task_system.o
 .ARM.attributes
                0x0800d660       0x33 os_init_task_system.o
 os_main.o()
 *fill*         0x0800d693        0x1 
 .text          0x0800d694       0xc8 os_main.o
                0x0800d694                OS_StateHandler
 .data          0x0800d75c        0x0 os_main.o
 .bss           0x0800d75c        0x8 os_main.o
 .debug_info    0x0800d764      0x8ab os_main.o
 .debug_abbrev  0x0800e00f      0x188 os_main.o
 .debug_aranges
                0x0800e197       0x20 os_main.o
 .debug_macro   0x0800e1b7       0xdc os_main.o
 .debug_line    0x0800e293      0x28d os_main.o
 .debug_str     0x0800e520      0x1c8 os_main.o
                               0x3d30 (size before relaxing)
 .comment       0x0800e6e8       0x80 os_main.o
 .debug_frame   0x0800e6e8       0x2c os_main.o
 .ARM.attributes
                0x0800e714       0x33 os_main.o
 os_memory_mmu_setup.o()
 *fill*         0x0800e747        0x1 
 .text          0x0800e748       0x5c os_memory_mmu_setup.o
                0x0800e748                OS_MmuSetup
 .data          0x0800e7a4        0x0 os_memory_mmu_setup.o
 .bss           0x0800e7a4        0x0 os_memory_mmu_setup.o
 .debug_info    0x0800e7a4      0x6e0 os_memory_mmu_setup.o
 .debug_abbrev  0x0800ee84      0x129 os_memory_mmu_setup.o
 .debug_aranges
                0x0800efad       0x20 os_memory_mmu_setup.o
 .debug_macro   0x0800efcd       0xe6 os_memory_mmu_setup.o
 .debug_line    0x0800f0b3      0x201 os_memory_mmu_setup.o
 .debug_str     0x0800f2b4      0x244 os_memory_mmu_setup.o
                               0x3c37 (size before relaxing)
 .comment       0x0800f4f8       0x80 os_memory_mmu_setup.o
 .debug_frame   0x0800f4f8       0x38 os_memory_mmu_setup.o
 .ARM.attributes
                0x0800f530       0x33 os_memory_mmu_setup.o
 os_shutdown.o()
 *fill*         0x0800f563        0x1 
 .text          0x0800f564       0x50 os_shutdown.o
                0x0800f564                OS_DeinitMc
                0x0800f574                OS_Shutdown
 .data          0x0800f5b4        0x0 os_shutdown.o
 .bss           0x0800f5b4        0x0 os_shutdown.o
 .debug_info    0x0800f5b4      0x899 os_shutdown.o
 .debug_abbrev  0x0800fe4d      0x1a6 os_shutdown.o
 .debug_loc     0x0800fff3       0x21 os_shutdown.o
 .debug_aranges
                0x08010014       0x20 os_shutdown.o
 .debug_macro   0x08010034       0xb2 os_shutdown.o
 .debug_line    0x080100e6      0x214 os_shutdown.o
 .debug_str     0x080102fa      0x10a os_shutdown.o
                               0x3ced (size before relaxing)
 .comment       0x08010404       0x80 os_shutdown.o
 .debug_frame   0x08010404       0x4c os_shutdown.o
 .ARM.attributes
                0x08010450       0x33 os_shutdown.o
 os_start_ext_prg.o()
 *fill*         0x08010483        0x1 
 .text          0x08010484       0x10 os_start_ext_prg.o
                0x08010484                OS_StartExtPrg
 .data          0x08010494        0x0 os_start_ext_prg.o
 .bss           0x08010494        0x0 os_start_ext_prg.o
 .debug_info    0x08010494      0x75a os_start_ext_prg.o
 .debug_abbrev  0x08010bee      0x16b os_start_ext_prg.o
 .debug_loc     0x08010d59       0x79 os_start_ext_prg.o
 .debug_aranges
                0x08010dd2       0x20 os_start_ext_prg.o
 .debug_macro   0x08010df2       0x9e os_start_ext_prg.o
 .debug_line    0x08010e90      0x1e0 os_start_ext_prg.o
 .debug_str     0x08011070       0x81 os_start_ext_prg.o
                               0x3a9e (size before relaxing)
 .comment       0x080110f1       0x80 os_start_ext_prg.o
 *fill*         0x080110f1        0x3 
 .debug_frame   0x080110f4       0x30 os_start_ext_prg.o
 .ARM.attributes
                0x08011124       0x33 os_start_ext_prg.o
 os_start_init_hw.o()
 *fill*         0x08011157        0x1 
 .text          0x08011158        0x4 os_start_init_hw.o
                0x08011158                OS_InitHw
 .data          0x0801115c        0x0 os_start_init_hw.o
 .bss           0x0801115c        0x0 os_start_init_hw.o
 .debug_info    0x0801115c      0x6c7 os_start_init_hw.o
 .debug_abbrev  0x08011823      0x108 os_start_init_hw.o
 .debug_aranges
                0x0801192b       0x20 os_start_init_hw.o
 .debug_macro   0x0801194b       0x9e os_start_init_hw.o
 .debug_line    0x080119e9      0x1da os_start_init_hw.o
 .debug_str     0x08011bc3       0x4e os_start_init_hw.o
                               0x3a4b (size before relaxing)
 .comment       0x08011c11       0x80 os_start_init_hw.o
 *fill*         0x08011c11        0x3 
 .debug_frame   0x08011c14       0x20 os_start_init_hw.o
 .ARM.attributes
                0x08011c34       0x33 os_start_init_hw.o
 os_start_init_mc.o()
 *fill*         0x08011c67        0x1 
 .text          0x08011c68        0x4 os_start_init_mc.o
                0x08011c68                OS_InitMc
 .data          0x08011c6c        0x0 os_start_init_mc.o
 .bss           0x08011c6c        0x0 os_start_init_mc.o
 .debug_info    0x08011c6c      0x6e0 os_start_init_mc.o
 .debug_abbrev  0x0801234c      0x129 os_start_init_mc.o
 .debug_aranges
                0x08012475       0x20 os_start_init_mc.o
 .debug_macro   0x08012495       0xb2 os_start_init_mc.o
 .debug_line    0x08012547      0x209 os_start_init_mc.o
 .debug_str     0x08012750       0x67 os_start_init_mc.o
                               0x3a86 (size before relaxing)
 .comment       0x080127b7       0x80 os_start_init_mc.o
 *fill*         0x080127b7        0x1 
 .debug_frame   0x080127b8       0x20 os_start_init_mc.o
 .ARM.attributes
                0x080127d8       0x33 os_start_init_mc.o
 os_start_init_sw.o()
 *fill*         0x0801280b        0x1 
 .text          0x0801280c       0x64 os_start_init_sw.o
                0x0801280c                OS_InitSw
 .data          0x08012870        0x0 os_start_init_sw.o
 .bss           0x08012870        0x0 os_start_init_sw.o
 .debug_info    0x08012870      0x6ed os_start_init_sw.o
 .debug_abbrev  0x08012f5d      0x135 os_start_init_sw.o
 .debug_loc     0x08013092       0xbc os_start_init_sw.o
 .debug_aranges
                0x0801314e       0x20 os_start_init_sw.o
 .debug_macro   0x0801316e       0x9e os_start_init_sw.o
 .debug_line    0x0801320c      0x1ee os_start_init_sw.o
 .debug_str     0x080133fa       0x4e os_start_init_sw.o
                               0x3a5d (size before relaxing)
 .comment       0x08013448       0x80 os_start_init_sw.o
 .debug_frame   0x08013448       0x30 os_start_init_sw.o
 .ARM.attributes
                0x08013478       0x33 os_start_init_sw.o
 os_start_os.o()
 *fill*         0x080134ab        0x1 
 .text          0x080134ac       0x70 os_start_os.o
                0x080134ac                OS_StartOs
 .data          0x0801351c        0x0 os_start_os.o
 .bss           0x0801351c        0x0 os_start_os.o
 .debug_info    0x0801351c      0x6e0 os_start_os.o
 .debug_abbrev  0x08013bfc      0x129 os_start_os.o
 .debug_aranges
                0x08013d25       0x20 os_start_os.o
 .debug_macro   0x08013d45       0xc0 os_start_os.o
 .debug_line    0x08013e05      0x202 os_start_os.o
 .debug_str     0x08014007      0x233 os_start_os.o
                               0x3c36 (size before relaxing)
 .comment       0x0801423a       0x80 os_start_os.o
 *fill*         0x0801423a        0x2 
 .debug_frame   0x0801423c       0x3c os_start_os.o
 .ARM.attributes
                0x08014278       0x33 os_start_os.o
 os_task_common.o()
 *fill*         0x080142ab        0x1 
 .text          0x080142ac       0xb8 os_task_common.o
                0x080142ac                OS_TaskSaveTaskEnvironment
                0x080142d0                OS_TASK_RESTORETASK_ENVIRONMENT
                0x080142f0                OS_TASK_RESTORE_SYSTEM_STACK
                0x080142f4                OS_TASK_SAVE_SYSTEM_STACK
                0x080142f8                OS_Task_InitTaskEnvironment
 .data          0x08014364        0x0 os_task_common.o
 .bss           0x08014364        0x0 os_task_common.o
 .debug_info    0x08014364      0x89c os_task_common.o
 .debug_abbrev  0x08014c00      0x17a os_task_common.o
 .debug_loc     0x08014d7a       0xf8 os_task_common.o
 .debug_aranges
                0x08014e72       0x20 os_task_common.o
 .debug_macro   0x08014e92       0xaf os_task_common.o
 .debug_line    0x08014f41      0x25f os_task_common.o
 .debug_str     0x080151a0      0x136 os_task_common.o
                               0x3d39 (size before relaxing)
 .comment       0x080152d6       0x80 os_task_common.o
 *fill*         0x080152d6        0x2 
 .debug_frame   0x080152d8       0x90 os_task_common.o
 .ARM.attributes
                0x08015368       0x33 os_task_common.o
 *fill*         0x0801539b        0x1 
 COMMON         0x0801539c       0x28 os_task_common.o
                0x0801539c                TASK_PTR
 os_task_queue.o()
 .text          0x080153c4      0x538 os_task_queue.o
                0x080153c4                SET_RUNNING_TASK
                0x080154a4                OS_InitTaskQueue
                0x080154e4                AddToTaskQueue
                0x08015640                DeleteFromTaskQueue
                0x08015690                GetFromTaskQueue
                0x08015694                GetFromSchedulingQueue
                0x080156a0                DeleteFromSchedulingQueue
                0x080156a8                AddToSchedulingQueue
                0x08015700                UpdateSchedulingQueue
                0x08015790                GetIdleTask
                0x08015798                AddToIdleTaskQueue
                0x08015868                GetRunningTask
                0x08015870                GetRunningSchedulingQueueElementPtr
                0x0801587c                OS_InitTask
 .data          0x080158fc        0x0 os_task_queue.o
 .bss           0x080158fc        0x0 os_task_queue.o
 .debug_info    0x080158fc      0xa71 os_task_queue.o
 .debug_abbrev  0x0801636d      0x20d os_task_queue.o
 .debug_loc     0x0801657a      0x573 os_task_queue.o
 .debug_aranges
                0x08016aed       0x20 os_task_queue.o
 .debug_macro   0x08016b0d       0xb4 os_task_queue.o
 .debug_line    0x08016bc1      0x391 os_task_queue.o
 .debug_str     0x08016f52      0x1f3 os_task_queue.o
                               0x3eb8 (size before relaxing)
 .comment       0x08017145       0x80 os_task_queue.o
 *fill*         0x08017145        0x3 
 .debug_frame   0x08017148      0x1a0 os_task_queue.o
 .ARM.attributes
                0x080172e8       0x33 os_task_queue.o
 os_task_scheduler.o()
 *fill*         0x0801731b        0x1 
 .text          0x0801731c      0x694 os_task_scheduler.o
                0x08017488                OS_ActivateDispatcher
                0x080174bc                OS_SleepTask
                0x08017520                task_state_request
                0x080175a4                OS_CreateTask
                0x080175d8                OS_ActivateTask
                0x0801764c                OS_StartTask
                0x080176d8                OS_TerminateTask
                0x08017748                OS_TaskDispatcher
                0x080178b0                OS_InitTasks
 .data          0x080179b0        0x0 os_task_scheduler.o
 .bss           0x080179b0        0x0 os_task_scheduler.o
 .debug_info    0x080179b0     0x133b os_task_scheduler.o
 .debug_abbrev  0x08018ceb      0x348 os_task_scheduler.o
 .debug_loc     0x08019033      0xa65 os_task_scheduler.o
 .debug_aranges
                0x08019a98       0x20 os_task_scheduler.o
 .debug_ranges  0x08019ab8       0xb8 os_task_scheduler.o
 .debug_macro   0x08019b70       0xe0 os_task_scheduler.o
 .debug_line    0x08019c50      0x435 os_task_scheduler.o
 .debug_str     0x0801a085      0x150 os_task_scheduler.o
                               0x4136 (size before relaxing)
 .comment       0x0801a1d5       0x80 os_task_scheduler.o
 *fill*         0x0801a1d5        0x3 
 .debug_frame   0x0801a1d8      0x324 os_task_scheduler.o
 .ARM.attributes
                0x0801a4fc       0x33 os_task_scheduler.o
 os_stack.o()
 *fill*         0x0801a52f        0x1 
 .text          0x0801a530       0xc8 os_stack.o
                0x0801a530                OS_StackCheck
                0x0801a5a0                OS_StackChkPatternInit
 .data          0x0801a5f8        0x0 os_stack.o
 .bss           0x0801a5f8       0x14 os_stack.o
 .debug_info    0x0801a60c      0x7e0 os_stack.o
 .debug_abbrev  0x0801adec      0x14c os_stack.o
 .debug_aranges
                0x0801af38       0x20 os_stack.o
 .debug_macro   0x0801af58       0x9e os_stack.o
 .debug_line    0x0801aff6      0x222 os_stack.o
 .debug_str     0x0801b218       0x5c os_stack.o
                               0x3bff (size before relaxing)
 .comment       0x0801b274       0x80 os_stack.o
 .debug_frame   0x0801b274       0x5c os_stack.o
 .ARM.attributes
                0x0801b2d0       0x33 os_stack.o
 os_heap.o()
 *fill*         0x0801b303        0x1 
 .text          0x0801b304        0x0 os_heap.o
 .data          0x0801b304        0x0 os_heap.o
 .bss           0x0801b304        0x0 os_heap.o
 .debug_info    0x0801b304      0x6ae os_heap.o
 .debug_abbrev  0x0801b9b2       0xec os_heap.o
 .debug_aranges
                0x0801ba9e       0x18 os_heap.o
 .debug_macro   0x0801bab6       0xa2 os_heap.o
 .debug_line    0x0801bb58      0x1c3 os_heap.o
 .debug_str     0x0801bd1b       0x45 os_heap.o
                               0x3a38 (size before relaxing)
 .comment       0x0801bd60       0x80 os_heap.o
 .ARM.attributes
                0x0801bd60       0x33 os_heap.o
 led.o()
 *fill*         0x0801bd93        0x1 
 .text          0x0801bd94       0x10 led.o
                0x0801bd94                USER_LED_INIT
                0x0801bd98                USER_LED_ON
                0x0801bd9c                USER_LED_OFF
                0x0801bda0                USER_LED_TOGGLE
 .data          0x0801bda4        0x0 led.o
 .bss           0x0801bda4        0x0 led.o
 .debug_info    0x0801bda4      0x75d led.o
 .debug_abbrev  0x0801c501      0x14b led.o
 .debug_loc     0x0801c64c       0x21 led.o
 .debug_aranges
                0x0801c66d       0x20 led.o
 .debug_ranges  0x0801c68d       0x10 led.o
 .debug_macro   0x0801c69d       0xa2 led.o
 .debug_line    0x0801c73f      0x1c5 led.o
 .debug_str     0x0801c904       0x97 led.o
                               0x3a8a (size before relaxing)
 .comment       0x0801c99b       0x80 led.o
 *fill*         0x0801c99b        0x1 
 .debug_frame   0x0801c99c       0x50 led.o
 .ARM.attributes
                0x0801c9ec       0x33 led.o
                0x0801ca1f                _code_end = .
                [!provide]                PROVIDE (code_start = .)
                [!provide]                PROVIDE (code_end = .)
 *fill*         0x0801ca1f        0x1 
 .text          0x0801ca20      0x378 d:/programm/gnu tools arm embedded/7 2018-q2-update/bin/../lib/gcc/arm-none-eabi/7.3.1/thumb/v7e-m\libgcc.a(_arm_addsubdf3.o)
                0x0801ca20                __aeabi_drsub
                0x0801ca28                __aeabi_dsub
                0x0801ca28                __subdf3
                0x0801ca2c                __aeabi_dadd
                0x0801ca2c                __adddf3
                0x0801cca4                __floatunsidf
                0x0801cca4                __aeabi_ui2d
                0x0801ccc4                __floatsidf
                0x0801ccc4                __aeabi_i2d
                0x0801cce8                __aeabi_f2d
                0x0801cce8                __extendsfdf2
                0x0801cd2c                __floatundidf
                0x0801cd2c                __aeabi_ul2d
                0x0801cd3c                __floatdidf
                0x0801cd3c                __aeabi_l2d
 .text          0x0801cd98      0x110 d:/programm/gnu tools arm embedded/7 2018-q2-update/bin/../lib/gcc/arm-none-eabi/7.3.1/thumb/v7e-m\libgcc.a(_arm_cmpdf2.o)
                0x0801cd98                __gtdf2
                0x0801cd98                __gedf2
                0x0801cda0                __ltdf2
                0x0801cda0                __ledf2
                0x0801cda8                __nedf2
                0x0801cda8                __eqdf2
                0x0801cda8                __cmpdf2
                0x0801ce24                __aeabi_cdrcmple
                0x0801ce34                __aeabi_cdcmpeq
                0x0801ce34                __aeabi_cdcmple
                0x0801ce44                __aeabi_dcmpeq
                0x0801ce58                __aeabi_dcmplt
                0x0801ce6c                __aeabi_dcmple
                0x0801ce80                __aeabi_dcmpge
                0x0801ce94                __aeabi_dcmpgt

.glue_7         0x0801cea8        0x0
 .glue_7        0x0801cea8        0x0 linker stubs

.glue_7t        0x0801cea8        0x0
 .glue_7t       0x0801cea8        0x0 linker stubs

.vfp11_veneer   0x0801cea8        0x0
 .vfp11_veneer  0x0801cea8        0x0 linker stubs

.v4_bx          0x0801cea8        0x0
 .v4_bx         0x0801cea8        0x0 linker stubs

.data           0x20000000    0x164a0
                0x20000000                _ram_start = .
 os_ram.o()
 .text          0x20000000        0x0 os_ram.o
 .data          0x20000000        0x0 os_ram.o
 .bss           0x20000000        0x0 os_ram.o
 .debug_info    0x20000000      0x9bd os_ram.o
 .debug_abbrev  0x200009bd      0x115 os_ram.o
 .debug_aranges
                0x20000ad2       0x18 os_ram.o
 .debug_macro   0x20000aea       0xa6 os_ram.o
 .debug_line    0x20000b90      0x1dd os_ram.o
 .debug_str     0x20000d6d     0x3a78 os_ram.o
                               0x3afb (size before relaxing)
 .comment       0x200047e5       0x7f os_ram.o
                                 0x80 (size before relaxing)
 .ARM.attributes
                0x20004864       0x33 os_ram.o
 *fill*         0x20004897        0x1 
 COMMON         0x20004898     0xfd20 os_ram.o
                0x20004898                TASK_STACK
                0x200096b8                VAR_MEM_MANAG_FAULT_STATUS_REG
                0x200096bc                REGISTER_R2
                0x200096c0                TASK_GROUP_3
                0x200096e0                RAM_CHECK_FAILURE_ADDR
                0x200096e4                REGISTER_R0
                0x200096e8                OS_STACK
                0x2000e6e8                REGISTER_R6
                0x2000e6ec                REGISTER_R7
                0x2000e6f0                DBG_CALIB_VALUE
                0x2000e6f4                OS_STATE
                0x2000e6f8                TASK_IDLE_QUEUE
                0x2000e7d0                REGISTER_R9
                0x2000e7d4                TASK1_CALL_NR
                0x2000e7d8                bTASK_QUEUE_INITIALIZED
                0x2000e7dc                BACKUP_SYSTICK_CURRENT_VAL_REG
                0x2000e7e0                TASK2_CALL_NR
                0x2000e7e4                LAST_CURRENT_TIME
                0x2000e7f4                LINK_REGISTER_HANDLER
                0x2000e7f8                VAR_AUX_FAULT_STATUS_REG
                0x2000e7fc                REGISTER_R8
                0x2000e800                TASK_3_VAR
                0x2000e8d8                TASK_0_VAR
                0x2000e9b0                TASK4_CALL_NR
                0x2000e9b4                TASK_GROUP_2
                0x2000e9d4                REGISTER_R5
                0x2000e9d8                OS_MAIN_STACK
                0x200139d8                SAVED_STACK_POINTER
                0x200139dc                DBG_RLD_VALUE
                0x200139e0                REGISTER_R4
                0x200139e4                RUNNING_TASK
                0x20013abc                TASK_RUN_QUEUE
                0x2001432c                VAR_HARDFAULT_STATUS_REG
                0x20014330                RUNNING_SCHEDULING_QUEUE_ENTRY
                0x20014334                TASK_GROUP_5
                0x20014354                REGISTER_R1
                0x20014358                DBG_CTRL_VALUE
                0x2001435c                TASK_2_VAR
                0x20014434                VAR_BUS_FAULT_STATUS_REG
                0x20014438                RAM_CHECK_FAILURE_DETECTED
                0x2001443c                REGISTER_R10
                0x20014440                DBG_CURR_VAL
                0x20014444                TASK_GROUP_1
                0x20014464                VAR_FAULT_STATUS_REG
                0x20014468                TASK_GROUP_4
                0x20014488                REGISTER_R11
                0x2001448c                TASK_TRANSITION_REJECTED_STATE
                0x2001448d                TASK_TRANSITION_CURRENT_STATE
                0x20014490                REGISTER_R3
                0x20014494                TASK_SCHEDULING_QUEUE
                0x200144bc                TASK3_CALL_NR
                0x200144c0                VAR_MEM_FAULT_ADDR_REG
                0x200144c4                VAR_USAGE_FAULT_STATUS_REG
                0x200144c8                VAR_BUS_FAULT_ADDR_REG
                0x200144cc                TASK_TRANSITION_REJECTED_TASK_ADDR
                0x200144d0                OS_SW_BUG
                0x200144e0                TASK_1_VAR
 os_shared_ram.o()
 .text          0x200145b8        0x0 os_shared_ram.o
 .data          0x200145b8        0x0 os_shared_ram.o
 .bss           0x200145b8        0x0 os_shared_ram.o
 .debug_info    0x200145b8      0x7ce os_shared_ram.o
 .debug_abbrev  0x20014d86       0xfd os_shared_ram.o
 .debug_aranges
                0x20014e83       0x18 os_shared_ram.o
 .debug_macro   0x20014e9b       0xfe os_shared_ram.o
 .debug_line    0x20014f99      0x1c9 os_shared_ram.o
 .debug_str     0x20015162      0x30b os_shared_ram.o
                               0x3cfe (size before relaxing)
 .comment       0x2001546d       0x80 os_shared_ram.o
 .ARM.attributes
                0x2001546d       0x33 os_shared_ram.o
 COMMON         0x200154a0     0x1000 os_shared_ram.o
                0x200154a0                RAM_BLOCK_C01_C01
                0x200155a0                RAM_BLOCK_C01_C00
                0x200156a0                RAM_BLOCK_C00_C00
                0x200157a0                RAM_BLOCK_C01_C03
                0x200158a0                RAM_BLOCK_C03_C01
                0x200159a0                RAM_BLOCK_C00_C01
                0x20015aa0                RAM_BLOCK_C02_C01
                0x20015ba0                RAM_BLOCK_C01_C02
                0x20015ca0                RAM_BLOCK_C03_C00
                0x20015da0                RAM_BLOCK_C02_C00
                0x20015ea0                RAM_BLOCK_C02_C02
                0x20015fa0                RAM_BLOCK_C03_C03
                0x200160a0                RAM_BLOCK_C03_C02
                0x200161a0                RAM_BLOCK_C00_C03
                0x200162a0                RAM_BLOCK_C00_C02
                0x200163a0                RAM_BLOCK_C02_C03
                0x200164a0                _ram_end = .
                [!provide]                PROVIDE (ram_start = .)
                [!provide]                PROVIDE (ram_end = .)
 .data          0x200164a0        0x0 d:/programm/gnu tools arm embedded/7 2018-q2-update/bin/../lib/gcc/arm-none-eabi/7.3.1/thumb/v7e-m\libgcc.a(_arm_addsubdf3.o)
 .data          0x200164a0        0x0 d:/programm/gnu tools arm embedded/7 2018-q2-update/bin/../lib/gcc/arm-none-eabi/7.3.1/thumb/v7e-m\libgcc.a(_arm_cmpdf2.o)
START GROUP
LOAD d:/programm/gnu tools arm embedded/7 2018-q2-update/bin/../lib/gcc/arm-none-eabi/7.3.1/thumb/v7e-m\libgcc.a
LOAD d:/programm/gnu tools arm embedded/7 2018-q2-update/bin/../lib/gcc/arm-none-eabi/7.3.1/../../../../arm-none-eabi/lib/thumb/v7e-m\libg.a
LOAD d:/programm/gnu tools arm embedded/7 2018-q2-update/bin/../lib/gcc/arm-none-eabi/7.3.1/../../../../arm-none-eabi/lib/thumb/v7e-m\libc.a
END GROUP
OUTPUT(E:\NeuOrga\Programmieren\c_cpp\github_os\output\VERSION_ARM\operating_system.elf elf32-littlearm)

.bss            0x200164a0        0x0
 .bss           0x200164a0        0x0 d:/programm/gnu tools arm embedded/7 2018-q2-update/bin/../lib/gcc/arm-none-eabi/7.3.1/thumb/v7e-m\libgcc.a(_arm_addsubdf3.o)
 .bss           0x200164a0        0x0 d:/programm/gnu tools arm embedded/7 2018-q2-update/bin/../lib/gcc/arm-none-eabi/7.3.1/thumb/v7e-m\libgcc.a(_arm_cmpdf2.o)

.ARM.attributes
                0x00000000       0x31
 .ARM.attributes
                0x00000000       0x1e d:/programm/gnu tools arm embedded/7 2018-q2-update/bin/../lib/gcc/arm-none-eabi/7.3.1/thumb/v7e-m\libgcc.a(_arm_addsubdf3.o)
 .ARM.attributes
                0x0000001e       0x1e d:/programm/gnu tools arm embedded/7 2018-q2-update/bin/../lib/gcc/arm-none-eabi/7.3.1/thumb/v7e-m\libgcc.a(_arm_cmpdf2.o)

.debug_frame    0x00000000      0x170
 .debug_frame   0x00000000       0xac d:/programm/gnu tools arm embedded/7 2018-q2-update/bin/../lib/gcc/arm-none-eabi/7.3.1/thumb/v7e-m\libgcc.a(_arm_addsubdf3.o)
 .debug_frame   0x000000ac       0xc4 d:/programm/gnu tools arm embedded/7 2018-q2-update/bin/../lib/gcc/arm-none-eabi/7.3.1/thumb/v7e-m\libgcc.a(_arm_cmpdf2.o)
