Archive member included because of file (symbol)

d:/programm/gnu tools arm embedded/4.9 2015q1/bin/../lib/gcc/arm-none-eabi/4.9.3/armv7e-m\libgcc.a(_arm_addsubdf3.o)
                              os_task_scheduler.o (__aeabi_ui2d)
d:/programm/gnu tools arm embedded/4.9 2015q1/bin/../lib/gcc/arm-none-eabi/4.9.3/armv7e-m\libgcc.a(_arm_cmpdf2.o)
                              os_task_scheduler.o (__aeabi_dcmpgt)

Allocating common symbols
Common symbol       size              file

RAM_BLOCK_C01_C01   0x100             os_shared_ram.o
REGISTER_R2         0x4               os_task_common.o
REGISTER_R0         0x4               os_task_common.o
OS_STACK            0x100             os_ram.o
RAM_BLOCK_C01_C00   0x100             os_shared_ram.o
RAM_BLOCK_C00_C00   0x100             os_shared_ram.o
RAM_BLOCK_C01_C03   0x100             os_shared_ram.o
VAR_AUX_FAULT_STATUS_REG
                    0x4               os_ram.o
RAM_BLOCK_C03_C01   0x100             os_shared_ram.o
RAM_BLOCK_C00_C01   0x100             os_shared_ram.o
TASK_PTR            0x14              os_task_common.o
OS_MAIN_STACK       0x100             os_ram.o
RAM_BLOCK_C02_C01   0x100             os_shared_ram.o
RAM_BLOCK_C01_C02   0x100             os_shared_ram.o
VAR_HARDFAULT_STATUS_REG
                    0x4               os_ram.o
RAM_BLOCK_C03_C00   0x100             os_shared_ram.o
REGISTER_R1         0x4               os_task_common.o
RAM_BLOCK_C02_C00   0x100             os_shared_ram.o
RAM_BLOCK_C02_C02   0x100             os_shared_ram.o
RAM_BLOCK_C03_C03   0x100             os_shared_ram.o
RAM_BLOCK_C03_C02   0x100             os_shared_ram.o
RAM_BLOCK_C00_C03   0x100             os_shared_ram.o
HEAP                0x2710            os_ram.o
VAR_FAULT_STATUS_REG
                    0x4               os_ram.o
REGISTER_R3         0x4               os_task_common.o
VAR_MEM_FAULT_ADDR_REG
                    0x4               os_ram.o
VAR_BUS_FAULT_ADDR_REG
                    0x4               os_ram.o
RAM_BLOCK_C00_C02   0x100             os_shared_ram.o
RAM_BLOCK_C02_C03   0x100             os_shared_ram.o

Discarded input sections

 .group         0x00000000        0x8 os_exception_table.o
 .group         0x00000000        0x8 os_exception_table.o
 .group         0x00000000        0x8 os_exception_table.o
 .group         0x00000000        0x8 os_exception_table.o
 .group         0x00000000        0x8 os_exception_table.o
 .group         0x00000000        0x8 os_exception_table.o
 .group         0x00000000        0x8 os_exception_table.o
 .group         0x00000000        0x8 os_exception_table.o
 .group         0x00000000        0x8 os_const.o
 .group         0x00000000        0x8 os_const.o
 .group         0x00000000        0x8 os_const.o
 .group         0x00000000        0x8 os_const.o
 .group         0x00000000        0x8 os_const.o
 .group         0x00000000        0x8 os_const.o
 .group         0x00000000        0x8 os_const.o
 .debug_macro   0x00000000      0x86e os_const.o
 .debug_macro   0x00000000       0x4c os_const.o
 .debug_macro   0x00000000       0x88 os_const.o
 .debug_macro   0x00000000       0x16 os_const.o
 .debug_macro   0x00000000       0x28 os_const.o
 .debug_macro   0x00000000       0x46 os_const.o
 .debug_macro   0x00000000       0x10 os_const.o
 .group         0x00000000        0x8 lld_global.o
 .group         0x00000000        0x8 lld_global.o
 .group         0x00000000        0x8 lld_global.o
 .group         0x00000000        0x8 lld_global.o
 .group         0x00000000        0x8 lld_global.o
 .group         0x00000000        0x8 lld_global.o
 .debug_macro   0x00000000      0x86e lld_global.o
 .debug_macro   0x00000000       0x4c lld_global.o
 .debug_macro   0x00000000       0x46 lld_global.o
 .debug_macro   0x00000000       0x10 lld_global.o
 .group         0x00000000        0x8 lld_interrupt.o
 .group         0x00000000        0x8 lld_interrupt.o
 .group         0x00000000        0x8 lld_interrupt.o
 .group         0x00000000        0x8 lld_interrupt.o
 .group         0x00000000        0x8 lld_interrupt.o
 .group         0x00000000        0x8 lld_interrupt.o
 .debug_macro   0x00000000      0x86e lld_interrupt.o
 .debug_macro   0x00000000       0x4c lld_interrupt.o
 .debug_macro   0x00000000       0x7c lld_interrupt.o
 .debug_macro   0x00000000       0x28 lld_interrupt.o
 .debug_macro   0x00000000       0x46 lld_interrupt.o
 .debug_macro   0x00000000       0x10 lld_interrupt.o
 .group         0x00000000        0x8 lld_mmu.o
 .group         0x00000000        0x8 lld_mmu.o
 .group         0x00000000        0x8 lld_mmu.o
 .group         0x00000000        0x8 lld_mmu.o
 .group         0x00000000        0x8 lld_mmu.o
 .group         0x00000000        0x8 lld_mmu.o
 .debug_macro   0x00000000      0x86e lld_mmu.o
 .debug_macro   0x00000000       0x4c lld_mmu.o
 .debug_macro   0x00000000       0x7c lld_mmu.o
 .debug_macro   0x00000000       0x28 lld_mmu.o
 .debug_macro   0x00000000       0x46 lld_mmu.o
 .debug_macro   0x00000000       0x10 lld_mmu.o
 .group         0x00000000        0x8 lld_ram.o
 .group         0x00000000        0x8 lld_ram.o
 .group         0x00000000        0x8 lld_ram.o
 .group         0x00000000        0x8 lld_ram.o
 .group         0x00000000        0x8 lld_ram.o
 .group         0x00000000        0x8 lld_ram.o
 .debug_macro   0x00000000      0x86e lld_ram.o
 .debug_macro   0x00000000       0x4c lld_ram.o
 .debug_macro   0x00000000       0x7c lld_ram.o
 .debug_macro   0x00000000       0x28 lld_ram.o
 .debug_macro   0x00000000       0x46 lld_ram.o
 .debug_macro   0x00000000       0x10 lld_ram.o
 .group         0x00000000        0x8 lld_timer.o
 .group         0x00000000        0x8 lld_timer.o
 .group         0x00000000        0x8 lld_timer.o
 .group         0x00000000        0x8 lld_timer.o
 .group         0x00000000        0x8 lld_timer.o
 .group         0x00000000        0x8 lld_timer.o
 .debug_macro   0x00000000      0x86e lld_timer.o
 .debug_macro   0x00000000       0x4c lld_timer.o
 .debug_macro   0x00000000       0x7c lld_timer.o
 .debug_macro   0x00000000       0x28 lld_timer.o
 .debug_macro   0x00000000       0x46 lld_timer.o
 .debug_macro   0x00000000       0x10 lld_timer.o
 .group         0x00000000        0x8 lld_power.o
 .group         0x00000000        0x8 lld_power.o
 .group         0x00000000        0x8 lld_power.o
 .group         0x00000000        0x8 lld_power.o
 .group         0x00000000        0x8 lld_power.o
 .group         0x00000000        0x8 lld_power.o
 .debug_macro   0x00000000      0x86e lld_power.o
 .debug_macro   0x00000000       0x4c lld_power.o
 .debug_macro   0x00000000       0x7c lld_power.o
 .debug_macro   0x00000000       0x28 lld_power.o
 .debug_macro   0x00000000       0x46 lld_power.o
 .debug_macro   0x00000000       0x10 lld_power.o
 .group         0x00000000        0x8 os_common.o
 .group         0x00000000        0x8 os_common.o
 .group         0x00000000        0x8 os_common.o
 .group         0x00000000        0x8 os_common.o
 .group         0x00000000        0x8 os_common.o
 .group         0x00000000        0x8 os_common.o
 .group         0x00000000        0x8 os_common.o
 .debug_macro   0x00000000      0x86e os_common.o
 .debug_macro   0x00000000       0x4c os_common.o
 .debug_macro   0x00000000       0x88 os_common.o
 .debug_macro   0x00000000       0x16 os_common.o
 .debug_macro   0x00000000       0x28 os_common.o
 .debug_macro   0x00000000       0x46 os_common.o
 .debug_macro   0x00000000       0x10 os_common.o
 .group         0x00000000        0x8 os_driver_hook.o
 .group         0x00000000        0x8 os_driver_hook.o
 .group         0x00000000        0x8 os_driver_hook.o
 .group         0x00000000        0x8 os_driver_hook.o
 .group         0x00000000        0x8 os_driver_hook.o
 .group         0x00000000        0x8 os_driver_hook.o
 .group         0x00000000        0x8 os_driver_hook.o
 .debug_macro   0x00000000      0x86e os_driver_hook.o
 .debug_macro   0x00000000       0x4c os_driver_hook.o
 .debug_macro   0x00000000       0x88 os_driver_hook.o
 .debug_macro   0x00000000       0x16 os_driver_hook.o
 .debug_macro   0x00000000       0x28 os_driver_hook.o
 .debug_macro   0x00000000       0x46 os_driver_hook.o
 .debug_macro   0x00000000       0x10 os_driver_hook.o
 .group         0x00000000        0x8 os_exception.o
 .group         0x00000000        0x8 os_exception.o
 .group         0x00000000        0x8 os_exception.o
 .group         0x00000000        0x8 os_exception.o
 .group         0x00000000        0x8 os_exception.o
 .group         0x00000000        0x8 os_exception.o
 .group         0x00000000        0x8 os_exception.o
 .group         0x00000000        0x8 os_exception.o
 .debug_macro   0x00000000       0x4c os_exception.o
 .debug_macro   0x00000000       0x88 os_exception.o
 .debug_macro   0x00000000       0x16 os_exception.o
 .debug_macro   0x00000000       0x28 os_exception.o
 .debug_macro   0x00000000       0x46 os_exception.o
 .debug_macro   0x00000000       0x10 os_exception.o
 .debug_macro   0x00000000       0x10 os_exception.o
 .group         0x00000000        0x8 os_exception_isr_handler.o
 .group         0x00000000        0x8 os_exception_isr_handler.o
 .group         0x00000000        0x8 os_exception_isr_handler.o
 .group         0x00000000        0x8 os_exception_isr_handler.o
 .group         0x00000000        0x8 os_exception_isr_handler.o
 .group         0x00000000        0x8 os_exception_isr_handler.o
 .group         0x00000000        0x8 os_exception_isr_handler.o
 .group         0x00000000        0x8 os_exception_isr_handler.o
 .debug_macro   0x00000000      0x86e os_exception_isr_handler.o
 .debug_macro   0x00000000       0x4c os_exception_isr_handler.o
 .debug_macro   0x00000000       0x88 os_exception_isr_handler.o
 .debug_macro   0x00000000       0x16 os_exception_isr_handler.o
 .debug_macro   0x00000000       0x28 os_exception_isr_handler.o
 .debug_macro   0x00000000       0x46 os_exception_isr_handler.o
 .debug_macro   0x00000000       0x10 os_exception_isr_handler.o
 .group         0x00000000        0x8 os_init_task_system.o
 .group         0x00000000        0x8 os_init_task_system.o
 .group         0x00000000        0x8 os_init_task_system.o
 .group         0x00000000        0x8 os_init_task_system.o
 .group         0x00000000        0x8 os_init_task_system.o
 .group         0x00000000        0x8 os_init_task_system.o
 .group         0x00000000        0x8 os_init_task_system.o
 .group         0x00000000        0x8 os_init_task_system.o
 .debug_macro   0x00000000      0x86e os_init_task_system.o
 .debug_macro   0x00000000       0x4c os_init_task_system.o
 .debug_macro   0x00000000       0x88 os_init_task_system.o
 .debug_macro   0x00000000       0x16 os_init_task_system.o
 .debug_macro   0x00000000       0x28 os_init_task_system.o
 .debug_macro   0x00000000       0x46 os_init_task_system.o
 .debug_macro   0x00000000       0x10 os_init_task_system.o
 .group         0x00000000        0x8 os_main.o
 .group         0x00000000        0x8 os_main.o
 .group         0x00000000        0x8 os_main.o
 .group         0x00000000        0x8 os_main.o
 .group         0x00000000        0x8 os_main.o
 .group         0x00000000        0x8 os_main.o
 .group         0x00000000        0x8 os_main.o
 .group         0x00000000        0x8 os_main.o
 .debug_macro   0x00000000      0x86e os_main.o
 .debug_macro   0x00000000       0x4c os_main.o
 .debug_macro   0x00000000       0x88 os_main.o
 .debug_macro   0x00000000       0x16 os_main.o
 .debug_macro   0x00000000       0x28 os_main.o
 .debug_macro   0x00000000       0x46 os_main.o
 .debug_macro   0x00000000       0x10 os_main.o
 .debug_macro   0x00000000       0x28 os_main.o
 .group         0x00000000        0x8 os_memory_mmu_setup.o
 .group         0x00000000        0x8 os_memory_mmu_setup.o
 .group         0x00000000        0x8 os_memory_mmu_setup.o
 .group         0x00000000        0x8 os_memory_mmu_setup.o
 .group         0x00000000        0x8 os_memory_mmu_setup.o
 .group         0x00000000        0x8 os_memory_mmu_setup.o
 .group         0x00000000        0x8 os_memory_mmu_setup.o
 .debug_macro   0x00000000      0x86e os_memory_mmu_setup.o
 .debug_macro   0x00000000       0x4c os_memory_mmu_setup.o
 .debug_macro   0x00000000       0x88 os_memory_mmu_setup.o
 .debug_macro   0x00000000       0x16 os_memory_mmu_setup.o
 .debug_macro   0x00000000       0x28 os_memory_mmu_setup.o
 .debug_macro   0x00000000       0x46 os_memory_mmu_setup.o
 .debug_macro   0x00000000       0x10 os_memory_mmu_setup.o
 .group         0x00000000        0x8 os_memory_virtualisation.o
 .group         0x00000000        0x8 os_memory_virtualisation.o
 .group         0x00000000        0x8 os_memory_virtualisation.o
 .debug_macro   0x00000000      0x86e os_memory_virtualisation.o
 .debug_macro   0x00000000       0x4c os_memory_virtualisation.o
 .group         0x00000000        0x8 os_rte_common.o
 .group         0x00000000        0x8 os_rte_common.o
 .group         0x00000000        0x8 os_rte_common.o
 .group         0x00000000        0x8 os_rte_common.o
 .group         0x00000000        0x8 os_rte_common.o
 .group         0x00000000        0x8 os_rte_common.o
 .group         0x00000000        0x8 os_rte_common.o
 .debug_macro   0x00000000      0x86e os_rte_common.o
 .debug_macro   0x00000000       0x4c os_rte_common.o
 .debug_macro   0x00000000       0x88 os_rte_common.o
 .debug_macro   0x00000000       0x16 os_rte_common.o
 .debug_macro   0x00000000       0x28 os_rte_common.o
 .debug_macro   0x00000000       0x46 os_rte_common.o
 .debug_macro   0x00000000       0x10 os_rte_common.o
 .group         0x00000000        0x8 os_rte_icc.o
 .group         0x00000000        0x8 os_rte_icc.o
 .group         0x00000000        0x8 os_rte_icc.o
 .group         0x00000000        0x8 os_rte_icc.o
 .group         0x00000000        0x8 os_rte_icc.o
 .group         0x00000000        0x8 os_rte_icc.o
 .group         0x00000000        0x8 os_rte_icc.o
 .debug_macro   0x00000000      0x86e os_rte_icc.o
 .debug_macro   0x00000000       0x4c os_rte_icc.o
 .debug_macro   0x00000000       0x88 os_rte_icc.o
 .debug_macro   0x00000000       0x16 os_rte_icc.o
 .debug_macro   0x00000000       0x28 os_rte_icc.o
 .debug_macro   0x00000000       0x46 os_rte_icc.o
 .debug_macro   0x00000000       0x10 os_rte_icc.o
 .group         0x00000000        0x8 os_shutdown.o
 .group         0x00000000        0x8 os_shutdown.o
 .group         0x00000000        0x8 os_shutdown.o
 .group         0x00000000        0x8 os_shutdown.o
 .group         0x00000000        0x8 os_shutdown.o
 .group         0x00000000        0x8 os_shutdown.o
 .group         0x00000000        0x8 os_shutdown.o
 .debug_macro   0x00000000      0x86e os_shutdown.o
 .debug_macro   0x00000000       0x4c os_shutdown.o
 .debug_macro   0x00000000       0x88 os_shutdown.o
 .debug_macro   0x00000000       0x16 os_shutdown.o
 .debug_macro   0x00000000       0x28 os_shutdown.o
 .debug_macro   0x00000000       0x46 os_shutdown.o
 .debug_macro   0x00000000       0x10 os_shutdown.o
 .group         0x00000000        0x8 os_start_ext_prg.o
 .group         0x00000000        0x8 os_start_ext_prg.o
 .group         0x00000000        0x8 os_start_ext_prg.o
 .group         0x00000000        0x8 os_start_ext_prg.o
 .group         0x00000000        0x8 os_start_ext_prg.o
 .group         0x00000000        0x8 os_start_ext_prg.o
 .group         0x00000000        0x8 os_start_ext_prg.o
 .debug_macro   0x00000000      0x86e os_start_ext_prg.o
 .debug_macro   0x00000000       0x4c os_start_ext_prg.o
 .debug_macro   0x00000000       0x88 os_start_ext_prg.o
 .debug_macro   0x00000000       0x16 os_start_ext_prg.o
 .debug_macro   0x00000000       0x28 os_start_ext_prg.o
 .debug_macro   0x00000000       0x46 os_start_ext_prg.o
 .debug_macro   0x00000000       0x10 os_start_ext_prg.o
 .group         0x00000000        0x8 os_start_init_hw.o
 .group         0x00000000        0x8 os_start_init_hw.o
 .group         0x00000000        0x8 os_start_init_hw.o
 .group         0x00000000        0x8 os_start_init_hw.o
 .group         0x00000000        0x8 os_start_init_hw.o
 .group         0x00000000        0x8 os_start_init_hw.o
 .group         0x00000000        0x8 os_start_init_hw.o
 .debug_macro   0x00000000      0x86e os_start_init_hw.o
 .debug_macro   0x00000000       0x4c os_start_init_hw.o
 .debug_macro   0x00000000       0x88 os_start_init_hw.o
 .debug_macro   0x00000000       0x16 os_start_init_hw.o
 .debug_macro   0x00000000       0x28 os_start_init_hw.o
 .debug_macro   0x00000000       0x46 os_start_init_hw.o
 .debug_macro   0x00000000       0x10 os_start_init_hw.o
 .group         0x00000000        0x8 os_start_init_mc.o
 .group         0x00000000        0x8 os_start_init_mc.o
 .group         0x00000000        0x8 os_start_init_mc.o
 .group         0x00000000        0x8 os_start_init_mc.o
 .group         0x00000000        0x8 os_start_init_mc.o
 .group         0x00000000        0x8 os_start_init_mc.o
 .group         0x00000000        0x8 os_start_init_mc.o
 .debug_macro   0x00000000      0x86e os_start_init_mc.o
 .debug_macro   0x00000000       0x4c os_start_init_mc.o
 .debug_macro   0x00000000       0x88 os_start_init_mc.o
 .debug_macro   0x00000000       0x16 os_start_init_mc.o
 .debug_macro   0x00000000       0x28 os_start_init_mc.o
 .debug_macro   0x00000000       0x46 os_start_init_mc.o
 .debug_macro   0x00000000       0x10 os_start_init_mc.o
 .group         0x00000000        0x8 os_start_init_sw.o
 .group         0x00000000        0x8 os_start_init_sw.o
 .group         0x00000000        0x8 os_start_init_sw.o
 .group         0x00000000        0x8 os_start_init_sw.o
 .group         0x00000000        0x8 os_start_init_sw.o
 .group         0x00000000        0x8 os_start_init_sw.o
 .group         0x00000000        0x8 os_start_init_sw.o
 .debug_macro   0x00000000      0x86e os_start_init_sw.o
 .debug_macro   0x00000000       0x4c os_start_init_sw.o
 .debug_macro   0x00000000       0x88 os_start_init_sw.o
 .debug_macro   0x00000000       0x16 os_start_init_sw.o
 .debug_macro   0x00000000       0x28 os_start_init_sw.o
 .debug_macro   0x00000000       0x46 os_start_init_sw.o
 .debug_macro   0x00000000       0x10 os_start_init_sw.o
 .group         0x00000000        0x8 os_start_os.o
 .group         0x00000000        0x8 os_start_os.o
 .group         0x00000000        0x8 os_start_os.o
 .group         0x00000000        0x8 os_start_os.o
 .group         0x00000000        0x8 os_start_os.o
 .group         0x00000000        0x8 os_start_os.o
 .group         0x00000000        0x8 os_start_os.o
 .debug_macro   0x00000000      0x86e os_start_os.o
 .debug_macro   0x00000000       0x4c os_start_os.o
 .debug_macro   0x00000000       0x88 os_start_os.o
 .debug_macro   0x00000000       0x16 os_start_os.o
 .debug_macro   0x00000000       0x28 os_start_os.o
 .debug_macro   0x00000000       0x46 os_start_os.o
 .debug_macro   0x00000000       0x10 os_start_os.o
 .group         0x00000000        0x8 os_task_common.o
 .group         0x00000000        0x8 os_task_common.o
 .group         0x00000000        0x8 os_task_common.o
 .group         0x00000000        0x8 os_task_common.o
 .group         0x00000000        0x8 os_task_common.o
 .group         0x00000000        0x8 os_task_common.o
 .group         0x00000000        0x8 os_task_common.o
 .group         0x00000000        0x8 os_task_common.o
 .debug_macro   0x00000000      0x86e os_task_common.o
 .debug_macro   0x00000000       0x4c os_task_common.o
 .debug_macro   0x00000000       0x88 os_task_common.o
 .debug_macro   0x00000000       0x16 os_task_common.o
 .debug_macro   0x00000000       0x28 os_task_common.o
 .debug_macro   0x00000000       0x46 os_task_common.o
 .debug_macro   0x00000000       0x10 os_task_common.o
 .debug_macro   0x00000000       0x28 os_task_common.o
 .group         0x00000000        0x8 os_task_queue.o
 .group         0x00000000        0x8 os_task_queue.o
 .group         0x00000000        0x8 os_task_queue.o
 .group         0x00000000        0x8 os_task_queue.o
 .group         0x00000000        0x8 os_task_queue.o
 .group         0x00000000        0x8 os_task_queue.o
 .group         0x00000000        0x8 os_task_queue.o
 .group         0x00000000        0x8 os_task_queue.o
 .group         0x00000000        0x8 os_task_queue.o
 .debug_macro   0x00000000      0x86e os_task_queue.o
 .debug_macro   0x00000000       0x4c os_task_queue.o
 .debug_macro   0x00000000       0x88 os_task_queue.o
 .debug_macro   0x00000000       0x16 os_task_queue.o
 .debug_macro   0x00000000       0x28 os_task_queue.o
 .debug_macro   0x00000000       0x46 os_task_queue.o
 .debug_macro   0x00000000       0x10 os_task_queue.o
 .debug_macro   0x00000000       0x28 os_task_queue.o
 .group         0x00000000        0x8 os_task_scheduler.o
 .group         0x00000000        0x8 os_task_scheduler.o
 .group         0x00000000        0x8 os_task_scheduler.o
 .group         0x00000000        0x8 os_task_scheduler.o
 .group         0x00000000        0x8 os_task_scheduler.o
 .group         0x00000000        0x8 os_task_scheduler.o
 .group         0x00000000        0x8 os_task_scheduler.o
 .group         0x00000000        0x8 os_task_scheduler.o
 .group         0x00000000        0x8 os_task_scheduler.o
 .debug_macro   0x00000000      0x86e os_task_scheduler.o
 .debug_macro   0x00000000       0x4c os_task_scheduler.o
 .debug_macro   0x00000000       0x88 os_task_scheduler.o
 .debug_macro   0x00000000       0x16 os_task_scheduler.o
 .debug_macro   0x00000000       0x28 os_task_scheduler.o
 .debug_macro   0x00000000       0x46 os_task_scheduler.o
 .debug_macro   0x00000000       0x10 os_task_scheduler.o
 .debug_macro   0x00000000       0x28 os_task_scheduler.o
 .debug_macro   0x00000000       0x1c os_task_scheduler.o
 .group         0x00000000        0x8 os_stack.o
 .group         0x00000000        0x8 os_stack.o
 .group         0x00000000        0x8 os_stack.o
 .group         0x00000000        0x8 os_stack.o
 .group         0x00000000        0x8 os_stack.o
 .group         0x00000000        0x8 os_stack.o
 .group         0x00000000        0x8 os_stack.o
 .debug_macro   0x00000000      0x86e os_stack.o
 .debug_macro   0x00000000       0x4c os_stack.o
 .debug_macro   0x00000000       0x88 os_stack.o
 .debug_macro   0x00000000       0x16 os_stack.o
 .debug_macro   0x00000000       0x28 os_stack.o
 .debug_macro   0x00000000       0x46 os_stack.o
 .debug_macro   0x00000000       0x10 os_stack.o
 .group         0x00000000        0x8 os_heap.o
 .group         0x00000000        0x8 os_heap.o
 .group         0x00000000        0x8 os_heap.o
 .group         0x00000000        0x8 os_heap.o
 .group         0x00000000        0x8 os_heap.o
 .group         0x00000000        0x8 os_heap.o
 .group         0x00000000        0x8 os_heap.o
 .debug_macro   0x00000000      0x86e os_heap.o
 .debug_macro   0x00000000       0x4c os_heap.o
 .debug_macro   0x00000000       0x88 os_heap.o
 .debug_macro   0x00000000       0x16 os_heap.o
 .debug_macro   0x00000000       0x28 os_heap.o
 .debug_macro   0x00000000       0x46 os_heap.o
 .debug_macro   0x00000000       0x10 os_heap.o
 .group         0x00000000        0x8 os_diagnostic_main.o
 .group         0x00000000        0x8 os_diagnostic_main.o
 .group         0x00000000        0x8 os_diagnostic_main.o
 .group         0x00000000        0x8 os_diagnostic_main.o
 .group         0x00000000        0x8 os_diagnostic_main.o
 .group         0x00000000        0x8 os_diagnostic_main.o
 .group         0x00000000        0x8 os_diagnostic_main.o
 .debug_macro   0x00000000      0x86e os_diagnostic_main.o
 .debug_macro   0x00000000       0x4c os_diagnostic_main.o
 .debug_macro   0x00000000       0x88 os_diagnostic_main.o
 .debug_macro   0x00000000       0x16 os_diagnostic_main.o
 .debug_macro   0x00000000       0x28 os_diagnostic_main.o
 .debug_macro   0x00000000       0x46 os_diagnostic_main.o
 .debug_macro   0x00000000       0x10 os_diagnostic_main.o
 .group         0x00000000        0x8 led.o
 .group         0x00000000        0x8 led.o
 .group         0x00000000        0x8 led.o
 .group         0x00000000        0x8 led.o
 .group         0x00000000        0x8 led.o
 .group         0x00000000        0x8 led.o
 .group         0x00000000        0x8 led.o
 .debug_macro   0x00000000      0x86e led.o
 .debug_macro   0x00000000       0x4c led.o
 .debug_macro   0x00000000       0x88 led.o
 .debug_macro   0x00000000       0x16 led.o
 .debug_macro   0x00000000       0x28 led.o
 .debug_macro   0x00000000       0x46 led.o
 .debug_macro   0x00000000       0x10 led.o
 .group         0x00000000        0x8 os_ram.o
 .group         0x00000000        0x8 os_ram.o
 .group         0x00000000        0x8 os_ram.o
 .group         0x00000000        0x8 os_ram.o
 .group         0x00000000        0x8 os_ram.o
 .group         0x00000000        0x8 os_ram.o
 .group         0x00000000        0x8 os_ram.o
 .debug_macro   0x00000000      0x86e os_ram.o
 .debug_macro   0x00000000       0x4c os_ram.o
 .debug_macro   0x00000000       0x88 os_ram.o
 .debug_macro   0x00000000       0x16 os_ram.o
 .debug_macro   0x00000000       0x28 os_ram.o
 .debug_macro   0x00000000       0x46 os_ram.o
 .debug_macro   0x00000000       0x10 os_ram.o
 .group         0x00000000        0x8 os_shared_ram.o
 .group         0x00000000        0x8 os_shared_ram.o
 .group         0x00000000        0x8 os_shared_ram.o
 .group         0x00000000        0x8 os_shared_ram.o
 .group         0x00000000        0x8 os_shared_ram.o
 .group         0x00000000        0x8 os_shared_ram.o
 .group         0x00000000        0x8 os_shared_ram.o
 .debug_macro   0x00000000      0x86e os_shared_ram.o
 .debug_macro   0x00000000       0x4c os_shared_ram.o
 .debug_macro   0x00000000       0x88 os_shared_ram.o
 .debug_macro   0x00000000       0x16 os_shared_ram.o
 .debug_macro   0x00000000       0x28 os_shared_ram.o
 .debug_macro   0x00000000       0x46 os_shared_ram.o
 .debug_macro   0x00000000       0x10 os_shared_ram.o

Memory Configuration

Name             Origin             Length             Attributes
rom              0x08000000         0x00100000
ram              0x20000000         0x00030000
*default*        0x00000000         0xffffffff

Linker script and memory map


.text           0x08000000    0x13238
                0x08000000                _ivec_start = .
 os_exception_table.o()
 .text          0x08000000        0x0 os_exception_table.o
 .data          0x08000000      0x400 os_exception_table.o
                0x08000000                isr_vec_table
 .bss           0x08000400        0x0 os_exception_table.o
 .debug_info    0x08000400       0x9a os_exception_table.o
 .debug_abbrev  0x0800049a       0x6d os_exception_table.o
 .debug_aranges
                0x08000507       0x18 os_exception_table.o
 .debug_macro   0x0800051f       0x9a os_exception_table.o
 .debug_macro   0x080005b9      0x86e os_exception_table.o
 .debug_macro   0x08000e27       0x4c os_exception_table.o
 .debug_macro   0x08000e73       0x88 os_exception_table.o
 .debug_macro   0x08000efb       0x16 os_exception_table.o
 .debug_macro   0x08000f11       0x28 os_exception_table.o
 .debug_macro   0x08000f39       0x46 os_exception_table.o
 .debug_macro   0x08000f7f       0x10 os_exception_table.o
 .debug_macro   0x08000f8f       0x10 os_exception_table.o
 .debug_line    0x08000f9f      0x1df os_exception_table.o
 .debug_str     0x0800117e     0x2a5a os_exception_table.o
                               0x2a9a (size before relaxing)
 .comment       0x08003bd8       0x70 os_exception_table.o
                                 0x71 (size before relaxing)
 .ARM.attributes
                0x08003c48       0x33 os_exception_table.o
 .iplt          0x00000000        0x0 os_exception_table.o
 .rel.iplt      0x00000000        0x0 os_exception_table.o
 .igot.plt      0x00000000        0x0 os_exception_table.o
                0x08003c7b                _ivec_end = .
                0x08003c7b                PROVIDE (ivec_start, .)
                0x08003c7b                PROVIDE (ivec_end, .)
                0x08003c7b                _const_start = .
 os_const.o()
 *fill*         0x08003c7b        0x1 
 .text          0x08003c7c        0x0 os_const.o
 .data          0x08003c7c        0x0 os_const.o
 .bss           0x08003c7c        0x0 os_const.o
 .debug_info    0x08003c7c       0x3a os_const.o
 .debug_abbrev  0x08003cb6       0x1c os_const.o
 .debug_aranges
                0x08003cd2       0x18 os_const.o
 .debug_macro   0x08003cea       0x91 os_const.o
 .debug_line    0x08003d7b      0x1b7 os_const.o
 .debug_str     0x08003f32       0x46 os_const.o
                               0x2a29 (size before relaxing)
 .comment       0x00000000       0x71 os_const.o
 .ARM.attributes
                0x08003f78       0x33 os_const.o
                0x08003fab                _const_end = .
                0x08003fab                PROVIDE (const_start, .)
                0x08003fab                PROVIDE (const_end, .)
                0x08003fab                _code_start = .
 lld_global.o()
 *fill*         0x08003fab        0x1 
 .text          0x08003fac       0xc8 lld_global.o
                0x08003fac                Get_core_id
                0x08003fc4                LLF_SAVE_TASK_STACK
                0x08003fe0                LLF_SAVE_REGISTERS
                0x08003ff4                LLF_RESTORE_TASK_STACK
                0x08004010                LLF_RESTORE_REGISTERS
                0x08004024                LLF_RESTORE_SYSTEM_STACK
                0x08004040                LLF_SAVE_SYSTEM_STACK
                0x0800405c                LLF_CLEAR_ALL_GP_REGISTERS
                0x08004068                LLF_PERFORM_RAM_CHECK
 .data          0x08004074        0x0 lld_global.o
 .bss           0x08004074        0x0 lld_global.o
 .debug_info    0x08004074      0x451 lld_global.o
 .debug_abbrev  0x080044c5      0x11e lld_global.o
 .debug_aranges
                0x080045e3       0x20 lld_global.o
 .debug_macro   0x08004603       0xc4 lld_global.o
 .debug_macro   0x080046c7       0x7c lld_global.o
 .debug_macro   0x08004743       0x28 lld_global.o
 .debug_line    0x0800476b      0x1e3 lld_global.o
 .debug_str     0x0800494e      0x432 lld_global.o
                               0x2da4 (size before relaxing)
 .comment       0x00000000       0x71 lld_global.o
 .debug_frame   0x08004d80      0x170 lld_global.o
 .ARM.attributes
                0x08004ef0       0x33 lld_global.o
 lld_interrupt.o()
 *fill*         0x08004f23        0x1 
 .text          0x08004f24       0x2c lld_interrupt.o
                0x08004f24                LLF_INT_DISABLE
                0x08004f34                LLF_INT_ENABLE
                0x08004f44                LLF_DISABLE_INTERRUPTS_ALL_CORES
 .data          0x08004f50        0x0 lld_interrupt.o
 .bss           0x08004f50        0x0 lld_interrupt.o
 .debug_info    0x08004f50       0x75 lld_interrupt.o
 .debug_abbrev  0x08004fc5       0x50 lld_interrupt.o
 .debug_aranges
                0x08005015       0x20 lld_interrupt.o
 .debug_macro   0x08005035       0xc8 lld_interrupt.o
 .debug_line    0x080050fd      0x1d5 lld_interrupt.o
 .debug_str     0x080052d2       0x8e lld_interrupt.o
                               0x2ab3 (size before relaxing)
 .comment       0x00000000       0x71 lld_interrupt.o
 .debug_frame   0x08005360       0x74 lld_interrupt.o
 .ARM.attributes
                0x080053d4       0x33 lld_interrupt.o
 lld_mmu.o()
 *fill*         0x08005407        0x1 
 .text          0x08005408       0x50 lld_mmu.o
                0x08005408                LLF_MPU_DISABLE
                0x08005414                LLF_MPU_ENABLE
                0x08005420                LLF_MPU_SWITCH_OFF_ALL_REGIONS
                0x0800542c                LLF_GET_MPU_PRESENT
 .data          0x08005458        0x0 lld_mmu.o
 .bss           0x08005458        0x0 lld_mmu.o
 .debug_info    0x08005458       0xa4 lld_mmu.o
 .debug_abbrev  0x080054fc       0x6e lld_mmu.o
 .debug_aranges
                0x0800556a       0x20 lld_mmu.o
 .debug_macro   0x0800558a       0xca lld_mmu.o
 .debug_line    0x08005654      0x1d2 lld_mmu.o
 .debug_str     0x08005826       0xc2 lld_mmu.o
                               0x2aff (size before relaxing)
 .comment       0x00000000       0x71 lld_mmu.o
 .debug_frame   0x080058e8       0xa4 lld_mmu.o
 .ARM.attributes
                0x0800598c       0x33 lld_mmu.o
 lld_ram.o()
 *fill*         0x080059bf        0x1 
 .text          0x080059c0       0x28 lld_ram.o
                0x080059c0                LLF_CLEAR_ALL_RAM
 .data          0x080059e8        0x0 lld_ram.o
 .bss           0x080059e8        0x0 lld_ram.o
 .debug_info    0x080059e8       0x53 lld_ram.o
 .debug_abbrev  0x08005a3b       0x38 lld_ram.o
 .debug_aranges
                0x08005a73       0x20 lld_ram.o
 .debug_macro   0x08005a93       0xc4 lld_ram.o
 .debug_line    0x08005b57      0x1cb lld_ram.o
 .debug_str     0x08005d22       0x5a lld_ram.o
                               0x2a7f (size before relaxing)
 .comment       0x00000000       0x71 lld_ram.o
 .debug_frame   0x08005d7c       0x34 lld_ram.o
 .ARM.attributes
                0x08005db0       0x33 lld_ram.o
 lld_timer.o()
 *fill*         0x08005de3        0x1 
 .text          0x08005de4       0x30 lld_timer.o
                0x08005de4                LLF_UP_CNT_TIMER_32
                0x08005df4                LLF_ADD_2_TCMP
                0x08005e08                LLF_TCMP1_CONFIG
 .data          0x08005e14        0x0 lld_timer.o
 .bss           0x08005e14        0x0 lld_timer.o
 .debug_info    0x08005e14       0xa2 lld_timer.o
 .debug_abbrev  0x08005eb6       0x88 lld_timer.o
 .debug_aranges
                0x08005f3e       0x20 lld_timer.o
 .debug_macro   0x08005f5e       0xc4 lld_timer.o
 .debug_line    0x08006022      0x1cf lld_timer.o
 .debug_str     0x080061f1       0x8e lld_timer.o
                               0x2ac4 (size before relaxing)
 .comment       0x00000000       0x71 lld_timer.o
 *fill*         0x0800627f        0x1 
 .debug_frame   0x08006280       0x80 lld_timer.o
 .ARM.attributes
                0x08006300       0x33 lld_timer.o
 lld_power.o()
 *fill*         0x08006333        0x1 
 .text          0x08006334       0x28 lld_power.o
                0x08006334                LLF_MCU_SWITCH_OFF_POWER
                0x08006340                LLF_MCU_RESET_POWER
 .data          0x0800635c        0x0 lld_power.o
 .bss           0x0800635c        0x0 lld_power.o
 .debug_info    0x0800635c       0x6f lld_power.o
 .debug_abbrev  0x080063cb       0x5d lld_power.o
 .debug_aranges
                0x08006428       0x20 lld_power.o
 .debug_macro   0x08006448       0xd0 lld_power.o
 .debug_line    0x08006518      0x1ce lld_power.o
 .debug_str     0x080066e6       0xbb lld_power.o
                               0x2ae7 (size before relaxing)
 .comment       0x00000000       0x71 lld_power.o
 *fill*         0x080067a1        0x3 
 .debug_frame   0x080067a4       0x50 lld_power.o
 .ARM.attributes
                0x080067f4       0x33 lld_power.o
 os_exception_reset.o()
 *fill*         0x08006827        0x1 
 .text          0x08006828       0x80 E:\NeuOrga\Programmieren\c_cpp\github_os\output\os_drivers\obj_arm\os_exception_reset.o
                0x08006828                OS_Exception_RESET
 .data          0x080068a8        0x0 E:\NeuOrga\Programmieren\c_cpp\github_os\output\os_drivers\obj_arm\os_exception_reset.o
 .bss           0x080068a8        0x0 E:\NeuOrga\Programmieren\c_cpp\github_os\output\os_drivers\obj_arm\os_exception_reset.o
 .debug_line    0x080068a8       0xb0 E:\NeuOrga\Programmieren\c_cpp\github_os\output\os_drivers\obj_arm\os_exception_reset.o
 .debug_info    0x08006958       0xaa E:\NeuOrga\Programmieren\c_cpp\github_os\output\os_drivers\obj_arm\os_exception_reset.o
 .debug_abbrev  0x08006a02       0x14 E:\NeuOrga\Programmieren\c_cpp\github_os\output\os_drivers\obj_arm\os_exception_reset.o
 *fill*         0x08006a16        0x2 
 .debug_aranges
                0x08006a18       0x20 E:\NeuOrga\Programmieren\c_cpp\github_os\output\os_drivers\obj_arm\os_exception_reset.o
 .ARM.attributes
                0x08006a38       0x14 E:\NeuOrga\Programmieren\c_cpp\github_os\output\os_drivers\obj_arm\os_exception_reset.o
 os_common.o()
 .text          0x08006a4c       0x38 os_common.o
                0x08006a4c                OS_SET_SW_BUG
                0x08006a74                Get_current_time
 .data          0x08006a84        0x0 os_common.o
 .bss           0x08006a84       0x10 os_common.o
 .debug_info    0x08006a94      0x16a os_common.o
 .debug_abbrev  0x08006bfe       0xa9 os_common.o
 .debug_aranges
                0x08006ca7       0x20 os_common.o
 .debug_macro   0x08006cc7       0x95 os_common.o
 .debug_line    0x08006d5c      0x1de os_common.o
 .debug_str     0x08006f3a      0x2a8 os_common.o
                               0x2ca5 (size before relaxing)
 .comment       0x00000000       0x71 os_common.o
 *fill*         0x080071e2        0x2 
 .debug_frame   0x080071e4       0x5c os_common.o
 .ARM.attributes
                0x08007240       0x33 os_common.o
 os_driver_hook.o()
 *fill*         0x08007273        0x1 
 .text          0x08007274        0x0 os_driver_hook.o
 .data          0x08007274        0x0 os_driver_hook.o
 .bss           0x08007274        0x0 os_driver_hook.o
 .debug_info    0x08007274       0x3a os_driver_hook.o
 .debug_abbrev  0x080072ae       0x1c os_driver_hook.o
 .debug_aranges
                0x080072ca       0x18 os_driver_hook.o
 .debug_macro   0x080072e2       0x91 os_driver_hook.o
 .debug_line    0x08007373      0x1bd os_driver_hook.o
 .debug_str     0x08007530       0x4c os_driver_hook.o
                               0x2a2f (size before relaxing)
 .comment       0x00000000       0x71 os_driver_hook.o
 .ARM.attributes
                0x0800757c       0x33 os_driver_hook.o
 os_exception.o()
 *fill*         0x080075af        0x1 
 .text          0x080075b0      0x10c os_exception.o
                0x08007610                OS_Exception_HARDFAULT
                0x0800761c                OS_Exception_NMI
                0x08007628                OS_Exception_SWI
                0x08007634                OS_Exception_BUS_FAULT
                0x08007640                OS_Exception_DEBUG
                0x0800764c                OS_Exception_MEM_MANAG_FAULT
                0x08007658                OS_Exception_USAGE_FAULT
                0x08007664                OS_Exception_PendSV
                0x0800766c                OS_Exception_Systick
                0x08007674                OS_Exception_IRQ
                0x08007680                OS_Exception_FIQ
                0x0800768c                TCMP1
                0x08007698                TCMP2
                0x080076a4                TCMP3
                0x080076b0                TCMP4
 .data          0x080076bc        0x0 os_exception.o
 .bss           0x080076bc        0x0 os_exception.o
 .debug_info    0x080076bc      0x1bd os_exception.o
 .debug_abbrev  0x08007879       0xb0 os_exception.o
 .debug_aranges
                0x08007929       0x20 os_exception.o
 .debug_macro   0x08007949       0xd0 os_exception.o
 .debug_macro   0x08007a19      0x868 os_exception.o
 .debug_line    0x08008281      0x268 os_exception.o
 .debug_str     0x080084e9      0x3ab os_exception.o
                               0x2d38 (size before relaxing)
 .comment       0x00000000       0x71 os_exception.o
 .debug_frame   0x08008894      0x1d8 os_exception.o
 .ARM.attributes
                0x08008a6c       0x33 os_exception.o
 os_exception_isr_handler.o()
 *fill*         0x08008a9f        0x1 
 .text          0x08008aa0       0x30 os_exception_isr_handler.o
                0x08008aa0                OS_ISRHANDLERC0
                0x08008aac                OS_ISRHANDLERC1
                0x08008ab8                OS_ISRHANDLERC2
                0x08008ac4                OS_ISRHANDLERC3
 .data          0x08008ad0        0x0 os_exception_isr_handler.o
 .bss           0x08008ad0        0x0 os_exception_isr_handler.o
 .debug_info    0x08008ad0       0x86 os_exception_isr_handler.o
 .debug_abbrev  0x08008b56       0x38 os_exception_isr_handler.o
 .debug_aranges
                0x08008b8e       0x20 os_exception_isr_handler.o
 .debug_macro   0x08008bae       0x9e os_exception_isr_handler.o
 .debug_macro   0x08008c4c       0x28 os_exception_isr_handler.o
 .debug_line    0x08008c74      0x20a os_exception_isr_handler.o
 .debug_str     0x08008e7e      0x106 os_exception_isr_handler.o
                               0x2ae9 (size before relaxing)
 .comment       0x00000000       0x71 os_exception_isr_handler.o
 .debug_frame   0x08008f84       0x80 os_exception_isr_handler.o
 .ARM.attributes
                0x08009004       0x33 os_exception_isr_handler.o
 os_exception_table.o()
 os_init_task_system.o()
 *fill*         0x08009037        0x1 
 .text          0x08009038        0xc os_init_task_system.o
                0x08009038                OS_INIT_TASK_SYSTEM
 .data          0x08009044        0x0 os_init_task_system.o
 .bss           0x08009044        0x0 os_init_task_system.o
 .debug_info    0x08009044       0x53 os_init_task_system.o
 .debug_abbrev  0x08009097       0x38 os_init_task_system.o
 .debug_aranges
                0x080090cf       0x20 os_init_task_system.o
 .debug_macro   0x080090ef       0xa4 os_init_task_system.o
 .debug_macro   0x08009193       0x22 os_init_task_system.o
 .debug_line    0x080091b5      0x1fc os_init_task_system.o
 .debug_str     0x080093b1       0x65 os_init_task_system.o
                               0x2ab8 (size before relaxing)
 .comment       0x00000000       0x71 os_init_task_system.o
 *fill*         0x08009416        0x2 
 .debug_frame   0x08009418       0x2c os_init_task_system.o
 .ARM.attributes
                0x08009444       0x33 os_init_task_system.o
 os_main.o()
 *fill*         0x08009477        0x1 
 .text          0x08009478       0x6c os_main.o
                0x08009478                OS_STATE_HANDLER
 .data          0x080094e4        0x0 os_main.o
 .bss           0x080094e4        0x2 os_main.o
 .debug_info    0x080094e6       0xdd os_main.o
 .debug_abbrev  0x080095c3       0x6c os_main.o
 .debug_aranges
                0x0800962f       0x20 os_main.o
 .debug_macro   0x0800964f       0xc6 os_main.o
 .debug_line    0x08009715      0x260 os_main.o
 .debug_str     0x08009975      0x132 os_main.o
                               0x2bcc (size before relaxing)
 .comment       0x00000000       0x71 os_main.o
 *fill*         0x08009aa7        0x1 
 .debug_frame   0x08009aa8       0x2c os_main.o
 .ARM.attributes
                0x08009ad4       0x33 os_main.o
 os_memory_mmu_setup.o()
 *fill*         0x08009b07        0x1 
 .text          0x08009b08        0xc os_memory_mmu_setup.o
                0x08009b08                OS_MMU_SETUP
 .data          0x08009b14        0x0 os_memory_mmu_setup.o
 .bss           0x08009b14        0x0 os_memory_mmu_setup.o
 .debug_info    0x08009b14       0x53 os_memory_mmu_setup.o
 .debug_abbrev  0x08009b67       0x38 os_memory_mmu_setup.o
 .debug_aranges
                0x08009b9f       0x20 os_memory_mmu_setup.o
 .debug_macro   0x08009bbf       0xcd os_memory_mmu_setup.o
 .debug_line    0x08009c8c      0x1d2 os_memory_mmu_setup.o
 .debug_str     0x08009e5e      0x1cc os_memory_mmu_setup.o
                               0x2baf (size before relaxing)
 .comment       0x00000000       0x71 os_memory_mmu_setup.o
 *fill*         0x0800a02a        0x2 
 .debug_frame   0x0800a02c       0x34 os_memory_mmu_setup.o
 .ARM.attributes
                0x0800a060       0x33 os_memory_mmu_setup.o
 os_memory_virtualisation.o()
 *fill*         0x0800a093        0x1 
 .text          0x0800a094       0x3c os_memory_virtualisation.o
                0x0800a0ac                OS_MALLOC
 .data          0x0800a0d0        0x0 os_memory_virtualisation.o
 .bss           0x0800a0d0        0x0 os_memory_virtualisation.o
 .debug_info    0x0800a0d0       0xee os_memory_virtualisation.o
 .debug_abbrev  0x0800a1be       0x9e os_memory_virtualisation.o
 .debug_aranges
                0x0800a25c       0x20 os_memory_virtualisation.o
 .debug_macro   0x0800a27c       0x91 os_memory_virtualisation.o
 .debug_macro   0x0800a30d       0x6a os_memory_virtualisation.o
 .debug_line    0x0800a377      0x1c6 os_memory_virtualisation.o
 .debug_str     0x0800a53d       0xd7 os_memory_virtualisation.o
                               0x281d (size before relaxing)
 .comment       0x00000000       0x71 os_memory_virtualisation.o
 .debug_frame   0x0800a614       0x60 os_memory_virtualisation.o
 .ARM.attributes
                0x0800a674       0x33 os_memory_virtualisation.o
 os_rte_common.o()
 *fill*         0x0800a6a7        0x1 
 .text          0x0800a6a8        0x0 os_rte_common.o
 .data          0x0800a6a8        0x0 os_rte_common.o
 .bss           0x0800a6a8        0x0 os_rte_common.o
 .debug_info    0x0800a6a8       0x3a os_rte_common.o
 .debug_abbrev  0x0800a6e2       0x1c os_rte_common.o
 .debug_aranges
                0x0800a6fe       0x18 os_rte_common.o
 .debug_macro   0x0800a716       0x91 os_rte_common.o
 .debug_line    0x0800a7a7      0x1bc os_rte_common.o
 .debug_str     0x0800a963       0x4b os_rte_common.o
                               0x2a2e (size before relaxing)
 .comment       0x00000000       0x71 os_rte_common.o
 .ARM.attributes
                0x0800a9ae       0x33 os_rte_common.o
 os_rte_icc.o()
 *fill*         0x0800a9e1        0x3 
 .text          0x0800a9e4       0x60 os_rte_icc.o
                0x0800a9e4                SEND_DATA
                0x0800aa04                SEND_PACKAGE
                0x0800aa24                SEND_FRAME
 .data          0x0800aa44        0x0 os_rte_icc.o
 .bss           0x0800aa44        0x0 os_rte_icc.o
 .debug_info    0x0800aa44      0x180 os_rte_icc.o
 .debug_abbrev  0x0800abc4       0x93 os_rte_icc.o
 .debug_aranges
                0x0800ac57       0x20 os_rte_icc.o
 .debug_macro   0x0800ac77       0x95 os_rte_icc.o
 .debug_line    0x0800ad0c      0x1e4 os_rte_icc.o
 .debug_str     0x0800aef0       0xa9 os_rte_icc.o
                               0x2ac3 (size before relaxing)
 .comment       0x00000000       0x71 os_rte_icc.o
 *fill*         0x0800af99        0x3 
 .debug_frame   0x0800af9c       0x88 os_rte_icc.o
 .ARM.attributes
                0x0800b024       0x33 os_rte_icc.o
 os_shutdown.o()
 *fill*         0x0800b057        0x1 
 .text          0x0800b058       0x24 os_shutdown.o
                0x0800b058                OS_SHUTDOWN
 .data          0x0800b07c        0x0 os_shutdown.o
 .bss           0x0800b07c        0x0 os_shutdown.o
 .debug_info    0x0800b07c       0x86 os_shutdown.o
 .debug_abbrev  0x0800b102       0x6c os_shutdown.o
 .debug_aranges
                0x0800b16e       0x20 os_shutdown.o
 .debug_macro   0x0800b18e       0x9b os_shutdown.o
 .debug_line    0x0800b229      0x1e2 os_shutdown.o
 .debug_str     0x0800b40b       0x6f os_shutdown.o
                               0x2a99 (size before relaxing)
 .comment       0x00000000       0x71 os_shutdown.o
 *fill*         0x0800b47a        0x2 
 .debug_frame   0x0800b47c       0x30 os_shutdown.o
 .ARM.attributes
                0x0800b4ac       0x33 os_shutdown.o
 os_start_ext_prg.o()
 *fill*         0x0800b4df        0x1 
 .text          0x0800b4e0       0x4c os_start_ext_prg.o
                0x0800b4fc                OS_StartExtPrg
 .data          0x0800b52c        0x0 os_start_ext_prg.o
 .bss           0x0800b52c        0x0 os_start_ext_prg.o
 .debug_info    0x0800b52c       0xea os_start_ext_prg.o
 .debug_abbrev  0x0800b616       0x7e os_start_ext_prg.o
 .debug_aranges
                0x0800b694       0x20 os_start_ext_prg.o
 .debug_macro   0x0800b6b4       0x91 os_start_ext_prg.o
 .debug_line    0x0800b745      0x1d9 os_start_ext_prg.o
 .debug_str     0x0800b91e       0x90 os_start_ext_prg.o
                               0x2a95 (size before relaxing)
 .comment       0x00000000       0x71 os_start_ext_prg.o
 *fill*         0x0800b9ae        0x2 
 .debug_frame   0x0800b9b0       0x60 os_start_ext_prg.o
 .ARM.attributes
                0x0800ba10       0x33 os_start_ext_prg.o
 os_start_init_hw.o()
 *fill*         0x0800ba43        0x1 
 .text          0x0800ba44        0xc os_start_init_hw.o
                0x0800ba44                OS_INIT_HW
 .data          0x0800ba50        0x0 os_start_init_hw.o
 .bss           0x0800ba50        0x0 os_start_init_hw.o
 .debug_info    0x0800ba50       0x53 os_start_init_hw.o
 .debug_abbrev  0x0800baa3       0x38 os_start_init_hw.o
 .debug_aranges
                0x0800badb       0x20 os_start_init_hw.o
 .debug_macro   0x0800bafb       0x91 os_start_init_hw.o
 .debug_line    0x0800bb8c      0x1cd os_start_init_hw.o
 .debug_str     0x0800bd59       0x59 os_start_init_hw.o
                               0x2a3c (size before relaxing)
 .comment       0x00000000       0x71 os_start_init_hw.o
 *fill*         0x0800bdb2        0x2 
 .debug_frame   0x0800bdb4       0x34 os_start_init_hw.o
 .ARM.attributes
                0x0800bde8       0x33 os_start_init_hw.o
 os_start_init_mc.o()
 *fill*         0x0800be1b        0x1 
 .text          0x0800be1c        0xc os_start_init_mc.o
                0x0800be1c                OS_INIT_MC
 .data          0x0800be28        0x0 os_start_init_mc.o
 .bss           0x0800be28        0x0 os_start_init_mc.o
 .debug_info    0x0800be28       0x53 os_start_init_mc.o
 .debug_abbrev  0x0800be7b       0x38 os_start_init_mc.o
 .debug_aranges
                0x0800beb3       0x20 os_start_init_mc.o
 .debug_macro   0x0800bed3       0x91 os_start_init_mc.o
 .debug_line    0x0800bf64      0x1d0 os_start_init_mc.o
 .debug_str     0x0800c134       0x59 os_start_init_mc.o
                               0x2a3c (size before relaxing)
 .comment       0x00000000       0x71 os_start_init_mc.o
 *fill*         0x0800c18d        0x3 
 .debug_frame   0x0800c190       0x2c os_start_init_mc.o
 .ARM.attributes
                0x0800c1bc       0x33 os_start_init_mc.o
 os_start_init_sw.o()
 *fill*         0x0800c1ef        0x1 
 .text          0x0800c1f0        0xc os_start_init_sw.o
                0x0800c1f0                OS_INIT_SW
 .data          0x0800c1fc        0x0 os_start_init_sw.o
 .bss           0x0800c1fc        0x0 os_start_init_sw.o
 .debug_info    0x0800c1fc       0x53 os_start_init_sw.o
 .debug_abbrev  0x0800c24f       0x38 os_start_init_sw.o
 .debug_aranges
                0x0800c287       0x20 os_start_init_sw.o
 .debug_macro   0x0800c2a7       0x91 os_start_init_sw.o
 .debug_line    0x0800c338      0x1cd os_start_init_sw.o
 .debug_str     0x0800c505       0x59 os_start_init_sw.o
                               0x2a3c (size before relaxing)
 .comment       0x00000000       0x71 os_start_init_sw.o
 *fill*         0x0800c55e        0x2 
 .debug_frame   0x0800c560       0x34 os_start_init_sw.o
 .ARM.attributes
                0x0800c594       0x33 os_start_init_sw.o
 os_start_os.o()
 *fill*         0x0800c5c7        0x1 
 .text          0x0800c5c8        0xc os_start_os.o
                0x0800c5c8                OS_START_OS
 .data          0x0800c5d4        0x0 os_start_os.o
 .bss           0x0800c5d4        0x0 os_start_os.o
 .debug_info    0x0800c5d4       0x53 os_start_os.o
 .debug_abbrev  0x0800c627       0x38 os_start_os.o
 .debug_aranges
                0x0800c65f       0x20 os_start_os.o
 .debug_macro   0x0800c67f       0x9b os_start_os.o
 .debug_line    0x0800c71a      0x1d6 os_start_os.o
 .debug_str     0x0800c8f0       0x62 os_start_os.o
                               0x2a45 (size before relaxing)
 .comment       0x00000000       0x71 os_start_os.o
 *fill*         0x0800c952        0x2 
 .debug_frame   0x0800c954       0x2c os_start_os.o
 .ARM.attributes
                0x0800c980       0x33 os_start_os.o
 os_task_common.o()
 *fill*         0x0800c9b3        0x1 
 .text          0x0800c9b4      0x1d8 os_task_common.o
                0x0800c9b4                OS_TASK_SAVETASK_ENVIRONMENT
                0x0800c9f4                OS_TASK_RESTORETASK_ENVIRONMENT
                0x0800ca24                OS_TASK_RESTORE_SYSTEM_STACK
                0x0800ca38                OS_TASK_SAVE_SYSTEM_STACK
                0x0800ca4c                OS_Task_InitTaskEnvironment
                0x0800cb30                OS_Task_DeleteTaskEnvironment
                0x0800cb60                OS_Task_CreateTaskEnvironment
 .data          0x0800cb8c        0x0 os_task_common.o
 .bss           0x0800cb8c        0x0 os_task_common.o
 .debug_info    0x0800cb8c      0x503 os_task_common.o
 .debug_abbrev  0x0800d08f      0x129 os_task_common.o
 .debug_aranges
                0x0800d1b8       0x20 os_task_common.o
 .debug_macro   0x0800d1d8       0xa2 os_task_common.o
 .debug_line    0x0800d27a      0x24a os_task_common.o
 .debug_str     0x0800d4c4      0x151 os_task_common.o
                               0x2fe6 (size before relaxing)
 .comment       0x00000000       0x71 os_task_common.o
 *fill*         0x0800d615        0x3 
 .debug_frame   0x0800d618      0x128 os_task_common.o
 .ARM.attributes
                0x0800d740       0x33 os_task_common.o
 *fill*         0x0800d773        0x1 
 COMMON         0x0800d774       0x24 os_task_common.o
                0x0800d774                REGISTER_R2
                0x0800d778                REGISTER_R0
                0x0800d77c                TASK_PTR
                0x0800d790                REGISTER_R1
                0x0800d794                REGISTER_R3
 os_task_queue.o()
 .text          0x0800d798      0xa54 os_task_queue.o
                0x0800d798                SET_RUNNING_TASK
                0x0800d910                OS_INIT_TASK_QUEUE
                0x0800d968                AddToTaskQueue
                0x0800dd28                DeleteFromTaskQueue
                0x0800de28                GetFromTaskQueue
                0x0800de40                GetFromLinkList
                0x0800de64                DeleteFromLinkList
                0x0800de88                AddToLinkList
                0x0800dee8                UpdateLinkList
                0x0800df68                GetIdleTask
                0x0800df7c                AddToIdleTaskQueue
                0x0800e0f8                GetRunningTask
                0x0800e10c                OS_INIT_TASK
 .data          0x0800e1ec        0x0 os_task_queue.o
 .bss           0x0800e1ec      0x3b4 os_task_queue.o
 .debug_info    0x0800e5a0      0x6a8 os_task_queue.o
 .debug_abbrev  0x0800ec48      0x1a7 os_task_queue.o
 .debug_aranges
                0x0800edef       0x20 os_task_queue.o
 .debug_macro   0x0800ee0f       0xa7 os_task_queue.o
 .debug_macro   0x0800eeb6       0x1c os_task_queue.o
 .debug_line    0x0800eed2      0x319 os_task_queue.o
 .debug_str     0x0800f1eb      0x26c os_task_queue.o
                               0x310e (size before relaxing)
 .comment       0x00000000       0x71 os_task_queue.o
 *fill*         0x0800f457        0x1 
 .debug_frame   0x0800f458      0x214 os_task_queue.o
 .ARM.attributes
                0x0800f66c       0x33 os_task_queue.o
 os_task_scheduler.o()
 *fill*         0x0800f69f        0x1 
 .text          0x0800f6a0      0x6e0 os_task_scheduler.o
                0x0800f6a0                OS_ACTIVATE_DISPATCHER
                0x0800f6b0                OS_SLEEPTASK
                0x0800f6d0                task_state_request
                0x0800f7b4                OS_ActivateTask
                0x0800fa7c                OS_INIT_TASKS
                0x0800fd30                ISR_TASK_DISPATCH_C0
                0x0800fd44                ISR_TASK_DISPATCH_C1
                0x0800fd58                ISR_TASK_DISPATCH_C2
                0x0800fd6c                ISR_TASK_DISPATCH_C3
 .data          0x0800fd80        0x0 os_task_scheduler.o
 .bss           0x0800fd80      0x630 os_task_scheduler.o
 .debug_info    0x080103b0      0x76a os_task_scheduler.o
 .debug_abbrev  0x08010b1a      0x1f3 os_task_scheduler.o
 .debug_aranges
                0x08010d0d       0x20 os_task_scheduler.o
 .debug_macro   0x08010d2d       0xaf os_task_scheduler.o
 .debug_line    0x08010ddc      0x357 os_task_scheduler.o
 .debug_str     0x08011133      0x264 os_task_scheduler.o
                               0x3198 (size before relaxing)
 .comment       0x00000000       0x71 os_task_scheduler.o
 *fill*         0x08011397        0x1 
 .debug_frame   0x08011398      0x280 os_task_scheduler.o
 .ARM.attributes
                0x08011618       0x33 os_task_scheduler.o
 os_stack.o()
 *fill*         0x0801164b        0x1 
 .text          0x0801164c        0x0 os_stack.o
 .data          0x0801164c        0x0 os_stack.o
 .bss           0x0801164c        0x0 os_stack.o
 .debug_info    0x0801164c       0x3a os_stack.o
 .debug_abbrev  0x08011686       0x1c os_stack.o
 .debug_aranges
                0x080116a2       0x18 os_stack.o
 .debug_macro   0x080116ba       0x91 os_stack.o
 .debug_line    0x0801174b      0x1b7 os_stack.o
 .debug_str     0x08011902       0x46 os_stack.o
                               0x2a29 (size before relaxing)
 .comment       0x00000000       0x71 os_stack.o
 .ARM.attributes
                0x08011948       0x33 os_stack.o
 os_heap.o()
 *fill*         0x0801197b        0x1 
 .text          0x0801197c      0x22c os_heap.o
                0x0801197c                os_calloc
                0x080119c4                os_realloc
                0x08011a38                os_malloc
                0x08011aa0                os_free
 .data          0x08011ba8        0x0 os_heap.o
 .bss           0x08011ba8        0x0 os_heap.o
 .debug_info    0x08011ba8      0x24e os_heap.o
 .debug_abbrev  0x08011df6      0x10d os_heap.o
 .debug_aranges
                0x08011f03       0x20 os_heap.o
 .debug_macro   0x08011f23       0x95 os_heap.o
 .debug_line    0x08011fb8      0x245 os_heap.o
 .debug_str     0x080121fd       0xe4 os_heap.o
                               0x2afa (size before relaxing)
 .comment       0x00000000       0x71 os_heap.o
 *fill*         0x080122e1        0x3 
 .debug_frame   0x080122e4      0x100 os_heap.o
 .ARM.attributes
                0x080123e4       0x33 os_heap.o
 os_diagnostic_main.o()
 *fill*         0x08012417        0x1 
 .text          0x08012418        0xc os_diagnostic_main.o
                0x08012418                OS_DIAGNOSTIC_MAIN
 .data          0x08012424        0x0 os_diagnostic_main.o
 .bss           0x08012424        0x0 os_diagnostic_main.o
 .debug_info    0x08012424       0x53 os_diagnostic_main.o
 .debug_abbrev  0x08012477       0x38 os_diagnostic_main.o
 .debug_aranges
                0x080124af       0x20 os_diagnostic_main.o
 .debug_macro   0x080124cf       0x91 os_diagnostic_main.o
 .debug_line    0x08012560      0x1cf os_diagnostic_main.o
 .debug_str     0x0801272f       0x63 os_diagnostic_main.o
                               0x2a46 (size before relaxing)
 .comment       0x00000000       0x71 os_diagnostic_main.o
 *fill*         0x08012792        0x2 
 .debug_frame   0x08012794       0x34 os_diagnostic_main.o
 .ARM.attributes
                0x080127c8       0x33 os_diagnostic_main.o
 led.o()
 *fill*         0x080127fb        0x1 
 .text          0x080127fc       0x50 led.o
                0x080127fc                USER_LED_INIT
                0x08012810                USER_LED_ON
                0x08012824                USER_LED_OFF
                0x08012838                USER_LED_TOGGLE
 .data          0x0801284c        0x0 led.o
 .bss           0x0801284c        0x0 led.o
 .debug_info    0x0801284c       0xfa led.o
 .debug_abbrev  0x08012946       0x84 led.o
 .debug_aranges
                0x080129ca       0x20 led.o
 .debug_macro   0x080129ea       0x95 led.o
 .debug_line    0x08012a7f      0x1be led.o
 .debug_str     0x08012c3d       0x97 led.o
                               0x2a7a (size before relaxing)
 .comment       0x00000000       0x71 led.o
 .debug_frame   0x08012cd4       0xb0 led.o
 .ARM.attributes
                0x08012d84       0x33 led.o
                0x08012db7                _code_end = .
                0x08012db7                PROVIDE (code_start, .)
                0x08012db7                PROVIDE (code_end, .)
 *fill*         0x08012db7        0x1 
 .text          0x08012db8      0x370 d:/programm/gnu tools arm embedded/4.9 2015q1/bin/../lib/gcc/arm-none-eabi/4.9.3/armv7e-m\libgcc.a(_arm_addsubdf3.o)
                0x08012db8                __aeabi_drsub
                0x08012dc0                __aeabi_dsub
                0x08012dc0                __subdf3
                0x08012dc4                __aeabi_dadd
                0x08012dc4                __adddf3
                0x0801303c                __floatunsidf
                0x0801303c                __aeabi_ui2d
                0x0801305c                __floatsidf
                0x0801305c                __aeabi_i2d
                0x08013080                __aeabi_f2d
                0x08013080                __extendsfdf2
                0x080130bc                __floatundidf
                0x080130bc                __aeabi_ul2d
                0x080130cc                __floatdidf
                0x080130cc                __aeabi_l2d
 .text          0x08013128      0x110 d:/programm/gnu tools arm embedded/4.9 2015q1/bin/../lib/gcc/arm-none-eabi/4.9.3/armv7e-m\libgcc.a(_arm_cmpdf2.o)
                0x08013128                __gtdf2
                0x08013128                __gedf2
                0x08013130                __ltdf2
                0x08013130                __ledf2
                0x08013138                __nedf2
                0x08013138                __eqdf2
                0x08013138                __cmpdf2
                0x080131b4                __aeabi_cdrcmple
                0x080131c4                __aeabi_cdcmpeq
                0x080131c4                __aeabi_cdcmple
                0x080131d4                __aeabi_dcmpeq
                0x080131e8                __aeabi_dcmplt
                0x080131fc                __aeabi_dcmple
                0x08013210                __aeabi_dcmpge
                0x08013224                __aeabi_dcmpgt

.glue_7         0x08013238        0x0
 .glue_7        0x00000000        0x0 linker stubs

.glue_7t        0x08013238        0x0
 .glue_7t       0x00000000        0x0 linker stubs

.vfp11_veneer   0x08013238        0x0
 .vfp11_veneer  0x00000000        0x0 linker stubs

.v4_bx          0x08013238        0x0
 .v4_bx         0x00000000        0x0 linker stubs

.data           0x20000000     0x7014
                0x20000000                _ram_start = .
 os_ram.o()
 .text          0x20000000        0x0 os_ram.o
 .data          0x20000000        0x0 os_ram.o
 .bss           0x20000000        0x0 os_ram.o
 .debug_info    0x20000000      0x11b os_ram.o
 .debug_abbrev  0x2000011b       0x5c os_ram.o
 .debug_aranges
                0x20000177       0x18 os_ram.o
 .debug_macro   0x2000018f       0x99 os_ram.o
 .debug_line    0x20000228      0x1d0 os_ram.o
 .debug_str     0x200003f8     0x2a98 os_ram.o
                               0x2ad8 (size before relaxing)
 .comment       0x20002e90       0x70 os_ram.o
                                 0x71 (size before relaxing)
 .ARM.attributes
                0x20002f00       0x33 os_ram.o
 *fill*         0x20002f33        0x1 
 COMMON         0x20002f34     0x2924 os_ram.o
                0x20002f34                OS_STACK
                0x20003034                VAR_AUX_FAULT_STATUS_REG
                0x20003038                OS_MAIN_STACK
                0x20003138                VAR_HARDFAULT_STATUS_REG
                0x2000313c                HEAP
                0x2000584c                VAR_FAULT_STATUS_REG
                0x20005850                VAR_MEM_FAULT_ADDR_REG
                0x20005854                VAR_BUS_FAULT_ADDR_REG
 os_shared_ram.o()
 .text          0x20005858        0x0 os_shared_ram.o
 .data          0x20005858        0x0 os_shared_ram.o
 .bss           0x20005858        0x0 os_shared_ram.o
 .debug_info    0x20005858      0x16c os_shared_ram.o
 .debug_abbrev  0x200059c4       0x4c os_shared_ram.o
 .debug_aranges
                0x20005a10       0x18 os_shared_ram.o
 .debug_macro   0x20005a28       0xf1 os_shared_ram.o
 .debug_line    0x20005b19      0x1bc os_shared_ram.o
 .debug_str     0x20005cd5      0x30b os_shared_ram.o
                               0x2d07 (size before relaxing)
 .comment       0x00000000       0x71 os_shared_ram.o
 .ARM.attributes
                0x20005fe0       0x33 os_shared_ram.o
 *fill*         0x20006013        0x1 
 COMMON         0x20006014     0x1000 os_shared_ram.o
                0x20006014                RAM_BLOCK_C01_C01
                0x20006114                RAM_BLOCK_C01_C00
                0x20006214                RAM_BLOCK_C00_C00
                0x20006314                RAM_BLOCK_C01_C03
                0x20006414                RAM_BLOCK_C03_C01
                0x20006514                RAM_BLOCK_C00_C01
                0x20006614                RAM_BLOCK_C02_C01
                0x20006714                RAM_BLOCK_C01_C02
                0x20006814                RAM_BLOCK_C03_C00
                0x20006914                RAM_BLOCK_C02_C00
                0x20006a14                RAM_BLOCK_C02_C02
                0x20006b14                RAM_BLOCK_C03_C03
                0x20006c14                RAM_BLOCK_C03_C02
                0x20006d14                RAM_BLOCK_C00_C03
                0x20006e14                RAM_BLOCK_C00_C02
                0x20006f14                RAM_BLOCK_C02_C03
                0x20007014                _ram_end = .
                0x20007014                PROVIDE (ram_start, .)
                0x20007014                PROVIDE (ram_end, .)
 .data          0x20007014        0x0 d:/programm/gnu tools arm embedded/4.9 2015q1/bin/../lib/gcc/arm-none-eabi/4.9.3/armv7e-m\libgcc.a(_arm_addsubdf3.o)
 .data          0x20007014        0x0 d:/programm/gnu tools arm embedded/4.9 2015q1/bin/../lib/gcc/arm-none-eabi/4.9.3/armv7e-m\libgcc.a(_arm_cmpdf2.o)
START GROUP
LOAD d:/programm/gnu tools arm embedded/4.9 2015q1/bin/../lib/gcc/arm-none-eabi/4.9.3/armv7e-m\libgcc.a
LOAD d:/programm/gnu tools arm embedded/4.9 2015q1/bin/../lib/gcc/arm-none-eabi/4.9.3/../../../../arm-none-eabi/lib/armv7e-m\libg.a
LOAD d:/programm/gnu tools arm embedded/4.9 2015q1/bin/../lib/gcc/arm-none-eabi/4.9.3/../../../../arm-none-eabi/lib/armv7e-m\libc.a
END GROUP
OUTPUT(E:\NeuOrga\Programmieren\c_cpp\github_os\output\VERSION_ARM\operating_system.elf elf32-littlearm)

.bss            0x20007014        0x0
 .bss           0x20007014        0x0 d:/programm/gnu tools arm embedded/4.9 2015q1/bin/../lib/gcc/arm-none-eabi/4.9.3/armv7e-m\libgcc.a(_arm_addsubdf3.o)
 .bss           0x20007014        0x0 d:/programm/gnu tools arm embedded/4.9 2015q1/bin/../lib/gcc/arm-none-eabi/4.9.3/armv7e-m\libgcc.a(_arm_cmpdf2.o)

.ARM.attributes
                0x00000000       0x31
 .ARM.attributes
                0x00000000       0x1e d:/programm/gnu tools arm embedded/4.9 2015q1/bin/../lib/gcc/arm-none-eabi/4.9.3/armv7e-m\libgcc.a(_arm_addsubdf3.o)
 .ARM.attributes
                0x0000001e       0x1e d:/programm/gnu tools arm embedded/4.9 2015q1/bin/../lib/gcc/arm-none-eabi/4.9.3/armv7e-m\libgcc.a(_arm_cmpdf2.o)
