Archive member included because of file (symbol)

d:/programm/gnu tools arm embedded/4.9 2015q1/bin/../lib/gcc/arm-none-eabi/4.9.3/armv7e-m\libgcc.a(_arm_addsubdf3.o)
                              os_task_scheduler.o (__aeabi_ui2d)
d:/programm/gnu tools arm embedded/4.9 2015q1/bin/../lib/gcc/arm-none-eabi/4.9.3/armv7e-m\libgcc.a(_arm_cmpdf2.o)
                              os_task_scheduler.o (__aeabi_dcmpgt)

Allocating common symbols
Common symbol       size              file

RAM_BLOCK_C01_C01   0x100             os_shared_ram.o
REGISTER_R2         0x4               os_task_common.o
REGISTER_R0         0x4               os_task_common.o
OS_STACK            0x100             os_ram.o
RAM_BLOCK_C01_C00   0x100             os_shared_ram.o
RAM_BLOCK_C00_C00   0x100             os_shared_ram.o
RAM_BLOCK_C01_C03   0x100             os_shared_ram.o
RAM_BLOCK_C03_C01   0x100             os_shared_ram.o
RAM_BLOCK_C00_C01   0x100             os_shared_ram.o
TASK_PTR            0x14              os_task_common.o
OS_MAIN_STACK       0x100             os_ram.o
RAM_BLOCK_C02_C01   0x100             os_shared_ram.o
RAM_BLOCK_C01_C02   0x100             os_shared_ram.o
RAM_BLOCK_C03_C00   0x100             os_shared_ram.o
REGISTER_R1         0x4               os_task_common.o
RAM_BLOCK_C02_C00   0x100             os_shared_ram.o
RAM_BLOCK_C02_C02   0x100             os_shared_ram.o
RAM_BLOCK_C03_C03   0x100             os_shared_ram.o
RAM_BLOCK_C03_C02   0x100             os_shared_ram.o
RAM_BLOCK_C00_C03   0x100             os_shared_ram.o
HEAP                0x2710            os_ram.o
REGISTER_R3         0x4               os_task_common.o
RAM_BLOCK_C00_C02   0x100             os_shared_ram.o
RAM_BLOCK_C02_C03   0x100             os_shared_ram.o

Discarded input sections

 .group         0x00000000        0x8 os_exception_table.o
 .group         0x00000000        0x8 os_exception_table.o
 .group         0x00000000        0x8 os_exception_table.o
 .group         0x00000000        0x8 os_exception_table.o
 .group         0x00000000        0x8 os_exception_table.o
 .group         0x00000000        0x8 os_exception_table.o
 .group         0x00000000        0x8 os_exception_table.o
 .group         0x00000000        0x8 os_exception_table.o
 .group         0x00000000        0x8 os_const.o
 .group         0x00000000        0x8 os_const.o
 .group         0x00000000        0x8 os_const.o
 .group         0x00000000        0x8 os_const.o
 .group         0x00000000        0x8 os_const.o
 .group         0x00000000        0x8 os_const.o
 .group         0x00000000        0x8 os_const.o
 .debug_macro   0x00000000      0x86e os_const.o
 .debug_macro   0x00000000       0x4c os_const.o
 .debug_macro   0x00000000       0x88 os_const.o
 .debug_macro   0x00000000       0x16 os_const.o
 .debug_macro   0x00000000       0x28 os_const.o
 .debug_macro   0x00000000       0x46 os_const.o
 .debug_macro   0x00000000       0x10 os_const.o
 .group         0x00000000        0x8 lld_global.o
 .group         0x00000000        0x8 lld_global.o
 .group         0x00000000        0x8 lld_global.o
 .group         0x00000000        0x8 lld_global.o
 .group         0x00000000        0x8 lld_global.o
 .group         0x00000000        0x8 lld_global.o
 .debug_macro   0x00000000      0x86e lld_global.o
 .debug_macro   0x00000000       0x4c lld_global.o
 .debug_macro   0x00000000       0x46 lld_global.o
 .debug_macro   0x00000000       0x10 lld_global.o
 .group         0x00000000        0x8 lld_interrupt.o
 .group         0x00000000        0x8 lld_interrupt.o
 .group         0x00000000        0x8 lld_interrupt.o
 .group         0x00000000        0x8 lld_interrupt.o
 .group         0x00000000        0x8 lld_interrupt.o
 .group         0x00000000        0x8 lld_interrupt.o
 .debug_macro   0x00000000      0x86e lld_interrupt.o
 .debug_macro   0x00000000       0x4c lld_interrupt.o
 .debug_macro   0x00000000       0x7c lld_interrupt.o
 .debug_macro   0x00000000       0x28 lld_interrupt.o
 .debug_macro   0x00000000       0x46 lld_interrupt.o
 .debug_macro   0x00000000       0x10 lld_interrupt.o
 .group         0x00000000        0x8 lld_mmu.o
 .group         0x00000000        0x8 lld_mmu.o
 .group         0x00000000        0x8 lld_mmu.o
 .group         0x00000000        0x8 lld_mmu.o
 .group         0x00000000        0x8 lld_mmu.o
 .group         0x00000000        0x8 lld_mmu.o
 .debug_macro   0x00000000      0x86e lld_mmu.o
 .debug_macro   0x00000000       0x4c lld_mmu.o
 .debug_macro   0x00000000       0x7c lld_mmu.o
 .debug_macro   0x00000000       0x28 lld_mmu.o
 .debug_macro   0x00000000       0x46 lld_mmu.o
 .debug_macro   0x00000000       0x10 lld_mmu.o
 .group         0x00000000        0x8 lld_ram.o
 .group         0x00000000        0x8 lld_ram.o
 .group         0x00000000        0x8 lld_ram.o
 .group         0x00000000        0x8 lld_ram.o
 .group         0x00000000        0x8 lld_ram.o
 .group         0x00000000        0x8 lld_ram.o
 .debug_macro   0x00000000      0x86e lld_ram.o
 .debug_macro   0x00000000       0x4c lld_ram.o
 .debug_macro   0x00000000       0x7c lld_ram.o
 .debug_macro   0x00000000       0x28 lld_ram.o
 .debug_macro   0x00000000       0x46 lld_ram.o
 .debug_macro   0x00000000       0x10 lld_ram.o
 .group         0x00000000        0x8 lld_timer.o
 .group         0x00000000        0x8 lld_timer.o
 .group         0x00000000        0x8 lld_timer.o
 .group         0x00000000        0x8 lld_timer.o
 .group         0x00000000        0x8 lld_timer.o
 .group         0x00000000        0x8 lld_timer.o
 .debug_macro   0x00000000      0x86e lld_timer.o
 .debug_macro   0x00000000       0x4c lld_timer.o
 .debug_macro   0x00000000       0x7c lld_timer.o
 .debug_macro   0x00000000       0x28 lld_timer.o
 .debug_macro   0x00000000       0x46 lld_timer.o
 .debug_macro   0x00000000       0x10 lld_timer.o
 .group         0x00000000        0x8 lld_power.o
 .group         0x00000000        0x8 lld_power.o
 .group         0x00000000        0x8 lld_power.o
 .group         0x00000000        0x8 lld_power.o
 .group         0x00000000        0x8 lld_power.o
 .group         0x00000000        0x8 lld_power.o
 .debug_macro   0x00000000      0x86e lld_power.o
 .debug_macro   0x00000000       0x4c lld_power.o
 .debug_macro   0x00000000       0x7c lld_power.o
 .debug_macro   0x00000000       0x28 lld_power.o
 .debug_macro   0x00000000       0x46 lld_power.o
 .debug_macro   0x00000000       0x10 lld_power.o
 .group         0x00000000        0x8 os_common.o
 .group         0x00000000        0x8 os_common.o
 .group         0x00000000        0x8 os_common.o
 .group         0x00000000        0x8 os_common.o
 .group         0x00000000        0x8 os_common.o
 .group         0x00000000        0x8 os_common.o
 .group         0x00000000        0x8 os_common.o
 .debug_macro   0x00000000      0x86e os_common.o
 .debug_macro   0x00000000       0x4c os_common.o
 .debug_macro   0x00000000       0x88 os_common.o
 .debug_macro   0x00000000       0x16 os_common.o
 .debug_macro   0x00000000       0x28 os_common.o
 .debug_macro   0x00000000       0x46 os_common.o
 .debug_macro   0x00000000       0x10 os_common.o
 .group         0x00000000        0x8 os_driver_hook.o
 .group         0x00000000        0x8 os_driver_hook.o
 .group         0x00000000        0x8 os_driver_hook.o
 .group         0x00000000        0x8 os_driver_hook.o
 .group         0x00000000        0x8 os_driver_hook.o
 .group         0x00000000        0x8 os_driver_hook.o
 .group         0x00000000        0x8 os_driver_hook.o
 .debug_macro   0x00000000      0x86e os_driver_hook.o
 .debug_macro   0x00000000       0x4c os_driver_hook.o
 .debug_macro   0x00000000       0x88 os_driver_hook.o
 .debug_macro   0x00000000       0x16 os_driver_hook.o
 .debug_macro   0x00000000       0x28 os_driver_hook.o
 .debug_macro   0x00000000       0x46 os_driver_hook.o
 .debug_macro   0x00000000       0x10 os_driver_hook.o
 .group         0x00000000        0x8 os_exception.o
 .group         0x00000000        0x8 os_exception.o
 .group         0x00000000        0x8 os_exception.o
 .group         0x00000000        0x8 os_exception.o
 .group         0x00000000        0x8 os_exception.o
 .group         0x00000000        0x8 os_exception.o
 .group         0x00000000        0x8 os_exception.o
 .group         0x00000000        0x8 os_exception.o
 .debug_macro   0x00000000       0x4c os_exception.o
 .debug_macro   0x00000000       0x88 os_exception.o
 .debug_macro   0x00000000       0x16 os_exception.o
 .debug_macro   0x00000000       0x28 os_exception.o
 .debug_macro   0x00000000       0x46 os_exception.o
 .debug_macro   0x00000000       0x10 os_exception.o
 .debug_macro   0x00000000       0x10 os_exception.o
 .group         0x00000000        0x8 os_exception_isr_handler.o
 .group         0x00000000        0x8 os_exception_isr_handler.o
 .group         0x00000000        0x8 os_exception_isr_handler.o
 .group         0x00000000        0x8 os_exception_isr_handler.o
 .group         0x00000000        0x8 os_exception_isr_handler.o
 .group         0x00000000        0x8 os_exception_isr_handler.o
 .group         0x00000000        0x8 os_exception_isr_handler.o
 .group         0x00000000        0x8 os_exception_isr_handler.o
 .debug_macro   0x00000000      0x86e os_exception_isr_handler.o
 .debug_macro   0x00000000       0x4c os_exception_isr_handler.o
 .debug_macro   0x00000000       0x88 os_exception_isr_handler.o
 .debug_macro   0x00000000       0x16 os_exception_isr_handler.o
 .debug_macro   0x00000000       0x28 os_exception_isr_handler.o
 .debug_macro   0x00000000       0x46 os_exception_isr_handler.o
 .debug_macro   0x00000000       0x10 os_exception_isr_handler.o
 .group         0x00000000        0x8 os_init_task_system.o
 .group         0x00000000        0x8 os_init_task_system.o
 .group         0x00000000        0x8 os_init_task_system.o
 .group         0x00000000        0x8 os_init_task_system.o
 .group         0x00000000        0x8 os_init_task_system.o
 .group         0x00000000        0x8 os_init_task_system.o
 .group         0x00000000        0x8 os_init_task_system.o
 .group         0x00000000        0x8 os_init_task_system.o
 .debug_macro   0x00000000      0x86e os_init_task_system.o
 .debug_macro   0x00000000       0x4c os_init_task_system.o
 .debug_macro   0x00000000       0x88 os_init_task_system.o
 .debug_macro   0x00000000       0x16 os_init_task_system.o
 .debug_macro   0x00000000       0x28 os_init_task_system.o
 .debug_macro   0x00000000       0x46 os_init_task_system.o
 .debug_macro   0x00000000       0x10 os_init_task_system.o
 .group         0x00000000        0x8 os_main.o
 .group         0x00000000        0x8 os_main.o
 .group         0x00000000        0x8 os_main.o
 .group         0x00000000        0x8 os_main.o
 .group         0x00000000        0x8 os_main.o
 .group         0x00000000        0x8 os_main.o
 .group         0x00000000        0x8 os_main.o
 .group         0x00000000        0x8 os_main.o
 .debug_macro   0x00000000      0x86e os_main.o
 .debug_macro   0x00000000       0x4c os_main.o
 .debug_macro   0x00000000       0x88 os_main.o
 .debug_macro   0x00000000       0x16 os_main.o
 .debug_macro   0x00000000       0x28 os_main.o
 .debug_macro   0x00000000       0x46 os_main.o
 .debug_macro   0x00000000       0x10 os_main.o
 .debug_macro   0x00000000       0x28 os_main.o
 .group         0x00000000        0x8 os_memory_mmu_setup.o
 .group         0x00000000        0x8 os_memory_mmu_setup.o
 .group         0x00000000        0x8 os_memory_mmu_setup.o
 .group         0x00000000        0x8 os_memory_mmu_setup.o
 .group         0x00000000        0x8 os_memory_mmu_setup.o
 .group         0x00000000        0x8 os_memory_mmu_setup.o
 .group         0x00000000        0x8 os_memory_mmu_setup.o
 .debug_macro   0x00000000      0x86e os_memory_mmu_setup.o
 .debug_macro   0x00000000       0x4c os_memory_mmu_setup.o
 .debug_macro   0x00000000       0x88 os_memory_mmu_setup.o
 .debug_macro   0x00000000       0x16 os_memory_mmu_setup.o
 .debug_macro   0x00000000       0x28 os_memory_mmu_setup.o
 .debug_macro   0x00000000       0x46 os_memory_mmu_setup.o
 .debug_macro   0x00000000       0x10 os_memory_mmu_setup.o
 .group         0x00000000        0x8 os_memory_virtualisation.o
 .group         0x00000000        0x8 os_memory_virtualisation.o
 .group         0x00000000        0x8 os_memory_virtualisation.o
 .debug_macro   0x00000000      0x86e os_memory_virtualisation.o
 .debug_macro   0x00000000       0x4c os_memory_virtualisation.o
 .group         0x00000000        0x8 os_rte_common.o
 .group         0x00000000        0x8 os_rte_common.o
 .group         0x00000000        0x8 os_rte_common.o
 .group         0x00000000        0x8 os_rte_common.o
 .group         0x00000000        0x8 os_rte_common.o
 .group         0x00000000        0x8 os_rte_common.o
 .group         0x00000000        0x8 os_rte_common.o
 .debug_macro   0x00000000      0x86e os_rte_common.o
 .debug_macro   0x00000000       0x4c os_rte_common.o
 .debug_macro   0x00000000       0x88 os_rte_common.o
 .debug_macro   0x00000000       0x16 os_rte_common.o
 .debug_macro   0x00000000       0x28 os_rte_common.o
 .debug_macro   0x00000000       0x46 os_rte_common.o
 .debug_macro   0x00000000       0x10 os_rte_common.o
 .group         0x00000000        0x8 os_rte_icc.o
 .group         0x00000000        0x8 os_rte_icc.o
 .group         0x00000000        0x8 os_rte_icc.o
 .group         0x00000000        0x8 os_rte_icc.o
 .group         0x00000000        0x8 os_rte_icc.o
 .group         0x00000000        0x8 os_rte_icc.o
 .group         0x00000000        0x8 os_rte_icc.o
 .debug_macro   0x00000000      0x86e os_rte_icc.o
 .debug_macro   0x00000000       0x4c os_rte_icc.o
 .debug_macro   0x00000000       0x88 os_rte_icc.o
 .debug_macro   0x00000000       0x16 os_rte_icc.o
 .debug_macro   0x00000000       0x28 os_rte_icc.o
 .debug_macro   0x00000000       0x46 os_rte_icc.o
 .debug_macro   0x00000000       0x10 os_rte_icc.o
 .group         0x00000000        0x8 os_shutdown.o
 .group         0x00000000        0x8 os_shutdown.o
 .group         0x00000000        0x8 os_shutdown.o
 .group         0x00000000        0x8 os_shutdown.o
 .group         0x00000000        0x8 os_shutdown.o
 .group         0x00000000        0x8 os_shutdown.o
 .group         0x00000000        0x8 os_shutdown.o
 .debug_macro   0x00000000      0x86e os_shutdown.o
 .debug_macro   0x00000000       0x4c os_shutdown.o
 .debug_macro   0x00000000       0x88 os_shutdown.o
 .debug_macro   0x00000000       0x16 os_shutdown.o
 .debug_macro   0x00000000       0x28 os_shutdown.o
 .debug_macro   0x00000000       0x46 os_shutdown.o
 .debug_macro   0x00000000       0x10 os_shutdown.o
 .group         0x00000000        0x8 os_start_ext_prg.o
 .group         0x00000000        0x8 os_start_ext_prg.o
 .group         0x00000000        0x8 os_start_ext_prg.o
 .group         0x00000000        0x8 os_start_ext_prg.o
 .group         0x00000000        0x8 os_start_ext_prg.o
 .group         0x00000000        0x8 os_start_ext_prg.o
 .group         0x00000000        0x8 os_start_ext_prg.o
 .debug_macro   0x00000000      0x86e os_start_ext_prg.o
 .debug_macro   0x00000000       0x4c os_start_ext_prg.o
 .debug_macro   0x00000000       0x88 os_start_ext_prg.o
 .debug_macro   0x00000000       0x16 os_start_ext_prg.o
 .debug_macro   0x00000000       0x28 os_start_ext_prg.o
 .debug_macro   0x00000000       0x46 os_start_ext_prg.o
 .debug_macro   0x00000000       0x10 os_start_ext_prg.o
 .group         0x00000000        0x8 os_start_init_hw.o
 .group         0x00000000        0x8 os_start_init_hw.o
 .group         0x00000000        0x8 os_start_init_hw.o
 .group         0x00000000        0x8 os_start_init_hw.o
 .group         0x00000000        0x8 os_start_init_hw.o
 .group         0x00000000        0x8 os_start_init_hw.o
 .group         0x00000000        0x8 os_start_init_hw.o
 .debug_macro   0x00000000      0x86e os_start_init_hw.o
 .debug_macro   0x00000000       0x4c os_start_init_hw.o
 .debug_macro   0x00000000       0x88 os_start_init_hw.o
 .debug_macro   0x00000000       0x16 os_start_init_hw.o
 .debug_macro   0x00000000       0x28 os_start_init_hw.o
 .debug_macro   0x00000000       0x46 os_start_init_hw.o
 .debug_macro   0x00000000       0x10 os_start_init_hw.o
 .group         0x00000000        0x8 os_start_init_mc.o
 .group         0x00000000        0x8 os_start_init_mc.o
 .group         0x00000000        0x8 os_start_init_mc.o
 .group         0x00000000        0x8 os_start_init_mc.o
 .group         0x00000000        0x8 os_start_init_mc.o
 .group         0x00000000        0x8 os_start_init_mc.o
 .group         0x00000000        0x8 os_start_init_mc.o
 .debug_macro   0x00000000      0x86e os_start_init_mc.o
 .debug_macro   0x00000000       0x4c os_start_init_mc.o
 .debug_macro   0x00000000       0x88 os_start_init_mc.o
 .debug_macro   0x00000000       0x16 os_start_init_mc.o
 .debug_macro   0x00000000       0x28 os_start_init_mc.o
 .debug_macro   0x00000000       0x46 os_start_init_mc.o
 .debug_macro   0x00000000       0x10 os_start_init_mc.o
 .group         0x00000000        0x8 os_start_init_sw.o
 .group         0x00000000        0x8 os_start_init_sw.o
 .group         0x00000000        0x8 os_start_init_sw.o
 .group         0x00000000        0x8 os_start_init_sw.o
 .group         0x00000000        0x8 os_start_init_sw.o
 .group         0x00000000        0x8 os_start_init_sw.o
 .group         0x00000000        0x8 os_start_init_sw.o
 .debug_macro   0x00000000      0x86e os_start_init_sw.o
 .debug_macro   0x00000000       0x4c os_start_init_sw.o
 .debug_macro   0x00000000       0x88 os_start_init_sw.o
 .debug_macro   0x00000000       0x16 os_start_init_sw.o
 .debug_macro   0x00000000       0x28 os_start_init_sw.o
 .debug_macro   0x00000000       0x46 os_start_init_sw.o
 .debug_macro   0x00000000       0x10 os_start_init_sw.o
 .group         0x00000000        0x8 os_start_os.o
 .group         0x00000000        0x8 os_start_os.o
 .group         0x00000000        0x8 os_start_os.o
 .group         0x00000000        0x8 os_start_os.o
 .group         0x00000000        0x8 os_start_os.o
 .group         0x00000000        0x8 os_start_os.o
 .group         0x00000000        0x8 os_start_os.o
 .debug_macro   0x00000000      0x86e os_start_os.o
 .debug_macro   0x00000000       0x4c os_start_os.o
 .debug_macro   0x00000000       0x88 os_start_os.o
 .debug_macro   0x00000000       0x16 os_start_os.o
 .debug_macro   0x00000000       0x28 os_start_os.o
 .debug_macro   0x00000000       0x46 os_start_os.o
 .debug_macro   0x00000000       0x10 os_start_os.o
 .group         0x00000000        0x8 os_task_common.o
 .group         0x00000000        0x8 os_task_common.o
 .group         0x00000000        0x8 os_task_common.o
 .group         0x00000000        0x8 os_task_common.o
 .group         0x00000000        0x8 os_task_common.o
 .group         0x00000000        0x8 os_task_common.o
 .group         0x00000000        0x8 os_task_common.o
 .group         0x00000000        0x8 os_task_common.o
 .debug_macro   0x00000000      0x86e os_task_common.o
 .debug_macro   0x00000000       0x4c os_task_common.o
 .debug_macro   0x00000000       0x88 os_task_common.o
 .debug_macro   0x00000000       0x16 os_task_common.o
 .debug_macro   0x00000000       0x28 os_task_common.o
 .debug_macro   0x00000000       0x46 os_task_common.o
 .debug_macro   0x00000000       0x10 os_task_common.o
 .debug_macro   0x00000000       0x28 os_task_common.o
 .group         0x00000000        0x8 os_task_queue.o
 .group         0x00000000        0x8 os_task_queue.o
 .group         0x00000000        0x8 os_task_queue.o
 .group         0x00000000        0x8 os_task_queue.o
 .group         0x00000000        0x8 os_task_queue.o
 .group         0x00000000        0x8 os_task_queue.o
 .group         0x00000000        0x8 os_task_queue.o
 .group         0x00000000        0x8 os_task_queue.o
 .group         0x00000000        0x8 os_task_queue.o
 .debug_macro   0x00000000      0x86e os_task_queue.o
 .debug_macro   0x00000000       0x4c os_task_queue.o
 .debug_macro   0x00000000       0x88 os_task_queue.o
 .debug_macro   0x00000000       0x16 os_task_queue.o
 .debug_macro   0x00000000       0x28 os_task_queue.o
 .debug_macro   0x00000000       0x46 os_task_queue.o
 .debug_macro   0x00000000       0x10 os_task_queue.o
 .debug_macro   0x00000000       0x28 os_task_queue.o
 .group         0x00000000        0x8 os_task_scheduler.o
 .group         0x00000000        0x8 os_task_scheduler.o
 .group         0x00000000        0x8 os_task_scheduler.o
 .group         0x00000000        0x8 os_task_scheduler.o
 .group         0x00000000        0x8 os_task_scheduler.o
 .group         0x00000000        0x8 os_task_scheduler.o
 .group         0x00000000        0x8 os_task_scheduler.o
 .group         0x00000000        0x8 os_task_scheduler.o
 .group         0x00000000        0x8 os_task_scheduler.o
 .debug_macro   0x00000000      0x86e os_task_scheduler.o
 .debug_macro   0x00000000       0x4c os_task_scheduler.o
 .debug_macro   0x00000000       0x88 os_task_scheduler.o
 .debug_macro   0x00000000       0x16 os_task_scheduler.o
 .debug_macro   0x00000000       0x28 os_task_scheduler.o
 .debug_macro   0x00000000       0x46 os_task_scheduler.o
 .debug_macro   0x00000000       0x10 os_task_scheduler.o
 .debug_macro   0x00000000       0x28 os_task_scheduler.o
 .debug_macro   0x00000000       0x1c os_task_scheduler.o
 .group         0x00000000        0x8 os_stack.o
 .group         0x00000000        0x8 os_stack.o
 .group         0x00000000        0x8 os_stack.o
 .group         0x00000000        0x8 os_stack.o
 .group         0x00000000        0x8 os_stack.o
 .group         0x00000000        0x8 os_stack.o
 .group         0x00000000        0x8 os_stack.o
 .debug_macro   0x00000000      0x86e os_stack.o
 .debug_macro   0x00000000       0x4c os_stack.o
 .debug_macro   0x00000000       0x88 os_stack.o
 .debug_macro   0x00000000       0x16 os_stack.o
 .debug_macro   0x00000000       0x28 os_stack.o
 .debug_macro   0x00000000       0x46 os_stack.o
 .debug_macro   0x00000000       0x10 os_stack.o
 .group         0x00000000        0x8 os_heap.o
 .group         0x00000000        0x8 os_heap.o
 .group         0x00000000        0x8 os_heap.o
 .group         0x00000000        0x8 os_heap.o
 .group         0x00000000        0x8 os_heap.o
 .group         0x00000000        0x8 os_heap.o
 .group         0x00000000        0x8 os_heap.o
 .debug_macro   0x00000000      0x86e os_heap.o
 .debug_macro   0x00000000       0x4c os_heap.o
 .debug_macro   0x00000000       0x88 os_heap.o
 .debug_macro   0x00000000       0x16 os_heap.o
 .debug_macro   0x00000000       0x28 os_heap.o
 .debug_macro   0x00000000       0x46 os_heap.o
 .debug_macro   0x00000000       0x10 os_heap.o
 .group         0x00000000        0x8 os_diagnostic_main.o
 .group         0x00000000        0x8 os_diagnostic_main.o
 .group         0x00000000        0x8 os_diagnostic_main.o
 .group         0x00000000        0x8 os_diagnostic_main.o
 .group         0x00000000        0x8 os_diagnostic_main.o
 .group         0x00000000        0x8 os_diagnostic_main.o
 .group         0x00000000        0x8 os_diagnostic_main.o
 .debug_macro   0x00000000      0x86e os_diagnostic_main.o
 .debug_macro   0x00000000       0x4c os_diagnostic_main.o
 .debug_macro   0x00000000       0x88 os_diagnostic_main.o
 .debug_macro   0x00000000       0x16 os_diagnostic_main.o
 .debug_macro   0x00000000       0x28 os_diagnostic_main.o
 .debug_macro   0x00000000       0x46 os_diagnostic_main.o
 .debug_macro   0x00000000       0x10 os_diagnostic_main.o
 .group         0x00000000        0x8 led.o
 .group         0x00000000        0x8 led.o
 .group         0x00000000        0x8 led.o
 .group         0x00000000        0x8 led.o
 .group         0x00000000        0x8 led.o
 .group         0x00000000        0x8 led.o
 .group         0x00000000        0x8 led.o
 .debug_macro   0x00000000      0x86e led.o
 .debug_macro   0x00000000       0x4c led.o
 .debug_macro   0x00000000       0x88 led.o
 .debug_macro   0x00000000       0x16 led.o
 .debug_macro   0x00000000       0x28 led.o
 .debug_macro   0x00000000       0x46 led.o
 .debug_macro   0x00000000       0x10 led.o
 .group         0x00000000        0x8 os_ram.o
 .group         0x00000000        0x8 os_ram.o
 .group         0x00000000        0x8 os_ram.o
 .group         0x00000000        0x8 os_ram.o
 .group         0x00000000        0x8 os_ram.o
 .group         0x00000000        0x8 os_ram.o
 .group         0x00000000        0x8 os_ram.o
 .debug_macro   0x00000000      0x86e os_ram.o
 .debug_macro   0x00000000       0x4c os_ram.o
 .debug_macro   0x00000000       0x88 os_ram.o
 .debug_macro   0x00000000       0x16 os_ram.o
 .debug_macro   0x00000000       0x28 os_ram.o
 .debug_macro   0x00000000       0x46 os_ram.o
 .debug_macro   0x00000000       0x10 os_ram.o
 .group         0x00000000        0x8 os_shared_ram.o
 .group         0x00000000        0x8 os_shared_ram.o
 .group         0x00000000        0x8 os_shared_ram.o
 .group         0x00000000        0x8 os_shared_ram.o
 .group         0x00000000        0x8 os_shared_ram.o
 .group         0x00000000        0x8 os_shared_ram.o
 .group         0x00000000        0x8 os_shared_ram.o
 .debug_macro   0x00000000      0x86e os_shared_ram.o
 .debug_macro   0x00000000       0x4c os_shared_ram.o
 .debug_macro   0x00000000       0x88 os_shared_ram.o
 .debug_macro   0x00000000       0x16 os_shared_ram.o
 .debug_macro   0x00000000       0x28 os_shared_ram.o
 .debug_macro   0x00000000       0x46 os_shared_ram.o
 .debug_macro   0x00000000       0x10 os_shared_ram.o

Memory Configuration

Name             Origin             Length             Attributes
rom              0x08000000         0x00100000
ram              0x20000000         0x00030000
*default*        0x00000000         0xffffffff

Linker script and memory map


.text           0x08000000    0x12afc
                0x08000000                _ivec_start = .
 os_exception_table.o()
 .text          0x08000000        0x0 os_exception_table.o
 .data          0x08000000       0x40 os_exception_table.o
                0x08000000                isr_vec_table
 .bss           0x08000040        0x0 os_exception_table.o
 .debug_info    0x08000040       0x9a os_exception_table.o
 .debug_abbrev  0x080000da       0x6d os_exception_table.o
 .debug_aranges
                0x08000147       0x18 os_exception_table.o
 .debug_macro   0x0800015f       0x9a os_exception_table.o
 .debug_macro   0x080001f9      0x86e os_exception_table.o
 .debug_macro   0x08000a67       0x4c os_exception_table.o
 .debug_macro   0x08000ab3       0x88 os_exception_table.o
 .debug_macro   0x08000b3b       0x16 os_exception_table.o
 .debug_macro   0x08000b51       0x28 os_exception_table.o
 .debug_macro   0x08000b79       0x46 os_exception_table.o
 .debug_macro   0x08000bbf       0x10 os_exception_table.o
 .debug_macro   0x08000bcf       0x10 os_exception_table.o
 .debug_line    0x08000bdf      0x1df os_exception_table.o
 .debug_str     0x08000dbe     0x2a5a os_exception_table.o
                               0x2a9a (size before relaxing)
 .comment       0x08003818       0x70 os_exception_table.o
                                 0x71 (size before relaxing)
 .ARM.attributes
                0x08003888       0x33 os_exception_table.o
 .iplt          0x00000000        0x0 os_exception_table.o
 .rel.iplt      0x00000000        0x0 os_exception_table.o
 .igot.plt      0x00000000        0x0 os_exception_table.o
                0x080038bb                _ivec_end = .
                0x080038bb                PROVIDE (ivec_start, .)
                0x080038bb                PROVIDE (ivec_end, .)
                0x080038bb                _const_start = .
 os_const.o()
 *fill*         0x080038bb        0x1 
 .text          0x080038bc        0x0 os_const.o
 .data          0x080038bc        0x0 os_const.o
 .bss           0x080038bc        0x0 os_const.o
 .debug_info    0x080038bc       0x3a os_const.o
 .debug_abbrev  0x080038f6       0x1c os_const.o
 .debug_aranges
                0x08003912       0x18 os_const.o
 .debug_macro   0x0800392a       0x91 os_const.o
 .debug_line    0x080039bb      0x1b7 os_const.o
 .debug_str     0x08003b72       0x46 os_const.o
                               0x2a29 (size before relaxing)
 .comment       0x00000000       0x71 os_const.o
 .ARM.attributes
                0x08003bb8       0x33 os_const.o
                0x08003beb                _const_end = .
                0x08003beb                PROVIDE (const_start, .)
                0x08003beb                PROVIDE (const_end, .)
                0x08003beb                _code_start = .
 lld_global.o()
 *fill*         0x08003beb        0x1 
 .text          0x08003bec       0xc8 lld_global.o
                0x08003bec                Get_core_id
                0x08003c04                LLF_SAVE_TASK_STACK
                0x08003c20                LLF_SAVE_REGISTERS
                0x08003c34                LLF_RESTORE_TASK_STACK
                0x08003c50                LLF_RESTORE_REGISTERS
                0x08003c64                LLF_RESTORE_SYSTEM_STACK
                0x08003c80                LLF_SAVE_SYSTEM_STACK
                0x08003c9c                LLF_CLEAR_ALL_GP_REGISTERS
                0x08003ca8                LLF_PERFORM_RAM_CHECK
 .data          0x08003cb4        0x0 lld_global.o
 .bss           0x08003cb4        0x0 lld_global.o
 .debug_info    0x08003cb4      0x451 lld_global.o
 .debug_abbrev  0x08004105      0x11e lld_global.o
 .debug_aranges
                0x08004223       0x20 lld_global.o
 .debug_macro   0x08004243       0xc4 lld_global.o
 .debug_macro   0x08004307       0x7c lld_global.o
 .debug_macro   0x08004383       0x28 lld_global.o
 .debug_line    0x080043ab      0x1e3 lld_global.o
 .debug_str     0x0800458e      0x432 lld_global.o
                               0x2da4 (size before relaxing)
 .comment       0x00000000       0x71 lld_global.o
 .debug_frame   0x080049c0      0x170 lld_global.o
 .ARM.attributes
                0x08004b30       0x33 lld_global.o
 lld_interrupt.o()
 *fill*         0x08004b63        0x1 
 .text          0x08004b64       0x2c lld_interrupt.o
                0x08004b64                LLF_INT_DISABLE
                0x08004b74                LLF_INT_ENABLE
                0x08004b84                LLF_DISABLE_INTERRUPTS_ALL_CORES
 .data          0x08004b90        0x0 lld_interrupt.o
 .bss           0x08004b90        0x0 lld_interrupt.o
 .debug_info    0x08004b90       0x75 lld_interrupt.o
 .debug_abbrev  0x08004c05       0x50 lld_interrupt.o
 .debug_aranges
                0x08004c55       0x20 lld_interrupt.o
 .debug_macro   0x08004c75       0xc8 lld_interrupt.o
 .debug_line    0x08004d3d      0x1d5 lld_interrupt.o
 .debug_str     0x08004f12       0x8e lld_interrupt.o
                               0x2ab3 (size before relaxing)
 .comment       0x00000000       0x71 lld_interrupt.o
 .debug_frame   0x08004fa0       0x74 lld_interrupt.o
 .ARM.attributes
                0x08005014       0x33 lld_interrupt.o
 lld_mmu.o()
 *fill*         0x08005047        0x1 
 .text          0x08005048       0x50 lld_mmu.o
                0x08005048                LLF_MPU_DISABLE
                0x08005054                LLF_MPU_ENABLE
                0x08005060                LLF_MPU_SWITCH_OFF_ALL_REGIONS
                0x0800506c                LLF_GET_MPU_PRESENT
 .data          0x08005098        0x0 lld_mmu.o
 .bss           0x08005098        0x0 lld_mmu.o
 .debug_info    0x08005098       0xa4 lld_mmu.o
 .debug_abbrev  0x0800513c       0x6e lld_mmu.o
 .debug_aranges
                0x080051aa       0x20 lld_mmu.o
 .debug_macro   0x080051ca       0xca lld_mmu.o
 .debug_line    0x08005294      0x1d2 lld_mmu.o
 .debug_str     0x08005466       0xc2 lld_mmu.o
                               0x2aff (size before relaxing)
 .comment       0x00000000       0x71 lld_mmu.o
 .debug_frame   0x08005528       0xa4 lld_mmu.o
 .ARM.attributes
                0x080055cc       0x33 lld_mmu.o
 lld_ram.o()
 *fill*         0x080055ff        0x1 
 .text          0x08005600       0x28 lld_ram.o
                0x08005600                LLF_CLEAR_ALL_RAM
 .data          0x08005628        0x0 lld_ram.o
 .bss           0x08005628        0x0 lld_ram.o
 .debug_info    0x08005628       0x53 lld_ram.o
 .debug_abbrev  0x0800567b       0x38 lld_ram.o
 .debug_aranges
                0x080056b3       0x20 lld_ram.o
 .debug_macro   0x080056d3       0xc4 lld_ram.o
 .debug_line    0x08005797      0x1cb lld_ram.o
 .debug_str     0x08005962       0x5a lld_ram.o
                               0x2a7f (size before relaxing)
 .comment       0x00000000       0x71 lld_ram.o
 .debug_frame   0x080059bc       0x34 lld_ram.o
 .ARM.attributes
                0x080059f0       0x33 lld_ram.o
 lld_timer.o()
 *fill*         0x08005a23        0x1 
 .text          0x08005a24       0x30 lld_timer.o
                0x08005a24                LLF_UP_CNT_TIMER_32
                0x08005a34                LLF_ADD_2_TCMP
                0x08005a48                LLF_TCMP1_CONFIG
 .data          0x08005a54        0x0 lld_timer.o
 .bss           0x08005a54        0x0 lld_timer.o
 .debug_info    0x08005a54       0xa2 lld_timer.o
 .debug_abbrev  0x08005af6       0x88 lld_timer.o
 .debug_aranges
                0x08005b7e       0x20 lld_timer.o
 .debug_macro   0x08005b9e       0xc4 lld_timer.o
 .debug_line    0x08005c62      0x1cf lld_timer.o
 .debug_str     0x08005e31       0x8e lld_timer.o
                               0x2ac4 (size before relaxing)
 .comment       0x00000000       0x71 lld_timer.o
 *fill*         0x08005ebf        0x1 
 .debug_frame   0x08005ec0       0x80 lld_timer.o
 .ARM.attributes
                0x08005f40       0x33 lld_timer.o
 lld_power.o()
 *fill*         0x08005f73        0x1 
 .text          0x08005f74       0x28 lld_power.o
                0x08005f74                LLF_MCU_SWITCH_OFF_POWER
                0x08005f80                LLF_MCU_RESET_POWER
 .data          0x08005f9c        0x0 lld_power.o
 .bss           0x08005f9c        0x0 lld_power.o
 .debug_info    0x08005f9c       0x6f lld_power.o
 .debug_abbrev  0x0800600b       0x5d lld_power.o
 .debug_aranges
                0x08006068       0x20 lld_power.o
 .debug_macro   0x08006088       0xd0 lld_power.o
 .debug_line    0x08006158      0x1ce lld_power.o
 .debug_str     0x08006326       0xbb lld_power.o
                               0x2ae7 (size before relaxing)
 .comment       0x00000000       0x71 lld_power.o
 *fill*         0x080063e1        0x3 
 .debug_frame   0x080063e4       0x50 lld_power.o
 .ARM.attributes
                0x08006434       0x33 lld_power.o
 os_exception_reset.o()
 *fill*         0x08006467        0x1 
 .text          0x08006468       0x80 E:\NeuOrga\Programmieren\c_cpp\github_os\output\os_drivers\obj_arm\os_exception_reset.o
                0x08006468                OS_Exception_RESET
 .data          0x080064e8        0x0 E:\NeuOrga\Programmieren\c_cpp\github_os\output\os_drivers\obj_arm\os_exception_reset.o
 .bss           0x080064e8        0x0 E:\NeuOrga\Programmieren\c_cpp\github_os\output\os_drivers\obj_arm\os_exception_reset.o
 .debug_line    0x080064e8       0xb0 E:\NeuOrga\Programmieren\c_cpp\github_os\output\os_drivers\obj_arm\os_exception_reset.o
 .debug_info    0x08006598       0xaa E:\NeuOrga\Programmieren\c_cpp\github_os\output\os_drivers\obj_arm\os_exception_reset.o
 .debug_abbrev  0x08006642       0x14 E:\NeuOrga\Programmieren\c_cpp\github_os\output\os_drivers\obj_arm\os_exception_reset.o
 *fill*         0x08006656        0x2 
 .debug_aranges
                0x08006658       0x20 E:\NeuOrga\Programmieren\c_cpp\github_os\output\os_drivers\obj_arm\os_exception_reset.o
 .ARM.attributes
                0x08006678       0x14 E:\NeuOrga\Programmieren\c_cpp\github_os\output\os_drivers\obj_arm\os_exception_reset.o
 os_common.o()
 .text          0x0800668c       0x38 os_common.o
                0x0800668c                OS_SET_SW_BUG
                0x080066b4                Get_current_time
 .data          0x080066c4        0x0 os_common.o
 .bss           0x080066c4       0x10 os_common.o
 .debug_info    0x080066d4      0x16a os_common.o
 .debug_abbrev  0x0800683e       0xa9 os_common.o
 .debug_aranges
                0x080068e7       0x20 os_common.o
 .debug_macro   0x08006907       0x95 os_common.o
 .debug_line    0x0800699c      0x1de os_common.o
 .debug_str     0x08006b7a      0x2a8 os_common.o
                               0x2ca5 (size before relaxing)
 .comment       0x00000000       0x71 os_common.o
 *fill*         0x08006e22        0x2 
 .debug_frame   0x08006e24       0x5c os_common.o
 .ARM.attributes
                0x08006e80       0x33 os_common.o
 os_driver_hook.o()
 *fill*         0x08006eb3        0x1 
 .text          0x08006eb4        0x0 os_driver_hook.o
 .data          0x08006eb4        0x0 os_driver_hook.o
 .bss           0x08006eb4        0x0 os_driver_hook.o
 .debug_info    0x08006eb4       0x3a os_driver_hook.o
 .debug_abbrev  0x08006eee       0x1c os_driver_hook.o
 .debug_aranges
                0x08006f0a       0x18 os_driver_hook.o
 .debug_macro   0x08006f22       0x91 os_driver_hook.o
 .debug_line    0x08006fb3      0x1bd os_driver_hook.o
 .debug_str     0x08007170       0x4c os_driver_hook.o
                               0x2a2f (size before relaxing)
 .comment       0x00000000       0x71 os_driver_hook.o
 .ARM.attributes
                0x080071bc       0x33 os_driver_hook.o
 os_exception.o()
 *fill*         0x080071ef        0x1 
 .text          0x080071f0       0x8c os_exception.o
                0x080071f0                OS_Exception_HARDFAULT
                0x08007208                OS_Exception_NMI
                0x08007210                OS_Exception_SWI
                0x0800721c                OS_Exception_BUS_FAULT
                0x08007224                OS_Exception_DEBUG
                0x0800722c                OS_Exception_MEM_MANAG_FAULT
                0x08007234                OS_Exception_IRQ
                0x08007240                OS_Exception_FIQ
                0x0800724c                TCMP1
                0x08007258                TCMP2
                0x08007264                TCMP3
                0x08007270                TCMP4
 .data          0x0800727c        0x0 os_exception.o
 .bss           0x0800727c        0x0 os_exception.o
 .debug_info    0x0800727c      0x14a os_exception.o
 .debug_abbrev  0x080073c6       0xa5 os_exception.o
 .debug_aranges
                0x0800746b       0x20 os_exception.o
 .debug_macro   0x0800748b       0xb2 os_exception.o
 .debug_macro   0x0800753d      0x868 os_exception.o
 .debug_line    0x08007da5      0x24a os_exception.o
 .debug_str     0x08007fef      0x1e0 os_exception.o
                               0x2b6d (size before relaxing)
 .comment       0x00000000       0x71 os_exception.o
 *fill*         0x080081cf        0x1 
 .debug_frame   0x080081d0      0x160 os_exception.o
 .ARM.attributes
                0x08008330       0x33 os_exception.o
 os_exception_isr_handler.o()
 *fill*         0x08008363        0x1 
 .text          0x08008364       0x30 os_exception_isr_handler.o
                0x08008364                OS_ISRHANDLERC0
                0x08008370                OS_ISRHANDLERC1
                0x0800837c                OS_ISRHANDLERC2
                0x08008388                OS_ISRHANDLERC3
 .data          0x08008394        0x0 os_exception_isr_handler.o
 .bss           0x08008394        0x0 os_exception_isr_handler.o
 .debug_info    0x08008394       0x86 os_exception_isr_handler.o
 .debug_abbrev  0x0800841a       0x38 os_exception_isr_handler.o
 .debug_aranges
                0x08008452       0x20 os_exception_isr_handler.o
 .debug_macro   0x08008472       0x9e os_exception_isr_handler.o
 .debug_macro   0x08008510       0x28 os_exception_isr_handler.o
 .debug_line    0x08008538      0x20a os_exception_isr_handler.o
 .debug_str     0x08008742      0x106 os_exception_isr_handler.o
                               0x2ae9 (size before relaxing)
 .comment       0x00000000       0x71 os_exception_isr_handler.o
 .debug_frame   0x08008848       0x80 os_exception_isr_handler.o
 .ARM.attributes
                0x080088c8       0x33 os_exception_isr_handler.o
 os_exception_table.o()
 os_init_task_system.o()
 *fill*         0x080088fb        0x1 
 .text          0x080088fc        0xc os_init_task_system.o
                0x080088fc                OS_INIT_TASK_SYSTEM
 .data          0x08008908        0x0 os_init_task_system.o
 .bss           0x08008908        0x0 os_init_task_system.o
 .debug_info    0x08008908       0x53 os_init_task_system.o
 .debug_abbrev  0x0800895b       0x38 os_init_task_system.o
 .debug_aranges
                0x08008993       0x20 os_init_task_system.o
 .debug_macro   0x080089b3       0xa4 os_init_task_system.o
 .debug_macro   0x08008a57       0x22 os_init_task_system.o
 .debug_line    0x08008a79      0x1fc os_init_task_system.o
 .debug_str     0x08008c75       0x65 os_init_task_system.o
                               0x2ab8 (size before relaxing)
 .comment       0x00000000       0x71 os_init_task_system.o
 *fill*         0x08008cda        0x2 
 .debug_frame   0x08008cdc       0x2c os_init_task_system.o
 .ARM.attributes
                0x08008d08       0x33 os_init_task_system.o
 os_main.o()
 *fill*         0x08008d3b        0x1 
 .text          0x08008d3c       0x6c os_main.o
                0x08008d3c                OS_STATE_HANDLER
 .data          0x08008da8        0x0 os_main.o
 .bss           0x08008da8        0x2 os_main.o
 .debug_info    0x08008daa       0xdd os_main.o
 .debug_abbrev  0x08008e87       0x6c os_main.o
 .debug_aranges
                0x08008ef3       0x20 os_main.o
 .debug_macro   0x08008f13       0xc6 os_main.o
 .debug_line    0x08008fd9      0x260 os_main.o
 .debug_str     0x08009239      0x132 os_main.o
                               0x2bcc (size before relaxing)
 .comment       0x00000000       0x71 os_main.o
 *fill*         0x0800936b        0x1 
 .debug_frame   0x0800936c       0x2c os_main.o
 .ARM.attributes
                0x08009398       0x33 os_main.o
 os_memory_mmu_setup.o()
 *fill*         0x080093cb        0x1 
 .text          0x080093cc        0xc os_memory_mmu_setup.o
                0x080093cc                OS_MMU_SETUP
 .data          0x080093d8        0x0 os_memory_mmu_setup.o
 .bss           0x080093d8        0x0 os_memory_mmu_setup.o
 .debug_info    0x080093d8       0x53 os_memory_mmu_setup.o
 .debug_abbrev  0x0800942b       0x38 os_memory_mmu_setup.o
 .debug_aranges
                0x08009463       0x20 os_memory_mmu_setup.o
 .debug_macro   0x08009483       0xcd os_memory_mmu_setup.o
 .debug_line    0x08009550      0x1d2 os_memory_mmu_setup.o
 .debug_str     0x08009722      0x1cc os_memory_mmu_setup.o
                               0x2baf (size before relaxing)
 .comment       0x00000000       0x71 os_memory_mmu_setup.o
 *fill*         0x080098ee        0x2 
 .debug_frame   0x080098f0       0x34 os_memory_mmu_setup.o
 .ARM.attributes
                0x08009924       0x33 os_memory_mmu_setup.o
 os_memory_virtualisation.o()
 *fill*         0x08009957        0x1 
 .text          0x08009958       0x3c os_memory_virtualisation.o
                0x08009970                OS_MALLOC
 .data          0x08009994        0x0 os_memory_virtualisation.o
 .bss           0x08009994        0x0 os_memory_virtualisation.o
 .debug_info    0x08009994       0xee os_memory_virtualisation.o
 .debug_abbrev  0x08009a82       0x9e os_memory_virtualisation.o
 .debug_aranges
                0x08009b20       0x20 os_memory_virtualisation.o
 .debug_macro   0x08009b40       0x91 os_memory_virtualisation.o
 .debug_macro   0x08009bd1       0x6a os_memory_virtualisation.o
 .debug_line    0x08009c3b      0x1c6 os_memory_virtualisation.o
 .debug_str     0x08009e01       0xd7 os_memory_virtualisation.o
                               0x281d (size before relaxing)
 .comment       0x00000000       0x71 os_memory_virtualisation.o
 .debug_frame   0x08009ed8       0x60 os_memory_virtualisation.o
 .ARM.attributes
                0x08009f38       0x33 os_memory_virtualisation.o
 os_rte_common.o()
 *fill*         0x08009f6b        0x1 
 .text          0x08009f6c        0x0 os_rte_common.o
 .data          0x08009f6c        0x0 os_rte_common.o
 .bss           0x08009f6c        0x0 os_rte_common.o
 .debug_info    0x08009f6c       0x3a os_rte_common.o
 .debug_abbrev  0x08009fa6       0x1c os_rte_common.o
 .debug_aranges
                0x08009fc2       0x18 os_rte_common.o
 .debug_macro   0x08009fda       0x91 os_rte_common.o
 .debug_line    0x0800a06b      0x1bc os_rte_common.o
 .debug_str     0x0800a227       0x4b os_rte_common.o
                               0x2a2e (size before relaxing)
 .comment       0x00000000       0x71 os_rte_common.o
 .ARM.attributes
                0x0800a272       0x33 os_rte_common.o
 os_rte_icc.o()
 *fill*         0x0800a2a5        0x3 
 .text          0x0800a2a8       0x60 os_rte_icc.o
                0x0800a2a8                SEND_DATA
                0x0800a2c8                SEND_PACKAGE
                0x0800a2e8                SEND_FRAME
 .data          0x0800a308        0x0 os_rte_icc.o
 .bss           0x0800a308        0x0 os_rte_icc.o
 .debug_info    0x0800a308      0x180 os_rte_icc.o
 .debug_abbrev  0x0800a488       0x93 os_rte_icc.o
 .debug_aranges
                0x0800a51b       0x20 os_rte_icc.o
 .debug_macro   0x0800a53b       0x95 os_rte_icc.o
 .debug_line    0x0800a5d0      0x1e4 os_rte_icc.o
 .debug_str     0x0800a7b4       0xa9 os_rte_icc.o
                               0x2ac3 (size before relaxing)
 .comment       0x00000000       0x71 os_rte_icc.o
 *fill*         0x0800a85d        0x3 
 .debug_frame   0x0800a860       0x88 os_rte_icc.o
 .ARM.attributes
                0x0800a8e8       0x33 os_rte_icc.o
 os_shutdown.o()
 *fill*         0x0800a91b        0x1 
 .text          0x0800a91c       0x24 os_shutdown.o
                0x0800a91c                OS_SHUTDOWN
 .data          0x0800a940        0x0 os_shutdown.o
 .bss           0x0800a940        0x0 os_shutdown.o
 .debug_info    0x0800a940       0x86 os_shutdown.o
 .debug_abbrev  0x0800a9c6       0x6c os_shutdown.o
 .debug_aranges
                0x0800aa32       0x20 os_shutdown.o
 .debug_macro   0x0800aa52       0x9b os_shutdown.o
 .debug_line    0x0800aaed      0x1e2 os_shutdown.o
 .debug_str     0x0800accf       0x6f os_shutdown.o
                               0x2a99 (size before relaxing)
 .comment       0x00000000       0x71 os_shutdown.o
 *fill*         0x0800ad3e        0x2 
 .debug_frame   0x0800ad40       0x30 os_shutdown.o
 .ARM.attributes
                0x0800ad70       0x33 os_shutdown.o
 os_start_ext_prg.o()
 *fill*         0x0800ada3        0x1 
 .text          0x0800ada4       0x4c os_start_ext_prg.o
                0x0800adc0                OS_StartExtPrg
 .data          0x0800adf0        0x0 os_start_ext_prg.o
 .bss           0x0800adf0        0x0 os_start_ext_prg.o
 .debug_info    0x0800adf0       0xea os_start_ext_prg.o
 .debug_abbrev  0x0800aeda       0x7e os_start_ext_prg.o
 .debug_aranges
                0x0800af58       0x20 os_start_ext_prg.o
 .debug_macro   0x0800af78       0x91 os_start_ext_prg.o
 .debug_line    0x0800b009      0x1d9 os_start_ext_prg.o
 .debug_str     0x0800b1e2       0x90 os_start_ext_prg.o
                               0x2a95 (size before relaxing)
 .comment       0x00000000       0x71 os_start_ext_prg.o
 *fill*         0x0800b272        0x2 
 .debug_frame   0x0800b274       0x60 os_start_ext_prg.o
 .ARM.attributes
                0x0800b2d4       0x33 os_start_ext_prg.o
 os_start_init_hw.o()
 *fill*         0x0800b307        0x1 
 .text          0x0800b308        0xc os_start_init_hw.o
                0x0800b308                OS_INIT_HW
 .data          0x0800b314        0x0 os_start_init_hw.o
 .bss           0x0800b314        0x0 os_start_init_hw.o
 .debug_info    0x0800b314       0x53 os_start_init_hw.o
 .debug_abbrev  0x0800b367       0x38 os_start_init_hw.o
 .debug_aranges
                0x0800b39f       0x20 os_start_init_hw.o
 .debug_macro   0x0800b3bf       0x91 os_start_init_hw.o
 .debug_line    0x0800b450      0x1cd os_start_init_hw.o
 .debug_str     0x0800b61d       0x59 os_start_init_hw.o
                               0x2a3c (size before relaxing)
 .comment       0x00000000       0x71 os_start_init_hw.o
 *fill*         0x0800b676        0x2 
 .debug_frame   0x0800b678       0x34 os_start_init_hw.o
 .ARM.attributes
                0x0800b6ac       0x33 os_start_init_hw.o
 os_start_init_mc.o()
 *fill*         0x0800b6df        0x1 
 .text          0x0800b6e0        0xc os_start_init_mc.o
                0x0800b6e0                OS_INIT_MC
 .data          0x0800b6ec        0x0 os_start_init_mc.o
 .bss           0x0800b6ec        0x0 os_start_init_mc.o
 .debug_info    0x0800b6ec       0x53 os_start_init_mc.o
 .debug_abbrev  0x0800b73f       0x38 os_start_init_mc.o
 .debug_aranges
                0x0800b777       0x20 os_start_init_mc.o
 .debug_macro   0x0800b797       0x91 os_start_init_mc.o
 .debug_line    0x0800b828      0x1d0 os_start_init_mc.o
 .debug_str     0x0800b9f8       0x59 os_start_init_mc.o
                               0x2a3c (size before relaxing)
 .comment       0x00000000       0x71 os_start_init_mc.o
 *fill*         0x0800ba51        0x3 
 .debug_frame   0x0800ba54       0x2c os_start_init_mc.o
 .ARM.attributes
                0x0800ba80       0x33 os_start_init_mc.o
 os_start_init_sw.o()
 *fill*         0x0800bab3        0x1 
 .text          0x0800bab4        0xc os_start_init_sw.o
                0x0800bab4                OS_INIT_SW
 .data          0x0800bac0        0x0 os_start_init_sw.o
 .bss           0x0800bac0        0x0 os_start_init_sw.o
 .debug_info    0x0800bac0       0x53 os_start_init_sw.o
 .debug_abbrev  0x0800bb13       0x38 os_start_init_sw.o
 .debug_aranges
                0x0800bb4b       0x20 os_start_init_sw.o
 .debug_macro   0x0800bb6b       0x91 os_start_init_sw.o
 .debug_line    0x0800bbfc      0x1cd os_start_init_sw.o
 .debug_str     0x0800bdc9       0x59 os_start_init_sw.o
                               0x2a3c (size before relaxing)
 .comment       0x00000000       0x71 os_start_init_sw.o
 *fill*         0x0800be22        0x2 
 .debug_frame   0x0800be24       0x34 os_start_init_sw.o
 .ARM.attributes
                0x0800be58       0x33 os_start_init_sw.o
 os_start_os.o()
 *fill*         0x0800be8b        0x1 
 .text          0x0800be8c        0xc os_start_os.o
                0x0800be8c                OS_START_OS
 .data          0x0800be98        0x0 os_start_os.o
 .bss           0x0800be98        0x0 os_start_os.o
 .debug_info    0x0800be98       0x53 os_start_os.o
 .debug_abbrev  0x0800beeb       0x38 os_start_os.o
 .debug_aranges
                0x0800bf23       0x20 os_start_os.o
 .debug_macro   0x0800bf43       0x9b os_start_os.o
 .debug_line    0x0800bfde      0x1d6 os_start_os.o
 .debug_str     0x0800c1b4       0x62 os_start_os.o
                               0x2a45 (size before relaxing)
 .comment       0x00000000       0x71 os_start_os.o
 *fill*         0x0800c216        0x2 
 .debug_frame   0x0800c218       0x2c os_start_os.o
 .ARM.attributes
                0x0800c244       0x33 os_start_os.o
 os_task_common.o()
 *fill*         0x0800c277        0x1 
 .text          0x0800c278      0x1d8 os_task_common.o
                0x0800c278                OS_TASK_SAVETASK_ENVIRONMENT
                0x0800c2b8                OS_TASK_RESTORETASK_ENVIRONMENT
                0x0800c2e8                OS_TASK_RESTORE_SYSTEM_STACK
                0x0800c2fc                OS_TASK_SAVE_SYSTEM_STACK
                0x0800c310                OS_Task_InitTaskEnvironment
                0x0800c3f4                OS_Task_DeleteTaskEnvironment
                0x0800c424                OS_Task_CreateTaskEnvironment
 .data          0x0800c450        0x0 os_task_common.o
 .bss           0x0800c450        0x0 os_task_common.o
 .debug_info    0x0800c450      0x503 os_task_common.o
 .debug_abbrev  0x0800c953      0x129 os_task_common.o
 .debug_aranges
                0x0800ca7c       0x20 os_task_common.o
 .debug_macro   0x0800ca9c       0xa2 os_task_common.o
 .debug_line    0x0800cb3e      0x24a os_task_common.o
 .debug_str     0x0800cd88      0x151 os_task_common.o
                               0x2fe6 (size before relaxing)
 .comment       0x00000000       0x71 os_task_common.o
 *fill*         0x0800ced9        0x3 
 .debug_frame   0x0800cedc      0x128 os_task_common.o
 .ARM.attributes
                0x0800d004       0x33 os_task_common.o
 *fill*         0x0800d037        0x1 
 COMMON         0x0800d038       0x24 os_task_common.o
                0x0800d038                REGISTER_R2
                0x0800d03c                REGISTER_R0
                0x0800d040                TASK_PTR
                0x0800d054                REGISTER_R1
                0x0800d058                REGISTER_R3
 os_task_queue.o()
 .text          0x0800d05c      0xa54 os_task_queue.o
                0x0800d05c                SET_RUNNING_TASK
                0x0800d1d4                OS_INIT_TASK_QUEUE
                0x0800d22c                AddToTaskQueue
                0x0800d5ec                DeleteFromTaskQueue
                0x0800d6ec                GetFromTaskQueue
                0x0800d704                GetFromLinkList
                0x0800d728                DeleteFromLinkList
                0x0800d74c                AddToLinkList
                0x0800d7ac                UpdateLinkList
                0x0800d82c                GetIdleTask
                0x0800d840                AddToIdleTaskQueue
                0x0800d9bc                GetRunningTask
                0x0800d9d0                OS_INIT_TASK
 .data          0x0800dab0        0x0 os_task_queue.o
 .bss           0x0800dab0      0x3b4 os_task_queue.o
 .debug_info    0x0800de64      0x6a8 os_task_queue.o
 .debug_abbrev  0x0800e50c      0x1a7 os_task_queue.o
 .debug_aranges
                0x0800e6b3       0x20 os_task_queue.o
 .debug_macro   0x0800e6d3       0xa7 os_task_queue.o
 .debug_macro   0x0800e77a       0x1c os_task_queue.o
 .debug_line    0x0800e796      0x319 os_task_queue.o
 .debug_str     0x0800eaaf      0x26c os_task_queue.o
                               0x310e (size before relaxing)
 .comment       0x00000000       0x71 os_task_queue.o
 *fill*         0x0800ed1b        0x1 
 .debug_frame   0x0800ed1c      0x214 os_task_queue.o
 .ARM.attributes
                0x0800ef30       0x33 os_task_queue.o
 os_task_scheduler.o()
 *fill*         0x0800ef63        0x1 
 .text          0x0800ef64      0x6e0 os_task_scheduler.o
                0x0800ef64                OS_ACTIVATE_DISPATCHER
                0x0800ef74                OS_SLEEPTASK
                0x0800ef94                task_state_request
                0x0800f078                OS_ActivateTask
                0x0800f340                OS_INIT_TASKS
                0x0800f5f4                ISR_TASK_DISPATCH_C0
                0x0800f608                ISR_TASK_DISPATCH_C1
                0x0800f61c                ISR_TASK_DISPATCH_C2
                0x0800f630                ISR_TASK_DISPATCH_C3
 .data          0x0800f644        0x0 os_task_scheduler.o
 .bss           0x0800f644      0x630 os_task_scheduler.o
 .debug_info    0x0800fc74      0x76a os_task_scheduler.o
 .debug_abbrev  0x080103de      0x1f3 os_task_scheduler.o
 .debug_aranges
                0x080105d1       0x20 os_task_scheduler.o
 .debug_macro   0x080105f1       0xaf os_task_scheduler.o
 .debug_line    0x080106a0      0x357 os_task_scheduler.o
 .debug_str     0x080109f7      0x264 os_task_scheduler.o
                               0x3198 (size before relaxing)
 .comment       0x00000000       0x71 os_task_scheduler.o
 *fill*         0x08010c5b        0x1 
 .debug_frame   0x08010c5c      0x280 os_task_scheduler.o
 .ARM.attributes
                0x08010edc       0x33 os_task_scheduler.o
 os_stack.o()
 *fill*         0x08010f0f        0x1 
 .text          0x08010f10        0x0 os_stack.o
 .data          0x08010f10        0x0 os_stack.o
 .bss           0x08010f10        0x0 os_stack.o
 .debug_info    0x08010f10       0x3a os_stack.o
 .debug_abbrev  0x08010f4a       0x1c os_stack.o
 .debug_aranges
                0x08010f66       0x18 os_stack.o
 .debug_macro   0x08010f7e       0x91 os_stack.o
 .debug_line    0x0801100f      0x1b7 os_stack.o
 .debug_str     0x080111c6       0x46 os_stack.o
                               0x2a29 (size before relaxing)
 .comment       0x00000000       0x71 os_stack.o
 .ARM.attributes
                0x0801120c       0x33 os_stack.o
 os_heap.o()
 *fill*         0x0801123f        0x1 
 .text          0x08011240      0x22c os_heap.o
                0x08011240                os_calloc
                0x08011288                os_realloc
                0x080112fc                os_malloc
                0x08011364                os_free
 .data          0x0801146c        0x0 os_heap.o
 .bss           0x0801146c        0x0 os_heap.o
 .debug_info    0x0801146c      0x24e os_heap.o
 .debug_abbrev  0x080116ba      0x10d os_heap.o
 .debug_aranges
                0x080117c7       0x20 os_heap.o
 .debug_macro   0x080117e7       0x95 os_heap.o
 .debug_line    0x0801187c      0x245 os_heap.o
 .debug_str     0x08011ac1       0xe4 os_heap.o
                               0x2afa (size before relaxing)
 .comment       0x00000000       0x71 os_heap.o
 *fill*         0x08011ba5        0x3 
 .debug_frame   0x08011ba8      0x100 os_heap.o
 .ARM.attributes
                0x08011ca8       0x33 os_heap.o
 os_diagnostic_main.o()
 *fill*         0x08011cdb        0x1 
 .text          0x08011cdc        0xc os_diagnostic_main.o
                0x08011cdc                OS_DIAGNOSTIC_MAIN
 .data          0x08011ce8        0x0 os_diagnostic_main.o
 .bss           0x08011ce8        0x0 os_diagnostic_main.o
 .debug_info    0x08011ce8       0x53 os_diagnostic_main.o
 .debug_abbrev  0x08011d3b       0x38 os_diagnostic_main.o
 .debug_aranges
                0x08011d73       0x20 os_diagnostic_main.o
 .debug_macro   0x08011d93       0x91 os_diagnostic_main.o
 .debug_line    0x08011e24      0x1cf os_diagnostic_main.o
 .debug_str     0x08011ff3       0x63 os_diagnostic_main.o
                               0x2a46 (size before relaxing)
 .comment       0x00000000       0x71 os_diagnostic_main.o
 *fill*         0x08012056        0x2 
 .debug_frame   0x08012058       0x34 os_diagnostic_main.o
 .ARM.attributes
                0x0801208c       0x33 os_diagnostic_main.o
 led.o()
 *fill*         0x080120bf        0x1 
 .text          0x080120c0       0x50 led.o
                0x080120c0                USER_LED_INIT
                0x080120d4                USER_LED_ON
                0x080120e8                USER_LED_OFF
                0x080120fc                USER_LED_TOGGLE
 .data          0x08012110        0x0 led.o
 .bss           0x08012110        0x0 led.o
 .debug_info    0x08012110       0xfa led.o
 .debug_abbrev  0x0801220a       0x84 led.o
 .debug_aranges
                0x0801228e       0x20 led.o
 .debug_macro   0x080122ae       0x95 led.o
 .debug_line    0x08012343      0x1be led.o
 .debug_str     0x08012501       0x97 led.o
                               0x2a7a (size before relaxing)
 .comment       0x00000000       0x71 led.o
 .debug_frame   0x08012598       0xb0 led.o
 .ARM.attributes
                0x08012648       0x33 led.o
                0x0801267b                _code_end = .
                0x0801267b                PROVIDE (code_start, .)
                0x0801267b                PROVIDE (code_end, .)
 *fill*         0x0801267b        0x1 
 .text          0x0801267c      0x370 d:/programm/gnu tools arm embedded/4.9 2015q1/bin/../lib/gcc/arm-none-eabi/4.9.3/armv7e-m\libgcc.a(_arm_addsubdf3.o)
                0x0801267c                __aeabi_drsub
                0x08012684                __aeabi_dsub
                0x08012684                __subdf3
                0x08012688                __aeabi_dadd
                0x08012688                __adddf3
                0x08012900                __floatunsidf
                0x08012900                __aeabi_ui2d
                0x08012920                __floatsidf
                0x08012920                __aeabi_i2d
                0x08012944                __aeabi_f2d
                0x08012944                __extendsfdf2
                0x08012980                __floatundidf
                0x08012980                __aeabi_ul2d
                0x08012990                __floatdidf
                0x08012990                __aeabi_l2d
 .text          0x080129ec      0x110 d:/programm/gnu tools arm embedded/4.9 2015q1/bin/../lib/gcc/arm-none-eabi/4.9.3/armv7e-m\libgcc.a(_arm_cmpdf2.o)
                0x080129ec                __gtdf2
                0x080129ec                __gedf2
                0x080129f4                __ltdf2
                0x080129f4                __ledf2
                0x080129fc                __nedf2
                0x080129fc                __eqdf2
                0x080129fc                __cmpdf2
                0x08012a78                __aeabi_cdrcmple
                0x08012a88                __aeabi_cdcmpeq
                0x08012a88                __aeabi_cdcmple
                0x08012a98                __aeabi_dcmpeq
                0x08012aac                __aeabi_dcmplt
                0x08012ac0                __aeabi_dcmple
                0x08012ad4                __aeabi_dcmpge
                0x08012ae8                __aeabi_dcmpgt

.glue_7         0x08012afc        0x0
 .glue_7        0x00000000        0x0 linker stubs

.glue_7t        0x08012afc        0x0
 .glue_7t       0x00000000        0x0 linker stubs

.vfp11_veneer   0x08012afc        0x0
 .vfp11_veneer  0x00000000        0x0 linker stubs

.v4_bx          0x08012afc        0x0
 .v4_bx         0x00000000        0x0 linker stubs

.data           0x20000000     0x6f18
                0x20000000                _ram_start = .
 os_ram.o()
 .text          0x20000000        0x0 os_ram.o
 .data          0x20000000        0x0 os_ram.o
 .bss           0x20000000        0x0 os_ram.o
 .debug_info    0x20000000       0xb6 os_ram.o
 .debug_abbrev  0x200000b6       0x55 os_ram.o
 .debug_aranges
                0x2000010b       0x18 os_ram.o
 .debug_macro   0x20000123       0x99 os_ram.o
 .debug_line    0x200001bc      0x1d0 os_ram.o
 .debug_str     0x2000038c     0x2a1c os_ram.o
                               0x2a5c (size before relaxing)
 .comment       0x20002da8       0x70 os_ram.o
                                 0x71 (size before relaxing)
 .ARM.attributes
                0x20002e18       0x33 os_ram.o
 *fill*         0x20002e4b        0x1 
 COMMON         0x20002e4c     0x2910 os_ram.o
                0x20002e4c                OS_STACK
                0x20002f4c                OS_MAIN_STACK
                0x2000304c                HEAP
 os_shared_ram.o()
 .text          0x2000575c        0x0 os_shared_ram.o
 .data          0x2000575c        0x0 os_shared_ram.o
 .bss           0x2000575c        0x0 os_shared_ram.o
 .debug_info    0x2000575c      0x16c os_shared_ram.o
 .debug_abbrev  0x200058c8       0x4c os_shared_ram.o
 .debug_aranges
                0x20005914       0x18 os_shared_ram.o
 .debug_macro   0x2000592c       0xf1 os_shared_ram.o
 .debug_line    0x20005a1d      0x1bc os_shared_ram.o
 .debug_str     0x20005bd9      0x30b os_shared_ram.o
                               0x2d07 (size before relaxing)
 .comment       0x00000000       0x71 os_shared_ram.o
 .ARM.attributes
                0x20005ee4       0x33 os_shared_ram.o
 *fill*         0x20005f17        0x1 
 COMMON         0x20005f18     0x1000 os_shared_ram.o
                0x20005f18                RAM_BLOCK_C01_C01
                0x20006018                RAM_BLOCK_C01_C00
                0x20006118                RAM_BLOCK_C00_C00
                0x20006218                RAM_BLOCK_C01_C03
                0x20006318                RAM_BLOCK_C03_C01
                0x20006418                RAM_BLOCK_C00_C01
                0x20006518                RAM_BLOCK_C02_C01
                0x20006618                RAM_BLOCK_C01_C02
                0x20006718                RAM_BLOCK_C03_C00
                0x20006818                RAM_BLOCK_C02_C00
                0x20006918                RAM_BLOCK_C02_C02
                0x20006a18                RAM_BLOCK_C03_C03
                0x20006b18                RAM_BLOCK_C03_C02
                0x20006c18                RAM_BLOCK_C00_C03
                0x20006d18                RAM_BLOCK_C00_C02
                0x20006e18                RAM_BLOCK_C02_C03
                0x20006f18                _ram_end = .
                0x20006f18                PROVIDE (ram_start, .)
                0x20006f18                PROVIDE (ram_end, .)
 .data          0x20006f18        0x0 d:/programm/gnu tools arm embedded/4.9 2015q1/bin/../lib/gcc/arm-none-eabi/4.9.3/armv7e-m\libgcc.a(_arm_addsubdf3.o)
 .data          0x20006f18        0x0 d:/programm/gnu tools arm embedded/4.9 2015q1/bin/../lib/gcc/arm-none-eabi/4.9.3/armv7e-m\libgcc.a(_arm_cmpdf2.o)
START GROUP
LOAD d:/programm/gnu tools arm embedded/4.9 2015q1/bin/../lib/gcc/arm-none-eabi/4.9.3/armv7e-m\libgcc.a
LOAD d:/programm/gnu tools arm embedded/4.9 2015q1/bin/../lib/gcc/arm-none-eabi/4.9.3/../../../../arm-none-eabi/lib/armv7e-m\libg.a
LOAD d:/programm/gnu tools arm embedded/4.9 2015q1/bin/../lib/gcc/arm-none-eabi/4.9.3/../../../../arm-none-eabi/lib/armv7e-m\libc.a
END GROUP
OUTPUT(E:\NeuOrga\Programmieren\c_cpp\github_os\output\VERSION_ARM\operating_system.elf elf32-littlearm)

.bss            0x20006f18        0x0
 .bss           0x20006f18        0x0 d:/programm/gnu tools arm embedded/4.9 2015q1/bin/../lib/gcc/arm-none-eabi/4.9.3/armv7e-m\libgcc.a(_arm_addsubdf3.o)
 .bss           0x20006f18        0x0 d:/programm/gnu tools arm embedded/4.9 2015q1/bin/../lib/gcc/arm-none-eabi/4.9.3/armv7e-m\libgcc.a(_arm_cmpdf2.o)

.ARM.attributes
                0x00000000       0x31
 .ARM.attributes
                0x00000000       0x1e d:/programm/gnu tools arm embedded/4.9 2015q1/bin/../lib/gcc/arm-none-eabi/4.9.3/armv7e-m\libgcc.a(_arm_addsubdf3.o)
 .ARM.attributes
                0x0000001e       0x1e d:/programm/gnu tools arm embedded/4.9 2015q1/bin/../lib/gcc/arm-none-eabi/4.9.3/armv7e-m\libgcc.a(_arm_cmpdf2.o)
