Archive member included to satisfy reference by file (symbol)

d:/programm/gnu tools arm embedded/7 2018-q2-update/bin/../lib/gcc/arm-none-eabi/7.3.1/thumb/v7e-m\libgcc.a(_arm_addsubdf3.o)
                              os_task_scheduler.o (__aeabi_ui2d)
d:/programm/gnu tools arm embedded/7 2018-q2-update/bin/../lib/gcc/arm-none-eabi/7.3.1/thumb/v7e-m\libgcc.a(_arm_cmpdf2.o)
                              os_task_scheduler.o (__aeabi_dcmpgt)

Allocating common symbols
Common symbol       size              file

TASK_STACK          0x4e20            os_ram.o
RAM_BLOCK_C01_C01   0x100             os_shared_ram.o
VAR_MEM_MANAG_FAULT_STATUS_REG
                    0x4               os_ram.o
REGISTER_R2         0x4               os_ram.o
TASK_GROUP_3        0x8               os_ram.o
RAM_CHECK_FAILURE_ADDR
                    0x4               os_ram.o
REGISTER_R0         0x4               os_ram.o
OS_STACK            0x5000            os_ram.o
RAM_BLOCK_C01_C00   0x100             os_shared_ram.o
REGISTER_R6         0x4               os_ram.o
REGISTER_R7         0x4               os_ram.o
DBG_CALIB_VALUE     0x4               os_ram.o
RAM_BLOCK_C00_C00   0x100             os_shared_ram.o
OS_STATE            0x4               os_ram.o
TASK_IDLE_QUEUE     0x88              os_ram.o
REGISTER_R9         0x4               os_ram.o
TASK1_CALL_NR       0x4               os_ram.o
bTASK_QUEUE_INITIALIZED
                    0x1               os_ram.o
BACKUP_SYSTICK_CURRENT_VAL_REG
                    0x4               os_ram.o
RAM_BLOCK_C01_C03   0x100             os_shared_ram.o
TASK2_CALL_NR       0x4               os_ram.o
LAST_CURRENT_TIME   0x4               os_ram.o
LINK_REGISTER_HANDLER
                    0x4               os_ram.o
VAR_AUX_FAULT_STATUS_REG
                    0x4               os_ram.o
REGISTER_R8         0x4               os_ram.o
TASK_3_VAR          0x88              os_ram.o
RAM_BLOCK_C03_C01   0x100             os_shared_ram.o
TASK_0_VAR          0x88              os_ram.o
RAM_BLOCK_C00_C01   0x100             os_shared_ram.o
TASK4_CALL_NR       0x4               os_ram.o
TASK_GROUP_2        0x8               os_ram.o
TASK_PTR            0x28              os_task_common.o
REGISTER_R5         0x4               os_ram.o
OS_MAIN_STACK       0x5000            os_ram.o
SAVED_STACK_POINTER
                    0x4               os_ram.o
RAM_BLOCK_C02_C01   0x100             os_shared_ram.o
DBG_RLD_VALUE       0x4               os_ram.o
REGISTER_R4         0x4               os_ram.o
RAM_BLOCK_C01_C02   0x100             os_shared_ram.o
RUNNING_TASK        0x88              os_ram.o
TASK_RUN_QUEUE      0x550             os_ram.o
VAR_HARDFAULT_STATUS_REG
                    0x4               os_ram.o
RAM_BLOCK_C03_C00   0x100             os_shared_ram.o
RUNNING_SCHEDULING_QUEUE_ENTRY
                    0x4               os_ram.o
TASK_GROUP_5        0x8               os_ram.o
REGISTER_R1         0x4               os_ram.o
RAM_BLOCK_C02_C00   0x100             os_shared_ram.o
DBG_CTRL_VALUE      0x4               os_ram.o
TASK_2_VAR          0x88              os_ram.o
VAR_BUS_FAULT_STATUS_REG
                    0x4               os_ram.o
RAM_BLOCK_C02_C02   0x100             os_shared_ram.o
RAM_CHECK_FAILURE_DETECTED
                    0x4               os_ram.o
REGISTER_R10        0x4               os_ram.o
RAM_BLOCK_C03_C03   0x100             os_shared_ram.o
RAM_BLOCK_C03_C02   0x100             os_shared_ram.o
RAM_BLOCK_C00_C03   0x100             os_shared_ram.o
HEAP                0x2710            os_ram.o
DBG_CURR_VAL        0x4               os_ram.o
TASK_GROUP_1        0x8               os_ram.o
VAR_FAULT_STATUS_REG
                    0x4               os_ram.o
TASK_GROUP_4        0x8               os_ram.o
REGISTER_R11        0x4               os_ram.o
TASK_TRANSITION_REJECTED_STATE
                    0x1               os_ram.o
TASK_TRANSITION_CURRENT_STATE
                    0x1               os_ram.o
REGISTER_R3         0x4               os_ram.o
TASK_SCHEDULING_QUEUE
                    0x28              os_ram.o
TASK3_CALL_NR       0x4               os_ram.o
VAR_MEM_FAULT_ADDR_REG
                    0x4               os_ram.o
VAR_USAGE_FAULT_STATUS_REG
                    0x4               os_ram.o
VAR_BUS_FAULT_ADDR_REG
                    0x4               os_ram.o
RAM_BLOCK_C00_C02   0x100             os_shared_ram.o
TASK_TRANSITION_REJECTED_TASK_ADDR
                    0x4               os_ram.o
OS_SW_BUG           0xf               os_ram.o
RAM_BLOCK_C02_C03   0x100             os_shared_ram.o
TASK_1_VAR          0x88              os_ram.o

Discarded input sections

 .group         0x00000000        0xc os_exception_table.o
 .group         0x00000000        0xc os_exception_table.o
 .group         0x00000000        0xc os_exception_table.o
 .group         0x00000000        0xc os_exception_table.o
 .group         0x00000000        0xc os_exception_table.o
 .group         0x00000000        0xc os_exception_table.o
 .group         0x00000000        0xc os_exception_table.o
 .group         0x00000000        0xc os_exception_table.o
 .group         0x00000000        0xc os_const.o
 .group         0x00000000        0xc os_const.o
 .group         0x00000000        0xc os_const.o
 .group         0x00000000        0xc os_const.o
 .group         0x00000000        0xc os_const.o
 .group         0x00000000        0xc os_const.o
 .group         0x00000000        0xc os_const.o
 .group         0x00000000        0xc os_const.o
 .debug_macro   0x00000000      0xa42 os_const.o
 .debug_macro   0x00000000       0x4c os_const.o
 .debug_macro   0x00000000       0x82 os_const.o
 .debug_macro   0x00000000       0x46 os_const.o
 .debug_macro   0x00000000       0x10 os_const.o
 .debug_macro   0x00000000       0x16 os_const.o
 .debug_macro   0x00000000       0x28 os_const.o
 .debug_macro   0x00000000       0x1c os_const.o
 .group         0x00000000        0xc os_common.o
 .group         0x00000000        0xc os_common.o
 .group         0x00000000        0xc os_common.o
 .group         0x00000000        0xc os_common.o
 .group         0x00000000        0xc os_common.o
 .group         0x00000000        0xc os_common.o
 .group         0x00000000        0xc os_common.o
 .group         0x00000000        0xc os_common.o
 .debug_macro   0x00000000      0xa42 os_common.o
 .debug_macro   0x00000000       0x4c os_common.o
 .debug_macro   0x00000000       0x82 os_common.o
 .debug_macro   0x00000000       0x46 os_common.o
 .debug_macro   0x00000000       0x10 os_common.o
 .debug_macro   0x00000000       0x16 os_common.o
 .debug_macro   0x00000000       0x28 os_common.o
 .debug_macro   0x00000000       0x1c os_common.o
 .group         0x00000000        0xc os_exception.o
 .group         0x00000000        0xc os_exception.o
 .group         0x00000000        0xc os_exception.o
 .group         0x00000000        0xc os_exception.o
 .group         0x00000000        0xc os_exception.o
 .group         0x00000000        0xc os_exception.o
 .group         0x00000000        0xc os_exception.o
 .group         0x00000000        0xc os_exception.o
 .group         0x00000000        0xc os_exception.o
 .group         0x00000000        0xc os_exception.o
 .debug_macro   0x00000000       0x4c os_exception.o
 .debug_macro   0x00000000       0x82 os_exception.o
 .debug_macro   0x00000000       0x46 os_exception.o
 .debug_macro   0x00000000       0x10 os_exception.o
 .debug_macro   0x00000000       0x16 os_exception.o
 .debug_macro   0x00000000       0x28 os_exception.o
 .debug_macro   0x00000000       0x1c os_exception.o
 .group         0x00000000        0xc os_exception_isr_handler.o
 .group         0x00000000        0xc os_exception_isr_handler.o
 .group         0x00000000        0xc os_exception_isr_handler.o
 .group         0x00000000        0xc os_exception_isr_handler.o
 .group         0x00000000        0xc os_exception_isr_handler.o
 .group         0x00000000        0xc os_exception_isr_handler.o
 .group         0x00000000        0xc os_exception_isr_handler.o
 .group         0x00000000        0xc os_exception_isr_handler.o
 .group         0x00000000        0xc os_exception_isr_handler.o
 .debug_macro   0x00000000      0xa42 os_exception_isr_handler.o
 .debug_macro   0x00000000       0x4c os_exception_isr_handler.o
 .debug_macro   0x00000000       0x82 os_exception_isr_handler.o
 .debug_macro   0x00000000       0x46 os_exception_isr_handler.o
 .debug_macro   0x00000000       0x10 os_exception_isr_handler.o
 .debug_macro   0x00000000       0x16 os_exception_isr_handler.o
 .debug_macro   0x00000000       0x28 os_exception_isr_handler.o
 .debug_macro   0x00000000       0x1c os_exception_isr_handler.o
 .debug_macro   0x00000000       0x28 os_exception_isr_handler.o
 .group         0x00000000        0xc os_init_task_system.o
 .group         0x00000000        0xc os_init_task_system.o
 .group         0x00000000        0xc os_init_task_system.o
 .group         0x00000000        0xc os_init_task_system.o
 .group         0x00000000        0xc os_init_task_system.o
 .group         0x00000000        0xc os_init_task_system.o
 .group         0x00000000        0xc os_init_task_system.o
 .group         0x00000000        0xc os_init_task_system.o
 .group         0x00000000        0xc os_init_task_system.o
 .debug_macro   0x00000000      0xa42 os_init_task_system.o
 .debug_macro   0x00000000       0x4c os_init_task_system.o
 .debug_macro   0x00000000       0x82 os_init_task_system.o
 .debug_macro   0x00000000       0x46 os_init_task_system.o
 .debug_macro   0x00000000       0x10 os_init_task_system.o
 .debug_macro   0x00000000       0x16 os_init_task_system.o
 .debug_macro   0x00000000       0x28 os_init_task_system.o
 .debug_macro   0x00000000       0x1c os_init_task_system.o
 .group         0x00000000        0xc os_main.o
 .group         0x00000000        0xc os_main.o
 .group         0x00000000        0xc os_main.o
 .group         0x00000000        0xc os_main.o
 .group         0x00000000        0xc os_main.o
 .group         0x00000000        0xc os_main.o
 .group         0x00000000        0xc os_main.o
 .group         0x00000000        0xc os_main.o
 .group         0x00000000        0xc os_main.o
 .group         0x00000000        0xc os_main.o
 .debug_macro   0x00000000      0xa42 os_main.o
 .debug_macro   0x00000000       0x4c os_main.o
 .debug_macro   0x00000000       0x82 os_main.o
 .debug_macro   0x00000000       0x46 os_main.o
 .debug_macro   0x00000000       0x10 os_main.o
 .debug_macro   0x00000000       0x16 os_main.o
 .debug_macro   0x00000000       0x28 os_main.o
 .debug_macro   0x00000000       0x1c os_main.o
 .debug_macro   0x00000000       0x28 os_main.o
 .debug_macro   0x00000000       0x1c os_main.o
 .group         0x00000000        0xc os_memory_mmu_setup.o
 .group         0x00000000        0xc os_memory_mmu_setup.o
 .group         0x00000000        0xc os_memory_mmu_setup.o
 .group         0x00000000        0xc os_memory_mmu_setup.o
 .group         0x00000000        0xc os_memory_mmu_setup.o
 .group         0x00000000        0xc os_memory_mmu_setup.o
 .group         0x00000000        0xc os_memory_mmu_setup.o
 .group         0x00000000        0xc os_memory_mmu_setup.o
 .debug_macro   0x00000000      0xa42 os_memory_mmu_setup.o
 .debug_macro   0x00000000       0x4c os_memory_mmu_setup.o
 .debug_macro   0x00000000       0x82 os_memory_mmu_setup.o
 .debug_macro   0x00000000       0x46 os_memory_mmu_setup.o
 .debug_macro   0x00000000       0x10 os_memory_mmu_setup.o
 .debug_macro   0x00000000       0x16 os_memory_mmu_setup.o
 .debug_macro   0x00000000       0x28 os_memory_mmu_setup.o
 .debug_macro   0x00000000       0x1c os_memory_mmu_setup.o
 .group         0x00000000        0xc os_shutdown.o
 .group         0x00000000        0xc os_shutdown.o
 .group         0x00000000        0xc os_shutdown.o
 .group         0x00000000        0xc os_shutdown.o
 .group         0x00000000        0xc os_shutdown.o
 .group         0x00000000        0xc os_shutdown.o
 .group         0x00000000        0xc os_shutdown.o
 .group         0x00000000        0xc os_shutdown.o
 .debug_macro   0x00000000      0xa42 os_shutdown.o
 .debug_macro   0x00000000       0x4c os_shutdown.o
 .debug_macro   0x00000000       0x82 os_shutdown.o
 .debug_macro   0x00000000       0x46 os_shutdown.o
 .debug_macro   0x00000000       0x10 os_shutdown.o
 .debug_macro   0x00000000       0x16 os_shutdown.o
 .debug_macro   0x00000000       0x28 os_shutdown.o
 .debug_macro   0x00000000       0x1c os_shutdown.o
 .group         0x00000000        0xc os_start_ext_prg.o
 .group         0x00000000        0xc os_start_ext_prg.o
 .group         0x00000000        0xc os_start_ext_prg.o
 .group         0x00000000        0xc os_start_ext_prg.o
 .group         0x00000000        0xc os_start_ext_prg.o
 .group         0x00000000        0xc os_start_ext_prg.o
 .group         0x00000000        0xc os_start_ext_prg.o
 .group         0x00000000        0xc os_start_ext_prg.o
 .debug_macro   0x00000000      0xa42 os_start_ext_prg.o
 .debug_macro   0x00000000       0x4c os_start_ext_prg.o
 .debug_macro   0x00000000       0x82 os_start_ext_prg.o
 .debug_macro   0x00000000       0x46 os_start_ext_prg.o
 .debug_macro   0x00000000       0x10 os_start_ext_prg.o
 .debug_macro   0x00000000       0x16 os_start_ext_prg.o
 .debug_macro   0x00000000       0x28 os_start_ext_prg.o
 .debug_macro   0x00000000       0x1c os_start_ext_prg.o
 .group         0x00000000        0xc os_start_init_hw.o
 .group         0x00000000        0xc os_start_init_hw.o
 .group         0x00000000        0xc os_start_init_hw.o
 .group         0x00000000        0xc os_start_init_hw.o
 .group         0x00000000        0xc os_start_init_hw.o
 .group         0x00000000        0xc os_start_init_hw.o
 .group         0x00000000        0xc os_start_init_hw.o
 .group         0x00000000        0xc os_start_init_hw.o
 .debug_macro   0x00000000      0xa42 os_start_init_hw.o
 .debug_macro   0x00000000       0x4c os_start_init_hw.o
 .debug_macro   0x00000000       0x82 os_start_init_hw.o
 .debug_macro   0x00000000       0x46 os_start_init_hw.o
 .debug_macro   0x00000000       0x10 os_start_init_hw.o
 .debug_macro   0x00000000       0x16 os_start_init_hw.o
 .debug_macro   0x00000000       0x28 os_start_init_hw.o
 .debug_macro   0x00000000       0x1c os_start_init_hw.o
 .group         0x00000000        0xc os_start_init_mc.o
 .group         0x00000000        0xc os_start_init_mc.o
 .group         0x00000000        0xc os_start_init_mc.o
 .group         0x00000000        0xc os_start_init_mc.o
 .group         0x00000000        0xc os_start_init_mc.o
 .group         0x00000000        0xc os_start_init_mc.o
 .group         0x00000000        0xc os_start_init_mc.o
 .group         0x00000000        0xc os_start_init_mc.o
 .debug_macro   0x00000000      0xa42 os_start_init_mc.o
 .debug_macro   0x00000000       0x4c os_start_init_mc.o
 .debug_macro   0x00000000       0x82 os_start_init_mc.o
 .debug_macro   0x00000000       0x46 os_start_init_mc.o
 .debug_macro   0x00000000       0x10 os_start_init_mc.o
 .debug_macro   0x00000000       0x16 os_start_init_mc.o
 .debug_macro   0x00000000       0x28 os_start_init_mc.o
 .debug_macro   0x00000000       0x1c os_start_init_mc.o
 .group         0x00000000        0xc os_start_init_sw.o
 .group         0x00000000        0xc os_start_init_sw.o
 .group         0x00000000        0xc os_start_init_sw.o
 .group         0x00000000        0xc os_start_init_sw.o
 .group         0x00000000        0xc os_start_init_sw.o
 .group         0x00000000        0xc os_start_init_sw.o
 .group         0x00000000        0xc os_start_init_sw.o
 .group         0x00000000        0xc os_start_init_sw.o
 .debug_macro   0x00000000      0xa42 os_start_init_sw.o
 .debug_macro   0x00000000       0x4c os_start_init_sw.o
 .debug_macro   0x00000000       0x82 os_start_init_sw.o
 .debug_macro   0x00000000       0x46 os_start_init_sw.o
 .debug_macro   0x00000000       0x10 os_start_init_sw.o
 .debug_macro   0x00000000       0x16 os_start_init_sw.o
 .debug_macro   0x00000000       0x28 os_start_init_sw.o
 .debug_macro   0x00000000       0x1c os_start_init_sw.o
 .group         0x00000000        0xc os_start_os.o
 .group         0x00000000        0xc os_start_os.o
 .group         0x00000000        0xc os_start_os.o
 .group         0x00000000        0xc os_start_os.o
 .group         0x00000000        0xc os_start_os.o
 .group         0x00000000        0xc os_start_os.o
 .group         0x00000000        0xc os_start_os.o
 .group         0x00000000        0xc os_start_os.o
 .debug_macro   0x00000000      0xa42 os_start_os.o
 .debug_macro   0x00000000       0x4c os_start_os.o
 .debug_macro   0x00000000       0x82 os_start_os.o
 .debug_macro   0x00000000       0x46 os_start_os.o
 .debug_macro   0x00000000       0x10 os_start_os.o
 .debug_macro   0x00000000       0x16 os_start_os.o
 .debug_macro   0x00000000       0x28 os_start_os.o
 .debug_macro   0x00000000       0x1c os_start_os.o
 .group         0x00000000        0xc os_task_common.o
 .group         0x00000000        0xc os_task_common.o
 .group         0x00000000        0xc os_task_common.o
 .group         0x00000000        0xc os_task_common.o
 .group         0x00000000        0xc os_task_common.o
 .group         0x00000000        0xc os_task_common.o
 .group         0x00000000        0xc os_task_common.o
 .group         0x00000000        0xc os_task_common.o
 .group         0x00000000        0xc os_task_common.o
 .debug_macro   0x00000000      0xa42 os_task_common.o
 .debug_macro   0x00000000       0x4c os_task_common.o
 .debug_macro   0x00000000       0x82 os_task_common.o
 .debug_macro   0x00000000       0x46 os_task_common.o
 .debug_macro   0x00000000       0x10 os_task_common.o
 .debug_macro   0x00000000       0x16 os_task_common.o
 .debug_macro   0x00000000       0x28 os_task_common.o
 .debug_macro   0x00000000       0x1c os_task_common.o
 .debug_macro   0x00000000       0x28 os_task_common.o
 .group         0x00000000        0xc os_task_queue.o
 .group         0x00000000        0xc os_task_queue.o
 .group         0x00000000        0xc os_task_queue.o
 .group         0x00000000        0xc os_task_queue.o
 .group         0x00000000        0xc os_task_queue.o
 .group         0x00000000        0xc os_task_queue.o
 .group         0x00000000        0xc os_task_queue.o
 .group         0x00000000        0xc os_task_queue.o
 .group         0x00000000        0xc os_task_queue.o
 .group         0x00000000        0xc os_task_queue.o
 .debug_macro   0x00000000      0xa42 os_task_queue.o
 .debug_macro   0x00000000       0x4c os_task_queue.o
 .debug_macro   0x00000000       0x82 os_task_queue.o
 .debug_macro   0x00000000       0x46 os_task_queue.o
 .debug_macro   0x00000000       0x10 os_task_queue.o
 .debug_macro   0x00000000       0x16 os_task_queue.o
 .debug_macro   0x00000000       0x28 os_task_queue.o
 .debug_macro   0x00000000       0x1c os_task_queue.o
 .debug_macro   0x00000000       0x1c os_task_queue.o
 .debug_macro   0x00000000       0x28 os_task_queue.o
 .group         0x00000000        0xc os_task_scheduler.o
 .group         0x00000000        0xc os_task_scheduler.o
 .group         0x00000000        0xc os_task_scheduler.o
 .group         0x00000000        0xc os_task_scheduler.o
 .group         0x00000000        0xc os_task_scheduler.o
 .group         0x00000000        0xc os_task_scheduler.o
 .group         0x00000000        0xc os_task_scheduler.o
 .group         0x00000000        0xc os_task_scheduler.o
 .group         0x00000000        0xc os_task_scheduler.o
 .group         0x00000000        0xc os_task_scheduler.o
 .debug_macro   0x00000000      0xa42 os_task_scheduler.o
 .debug_macro   0x00000000       0x4c os_task_scheduler.o
 .debug_macro   0x00000000       0x82 os_task_scheduler.o
 .debug_macro   0x00000000       0x46 os_task_scheduler.o
 .debug_macro   0x00000000       0x10 os_task_scheduler.o
 .debug_macro   0x00000000       0x16 os_task_scheduler.o
 .debug_macro   0x00000000       0x28 os_task_scheduler.o
 .debug_macro   0x00000000       0x1c os_task_scheduler.o
 .debug_macro   0x00000000       0x28 os_task_scheduler.o
 .debug_macro   0x00000000       0x1c os_task_scheduler.o
 .group         0x00000000        0xc os_stack.o
 .group         0x00000000        0xc os_stack.o
 .group         0x00000000        0xc os_stack.o
 .group         0x00000000        0xc os_stack.o
 .group         0x00000000        0xc os_stack.o
 .group         0x00000000        0xc os_stack.o
 .group         0x00000000        0xc os_stack.o
 .group         0x00000000        0xc os_stack.o
 .debug_macro   0x00000000      0xa42 os_stack.o
 .debug_macro   0x00000000       0x4c os_stack.o
 .debug_macro   0x00000000       0x82 os_stack.o
 .debug_macro   0x00000000       0x46 os_stack.o
 .debug_macro   0x00000000       0x10 os_stack.o
 .debug_macro   0x00000000       0x16 os_stack.o
 .debug_macro   0x00000000       0x28 os_stack.o
 .debug_macro   0x00000000       0x1c os_stack.o
 .group         0x00000000        0xc os_heap.o
 .group         0x00000000        0xc os_heap.o
 .group         0x00000000        0xc os_heap.o
 .group         0x00000000        0xc os_heap.o
 .group         0x00000000        0xc os_heap.o
 .group         0x00000000        0xc os_heap.o
 .group         0x00000000        0xc os_heap.o
 .group         0x00000000        0xc os_heap.o
 .debug_macro   0x00000000      0xa42 os_heap.o
 .debug_macro   0x00000000       0x4c os_heap.o
 .debug_macro   0x00000000       0x82 os_heap.o
 .debug_macro   0x00000000       0x46 os_heap.o
 .debug_macro   0x00000000       0x10 os_heap.o
 .debug_macro   0x00000000       0x16 os_heap.o
 .debug_macro   0x00000000       0x28 os_heap.o
 .debug_macro   0x00000000       0x1c os_heap.o
 .group         0x00000000        0xc led.o
 .group         0x00000000        0xc led.o
 .group         0x00000000        0xc led.o
 .group         0x00000000        0xc led.o
 .group         0x00000000        0xc led.o
 .group         0x00000000        0xc led.o
 .group         0x00000000        0xc led.o
 .group         0x00000000        0xc led.o
 .debug_macro   0x00000000      0xa42 led.o
 .debug_macro   0x00000000       0x4c led.o
 .debug_macro   0x00000000       0x82 led.o
 .debug_macro   0x00000000       0x46 led.o
 .debug_macro   0x00000000       0x10 led.o
 .debug_macro   0x00000000       0x16 led.o
 .debug_macro   0x00000000       0x28 led.o
 .debug_macro   0x00000000       0x1c led.o
 .group         0x00000000        0xc os_ram.o
 .group         0x00000000        0xc os_ram.o
 .group         0x00000000        0xc os_ram.o
 .group         0x00000000        0xc os_ram.o
 .group         0x00000000        0xc os_ram.o
 .group         0x00000000        0xc os_ram.o
 .group         0x00000000        0xc os_ram.o
 .group         0x00000000        0xc os_ram.o
 .debug_macro   0x00000000      0xa42 os_ram.o
 .debug_macro   0x00000000       0x4c os_ram.o
 .debug_macro   0x00000000       0x82 os_ram.o
 .debug_macro   0x00000000       0x46 os_ram.o
 .debug_macro   0x00000000       0x10 os_ram.o
 .debug_macro   0x00000000       0x16 os_ram.o
 .debug_macro   0x00000000       0x28 os_ram.o
 .debug_macro   0x00000000       0x1c os_ram.o
 .group         0x00000000        0xc os_shared_ram.o
 .group         0x00000000        0xc os_shared_ram.o
 .group         0x00000000        0xc os_shared_ram.o
 .group         0x00000000        0xc os_shared_ram.o
 .group         0x00000000        0xc os_shared_ram.o
 .group         0x00000000        0xc os_shared_ram.o
 .group         0x00000000        0xc os_shared_ram.o
 .group         0x00000000        0xc os_shared_ram.o
 .debug_macro   0x00000000      0xa42 os_shared_ram.o
 .debug_macro   0x00000000       0x4c os_shared_ram.o
 .debug_macro   0x00000000       0x82 os_shared_ram.o
 .debug_macro   0x00000000       0x46 os_shared_ram.o
 .debug_macro   0x00000000       0x10 os_shared_ram.o
 .debug_macro   0x00000000       0x16 os_shared_ram.o
 .debug_macro   0x00000000       0x28 os_shared_ram.o
 .debug_macro   0x00000000       0x1c os_shared_ram.o

Memory Configuration

Name             Origin             Length             Attributes
rom              0x08000000         0x00100000
ram              0x20000000         0x00030000
*default*        0x00000000         0xffffffff

Linker script and memory map


.text           0x08000000    0x18ae4
                0x08000000                _ivec_start = .
 os_exception_table.o()
 .text          0x08000000        0x0 os_exception_table.o
 .data          0x08000000      0x400 os_exception_table.o
                0x08000000                isr_vec_table
 .bss           0x08000400        0x0 os_exception_table.o
 .debug_info    0x08000400      0x681 os_exception_table.o
 .debug_abbrev  0x08000a81      0x104 os_exception_table.o
 .debug_aranges
                0x08000b85       0x18 os_exception_table.o
 .debug_macro   0x08000b9d       0xa8 os_exception_table.o
 .debug_macro   0x08000c45      0xa42 os_exception_table.o
 .debug_macro   0x08001687       0x4c os_exception_table.o
 .debug_macro   0x080016d3       0x82 os_exception_table.o
 .debug_macro   0x08001755       0x46 os_exception_table.o
 .debug_macro   0x0800179b       0x10 os_exception_table.o
 .debug_macro   0x080017ab       0x16 os_exception_table.o
 .debug_macro   0x080017c1       0x28 os_exception_table.o
 .debug_macro   0x080017e9       0x1c os_exception_table.o
 .debug_line    0x08001805      0x1ec os_exception_table.o
 .debug_str     0x080019f1     0x394f os_exception_table.o
                               0x39ec (size before relaxing)
 .comment       0x08005340       0x7f os_exception_table.o
                                 0x80 (size before relaxing)
 .ARM.attributes
                0x080053bf       0x33 os_exception_table.o
 .iplt          0x080053f2        0x0 os_exception_table.o
 .rel.iplt      0x080053f2        0x0 os_exception_table.o
 .igot.plt      0x080053f2        0x0 os_exception_table.o
                0x080053f2                _ivec_end = .
                [!provide]                PROVIDE (ivec_start = .)
                [!provide]                PROVIDE (ivec_end = .)
                0x080053f2                _const_start = .
 os_const.o()
 .text          0x080053f2        0x0 os_const.o
 .data          0x080053f2        0x0 os_const.o
 .bss           0x080053f2        0x0 os_const.o
 .debug_info    0x080053f2      0x643 os_const.o
 .debug_abbrev  0x08005a35       0xec os_const.o
 .debug_aranges
                0x08005b21       0x18 os_const.o
 .debug_macro   0x08005b39       0x9e os_const.o
 .debug_line    0x08005bd7      0x1c4 os_const.o
 .debug_str     0x08005d9b       0x46 os_const.o
                               0x39a5 (size before relaxing)
 .comment       0x08005de1       0x80 os_const.o
 .ARM.attributes
                0x08005de1       0x33 os_const.o
                0x08005e61                _const_end = .
                [!provide]                PROVIDE (const_start = .)
                [!provide]                PROVIDE (const_end = .)
                0x08005e61                _code_start = .
 lld_global.o()
 .text          0x08005e14      0x14c E:\NeuOrga\Programmieren\c_cpp\github_os\output\os_drivers\obj_arm\lld_global.o
                0x08005e14                OS_GetCoreId
                0x08005e1a                LLF_SAVE_TASK_STACK
                0x08005e20                LLF_SAVE_REGISTERS
                0x08005e5a                LLF_RESTORE_TASK_STACK
                0x08005e60                LLF_RESTORE_REGISTERS
                0x08005e82                LLF_RESTORE_SYSTEM_STACK
                0x08005e88                LLF_SAVE_SYSTEM_STACK
                0x08005e8e                LLF_CLEAR_ALL_GP_REGISTERS
                0x08005ec0                LLF_PERFORM_RAM_CHECK
                0x08005f0c                LLF_CHANGE_TO_UNPRIVILIGED_THREAD_MODE
 .data          0x08005f60        0x0 E:\NeuOrga\Programmieren\c_cpp\github_os\output\os_drivers\obj_arm\lld_global.o
 .bss           0x08005f60        0x0 E:\NeuOrga\Programmieren\c_cpp\github_os\output\os_drivers\obj_arm\lld_global.o
 .debug_line    0x08005f60       0xf6 E:\NeuOrga\Programmieren\c_cpp\github_os\output\os_drivers\obj_arm\lld_global.o
 .debug_info    0x08006056       0x26 E:\NeuOrga\Programmieren\c_cpp\github_os\output\os_drivers\obj_arm\lld_global.o
 .debug_abbrev  0x0800607c       0x14 E:\NeuOrga\Programmieren\c_cpp\github_os\output\os_drivers\obj_arm\lld_global.o
 .debug_aranges
                0x08006090       0x20 E:\NeuOrga\Programmieren\c_cpp\github_os\output\os_drivers\obj_arm\lld_global.o
 .debug_str     0x080060b0       0x59 E:\NeuOrga\Programmieren\c_cpp\github_os\output\os_drivers\obj_arm\lld_global.o
                                 0x91 (size before relaxing)
 .ARM.attributes
                0x08006109       0x21 E:\NeuOrga\Programmieren\c_cpp\github_os\output\os_drivers\obj_arm\lld_global.o
 lld_interrupt.o()
 .text          0x0800612a       0x14 E:\NeuOrga\Programmieren\c_cpp\github_os\output\os_drivers\obj_arm\lld_interrupt.o
                0x0800612a                LLF_INT_DISABLE
                0x08006130                LLF_INT_ENABLE
                0x08006136                LLF_DISABLE_INTERRUPTS_ALL_CORES
                0x0800613c                LLF_WAIT_FOR_INTERRUPT
 .data          0x0800613e        0x0 E:\NeuOrga\Programmieren\c_cpp\github_os\output\os_drivers\obj_arm\lld_interrupt.o
 .bss           0x0800613e        0x0 E:\NeuOrga\Programmieren\c_cpp\github_os\output\os_drivers\obj_arm\lld_interrupt.o
 .debug_line    0x0800613e       0x85 E:\NeuOrga\Programmieren\c_cpp\github_os\output\os_drivers\obj_arm\lld_interrupt.o
 .debug_info    0x080061c3       0x26 E:\NeuOrga\Programmieren\c_cpp\github_os\output\os_drivers\obj_arm\lld_interrupt.o
 .debug_abbrev  0x080061e9       0x14 E:\NeuOrga\Programmieren\c_cpp\github_os\output\os_drivers\obj_arm\lld_interrupt.o
 *fill*         0x080061fd        0x3 
 .debug_aranges
                0x08006200       0x20 E:\NeuOrga\Programmieren\c_cpp\github_os\output\os_drivers\obj_arm\lld_interrupt.o
 .debug_str     0x08006220       0x4e E:\NeuOrga\Programmieren\c_cpp\github_os\output\os_drivers\obj_arm\lld_interrupt.o
                                 0x94 (size before relaxing)
 .ARM.attributes
                0x0800626e       0x21 E:\NeuOrga\Programmieren\c_cpp\github_os\output\os_drivers\obj_arm\lld_interrupt.o
 lld_mmu.o()
 *fill*         0x0800628f        0x1 
 .text          0x08006290        0xc E:\NeuOrga\Programmieren\c_cpp\github_os\output\os_drivers\obj_arm\lld_mmu.o
                0x08006290                LLF_MPU_DISABLE
                0x08006294                LLF_MPU_SWITCH_OFF_ALL_REGIONS
                0x08006296                LLF_GET_MPU_PRESENT
 .data          0x0800629c        0x0 E:\NeuOrga\Programmieren\c_cpp\github_os\output\os_drivers\obj_arm\lld_mmu.o
 .bss           0x0800629c        0x0 E:\NeuOrga\Programmieren\c_cpp\github_os\output\os_drivers\obj_arm\lld_mmu.o
 .debug_line    0x0800629c       0x7d E:\NeuOrga\Programmieren\c_cpp\github_os\output\os_drivers\obj_arm\lld_mmu.o
 .debug_info    0x08006319       0x26 E:\NeuOrga\Programmieren\c_cpp\github_os\output\os_drivers\obj_arm\lld_mmu.o
 .debug_abbrev  0x0800633f       0x14 E:\NeuOrga\Programmieren\c_cpp\github_os\output\os_drivers\obj_arm\lld_mmu.o
 *fill*         0x08006353        0x5 
 .debug_aranges
                0x08006358       0x20 E:\NeuOrga\Programmieren\c_cpp\github_os\output\os_drivers\obj_arm\lld_mmu.o
 .debug_str     0x08006378       0x48 E:\NeuOrga\Programmieren\c_cpp\github_os\output\os_drivers\obj_arm\lld_mmu.o
                                 0x8e (size before relaxing)
 .ARM.attributes
                0x080063c0       0x21 E:\NeuOrga\Programmieren\c_cpp\github_os\output\os_drivers\obj_arm\lld_mmu.o
 lld_ram.o()
 *fill*         0x080063e1        0x3 
 .text          0x080063e4       0xa0 E:\NeuOrga\Programmieren\c_cpp\github_os\output\os_drivers\obj_arm\lld_ram.o
                0x080063e4                INIT_OS_STACK
                0x080063fe                LLF_CLEAR_ALL_RAM
 .data          0x08006484        0x0 E:\NeuOrga\Programmieren\c_cpp\github_os\output\os_drivers\obj_arm\lld_ram.o
 .bss           0x08006484        0x0 E:\NeuOrga\Programmieren\c_cpp\github_os\output\os_drivers\obj_arm\lld_ram.o
 .debug_line    0x08006484       0xad E:\NeuOrga\Programmieren\c_cpp\github_os\output\os_drivers\obj_arm\lld_ram.o
 .debug_info    0x08006531       0x26 E:\NeuOrga\Programmieren\c_cpp\github_os\output\os_drivers\obj_arm\lld_ram.o
 .debug_abbrev  0x08006557       0x14 E:\NeuOrga\Programmieren\c_cpp\github_os\output\os_drivers\obj_arm\lld_ram.o
 *fill*         0x0800656b        0x5 
 .debug_aranges
                0x08006570       0x20 E:\NeuOrga\Programmieren\c_cpp\github_os\output\os_drivers\obj_arm\lld_ram.o
 .debug_str     0x08006590       0x48 E:\NeuOrga\Programmieren\c_cpp\github_os\output\os_drivers\obj_arm\lld_ram.o
                                 0x8e (size before relaxing)
 .ARM.attributes
                0x080065d8       0x21 E:\NeuOrga\Programmieren\c_cpp\github_os\output\os_drivers\obj_arm\lld_ram.o
 lld_timer.o()
 .text          0x080065f9        0x0 E:\NeuOrga\Programmieren\c_cpp\github_os\output\os_drivers\obj_arm\lld_timer.o
 .data          0x080065f9        0x0 E:\NeuOrga\Programmieren\c_cpp\github_os\output\os_drivers\obj_arm\lld_timer.o
 .bss           0x080065f9        0x0 E:\NeuOrga\Programmieren\c_cpp\github_os\output\os_drivers\obj_arm\lld_timer.o
 .ARM.attributes
                0x080065f9       0x21 E:\NeuOrga\Programmieren\c_cpp\github_os\output\os_drivers\obj_arm\lld_timer.o
 lld_power.o()
 *fill*         0x0800661a        0x2 
 .text          0x0800661c       0x20 E:\NeuOrga\Programmieren\c_cpp\github_os\output\os_drivers\obj_arm\lld_power.o
                0x0800661c                LLF_MCU_SWITCH_OFF_POWER
                0x08006622                LLF_MCU_RESET_POWER
 .data          0x0800663c        0x0 E:\NeuOrga\Programmieren\c_cpp\github_os\output\os_drivers\obj_arm\lld_power.o
 .bss           0x0800663c        0x0 E:\NeuOrga\Programmieren\c_cpp\github_os\output\os_drivers\obj_arm\lld_power.o
 .debug_line    0x0800663c       0x87 E:\NeuOrga\Programmieren\c_cpp\github_os\output\os_drivers\obj_arm\lld_power.o
 .debug_info    0x080066c3       0x26 E:\NeuOrga\Programmieren\c_cpp\github_os\output\os_drivers\obj_arm\lld_power.o
 .debug_abbrev  0x080066e9       0x14 E:\NeuOrga\Programmieren\c_cpp\github_os\output\os_drivers\obj_arm\lld_power.o
 *fill*         0x080066fd        0x3 
 .debug_aranges
                0x08006700       0x20 E:\NeuOrga\Programmieren\c_cpp\github_os\output\os_drivers\obj_arm\lld_power.o
 .debug_str     0x08006720       0x4a E:\NeuOrga\Programmieren\c_cpp\github_os\output\os_drivers\obj_arm\lld_power.o
                                 0x90 (size before relaxing)
 .ARM.attributes
                0x0800676a       0x21 E:\NeuOrga\Programmieren\c_cpp\github_os\output\os_drivers\obj_arm\lld_power.o
 os_exception_reset.o()
 *fill*         0x0800678b        0x1 
 .text          0x0800678c       0xbc E:\NeuOrga\Programmieren\c_cpp\github_os\output\os_drivers\obj_arm\os_exception_reset.o
                0x0800678c                OS_Exception_RESET
 .data          0x08006848        0x0 E:\NeuOrga\Programmieren\c_cpp\github_os\output\os_drivers\obj_arm\os_exception_reset.o
 .bss           0x08006848        0x0 E:\NeuOrga\Programmieren\c_cpp\github_os\output\os_drivers\obj_arm\os_exception_reset.o
 .debug_line    0x08006848       0xbe E:\NeuOrga\Programmieren\c_cpp\github_os\output\os_drivers\obj_arm\os_exception_reset.o
 .debug_info    0x08006906       0x26 E:\NeuOrga\Programmieren\c_cpp\github_os\output\os_drivers\obj_arm\os_exception_reset.o
 .debug_abbrev  0x0800692c       0x14 E:\NeuOrga\Programmieren\c_cpp\github_os\output\os_drivers\obj_arm\os_exception_reset.o
 .debug_aranges
                0x08006940       0x20 E:\NeuOrga\Programmieren\c_cpp\github_os\output\os_drivers\obj_arm\os_exception_reset.o
 .debug_str     0x08006960       0x50 E:\NeuOrga\Programmieren\c_cpp\github_os\output\os_drivers\obj_arm\os_exception_reset.o
                                 0x96 (size before relaxing)
 .ARM.attributes
                0x080069b0       0x21 E:\NeuOrga\Programmieren\c_cpp\github_os\output\os_drivers\obj_arm\os_exception_reset.o
 os_common.o()
 *fill*         0x080069d1        0x3 
 .text          0x080069d4       0x38 os_common.o
                0x080069d4                OS_SetSwBug
                0x080069fc                OS_GetCurrentTime
 .data          0x08006a0c        0x0 os_common.o
 .bss           0x08006a0c        0x0 os_common.o
 .debug_info    0x08006a0c      0x70b os_common.o
 .debug_abbrev  0x08007117      0x131 os_common.o
 .debug_aranges
                0x08007248       0x20 os_common.o
 .debug_macro   0x08007268       0xa2 os_common.o
 .debug_line    0x0800730a      0x1eb os_common.o
 .debug_str     0x080074f5      0x1e9 os_common.o
                               0x3b48 (size before relaxing)
 .comment       0x080076de       0x80 os_common.o
 *fill*         0x080076de        0x2 
 .debug_frame   0x080076e0       0x5c os_common.o
 .ARM.attributes
                0x0800773c       0x33 os_common.o
 os_exception.o()
 *fill*         0x0800776f        0x1 
 .text          0x08007770      0x274 os_exception.o
                0x080077f8                OS_Exception_HARDFAULT
                0x08007810                OS_Exception_NMI
                0x08007828                OS_Exception_SWI
                0x08007840                OS_Exception_BUS_FAULT
                0x08007858                OS_Exception_DEBUG
                0x08007862                OS_Exception_MEM_MANAG_FAULT
                0x08007878                OS_Exception_USAGE_FAULT
                0x08007890                OS_Exception_PendSV
                0x08007896                OS_Exception_Systick
                0x080079cc                OS_Exception_IRQ
                0x080079d8                OS_Exception_FIQ
 .data          0x080079e4        0x0 os_exception.o
 .bss           0x080079e4        0x0 os_exception.o
 .debug_info    0x080079e4      0x772 os_exception.o
 .debug_abbrev  0x08008156      0x15f os_exception.o
 .debug_aranges
                0x080082b5       0x20 os_exception.o
 .debug_macro   0x080082d5      0x13b os_exception.o
 .debug_macro   0x08008410      0xa3c os_exception.o
 .debug_macro   0x08008e4c       0x1c os_exception.o
 .debug_macro   0x08008e68       0x28 os_exception.o
 .debug_line    0x08008e90      0x2b5 os_exception.o
 .debug_str     0x08009145      0x64f os_exception.o
                               0x3f53 (size before relaxing)
 .comment       0x08009794       0x80 os_exception.o
 .debug_frame   0x08009794      0x174 os_exception.o
 .ARM.attributes
                0x08009908       0x33 os_exception.o
 os_exception_isr_handler.o()
 *fill*         0x0800993b        0x1 
 .text          0x0800993c        0xc os_exception_isr_handler.o
                0x0800993c                OS_ISRHANDLERC0
 .data          0x08009948        0x0 os_exception_isr_handler.o
 .bss           0x08009948        0x0 os_exception_isr_handler.o
 .debug_info    0x08009948      0x65c os_exception_isr_handler.o
 .debug_abbrev  0x08009fa4      0x108 os_exception_isr_handler.o
 .debug_aranges
                0x0800a0ac       0x20 os_exception_isr_handler.o
 .debug_macro   0x0800a0cc       0xab os_exception_isr_handler.o
 .debug_line    0x0800a177      0x20d os_exception_isr_handler.o
 .debug_str     0x0800a384       0x66 os_exception_isr_handler.o
                               0x3a35 (size before relaxing)
 .comment       0x0800a3ea       0x80 os_exception_isr_handler.o
 *fill*         0x0800a3ea        0x2 
 .debug_frame   0x0800a3ec       0x34 os_exception_isr_handler.o
 .ARM.attributes
                0x0800a420       0x33 os_exception_isr_handler.o
 os_exception_table.o()
 os_init_task_system.o()
 *fill*         0x0800a453        0x1 
 .text          0x0800a454        0xc os_init_task_system.o
                0x0800a454                OS_InitTaskSystem
 .data          0x0800a460        0x0 os_init_task_system.o
 .bss           0x0800a460        0x0 os_init_task_system.o
 .debug_info    0x0800a460      0x65c os_init_task_system.o
 .debug_abbrev  0x0800aabc      0x108 os_init_task_system.o
 .debug_aranges
                0x0800abc4       0x20 os_init_task_system.o
 .debug_macro   0x0800abe4       0xb1 os_init_task_system.o
 .debug_macro   0x0800ac95       0x22 os_init_task_system.o
 .debug_line    0x0800acb7      0x209 os_init_task_system.o
 .debug_str     0x0800aec0       0x63 os_init_task_system.o
                               0x3a32 (size before relaxing)
 .comment       0x0800af23       0x80 os_init_task_system.o
 *fill*         0x0800af23        0x1 
 .debug_frame   0x0800af24       0x2c os_init_task_system.o
 .ARM.attributes
                0x0800af50       0x33 os_init_task_system.o
 os_main.o()
 *fill*         0x0800af83        0x1 
 .text          0x0800af84      0x148 os_main.o
                0x0800b00c                OS_StateHandler
 .data          0x0800b0cc        0x0 os_main.o
 .bss           0x0800b0cc        0x9 os_main.o
 .debug_info    0x0800b0d5      0x6f9 os_main.o
 .debug_abbrev  0x0800b7ce      0x12f os_main.o
 .debug_aranges
                0x0800b8fd       0x20 os_main.o
 .debug_macro   0x0800b91d       0xdc os_main.o
 .debug_line    0x0800b9f9      0x29d os_main.o
 .debug_str     0x0800bc96      0x125 os_main.o
                               0x3bdd (size before relaxing)
 .comment       0x0800bdbb       0x80 os_main.o
 *fill*         0x0800bdbb        0x1 
 .debug_frame   0x0800bdbc       0x48 os_main.o
 .ARM.attributes
                0x0800be04       0x33 os_main.o
 os_memory_mmu_setup.o()
 *fill*         0x0800be37        0x1 
 .text          0x0800be38        0xc os_memory_mmu_setup.o
                0x0800be38                OS_MmuSetup
 .data          0x0800be44        0x0 os_memory_mmu_setup.o
 .bss           0x0800be44        0x0 os_memory_mmu_setup.o
 .debug_info    0x0800be44      0x65c os_memory_mmu_setup.o
 .debug_abbrev  0x0800c4a0      0x108 os_memory_mmu_setup.o
 .debug_aranges
                0x0800c5a8       0x20 os_memory_mmu_setup.o
 .debug_macro   0x0800c5c8       0xda os_memory_mmu_setup.o
 .debug_line    0x0800c6a2      0x1df os_memory_mmu_setup.o
 .debug_str     0x0800c881      0x1cb os_memory_mmu_setup.o
                               0x3b2a (size before relaxing)
 .comment       0x0800ca4c       0x80 os_memory_mmu_setup.o
 .debug_frame   0x0800ca4c       0x34 os_memory_mmu_setup.o
 .ARM.attributes
                0x0800ca80       0x33 os_memory_mmu_setup.o
 os_shutdown.o()
 *fill*         0x0800cab3        0x1 
 .text          0x0800cab4       0x6c os_shutdown.o
                0x0800cacc                OS_DeinitMc
                0x0800cad8                OS_Shutdown
 .data          0x0800cb20        0x0 os_shutdown.o
 .bss           0x0800cb20        0x0 os_shutdown.o
 .debug_info    0x0800cb20      0x6e3 os_shutdown.o
 .debug_abbrev  0x0800d203      0x14e os_shutdown.o
 .debug_aranges
                0x0800d351       0x20 os_shutdown.o
 .debug_macro   0x0800d371       0xb2 os_shutdown.o
 .debug_line    0x0800d423      0x211 os_shutdown.o
 .debug_str     0x0800d634       0xa9 os_shutdown.o
                               0x3a68 (size before relaxing)
 .comment       0x0800d6dd       0x80 os_shutdown.o
 *fill*         0x0800d6dd        0x3 
 .debug_frame   0x0800d6e0       0x9c os_shutdown.o
 .ARM.attributes
                0x0800d77c       0x33 os_shutdown.o
 os_start_ext_prg.o()
 *fill*         0x0800d7af        0x1 
 .text          0x0800d7b0       0x4a os_start_ext_prg.o
                0x0800d7c8                OS_StartExtPrg
 .data          0x0800d7fa        0x0 os_start_ext_prg.o
 .bss           0x0800d7fa        0x0 os_start_ext_prg.o
 .debug_info    0x0800d7fa      0x6dd os_start_ext_prg.o
 .debug_abbrev  0x0800ded7      0x138 os_start_ext_prg.o
 .debug_aranges
                0x0800e00f       0x20 os_start_ext_prg.o
 .debug_macro   0x0800e02f       0x9e os_start_ext_prg.o
 .debug_line    0x0800e0cd      0x1ea os_start_ext_prg.o
 .debug_str     0x0800e2b7       0x90 os_start_ext_prg.o
                               0x39fa (size before relaxing)
 .comment       0x0800e347       0x80 os_start_ext_prg.o
 *fill*         0x0800e347        0x1 
 .debug_frame   0x0800e348       0x60 os_start_ext_prg.o
 .ARM.attributes
                0x0800e3a8       0x33 os_start_ext_prg.o
 os_start_init_hw.o()
 *fill*         0x0800e3db        0x1 
 .text          0x0800e3dc        0xc os_start_init_hw.o
                0x0800e3dc                OS_InitHw
 .data          0x0800e3e8        0x0 os_start_init_hw.o
 .bss           0x0800e3e8        0x0 os_start_init_hw.o
 .debug_info    0x0800e3e8      0x65c os_start_init_hw.o
 .debug_abbrev  0x0800ea44      0x108 os_start_init_hw.o
 .debug_aranges
                0x0800eb4c       0x20 os_start_init_hw.o
 .debug_macro   0x0800eb6c       0x9e os_start_init_hw.o
 .debug_line    0x0800ec0a      0x1da os_start_init_hw.o
 .debug_str     0x0800ede4       0x58 os_start_init_hw.o
                               0x39b7 (size before relaxing)
 .comment       0x0800ee3c       0x80 os_start_init_hw.o
 .debug_frame   0x0800ee3c       0x34 os_start_init_hw.o
 .ARM.attributes
                0x0800ee70       0x33 os_start_init_hw.o
 os_start_init_mc.o()
 *fill*         0x0800eea3        0x1 
 .text          0x0800eea4        0xc os_start_init_mc.o
                0x0800eea4                OS_InitMc
 .data          0x0800eeb0        0x0 os_start_init_mc.o
 .bss           0x0800eeb0        0x0 os_start_init_mc.o
 .debug_info    0x0800eeb0      0x65c os_start_init_mc.o
 .debug_abbrev  0x0800f50c      0x108 os_start_init_mc.o
 .debug_aranges
                0x0800f614       0x20 os_start_init_mc.o
 .debug_macro   0x0800f634       0xa8 os_start_init_mc.o
 .debug_line    0x0800f6dc      0x1f0 os_start_init_mc.o
 .debug_str     0x0800f8cc       0x58 os_start_init_mc.o
                               0x39cd (size before relaxing)
 .comment       0x0800f924       0x80 os_start_init_mc.o
 .debug_frame   0x0800f924       0x34 os_start_init_mc.o
 .ARM.attributes
                0x0800f958       0x33 os_start_init_mc.o
 os_start_init_sw.o()
 *fill*         0x0800f98b        0x1 
 .text          0x0800f98c       0x70 os_start_init_sw.o
                0x0800f98c                OS_InitSw
 .data          0x0800f9fc        0x0 os_start_init_sw.o
 .bss           0x0800f9fc        0x0 os_start_init_sw.o
 .debug_info    0x0800f9fc      0x669 os_start_init_sw.o
 .debug_abbrev  0x08010065      0x117 os_start_init_sw.o
 .debug_aranges
                0x0801017c       0x20 os_start_init_sw.o
 .debug_macro   0x0801019c       0x9e os_start_init_sw.o
 .debug_line    0x0801023a      0x1f3 os_start_init_sw.o
 .debug_str     0x0801042d       0x58 os_start_init_sw.o
                               0x39b7 (size before relaxing)
 .comment       0x08010485       0x80 os_start_init_sw.o
 *fill*         0x08010485        0x3 
 .debug_frame   0x08010488       0x38 os_start_init_sw.o
 .ARM.attributes
                0x080104c0       0x33 os_start_init_sw.o
 os_start_os.o()
 *fill*         0x080104f3        0x1 
 .text          0x080104f4       0x8c os_start_os.o
                0x080104f4                OS_StartOs
 .data          0x08010580        0x0 os_start_os.o
 .bss           0x08010580        0x0 os_start_os.o
 .debug_info    0x08010580      0x65c os_start_os.o
 .debug_abbrev  0x08010bdc      0x108 os_start_os.o
 .debug_aranges
                0x08010ce4       0x20 os_start_os.o
 .debug_macro   0x08010d04       0xc0 os_start_os.o
 .debug_line    0x08010dc4      0x1f1 os_start_os.o
 .debug_str     0x08010fb5      0x233 os_start_os.o
                               0x3b92 (size before relaxing)
 .comment       0x080111e8       0x80 os_start_os.o
 .debug_frame   0x080111e8       0x2c os_start_os.o
 .ARM.attributes
                0x08011214       0x33 os_start_os.o
 os_task_common.o()
 *fill*         0x08011247        0x1 
 .text          0x08011248      0x1e0 os_task_common.o
                0x08011248                OS_TaskSaveTaskEnvironment
                0x08011286                OS_TASK_RESTORETASK_ENVIRONMENT
                0x080112b6                OS_TASK_RESTORE_SYSTEM_STACK
                0x080112cc                OS_TASK_SAVE_SYSTEM_STACK
                0x080112e2                OS_Task_InitTaskEnvironment
                0x080113cc                OS_Task_DeleteTaskEnvironment
                0x080113fe                OS_Task_CreateTaskEnvironment
 .data          0x08011428        0x0 os_task_common.o
 .bss           0x08011428        0x0 os_task_common.o
 .debug_info    0x08011428      0x7d7 os_task_common.o
 .debug_abbrev  0x08011bff      0x169 os_task_common.o
 .debug_aranges
                0x08011d68       0x20 os_task_common.o
 .debug_macro   0x08011d88       0xaf os_task_common.o
 .debug_line    0x08011e37      0x25a os_task_common.o
 .debug_str     0x08012091      0x127 os_task_common.o
                               0x3c5b (size before relaxing)
 .comment       0x080121b8       0x80 os_task_common.o
 .debug_frame   0x080121b8      0x128 os_task_common.o
 .ARM.attributes
                0x080122e0       0x33 os_task_common.o
 *fill*         0x08012313        0x1 
 COMMON         0x08012314       0x28 os_task_common.o
                0x08012314                TASK_PTR
 os_task_queue.o()
 .text          0x0801233c      0xa84 os_task_queue.o
                0x0801233c                SET_RUNNING_TASK
                0x080124cc                OS_InitTaskQueue
                0x08012524                AddToTaskQueue
                0x080128fc                DeleteFromTaskQueue
                0x08012a08                GetFromTaskQueue
                0x08012a1e                GetFromSchedulingQueue
                0x08012a40                DeleteFromSchedulingQueue
                0x08012a58                AddToSchedulingQueue
                0x08012aa8                UpdateSchedulingQueue
                0x08012b28                GetIdleTask
                0x08012b3c                AddToIdleTaskQueue
                0x08012cbc                GetRunningTask
                0x08012cd0                GetRunningSchedulingQueueElementPtr
                0x08012ce4                OS_InitTask
 .data          0x08012dc0        0x0 os_task_queue.o
 .bss           0x08012dc0        0x0 os_task_queue.o
 .debug_info    0x08012dc0      0x9a9 os_task_queue.o
 .debug_abbrev  0x08013769      0x1eb os_task_queue.o
 .debug_aranges
                0x08013954       0x20 os_task_queue.o
 .debug_macro   0x08013974       0xb4 os_task_queue.o
 .debug_line    0x08013a28      0x329 os_task_queue.o
 .debug_str     0x08013d51      0x219 os_task_queue.o
                               0x3ddb (size before relaxing)
 .comment       0x08013f6a       0x80 os_task_queue.o
 *fill*         0x08013f6a        0x2 
 .debug_frame   0x08013f6c      0x238 os_task_queue.o
 .ARM.attributes
                0x080141a4       0x33 os_task_queue.o
 os_task_scheduler.o()
 *fill*         0x080141d7        0x1 
 .text          0x080141d8      0x7bc os_task_scheduler.o
                0x080141d8                OS_ActivateDispatcher
                0x08014218                OS_SleepTask
                0x08014242                task_state_request
                0x0801435c                OS_CreateTask
                0x0801443c                OS_ActivateTask
                0x080144cc                OS_StartTask
                0x080145a4                OS_TerminateTask
                0x08014648                OS_TaskDispatcher
                0x08014714                OS_InitTasks
 .data          0x08014994        0x0 os_task_scheduler.o
 .bss           0x08014994        0x0 os_task_scheduler.o
 .debug_info    0x08014994      0xa05 os_task_scheduler.o
 .debug_abbrev  0x08015399      0x1f6 os_task_scheduler.o
 .debug_aranges
                0x0801558f       0x20 os_task_scheduler.o
 .debug_macro   0x080155af       0xe0 os_task_scheduler.o
 .debug_line    0x0801568f      0x3c2 os_task_scheduler.o
 .debug_str     0x08015a51      0x19a os_task_scheduler.o
                               0x3ece (size before relaxing)
 .comment       0x08015beb       0x80 os_task_scheduler.o
 *fill*         0x08015beb        0x1 
 .debug_frame   0x08015bec      0x248 os_task_scheduler.o
 .ARM.attributes
                0x08015e34       0x33 os_task_scheduler.o
 os_stack.o()
 *fill*         0x08015e67        0x1 
 .text          0x08015e68        0x0 os_stack.o
 .data          0x08015e68        0x0 os_stack.o
 .bss           0x08015e68        0x0 os_stack.o
 .debug_info    0x08015e68      0x643 os_stack.o
 .debug_abbrev  0x080164ab       0xec os_stack.o
 .debug_aranges
                0x08016597       0x18 os_stack.o
 .debug_macro   0x080165af       0x9e os_stack.o
 .debug_line    0x0801664d      0x1c4 os_stack.o
 .debug_str     0x08016811       0x46 os_stack.o
                               0x39a5 (size before relaxing)
 .comment       0x08016857       0x80 os_stack.o
 .ARM.attributes
                0x08016857       0x33 os_stack.o
 os_heap.o()
 *fill*         0x0801688a        0x2 
 .text          0x0801688c      0x22c os_heap.o
                0x0801688c                OS_Calloc
                0x080168d4                OS_Realloc
                0x08016946                OS_Malloc
                0x080169b0                OS_Free
 .data          0x08016ab8        0x0 os_heap.o
 .bss           0x08016ab8        0x0 os_heap.o
 .debug_info    0x08016ab8      0x818 os_heap.o
 .debug_abbrev  0x080172d0      0x1b7 os_heap.o
 .debug_aranges
                0x08017487       0x20 os_heap.o
 .debug_macro   0x080174a7       0xa2 os_heap.o
 .debug_line    0x08017549      0x252 os_heap.o
 .debug_str     0x0801779b       0xe6 os_heap.o
                               0x3a4b (size before relaxing)
 .comment       0x08017881       0x80 os_heap.o
 *fill*         0x08017881        0x3 
 .debug_frame   0x08017884      0x100 os_heap.o
 .ARM.attributes
                0x08017984       0x33 os_heap.o
 led.o()
 *fill*         0x080179b7        0x1 
 .text          0x080179b8       0x50 led.o
                0x080179b8                USER_LED_INIT
                0x080179cc                USER_LED_ON
                0x080179e0                USER_LED_OFF
                0x080179f4                USER_LED_TOGGLE
 .data          0x08017a08        0x0 led.o
 .bss           0x08017a08        0x0 led.o
 .debug_info    0x08017a08      0x708 led.o
 .debug_abbrev  0x08018110      0x142 led.o
 .debug_aranges
                0x08018252       0x20 led.o
 .debug_macro   0x08018272       0xa2 led.o
 .debug_line    0x08018314      0x1cb led.o
 .debug_str     0x080184df       0x97 led.o
                               0x39f6 (size before relaxing)
 .comment       0x08018576       0x80 led.o
 *fill*         0x08018576        0x2 
 .debug_frame   0x08018578       0xb0 led.o
 .ARM.attributes
                0x08018628       0x33 led.o
                0x0801865b                _code_end = .
                [!provide]                PROVIDE (code_start = .)
                [!provide]                PROVIDE (code_end = .)
 *fill*         0x0801865b        0x1 
 .text          0x0801865c      0x378 d:/programm/gnu tools arm embedded/7 2018-q2-update/bin/../lib/gcc/arm-none-eabi/7.3.1/thumb/v7e-m\libgcc.a(_arm_addsubdf3.o)
                0x0801865c                __aeabi_drsub
                0x08018664                __aeabi_dsub
                0x08018664                __subdf3
                0x08018668                __aeabi_dadd
                0x08018668                __adddf3
                0x080188e0                __floatunsidf
                0x080188e0                __aeabi_ui2d
                0x08018900                __floatsidf
                0x08018900                __aeabi_i2d
                0x08018924                __aeabi_f2d
                0x08018924                __extendsfdf2
                0x08018968                __floatundidf
                0x08018968                __aeabi_ul2d
                0x08018978                __floatdidf
                0x08018978                __aeabi_l2d
 .text          0x080189d4      0x110 d:/programm/gnu tools arm embedded/7 2018-q2-update/bin/../lib/gcc/arm-none-eabi/7.3.1/thumb/v7e-m\libgcc.a(_arm_cmpdf2.o)
                0x080189d4                __gtdf2
                0x080189d4                __gedf2
                0x080189dc                __ltdf2
                0x080189dc                __ledf2
                0x080189e4                __nedf2
                0x080189e4                __eqdf2
                0x080189e4                __cmpdf2
                0x08018a60                __aeabi_cdrcmple
                0x08018a70                __aeabi_cdcmpeq
                0x08018a70                __aeabi_cdcmple
                0x08018a80                __aeabi_dcmpeq
                0x08018a94                __aeabi_dcmplt
                0x08018aa8                __aeabi_dcmple
                0x08018abc                __aeabi_dcmpge
                0x08018ad0                __aeabi_dcmpgt

.glue_7         0x08018ae4        0x0
 .glue_7        0x08018ae4        0x0 linker stubs

.glue_7t        0x08018ae4        0x0
 .glue_7t       0x08018ae4        0x0 linker stubs

.vfp11_veneer   0x08018ae4        0x0
 .vfp11_veneer  0x08018ae4        0x0 linker stubs

.v4_bx          0x08018ae4        0x0
 .v4_bx         0x08018ae4        0x0 linker stubs

.data           0x20000000    0x184f4
                0x20000000                _ram_start = .
 os_ram.o()
 .text          0x20000000        0x0 os_ram.o
 .data          0x20000000        0x0 os_ram.o
 .bss           0x20000000        0x0 os_ram.o
 .debug_info    0x20000000      0x96d os_ram.o
 .debug_abbrev  0x2000096d      0x10a os_ram.o
 .debug_aranges
                0x20000a77       0x18 os_ram.o
 .debug_macro   0x20000a8f       0xa6 os_ram.o
 .debug_line    0x20000b35      0x1dd os_ram.o
 .debug_str     0x20000d12     0x3a03 os_ram.o
                               0x3a67 (size before relaxing)
 .comment       0x20004715       0x7f os_ram.o
                                 0x80 (size before relaxing)
 .ARM.attributes
                0x20004794       0x33 os_ram.o
 *fill*         0x200047c7        0x1 
 COMMON         0x200047c8    0x11eac os_ram.o
                0x200047c8                TASK_STACK
                0x200095e8                VAR_MEM_MANAG_FAULT_STATUS_REG
                0x200095ec                REGISTER_R2
                0x200095f0                TASK_GROUP_3
                0x200095f8                RAM_CHECK_FAILURE_ADDR
                0x200095fc                REGISTER_R0
                0x20009600                OS_STACK
                0x2000e600                REGISTER_R6
                0x2000e604                REGISTER_R7
                0x2000e608                DBG_CALIB_VALUE
                0x2000e60c                OS_STATE
                0x2000e610                TASK_IDLE_QUEUE
                0x2000e698                REGISTER_R9
                0x2000e69c                TASK1_CALL_NR
                0x2000e6a0                bTASK_QUEUE_INITIALIZED
                0x2000e6a4                BACKUP_SYSTICK_CURRENT_VAL_REG
                0x2000e6a8                TASK2_CALL_NR
                0x2000e6ac                LAST_CURRENT_TIME
                0x2000e6b0                LINK_REGISTER_HANDLER
                0x2000e6b4                VAR_AUX_FAULT_STATUS_REG
                0x2000e6b8                REGISTER_R8
                0x2000e6bc                TASK_3_VAR
                0x2000e744                TASK_0_VAR
                0x2000e7cc                TASK4_CALL_NR
                0x2000e7d0                TASK_GROUP_2
                0x2000e7d8                REGISTER_R5
                0x2000e7dc                OS_MAIN_STACK
                0x200137dc                SAVED_STACK_POINTER
                0x200137e0                DBG_RLD_VALUE
                0x200137e4                REGISTER_R4
                0x200137e8                RUNNING_TASK
                0x20013870                TASK_RUN_QUEUE
                0x20013dc0                VAR_HARDFAULT_STATUS_REG
                0x20013dc4                RUNNING_SCHEDULING_QUEUE_ENTRY
                0x20013dc8                TASK_GROUP_5
                0x20013dd0                REGISTER_R1
                0x20013dd4                DBG_CTRL_VALUE
                0x20013dd8                TASK_2_VAR
                0x20013e60                VAR_BUS_FAULT_STATUS_REG
                0x20013e64                RAM_CHECK_FAILURE_DETECTED
                0x20013e68                REGISTER_R10
                0x20013e6c                HEAP
                0x2001657c                DBG_CURR_VAL
                0x20016580                TASK_GROUP_1
                0x20016588                VAR_FAULT_STATUS_REG
                0x2001658c                TASK_GROUP_4
                0x20016594                REGISTER_R11
                0x20016598                TASK_TRANSITION_REJECTED_STATE
                0x20016599                TASK_TRANSITION_CURRENT_STATE
                0x2001659c                REGISTER_R3
                0x200165a0                TASK_SCHEDULING_QUEUE
                0x200165c8                TASK3_CALL_NR
                0x200165cc                VAR_MEM_FAULT_ADDR_REG
                0x200165d0                VAR_USAGE_FAULT_STATUS_REG
                0x200165d4                VAR_BUS_FAULT_ADDR_REG
                0x200165d8                TASK_TRANSITION_REJECTED_TASK_ADDR
                0x200165dc                OS_SW_BUG
                0x200165ec                TASK_1_VAR
 os_shared_ram.o()
 .text          0x20016674        0x0 os_shared_ram.o
 .data          0x20016674        0x0 os_shared_ram.o
 .bss           0x20016674        0x0 os_shared_ram.o
 .debug_info    0x20016674      0x763 os_shared_ram.o
 .debug_abbrev  0x20016dd7       0xfd os_shared_ram.o
 .debug_aranges
                0x20016ed4       0x18 os_shared_ram.o
 .debug_macro   0x20016eec       0xfe os_shared_ram.o
 .debug_line    0x20016fea      0x1c9 os_shared_ram.o
 .debug_str     0x200171b3      0x30b os_shared_ram.o
                               0x3c6a (size before relaxing)
 .comment       0x200174be       0x80 os_shared_ram.o
 .ARM.attributes
                0x200174be       0x33 os_shared_ram.o
 *fill*         0x200174f1        0x3 
 COMMON         0x200174f4     0x1000 os_shared_ram.o
                0x200174f4                RAM_BLOCK_C01_C01
                0x200175f4                RAM_BLOCK_C01_C00
                0x200176f4                RAM_BLOCK_C00_C00
                0x200177f4                RAM_BLOCK_C01_C03
                0x200178f4                RAM_BLOCK_C03_C01
                0x200179f4                RAM_BLOCK_C00_C01
                0x20017af4                RAM_BLOCK_C02_C01
                0x20017bf4                RAM_BLOCK_C01_C02
                0x20017cf4                RAM_BLOCK_C03_C00
                0x20017df4                RAM_BLOCK_C02_C00
                0x20017ef4                RAM_BLOCK_C02_C02
                0x20017ff4                RAM_BLOCK_C03_C03
                0x200180f4                RAM_BLOCK_C03_C02
                0x200181f4                RAM_BLOCK_C00_C03
                0x200182f4                RAM_BLOCK_C00_C02
                0x200183f4                RAM_BLOCK_C02_C03
                0x200184f4                _ram_end = .
                [!provide]                PROVIDE (ram_start = .)
                [!provide]                PROVIDE (ram_end = .)
 .data          0x200184f4        0x0 d:/programm/gnu tools arm embedded/7 2018-q2-update/bin/../lib/gcc/arm-none-eabi/7.3.1/thumb/v7e-m\libgcc.a(_arm_addsubdf3.o)
 .data          0x200184f4        0x0 d:/programm/gnu tools arm embedded/7 2018-q2-update/bin/../lib/gcc/arm-none-eabi/7.3.1/thumb/v7e-m\libgcc.a(_arm_cmpdf2.o)
START GROUP
LOAD d:/programm/gnu tools arm embedded/7 2018-q2-update/bin/../lib/gcc/arm-none-eabi/7.3.1/thumb/v7e-m\libgcc.a
LOAD d:/programm/gnu tools arm embedded/7 2018-q2-update/bin/../lib/gcc/arm-none-eabi/7.3.1/../../../../arm-none-eabi/lib/thumb/v7e-m\libg.a
LOAD d:/programm/gnu tools arm embedded/7 2018-q2-update/bin/../lib/gcc/arm-none-eabi/7.3.1/../../../../arm-none-eabi/lib/thumb/v7e-m\libc.a
END GROUP
OUTPUT(E:\NeuOrga\Programmieren\c_cpp\github_os\output\VERSION_ARM\operating_system.elf elf32-littlearm)

.bss            0x200184f4        0x0
 .bss           0x200184f4        0x0 d:/programm/gnu tools arm embedded/7 2018-q2-update/bin/../lib/gcc/arm-none-eabi/7.3.1/thumb/v7e-m\libgcc.a(_arm_addsubdf3.o)
 .bss           0x200184f4        0x0 d:/programm/gnu tools arm embedded/7 2018-q2-update/bin/../lib/gcc/arm-none-eabi/7.3.1/thumb/v7e-m\libgcc.a(_arm_cmpdf2.o)

.ARM.attributes
                0x00000000       0x31
 .ARM.attributes
                0x00000000       0x1e d:/programm/gnu tools arm embedded/7 2018-q2-update/bin/../lib/gcc/arm-none-eabi/7.3.1/thumb/v7e-m\libgcc.a(_arm_addsubdf3.o)
 .ARM.attributes
                0x0000001e       0x1e d:/programm/gnu tools arm embedded/7 2018-q2-update/bin/../lib/gcc/arm-none-eabi/7.3.1/thumb/v7e-m\libgcc.a(_arm_cmpdf2.o)

.debug_frame    0x00000000      0x170
 .debug_frame   0x00000000       0xac d:/programm/gnu tools arm embedded/7 2018-q2-update/bin/../lib/gcc/arm-none-eabi/7.3.1/thumb/v7e-m\libgcc.a(_arm_addsubdf3.o)
 .debug_frame   0x000000ac       0xc4 d:/programm/gnu tools arm embedded/7 2018-q2-update/bin/../lib/gcc/arm-none-eabi/7.3.1/thumb/v7e-m\libgcc.a(_arm_cmpdf2.o)
