Archive member included because of file (symbol)

d:/programm/gnu tools arm embedded/4.9 2015q1/bin/../lib/gcc/arm-none-eabi/4.9.3/armv7e-m\libgcc.a(_arm_addsubdf3.o)
                              os_task_scheduler.o (__aeabi_ui2d)
d:/programm/gnu tools arm embedded/4.9 2015q1/bin/../lib/gcc/arm-none-eabi/4.9.3/armv7e-m\libgcc.a(_arm_cmpdf2.o)
                              os_task_scheduler.o (__aeabi_dcmpgt)

Allocating common symbols
Common symbol       size              file

RAM_BLOCK_C01_C01   0x100             os_shared_ram.o
OS_STACK            0x100             os_ram.o
RAM_BLOCK_C01_C00   0x100             os_shared_ram.o
RAM_BLOCK_C00_C00   0x100             os_shared_ram.o
RAM_BLOCK_C01_C03   0x100             os_shared_ram.o
RAM_BLOCK_C03_C01   0x100             os_shared_ram.o
RAM_BLOCK_C00_C01   0x100             os_shared_ram.o
TASK_PTR            0x14              os_task_common.o
RAM_BLOCK_C02_C01   0x100             os_shared_ram.o
RAM_BLOCK_C01_C02   0x100             os_shared_ram.o
RAM_BLOCK_C03_C00   0x100             os_shared_ram.o
RAM_BLOCK_C02_C00   0x100             os_shared_ram.o
RAM_BLOCK_C02_C02   0x100             os_shared_ram.o
RAM_BLOCK_C03_C03   0x100             os_shared_ram.o
RAM_BLOCK_C03_C02   0x100             os_shared_ram.o
FILE_HANDLER_POOL   0x14              hal_driver_fs_fat.o
RAM_BLOCK_C00_C03   0x100             os_shared_ram.o
HEAP                0x2710            os_ram.o
RAM_BLOCK_C00_C02   0x100             os_shared_ram.o
RAM_BLOCK_C02_C03   0x100             os_shared_ram.o

Discarded input sections

 .group         0x00000000        0x8 os_exception_table.o
 .group         0x00000000        0x8 os_exception_table.o
 .group         0x00000000        0x8 os_exception_table.o
 .group         0x00000000        0x8 os_exception_table.o
 .group         0x00000000        0x8 os_exception_table.o
 .group         0x00000000        0x8 os_exception_table.o
 .group         0x00000000        0x8 os_exception_table.o
 .group         0x00000000        0x8 os_const.o
 .group         0x00000000        0x8 os_const.o
 .group         0x00000000        0x8 os_const.o
 .group         0x00000000        0x8 os_const.o
 .group         0x00000000        0x8 os_const.o
 .group         0x00000000        0x8 os_const.o
 .debug_macro   0x00000000      0x86e os_const.o
 .debug_macro   0x00000000       0x4c os_const.o
 .debug_macro   0x00000000       0x7c os_const.o
 .debug_macro   0x00000000       0x28 os_const.o
 .debug_macro   0x00000000       0x46 os_const.o
 .debug_macro   0x00000000       0x10 os_const.o
 .group         0x00000000        0x8 os_common.o
 .group         0x00000000        0x8 os_common.o
 .group         0x00000000        0x8 os_common.o
 .group         0x00000000        0x8 os_common.o
 .group         0x00000000        0x8 os_common.o
 .group         0x00000000        0x8 os_common.o
 .debug_macro   0x00000000      0x86e os_common.o
 .debug_macro   0x00000000       0x4c os_common.o
 .debug_macro   0x00000000       0x7c os_common.o
 .debug_macro   0x00000000       0x28 os_common.o
 .debug_macro   0x00000000       0x46 os_common.o
 .debug_macro   0x00000000       0x10 os_common.o
 .group         0x00000000        0x8 os_driver_hook.o
 .group         0x00000000        0x8 os_driver_hook.o
 .group         0x00000000        0x8 os_driver_hook.o
 .group         0x00000000        0x8 os_driver_hook.o
 .group         0x00000000        0x8 os_driver_hook.o
 .group         0x00000000        0x8 os_driver_hook.o
 .debug_macro   0x00000000      0x86e os_driver_hook.o
 .debug_macro   0x00000000       0x4c os_driver_hook.o
 .debug_macro   0x00000000       0x7c os_driver_hook.o
 .debug_macro   0x00000000       0x28 os_driver_hook.o
 .debug_macro   0x00000000       0x46 os_driver_hook.o
 .debug_macro   0x00000000       0x10 os_driver_hook.o
 .group         0x00000000        0x8 os_exception.o
 .group         0x00000000        0x8 os_exception.o
 .group         0x00000000        0x8 os_exception.o
 .group         0x00000000        0x8 os_exception.o
 .group         0x00000000        0x8 os_exception.o
 .group         0x00000000        0x8 os_exception.o
 .group         0x00000000        0x8 os_exception.o
 .group         0x00000000        0x8 os_exception.o
 .group         0x00000000        0x8 os_exception.o
 .debug_macro   0x00000000       0x4c os_exception.o
 .debug_macro   0x00000000       0x7c os_exception.o
 .debug_macro   0x00000000       0x28 os_exception.o
 .debug_macro   0x00000000       0x46 os_exception.o
 .debug_macro   0x00000000       0x10 os_exception.o
 .debug_macro   0x00000000       0x10 os_exception.o
 .group         0x00000000        0x8 os_exception_isr_handler.o
 .group         0x00000000        0x8 os_exception_isr_handler.o
 .group         0x00000000        0x8 os_exception_isr_handler.o
 .group         0x00000000        0x8 os_exception_isr_handler.o
 .group         0x00000000        0x8 os_exception_isr_handler.o
 .group         0x00000000        0x8 os_exception_isr_handler.o
 .group         0x00000000        0x8 os_exception_isr_handler.o
 .debug_macro   0x00000000      0x86e os_exception_isr_handler.o
 .debug_macro   0x00000000       0x4c os_exception_isr_handler.o
 .debug_macro   0x00000000       0x7c os_exception_isr_handler.o
 .debug_macro   0x00000000       0x28 os_exception_isr_handler.o
 .debug_macro   0x00000000       0x46 os_exception_isr_handler.o
 .debug_macro   0x00000000       0x10 os_exception_isr_handler.o
 .group         0x00000000        0x8 os_init_task_system.o
 .group         0x00000000        0x8 os_init_task_system.o
 .group         0x00000000        0x8 os_init_task_system.o
 .group         0x00000000        0x8 os_init_task_system.o
 .group         0x00000000        0x8 os_init_task_system.o
 .group         0x00000000        0x8 os_init_task_system.o
 .group         0x00000000        0x8 os_init_task_system.o
 .debug_macro   0x00000000      0x86e os_init_task_system.o
 .debug_macro   0x00000000       0x4c os_init_task_system.o
 .debug_macro   0x00000000       0x7c os_init_task_system.o
 .debug_macro   0x00000000       0x28 os_init_task_system.o
 .debug_macro   0x00000000       0x46 os_init_task_system.o
 .debug_macro   0x00000000       0x10 os_init_task_system.o
 .group         0x00000000        0x8 os_main.o
 .group         0x00000000        0x8 os_main.o
 .group         0x00000000        0x8 os_main.o
 .group         0x00000000        0x8 os_main.o
 .group         0x00000000        0x8 os_main.o
 .group         0x00000000        0x8 os_main.o
 .group         0x00000000        0x8 os_main.o
 .debug_macro   0x00000000      0x86e os_main.o
 .debug_macro   0x00000000       0x4c os_main.o
 .debug_macro   0x00000000       0x7c os_main.o
 .debug_macro   0x00000000       0x28 os_main.o
 .debug_macro   0x00000000       0x46 os_main.o
 .debug_macro   0x00000000       0x10 os_main.o
 .debug_macro   0x00000000       0x28 os_main.o
 .group         0x00000000        0x8 os_memory_mmu_setup.o
 .group         0x00000000        0x8 os_memory_mmu_setup.o
 .group         0x00000000        0x8 os_memory_mmu_setup.o
 .group         0x00000000        0x8 os_memory_mmu_setup.o
 .group         0x00000000        0x8 os_memory_mmu_setup.o
 .group         0x00000000        0x8 os_memory_mmu_setup.o
 .debug_macro   0x00000000      0x86e os_memory_mmu_setup.o
 .debug_macro   0x00000000       0x4c os_memory_mmu_setup.o
 .debug_macro   0x00000000       0x7c os_memory_mmu_setup.o
 .debug_macro   0x00000000       0x28 os_memory_mmu_setup.o
 .debug_macro   0x00000000       0x46 os_memory_mmu_setup.o
 .debug_macro   0x00000000       0x10 os_memory_mmu_setup.o
 .group         0x00000000        0x8 os_memory_virtualisation.o
 .group         0x00000000        0x8 os_memory_virtualisation.o
 .group         0x00000000        0x8 os_memory_virtualisation.o
 .debug_macro   0x00000000      0x86e os_memory_virtualisation.o
 .debug_macro   0x00000000       0x4c os_memory_virtualisation.o
 .group         0x00000000        0x8 os_rte_common.o
 .group         0x00000000        0x8 os_rte_common.o
 .group         0x00000000        0x8 os_rte_common.o
 .group         0x00000000        0x8 os_rte_common.o
 .group         0x00000000        0x8 os_rte_common.o
 .group         0x00000000        0x8 os_rte_common.o
 .debug_macro   0x00000000      0x86e os_rte_common.o
 .debug_macro   0x00000000       0x4c os_rte_common.o
 .debug_macro   0x00000000       0x7c os_rte_common.o
 .debug_macro   0x00000000       0x28 os_rte_common.o
 .debug_macro   0x00000000       0x46 os_rte_common.o
 .debug_macro   0x00000000       0x10 os_rte_common.o
 .group         0x00000000        0x8 os_rte_icc.o
 .group         0x00000000        0x8 os_rte_icc.o
 .group         0x00000000        0x8 os_rte_icc.o
 .group         0x00000000        0x8 os_rte_icc.o
 .group         0x00000000        0x8 os_rte_icc.o
 .group         0x00000000        0x8 os_rte_icc.o
 .debug_macro   0x00000000      0x86e os_rte_icc.o
 .debug_macro   0x00000000       0x4c os_rte_icc.o
 .debug_macro   0x00000000       0x7c os_rte_icc.o
 .debug_macro   0x00000000       0x28 os_rte_icc.o
 .debug_macro   0x00000000       0x46 os_rte_icc.o
 .debug_macro   0x00000000       0x10 os_rte_icc.o
 .group         0x00000000        0x8 os_shutdown.o
 .group         0x00000000        0x8 os_shutdown.o
 .group         0x00000000        0x8 os_shutdown.o
 .group         0x00000000        0x8 os_shutdown.o
 .group         0x00000000        0x8 os_shutdown.o
 .group         0x00000000        0x8 os_shutdown.o
 .debug_macro   0x00000000      0x86e os_shutdown.o
 .debug_macro   0x00000000       0x4c os_shutdown.o
 .debug_macro   0x00000000       0x7c os_shutdown.o
 .debug_macro   0x00000000       0x28 os_shutdown.o
 .debug_macro   0x00000000       0x46 os_shutdown.o
 .debug_macro   0x00000000       0x10 os_shutdown.o
 .group         0x00000000        0x8 os_start_ext_prg.o
 .group         0x00000000        0x8 os_start_ext_prg.o
 .group         0x00000000        0x8 os_start_ext_prg.o
 .group         0x00000000        0x8 os_start_ext_prg.o
 .group         0x00000000        0x8 os_start_ext_prg.o
 .group         0x00000000        0x8 os_start_ext_prg.o
 .debug_macro   0x00000000      0x86e os_start_ext_prg.o
 .debug_macro   0x00000000       0x4c os_start_ext_prg.o
 .debug_macro   0x00000000       0x7c os_start_ext_prg.o
 .debug_macro   0x00000000       0x28 os_start_ext_prg.o
 .debug_macro   0x00000000       0x46 os_start_ext_prg.o
 .debug_macro   0x00000000       0x10 os_start_ext_prg.o
 .group         0x00000000        0x8 os_start_init_hw.o
 .group         0x00000000        0x8 os_start_init_hw.o
 .group         0x00000000        0x8 os_start_init_hw.o
 .group         0x00000000        0x8 os_start_init_hw.o
 .group         0x00000000        0x8 os_start_init_hw.o
 .group         0x00000000        0x8 os_start_init_hw.o
 .debug_macro   0x00000000      0x86e os_start_init_hw.o
 .debug_macro   0x00000000       0x4c os_start_init_hw.o
 .debug_macro   0x00000000       0x7c os_start_init_hw.o
 .debug_macro   0x00000000       0x28 os_start_init_hw.o
 .debug_macro   0x00000000       0x46 os_start_init_hw.o
 .debug_macro   0x00000000       0x10 os_start_init_hw.o
 .group         0x00000000        0x8 os_start_init_mc.o
 .group         0x00000000        0x8 os_start_init_mc.o
 .group         0x00000000        0x8 os_start_init_mc.o
 .group         0x00000000        0x8 os_start_init_mc.o
 .group         0x00000000        0x8 os_start_init_mc.o
 .group         0x00000000        0x8 os_start_init_mc.o
 .debug_macro   0x00000000      0x86e os_start_init_mc.o
 .debug_macro   0x00000000       0x4c os_start_init_mc.o
 .debug_macro   0x00000000       0x7c os_start_init_mc.o
 .debug_macro   0x00000000       0x28 os_start_init_mc.o
 .debug_macro   0x00000000       0x46 os_start_init_mc.o
 .debug_macro   0x00000000       0x10 os_start_init_mc.o
 .group         0x00000000        0x8 os_start_init_sw.o
 .group         0x00000000        0x8 os_start_init_sw.o
 .group         0x00000000        0x8 os_start_init_sw.o
 .group         0x00000000        0x8 os_start_init_sw.o
 .group         0x00000000        0x8 os_start_init_sw.o
 .group         0x00000000        0x8 os_start_init_sw.o
 .debug_macro   0x00000000      0x86e os_start_init_sw.o
 .debug_macro   0x00000000       0x4c os_start_init_sw.o
 .debug_macro   0x00000000       0x7c os_start_init_sw.o
 .debug_macro   0x00000000       0x28 os_start_init_sw.o
 .debug_macro   0x00000000       0x46 os_start_init_sw.o
 .debug_macro   0x00000000       0x10 os_start_init_sw.o
 .group         0x00000000        0x8 os_start_os.o
 .group         0x00000000        0x8 os_start_os.o
 .group         0x00000000        0x8 os_start_os.o
 .group         0x00000000        0x8 os_start_os.o
 .group         0x00000000        0x8 os_start_os.o
 .group         0x00000000        0x8 os_start_os.o
 .debug_macro   0x00000000      0x86e os_start_os.o
 .debug_macro   0x00000000       0x4c os_start_os.o
 .debug_macro   0x00000000       0x7c os_start_os.o
 .debug_macro   0x00000000       0x28 os_start_os.o
 .debug_macro   0x00000000       0x46 os_start_os.o
 .debug_macro   0x00000000       0x10 os_start_os.o
 .group         0x00000000        0x8 os_task_common.o
 .group         0x00000000        0x8 os_task_common.o
 .group         0x00000000        0x8 os_task_common.o
 .group         0x00000000        0x8 os_task_common.o
 .group         0x00000000        0x8 os_task_common.o
 .group         0x00000000        0x8 os_task_common.o
 .group         0x00000000        0x8 os_task_common.o
 .group         0x00000000        0x8 os_task_common.o
 .group         0x00000000        0x8 os_task_common.o
 .debug_macro   0x00000000      0x86e os_task_common.o
 .debug_macro   0x00000000       0x4c os_task_common.o
 .debug_macro   0x00000000       0x7c os_task_common.o
 .debug_macro   0x00000000       0x28 os_task_common.o
 .debug_macro   0x00000000       0x46 os_task_common.o
 .debug_macro   0x00000000       0x10 os_task_common.o
 .debug_macro   0x00000000       0x28 os_task_common.o
 .debug_macro   0x00000000       0x28 os_task_common.o
 .group         0x00000000        0x8 os_task_queue.o
 .group         0x00000000        0x8 os_task_queue.o
 .group         0x00000000        0x8 os_task_queue.o
 .group         0x00000000        0x8 os_task_queue.o
 .group         0x00000000        0x8 os_task_queue.o
 .group         0x00000000        0x8 os_task_queue.o
 .group         0x00000000        0x8 os_task_queue.o
 .group         0x00000000        0x8 os_task_queue.o
 .debug_macro   0x00000000      0x86e os_task_queue.o
 .debug_macro   0x00000000       0x4c os_task_queue.o
 .debug_macro   0x00000000       0x7c os_task_queue.o
 .debug_macro   0x00000000       0x28 os_task_queue.o
 .debug_macro   0x00000000       0x46 os_task_queue.o
 .debug_macro   0x00000000       0x10 os_task_queue.o
 .debug_macro   0x00000000       0x28 os_task_queue.o
 .group         0x00000000        0x8 os_task_scheduler.o
 .group         0x00000000        0x8 os_task_scheduler.o
 .group         0x00000000        0x8 os_task_scheduler.o
 .group         0x00000000        0x8 os_task_scheduler.o
 .group         0x00000000        0x8 os_task_scheduler.o
 .group         0x00000000        0x8 os_task_scheduler.o
 .group         0x00000000        0x8 os_task_scheduler.o
 .group         0x00000000        0x8 os_task_scheduler.o
 .group         0x00000000        0x8 os_task_scheduler.o
 .debug_macro   0x00000000      0x86e os_task_scheduler.o
 .debug_macro   0x00000000       0x4c os_task_scheduler.o
 .debug_macro   0x00000000       0x7c os_task_scheduler.o
 .debug_macro   0x00000000       0x28 os_task_scheduler.o
 .debug_macro   0x00000000       0x46 os_task_scheduler.o
 .debug_macro   0x00000000       0x10 os_task_scheduler.o
 .debug_macro   0x00000000       0x28 os_task_scheduler.o
 .debug_macro   0x00000000       0x1c os_task_scheduler.o
 .debug_macro   0x00000000       0x10 os_task_scheduler.o
 .group         0x00000000        0x8 os_stack.o
 .group         0x00000000        0x8 os_stack.o
 .group         0x00000000        0x8 os_stack.o
 .group         0x00000000        0x8 os_stack.o
 .group         0x00000000        0x8 os_stack.o
 .group         0x00000000        0x8 os_stack.o
 .debug_macro   0x00000000      0x86e os_stack.o
 .debug_macro   0x00000000       0x4c os_stack.o
 .debug_macro   0x00000000       0x7c os_stack.o
 .debug_macro   0x00000000       0x28 os_stack.o
 .debug_macro   0x00000000       0x46 os_stack.o
 .debug_macro   0x00000000       0x10 os_stack.o
 .group         0x00000000        0x8 os_heap.o
 .group         0x00000000        0x8 os_heap.o
 .group         0x00000000        0x8 os_heap.o
 .group         0x00000000        0x8 os_heap.o
 .group         0x00000000        0x8 os_heap.o
 .group         0x00000000        0x8 os_heap.o
 .group         0x00000000        0x8 os_heap.o
 .debug_macro   0x00000000      0x86e os_heap.o
 .debug_macro   0x00000000       0x4c os_heap.o
 .debug_macro   0x00000000       0x7c os_heap.o
 .debug_macro   0x00000000       0x28 os_heap.o
 .debug_macro   0x00000000       0x46 os_heap.o
 .debug_macro   0x00000000       0x10 os_heap.o
 .group         0x00000000        0x8 os_diagnostic_main.o
 .group         0x00000000        0x8 os_diagnostic_main.o
 .group         0x00000000        0x8 os_diagnostic_main.o
 .group         0x00000000        0x8 os_diagnostic_main.o
 .group         0x00000000        0x8 os_diagnostic_main.o
 .group         0x00000000        0x8 os_diagnostic_main.o
 .debug_macro   0x00000000      0x86e os_diagnostic_main.o
 .debug_macro   0x00000000       0x4c os_diagnostic_main.o
 .debug_macro   0x00000000       0x7c os_diagnostic_main.o
 .debug_macro   0x00000000       0x28 os_diagnostic_main.o
 .debug_macro   0x00000000       0x46 os_diagnostic_main.o
 .debug_macro   0x00000000       0x10 os_diagnostic_main.o
 .group         0x00000000        0x8 hal_driver_adc.o
 .group         0x00000000        0x8 hal_driver_adc.o
 .group         0x00000000        0x8 hal_driver_adc.o
 .group         0x00000000        0x8 hal_driver_adc.o
 .group         0x00000000        0x8 hal_driver_adc.o
 .group         0x00000000        0x8 hal_driver_adc.o
 .debug_macro   0x00000000      0x86e hal_driver_adc.o
 .debug_macro   0x00000000       0x4c hal_driver_adc.o
 .debug_macro   0x00000000       0x7c hal_driver_adc.o
 .debug_macro   0x00000000       0x28 hal_driver_adc.o
 .debug_macro   0x00000000       0x46 hal_driver_adc.o
 .debug_macro   0x00000000       0x10 hal_driver_adc.o
 .group         0x00000000        0x8 hal_driver_can.o
 .group         0x00000000        0x8 hal_driver_can.o
 .group         0x00000000        0x8 hal_driver_can.o
 .group         0x00000000        0x8 hal_driver_can.o
 .group         0x00000000        0x8 hal_driver_can.o
 .group         0x00000000        0x8 hal_driver_can.o
 .debug_macro   0x00000000      0x86e hal_driver_can.o
 .debug_macro   0x00000000       0x4c hal_driver_can.o
 .debug_macro   0x00000000       0x7c hal_driver_can.o
 .debug_macro   0x00000000       0x28 hal_driver_can.o
 .debug_macro   0x00000000       0x46 hal_driver_can.o
 .debug_macro   0x00000000       0x10 hal_driver_can.o
 .group         0x00000000        0x8 hal_driver_fs_fat.o
 .group         0x00000000        0x8 hal_driver_fs_fat.o
 .group         0x00000000        0x8 hal_driver_fs_fat.o
 .group         0x00000000        0x8 hal_driver_fs_fat.o
 .group         0x00000000        0x8 hal_driver_fs_fat.o
 .group         0x00000000        0x8 hal_driver_fs_fat.o
 .debug_macro   0x00000000      0x86e hal_driver_fs_fat.o
 .debug_macro   0x00000000       0x4c hal_driver_fs_fat.o
 .debug_macro   0x00000000       0x7c hal_driver_fs_fat.o
 .debug_macro   0x00000000       0x28 hal_driver_fs_fat.o
 .debug_macro   0x00000000       0x46 hal_driver_fs_fat.o
 .debug_macro   0x00000000       0x10 hal_driver_fs_fat.o
 .group         0x00000000        0x8 hal_driver_gpio.o
 .group         0x00000000        0x8 hal_driver_gpio.o
 .group         0x00000000        0x8 hal_driver_gpio.o
 .group         0x00000000        0x8 hal_driver_gpio.o
 .group         0x00000000        0x8 hal_driver_gpio.o
 .group         0x00000000        0x8 hal_driver_gpio.o
 .debug_macro   0x00000000      0x86e hal_driver_gpio.o
 .debug_macro   0x00000000       0x4c hal_driver_gpio.o
 .debug_macro   0x00000000       0x7c hal_driver_gpio.o
 .debug_macro   0x00000000       0x28 hal_driver_gpio.o
 .debug_macro   0x00000000       0x46 hal_driver_gpio.o
 .debug_macro   0x00000000       0x10 hal_driver_gpio.o
 .group         0x00000000        0x8 hal_driver_sci.o
 .group         0x00000000        0x8 hal_driver_sci.o
 .group         0x00000000        0x8 hal_driver_sci.o
 .group         0x00000000        0x8 hal_driver_sci.o
 .group         0x00000000        0x8 hal_driver_sci.o
 .group         0x00000000        0x8 hal_driver_sci.o
 .debug_macro   0x00000000      0x86e hal_driver_sci.o
 .debug_macro   0x00000000       0x4c hal_driver_sci.o
 .debug_macro   0x00000000       0x7c hal_driver_sci.o
 .debug_macro   0x00000000       0x28 hal_driver_sci.o
 .debug_macro   0x00000000       0x46 hal_driver_sci.o
 .debug_macro   0x00000000       0x10 hal_driver_sci.o
 .group         0x00000000        0x8 hal_driver_xyz.o
 .group         0x00000000        0x8 hal_driver_xyz.o
 .group         0x00000000        0x8 hal_driver_xyz.o
 .group         0x00000000        0x8 hal_driver_xyz.o
 .group         0x00000000        0x8 hal_driver_xyz.o
 .group         0x00000000        0x8 hal_driver_xyz.o
 .debug_macro   0x00000000      0x86e hal_driver_xyz.o
 .debug_macro   0x00000000       0x4c hal_driver_xyz.o
 .debug_macro   0x00000000       0x7c hal_driver_xyz.o
 .debug_macro   0x00000000       0x28 hal_driver_xyz.o
 .debug_macro   0x00000000       0x46 hal_driver_xyz.o
 .debug_macro   0x00000000       0x10 hal_driver_xyz.o
 .group         0x00000000        0x8 lld_can.o
 .group         0x00000000        0x8 lld_can.o
 .group         0x00000000        0x8 lld_can.o
 .group         0x00000000        0x8 lld_can.o
 .group         0x00000000        0x8 lld_can.o
 .group         0x00000000        0x8 lld_can.o
 .debug_macro   0x00000000      0x86e lld_can.o
 .debug_macro   0x00000000       0x4c lld_can.o
 .debug_macro   0x00000000       0x7c lld_can.o
 .debug_macro   0x00000000       0x28 lld_can.o
 .debug_macro   0x00000000       0x46 lld_can.o
 .debug_macro   0x00000000       0x10 lld_can.o
 .group         0x00000000        0x8 lld_global.o
 .group         0x00000000        0x8 lld_global.o
 .group         0x00000000        0x8 lld_global.o
 .group         0x00000000        0x8 lld_global.o
 .group         0x00000000        0x8 lld_global.o
 .group         0x00000000        0x8 lld_global.o
 .debug_macro   0x00000000      0x86e lld_global.o
 .debug_macro   0x00000000       0x4c lld_global.o
 .debug_macro   0x00000000       0x7c lld_global.o
 .debug_macro   0x00000000       0x28 lld_global.o
 .debug_macro   0x00000000       0x46 lld_global.o
 .debug_macro   0x00000000       0x10 lld_global.o
 .group         0x00000000        0x8 lld_interrupt.o
 .group         0x00000000        0x8 lld_interrupt.o
 .group         0x00000000        0x8 lld_interrupt.o
 .group         0x00000000        0x8 lld_interrupt.o
 .group         0x00000000        0x8 lld_interrupt.o
 .group         0x00000000        0x8 lld_interrupt.o
 .debug_macro   0x00000000      0x86e lld_interrupt.o
 .debug_macro   0x00000000       0x4c lld_interrupt.o
 .debug_macro   0x00000000       0x7c lld_interrupt.o
 .debug_macro   0x00000000       0x28 lld_interrupt.o
 .debug_macro   0x00000000       0x46 lld_interrupt.o
 .debug_macro   0x00000000       0x10 lld_interrupt.o
 .group         0x00000000        0x8 lld_mmu.o
 .group         0x00000000        0x8 lld_mmu.o
 .group         0x00000000        0x8 lld_mmu.o
 .group         0x00000000        0x8 lld_mmu.o
 .group         0x00000000        0x8 lld_mmu.o
 .group         0x00000000        0x8 lld_mmu.o
 .debug_macro   0x00000000      0x86e lld_mmu.o
 .debug_macro   0x00000000       0x4c lld_mmu.o
 .debug_macro   0x00000000       0x7c lld_mmu.o
 .debug_macro   0x00000000       0x28 lld_mmu.o
 .debug_macro   0x00000000       0x46 lld_mmu.o
 .debug_macro   0x00000000       0x10 lld_mmu.o
 .group         0x00000000        0x8 lld_ram.o
 .group         0x00000000        0x8 lld_ram.o
 .group         0x00000000        0x8 lld_ram.o
 .group         0x00000000        0x8 lld_ram.o
 .group         0x00000000        0x8 lld_ram.o
 .group         0x00000000        0x8 lld_ram.o
 .debug_macro   0x00000000      0x86e lld_ram.o
 .debug_macro   0x00000000       0x4c lld_ram.o
 .debug_macro   0x00000000       0x7c lld_ram.o
 .debug_macro   0x00000000       0x28 lld_ram.o
 .debug_macro   0x00000000       0x46 lld_ram.o
 .debug_macro   0x00000000       0x10 lld_ram.o
 .group         0x00000000        0x8 lld_timer.o
 .group         0x00000000        0x8 lld_timer.o
 .group         0x00000000        0x8 lld_timer.o
 .group         0x00000000        0x8 lld_timer.o
 .group         0x00000000        0x8 lld_timer.o
 .group         0x00000000        0x8 lld_timer.o
 .debug_macro   0x00000000      0x86e lld_timer.o
 .debug_macro   0x00000000       0x4c lld_timer.o
 .debug_macro   0x00000000       0x7c lld_timer.o
 .debug_macro   0x00000000       0x28 lld_timer.o
 .debug_macro   0x00000000       0x46 lld_timer.o
 .debug_macro   0x00000000       0x10 lld_timer.o
 .group         0x00000000        0x8 lld_watchdog.o
 .group         0x00000000        0x8 lld_watchdog.o
 .group         0x00000000        0x8 lld_watchdog.o
 .group         0x00000000        0x8 lld_watchdog.o
 .group         0x00000000        0x8 lld_watchdog.o
 .group         0x00000000        0x8 lld_watchdog.o
 .debug_macro   0x00000000      0x86e lld_watchdog.o
 .debug_macro   0x00000000       0x4c lld_watchdog.o
 .debug_macro   0x00000000       0x7c lld_watchdog.o
 .debug_macro   0x00000000       0x28 lld_watchdog.o
 .debug_macro   0x00000000       0x46 lld_watchdog.o
 .debug_macro   0x00000000       0x10 lld_watchdog.o
 .group         0x00000000        0x8 lld_power.o
 .group         0x00000000        0x8 lld_power.o
 .group         0x00000000        0x8 lld_power.o
 .group         0x00000000        0x8 lld_power.o
 .group         0x00000000        0x8 lld_power.o
 .group         0x00000000        0x8 lld_power.o
 .debug_macro   0x00000000      0x86e lld_power.o
 .debug_macro   0x00000000       0x4c lld_power.o
 .debug_macro   0x00000000       0x7c lld_power.o
 .debug_macro   0x00000000       0x28 lld_power.o
 .debug_macro   0x00000000       0x46 lld_power.o
 .debug_macro   0x00000000       0x10 lld_power.o
 .group         0x00000000        0x8 led.o
 .group         0x00000000        0x8 led.o
 .group         0x00000000        0x8 led.o
 .group         0x00000000        0x8 led.o
 .group         0x00000000        0x8 led.o
 .group         0x00000000        0x8 led.o
 .debug_macro   0x00000000      0x86e led.o
 .debug_macro   0x00000000       0x4c led.o
 .debug_macro   0x00000000       0x7c led.o
 .debug_macro   0x00000000       0x28 led.o
 .debug_macro   0x00000000       0x46 led.o
 .debug_macro   0x00000000       0x10 led.o
 .group         0x00000000        0x8 os_ram.o
 .group         0x00000000        0x8 os_ram.o
 .group         0x00000000        0x8 os_ram.o
 .group         0x00000000        0x8 os_ram.o
 .group         0x00000000        0x8 os_ram.o
 .group         0x00000000        0x8 os_ram.o
 .group         0x00000000        0x8 os_ram.o
 .group         0x00000000        0x8 os_ram.o
 .debug_macro   0x00000000      0x86e os_ram.o
 .debug_macro   0x00000000       0x4c os_ram.o
 .debug_macro   0x00000000       0x7c os_ram.o
 .debug_macro   0x00000000       0x28 os_ram.o
 .debug_macro   0x00000000       0x46 os_ram.o
 .debug_macro   0x00000000       0x10 os_ram.o
 .debug_macro   0x00000000       0x10 os_ram.o
 .debug_macro   0x00000000       0x28 os_ram.o
 .group         0x00000000        0x8 os_shared_ram.o
 .group         0x00000000        0x8 os_shared_ram.o
 .group         0x00000000        0x8 os_shared_ram.o
 .group         0x00000000        0x8 os_shared_ram.o
 .group         0x00000000        0x8 os_shared_ram.o
 .group         0x00000000        0x8 os_shared_ram.o
 .debug_macro   0x00000000      0x86e os_shared_ram.o
 .debug_macro   0x00000000       0x4c os_shared_ram.o
 .debug_macro   0x00000000       0x7c os_shared_ram.o
 .debug_macro   0x00000000       0x28 os_shared_ram.o
 .debug_macro   0x00000000       0x46 os_shared_ram.o
 .debug_macro   0x00000000       0x10 os_shared_ram.o

Memory Configuration

Name             Origin             Length             Attributes
rom              0x00000000         0x00100000
ram              0x40000000         0x00030000
*default*        0x00000000         0xffffffff

Linker script and memory map


.text           0x00000000    0x15864
 os_exception_table.o()
 .text          0x00000000        0x0 os_exception_table.o
 .data          0x00000000       0x20 os_exception_table.o
                0x00000000                isr_vec_table
 .bss           0x00000020        0x0 os_exception_table.o
 .debug_info    0x00000020       0x74 os_exception_table.o
 .debug_abbrev  0x00000094       0x5c os_exception_table.o
 .debug_aranges
                0x000000f0       0x18 os_exception_table.o
 .debug_macro   0x00000108       0xcd os_exception_table.o
 .debug_macro   0x000001d5      0x86e os_exception_table.o
 .debug_macro   0x00000a43       0x4c os_exception_table.o
 .debug_macro   0x00000a8f       0x7c os_exception_table.o
 .debug_macro   0x00000b0b       0x28 os_exception_table.o
 .debug_macro   0x00000b33       0x46 os_exception_table.o
 .debug_macro   0x00000b79       0x10 os_exception_table.o
 .debug_macro   0x00000b89       0x10 os_exception_table.o
 .debug_line    0x00000b99      0x1f4 os_exception_table.o
 .debug_str     0x00000d8d     0x2a7e os_exception_table.o
                               0x2abe (size before relaxing)
 .comment       0x0000380b       0x70 os_exception_table.o
                                 0x71 (size before relaxing)
 .ARM.attributes
                0x0000387b       0x33 os_exception_table.o
 .iplt          0x00000000        0x0 os_exception_table.o
 .rel.iplt      0x00000000        0x0 os_exception_table.o
 .igot.plt      0x00000000        0x0 os_exception_table.o
                0x000038ae                _data_start = .
 os_const.o()
 .text          0x000038ae        0x0 os_const.o
 .data          0x000038ae        0x0 os_const.o
 .bss           0x000038ae        0x0 os_const.o
 .debug_info    0x000038ae       0x3a os_const.o
 .debug_abbrev  0x000038e8       0x1c os_const.o
 .debug_aranges
                0x00003904       0x18 os_const.o
 .debug_macro   0x0000391c       0xc4 os_const.o
 .debug_line    0x000039e0      0x1cc os_const.o
 .debug_str     0x00003bac       0x46 os_const.o
                               0x2a6b (size before relaxing)
 .comment       0x00000000       0x71 os_const.o
 .ARM.attributes
                0x00003bf2       0x33 os_const.o
                0x00003c25                _data_end = .
                0x00003c25                PROVIDE (data_start, .)
                0x00003c25                PROVIDE (data_end, .)
 os_exception_reset.o()
 *fill*         0x00003c25        0x1 
 .text          0x00003c26       0x38 E:\NeuOrga\Programmieren\c_cpp\github_os\output\os_base\obj_arm\os_exception_reset.o
                0x00003c26                OS_Exception_RESET
                0x00003c34                clear_ram
                0x00003c5a                start_os
 .data          0x00003c5e        0x0 E:\NeuOrga\Programmieren\c_cpp\github_os\output\os_base\obj_arm\os_exception_reset.o
 .bss           0x00003c5e        0x0 E:\NeuOrga\Programmieren\c_cpp\github_os\output\os_base\obj_arm\os_exception_reset.o
 .ARM.attributes
                0x00003c5e       0x21 E:\NeuOrga\Programmieren\c_cpp\github_os\output\os_base\obj_arm\os_exception_reset.o
 os_common.o()
 *fill*         0x00003c7f        0x1 
 .text          0x00003c80       0x38 os_common.o
                0x00003c80                OS_SET_SW_BUG
                0x00003ca8                Get_current_time
 .data          0x00003cb8        0x0 os_common.o
 .bss           0x00003cb8       0x10 os_common.o
 .debug_info    0x00003cc8      0x16a os_common.o
 .debug_abbrev  0x00003e32       0xa9 os_common.o
 .debug_aranges
                0x00003edb       0x20 os_common.o
 .debug_macro   0x00003efb       0xc8 os_common.o
 .debug_line    0x00003fc3      0x1f3 os_common.o
 .debug_str     0x000041b6      0x2b9 os_common.o
                               0x2ce7 (size before relaxing)
 .comment       0x00000000       0x71 os_common.o
 *fill*         0x0000446f        0x1 
 .debug_frame   0x00004470       0x54 os_common.o
 .ARM.attributes
                0x000044c4       0x33 os_common.o
 os_driver_hook.o()
 *fill*         0x000044f7        0x1 
 .text          0x000044f8        0x0 os_driver_hook.o
 .data          0x000044f8        0x0 os_driver_hook.o
 .bss           0x000044f8        0x0 os_driver_hook.o
 .debug_info    0x000044f8       0x3a os_driver_hook.o
 .debug_abbrev  0x00004532       0x1c os_driver_hook.o
 .debug_aranges
                0x0000454e       0x18 os_driver_hook.o
 .debug_macro   0x00004566       0xc4 os_driver_hook.o
 .debug_line    0x0000462a      0x1d2 os_driver_hook.o
 .debug_str     0x000047fc       0x4c os_driver_hook.o
                               0x2a71 (size before relaxing)
 .comment       0x00000000       0x71 os_driver_hook.o
 .ARM.attributes
                0x00004848       0x33 os_driver_hook.o
 os_exception.o()
 *fill*         0x0000487b        0x1 
 .text          0x0000487c       0xa8 os_exception.o
                0x0000487c                OS_Exception_UNDEFINST
                0x00004890                OS_Exception_SWI
                0x0000489c                OS_Exception_ABORT_PREFETCH
                0x000048b0                OS_Exception_ABORT_DATA
                0x000048c4                OS_Exception_IRQ
                0x000048d0                OS_Exception_FIQ
                0x000048dc                TCMP1
                0x000048e8                TCMP2
                0x000048f4                TCMP3
                0x00004900                TCMP4
                0x0000490c                ISOK_RECV
                0x00004918                ISOK_TRANS
 .data          0x00004924        0x0 os_exception.o
 .bss           0x00004924        0x0 os_exception.o
 .debug_info    0x00004924      0x1bf os_exception.o
 .debug_abbrev  0x00004ae3       0x66 os_exception.o
 .debug_aranges
                0x00004b49       0x20 os_exception.o
 .debug_macro   0x00004b69      0x107 os_exception.o
 .debug_macro   0x00004c70      0x868 os_exception.o
 .debug_macro   0x000054d8       0x10 os_exception.o
 .debug_macro   0x000054e8       0x28 os_exception.o
 .debug_line    0x00005510      0x280 os_exception.o
 .debug_str     0x00005790      0x281 os_exception.o
                               0x2e4d (size before relaxing)
 .comment       0x00000000       0x71 os_exception.o
 *fill*         0x00005a11        0x3 
 .debug_frame   0x00005a14      0x160 os_exception.o
 .ARM.attributes
                0x00005b74       0x33 os_exception.o
 os_exception_isr_handler.o()
 *fill*         0x00005ba7        0x1 
 .text          0x00005ba8       0x30 os_exception_isr_handler.o
                0x00005ba8                OS_ISRHANDLERC0
                0x00005bb4                OS_ISRHANDLERC1
                0x00005bc0                OS_ISRHANDLERC2
                0x00005bcc                OS_ISRHANDLERC3
 .data          0x00005bd8        0x0 os_exception_isr_handler.o
 .bss           0x00005bd8        0x0 os_exception_isr_handler.o
 .debug_info    0x00005bd8       0x86 os_exception_isr_handler.o
 .debug_abbrev  0x00005c5e       0x38 os_exception_isr_handler.o
 .debug_aranges
                0x00005c96       0x20 os_exception_isr_handler.o
 .debug_macro   0x00005cb6       0xd1 os_exception_isr_handler.o
 .debug_macro   0x00005d87       0x28 os_exception_isr_handler.o
 .debug_line    0x00005daf      0x21f os_exception_isr_handler.o
 .debug_str     0x00005fce      0x106 os_exception_isr_handler.o
                               0x2b2b (size before relaxing)
 .comment       0x00000000       0x71 os_exception_isr_handler.o
 .debug_frame   0x000060d4       0x80 os_exception_isr_handler.o
 .ARM.attributes
                0x00006154       0x33 os_exception_isr_handler.o
 os_exception_table.o()
 os_init_task_system.o()
 *fill*         0x00006187        0x1 
 .text          0x00006188        0xc os_init_task_system.o
                0x00006188                OS_INIT_TASK_SYSTEM
 .data          0x00006194        0x0 os_init_task_system.o
 .bss           0x00006194        0x0 os_init_task_system.o
 .debug_info    0x00006194       0x53 os_init_task_system.o
 .debug_abbrev  0x000061e7       0x38 os_init_task_system.o
 .debug_aranges
                0x0000621f       0x20 os_init_task_system.o
 .debug_macro   0x0000623f       0xd7 os_init_task_system.o
 .debug_macro   0x00006316       0x22 os_init_task_system.o
 .debug_line    0x00006338      0x211 os_init_task_system.o
 .debug_str     0x00006549       0x65 os_init_task_system.o
                               0x2afa (size before relaxing)
 .comment       0x00000000       0x71 os_init_task_system.o
 *fill*         0x000065ae        0x2 
 .debug_frame   0x000065b0       0x2c os_init_task_system.o
 .ARM.attributes
                0x000065dc       0x33 os_init_task_system.o
 os_main.o()
 *fill*         0x0000660f        0x1 
 .text          0x00006610       0x6c os_main.o
                0x00006610                OS_STATE_HANDLER
 .data          0x0000667c        0x0 os_main.o
 .bss           0x0000667c        0x2 os_main.o
 .debug_info    0x0000667e       0xdd os_main.o
 .debug_abbrev  0x0000675b       0x6c os_main.o
 .debug_aranges
                0x000067c7       0x20 os_main.o
 .debug_macro   0x000067e7       0xfd os_main.o
 .debug_line    0x000068e4      0x275 os_main.o
 .debug_str     0x00006b59      0x132 os_main.o
                               0x2c0e (size before relaxing)
 .comment       0x00000000       0x71 os_main.o
 *fill*         0x00006c8b        0x1 
 .debug_frame   0x00006c8c       0x2c os_main.o
 .ARM.attributes
                0x00006cb8       0x33 os_main.o
 os_memory_mmu_setup.o()
 *fill*         0x00006ceb        0x1 
 .text          0x00006cec        0xc os_memory_mmu_setup.o
                0x00006cec                OS_MMU_SETUP
 .data          0x00006cf8        0x0 os_memory_mmu_setup.o
 .bss           0x00006cf8        0x0 os_memory_mmu_setup.o
 .debug_info    0x00006cf8       0x53 os_memory_mmu_setup.o
 .debug_abbrev  0x00006d4b       0x38 os_memory_mmu_setup.o
 .debug_aranges
                0x00006d83       0x20 os_memory_mmu_setup.o
 .debug_macro   0x00006da3      0x100 os_memory_mmu_setup.o
 .debug_line    0x00006ea3      0x1e7 os_memory_mmu_setup.o
 .debug_str     0x0000708a      0x1cc os_memory_mmu_setup.o
                               0x2bf1 (size before relaxing)
 .comment       0x00000000       0x71 os_memory_mmu_setup.o
 *fill*         0x00007256        0x2 
 .debug_frame   0x00007258       0x34 os_memory_mmu_setup.o
 .ARM.attributes
                0x0000728c       0x33 os_memory_mmu_setup.o
 os_memory_virtualisation.o()
 *fill*         0x000072bf        0x1 
 .text          0x000072c0       0x3c os_memory_virtualisation.o
                0x000072d8                OS_MALLOC
 .data          0x000072fc        0x0 os_memory_virtualisation.o
 .bss           0x000072fc        0x0 os_memory_virtualisation.o
 .debug_info    0x000072fc       0xee os_memory_virtualisation.o
 .debug_abbrev  0x000073ea       0x9e os_memory_virtualisation.o
 .debug_aranges
                0x00007488       0x20 os_memory_virtualisation.o
 .debug_macro   0x000074a8       0x91 os_memory_virtualisation.o
 .debug_macro   0x00007539       0x6a os_memory_virtualisation.o
 .debug_line    0x000075a3      0x1c6 os_memory_virtualisation.o
 .debug_str     0x00007769      0x101 os_memory_virtualisation.o
                               0x281d (size before relaxing)
 .comment       0x00000000       0x71 os_memory_virtualisation.o
 *fill*         0x0000786a        0x2 
 .debug_frame   0x0000786c       0x60 os_memory_virtualisation.o
 .ARM.attributes
                0x000078cc       0x33 os_memory_virtualisation.o
 os_rte_common.o()
 *fill*         0x000078ff        0x1 
 .text          0x00007900        0x0 os_rte_common.o
 .data          0x00007900        0x0 os_rte_common.o
 .bss           0x00007900        0x0 os_rte_common.o
 .debug_info    0x00007900       0x3a os_rte_common.o
 .debug_abbrev  0x0000793a       0x1c os_rte_common.o
 .debug_aranges
                0x00007956       0x18 os_rte_common.o
 .debug_macro   0x0000796e       0xc4 os_rte_common.o
 .debug_line    0x00007a32      0x1d1 os_rte_common.o
 .debug_str     0x00007c03       0x4b os_rte_common.o
                               0x2a70 (size before relaxing)
 .comment       0x00000000       0x71 os_rte_common.o
 .ARM.attributes
                0x00007c4e       0x33 os_rte_common.o
 os_rte_icc.o()
 *fill*         0x00007c81        0x3 
 .text          0x00007c84       0x60 os_rte_icc.o
                0x00007c84                SEND_DATA
                0x00007ca4                SEND_PACKAGE
                0x00007cc4                SEND_FRAME
 .data          0x00007ce4        0x0 os_rte_icc.o
 .bss           0x00007ce4        0x0 os_rte_icc.o
 .debug_info    0x00007ce4      0x180 os_rte_icc.o
 .debug_abbrev  0x00007e64       0x93 os_rte_icc.o
 .debug_aranges
                0x00007ef7       0x20 os_rte_icc.o
 .debug_macro   0x00007f17       0xc8 os_rte_icc.o
 .debug_line    0x00007fdf      0x1f9 os_rte_icc.o
 .debug_str     0x000081d8       0xb6 os_rte_icc.o
                               0x2b05 (size before relaxing)
 .comment       0x00000000       0x71 os_rte_icc.o
 *fill*         0x0000828e        0x2 
 .debug_frame   0x00008290       0x88 os_rte_icc.o
 .ARM.attributes
                0x00008318       0x33 os_rte_icc.o
 os_shutdown.o()
 *fill*         0x0000834b        0x1 
 .text          0x0000834c       0x30 os_shutdown.o
                0x0000834c                OS_SHUTDOWN
 .data          0x0000837c        0x0 os_shutdown.o
 .bss           0x0000837c        0x0 os_shutdown.o
 .debug_info    0x0000837c       0x86 os_shutdown.o
 .debug_abbrev  0x00008402       0x6c os_shutdown.o
 .debug_aranges
                0x0000846e       0x20 os_shutdown.o
 .debug_macro   0x0000848e       0xce os_shutdown.o
 .debug_line    0x0000855c      0x1f5 os_shutdown.o
 .debug_str     0x00008751       0x6f os_shutdown.o
                               0x2adb (size before relaxing)
 .comment       0x00000000       0x71 os_shutdown.o
 .debug_frame   0x000087c0       0x38 os_shutdown.o
 .ARM.attributes
                0x000087f8       0x33 os_shutdown.o
 os_start_ext_prg.o()
 *fill*         0x0000882b        0x1 
 .text          0x0000882c       0x4c os_start_ext_prg.o
                0x00008848                OS_StartExtPrg
 .data          0x00008878        0x0 os_start_ext_prg.o
 .bss           0x00008878        0x0 os_start_ext_prg.o
 .debug_info    0x00008878       0xea os_start_ext_prg.o
 .debug_abbrev  0x00008962       0x7e os_start_ext_prg.o
 .debug_aranges
                0x000089e0       0x20 os_start_ext_prg.o
 .debug_macro   0x00008a00       0xc4 os_start_ext_prg.o
 .debug_line    0x00008ac4      0x1ee os_start_ext_prg.o
 .debug_str     0x00008cb2       0xa0 os_start_ext_prg.o
                               0x2ad7 (size before relaxing)
 .comment       0x00000000       0x71 os_start_ext_prg.o
 *fill*         0x00008d52        0x2 
 .debug_frame   0x00008d54       0x60 os_start_ext_prg.o
 .ARM.attributes
                0x00008db4       0x33 os_start_ext_prg.o
 os_start_init_hw.o()
 *fill*         0x00008de7        0x1 
 .text          0x00008de8        0xc os_start_init_hw.o
                0x00008de8                OS_INIT_HW
 .data          0x00008df4        0x0 os_start_init_hw.o
 .bss           0x00008df4        0x0 os_start_init_hw.o
 .debug_info    0x00008df4       0x53 os_start_init_hw.o
 .debug_abbrev  0x00008e47       0x38 os_start_init_hw.o
 .debug_aranges
                0x00008e7f       0x20 os_start_init_hw.o
 .debug_macro   0x00008e9f       0xc4 os_start_init_hw.o
 .debug_line    0x00008f63      0x1e2 os_start_init_hw.o
 .debug_str     0x00009145       0x59 os_start_init_hw.o
                               0x2a7e (size before relaxing)
 .comment       0x00000000       0x71 os_start_init_hw.o
 *fill*         0x0000919e        0x2 
 .debug_frame   0x000091a0       0x34 os_start_init_hw.o
 .ARM.attributes
                0x000091d4       0x33 os_start_init_hw.o
 os_start_init_mc.o()
 *fill*         0x00009207        0x1 
 .text          0x00009208        0xc os_start_init_mc.o
                0x00009208                OS_INIT_MC
 .data          0x00009214        0x0 os_start_init_mc.o
 .bss           0x00009214        0x0 os_start_init_mc.o
 .debug_info    0x00009214       0x53 os_start_init_mc.o
 .debug_abbrev  0x00009267       0x38 os_start_init_mc.o
 .debug_aranges
                0x0000929f       0x20 os_start_init_mc.o
 .debug_macro   0x000092bf       0xc4 os_start_init_mc.o
 .debug_line    0x00009383      0x1e5 os_start_init_mc.o
 .debug_str     0x00009568       0x59 os_start_init_mc.o
                               0x2a7e (size before relaxing)
 .comment       0x00000000       0x71 os_start_init_mc.o
 *fill*         0x000095c1        0x3 
 .debug_frame   0x000095c4       0x2c os_start_init_mc.o
 .ARM.attributes
                0x000095f0       0x33 os_start_init_mc.o
 os_start_init_sw.o()
 *fill*         0x00009623        0x1 
 .text          0x00009624        0xc os_start_init_sw.o
                0x00009624                OS_INIT_SW
 .data          0x00009630        0x0 os_start_init_sw.o
 .bss           0x00009630        0x0 os_start_init_sw.o
 .debug_info    0x00009630       0x53 os_start_init_sw.o
 .debug_abbrev  0x00009683       0x38 os_start_init_sw.o
 .debug_aranges
                0x000096bb       0x20 os_start_init_sw.o
 .debug_macro   0x000096db       0xc4 os_start_init_sw.o
 .debug_line    0x0000979f      0x1e2 os_start_init_sw.o
 .debug_str     0x00009981       0x59 os_start_init_sw.o
                               0x2a7e (size before relaxing)
 .comment       0x00000000       0x71 os_start_init_sw.o
 *fill*         0x000099da        0x2 
 .debug_frame   0x000099dc       0x34 os_start_init_sw.o
 .ARM.attributes
                0x00009a10       0x33 os_start_init_sw.o
 os_start_os.o()
 *fill*         0x00009a43        0x1 
 .text          0x00009a44        0xc os_start_os.o
                0x00009a44                OS_START_OS
 .data          0x00009a50        0x0 os_start_os.o
 .bss           0x00009a50        0x0 os_start_os.o
 .debug_info    0x00009a50       0x53 os_start_os.o
 .debug_abbrev  0x00009aa3       0x38 os_start_os.o
 .debug_aranges
                0x00009adb       0x20 os_start_os.o
 .debug_macro   0x00009afb       0xce os_start_os.o
 .debug_line    0x00009bc9      0x1eb os_start_os.o
 .debug_str     0x00009db4       0x62 os_start_os.o
                               0x2a87 (size before relaxing)
 .comment       0x00000000       0x71 os_start_os.o
 *fill*         0x00009e16        0x2 
 .debug_frame   0x00009e18       0x2c os_start_os.o
 .ARM.attributes
                0x00009e44       0x33 os_start_os.o
 os_task_common.o()
 *fill*         0x00009e77        0x1 
 .text          0x00009e78      0x1c8 os_task_common.o
                0x00009e78                OS_TASK_SAVETASK_ENVIRONMENT
                0x00009ea8                OS_TASK_RESTORETASK_ENVIRONMENT
                0x00009ed8                OS_TASK_RESTORE_SYSTEM_STACK
                0x00009eec                OS_TASK_SAVE_SYSTEM_STACK
                0x00009f00                OS_Task_InitTaskEnvironment
                0x00009fe4                OS_Task_DeleteTaskEnvironment
                0x0000a014                OS_Task_CreateTaskEnvironment
 .data          0x0000a040        0x0 os_task_common.o
 .bss           0x0000a040        0x0 os_task_common.o
 .debug_info    0x0000a040      0x4bf os_task_common.o
 .debug_abbrev  0x0000a4ff      0x129 os_task_common.o
 .debug_aranges
                0x0000a628       0x20 os_task_common.o
 .debug_macro   0x0000a648       0xe3 os_task_common.o
 .debug_macro   0x0000a72b       0x10 os_task_common.o
 .debug_line    0x0000a73b      0x26f os_task_common.o
 .debug_str     0x0000a9aa      0x305 os_task_common.o
                               0x30a1 (size before relaxing)
 .comment       0x00000000       0x71 os_task_common.o
 *fill*         0x0000acaf        0x1 
 .debug_frame   0x0000acb0      0x128 os_task_common.o
 .ARM.attributes
                0x0000add8       0x33 os_task_common.o
 *fill*         0x0000ae0b        0x1 
 COMMON         0x0000ae0c       0x14 os_task_common.o
                0x0000ae0c                TASK_PTR
 os_task_queue.o()
 .text          0x0000ae20      0xa54 os_task_queue.o
                0x0000ae20                SET_RUNNING_TASK
                0x0000af98                OS_INIT_TASK_QUEUE
                0x0000aff0                AddToTaskQueue
                0x0000b3b0                DeleteFromTaskQueue
                0x0000b4b0                GetFromTaskQueue
                0x0000b4c8                GetFromLinkList
                0x0000b4ec                DeleteFromLinkList
                0x0000b510                AddToLinkList
                0x0000b570                UpdateLinkList
                0x0000b5f0                GetIdleTask
                0x0000b604                AddToIdleTaskQueue
                0x0000b780                GetRunningTask
                0x0000b794                OS_INIT_TASK
 .data          0x0000b874        0x0 os_task_queue.o
 .bss           0x0000b874      0x3b4 os_task_queue.o
 .debug_info    0x0000bc28      0x6a8 os_task_queue.o
 .debug_abbrev  0x0000c2d0      0x1a7 os_task_queue.o
 .debug_aranges
                0x0000c477       0x20 os_task_queue.o
 .debug_macro   0x0000c497       0xda os_task_queue.o
 .debug_macro   0x0000c571       0x1c os_task_queue.o
 .debug_line    0x0000c58d      0x32e os_task_queue.o
 .debug_str     0x0000c8bb      0x274 os_task_queue.o
                               0x3150 (size before relaxing)
 .comment       0x00000000       0x71 os_task_queue.o
 *fill*         0x0000cb2f        0x1 
 .debug_frame   0x0000cb30      0x214 os_task_queue.o
 .ARM.attributes
                0x0000cd44       0x33 os_task_queue.o
 os_task_scheduler.o()
 *fill*         0x0000cd77        0x1 
 .text          0x0000cd78      0x6e0 os_task_scheduler.o
                0x0000cd78                OS_ACTIVATE_DISPATCHER
                0x0000cd88                OS_SLEEPTASK
                0x0000cda8                task_state_request
                0x0000ce8c                OS_ActivateTask
                0x0000d154                OS_INIT_TASKS
                0x0000d408                ISR_TASK_DISPATCH_C0
                0x0000d41c                ISR_TASK_DISPATCH_C1
                0x0000d430                ISR_TASK_DISPATCH_C2
                0x0000d444                ISR_TASK_DISPATCH_C3
 .data          0x0000d458        0x0 os_task_scheduler.o
 .bss           0x0000d458      0x630 os_task_scheduler.o
 .debug_info    0x0000da88      0x76a os_task_scheduler.o
 .debug_abbrev  0x0000e1f2      0x1f3 os_task_scheduler.o
 .debug_aranges
                0x0000e3e5       0x20 os_task_scheduler.o
 .debug_macro   0x0000e405       0xe7 os_task_scheduler.o
 .debug_line    0x0000e4ec      0x36c os_task_scheduler.o
 .debug_str     0x0000e858      0x264 os_task_scheduler.o
                               0x31fc (size before relaxing)
 .comment       0x00000000       0x71 os_task_scheduler.o
 .debug_frame   0x0000eabc      0x280 os_task_scheduler.o
 .ARM.attributes
                0x0000ed3c       0x33 os_task_scheduler.o
 os_stack.o()
 *fill*         0x0000ed6f        0x1 
 .text          0x0000ed70        0x0 os_stack.o
 .data          0x0000ed70        0x0 os_stack.o
 .bss           0x0000ed70        0x0 os_stack.o
 .debug_info    0x0000ed70       0x3a os_stack.o
 .debug_abbrev  0x0000edaa       0x1c os_stack.o
 .debug_aranges
                0x0000edc6       0x18 os_stack.o
 .debug_macro   0x0000edde       0xc4 os_stack.o
 .debug_line    0x0000eea2      0x1cc os_stack.o
 .debug_str     0x0000f06e       0x46 os_stack.o
                               0x2a6b (size before relaxing)
 .comment       0x00000000       0x71 os_stack.o
 .ARM.attributes
                0x0000f0b4       0x33 os_stack.o
 os_heap.o()
 *fill*         0x0000f0e7        0x1 
 .text          0x0000f0e8      0x22c os_heap.o
                0x0000f0e8                os_calloc
                0x0000f130                os_realloc
                0x0000f1a4                os_malloc
                0x0000f20c                os_free
 .data          0x0000f314        0x0 os_heap.o
 .bss           0x0000f314        0x0 os_heap.o
 .debug_info    0x0000f314      0x243 os_heap.o
 .debug_abbrev  0x0000f557      0x10d os_heap.o
 .debug_aranges
                0x0000f664       0x20 os_heap.o
 .debug_macro   0x0000f684       0xd7 os_heap.o
 .debug_macro   0x0000f75b       0x22 os_heap.o
 .debug_line    0x0000f77d      0x267 os_heap.o
 .debug_str     0x0000f9e4       0xe4 os_heap.o
                               0x2baa (size before relaxing)
 .comment       0x00000000       0x71 os_heap.o
 .debug_frame   0x0000fac8      0x100 os_heap.o
 .ARM.attributes
                0x0000fbc8       0x33 os_heap.o
 os_diagnostic_main.o()
 *fill*         0x0000fbfb        0x1 
 .text          0x0000fbfc        0xc os_diagnostic_main.o
                0x0000fbfc                OS_DIAGNOSTIC_MAIN
 .data          0x0000fc08        0x0 os_diagnostic_main.o
 .bss           0x0000fc08        0x0 os_diagnostic_main.o
 .debug_info    0x0000fc08       0x53 os_diagnostic_main.o
 .debug_abbrev  0x0000fc5b       0x38 os_diagnostic_main.o
 .debug_aranges
                0x0000fc93       0x20 os_diagnostic_main.o
 .debug_macro   0x0000fcb3       0xc4 os_diagnostic_main.o
 .debug_line    0x0000fd77      0x1e4 os_diagnostic_main.o
 .debug_str     0x0000ff5b       0x63 os_diagnostic_main.o
                               0x2a88 (size before relaxing)
 .comment       0x00000000       0x71 os_diagnostic_main.o
 *fill*         0x0000ffbe        0x2 
 .debug_frame   0x0000ffc0       0x34 os_diagnostic_main.o
 .ARM.attributes
                0x0000fff4       0x33 os_diagnostic_main.o
 hal_driver_adc.o()
 *fill*         0x00010027        0x1 
 .text          0x00010028       0x18 hal_driver_adc.o
                0x00010028                GET_RAW_ADC_VALUE
 .data          0x00010040        0x0 hal_driver_adc.o
 .bss           0x00010040        0x0 hal_driver_adc.o
 .debug_info    0x00010040       0x7c hal_driver_adc.o
 .debug_abbrev  0x000100bc       0x56 hal_driver_adc.o
 .debug_aranges
                0x00010112       0x20 hal_driver_adc.o
 .debug_macro   0x00010132       0xce hal_driver_adc.o
 .debug_line    0x00010200      0x1e4 hal_driver_adc.o
 .debug_str     0x000103e4       0xa0 hal_driver_adc.o
                               0x2ac5 (size before relaxing)
 .comment       0x00000000       0x71 hal_driver_adc.o
 .debug_frame   0x00010484       0x38 hal_driver_adc.o
 .ARM.attributes
                0x000104bc       0x33 hal_driver_adc.o
 hal_driver_can.o()
 *fill*         0x000104ef        0x1 
 .text          0x000104f0        0x0 hal_driver_can.o
 .data          0x000104f0        0x0 hal_driver_can.o
 .bss           0x000104f0        0x0 hal_driver_can.o
 .debug_info    0x000104f0       0x3a hal_driver_can.o
 .debug_abbrev  0x0001052a       0x1c hal_driver_can.o
 .debug_aranges
                0x00010546       0x18 hal_driver_can.o
 .debug_macro   0x0001055e       0xc4 hal_driver_can.o
 .debug_line    0x00010622      0x1c1 hal_driver_can.o
 .debug_str     0x000107e3       0x4f hal_driver_can.o
                               0x2a74 (size before relaxing)
 .comment       0x00000000       0x71 hal_driver_can.o
 .ARM.attributes
                0x00010832       0x33 hal_driver_can.o
 hal_driver_fs_fat.o()
 *fill*         0x00010865        0x3 
 .text          0x00010868      0x258 hal_driver_fs_fat.o
                0x00010868                fopen
                0x0001099c                freopen
                0x000109c0                fflush
                0x000109d8                fclose
                0x00010a58                remove
                0x00010a70                rename
                0x00010a88                fread
                0x00010aa4                fwrite
 .data          0x00010ac0        0x0 hal_driver_fs_fat.o
 .bss           0x00010ac0       0x14 hal_driver_fs_fat.o
 .debug_info    0x00010ad4      0x3aa hal_driver_fs_fat.o
 .debug_abbrev  0x00010e7e      0x143 hal_driver_fs_fat.o
 .debug_aranges
                0x00010fc1       0x20 hal_driver_fs_fat.o
 .debug_macro   0x00010fe1       0xd4 hal_driver_fs_fat.o
 .debug_line    0x000110b5      0x270 hal_driver_fs_fat.o
 .debug_str     0x00011325      0x19b hal_driver_fs_fat.o
                               0x2bff (size before relaxing)
 .comment       0x00000000       0x71 hal_driver_fs_fat.o
 .debug_frame   0x000114c0      0x150 hal_driver_fs_fat.o
 .ARM.attributes
                0x00011610       0x33 hal_driver_fs_fat.o
 *fill*         0x00011643        0x1 
 COMMON         0x00011644       0x14 hal_driver_fs_fat.o
                0x00011644                FILE_HANDLER_POOL
 hal_driver_gpio.o()
 .text          0x00011658        0xc hal_driver_gpio.o
                0x00011658                LLF_GPIO_CONFIG
 .data          0x00011664        0x0 hal_driver_gpio.o
 .bss           0x00011664        0x0 hal_driver_gpio.o
 .debug_info    0x00011664       0x53 hal_driver_gpio.o
 .debug_abbrev  0x000116b7       0x38 hal_driver_gpio.o
 .debug_aranges
                0x000116ef       0x20 hal_driver_gpio.o
 .debug_macro   0x0001170f       0xc4 hal_driver_gpio.o
 .debug_line    0x000117d3      0x1d0 hal_driver_gpio.o
 .debug_str     0x000119a3       0x60 hal_driver_gpio.o
                               0x2a85 (size before relaxing)
 .comment       0x00000000       0x71 hal_driver_gpio.o
 *fill*         0x00011a03        0x1 
 .debug_frame   0x00011a04       0x34 hal_driver_gpio.o
 .ARM.attributes
                0x00011a38       0x33 hal_driver_gpio.o
 hal_driver_sci.o()
 *fill*         0x00011a6b        0x1 
 .text          0x00011a6c        0xc hal_driver_sci.o
                0x00011a6c                OS_ISRISOK
 .data          0x00011a78        0x0 hal_driver_sci.o
 .bss           0x00011a78        0x0 hal_driver_sci.o
 .debug_info    0x00011a78       0x53 hal_driver_sci.o
 .debug_abbrev  0x00011acb       0x38 hal_driver_sci.o
 .debug_aranges
                0x00011b03       0x20 hal_driver_sci.o
 .debug_macro   0x00011b23       0xc4 hal_driver_sci.o
 .debug_line    0x00011be7      0x1cf hal_driver_sci.o
 .debug_str     0x00011db6       0x5a hal_driver_sci.o
                               0x2a7f (size before relaxing)
 .comment       0x00000000       0x71 hal_driver_sci.o
 .debug_frame   0x00011e10       0x34 hal_driver_sci.o
 .ARM.attributes
                0x00011e44       0x33 hal_driver_sci.o
 hal_driver_xyz.o()
 *fill*         0x00011e77        0x1 
 .text          0x00011e78        0x0 hal_driver_xyz.o
 .data          0x00011e78        0x0 hal_driver_xyz.o
 .bss           0x00011e78        0x0 hal_driver_xyz.o
 .debug_info    0x00011e78       0x3a hal_driver_xyz.o
 .debug_abbrev  0x00011eb2       0x1c hal_driver_xyz.o
 .debug_aranges
                0x00011ece       0x18 hal_driver_xyz.o
 .debug_macro   0x00011ee6       0xc4 hal_driver_xyz.o
 .debug_line    0x00011faa      0x1c1 hal_driver_xyz.o
 .debug_str     0x0001216b       0x4f hal_driver_xyz.o
                               0x2a74 (size before relaxing)
 .comment       0x00000000       0x71 hal_driver_xyz.o
 .ARM.attributes
                0x000121ba       0x33 hal_driver_xyz.o
 lld_can.o()
 *fill*         0x000121ed        0x1 
 .text          0x000121ee        0x0 lld_can.o
 .data          0x000121ee        0x0 lld_can.o
 .bss           0x000121ee        0x0 lld_can.o
 .debug_info    0x000121ee       0x3a lld_can.o
 .debug_abbrev  0x00012228       0x1c lld_can.o
 .debug_aranges
                0x00012244       0x18 lld_can.o
 .debug_macro   0x0001225c       0xc4 lld_can.o
 .debug_line    0x00012320      0x1ba lld_can.o
 .debug_str     0x000124da       0x48 lld_can.o
                               0x2a6d (size before relaxing)
 .comment       0x00000000       0x71 lld_can.o
 .ARM.attributes
                0x00012522       0x33 lld_can.o
 lld_global.o()
 *fill*         0x00012555        0x3 
 .text          0x00012558       0xc8 lld_global.o
                0x00012558                Get_core_id
                0x00012570                LLF_SAVE_TASK_STACK
                0x0001258c                LLF_SAVE_REGISTERS
                0x000125a0                LLF_RESTORE_TASK_STACK
                0x000125bc                LLF_RESTORE_REGISTERS
                0x000125d0                LLF_RESTORE_SYSTEM_STACK
                0x000125ec                LLF_SAVE_SYSTEM_STACK
                0x00012608                LLF_CLEAR_ALL_GP_REGISTERS
                0x00012614                LLF_PERFORM_RAM_CHECK
 .data          0x00012620        0x0 lld_global.o
 .bss           0x00012620        0x0 lld_global.o
 .debug_info    0x00012620      0x451 lld_global.o
 .debug_abbrev  0x00012a71      0x11e lld_global.o
 .debug_aranges
                0x00012b8f       0x20 lld_global.o
 .debug_macro   0x00012baf       0xc4 lld_global.o
 .debug_line    0x00012c73      0x1e3 lld_global.o
 .debug_str     0x00012e56      0x10b lld_global.o
                               0x2da4 (size before relaxing)
 .comment       0x00000000       0x71 lld_global.o
 *fill*         0x00012f61        0x3 
 .debug_frame   0x00012f64      0x170 lld_global.o
 .ARM.attributes
                0x000130d4       0x33 lld_global.o
 lld_interrupt.o()
 *fill*         0x00013107        0x1 
 .text          0x00013108       0x2c lld_interrupt.o
                0x00013108                LLF_INT_DISABLE
                0x00013118                LLF_INT_ENABLE
                0x00013128                LLF_DISABLE_INTERRUPTS_ALL_CORES
 .data          0x00013134        0x0 lld_interrupt.o
 .bss           0x00013134        0x0 lld_interrupt.o
 .debug_info    0x00013134       0x75 lld_interrupt.o
 .debug_abbrev  0x000131a9       0x50 lld_interrupt.o
 .debug_aranges
                0x000131f9       0x20 lld_interrupt.o
 .debug_macro   0x00013219       0xc8 lld_interrupt.o
 .debug_line    0x000132e1      0x1d5 lld_interrupt.o
 .debug_str     0x000134b6       0x8e lld_interrupt.o
                               0x2ab3 (size before relaxing)
 .comment       0x00000000       0x71 lld_interrupt.o
 .debug_frame   0x00013544       0x74 lld_interrupt.o
 .ARM.attributes
                0x000135b8       0x33 lld_interrupt.o
 lld_mmu.o()
 *fill*         0x000135eb        0x1 
 .text          0x000135ec       0x50 lld_mmu.o
                0x000135ec                LLF_MPU_DISABLE
                0x000135f8                LLF_MPU_ENABLE
                0x00013604                LLF_MPU_SWITCH_OFF_ALL_REGIONS
                0x00013610                LLF_GET_MPU_PRESENT
 .data          0x0001363c        0x0 lld_mmu.o
 .bss           0x0001363c        0x0 lld_mmu.o
 .debug_info    0x0001363c       0xa4 lld_mmu.o
 .debug_abbrev  0x000136e0       0x6e lld_mmu.o
 .debug_aranges
                0x0001374e       0x20 lld_mmu.o
 .debug_macro   0x0001376e       0xca lld_mmu.o
 .debug_line    0x00013838      0x1d2 lld_mmu.o
 .debug_str     0x00013a0a       0xc2 lld_mmu.o
                               0x2aff (size before relaxing)
 .comment       0x00000000       0x71 lld_mmu.o
 .debug_frame   0x00013acc       0xa4 lld_mmu.o
 .ARM.attributes
                0x00013b70       0x33 lld_mmu.o
 lld_ram.o()
 *fill*         0x00013ba3        0x1 
 .text          0x00013ba4       0x28 lld_ram.o
                0x00013ba4                LLF_CLEAR_ALL_RAM
 .data          0x00013bcc        0x0 lld_ram.o
 .bss           0x00013bcc        0x0 lld_ram.o
 .debug_info    0x00013bcc       0x53 lld_ram.o
 .debug_abbrev  0x00013c1f       0x38 lld_ram.o
 .debug_aranges
                0x00013c57       0x20 lld_ram.o
 .debug_macro   0x00013c77       0xc4 lld_ram.o
 .debug_line    0x00013d3b      0x1cb lld_ram.o
 .debug_str     0x00013f06       0x5a lld_ram.o
                               0x2a7f (size before relaxing)
 .comment       0x00000000       0x71 lld_ram.o
 .debug_frame   0x00013f60       0x34 lld_ram.o
 .ARM.attributes
                0x00013f94       0x33 lld_ram.o
 lld_timer.o()
 *fill*         0x00013fc7        0x1 
 .text          0x00013fc8       0x30 lld_timer.o
                0x00013fc8                LLF_UP_CNT_TIMER_32
                0x00013fd8                LLF_ADD_2_TCMP
                0x00013fec                LLF_TCMP1_CONFIG
 .data          0x00013ff8        0x0 lld_timer.o
 .bss           0x00013ff8        0x0 lld_timer.o
 .debug_info    0x00013ff8       0xa2 lld_timer.o
 .debug_abbrev  0x0001409a       0x88 lld_timer.o
 .debug_aranges
                0x00014122       0x20 lld_timer.o
 .debug_macro   0x00014142       0xc4 lld_timer.o
 .debug_line    0x00014206      0x1cf lld_timer.o
 .debug_str     0x000143d5       0x87 lld_timer.o
                               0x2ac4 (size before relaxing)
 .comment       0x00000000       0x71 lld_timer.o
 .debug_frame   0x0001445c       0x80 lld_timer.o
 .ARM.attributes
                0x000144dc       0x33 lld_timer.o
 lld_watchdog.o()
 *fill*         0x0001450f        0x1 
 .text          0x00014510        0xc lld_watchdog.o
                0x00014510                LLF_SWITCH_OFF_WATCHDOG
 .data          0x0001451c        0x0 lld_watchdog.o
 .bss           0x0001451c        0x0 lld_watchdog.o
 .debug_info    0x0001451c       0x53 lld_watchdog.o
 .debug_abbrev  0x0001456f       0x38 lld_watchdog.o
 .debug_aranges
                0x000145a7       0x20 lld_watchdog.o
 .debug_macro   0x000145c7       0xc4 lld_watchdog.o
 .debug_line    0x0001468b      0x1cd lld_watchdog.o
 .debug_str     0x00014858       0x65 lld_watchdog.o
                               0x2a8a (size before relaxing)
 .comment       0x00000000       0x71 lld_watchdog.o
 *fill*         0x000148bd        0x3 
 .debug_frame   0x000148c0       0x34 lld_watchdog.o
 .ARM.attributes
                0x000148f4       0x33 lld_watchdog.o
 lld_power.o()
 *fill*         0x00014927        0x1 
 .text          0x00014928       0x18 lld_power.o
                0x00014928                LLF_MCU_SWITCH_OFF_POWER
                0x00014934                LLF_MCU_RESET_POWER
 .data          0x00014940        0x0 lld_power.o
 .bss           0x00014940        0x0 lld_power.o
 .debug_info    0x00014940       0x64 lld_power.o
 .debug_abbrev  0x000149a4       0x38 lld_power.o
 .debug_aranges
                0x000149dc       0x20 lld_power.o
 .debug_macro   0x000149fc       0xc4 lld_power.o
 .debug_line    0x00014ac0      0x1cc lld_power.o
 .debug_str     0x00014c8c       0x77 lld_power.o
                               0x2a9c (size before relaxing)
 .comment       0x00000000       0x71 lld_power.o
 *fill*         0x00014d03        0x1 
 .debug_frame   0x00014d04       0x58 lld_power.o
 .ARM.attributes
                0x00014d5c       0x33 lld_power.o
 led.o()
 *fill*         0x00014d8f        0x1 
 .text          0x00014d90       0x50 led.o
                0x00014d90                USER_LED_INIT
                0x00014da4                USER_LED_ON
                0x00014db8                USER_LED_OFF
                0x00014dcc                USER_LED_TOGGLE
 .data          0x00014de0        0x0 led.o
 .bss           0x00014de0        0x0 led.o
 .debug_info    0x00014de0       0xfa led.o
 .debug_abbrev  0x00014eda       0x84 led.o
 .debug_aranges
                0x00014f5e       0x20 led.o
 .debug_macro   0x00014f7e       0xce led.o
 .debug_line    0x0001504c      0x213 led.o
 .debug_str     0x0001525f       0xa0 led.o
                               0x2ac5 (size before relaxing)
 .comment       0x00000000       0x71 led.o
 *fill*         0x000152ff        0x1 
 .debug_frame   0x00015300       0xb0 led.o
 .ARM.attributes
                0x000153b0       0x33 led.o
 *fill*         0x000153e3        0x1 
 .text          0x000153e4      0x370 d:/programm/gnu tools arm embedded/4.9 2015q1/bin/../lib/gcc/arm-none-eabi/4.9.3/armv7e-m\libgcc.a(_arm_addsubdf3.o)
                0x000153e4                __aeabi_drsub
                0x000153ec                __aeabi_dsub
                0x000153ec                __subdf3
                0x000153f0                __aeabi_dadd
                0x000153f0                __adddf3
                0x00015668                __floatunsidf
                0x00015668                __aeabi_ui2d
                0x00015688                __floatsidf
                0x00015688                __aeabi_i2d
                0x000156ac                __aeabi_f2d
                0x000156ac                __extendsfdf2
                0x000156e8                __floatundidf
                0x000156e8                __aeabi_ul2d
                0x000156f8                __floatdidf
                0x000156f8                __aeabi_l2d
 .text          0x00015754      0x110 d:/programm/gnu tools arm embedded/4.9 2015q1/bin/../lib/gcc/arm-none-eabi/4.9.3/armv7e-m\libgcc.a(_arm_cmpdf2.o)
                0x00015754                __gtdf2
                0x00015754                __gedf2
                0x0001575c                __ltdf2
                0x0001575c                __ledf2
                0x00015764                __nedf2
                0x00015764                __eqdf2
                0x00015764                __cmpdf2
                0x000157e0                __aeabi_cdrcmple
                0x000157f0                __aeabi_cdcmpeq
                0x000157f0                __aeabi_cdcmple
                0x00015800                __aeabi_dcmpeq
                0x00015814                __aeabi_dcmplt
                0x00015828                __aeabi_dcmple
                0x0001583c                __aeabi_dcmpge
                0x00015850                __aeabi_dcmpgt

.glue_7         0x00015864        0x0
 .glue_7        0x00000000        0x0 linker stubs

.glue_7t        0x00015864        0x0
 .glue_7t       0x00000000        0x0 linker stubs

.vfp11_veneer   0x00015864        0x0
 .vfp11_veneer  0x00000000        0x0 linker stubs

.v4_bx          0x00015864        0x0
 .v4_bx         0x00000000        0x0 linker stubs

.data           0x40000000     0x6f64
                0x40000000                _ram_start = .
 os_ram.o()
 .text          0x40000000        0x0 os_ram.o
 .data          0x40000000        0x0 os_ram.o
 .bss           0x40000000        0x0 os_ram.o
 .debug_info    0x40000000       0x95 os_ram.o
 .debug_abbrev  0x40000095       0x55 os_ram.o
 .debug_aranges
                0x400000ea       0x18 os_ram.o
 .debug_macro   0x40000102       0xd6 os_ram.o
 .debug_line    0x400001d8      0x1e5 os_ram.o
 .debug_str     0x400003bd     0x2af0 os_ram.o
                               0x2b30 (size before relaxing)
 .comment       0x40002ead       0x70 os_ram.o
                                 0x71 (size before relaxing)
 .ARM.attributes
                0x40002f1d       0x33 os_ram.o
 COMMON         0x40002f50     0x2810 os_ram.o
                0x40002f50                OS_STACK
                0x40003050                HEAP
 os_shared_ram.o()
 .text          0x40005760        0x0 os_shared_ram.o
 .data          0x40005760        0x0 os_shared_ram.o
 .bss           0x40005760        0x0 os_shared_ram.o
 .debug_info    0x40005760      0x16c os_shared_ram.o
 .debug_abbrev  0x400058cc       0x4c os_shared_ram.o
 .debug_aranges
                0x40005918       0x18 os_shared_ram.o
 .debug_macro   0x40005930      0x124 os_shared_ram.o
 .debug_line    0x40005a54      0x1d1 os_shared_ram.o
 .debug_str     0x40005c25      0x30b os_shared_ram.o
                               0x2d49 (size before relaxing)
 .comment       0x00000000       0x71 os_shared_ram.o
 .ARM.attributes
                0x40005f30       0x33 os_shared_ram.o
 *fill*         0x40005f63        0x1 
 COMMON         0x40005f64     0x1000 os_shared_ram.o
                0x40005f64                RAM_BLOCK_C01_C01
                0x40006064                RAM_BLOCK_C01_C00
                0x40006164                RAM_BLOCK_C00_C00
                0x40006264                RAM_BLOCK_C01_C03
                0x40006364                RAM_BLOCK_C03_C01
                0x40006464                RAM_BLOCK_C00_C01
                0x40006564                RAM_BLOCK_C02_C01
                0x40006664                RAM_BLOCK_C01_C02
                0x40006764                RAM_BLOCK_C03_C00
                0x40006864                RAM_BLOCK_C02_C00
                0x40006964                RAM_BLOCK_C02_C02
                0x40006a64                RAM_BLOCK_C03_C03
                0x40006b64                RAM_BLOCK_C03_C02
                0x40006c64                RAM_BLOCK_C00_C03
                0x40006d64                RAM_BLOCK_C00_C02
                0x40006e64                RAM_BLOCK_C02_C03
                0x40006f64                _ram_end = .
                0x40006f64                PROVIDE (ram_start, .)
                0x40006f64                PROVIDE (ram_end, .)
 .data          0x40006f64        0x0 d:/programm/gnu tools arm embedded/4.9 2015q1/bin/../lib/gcc/arm-none-eabi/4.9.3/armv7e-m\libgcc.a(_arm_addsubdf3.o)
 .data          0x40006f64        0x0 d:/programm/gnu tools arm embedded/4.9 2015q1/bin/../lib/gcc/arm-none-eabi/4.9.3/armv7e-m\libgcc.a(_arm_cmpdf2.o)
START GROUP
LOAD d:/programm/gnu tools arm embedded/4.9 2015q1/bin/../lib/gcc/arm-none-eabi/4.9.3/armv7e-m\libgcc.a
LOAD d:/programm/gnu tools arm embedded/4.9 2015q1/bin/../lib/gcc/arm-none-eabi/4.9.3/../../../../arm-none-eabi/lib/armv7e-m\libg.a
LOAD d:/programm/gnu tools arm embedded/4.9 2015q1/bin/../lib/gcc/arm-none-eabi/4.9.3/../../../../arm-none-eabi/lib/armv7e-m\libc.a
END GROUP
OUTPUT(E:\NeuOrga\Programmieren\c_cpp\github_os\output\VERSION_ARM\operating_system.elf elf32-littlearm)

.bss            0x40006f64        0x0
 .bss           0x40006f64        0x0 d:/programm/gnu tools arm embedded/4.9 2015q1/bin/../lib/gcc/arm-none-eabi/4.9.3/armv7e-m\libgcc.a(_arm_addsubdf3.o)
 .bss           0x40006f64        0x0 d:/programm/gnu tools arm embedded/4.9 2015q1/bin/../lib/gcc/arm-none-eabi/4.9.3/armv7e-m\libgcc.a(_arm_cmpdf2.o)

.ARM.attributes
                0x00000000       0x31
 .ARM.attributes
                0x00000000       0x1e d:/programm/gnu tools arm embedded/4.9 2015q1/bin/../lib/gcc/arm-none-eabi/4.9.3/armv7e-m\libgcc.a(_arm_addsubdf3.o)
 .ARM.attributes
                0x0000001e       0x1e d:/programm/gnu tools arm embedded/4.9 2015q1/bin/../lib/gcc/arm-none-eabi/4.9.3/armv7e-m\libgcc.a(_arm_cmpdf2.o)
