Archive member included because of file (symbol)

d:/programm/gnu tools arm embedded/4.9 2015q1/bin/../lib/gcc/arm-none-eabi/4.9.3/armv7e-m\libgcc.a(_arm_addsubdf3.o)
                              os_task_scheduler.o (__aeabi_ui2d)
d:/programm/gnu tools arm embedded/4.9 2015q1/bin/../lib/gcc/arm-none-eabi/4.9.3/armv7e-m\libgcc.a(_arm_cmpdf2.o)
                              os_task_scheduler.o (__aeabi_dcmpgt)

Allocating common symbols
Common symbol       size              file

RAM_BLOCK_C01_C01   0x100             os_shared_ram.o
VAR_MEM_MANAG_FAULT_STATUS_REG
                    0x4               os_ram.o
REGISTER_R2         0x4               os_task_common.o
REGISTER_R0         0x4               os_task_common.o
OS_STACK            0x100             os_ram.o
RAM_BLOCK_C01_C00   0x100             os_shared_ram.o
RAM_BLOCK_C00_C00   0x100             os_shared_ram.o
OS_STATE            0x4               os_ram.o
BACKUP_SYSTICK_CURRENT_VAL_REG
                    0x4               os_ram.o
RAM_BLOCK_C01_C03   0x100             os_shared_ram.o
LINK_REGISTER_HANDLER
                    0x4               os_ram.o
VAR_AUX_FAULT_STATUS_REG
                    0x4               os_ram.o
RAM_BLOCK_C03_C01   0x100             os_shared_ram.o
RAM_BLOCK_C00_C01   0x100             os_shared_ram.o
TASK_PTR            0x14              os_task_common.o
OS_MAIN_STACK       0x100             os_ram.o
RAM_BLOCK_C02_C01   0x100             os_shared_ram.o
RAM_BLOCK_C01_C02   0x100             os_shared_ram.o
VAR_HARDFAULT_STATUS_REG
                    0x4               os_ram.o
RAM_BLOCK_C03_C00   0x100             os_shared_ram.o
REGISTER_R1         0x4               os_task_common.o
RAM_BLOCK_C02_C00   0x100             os_shared_ram.o
VAR_BUS_FAULT_STATUS_REG
                    0x4               os_ram.o
RAM_BLOCK_C02_C02   0x100             os_shared_ram.o
RAM_BLOCK_C03_C03   0x100             os_shared_ram.o
RAM_BLOCK_C03_C02   0x100             os_shared_ram.o
RAM_BLOCK_C00_C03   0x100             os_shared_ram.o
HEAP                0x2710            os_ram.o
VAR_FAULT_STATUS_REG
                    0x4               os_ram.o
REGISTER_R3         0x4               os_task_common.o
VAR_MEM_FAULT_ADDR_REG
                    0x4               os_ram.o
VAR_USAGE_FAULT_STATUS_REG
                    0x4               os_ram.o
VAR_BUS_FAULT_ADDR_REG
                    0x4               os_ram.o
RAM_BLOCK_C00_C02   0x100             os_shared_ram.o
RAM_BLOCK_C02_C03   0x100             os_shared_ram.o

Discarded input sections

 .group         0x00000000        0x8 os_exception_table.o
 .group         0x00000000        0x8 os_exception_table.o
 .group         0x00000000        0x8 os_exception_table.o
 .group         0x00000000        0x8 os_exception_table.o
 .group         0x00000000        0x8 os_exception_table.o
 .group         0x00000000        0x8 os_exception_table.o
 .group         0x00000000        0x8 os_exception_table.o
 .group         0x00000000        0x8 os_exception_table.o
 .group         0x00000000        0x8 os_exception_table.o
 .group         0x00000000        0x8 os_const.o
 .group         0x00000000        0x8 os_const.o
 .group         0x00000000        0x8 os_const.o
 .group         0x00000000        0x8 os_const.o
 .group         0x00000000        0x8 os_const.o
 .group         0x00000000        0x8 os_const.o
 .group         0x00000000        0x8 os_const.o
 .group         0x00000000        0x8 os_const.o
 .debug_macro   0x00000000      0x86e os_const.o
 .debug_macro   0x00000000       0x4c os_const.o
 .debug_macro   0x00000000       0x82 os_const.o
 .debug_macro   0x00000000       0x16 os_const.o
 .debug_macro   0x00000000       0x28 os_const.o
 .debug_macro   0x00000000       0x1c os_const.o
 .debug_macro   0x00000000       0x46 os_const.o
 .debug_macro   0x00000000       0x10 os_const.o
 .group         0x00000000        0x8 os_common.o
 .group         0x00000000        0x8 os_common.o
 .group         0x00000000        0x8 os_common.o
 .group         0x00000000        0x8 os_common.o
 .group         0x00000000        0x8 os_common.o
 .group         0x00000000        0x8 os_common.o
 .group         0x00000000        0x8 os_common.o
 .group         0x00000000        0x8 os_common.o
 .debug_macro   0x00000000      0x86e os_common.o
 .debug_macro   0x00000000       0x4c os_common.o
 .debug_macro   0x00000000       0x82 os_common.o
 .debug_macro   0x00000000       0x16 os_common.o
 .debug_macro   0x00000000       0x28 os_common.o
 .debug_macro   0x00000000       0x1c os_common.o
 .debug_macro   0x00000000       0x46 os_common.o
 .debug_macro   0x00000000       0x10 os_common.o
 .group         0x00000000        0x8 os_driver_hook.o
 .group         0x00000000        0x8 os_driver_hook.o
 .group         0x00000000        0x8 os_driver_hook.o
 .group         0x00000000        0x8 os_driver_hook.o
 .group         0x00000000        0x8 os_driver_hook.o
 .group         0x00000000        0x8 os_driver_hook.o
 .group         0x00000000        0x8 os_driver_hook.o
 .group         0x00000000        0x8 os_driver_hook.o
 .debug_macro   0x00000000      0x86e os_driver_hook.o
 .debug_macro   0x00000000       0x4c os_driver_hook.o
 .debug_macro   0x00000000       0x82 os_driver_hook.o
 .debug_macro   0x00000000       0x16 os_driver_hook.o
 .debug_macro   0x00000000       0x28 os_driver_hook.o
 .debug_macro   0x00000000       0x1c os_driver_hook.o
 .debug_macro   0x00000000       0x46 os_driver_hook.o
 .debug_macro   0x00000000       0x10 os_driver_hook.o
 .group         0x00000000        0x8 os_exception.o
 .group         0x00000000        0x8 os_exception.o
 .group         0x00000000        0x8 os_exception.o
 .group         0x00000000        0x8 os_exception.o
 .group         0x00000000        0x8 os_exception.o
 .group         0x00000000        0x8 os_exception.o
 .group         0x00000000        0x8 os_exception.o
 .group         0x00000000        0x8 os_exception.o
 .group         0x00000000        0x8 os_exception.o
 .group         0x00000000        0x8 os_exception.o
 .group         0x00000000        0x8 os_exception.o
 .debug_macro   0x00000000       0x4c os_exception.o
 .debug_macro   0x00000000       0x82 os_exception.o
 .debug_macro   0x00000000       0x16 os_exception.o
 .debug_macro   0x00000000       0x28 os_exception.o
 .debug_macro   0x00000000       0x1c os_exception.o
 .debug_macro   0x00000000       0x46 os_exception.o
 .debug_macro   0x00000000       0x10 os_exception.o
 .debug_macro   0x00000000       0x10 os_exception.o
 .group         0x00000000        0x8 os_exception_isr_handler.o
 .group         0x00000000        0x8 os_exception_isr_handler.o
 .group         0x00000000        0x8 os_exception_isr_handler.o
 .group         0x00000000        0x8 os_exception_isr_handler.o
 .group         0x00000000        0x8 os_exception_isr_handler.o
 .group         0x00000000        0x8 os_exception_isr_handler.o
 .group         0x00000000        0x8 os_exception_isr_handler.o
 .group         0x00000000        0x8 os_exception_isr_handler.o
 .group         0x00000000        0x8 os_exception_isr_handler.o
 .debug_macro   0x00000000      0x86e os_exception_isr_handler.o
 .debug_macro   0x00000000       0x4c os_exception_isr_handler.o
 .debug_macro   0x00000000       0x82 os_exception_isr_handler.o
 .debug_macro   0x00000000       0x16 os_exception_isr_handler.o
 .debug_macro   0x00000000       0x28 os_exception_isr_handler.o
 .debug_macro   0x00000000       0x1c os_exception_isr_handler.o
 .debug_macro   0x00000000       0x46 os_exception_isr_handler.o
 .debug_macro   0x00000000       0x10 os_exception_isr_handler.o
 .debug_macro   0x00000000       0x28 os_exception_isr_handler.o
 .group         0x00000000        0x8 os_init_task_system.o
 .group         0x00000000        0x8 os_init_task_system.o
 .group         0x00000000        0x8 os_init_task_system.o
 .group         0x00000000        0x8 os_init_task_system.o
 .group         0x00000000        0x8 os_init_task_system.o
 .group         0x00000000        0x8 os_init_task_system.o
 .group         0x00000000        0x8 os_init_task_system.o
 .group         0x00000000        0x8 os_init_task_system.o
 .group         0x00000000        0x8 os_init_task_system.o
 .debug_macro   0x00000000      0x86e os_init_task_system.o
 .debug_macro   0x00000000       0x4c os_init_task_system.o
 .debug_macro   0x00000000       0x82 os_init_task_system.o
 .debug_macro   0x00000000       0x16 os_init_task_system.o
 .debug_macro   0x00000000       0x28 os_init_task_system.o
 .debug_macro   0x00000000       0x1c os_init_task_system.o
 .debug_macro   0x00000000       0x46 os_init_task_system.o
 .debug_macro   0x00000000       0x10 os_init_task_system.o
 .group         0x00000000        0x8 os_main.o
 .group         0x00000000        0x8 os_main.o
 .group         0x00000000        0x8 os_main.o
 .group         0x00000000        0x8 os_main.o
 .group         0x00000000        0x8 os_main.o
 .group         0x00000000        0x8 os_main.o
 .group         0x00000000        0x8 os_main.o
 .group         0x00000000        0x8 os_main.o
 .group         0x00000000        0x8 os_main.o
 .debug_macro   0x00000000      0x86e os_main.o
 .debug_macro   0x00000000       0x4c os_main.o
 .debug_macro   0x00000000       0x82 os_main.o
 .debug_macro   0x00000000       0x16 os_main.o
 .debug_macro   0x00000000       0x28 os_main.o
 .debug_macro   0x00000000       0x1c os_main.o
 .debug_macro   0x00000000       0x46 os_main.o
 .debug_macro   0x00000000       0x10 os_main.o
 .debug_macro   0x00000000       0x28 os_main.o
 .group         0x00000000        0x8 os_memory_mmu_setup.o
 .group         0x00000000        0x8 os_memory_mmu_setup.o
 .group         0x00000000        0x8 os_memory_mmu_setup.o
 .group         0x00000000        0x8 os_memory_mmu_setup.o
 .group         0x00000000        0x8 os_memory_mmu_setup.o
 .group         0x00000000        0x8 os_memory_mmu_setup.o
 .group         0x00000000        0x8 os_memory_mmu_setup.o
 .group         0x00000000        0x8 os_memory_mmu_setup.o
 .debug_macro   0x00000000      0x86e os_memory_mmu_setup.o
 .debug_macro   0x00000000       0x4c os_memory_mmu_setup.o
 .debug_macro   0x00000000       0x82 os_memory_mmu_setup.o
 .debug_macro   0x00000000       0x16 os_memory_mmu_setup.o
 .debug_macro   0x00000000       0x28 os_memory_mmu_setup.o
 .debug_macro   0x00000000       0x1c os_memory_mmu_setup.o
 .debug_macro   0x00000000       0x46 os_memory_mmu_setup.o
 .debug_macro   0x00000000       0x10 os_memory_mmu_setup.o
 .group         0x00000000        0x8 os_rte_common.o
 .group         0x00000000        0x8 os_rte_common.o
 .group         0x00000000        0x8 os_rte_common.o
 .group         0x00000000        0x8 os_rte_common.o
 .group         0x00000000        0x8 os_rte_common.o
 .group         0x00000000        0x8 os_rte_common.o
 .group         0x00000000        0x8 os_rte_common.o
 .group         0x00000000        0x8 os_rte_common.o
 .debug_macro   0x00000000      0x86e os_rte_common.o
 .debug_macro   0x00000000       0x4c os_rte_common.o
 .debug_macro   0x00000000       0x82 os_rte_common.o
 .debug_macro   0x00000000       0x16 os_rte_common.o
 .debug_macro   0x00000000       0x28 os_rte_common.o
 .debug_macro   0x00000000       0x1c os_rte_common.o
 .debug_macro   0x00000000       0x46 os_rte_common.o
 .debug_macro   0x00000000       0x10 os_rte_common.o
 .group         0x00000000        0x8 os_rte_icc.o
 .group         0x00000000        0x8 os_rte_icc.o
 .group         0x00000000        0x8 os_rte_icc.o
 .group         0x00000000        0x8 os_rte_icc.o
 .group         0x00000000        0x8 os_rte_icc.o
 .group         0x00000000        0x8 os_rte_icc.o
 .group         0x00000000        0x8 os_rte_icc.o
 .group         0x00000000        0x8 os_rte_icc.o
 .debug_macro   0x00000000      0x86e os_rte_icc.o
 .debug_macro   0x00000000       0x4c os_rte_icc.o
 .debug_macro   0x00000000       0x82 os_rte_icc.o
 .debug_macro   0x00000000       0x16 os_rte_icc.o
 .debug_macro   0x00000000       0x28 os_rte_icc.o
 .debug_macro   0x00000000       0x1c os_rte_icc.o
 .debug_macro   0x00000000       0x46 os_rte_icc.o
 .debug_macro   0x00000000       0x10 os_rte_icc.o
 .group         0x00000000        0x8 os_shutdown.o
 .group         0x00000000        0x8 os_shutdown.o
 .group         0x00000000        0x8 os_shutdown.o
 .group         0x00000000        0x8 os_shutdown.o
 .group         0x00000000        0x8 os_shutdown.o
 .group         0x00000000        0x8 os_shutdown.o
 .group         0x00000000        0x8 os_shutdown.o
 .group         0x00000000        0x8 os_shutdown.o
 .debug_macro   0x00000000      0x86e os_shutdown.o
 .debug_macro   0x00000000       0x4c os_shutdown.o
 .debug_macro   0x00000000       0x82 os_shutdown.o
 .debug_macro   0x00000000       0x16 os_shutdown.o
 .debug_macro   0x00000000       0x28 os_shutdown.o
 .debug_macro   0x00000000       0x1c os_shutdown.o
 .debug_macro   0x00000000       0x46 os_shutdown.o
 .debug_macro   0x00000000       0x10 os_shutdown.o
 .group         0x00000000        0x8 os_start_ext_prg.o
 .group         0x00000000        0x8 os_start_ext_prg.o
 .group         0x00000000        0x8 os_start_ext_prg.o
 .group         0x00000000        0x8 os_start_ext_prg.o
 .group         0x00000000        0x8 os_start_ext_prg.o
 .group         0x00000000        0x8 os_start_ext_prg.o
 .group         0x00000000        0x8 os_start_ext_prg.o
 .group         0x00000000        0x8 os_start_ext_prg.o
 .debug_macro   0x00000000      0x86e os_start_ext_prg.o
 .debug_macro   0x00000000       0x4c os_start_ext_prg.o
 .debug_macro   0x00000000       0x82 os_start_ext_prg.o
 .debug_macro   0x00000000       0x16 os_start_ext_prg.o
 .debug_macro   0x00000000       0x28 os_start_ext_prg.o
 .debug_macro   0x00000000       0x1c os_start_ext_prg.o
 .debug_macro   0x00000000       0x46 os_start_ext_prg.o
 .debug_macro   0x00000000       0x10 os_start_ext_prg.o
 .group         0x00000000        0x8 os_start_init_hw.o
 .group         0x00000000        0x8 os_start_init_hw.o
 .group         0x00000000        0x8 os_start_init_hw.o
 .group         0x00000000        0x8 os_start_init_hw.o
 .group         0x00000000        0x8 os_start_init_hw.o
 .group         0x00000000        0x8 os_start_init_hw.o
 .group         0x00000000        0x8 os_start_init_hw.o
 .group         0x00000000        0x8 os_start_init_hw.o
 .debug_macro   0x00000000      0x86e os_start_init_hw.o
 .debug_macro   0x00000000       0x4c os_start_init_hw.o
 .debug_macro   0x00000000       0x82 os_start_init_hw.o
 .debug_macro   0x00000000       0x16 os_start_init_hw.o
 .debug_macro   0x00000000       0x28 os_start_init_hw.o
 .debug_macro   0x00000000       0x1c os_start_init_hw.o
 .debug_macro   0x00000000       0x46 os_start_init_hw.o
 .debug_macro   0x00000000       0x10 os_start_init_hw.o
 .group         0x00000000        0x8 os_start_init_mc.o
 .group         0x00000000        0x8 os_start_init_mc.o
 .group         0x00000000        0x8 os_start_init_mc.o
 .group         0x00000000        0x8 os_start_init_mc.o
 .group         0x00000000        0x8 os_start_init_mc.o
 .group         0x00000000        0x8 os_start_init_mc.o
 .group         0x00000000        0x8 os_start_init_mc.o
 .group         0x00000000        0x8 os_start_init_mc.o
 .debug_macro   0x00000000      0x86e os_start_init_mc.o
 .debug_macro   0x00000000       0x4c os_start_init_mc.o
 .debug_macro   0x00000000       0x82 os_start_init_mc.o
 .debug_macro   0x00000000       0x16 os_start_init_mc.o
 .debug_macro   0x00000000       0x28 os_start_init_mc.o
 .debug_macro   0x00000000       0x1c os_start_init_mc.o
 .debug_macro   0x00000000       0x46 os_start_init_mc.o
 .debug_macro   0x00000000       0x10 os_start_init_mc.o
 .group         0x00000000        0x8 os_start_init_sw.o
 .group         0x00000000        0x8 os_start_init_sw.o
 .group         0x00000000        0x8 os_start_init_sw.o
 .group         0x00000000        0x8 os_start_init_sw.o
 .group         0x00000000        0x8 os_start_init_sw.o
 .group         0x00000000        0x8 os_start_init_sw.o
 .group         0x00000000        0x8 os_start_init_sw.o
 .group         0x00000000        0x8 os_start_init_sw.o
 .debug_macro   0x00000000      0x86e os_start_init_sw.o
 .debug_macro   0x00000000       0x4c os_start_init_sw.o
 .debug_macro   0x00000000       0x82 os_start_init_sw.o
 .debug_macro   0x00000000       0x16 os_start_init_sw.o
 .debug_macro   0x00000000       0x28 os_start_init_sw.o
 .debug_macro   0x00000000       0x1c os_start_init_sw.o
 .debug_macro   0x00000000       0x46 os_start_init_sw.o
 .debug_macro   0x00000000       0x10 os_start_init_sw.o
 .group         0x00000000        0x8 os_start_os.o
 .group         0x00000000        0x8 os_start_os.o
 .group         0x00000000        0x8 os_start_os.o
 .group         0x00000000        0x8 os_start_os.o
 .group         0x00000000        0x8 os_start_os.o
 .group         0x00000000        0x8 os_start_os.o
 .group         0x00000000        0x8 os_start_os.o
 .group         0x00000000        0x8 os_start_os.o
 .debug_macro   0x00000000      0x86e os_start_os.o
 .debug_macro   0x00000000       0x4c os_start_os.o
 .debug_macro   0x00000000       0x82 os_start_os.o
 .debug_macro   0x00000000       0x16 os_start_os.o
 .debug_macro   0x00000000       0x28 os_start_os.o
 .debug_macro   0x00000000       0x1c os_start_os.o
 .debug_macro   0x00000000       0x46 os_start_os.o
 .debug_macro   0x00000000       0x10 os_start_os.o
 .group         0x00000000        0x8 os_task_common.o
 .group         0x00000000        0x8 os_task_common.o
 .group         0x00000000        0x8 os_task_common.o
 .group         0x00000000        0x8 os_task_common.o
 .group         0x00000000        0x8 os_task_common.o
 .group         0x00000000        0x8 os_task_common.o
 .group         0x00000000        0x8 os_task_common.o
 .group         0x00000000        0x8 os_task_common.o
 .group         0x00000000        0x8 os_task_common.o
 .debug_macro   0x00000000      0x86e os_task_common.o
 .debug_macro   0x00000000       0x4c os_task_common.o
 .debug_macro   0x00000000       0x82 os_task_common.o
 .debug_macro   0x00000000       0x16 os_task_common.o
 .debug_macro   0x00000000       0x28 os_task_common.o
 .debug_macro   0x00000000       0x1c os_task_common.o
 .debug_macro   0x00000000       0x46 os_task_common.o
 .debug_macro   0x00000000       0x10 os_task_common.o
 .debug_macro   0x00000000       0x28 os_task_common.o
 .group         0x00000000        0x8 os_task_queue.o
 .group         0x00000000        0x8 os_task_queue.o
 .group         0x00000000        0x8 os_task_queue.o
 .group         0x00000000        0x8 os_task_queue.o
 .group         0x00000000        0x8 os_task_queue.o
 .group         0x00000000        0x8 os_task_queue.o
 .group         0x00000000        0x8 os_task_queue.o
 .group         0x00000000        0x8 os_task_queue.o
 .group         0x00000000        0x8 os_task_queue.o
 .group         0x00000000        0x8 os_task_queue.o
 .debug_macro   0x00000000      0x86e os_task_queue.o
 .debug_macro   0x00000000       0x4c os_task_queue.o
 .debug_macro   0x00000000       0x82 os_task_queue.o
 .debug_macro   0x00000000       0x16 os_task_queue.o
 .debug_macro   0x00000000       0x28 os_task_queue.o
 .debug_macro   0x00000000       0x1c os_task_queue.o
 .debug_macro   0x00000000       0x46 os_task_queue.o
 .debug_macro   0x00000000       0x10 os_task_queue.o
 .debug_macro   0x00000000       0x28 os_task_queue.o
 .group         0x00000000        0x8 os_task_scheduler.o
 .group         0x00000000        0x8 os_task_scheduler.o
 .group         0x00000000        0x8 os_task_scheduler.o
 .group         0x00000000        0x8 os_task_scheduler.o
 .group         0x00000000        0x8 os_task_scheduler.o
 .group         0x00000000        0x8 os_task_scheduler.o
 .group         0x00000000        0x8 os_task_scheduler.o
 .group         0x00000000        0x8 os_task_scheduler.o
 .group         0x00000000        0x8 os_task_scheduler.o
 .group         0x00000000        0x8 os_task_scheduler.o
 .debug_macro   0x00000000      0x86e os_task_scheduler.o
 .debug_macro   0x00000000       0x4c os_task_scheduler.o
 .debug_macro   0x00000000       0x82 os_task_scheduler.o
 .debug_macro   0x00000000       0x16 os_task_scheduler.o
 .debug_macro   0x00000000       0x28 os_task_scheduler.o
 .debug_macro   0x00000000       0x1c os_task_scheduler.o
 .debug_macro   0x00000000       0x46 os_task_scheduler.o
 .debug_macro   0x00000000       0x10 os_task_scheduler.o
 .debug_macro   0x00000000       0x28 os_task_scheduler.o
 .debug_macro   0x00000000       0x1c os_task_scheduler.o
 .group         0x00000000        0x8 os_stack.o
 .group         0x00000000        0x8 os_stack.o
 .group         0x00000000        0x8 os_stack.o
 .group         0x00000000        0x8 os_stack.o
 .group         0x00000000        0x8 os_stack.o
 .group         0x00000000        0x8 os_stack.o
 .group         0x00000000        0x8 os_stack.o
 .group         0x00000000        0x8 os_stack.o
 .debug_macro   0x00000000      0x86e os_stack.o
 .debug_macro   0x00000000       0x4c os_stack.o
 .debug_macro   0x00000000       0x82 os_stack.o
 .debug_macro   0x00000000       0x16 os_stack.o
 .debug_macro   0x00000000       0x28 os_stack.o
 .debug_macro   0x00000000       0x1c os_stack.o
 .debug_macro   0x00000000       0x46 os_stack.o
 .debug_macro   0x00000000       0x10 os_stack.o
 .group         0x00000000        0x8 os_heap.o
 .group         0x00000000        0x8 os_heap.o
 .group         0x00000000        0x8 os_heap.o
 .group         0x00000000        0x8 os_heap.o
 .group         0x00000000        0x8 os_heap.o
 .group         0x00000000        0x8 os_heap.o
 .group         0x00000000        0x8 os_heap.o
 .group         0x00000000        0x8 os_heap.o
 .debug_macro   0x00000000      0x86e os_heap.o
 .debug_macro   0x00000000       0x4c os_heap.o
 .debug_macro   0x00000000       0x82 os_heap.o
 .debug_macro   0x00000000       0x16 os_heap.o
 .debug_macro   0x00000000       0x28 os_heap.o
 .debug_macro   0x00000000       0x1c os_heap.o
 .debug_macro   0x00000000       0x46 os_heap.o
 .debug_macro   0x00000000       0x10 os_heap.o
 .group         0x00000000        0x8 os_diagnostic_main.o
 .group         0x00000000        0x8 os_diagnostic_main.o
 .group         0x00000000        0x8 os_diagnostic_main.o
 .group         0x00000000        0x8 os_diagnostic_main.o
 .group         0x00000000        0x8 os_diagnostic_main.o
 .group         0x00000000        0x8 os_diagnostic_main.o
 .group         0x00000000        0x8 os_diagnostic_main.o
 .group         0x00000000        0x8 os_diagnostic_main.o
 .debug_macro   0x00000000      0x86e os_diagnostic_main.o
 .debug_macro   0x00000000       0x4c os_diagnostic_main.o
 .debug_macro   0x00000000       0x82 os_diagnostic_main.o
 .debug_macro   0x00000000       0x16 os_diagnostic_main.o
 .debug_macro   0x00000000       0x28 os_diagnostic_main.o
 .debug_macro   0x00000000       0x1c os_diagnostic_main.o
 .debug_macro   0x00000000       0x46 os_diagnostic_main.o
 .debug_macro   0x00000000       0x10 os_diagnostic_main.o
 .group         0x00000000        0x8 led.o
 .group         0x00000000        0x8 led.o
 .group         0x00000000        0x8 led.o
 .group         0x00000000        0x8 led.o
 .group         0x00000000        0x8 led.o
 .group         0x00000000        0x8 led.o
 .group         0x00000000        0x8 led.o
 .group         0x00000000        0x8 led.o
 .debug_macro   0x00000000      0x86e led.o
 .debug_macro   0x00000000       0x4c led.o
 .debug_macro   0x00000000       0x82 led.o
 .debug_macro   0x00000000       0x16 led.o
 .debug_macro   0x00000000       0x28 led.o
 .debug_macro   0x00000000       0x1c led.o
 .debug_macro   0x00000000       0x46 led.o
 .debug_macro   0x00000000       0x10 led.o
 .group         0x00000000        0x8 os_ram.o
 .group         0x00000000        0x8 os_ram.o
 .group         0x00000000        0x8 os_ram.o
 .group         0x00000000        0x8 os_ram.o
 .group         0x00000000        0x8 os_ram.o
 .group         0x00000000        0x8 os_ram.o
 .group         0x00000000        0x8 os_ram.o
 .group         0x00000000        0x8 os_ram.o
 .debug_macro   0x00000000      0x86e os_ram.o
 .debug_macro   0x00000000       0x4c os_ram.o
 .debug_macro   0x00000000       0x82 os_ram.o
 .debug_macro   0x00000000       0x16 os_ram.o
 .debug_macro   0x00000000       0x28 os_ram.o
 .debug_macro   0x00000000       0x1c os_ram.o
 .debug_macro   0x00000000       0x46 os_ram.o
 .debug_macro   0x00000000       0x10 os_ram.o
 .group         0x00000000        0x8 os_shared_ram.o
 .group         0x00000000        0x8 os_shared_ram.o
 .group         0x00000000        0x8 os_shared_ram.o
 .group         0x00000000        0x8 os_shared_ram.o
 .group         0x00000000        0x8 os_shared_ram.o
 .group         0x00000000        0x8 os_shared_ram.o
 .group         0x00000000        0x8 os_shared_ram.o
 .group         0x00000000        0x8 os_shared_ram.o
 .debug_macro   0x00000000      0x86e os_shared_ram.o
 .debug_macro   0x00000000       0x4c os_shared_ram.o
 .debug_macro   0x00000000       0x82 os_shared_ram.o
 .debug_macro   0x00000000       0x16 os_shared_ram.o
 .debug_macro   0x00000000       0x28 os_shared_ram.o
 .debug_macro   0x00000000       0x1c os_shared_ram.o
 .debug_macro   0x00000000       0x46 os_shared_ram.o
 .debug_macro   0x00000000       0x10 os_shared_ram.o

Memory Configuration

Name             Origin             Length             Attributes
rom              0x08000000         0x00100000
ram              0x20000000         0x00030000
*default*        0x00000000         0xffffffff

Linker script and memory map


.text           0x08000000    0x11bd4
                0x08000000                _ivec_start = .
 os_exception_table.o()
 .text          0x08000000        0x0 os_exception_table.o
 .data          0x08000000      0x400 os_exception_table.o
                0x08000000                isr_vec_table
 .bss           0x08000400        0x0 os_exception_table.o
 .debug_info    0x08000400       0x9a os_exception_table.o
 .debug_abbrev  0x0800049a       0x6d os_exception_table.o
 .debug_aranges
                0x08000507       0x18 os_exception_table.o
 .debug_macro   0x0800051f       0xa3 os_exception_table.o
 .debug_macro   0x080005c2      0x86e os_exception_table.o
 .debug_macro   0x08000e30       0x4c os_exception_table.o
 .debug_macro   0x08000e7c       0x82 os_exception_table.o
 .debug_macro   0x08000efe       0x16 os_exception_table.o
 .debug_macro   0x08000f14       0x28 os_exception_table.o
 .debug_macro   0x08000f3c       0x1c os_exception_table.o
 .debug_macro   0x08000f58       0x46 os_exception_table.o
 .debug_macro   0x08000f9e       0x10 os_exception_table.o
 .debug_macro   0x08000fae       0x10 os_exception_table.o
 .debug_line    0x08000fbe      0x1ec os_exception_table.o
 .debug_str     0x080011aa     0x2aa7 os_exception_table.o
                               0x2ae7 (size before relaxing)
 .comment       0x08003c51       0x70 os_exception_table.o
                                 0x71 (size before relaxing)
 .ARM.attributes
                0x08003cc1       0x33 os_exception_table.o
 .iplt          0x00000000        0x0 os_exception_table.o
 .rel.iplt      0x00000000        0x0 os_exception_table.o
 .igot.plt      0x00000000        0x0 os_exception_table.o
                0x08003cf4                _ivec_end = .
                0x08003cf4                PROVIDE (ivec_start, .)
                0x08003cf4                PROVIDE (ivec_end, .)
                0x08003cf4                _const_start = .
 os_const.o()
 .text          0x08003cf4        0x0 os_const.o
 .data          0x08003cf4        0x0 os_const.o
 .bss           0x08003cf4        0x0 os_const.o
 .debug_info    0x08003cf4       0x3a os_const.o
 .debug_abbrev  0x08003d2e       0x1c os_const.o
 .debug_aranges
                0x08003d4a       0x18 os_const.o
 .debug_macro   0x08003d62       0x9a os_const.o
 .debug_line    0x08003dfc      0x1c4 os_const.o
 .debug_str     0x08003fc0       0x46 os_const.o
                               0x2a76 (size before relaxing)
 .comment       0x00000000       0x71 os_const.o
 .ARM.attributes
                0x08004006       0x33 os_const.o
                0x08004039                _const_end = .
                0x08004039                PROVIDE (const_start, .)
                0x08004039                PROVIDE (const_end, .)
                0x08004039                _code_start = .
 lld_global.o()
 *fill*         0x08004039        0x1 
 .text          0x0800403a       0x12 E:\NeuOrga\Programmieren\c_cpp\github_os\output\os_drivers\obj_arm\lld_global.o
                0x0800403a                LLF_CHANGE_TO_USER_MODE
 .data          0x0800404c        0x0 E:\NeuOrga\Programmieren\c_cpp\github_os\output\os_drivers\obj_arm\lld_global.o
 .bss           0x0800404c        0x0 E:\NeuOrga\Programmieren\c_cpp\github_os\output\os_drivers\obj_arm\lld_global.o
 .debug_line    0x0800404c       0x7e E:\NeuOrga\Programmieren\c_cpp\github_os\output\os_drivers\obj_arm\lld_global.o
 .debug_info    0x080040ca       0xa5 E:\NeuOrga\Programmieren\c_cpp\github_os\output\os_drivers\obj_arm\lld_global.o
 .debug_abbrev  0x0800416f       0x14 E:\NeuOrga\Programmieren\c_cpp\github_os\output\os_drivers\obj_arm\lld_global.o
 *fill*         0x08004183        0x5 
 .debug_aranges
                0x08004188       0x20 E:\NeuOrga\Programmieren\c_cpp\github_os\output\os_drivers\obj_arm\lld_global.o
 .ARM.attributes
                0x080041a8       0x21 E:\NeuOrga\Programmieren\c_cpp\github_os\output\os_drivers\obj_arm\lld_global.o
 lld_interrupt.o()
 *fill*         0x080041c9        0x1 
 .text          0x080041ca       0x14 E:\NeuOrga\Programmieren\c_cpp\github_os\output\os_drivers\obj_arm\lld_interrupt.o
                0x080041ca                LLF_INT_DISABLE
                0x080041d0                LLF_INT_ENABLE
                0x080041d6                LLF_DISABLE_INTERRUPTS_ALL_CORES
                0x080041dc                LLF_WAIT_FOR_INTERRUPT
 .data          0x080041de        0x0 E:\NeuOrga\Programmieren\c_cpp\github_os\output\os_drivers\obj_arm\lld_interrupt.o
 .bss           0x080041de        0x0 E:\NeuOrga\Programmieren\c_cpp\github_os\output\os_drivers\obj_arm\lld_interrupt.o
 .debug_line    0x080041de       0x85 E:\NeuOrga\Programmieren\c_cpp\github_os\output\os_drivers\obj_arm\lld_interrupt.o
 .debug_info    0x08004263       0xa8 E:\NeuOrga\Programmieren\c_cpp\github_os\output\os_drivers\obj_arm\lld_interrupt.o
 .debug_abbrev  0x0800430b       0x14 E:\NeuOrga\Programmieren\c_cpp\github_os\output\os_drivers\obj_arm\lld_interrupt.o
 *fill*         0x0800431f        0x1 
 .debug_aranges
                0x08004320       0x20 E:\NeuOrga\Programmieren\c_cpp\github_os\output\os_drivers\obj_arm\lld_interrupt.o
 .ARM.attributes
                0x08004340       0x21 E:\NeuOrga\Programmieren\c_cpp\github_os\output\os_drivers\obj_arm\lld_interrupt.o
 lld_mmu.o()
 *fill*         0x08004361        0x1 
 .text          0x08004362        0x8 E:\NeuOrga\Programmieren\c_cpp\github_os\output\os_drivers\obj_arm\lld_mmu.o
                0x08004362                LLF_MPU_DISABLE
                0x08004366                LLF_MPU_SWITCH_OFF_ALL_REGIONS
                0x08004368                LLF_GET_MPU_PRESENT
 .data          0x0800436a        0x0 E:\NeuOrga\Programmieren\c_cpp\github_os\output\os_drivers\obj_arm\lld_mmu.o
 .bss           0x0800436a        0x0 E:\NeuOrga\Programmieren\c_cpp\github_os\output\os_drivers\obj_arm\lld_mmu.o
 .debug_line    0x0800436a       0x7c E:\NeuOrga\Programmieren\c_cpp\github_os\output\os_drivers\obj_arm\lld_mmu.o
 .debug_info    0x080043e6       0xa2 E:\NeuOrga\Programmieren\c_cpp\github_os\output\os_drivers\obj_arm\lld_mmu.o
 .debug_abbrev  0x08004488       0x14 E:\NeuOrga\Programmieren\c_cpp\github_os\output\os_drivers\obj_arm\lld_mmu.o
 *fill*         0x0800449c        0x4 
 .debug_aranges
                0x080044a0       0x20 E:\NeuOrga\Programmieren\c_cpp\github_os\output\os_drivers\obj_arm\lld_mmu.o
 .ARM.attributes
                0x080044c0       0x21 E:\NeuOrga\Programmieren\c_cpp\github_os\output\os_drivers\obj_arm\lld_mmu.o
 lld_ram.o()
 *fill*         0x080044e1        0x1 
 .text          0x080044e2       0x80 E:\NeuOrga\Programmieren\c_cpp\github_os\output\os_drivers\obj_arm\lld_ram.o
                0x080044e2                LLF_CLEAR_ALL_RAM
 .data          0x08004562        0x0 E:\NeuOrga\Programmieren\c_cpp\github_os\output\os_drivers\obj_arm\lld_ram.o
 .bss           0x08004562        0x0 E:\NeuOrga\Programmieren\c_cpp\github_os\output\os_drivers\obj_arm\lld_ram.o
 .debug_line    0x08004562       0x9f E:\NeuOrga\Programmieren\c_cpp\github_os\output\os_drivers\obj_arm\lld_ram.o
 .debug_info    0x08004601       0xa2 E:\NeuOrga\Programmieren\c_cpp\github_os\output\os_drivers\obj_arm\lld_ram.o
 .debug_abbrev  0x080046a3       0x14 E:\NeuOrga\Programmieren\c_cpp\github_os\output\os_drivers\obj_arm\lld_ram.o
 *fill*         0x080046b7        0x1 
 .debug_aranges
                0x080046b8       0x20 E:\NeuOrga\Programmieren\c_cpp\github_os\output\os_drivers\obj_arm\lld_ram.o
 .ARM.attributes
                0x080046d8       0x21 E:\NeuOrga\Programmieren\c_cpp\github_os\output\os_drivers\obj_arm\lld_ram.o
 lld_timer.o()
 *fill*         0x080046f9        0x3 
 .text          0x080046fc        0xc E:\NeuOrga\Programmieren\c_cpp\github_os\output\os_drivers\obj_arm\lld_timer.o
                0x080046fc                LLF_UP_CNT_TIMER_32
                0x08004700                LLF_ADD_2_TCMP
                0x08004702                LLF_TCMP1_CONFIG
 .data          0x08004708        0x0 E:\NeuOrga\Programmieren\c_cpp\github_os\output\os_drivers\obj_arm\lld_timer.o
 .bss           0x08004708        0x0 E:\NeuOrga\Programmieren\c_cpp\github_os\output\os_drivers\obj_arm\lld_timer.o
 .debug_line    0x08004708       0x7f E:\NeuOrga\Programmieren\c_cpp\github_os\output\os_drivers\obj_arm\lld_timer.o
 .debug_info    0x08004787       0xa4 E:\NeuOrga\Programmieren\c_cpp\github_os\output\os_drivers\obj_arm\lld_timer.o
 .debug_abbrev  0x0800482b       0x14 E:\NeuOrga\Programmieren\c_cpp\github_os\output\os_drivers\obj_arm\lld_timer.o
 *fill*         0x0800483f        0x1 
 .debug_aranges
                0x08004840       0x20 E:\NeuOrga\Programmieren\c_cpp\github_os\output\os_drivers\obj_arm\lld_timer.o
 .ARM.attributes
                0x08004860       0x21 E:\NeuOrga\Programmieren\c_cpp\github_os\output\os_drivers\obj_arm\lld_timer.o
 lld_power.o()
 *fill*         0x08004881        0x3 
 .text          0x08004884       0x24 E:\NeuOrga\Programmieren\c_cpp\github_os\output\os_drivers\obj_arm\lld_power.o
                0x08004884                LLF_MCU_SWITCH_OFF_POWER
                0x0800488a                LLF_MCU_RESET_POWER
 .data          0x080048a8        0x0 E:\NeuOrga\Programmieren\c_cpp\github_os\output\os_drivers\obj_arm\lld_power.o
 .bss           0x080048a8        0x0 E:\NeuOrga\Programmieren\c_cpp\github_os\output\os_drivers\obj_arm\lld_power.o
 .debug_line    0x080048a8       0x88 E:\NeuOrga\Programmieren\c_cpp\github_os\output\os_drivers\obj_arm\lld_power.o
 .debug_info    0x08004930       0xa4 E:\NeuOrga\Programmieren\c_cpp\github_os\output\os_drivers\obj_arm\lld_power.o
 .debug_abbrev  0x080049d4       0x14 E:\NeuOrga\Programmieren\c_cpp\github_os\output\os_drivers\obj_arm\lld_power.o
 .debug_aranges
                0x080049e8       0x20 E:\NeuOrga\Programmieren\c_cpp\github_os\output\os_drivers\obj_arm\lld_power.o
 .ARM.attributes
                0x08004a08       0x21 E:\NeuOrga\Programmieren\c_cpp\github_os\output\os_drivers\obj_arm\lld_power.o
 os_exception_reset.o()
 *fill*         0x08004a29        0x3 
 .text          0x08004a2c       0x80 E:\NeuOrga\Programmieren\c_cpp\github_os\output\os_drivers\obj_arm\os_exception_reset.o
                0x08004a2c                OS_Exception_RESET
                0x08004a4c                LLF_SAVE_TASK_STACK
                0x08004a4c                LLF_RESTORE_TASK_STACK
                0x08004a52                GET_CORE_ID
                0x08004a56                LLF_SAVE_REGISTERS
                0x08004a66                LLF_RESTORE_REGISTERS
                0x08004a6e                LLF_RESTORE_SYSTEM_STACK
                0x08004a72                LLF_SAVE_SYSTEM_STACK
                0x08004a76                LLF_PERFORM_RAM_CHECK
                0x08004a78                LLF_CLEAR_ALL_GP_REGISTERS
                0x08004a96                START_OS
 .data          0x08004aac        0x0 E:\NeuOrga\Programmieren\c_cpp\github_os\output\os_drivers\obj_arm\os_exception_reset.o
 .bss           0x08004aac        0x0 E:\NeuOrga\Programmieren\c_cpp\github_os\output\os_drivers\obj_arm\os_exception_reset.o
 .debug_line    0x08004aac       0xaf E:\NeuOrga\Programmieren\c_cpp\github_os\output\os_drivers\obj_arm\os_exception_reset.o
 .debug_info    0x08004b5b       0xaa E:\NeuOrga\Programmieren\c_cpp\github_os\output\os_drivers\obj_arm\os_exception_reset.o
 .debug_abbrev  0x08004c05       0x14 E:\NeuOrga\Programmieren\c_cpp\github_os\output\os_drivers\obj_arm\os_exception_reset.o
 *fill*         0x08004c19        0x7 
 .debug_aranges
                0x08004c20       0x20 E:\NeuOrga\Programmieren\c_cpp\github_os\output\os_drivers\obj_arm\os_exception_reset.o
 .ARM.attributes
                0x08004c40       0x21 E:\NeuOrga\Programmieren\c_cpp\github_os\output\os_drivers\obj_arm\os_exception_reset.o
 os_common.o()
 *fill*         0x08004c61        0x3 
 .text          0x08004c64       0x38 os_common.o
                0x08004c64                OS_SET_SW_BUG
                0x08004c8c                Get_current_time
 .data          0x08004c9c        0x0 os_common.o
 .bss           0x08004c9c       0x10 os_common.o
 .debug_info    0x08004cac      0x16a os_common.o
 .debug_abbrev  0x08004e16       0xa9 os_common.o
 .debug_aranges
                0x08004ebf       0x20 os_common.o
 .debug_macro   0x08004edf       0x9e os_common.o
 .debug_line    0x08004f7d      0x1eb os_common.o
 .debug_str     0x08005168      0x2b9 os_common.o
                               0x2cf2 (size before relaxing)
 .comment       0x00000000       0x71 os_common.o
 *fill*         0x08005421        0x3 
 .debug_frame   0x08005424       0x5c os_common.o
 .ARM.attributes
                0x08005480       0x33 os_common.o
 os_driver_hook.o()
 *fill*         0x080054b3        0x1 
 .text          0x080054b4        0x0 os_driver_hook.o
 .data          0x080054b4        0x0 os_driver_hook.o
 .bss           0x080054b4        0x0 os_driver_hook.o
 .debug_info    0x080054b4       0x3a os_driver_hook.o
 .debug_abbrev  0x080054ee       0x1c os_driver_hook.o
 .debug_aranges
                0x0800550a       0x18 os_driver_hook.o
 .debug_macro   0x08005522       0x9a os_driver_hook.o
 .debug_line    0x080055bc      0x1ca os_driver_hook.o
 .debug_str     0x08005786       0x4c os_driver_hook.o
                               0x2a7c (size before relaxing)
 .comment       0x00000000       0x71 os_driver_hook.o
 .ARM.attributes
                0x080057d2       0x33 os_driver_hook.o
 os_exception.o()
 *fill*         0x08005805        0x3 
 .text          0x08005808      0x224 os_exception.o
                0x08005890                OS_Exception_HARDFAULT
                0x080058a8                OS_Exception_NMI
                0x080058c0                OS_Exception_SWI
                0x080058d8                OS_Exception_BUS_FAULT
                0x080058f0                OS_Exception_DEBUG
                0x080058fc                OS_Exception_MEM_MANAG_FAULT
                0x08005914                OS_Exception_USAGE_FAULT
                0x0800592c                OS_Exception_PendSV
                0x08005934                OS_Exception_Systick
                0x080059e4                OS_Exception_IRQ
                0x080059f0                OS_Exception_FIQ
                0x080059fc                TCMP1
                0x08005a08                TCMP2
                0x08005a14                TCMP3
                0x08005a20                TCMP4
 .data          0x08005a2c        0x0 os_exception.o
 .bss           0x08005a2c        0x0 os_exception.o
 .debug_info    0x08005a2c      0x4e2 os_exception.o
 .debug_abbrev  0x08005f0e      0x14b os_exception.o
 .debug_aranges
                0x08006059       0x20 os_exception.o
 .debug_macro   0x08006079      0x12b os_exception.o
 .debug_macro   0x080061a4      0x868 os_exception.o
 .debug_macro   0x08006a0c       0x16 os_exception.o
 .debug_macro   0x08006a22       0x28 os_exception.o
 .debug_line    0x08006a4a      0x2b4 os_exception.o
 .debug_str     0x08006cfe      0x856 os_exception.o
                               0x32a8 (size before relaxing)
 .comment       0x00000000       0x71 os_exception.o
 .debug_frame   0x08007554      0x1fc os_exception.o
 .ARM.attributes
                0x08007750       0x33 os_exception.o
 os_exception_isr_handler.o()
 *fill*         0x08007783        0x1 
 .text          0x08007784        0xc os_exception_isr_handler.o
                0x08007784                OS_ISRHANDLERC0
 .data          0x08007790        0x0 os_exception_isr_handler.o
 .bss           0x08007790        0x0 os_exception_isr_handler.o
 .debug_info    0x08007790       0x53 os_exception_isr_handler.o
 .debug_abbrev  0x080077e3       0x38 os_exception_isr_handler.o
 .debug_aranges
                0x0800781b       0x20 os_exception_isr_handler.o
 .debug_macro   0x0800783b       0xa7 os_exception_isr_handler.o
 .debug_line    0x080078e2      0x20e os_exception_isr_handler.o
 .debug_str     0x08007af0       0x66 os_exception_isr_handler.o
                               0x2b06 (size before relaxing)
 .comment       0x00000000       0x71 os_exception_isr_handler.o
 *fill*         0x08007b56        0x2 
 .debug_frame   0x08007b58       0x2c os_exception_isr_handler.o
 .ARM.attributes
                0x08007b84       0x33 os_exception_isr_handler.o
 os_exception_table.o()
 os_init_task_system.o()
 *fill*         0x08007bb7        0x1 
 .text          0x08007bb8        0xc os_init_task_system.o
                0x08007bb8                OS_INIT_TASK_SYSTEM
 .data          0x08007bc4        0x0 os_init_task_system.o
 .bss           0x08007bc4        0x0 os_init_task_system.o
 .debug_info    0x08007bc4       0x53 os_init_task_system.o
 .debug_abbrev  0x08007c17       0x38 os_init_task_system.o
 .debug_aranges
                0x08007c4f       0x20 os_init_task_system.o
 .debug_macro   0x08007c6f       0xad os_init_task_system.o
 .debug_macro   0x08007d1c       0x22 os_init_task_system.o
 .debug_line    0x08007d3e      0x209 os_init_task_system.o
 .debug_str     0x08007f47       0x65 os_init_task_system.o
                               0x2b05 (size before relaxing)
 .comment       0x00000000       0x71 os_init_task_system.o
 .debug_frame   0x08007fac       0x2c os_init_task_system.o
 .ARM.attributes
                0x08007fd8       0x33 os_init_task_system.o
 os_main.o()
 *fill*         0x0800800b        0x1 
 .text          0x0800800c       0x8c os_main.o
                0x0800800c                OS_STATE_HANDLER
 .data          0x08008098        0x0 os_main.o
 .bss           0x08008098        0x1 os_main.o
 .debug_info    0x08008099       0xd8 os_main.o
 .debug_abbrev  0x08008171       0x86 os_main.o
 .debug_aranges
                0x080081f7       0x20 os_main.o
 .debug_macro   0x08008217       0xd5 os_main.o
 .debug_line    0x080082ec      0x275 os_main.o
 .debug_str     0x08008561      0x127 os_main.o
                               0x2c51 (size before relaxing)
 .comment       0x00000000       0x71 os_main.o
 .debug_frame   0x08008688       0x2c os_main.o
 .ARM.attributes
                0x080086b4       0x33 os_main.o
 os_memory_mmu_setup.o()
 *fill*         0x080086e7        0x1 
 .text          0x080086e8        0xc os_memory_mmu_setup.o
                0x080086e8                OS_MMU_SETUP
 .data          0x080086f4        0x0 os_memory_mmu_setup.o
 .bss           0x080086f4        0x0 os_memory_mmu_setup.o
 .debug_info    0x080086f4       0x53 os_memory_mmu_setup.o
 .debug_abbrev  0x08008747       0x38 os_memory_mmu_setup.o
 .debug_aranges
                0x0800877f       0x20 os_memory_mmu_setup.o
 .debug_macro   0x0800879f       0xd6 os_memory_mmu_setup.o
 .debug_line    0x08008875      0x1df os_memory_mmu_setup.o
 .debug_str     0x08008a54      0x1cc os_memory_mmu_setup.o
                               0x2bfc (size before relaxing)
 .comment       0x00000000       0x71 os_memory_mmu_setup.o
 .debug_frame   0x08008c20       0x34 os_memory_mmu_setup.o
 .ARM.attributes
                0x08008c54       0x33 os_memory_mmu_setup.o
 os_rte_common.o()
 *fill*         0x08008c87        0x1 
 .text          0x08008c88        0x0 os_rte_common.o
 .data          0x08008c88        0x0 os_rte_common.o
 .bss           0x08008c88        0x0 os_rte_common.o
 .debug_info    0x08008c88       0x3a os_rte_common.o
 .debug_abbrev  0x08008cc2       0x1c os_rte_common.o
 .debug_aranges
                0x08008cde       0x18 os_rte_common.o
 .debug_macro   0x08008cf6       0x9a os_rte_common.o
 .debug_line    0x08008d90      0x1c9 os_rte_common.o
 .debug_str     0x08008f59       0x4b os_rte_common.o
                               0x2a7b (size before relaxing)
 .comment       0x00000000       0x71 os_rte_common.o
 .ARM.attributes
                0x08008fa4       0x33 os_rte_common.o
 os_rte_icc.o()
 *fill*         0x08008fd7        0x1 
 .text          0x08008fd8       0x60 os_rte_icc.o
                0x08008fd8                SEND_DATA
                0x08008ff8                SEND_PACKAGE
                0x08009018                SEND_FRAME
 .data          0x08009038        0x0 os_rte_icc.o
 .bss           0x08009038        0x0 os_rte_icc.o
 .debug_info    0x08009038      0x180 os_rte_icc.o
 .debug_abbrev  0x080091b8       0x93 os_rte_icc.o
 .debug_aranges
                0x0800924b       0x20 os_rte_icc.o
 .debug_macro   0x0800926b       0x9e os_rte_icc.o
 .debug_line    0x08009309      0x1f1 os_rte_icc.o
 .debug_str     0x080094fa       0xd3 os_rte_icc.o
                               0x2b10 (size before relaxing)
 .comment       0x00000000       0x71 os_rte_icc.o
 *fill*         0x080095cd        0x3 
 .debug_frame   0x080095d0       0x88 os_rte_icc.o
 .ARM.attributes
                0x08009658       0x33 os_rte_icc.o
 os_shutdown.o()
 *fill*         0x0800968b        0x1 
 .text          0x0800968c       0x2c os_shutdown.o
                0x0800968c                OS_SHUTDOWN
 .data          0x080096b8        0x0 os_shutdown.o
 .bss           0x080096b8        0x0 os_shutdown.o
 .debug_info    0x080096b8       0x8c os_shutdown.o
 .debug_abbrev  0x08009744       0x6c os_shutdown.o
 .debug_aranges
                0x080097b0       0x20 os_shutdown.o
 .debug_macro   0x080097d0       0xa4 os_shutdown.o
 .debug_line    0x08009874      0x1f2 os_shutdown.o
 .debug_str     0x08009a66       0x6f os_shutdown.o
                               0x2af4 (size before relaxing)
 .comment       0x00000000       0x71 os_shutdown.o
 *fill*         0x08009ad5        0x3 
 .debug_frame   0x08009ad8       0x30 os_shutdown.o
 .ARM.attributes
                0x08009b08       0x33 os_shutdown.o
 os_start_ext_prg.o()
 *fill*         0x08009b3b        0x1 
 .text          0x08009b3c       0x4c os_start_ext_prg.o
                0x08009b58                OS_StartExtPrg
 .data          0x08009b88        0x0 os_start_ext_prg.o
 .bss           0x08009b88        0x0 os_start_ext_prg.o
 .debug_info    0x08009b88       0xea os_start_ext_prg.o
 .debug_abbrev  0x08009c72       0x7e os_start_ext_prg.o
 .debug_aranges
                0x08009cf0       0x20 os_start_ext_prg.o
 .debug_macro   0x08009d10       0x9a os_start_ext_prg.o
 .debug_line    0x08009daa      0x1e6 os_start_ext_prg.o
 .debug_str     0x08009f90       0x90 os_start_ext_prg.o
                               0x2ae2 (size before relaxing)
 .comment       0x00000000       0x71 os_start_ext_prg.o
 .debug_frame   0x0800a020       0x60 os_start_ext_prg.o
 .ARM.attributes
                0x0800a080       0x33 os_start_ext_prg.o
 os_start_init_hw.o()
 *fill*         0x0800a0b3        0x1 
 .text          0x0800a0b4        0xc os_start_init_hw.o
                0x0800a0b4                OS_INIT_HW
 .data          0x0800a0c0        0x0 os_start_init_hw.o
 .bss           0x0800a0c0        0x0 os_start_init_hw.o
 .debug_info    0x0800a0c0       0x53 os_start_init_hw.o
 .debug_abbrev  0x0800a113       0x38 os_start_init_hw.o
 .debug_aranges
                0x0800a14b       0x20 os_start_init_hw.o
 .debug_macro   0x0800a16b       0x9a os_start_init_hw.o
 .debug_line    0x0800a205      0x1da os_start_init_hw.o
 .debug_str     0x0800a3df       0x59 os_start_init_hw.o
                               0x2a89 (size before relaxing)
 .comment       0x00000000       0x71 os_start_init_hw.o
 .debug_frame   0x0800a438       0x34 os_start_init_hw.o
 .ARM.attributes
                0x0800a46c       0x33 os_start_init_hw.o
 os_start_init_mc.o()
 *fill*         0x0800a49f        0x1 
 .text          0x0800a4a0        0xc os_start_init_mc.o
                0x0800a4a0                OS_INIT_MC
 .data          0x0800a4ac        0x0 os_start_init_mc.o
 .bss           0x0800a4ac        0x0 os_start_init_mc.o
 .debug_info    0x0800a4ac       0x53 os_start_init_mc.o
 .debug_abbrev  0x0800a4ff       0x38 os_start_init_mc.o
 .debug_aranges
                0x0800a537       0x20 os_start_init_mc.o
 .debug_macro   0x0800a557       0x9a os_start_init_mc.o
 .debug_line    0x0800a5f1      0x1dc os_start_init_mc.o
 .debug_str     0x0800a7cd       0x59 os_start_init_mc.o
                               0x2a89 (size before relaxing)
 .comment       0x00000000       0x71 os_start_init_mc.o
 *fill*         0x0800a826        0x2 
 .debug_frame   0x0800a828       0x34 os_start_init_mc.o
 .ARM.attributes
                0x0800a85c       0x33 os_start_init_mc.o
 os_start_init_sw.o()
 *fill*         0x0800a88f        0x1 
 .text          0x0800a890        0xc os_start_init_sw.o
                0x0800a890                OS_INIT_SW
 .data          0x0800a89c        0x0 os_start_init_sw.o
 .bss           0x0800a89c        0x0 os_start_init_sw.o
 .debug_info    0x0800a89c       0x53 os_start_init_sw.o
 .debug_abbrev  0x0800a8ef       0x38 os_start_init_sw.o
 .debug_aranges
                0x0800a927       0x20 os_start_init_sw.o
 .debug_macro   0x0800a947       0x9a os_start_init_sw.o
 .debug_line    0x0800a9e1      0x1da os_start_init_sw.o
 .debug_str     0x0800abbb       0x59 os_start_init_sw.o
                               0x2a89 (size before relaxing)
 .comment       0x00000000       0x71 os_start_init_sw.o
 .debug_frame   0x0800ac14       0x34 os_start_init_sw.o
 .ARM.attributes
                0x0800ac48       0x33 os_start_init_sw.o
 os_start_os.o()
 *fill*         0x0800ac7b        0x1 
 .text          0x0800ac7c       0x88 os_start_os.o
                0x0800ac7c                OS_START_OS
 .data          0x0800ad04        0x0 os_start_os.o
 .bss           0x0800ad04        0x0 os_start_os.o
 .debug_info    0x0800ad04       0xdc os_start_os.o
 .debug_abbrev  0x0800ade0       0x5d os_start_os.o
 .debug_aranges
                0x0800ae3d       0x20 os_start_os.o
 .debug_macro   0x0800ae5d       0xbc os_start_os.o
 .debug_line    0x0800af19      0x1f1 os_start_os.o
 .debug_str     0x0800b10a      0x249 os_start_os.o
                               0x2d71 (size before relaxing)
 .comment       0x00000000       0x71 os_start_os.o
 *fill*         0x0800b353        0x1 
 .debug_frame   0x0800b354       0x2c os_start_os.o
 .ARM.attributes
                0x0800b380       0x33 os_start_os.o
 os_task_common.o()
 *fill*         0x0800b3b3        0x1 
 .text          0x0800b3b4      0x1d8 os_task_common.o
                0x0800b3b4                OS_TASK_SAVETASK_ENVIRONMENT
                0x0800b3f4                OS_TASK_RESTORETASK_ENVIRONMENT
                0x0800b424                OS_TASK_RESTORE_SYSTEM_STACK
                0x0800b438                OS_TASK_SAVE_SYSTEM_STACK
                0x0800b44c                OS_Task_InitTaskEnvironment
                0x0800b530                OS_Task_DeleteTaskEnvironment
                0x0800b560                OS_Task_CreateTaskEnvironment
 .data          0x0800b58c        0x0 os_task_common.o
 .bss           0x0800b58c        0x0 os_task_common.o
 .debug_info    0x0800b58c      0x50f os_task_common.o
 .debug_abbrev  0x0800ba9b      0x129 os_task_common.o
 .debug_aranges
                0x0800bbc4       0x20 os_task_common.o
 .debug_macro   0x0800bbe4       0xab os_task_common.o
 .debug_line    0x0800bc8f      0x257 os_task_common.o
 .debug_str     0x0800bee6      0x162 os_task_common.o
                               0x303e (size before relaxing)
 .comment       0x00000000       0x71 os_task_common.o
 .debug_frame   0x0800c048      0x128 os_task_common.o
 .ARM.attributes
                0x0800c170       0x33 os_task_common.o
 *fill*         0x0800c1a3        0x1 
 COMMON         0x0800c1a4       0x24 os_task_common.o
                0x0800c1a4                REGISTER_R2
                0x0800c1a8                REGISTER_R0
                0x0800c1ac                TASK_PTR
                0x0800c1c0                REGISTER_R1
                0x0800c1c4                REGISTER_R3
 os_task_queue.o()
 .text          0x0800c1c8      0xa84 os_task_queue.o
                0x0800c1c8                SET_RUNNING_TASK
                0x0800c34c                OS_INIT_TASK_QUEUE
                0x0800c3a4                AddToTaskQueue
                0x0800c77c                DeleteFromTaskQueue
                0x0800c884                GetFromTaskQueue
                0x0800c89c                GetFromLinkList
                0x0800c8c0                DeleteFromLinkList
                0x0800c8e4                AddToLinkList
                0x0800c944                UpdateLinkList
                0x0800c9c4                GetIdleTask
                0x0800c9d8                AddToIdleTaskQueue
                0x0800cb58                GetRunningTask
                0x0800cb6c                OS_INIT_TASK
 .data          0x0800cc4c        0x0 os_task_queue.o
 .bss           0x0800cc4c      0x3d0 os_task_queue.o
 .debug_info    0x0800d01c      0x6b6 os_task_queue.o
 .debug_abbrev  0x0800d6d2      0x1b6 os_task_queue.o
 .debug_aranges
                0x0800d888       0x20 os_task_queue.o
 .debug_macro   0x0800d8a8       0xb0 os_task_queue.o
 .debug_macro   0x0800d958       0x1c os_task_queue.o
 .debug_line    0x0800d974      0x329 os_task_queue.o
 .debug_str     0x0800dc9d      0x1e0 os_task_queue.o
                               0x3166 (size before relaxing)
 .comment       0x00000000       0x71 os_task_queue.o
 *fill*         0x0800de7d        0x3 
 .debug_frame   0x0800de80      0x214 os_task_queue.o
 .ARM.attributes
                0x0800e094       0x33 os_task_queue.o
 os_task_scheduler.o()
 *fill*         0x0800e0c7        0x1 
 .text          0x0800e0c8      0x680 os_task_scheduler.o
                0x0800e0c8                OS_ACTIVATE_DISPATCHER
                0x0800e104                OS_SLEEPTASK
                0x0800e124                task_state_request
                0x0800e208                OS_ActivateTask
                0x0800e36c                OS_TERMINATE_TASK
                0x0800e400                OS_TASK_DISPATCHER
                0x0800e488                OS_INIT_TASKS
                0x0800e73c                ISR_TASK_DISPATCH_C0
 .data          0x0800e748        0x0 os_task_scheduler.o
 .bss           0x0800e748      0x640 os_task_scheduler.o
 .debug_info    0x0800ed88      0x73d os_task_scheduler.o
 .debug_abbrev  0x0800f4c5      0x1f3 os_task_scheduler.o
 .debug_aranges
                0x0800f6b8       0x20 os_task_scheduler.o
 .debug_macro   0x0800f6d8       0xdc os_task_scheduler.o
 .debug_line    0x0800f7b4      0x353 os_task_scheduler.o
 .debug_str     0x0800fb07      0x21c os_task_scheduler.o
                               0x32ae (size before relaxing)
 .comment       0x00000000       0x71 os_task_scheduler.o
 *fill*         0x0800fd23        0x1 
 .debug_frame   0x0800fd24      0x234 os_task_scheduler.o
 .ARM.attributes
                0x0800ff58       0x33 os_task_scheduler.o
 os_stack.o()
 *fill*         0x0800ff8b        0x1 
 .text          0x0800ff8c        0x0 os_stack.o
 .data          0x0800ff8c        0x0 os_stack.o
 .bss           0x0800ff8c        0x0 os_stack.o
 .debug_info    0x0800ff8c       0x3a os_stack.o
 .debug_abbrev  0x0800ffc6       0x1c os_stack.o
 .debug_aranges
                0x0800ffe2       0x18 os_stack.o
 .debug_macro   0x0800fffa       0x9a os_stack.o
 .debug_line    0x08010094      0x1c4 os_stack.o
 .debug_str     0x08010258       0x46 os_stack.o
                               0x2a76 (size before relaxing)
 .comment       0x00000000       0x71 os_stack.o
 .ARM.attributes
                0x0801029e       0x33 os_stack.o
 os_heap.o()
 *fill*         0x080102d1        0x3 
 .text          0x080102d4      0x22c os_heap.o
                0x080102d4                os_calloc
                0x0801031c                os_realloc
                0x08010390                os_malloc
                0x080103f8                os_free
 .data          0x08010500        0x0 os_heap.o
 .bss           0x08010500        0x0 os_heap.o
 .debug_info    0x08010500      0x24e os_heap.o
 .debug_abbrev  0x0801074e      0x10d os_heap.o
 .debug_aranges
                0x0801085b       0x20 os_heap.o
 .debug_macro   0x0801087b       0x9e os_heap.o
 .debug_line    0x08010919      0x252 os_heap.o
 .debug_str     0x08010b6b       0xe9 os_heap.o
                               0x2b47 (size before relaxing)
 .comment       0x00000000       0x71 os_heap.o
 .debug_frame   0x08010c54      0x100 os_heap.o
 .ARM.attributes
                0x08010d54       0x33 os_heap.o
 os_diagnostic_main.o()
 *fill*         0x08010d87        0x1 
 .text          0x08010d88        0xc os_diagnostic_main.o
                0x08010d88                OS_DIAGNOSTIC_MAIN
 .data          0x08010d94        0x0 os_diagnostic_main.o
 .bss           0x08010d94        0x0 os_diagnostic_main.o
 .debug_info    0x08010d94       0x53 os_diagnostic_main.o
 .debug_abbrev  0x08010de7       0x38 os_diagnostic_main.o
 .debug_aranges
                0x08010e1f       0x20 os_diagnostic_main.o
 .debug_macro   0x08010e3f       0x9a os_diagnostic_main.o
 .debug_line    0x08010ed9      0x1dc os_diagnostic_main.o
 .debug_str     0x080110b5       0x63 os_diagnostic_main.o
                               0x2a93 (size before relaxing)
 .comment       0x00000000       0x71 os_diagnostic_main.o
 .debug_frame   0x08011118       0x34 os_diagnostic_main.o
 .ARM.attributes
                0x0801114c       0x33 os_diagnostic_main.o
 led.o()
 *fill*         0x0801117f        0x1 
 .text          0x08011180       0x50 led.o
                0x08011180                USER_LED_INIT
                0x08011194                USER_LED_ON
                0x080111a8                USER_LED_OFF
                0x080111bc                USER_LED_TOGGLE
 .data          0x080111d0        0x0 led.o
 .bss           0x080111d0        0x0 led.o
 .debug_info    0x080111d0       0xfa led.o
 .debug_abbrev  0x080112ca       0x84 led.o
 .debug_aranges
                0x0801134e       0x20 led.o
 .debug_macro   0x0801136e       0x9e led.o
 .debug_line    0x0801140c      0x1cb led.o
 .debug_str     0x080115d7       0x97 led.o
                               0x2ac7 (size before relaxing)
 .comment       0x00000000       0x71 led.o
 *fill*         0x0801166e        0x2 
 .debug_frame   0x08011670       0xb0 led.o
 .ARM.attributes
                0x08011720       0x33 led.o
                0x08011753                _code_end = .
                0x08011753                PROVIDE (code_start, .)
                0x08011753                PROVIDE (code_end, .)
 *fill*         0x08011753        0x1 
 .text          0x08011754      0x370 d:/programm/gnu tools arm embedded/4.9 2015q1/bin/../lib/gcc/arm-none-eabi/4.9.3/armv7e-m\libgcc.a(_arm_addsubdf3.o)
                0x08011754                __aeabi_drsub
                0x0801175c                __aeabi_dsub
                0x0801175c                __subdf3
                0x08011760                __aeabi_dadd
                0x08011760                __adddf3
                0x080119d8                __floatunsidf
                0x080119d8                __aeabi_ui2d
                0x080119f8                __floatsidf
                0x080119f8                __aeabi_i2d
                0x08011a1c                __aeabi_f2d
                0x08011a1c                __extendsfdf2
                0x08011a58                __floatundidf
                0x08011a58                __aeabi_ul2d
                0x08011a68                __floatdidf
                0x08011a68                __aeabi_l2d
 .text          0x08011ac4      0x110 d:/programm/gnu tools arm embedded/4.9 2015q1/bin/../lib/gcc/arm-none-eabi/4.9.3/armv7e-m\libgcc.a(_arm_cmpdf2.o)
                0x08011ac4                __gtdf2
                0x08011ac4                __gedf2
                0x08011acc                __ltdf2
                0x08011acc                __ledf2
                0x08011ad4                __nedf2
                0x08011ad4                __eqdf2
                0x08011ad4                __cmpdf2
                0x08011b50                __aeabi_cdrcmple
                0x08011b60                __aeabi_cdcmpeq
                0x08011b60                __aeabi_cdcmple
                0x08011b70                __aeabi_dcmpeq
                0x08011b84                __aeabi_dcmplt
                0x08011b98                __aeabi_dcmple
                0x08011bac                __aeabi_dcmpge
                0x08011bc0                __aeabi_dcmpgt

.glue_7         0x08011bd4        0x0
 .glue_7        0x00000000        0x0 linker stubs

.glue_7t        0x08011bd4        0x0
 .glue_7t       0x00000000        0x0 linker stubs

.vfp11_veneer   0x08011bd4        0x0
 .vfp11_veneer  0x00000000        0x0 linker stubs

.v4_bx          0x08011bd4        0x0
 .v4_bx         0x00000000        0x0 linker stubs

.data           0x20000000     0x71a0
                0x20000000                _ram_start = .
 os_ram.o()
 .text          0x20000000        0x0 os_ram.o
 .data          0x20000000        0x0 os_ram.o
 .bss           0x20000000        0x0 os_ram.o
 .debug_info    0x20000000      0x181 os_ram.o
 .debug_abbrev  0x20000181       0x5c os_ram.o
 .debug_aranges
                0x200001dd       0x18 os_ram.o
 .debug_macro   0x200001f5       0xa2 os_ram.o
 .debug_line    0x20000297      0x1dd os_ram.o
 .debug_str     0x20000474     0x2b76 os_ram.o
                               0x2bb6 (size before relaxing)
 .comment       0x20002fea       0x70 os_ram.o
                                 0x71 (size before relaxing)
 .ARM.attributes
                0x2000305a       0x33 os_ram.o
 *fill*         0x2000308d        0x3 
 COMMON         0x20003090     0x293c os_ram.o
                0x20003090                VAR_MEM_MANAG_FAULT_STATUS_REG
                0x20003094                OS_STACK
                0x20003194                OS_STATE
                0x20003198                BACKUP_SYSTICK_CURRENT_VAL_REG
                0x2000319c                LINK_REGISTER_HANDLER
                0x200031a0                VAR_AUX_FAULT_STATUS_REG
                0x200031a4                OS_MAIN_STACK
                0x200032a4                VAR_HARDFAULT_STATUS_REG
                0x200032a8                VAR_BUS_FAULT_STATUS_REG
                0x200032ac                HEAP
                0x200059bc                VAR_FAULT_STATUS_REG
                0x200059c0                VAR_MEM_FAULT_ADDR_REG
                0x200059c4                VAR_USAGE_FAULT_STATUS_REG
                0x200059c8                VAR_BUS_FAULT_ADDR_REG
 os_shared_ram.o()
 .text          0x200059cc        0x0 os_shared_ram.o
 .data          0x200059cc        0x0 os_shared_ram.o
 .bss           0x200059cc        0x0 os_shared_ram.o
 .debug_info    0x200059cc      0x16c os_shared_ram.o
 .debug_abbrev  0x20005b38       0x4c os_shared_ram.o
 .debug_aranges
                0x20005b84       0x18 os_shared_ram.o
 .debug_macro   0x20005b9c       0xfa os_shared_ram.o
 .debug_line    0x20005c96      0x1c9 os_shared_ram.o
 .debug_str     0x20005e5f      0x30b os_shared_ram.o
                               0x2d54 (size before relaxing)
 .comment       0x00000000       0x71 os_shared_ram.o
 .ARM.attributes
                0x2000616a       0x33 os_shared_ram.o
 *fill*         0x2000619d        0x3 
 COMMON         0x200061a0     0x1000 os_shared_ram.o
                0x200061a0                RAM_BLOCK_C01_C01
                0x200062a0                RAM_BLOCK_C01_C00
                0x200063a0                RAM_BLOCK_C00_C00
                0x200064a0                RAM_BLOCK_C01_C03
                0x200065a0                RAM_BLOCK_C03_C01
                0x200066a0                RAM_BLOCK_C00_C01
                0x200067a0                RAM_BLOCK_C02_C01
                0x200068a0                RAM_BLOCK_C01_C02
                0x200069a0                RAM_BLOCK_C03_C00
                0x20006aa0                RAM_BLOCK_C02_C00
                0x20006ba0                RAM_BLOCK_C02_C02
                0x20006ca0                RAM_BLOCK_C03_C03
                0x20006da0                RAM_BLOCK_C03_C02
                0x20006ea0                RAM_BLOCK_C00_C03
                0x20006fa0                RAM_BLOCK_C00_C02
                0x200070a0                RAM_BLOCK_C02_C03
                0x200071a0                _ram_end = .
                0x200071a0                PROVIDE (ram_start, .)
                0x200071a0                PROVIDE (ram_end, .)
 .data          0x200071a0        0x0 d:/programm/gnu tools arm embedded/4.9 2015q1/bin/../lib/gcc/arm-none-eabi/4.9.3/armv7e-m\libgcc.a(_arm_addsubdf3.o)
 .data          0x200071a0        0x0 d:/programm/gnu tools arm embedded/4.9 2015q1/bin/../lib/gcc/arm-none-eabi/4.9.3/armv7e-m\libgcc.a(_arm_cmpdf2.o)
START GROUP
LOAD d:/programm/gnu tools arm embedded/4.9 2015q1/bin/../lib/gcc/arm-none-eabi/4.9.3/armv7e-m\libgcc.a
LOAD d:/programm/gnu tools arm embedded/4.9 2015q1/bin/../lib/gcc/arm-none-eabi/4.9.3/../../../../arm-none-eabi/lib/armv7e-m\libg.a
LOAD d:/programm/gnu tools arm embedded/4.9 2015q1/bin/../lib/gcc/arm-none-eabi/4.9.3/../../../../arm-none-eabi/lib/armv7e-m\libc.a
END GROUP
OUTPUT(E:\NeuOrga\Programmieren\c_cpp\github_os\output\VERSION_ARM\operating_system.elf elf32-littlearm)

.bss            0x200071a0        0x0
 .bss           0x200071a0        0x0 d:/programm/gnu tools arm embedded/4.9 2015q1/bin/../lib/gcc/arm-none-eabi/4.9.3/armv7e-m\libgcc.a(_arm_addsubdf3.o)
 .bss           0x200071a0        0x0 d:/programm/gnu tools arm embedded/4.9 2015q1/bin/../lib/gcc/arm-none-eabi/4.9.3/armv7e-m\libgcc.a(_arm_cmpdf2.o)

.ARM.attributes
                0x00000000       0x31
 .ARM.attributes
                0x00000000       0x1e d:/programm/gnu tools arm embedded/4.9 2015q1/bin/../lib/gcc/arm-none-eabi/4.9.3/armv7e-m\libgcc.a(_arm_addsubdf3.o)
 .ARM.attributes
                0x0000001e       0x1e d:/programm/gnu tools arm embedded/4.9 2015q1/bin/../lib/gcc/arm-none-eabi/4.9.3/armv7e-m\libgcc.a(_arm_cmpdf2.o)
