Archive member included because of file (symbol)

d:/programm/gnu tools arm embedded/4.9 2015q1/bin/../lib/gcc/arm-none-eabi/4.9.3/armv7e-m\libgcc.a(_arm_addsubdf3.o)
                              os_task_scheduler.o (__aeabi_ui2d)
d:/programm/gnu tools arm embedded/4.9 2015q1/bin/../lib/gcc/arm-none-eabi/4.9.3/armv7e-m\libgcc.a(_arm_cmpdf2.o)
                              os_task_scheduler.o (__aeabi_dcmpgt)

Allocating common symbols
Common symbol       size              file

RAM_BLOCK_C01_C01   0x100             os_shared_ram.o
OS_STACK            0x100             os_ram.o
RAM_BLOCK_C01_C00   0x100             os_shared_ram.o
RAM_BLOCK_C00_C00   0x100             os_shared_ram.o
RAM_BLOCK_C01_C03   0x100             os_shared_ram.o
RAM_BLOCK_C03_C01   0x100             os_shared_ram.o
RAM_BLOCK_C00_C01   0x100             os_shared_ram.o
TASK_PTR            0x14              os_task_common.o
RAM_BLOCK_C02_C01   0x100             os_shared_ram.o
RAM_BLOCK_C01_C02   0x100             os_shared_ram.o
RAM_BLOCK_C03_C00   0x100             os_shared_ram.o
RAM_BLOCK_C02_C00   0x100             os_shared_ram.o
RAM_BLOCK_C02_C02   0x100             os_shared_ram.o
RAM_BLOCK_C03_C03   0x100             os_shared_ram.o
RAM_BLOCK_C03_C02   0x100             os_shared_ram.o
FILE_HANDLER_POOL   0x14              hal_driver_fs_fat.o
RAM_BLOCK_C00_C03   0x100             os_shared_ram.o
HEAP                0x2710            os_ram.o
RAM_BLOCK_C00_C02   0x100             os_shared_ram.o
RAM_BLOCK_C02_C03   0x100             os_shared_ram.o

Discarded input sections

 .group         0x00000000        0x8 os_exception_table.o
 .group         0x00000000        0x8 os_exception_table.o
 .group         0x00000000        0x8 os_exception_table.o
 .group         0x00000000        0x8 os_exception_table.o
 .group         0x00000000        0x8 os_exception_table.o
 .group         0x00000000        0x8 os_exception_table.o
 .group         0x00000000        0x8 os_exception_table.o
 .group         0x00000000        0x8 os_const.o
 .group         0x00000000        0x8 os_const.o
 .group         0x00000000        0x8 os_const.o
 .group         0x00000000        0x8 os_const.o
 .group         0x00000000        0x8 os_const.o
 .group         0x00000000        0x8 os_const.o
 .debug_macro   0x00000000      0x86e os_const.o
 .debug_macro   0x00000000       0x4c os_const.o
 .debug_macro   0x00000000       0x7c os_const.o
 .debug_macro   0x00000000       0x28 os_const.o
 .debug_macro   0x00000000       0x46 os_const.o
 .debug_macro   0x00000000       0x10 os_const.o
 .group         0x00000000        0x8 os_common.o
 .group         0x00000000        0x8 os_common.o
 .group         0x00000000        0x8 os_common.o
 .group         0x00000000        0x8 os_common.o
 .group         0x00000000        0x8 os_common.o
 .group         0x00000000        0x8 os_common.o
 .debug_macro   0x00000000      0x86e os_common.o
 .debug_macro   0x00000000       0x4c os_common.o
 .debug_macro   0x00000000       0x7c os_common.o
 .debug_macro   0x00000000       0x28 os_common.o
 .debug_macro   0x00000000       0x46 os_common.o
 .debug_macro   0x00000000       0x10 os_common.o
 .group         0x00000000        0x8 os_driver_hook.o
 .group         0x00000000        0x8 os_driver_hook.o
 .group         0x00000000        0x8 os_driver_hook.o
 .group         0x00000000        0x8 os_driver_hook.o
 .group         0x00000000        0x8 os_driver_hook.o
 .group         0x00000000        0x8 os_driver_hook.o
 .debug_macro   0x00000000      0x86e os_driver_hook.o
 .debug_macro   0x00000000       0x4c os_driver_hook.o
 .debug_macro   0x00000000       0x7c os_driver_hook.o
 .debug_macro   0x00000000       0x28 os_driver_hook.o
 .debug_macro   0x00000000       0x46 os_driver_hook.o
 .debug_macro   0x00000000       0x10 os_driver_hook.o
 .group         0x00000000        0x8 os_exception.o
 .group         0x00000000        0x8 os_exception.o
 .group         0x00000000        0x8 os_exception.o
 .group         0x00000000        0x8 os_exception.o
 .group         0x00000000        0x8 os_exception.o
 .group         0x00000000        0x8 os_exception.o
 .group         0x00000000        0x8 os_exception.o
 .debug_macro   0x00000000      0x86e os_exception.o
 .debug_macro   0x00000000       0x4c os_exception.o
 .debug_macro   0x00000000       0x7c os_exception.o
 .debug_macro   0x00000000       0x28 os_exception.o
 .debug_macro   0x00000000       0x46 os_exception.o
 .debug_macro   0x00000000       0x10 os_exception.o
 .debug_macro   0x00000000       0x10 os_exception.o
 .group         0x00000000        0x8 os_exception_isr_handler.o
 .group         0x00000000        0x8 os_exception_isr_handler.o
 .group         0x00000000        0x8 os_exception_isr_handler.o
 .group         0x00000000        0x8 os_exception_isr_handler.o
 .group         0x00000000        0x8 os_exception_isr_handler.o
 .group         0x00000000        0x8 os_exception_isr_handler.o
 .group         0x00000000        0x8 os_exception_isr_handler.o
 .debug_macro   0x00000000      0x86e os_exception_isr_handler.o
 .debug_macro   0x00000000       0x4c os_exception_isr_handler.o
 .debug_macro   0x00000000       0x7c os_exception_isr_handler.o
 .debug_macro   0x00000000       0x28 os_exception_isr_handler.o
 .debug_macro   0x00000000       0x46 os_exception_isr_handler.o
 .debug_macro   0x00000000       0x10 os_exception_isr_handler.o
 .group         0x00000000        0x8 os_init_task_system.o
 .group         0x00000000        0x8 os_init_task_system.o
 .group         0x00000000        0x8 os_init_task_system.o
 .group         0x00000000        0x8 os_init_task_system.o
 .group         0x00000000        0x8 os_init_task_system.o
 .group         0x00000000        0x8 os_init_task_system.o
 .group         0x00000000        0x8 os_init_task_system.o
 .debug_macro   0x00000000      0x86e os_init_task_system.o
 .debug_macro   0x00000000       0x4c os_init_task_system.o
 .debug_macro   0x00000000       0x7c os_init_task_system.o
 .debug_macro   0x00000000       0x28 os_init_task_system.o
 .debug_macro   0x00000000       0x46 os_init_task_system.o
 .debug_macro   0x00000000       0x10 os_init_task_system.o
 .group         0x00000000        0x8 os_main.o
 .group         0x00000000        0x8 os_main.o
 .group         0x00000000        0x8 os_main.o
 .group         0x00000000        0x8 os_main.o
 .group         0x00000000        0x8 os_main.o
 .group         0x00000000        0x8 os_main.o
 .group         0x00000000        0x8 os_main.o
 .debug_macro   0x00000000      0x86e os_main.o
 .debug_macro   0x00000000       0x4c os_main.o
 .debug_macro   0x00000000       0x7c os_main.o
 .debug_macro   0x00000000       0x28 os_main.o
 .debug_macro   0x00000000       0x46 os_main.o
 .debug_macro   0x00000000       0x10 os_main.o
 .debug_macro   0x00000000       0x28 os_main.o
 .group         0x00000000        0x8 os_memory_mmu_setup.o
 .group         0x00000000        0x8 os_memory_mmu_setup.o
 .group         0x00000000        0x8 os_memory_mmu_setup.o
 .group         0x00000000        0x8 os_memory_mmu_setup.o
 .group         0x00000000        0x8 os_memory_mmu_setup.o
 .group         0x00000000        0x8 os_memory_mmu_setup.o
 .debug_macro   0x00000000      0x86e os_memory_mmu_setup.o
 .debug_macro   0x00000000       0x4c os_memory_mmu_setup.o
 .debug_macro   0x00000000       0x7c os_memory_mmu_setup.o
 .debug_macro   0x00000000       0x28 os_memory_mmu_setup.o
 .debug_macro   0x00000000       0x46 os_memory_mmu_setup.o
 .debug_macro   0x00000000       0x10 os_memory_mmu_setup.o
 .group         0x00000000        0x8 os_memory_virtualisation.o
 .group         0x00000000        0x8 os_memory_virtualisation.o
 .group         0x00000000        0x8 os_memory_virtualisation.o
 .debug_macro   0x00000000      0x86e os_memory_virtualisation.o
 .debug_macro   0x00000000       0x4c os_memory_virtualisation.o
 .group         0x00000000        0x8 os_rte_common.o
 .group         0x00000000        0x8 os_rte_common.o
 .group         0x00000000        0x8 os_rte_common.o
 .group         0x00000000        0x8 os_rte_common.o
 .group         0x00000000        0x8 os_rte_common.o
 .group         0x00000000        0x8 os_rte_common.o
 .debug_macro   0x00000000      0x86e os_rte_common.o
 .debug_macro   0x00000000       0x4c os_rte_common.o
 .debug_macro   0x00000000       0x7c os_rte_common.o
 .debug_macro   0x00000000       0x28 os_rte_common.o
 .debug_macro   0x00000000       0x46 os_rte_common.o
 .debug_macro   0x00000000       0x10 os_rte_common.o
 .group         0x00000000        0x8 os_rte_icc.o
 .group         0x00000000        0x8 os_rte_icc.o
 .group         0x00000000        0x8 os_rte_icc.o
 .group         0x00000000        0x8 os_rte_icc.o
 .group         0x00000000        0x8 os_rte_icc.o
 .group         0x00000000        0x8 os_rte_icc.o
 .debug_macro   0x00000000      0x86e os_rte_icc.o
 .debug_macro   0x00000000       0x4c os_rte_icc.o
 .debug_macro   0x00000000       0x7c os_rte_icc.o
 .debug_macro   0x00000000       0x28 os_rte_icc.o
 .debug_macro   0x00000000       0x46 os_rte_icc.o
 .debug_macro   0x00000000       0x10 os_rte_icc.o
 .group         0x00000000        0x8 os_shutdown.o
 .group         0x00000000        0x8 os_shutdown.o
 .group         0x00000000        0x8 os_shutdown.o
 .group         0x00000000        0x8 os_shutdown.o
 .group         0x00000000        0x8 os_shutdown.o
 .group         0x00000000        0x8 os_shutdown.o
 .debug_macro   0x00000000      0x86e os_shutdown.o
 .debug_macro   0x00000000       0x4c os_shutdown.o
 .debug_macro   0x00000000       0x7c os_shutdown.o
 .debug_macro   0x00000000       0x28 os_shutdown.o
 .debug_macro   0x00000000       0x46 os_shutdown.o
 .debug_macro   0x00000000       0x10 os_shutdown.o
 .group         0x00000000        0x8 os_start_ext_prg.o
 .group         0x00000000        0x8 os_start_ext_prg.o
 .group         0x00000000        0x8 os_start_ext_prg.o
 .group         0x00000000        0x8 os_start_ext_prg.o
 .group         0x00000000        0x8 os_start_ext_prg.o
 .group         0x00000000        0x8 os_start_ext_prg.o
 .debug_macro   0x00000000      0x86e os_start_ext_prg.o
 .debug_macro   0x00000000       0x4c os_start_ext_prg.o
 .debug_macro   0x00000000       0x7c os_start_ext_prg.o
 .debug_macro   0x00000000       0x28 os_start_ext_prg.o
 .debug_macro   0x00000000       0x46 os_start_ext_prg.o
 .debug_macro   0x00000000       0x10 os_start_ext_prg.o
 .group         0x00000000        0x8 os_start_init_hw.o
 .group         0x00000000        0x8 os_start_init_hw.o
 .group         0x00000000        0x8 os_start_init_hw.o
 .group         0x00000000        0x8 os_start_init_hw.o
 .group         0x00000000        0x8 os_start_init_hw.o
 .group         0x00000000        0x8 os_start_init_hw.o
 .debug_macro   0x00000000      0x86e os_start_init_hw.o
 .debug_macro   0x00000000       0x4c os_start_init_hw.o
 .debug_macro   0x00000000       0x7c os_start_init_hw.o
 .debug_macro   0x00000000       0x28 os_start_init_hw.o
 .debug_macro   0x00000000       0x46 os_start_init_hw.o
 .debug_macro   0x00000000       0x10 os_start_init_hw.o
 .group         0x00000000        0x8 os_start_init_mc.o
 .group         0x00000000        0x8 os_start_init_mc.o
 .group         0x00000000        0x8 os_start_init_mc.o
 .group         0x00000000        0x8 os_start_init_mc.o
 .group         0x00000000        0x8 os_start_init_mc.o
 .group         0x00000000        0x8 os_start_init_mc.o
 .debug_macro   0x00000000      0x86e os_start_init_mc.o
 .debug_macro   0x00000000       0x4c os_start_init_mc.o
 .debug_macro   0x00000000       0x7c os_start_init_mc.o
 .debug_macro   0x00000000       0x28 os_start_init_mc.o
 .debug_macro   0x00000000       0x46 os_start_init_mc.o
 .debug_macro   0x00000000       0x10 os_start_init_mc.o
 .group         0x00000000        0x8 os_start_init_sw.o
 .group         0x00000000        0x8 os_start_init_sw.o
 .group         0x00000000        0x8 os_start_init_sw.o
 .group         0x00000000        0x8 os_start_init_sw.o
 .group         0x00000000        0x8 os_start_init_sw.o
 .group         0x00000000        0x8 os_start_init_sw.o
 .debug_macro   0x00000000      0x86e os_start_init_sw.o
 .debug_macro   0x00000000       0x4c os_start_init_sw.o
 .debug_macro   0x00000000       0x7c os_start_init_sw.o
 .debug_macro   0x00000000       0x28 os_start_init_sw.o
 .debug_macro   0x00000000       0x46 os_start_init_sw.o
 .debug_macro   0x00000000       0x10 os_start_init_sw.o
 .group         0x00000000        0x8 os_start_os.o
 .group         0x00000000        0x8 os_start_os.o
 .group         0x00000000        0x8 os_start_os.o
 .group         0x00000000        0x8 os_start_os.o
 .group         0x00000000        0x8 os_start_os.o
 .group         0x00000000        0x8 os_start_os.o
 .debug_macro   0x00000000      0x86e os_start_os.o
 .debug_macro   0x00000000       0x4c os_start_os.o
 .debug_macro   0x00000000       0x7c os_start_os.o
 .debug_macro   0x00000000       0x28 os_start_os.o
 .debug_macro   0x00000000       0x46 os_start_os.o
 .debug_macro   0x00000000       0x10 os_start_os.o
 .group         0x00000000        0x8 os_task_common.o
 .group         0x00000000        0x8 os_task_common.o
 .group         0x00000000        0x8 os_task_common.o
 .group         0x00000000        0x8 os_task_common.o
 .group         0x00000000        0x8 os_task_common.o
 .group         0x00000000        0x8 os_task_common.o
 .group         0x00000000        0x8 os_task_common.o
 .group         0x00000000        0x8 os_task_common.o
 .group         0x00000000        0x8 os_task_common.o
 .debug_macro   0x00000000      0x86e os_task_common.o
 .debug_macro   0x00000000       0x4c os_task_common.o
 .debug_macro   0x00000000       0x7c os_task_common.o
 .debug_macro   0x00000000       0x28 os_task_common.o
 .debug_macro   0x00000000       0x46 os_task_common.o
 .debug_macro   0x00000000       0x10 os_task_common.o
 .debug_macro   0x00000000       0x28 os_task_common.o
 .group         0x00000000        0x8 os_task_queue.o
 .group         0x00000000        0x8 os_task_queue.o
 .group         0x00000000        0x8 os_task_queue.o
 .group         0x00000000        0x8 os_task_queue.o
 .group         0x00000000        0x8 os_task_queue.o
 .group         0x00000000        0x8 os_task_queue.o
 .group         0x00000000        0x8 os_task_queue.o
 .group         0x00000000        0x8 os_task_queue.o
 .debug_macro   0x00000000      0x86e os_task_queue.o
 .debug_macro   0x00000000       0x4c os_task_queue.o
 .debug_macro   0x00000000       0x7c os_task_queue.o
 .debug_macro   0x00000000       0x28 os_task_queue.o
 .debug_macro   0x00000000       0x46 os_task_queue.o
 .debug_macro   0x00000000       0x10 os_task_queue.o
 .debug_macro   0x00000000       0x28 os_task_queue.o
 .group         0x00000000        0x8 os_task_scheduler.o
 .group         0x00000000        0x8 os_task_scheduler.o
 .group         0x00000000        0x8 os_task_scheduler.o
 .group         0x00000000        0x8 os_task_scheduler.o
 .group         0x00000000        0x8 os_task_scheduler.o
 .group         0x00000000        0x8 os_task_scheduler.o
 .group         0x00000000        0x8 os_task_scheduler.o
 .group         0x00000000        0x8 os_task_scheduler.o
 .group         0x00000000        0x8 os_task_scheduler.o
 .debug_macro   0x00000000      0x86e os_task_scheduler.o
 .debug_macro   0x00000000       0x4c os_task_scheduler.o
 .debug_macro   0x00000000       0x7c os_task_scheduler.o
 .debug_macro   0x00000000       0x28 os_task_scheduler.o
 .debug_macro   0x00000000       0x46 os_task_scheduler.o
 .debug_macro   0x00000000       0x10 os_task_scheduler.o
 .debug_macro   0x00000000       0x28 os_task_scheduler.o
 .debug_macro   0x00000000       0x1c os_task_scheduler.o
 .group         0x00000000        0x8 os_stack.o
 .group         0x00000000        0x8 os_stack.o
 .group         0x00000000        0x8 os_stack.o
 .group         0x00000000        0x8 os_stack.o
 .group         0x00000000        0x8 os_stack.o
 .group         0x00000000        0x8 os_stack.o
 .debug_macro   0x00000000      0x86e os_stack.o
 .debug_macro   0x00000000       0x4c os_stack.o
 .debug_macro   0x00000000       0x7c os_stack.o
 .debug_macro   0x00000000       0x28 os_stack.o
 .debug_macro   0x00000000       0x46 os_stack.o
 .debug_macro   0x00000000       0x10 os_stack.o
 .group         0x00000000        0x8 os_heap.o
 .group         0x00000000        0x8 os_heap.o
 .group         0x00000000        0x8 os_heap.o
 .group         0x00000000        0x8 os_heap.o
 .group         0x00000000        0x8 os_heap.o
 .group         0x00000000        0x8 os_heap.o
 .group         0x00000000        0x8 os_heap.o
 .debug_macro   0x00000000      0x86e os_heap.o
 .debug_macro   0x00000000       0x4c os_heap.o
 .debug_macro   0x00000000       0x7c os_heap.o
 .debug_macro   0x00000000       0x28 os_heap.o
 .debug_macro   0x00000000       0x46 os_heap.o
 .debug_macro   0x00000000       0x10 os_heap.o
 .group         0x00000000        0x8 os_diagnostic_main.o
 .group         0x00000000        0x8 os_diagnostic_main.o
 .group         0x00000000        0x8 os_diagnostic_main.o
 .group         0x00000000        0x8 os_diagnostic_main.o
 .group         0x00000000        0x8 os_diagnostic_main.o
 .group         0x00000000        0x8 os_diagnostic_main.o
 .debug_macro   0x00000000      0x86e os_diagnostic_main.o
 .debug_macro   0x00000000       0x4c os_diagnostic_main.o
 .debug_macro   0x00000000       0x7c os_diagnostic_main.o
 .debug_macro   0x00000000       0x28 os_diagnostic_main.o
 .debug_macro   0x00000000       0x46 os_diagnostic_main.o
 .debug_macro   0x00000000       0x10 os_diagnostic_main.o
 .group         0x00000000        0x8 hal_driver_adc.o
 .group         0x00000000        0x8 hal_driver_adc.o
 .group         0x00000000        0x8 hal_driver_adc.o
 .group         0x00000000        0x8 hal_driver_adc.o
 .group         0x00000000        0x8 hal_driver_adc.o
 .group         0x00000000        0x8 hal_driver_adc.o
 .debug_macro   0x00000000      0x86e hal_driver_adc.o
 .debug_macro   0x00000000       0x4c hal_driver_adc.o
 .debug_macro   0x00000000       0x7c hal_driver_adc.o
 .debug_macro   0x00000000       0x28 hal_driver_adc.o
 .debug_macro   0x00000000       0x46 hal_driver_adc.o
 .debug_macro   0x00000000       0x10 hal_driver_adc.o
 .group         0x00000000        0x8 hal_driver_can.o
 .group         0x00000000        0x8 hal_driver_can.o
 .group         0x00000000        0x8 hal_driver_can.o
 .group         0x00000000        0x8 hal_driver_can.o
 .group         0x00000000        0x8 hal_driver_can.o
 .group         0x00000000        0x8 hal_driver_can.o
 .debug_macro   0x00000000      0x86e hal_driver_can.o
 .debug_macro   0x00000000       0x4c hal_driver_can.o
 .debug_macro   0x00000000       0x7c hal_driver_can.o
 .debug_macro   0x00000000       0x28 hal_driver_can.o
 .debug_macro   0x00000000       0x46 hal_driver_can.o
 .debug_macro   0x00000000       0x10 hal_driver_can.o
 .group         0x00000000        0x8 hal_driver_fs_fat.o
 .group         0x00000000        0x8 hal_driver_fs_fat.o
 .group         0x00000000        0x8 hal_driver_fs_fat.o
 .group         0x00000000        0x8 hal_driver_fs_fat.o
 .group         0x00000000        0x8 hal_driver_fs_fat.o
 .group         0x00000000        0x8 hal_driver_fs_fat.o
 .debug_macro   0x00000000      0x86e hal_driver_fs_fat.o
 .debug_macro   0x00000000       0x4c hal_driver_fs_fat.o
 .debug_macro   0x00000000       0x7c hal_driver_fs_fat.o
 .debug_macro   0x00000000       0x28 hal_driver_fs_fat.o
 .debug_macro   0x00000000       0x46 hal_driver_fs_fat.o
 .debug_macro   0x00000000       0x10 hal_driver_fs_fat.o
 .group         0x00000000        0x8 hal_driver_gpio.o
 .group         0x00000000        0x8 hal_driver_gpio.o
 .group         0x00000000        0x8 hal_driver_gpio.o
 .group         0x00000000        0x8 hal_driver_gpio.o
 .group         0x00000000        0x8 hal_driver_gpio.o
 .group         0x00000000        0x8 hal_driver_gpio.o
 .debug_macro   0x00000000      0x86e hal_driver_gpio.o
 .debug_macro   0x00000000       0x4c hal_driver_gpio.o
 .debug_macro   0x00000000       0x7c hal_driver_gpio.o
 .debug_macro   0x00000000       0x28 hal_driver_gpio.o
 .debug_macro   0x00000000       0x46 hal_driver_gpio.o
 .debug_macro   0x00000000       0x10 hal_driver_gpio.o
 .group         0x00000000        0x8 hal_driver_sci.o
 .group         0x00000000        0x8 hal_driver_sci.o
 .group         0x00000000        0x8 hal_driver_sci.o
 .group         0x00000000        0x8 hal_driver_sci.o
 .group         0x00000000        0x8 hal_driver_sci.o
 .group         0x00000000        0x8 hal_driver_sci.o
 .debug_macro   0x00000000      0x86e hal_driver_sci.o
 .debug_macro   0x00000000       0x4c hal_driver_sci.o
 .debug_macro   0x00000000       0x7c hal_driver_sci.o
 .debug_macro   0x00000000       0x28 hal_driver_sci.o
 .debug_macro   0x00000000       0x46 hal_driver_sci.o
 .debug_macro   0x00000000       0x10 hal_driver_sci.o
 .group         0x00000000        0x8 hal_driver_xyz.o
 .group         0x00000000        0x8 hal_driver_xyz.o
 .group         0x00000000        0x8 hal_driver_xyz.o
 .group         0x00000000        0x8 hal_driver_xyz.o
 .group         0x00000000        0x8 hal_driver_xyz.o
 .group         0x00000000        0x8 hal_driver_xyz.o
 .debug_macro   0x00000000      0x86e hal_driver_xyz.o
 .debug_macro   0x00000000       0x4c hal_driver_xyz.o
 .debug_macro   0x00000000       0x7c hal_driver_xyz.o
 .debug_macro   0x00000000       0x28 hal_driver_xyz.o
 .debug_macro   0x00000000       0x46 hal_driver_xyz.o
 .debug_macro   0x00000000       0x10 hal_driver_xyz.o
 .group         0x00000000        0x8 lld_can.o
 .group         0x00000000        0x8 lld_can.o
 .group         0x00000000        0x8 lld_can.o
 .group         0x00000000        0x8 lld_can.o
 .group         0x00000000        0x8 lld_can.o
 .group         0x00000000        0x8 lld_can.o
 .debug_macro   0x00000000      0x86e lld_can.o
 .debug_macro   0x00000000       0x4c lld_can.o
 .debug_macro   0x00000000       0x7c lld_can.o
 .debug_macro   0x00000000       0x28 lld_can.o
 .debug_macro   0x00000000       0x46 lld_can.o
 .debug_macro   0x00000000       0x10 lld_can.o
 .group         0x00000000        0x8 lld_global.o
 .group         0x00000000        0x8 lld_global.o
 .group         0x00000000        0x8 lld_global.o
 .group         0x00000000        0x8 lld_global.o
 .group         0x00000000        0x8 lld_global.o
 .group         0x00000000        0x8 lld_global.o
 .debug_macro   0x00000000      0x86e lld_global.o
 .debug_macro   0x00000000       0x4c lld_global.o
 .debug_macro   0x00000000       0x7c lld_global.o
 .debug_macro   0x00000000       0x28 lld_global.o
 .debug_macro   0x00000000       0x46 lld_global.o
 .debug_macro   0x00000000       0x10 lld_global.o
 .group         0x00000000        0x8 lld_interrupt.o
 .group         0x00000000        0x8 lld_interrupt.o
 .group         0x00000000        0x8 lld_interrupt.o
 .group         0x00000000        0x8 lld_interrupt.o
 .group         0x00000000        0x8 lld_interrupt.o
 .group         0x00000000        0x8 lld_interrupt.o
 .debug_macro   0x00000000      0x86e lld_interrupt.o
 .debug_macro   0x00000000       0x4c lld_interrupt.o
 .debug_macro   0x00000000       0x7c lld_interrupt.o
 .debug_macro   0x00000000       0x28 lld_interrupt.o
 .debug_macro   0x00000000       0x46 lld_interrupt.o
 .debug_macro   0x00000000       0x10 lld_interrupt.o
 .group         0x00000000        0x8 lld_mmu.o
 .group         0x00000000        0x8 lld_mmu.o
 .group         0x00000000        0x8 lld_mmu.o
 .group         0x00000000        0x8 lld_mmu.o
 .group         0x00000000        0x8 lld_mmu.o
 .group         0x00000000        0x8 lld_mmu.o
 .debug_macro   0x00000000      0x86e lld_mmu.o
 .debug_macro   0x00000000       0x4c lld_mmu.o
 .debug_macro   0x00000000       0x7c lld_mmu.o
 .debug_macro   0x00000000       0x28 lld_mmu.o
 .debug_macro   0x00000000       0x46 lld_mmu.o
 .debug_macro   0x00000000       0x10 lld_mmu.o
 .group         0x00000000        0x8 lld_ram.o
 .group         0x00000000        0x8 lld_ram.o
 .group         0x00000000        0x8 lld_ram.o
 .group         0x00000000        0x8 lld_ram.o
 .group         0x00000000        0x8 lld_ram.o
 .group         0x00000000        0x8 lld_ram.o
 .debug_macro   0x00000000      0x86e lld_ram.o
 .debug_macro   0x00000000       0x4c lld_ram.o
 .debug_macro   0x00000000       0x7c lld_ram.o
 .debug_macro   0x00000000       0x28 lld_ram.o
 .debug_macro   0x00000000       0x46 lld_ram.o
 .debug_macro   0x00000000       0x10 lld_ram.o
 .group         0x00000000        0x8 lld_timer.o
 .group         0x00000000        0x8 lld_timer.o
 .group         0x00000000        0x8 lld_timer.o
 .group         0x00000000        0x8 lld_timer.o
 .group         0x00000000        0x8 lld_timer.o
 .group         0x00000000        0x8 lld_timer.o
 .debug_macro   0x00000000      0x86e lld_timer.o
 .debug_macro   0x00000000       0x4c lld_timer.o
 .debug_macro   0x00000000       0x7c lld_timer.o
 .debug_macro   0x00000000       0x28 lld_timer.o
 .debug_macro   0x00000000       0x46 lld_timer.o
 .debug_macro   0x00000000       0x10 lld_timer.o
 .group         0x00000000        0x8 lld_watchdog.o
 .group         0x00000000        0x8 lld_watchdog.o
 .group         0x00000000        0x8 lld_watchdog.o
 .group         0x00000000        0x8 lld_watchdog.o
 .group         0x00000000        0x8 lld_watchdog.o
 .group         0x00000000        0x8 lld_watchdog.o
 .debug_macro   0x00000000      0x86e lld_watchdog.o
 .debug_macro   0x00000000       0x4c lld_watchdog.o
 .debug_macro   0x00000000       0x7c lld_watchdog.o
 .debug_macro   0x00000000       0x28 lld_watchdog.o
 .debug_macro   0x00000000       0x46 lld_watchdog.o
 .debug_macro   0x00000000       0x10 lld_watchdog.o
 .group         0x00000000        0x8 lld_power.o
 .group         0x00000000        0x8 lld_power.o
 .group         0x00000000        0x8 lld_power.o
 .group         0x00000000        0x8 lld_power.o
 .group         0x00000000        0x8 lld_power.o
 .group         0x00000000        0x8 lld_power.o
 .debug_macro   0x00000000      0x86e lld_power.o
 .debug_macro   0x00000000       0x4c lld_power.o
 .debug_macro   0x00000000       0x7c lld_power.o
 .debug_macro   0x00000000       0x28 lld_power.o
 .debug_macro   0x00000000       0x46 lld_power.o
 .debug_macro   0x00000000       0x10 lld_power.o
 .group         0x00000000        0x8 led.o
 .group         0x00000000        0x8 led.o
 .group         0x00000000        0x8 led.o
 .group         0x00000000        0x8 led.o
 .group         0x00000000        0x8 led.o
 .group         0x00000000        0x8 led.o
 .debug_macro   0x00000000      0x86e led.o
 .debug_macro   0x00000000       0x4c led.o
 .debug_macro   0x00000000       0x7c led.o
 .debug_macro   0x00000000       0x28 led.o
 .debug_macro   0x00000000       0x46 led.o
 .debug_macro   0x00000000       0x10 led.o
 .group         0x00000000        0x8 os_ram.o
 .group         0x00000000        0x8 os_ram.o
 .group         0x00000000        0x8 os_ram.o
 .group         0x00000000        0x8 os_ram.o
 .group         0x00000000        0x8 os_ram.o
 .group         0x00000000        0x8 os_ram.o
 .group         0x00000000        0x8 os_ram.o
 .group         0x00000000        0x8 os_ram.o
 .debug_macro   0x00000000      0x86e os_ram.o
 .debug_macro   0x00000000       0x4c os_ram.o
 .debug_macro   0x00000000       0x7c os_ram.o
 .debug_macro   0x00000000       0x28 os_ram.o
 .debug_macro   0x00000000       0x46 os_ram.o
 .debug_macro   0x00000000       0x10 os_ram.o
 .debug_macro   0x00000000       0x10 os_ram.o
 .debug_macro   0x00000000       0x28 os_ram.o
 .group         0x00000000        0x8 os_shared_ram.o
 .group         0x00000000        0x8 os_shared_ram.o
 .group         0x00000000        0x8 os_shared_ram.o
 .group         0x00000000        0x8 os_shared_ram.o
 .group         0x00000000        0x8 os_shared_ram.o
 .group         0x00000000        0x8 os_shared_ram.o
 .debug_macro   0x00000000      0x86e os_shared_ram.o
 .debug_macro   0x00000000       0x4c os_shared_ram.o
 .debug_macro   0x00000000       0x7c os_shared_ram.o
 .debug_macro   0x00000000       0x28 os_shared_ram.o
 .debug_macro   0x00000000       0x46 os_shared_ram.o
 .debug_macro   0x00000000       0x10 os_shared_ram.o

Memory Configuration

Name             Origin             Length             Attributes
rom              0x00000000         0x00100000
ram              0x40000000         0x00030000
*default*        0x00000000         0xffffffff

Linker script and memory map


.text           0x00000000    0x14f4c
 os_exception_table.o()
 .text          0x00000000        0x0 os_exception_table.o
 .data          0x00000000       0x20 os_exception_table.o
                0x00000000                isr_vec_table
 .bss           0x00000020        0x0 os_exception_table.o
 .debug_info    0x00000020       0x74 os_exception_table.o
 .debug_abbrev  0x00000094       0x5c os_exception_table.o
 .debug_aranges
                0x000000f0       0x18 os_exception_table.o
 .debug_macro   0x00000108       0xcd os_exception_table.o
 .debug_macro   0x000001d5      0x86e os_exception_table.o
 .debug_macro   0x00000a43       0x4c os_exception_table.o
 .debug_macro   0x00000a8f       0x7c os_exception_table.o
 .debug_macro   0x00000b0b       0x28 os_exception_table.o
 .debug_macro   0x00000b33       0x46 os_exception_table.o
 .debug_macro   0x00000b79       0x10 os_exception_table.o
 .debug_macro   0x00000b89       0x10 os_exception_table.o
 .debug_line    0x00000b99      0x1f4 os_exception_table.o
 .debug_str     0x00000d8d     0x2a7e os_exception_table.o
                               0x2abe (size before relaxing)
 .comment       0x0000380b       0x70 os_exception_table.o
                                 0x71 (size before relaxing)
 .ARM.attributes
                0x0000387b       0x33 os_exception_table.o
 .iplt          0x00000000        0x0 os_exception_table.o
 .rel.iplt      0x00000000        0x0 os_exception_table.o
 .igot.plt      0x00000000        0x0 os_exception_table.o
                0x000038ae                _data_start = .
 os_const.o()
 .text          0x000038ae        0x0 os_const.o
 .data          0x000038ae        0x0 os_const.o
 .bss           0x000038ae        0x0 os_const.o
 .debug_info    0x000038ae       0x3a os_const.o
 .debug_abbrev  0x000038e8       0x1c os_const.o
 .debug_aranges
                0x00003904       0x18 os_const.o
 .debug_macro   0x0000391c       0xc4 os_const.o
 .debug_line    0x000039e0      0x1cc os_const.o
 .debug_str     0x00003bac       0x46 os_const.o
                               0x2a6b (size before relaxing)
 .comment       0x00000000       0x71 os_const.o
 .ARM.attributes
                0x00003bf2       0x33 os_const.o
                0x00003c25                _data_end = .
                0x00003c25                PROVIDE (data_start, .)
                0x00003c25                PROVIDE (data_end, .)
 os_common.o()
 *fill*         0x00003c25        0x3 
 .text          0x00003c28       0x38 os_common.o
                0x00003c28                OS_SET_SW_BUG
                0x00003c50                Get_current_time
 .data          0x00003c60        0x0 os_common.o
 .bss           0x00003c60       0x10 os_common.o
 .debug_info    0x00003c70      0x16a os_common.o
 .debug_abbrev  0x00003dda       0xa9 os_common.o
 .debug_aranges
                0x00003e83       0x20 os_common.o
 .debug_macro   0x00003ea3       0xc8 os_common.o
 .debug_line    0x00003f6b      0x1f3 os_common.o
 .debug_str     0x0000415e      0x2b9 os_common.o
                               0x2ce7 (size before relaxing)
 .comment       0x00000000       0x71 os_common.o
 *fill*         0x00004417        0x1 
 .debug_frame   0x00004418       0x54 os_common.o
 .ARM.attributes
                0x0000446c       0x33 os_common.o
 os_driver_hook.o()
 *fill*         0x0000449f        0x1 
 .text          0x000044a0        0x0 os_driver_hook.o
 .data          0x000044a0        0x0 os_driver_hook.o
 .bss           0x000044a0        0x0 os_driver_hook.o
 .debug_info    0x000044a0       0x3a os_driver_hook.o
 .debug_abbrev  0x000044da       0x1c os_driver_hook.o
 .debug_aranges
                0x000044f6       0x18 os_driver_hook.o
 .debug_macro   0x0000450e       0xc4 os_driver_hook.o
 .debug_line    0x000045d2      0x1d2 os_driver_hook.o
 .debug_str     0x000047a4       0x4c os_driver_hook.o
                               0x2a71 (size before relaxing)
 .comment       0x00000000       0x71 os_driver_hook.o
 .ARM.attributes
                0x000047f0       0x33 os_driver_hook.o
 os_exception.o()
 *fill*         0x00004823        0x1 
 .text          0x00004824       0xb8 os_exception.o
                0x00004824                OS_Exception_RESET
                0x00004834                OS_Exception_UNDEFINST
                0x00004848                OS_Exception_SWI
                0x00004854                OS_Exception_ABORT_PREFETCH
                0x00004868                OS_Exception_ABORT_DATA
                0x0000487c                OS_Exception_IRQ
                0x00004888                OS_Exception_FIQ
                0x00004894                TCMP1
                0x000048a0                TCMP2
                0x000048ac                TCMP3
                0x000048b8                TCMP4
                0x000048c4                ISOK_RECV
                0x000048d0                ISOK_TRANS
 .data          0x000048dc        0x0 os_exception.o
 .bss           0x000048dc        0x0 os_exception.o
 .debug_info    0x000048dc      0x1d0 os_exception.o
 .debug_abbrev  0x00004aac       0x66 os_exception.o
 .debug_aranges
                0x00004b12       0x20 os_exception.o
 .debug_macro   0x00004b32       0xeb os_exception.o
 .debug_line    0x00004c1d      0x261 os_exception.o
 .debug_str     0x00004e7e      0x174 os_exception.o
                               0x2dc4 (size before relaxing)
 .comment       0x00000000       0x71 os_exception.o
 *fill*         0x00004ff2        0x2 
 .debug_frame   0x00004ff4      0x17c os_exception.o
 .ARM.attributes
                0x00005170       0x33 os_exception.o
 os_exception_isr_handler.o()
 *fill*         0x000051a3        0x1 
 .text          0x000051a4       0x30 os_exception_isr_handler.o
                0x000051a4                OS_ISRHANDLERC0
                0x000051b0                OS_ISRHANDLERC1
                0x000051bc                OS_ISRHANDLERC2
                0x000051c8                OS_ISRHANDLERC3
 .data          0x000051d4        0x0 os_exception_isr_handler.o
 .bss           0x000051d4        0x0 os_exception_isr_handler.o
 .debug_info    0x000051d4       0x86 os_exception_isr_handler.o
 .debug_abbrev  0x0000525a       0x38 os_exception_isr_handler.o
 .debug_aranges
                0x00005292       0x20 os_exception_isr_handler.o
 .debug_macro   0x000052b2       0xd1 os_exception_isr_handler.o
 .debug_macro   0x00005383       0x28 os_exception_isr_handler.o
 .debug_line    0x000053ab      0x21f os_exception_isr_handler.o
 .debug_str     0x000055ca      0x106 os_exception_isr_handler.o
                               0x2b2b (size before relaxing)
 .comment       0x00000000       0x71 os_exception_isr_handler.o
 .debug_frame   0x000056d0       0x80 os_exception_isr_handler.o
 .ARM.attributes
                0x00005750       0x33 os_exception_isr_handler.o
 os_exception_table.o()
 os_init_task_system.o()
 *fill*         0x00005783        0x1 
 .text          0x00005784        0xc os_init_task_system.o
                0x00005784                OS_INIT_TASK_SYSTEM
 .data          0x00005790        0x0 os_init_task_system.o
 .bss           0x00005790        0x0 os_init_task_system.o
 .debug_info    0x00005790       0x53 os_init_task_system.o
 .debug_abbrev  0x000057e3       0x38 os_init_task_system.o
 .debug_aranges
                0x0000581b       0x20 os_init_task_system.o
 .debug_macro   0x0000583b       0xd7 os_init_task_system.o
 .debug_macro   0x00005912       0x22 os_init_task_system.o
 .debug_line    0x00005934      0x211 os_init_task_system.o
 .debug_str     0x00005b45       0x65 os_init_task_system.o
                               0x2afa (size before relaxing)
 .comment       0x00000000       0x71 os_init_task_system.o
 *fill*         0x00005baa        0x2 
 .debug_frame   0x00005bac       0x2c os_init_task_system.o
 .ARM.attributes
                0x00005bd8       0x33 os_init_task_system.o
 os_main.o()
 *fill*         0x00005c0b        0x1 
 .text          0x00005c0c       0x6c os_main.o
                0x00005c0c                OS_STATE_HANDLER
 .data          0x00005c78        0x0 os_main.o
 .bss           0x00005c78        0x2 os_main.o
 .debug_info    0x00005c7a       0xdd os_main.o
 .debug_abbrev  0x00005d57       0x6c os_main.o
 .debug_aranges
                0x00005dc3       0x20 os_main.o
 .debug_macro   0x00005de3       0xfd os_main.o
 .debug_line    0x00005ee0      0x275 os_main.o
 .debug_str     0x00006155      0x132 os_main.o
                               0x2c0e (size before relaxing)
 .comment       0x00000000       0x71 os_main.o
 *fill*         0x00006287        0x1 
 .debug_frame   0x00006288       0x2c os_main.o
 .ARM.attributes
                0x000062b4       0x33 os_main.o
 os_memory_mmu_setup.o()
 *fill*         0x000062e7        0x1 
 .text          0x000062e8        0xc os_memory_mmu_setup.o
                0x000062e8                OS_MMU_SETUP
 .data          0x000062f4        0x0 os_memory_mmu_setup.o
 .bss           0x000062f4        0x0 os_memory_mmu_setup.o
 .debug_info    0x000062f4       0x53 os_memory_mmu_setup.o
 .debug_abbrev  0x00006347       0x38 os_memory_mmu_setup.o
 .debug_aranges
                0x0000637f       0x20 os_memory_mmu_setup.o
 .debug_macro   0x0000639f      0x100 os_memory_mmu_setup.o
 .debug_line    0x0000649f      0x1e7 os_memory_mmu_setup.o
 .debug_str     0x00006686      0x1cc os_memory_mmu_setup.o
                               0x2bf1 (size before relaxing)
 .comment       0x00000000       0x71 os_memory_mmu_setup.o
 *fill*         0x00006852        0x2 
 .debug_frame   0x00006854       0x34 os_memory_mmu_setup.o
 .ARM.attributes
                0x00006888       0x33 os_memory_mmu_setup.o
 os_memory_virtualisation.o()
 *fill*         0x000068bb        0x1 
 .text          0x000068bc       0x3c os_memory_virtualisation.o
                0x000068d4                OS_MALLOC
 .data          0x000068f8        0x0 os_memory_virtualisation.o
 .bss           0x000068f8        0x0 os_memory_virtualisation.o
 .debug_info    0x000068f8       0xee os_memory_virtualisation.o
 .debug_abbrev  0x000069e6       0x9e os_memory_virtualisation.o
 .debug_aranges
                0x00006a84       0x20 os_memory_virtualisation.o
 .debug_macro   0x00006aa4       0x91 os_memory_virtualisation.o
 .debug_macro   0x00006b35       0x6a os_memory_virtualisation.o
 .debug_line    0x00006b9f      0x1c6 os_memory_virtualisation.o
 .debug_str     0x00006d65      0x101 os_memory_virtualisation.o
                               0x281d (size before relaxing)
 .comment       0x00000000       0x71 os_memory_virtualisation.o
 *fill*         0x00006e66        0x2 
 .debug_frame   0x00006e68       0x60 os_memory_virtualisation.o
 .ARM.attributes
                0x00006ec8       0x33 os_memory_virtualisation.o
 os_rte_common.o()
 *fill*         0x00006efb        0x1 
 .text          0x00006efc        0x0 os_rte_common.o
 .data          0x00006efc        0x0 os_rte_common.o
 .bss           0x00006efc        0x0 os_rte_common.o
 .debug_info    0x00006efc       0x3a os_rte_common.o
 .debug_abbrev  0x00006f36       0x1c os_rte_common.o
 .debug_aranges
                0x00006f52       0x18 os_rte_common.o
 .debug_macro   0x00006f6a       0xc4 os_rte_common.o
 .debug_line    0x0000702e      0x1d1 os_rte_common.o
 .debug_str     0x000071ff       0x4b os_rte_common.o
                               0x2a70 (size before relaxing)
 .comment       0x00000000       0x71 os_rte_common.o
 .ARM.attributes
                0x0000724a       0x33 os_rte_common.o
 os_rte_icc.o()
 *fill*         0x0000727d        0x3 
 .text          0x00007280       0x60 os_rte_icc.o
                0x00007280                SEND_DATA
                0x000072a0                SEND_PACKAGE
                0x000072c0                SEND_FRAME
 .data          0x000072e0        0x0 os_rte_icc.o
 .bss           0x000072e0        0x0 os_rte_icc.o
 .debug_info    0x000072e0      0x180 os_rte_icc.o
 .debug_abbrev  0x00007460       0x93 os_rte_icc.o
 .debug_aranges
                0x000074f3       0x20 os_rte_icc.o
 .debug_macro   0x00007513       0xc8 os_rte_icc.o
 .debug_line    0x000075db      0x1f9 os_rte_icc.o
 .debug_str     0x000077d4       0xb6 os_rte_icc.o
                               0x2b05 (size before relaxing)
 .comment       0x00000000       0x71 os_rte_icc.o
 *fill*         0x0000788a        0x2 
 .debug_frame   0x0000788c       0x88 os_rte_icc.o
 .ARM.attributes
                0x00007914       0x33 os_rte_icc.o
 os_shutdown.o()
 *fill*         0x00007947        0x1 
 .text          0x00007948       0x30 os_shutdown.o
                0x00007948                OS_SHUTDOWN
 .data          0x00007978        0x0 os_shutdown.o
 .bss           0x00007978        0x0 os_shutdown.o
 .debug_info    0x00007978       0x86 os_shutdown.o
 .debug_abbrev  0x000079fe       0x6c os_shutdown.o
 .debug_aranges
                0x00007a6a       0x20 os_shutdown.o
 .debug_macro   0x00007a8a       0xce os_shutdown.o
 .debug_line    0x00007b58      0x1f5 os_shutdown.o
 .debug_str     0x00007d4d       0x6f os_shutdown.o
                               0x2adb (size before relaxing)
 .comment       0x00000000       0x71 os_shutdown.o
 .debug_frame   0x00007dbc       0x38 os_shutdown.o
 .ARM.attributes
                0x00007df4       0x33 os_shutdown.o
 os_start_ext_prg.o()
 *fill*         0x00007e27        0x1 
 .text          0x00007e28       0x4c os_start_ext_prg.o
                0x00007e44                OS_StartExtPrg
 .data          0x00007e74        0x0 os_start_ext_prg.o
 .bss           0x00007e74        0x0 os_start_ext_prg.o
 .debug_info    0x00007e74       0xea os_start_ext_prg.o
 .debug_abbrev  0x00007f5e       0x7e os_start_ext_prg.o
 .debug_aranges
                0x00007fdc       0x20 os_start_ext_prg.o
 .debug_macro   0x00007ffc       0xc4 os_start_ext_prg.o
 .debug_line    0x000080c0      0x1ee os_start_ext_prg.o
 .debug_str     0x000082ae       0xa0 os_start_ext_prg.o
                               0x2ad7 (size before relaxing)
 .comment       0x00000000       0x71 os_start_ext_prg.o
 *fill*         0x0000834e        0x2 
 .debug_frame   0x00008350       0x60 os_start_ext_prg.o
 .ARM.attributes
                0x000083b0       0x33 os_start_ext_prg.o
 os_start_init_hw.o()
 *fill*         0x000083e3        0x1 
 .text          0x000083e4        0xc os_start_init_hw.o
                0x000083e4                OS_INIT_HW
 .data          0x000083f0        0x0 os_start_init_hw.o
 .bss           0x000083f0        0x0 os_start_init_hw.o
 .debug_info    0x000083f0       0x53 os_start_init_hw.o
 .debug_abbrev  0x00008443       0x38 os_start_init_hw.o
 .debug_aranges
                0x0000847b       0x20 os_start_init_hw.o
 .debug_macro   0x0000849b       0xc4 os_start_init_hw.o
 .debug_line    0x0000855f      0x1e2 os_start_init_hw.o
 .debug_str     0x00008741       0x59 os_start_init_hw.o
                               0x2a7e (size before relaxing)
 .comment       0x00000000       0x71 os_start_init_hw.o
 *fill*         0x0000879a        0x2 
 .debug_frame   0x0000879c       0x34 os_start_init_hw.o
 .ARM.attributes
                0x000087d0       0x33 os_start_init_hw.o
 os_start_init_mc.o()
 *fill*         0x00008803        0x1 
 .text          0x00008804       0x18 os_start_init_mc.o
                0x00008804                OS_INIT_MC
 .data          0x0000881c        0x0 os_start_init_mc.o
 .bss           0x0000881c        0x0 os_start_init_mc.o
 .debug_info    0x0000881c       0x53 os_start_init_mc.o
 .debug_abbrev  0x0000886f       0x38 os_start_init_mc.o
 .debug_aranges
                0x000088a7       0x20 os_start_init_mc.o
 .debug_macro   0x000088c7       0xc4 os_start_init_mc.o
 .debug_line    0x0000898b      0x1ea os_start_init_mc.o
 .debug_str     0x00008b75       0x59 os_start_init_mc.o
                               0x2a7e (size before relaxing)
 .comment       0x00000000       0x71 os_start_init_mc.o
 *fill*         0x00008bce        0x2 
 .debug_frame   0x00008bd0       0x2c os_start_init_mc.o
 .ARM.attributes
                0x00008bfc       0x33 os_start_init_mc.o
 os_start_init_sw.o()
 *fill*         0x00008c2f        0x1 
 .text          0x00008c30        0xc os_start_init_sw.o
                0x00008c30                OS_INIT_SW
 .data          0x00008c3c        0x0 os_start_init_sw.o
 .bss           0x00008c3c        0x0 os_start_init_sw.o
 .debug_info    0x00008c3c       0x53 os_start_init_sw.o
 .debug_abbrev  0x00008c8f       0x38 os_start_init_sw.o
 .debug_aranges
                0x00008cc7       0x20 os_start_init_sw.o
 .debug_macro   0x00008ce7       0xc4 os_start_init_sw.o
 .debug_line    0x00008dab      0x1e2 os_start_init_sw.o
 .debug_str     0x00008f8d       0x59 os_start_init_sw.o
                               0x2a7e (size before relaxing)
 .comment       0x00000000       0x71 os_start_init_sw.o
 *fill*         0x00008fe6        0x2 
 .debug_frame   0x00008fe8       0x34 os_start_init_sw.o
 .ARM.attributes
                0x0000901c       0x33 os_start_init_sw.o
 os_start_os.o()
 *fill*         0x0000904f        0x1 
 .text          0x00009050        0xc os_start_os.o
                0x00009050                OS_START_OS
 .data          0x0000905c        0x0 os_start_os.o
 .bss           0x0000905c        0x0 os_start_os.o
 .debug_info    0x0000905c       0x53 os_start_os.o
 .debug_abbrev  0x000090af       0x38 os_start_os.o
 .debug_aranges
                0x000090e7       0x20 os_start_os.o
 .debug_macro   0x00009107       0xce os_start_os.o
 .debug_line    0x000091d5      0x1eb os_start_os.o
 .debug_str     0x000093c0       0x62 os_start_os.o
                               0x2a87 (size before relaxing)
 .comment       0x00000000       0x71 os_start_os.o
 *fill*         0x00009422        0x2 
 .debug_frame   0x00009424       0x2c os_start_os.o
 .ARM.attributes
                0x00009450       0x33 os_start_os.o
 os_task_common.o()
 *fill*         0x00009483        0x1 
 .text          0x00009484      0x1c8 os_task_common.o
                0x00009484                OS_TASK_SAVETASK_ENVIRONMENT
                0x000094b4                OS_TASK_RESTORETASK_ENVIRONMENT
                0x000094e4                OS_TASK_RESTORE_SYSTEM_STACK
                0x000094f8                OS_TASK_SAVE_SYSTEM_STACK
                0x0000950c                OS_Task_InitTaskEnvironment
                0x000095f0                OS_Task_DeleteTaskEnvironment
                0x00009620                OS_Task_CreateTaskEnvironment
 .data          0x0000964c        0x0 os_task_common.o
 .bss           0x0000964c        0x0 os_task_common.o
 .debug_info    0x0000964c      0x4bf os_task_common.o
 .debug_abbrev  0x00009b0b      0x129 os_task_common.o
 .debug_aranges
                0x00009c34       0x20 os_task_common.o
 .debug_macro   0x00009c54       0xe3 os_task_common.o
 .debug_macro   0x00009d37       0x10 os_task_common.o
 .debug_macro   0x00009d47       0x28 os_task_common.o
 .debug_line    0x00009d6f      0x26f os_task_common.o
 .debug_str     0x00009fde      0x383 os_task_common.o
                               0x30a1 (size before relaxing)
 .comment       0x00000000       0x71 os_task_common.o
 *fill*         0x0000a361        0x3 
 .debug_frame   0x0000a364      0x128 os_task_common.o
 .ARM.attributes
                0x0000a48c       0x33 os_task_common.o
 *fill*         0x0000a4bf        0x1 
 COMMON         0x0000a4c0       0x14 os_task_common.o
                0x0000a4c0                TASK_PTR
 os_task_queue.o()
 .text          0x0000a4d4      0xa54 os_task_queue.o
                0x0000a4d4                SET_RUNNING_TASK
                0x0000a64c                OS_INIT_TASK_QUEUE
                0x0000a6a4                AddToTaskQueue
                0x0000aa64                DeleteFromTaskQueue
                0x0000ab64                GetFromTaskQueue
                0x0000ab7c                GetFromLinkList
                0x0000aba0                DeleteFromLinkList
                0x0000abc4                AddToLinkList
                0x0000ac24                UpdateLinkList
                0x0000aca4                GetIdleTask
                0x0000acb8                AddToIdleTaskQueue
                0x0000ae34                GetRunningTask
                0x0000ae48                OS_INIT_TASK
 .data          0x0000af28        0x0 os_task_queue.o
 .bss           0x0000af28      0x3b4 os_task_queue.o
 .debug_info    0x0000b2dc      0x6a8 os_task_queue.o
 .debug_abbrev  0x0000b984      0x1a7 os_task_queue.o
 .debug_aranges
                0x0000bb2b       0x20 os_task_queue.o
 .debug_macro   0x0000bb4b       0xda os_task_queue.o
 .debug_macro   0x0000bc25       0x1c os_task_queue.o
 .debug_line    0x0000bc41      0x32e os_task_queue.o
 .debug_str     0x0000bf6f      0x274 os_task_queue.o
                               0x3150 (size before relaxing)
 .comment       0x00000000       0x71 os_task_queue.o
 *fill*         0x0000c1e3        0x1 
 .debug_frame   0x0000c1e4      0x214 os_task_queue.o
 .ARM.attributes
                0x0000c3f8       0x33 os_task_queue.o
 os_task_scheduler.o()
 *fill*         0x0000c42b        0x1 
 .text          0x0000c42c      0x6e0 os_task_scheduler.o
                0x0000c42c                OS_ACTIVATE_DISPATCHER
                0x0000c43c                OS_SLEEPTASK
                0x0000c45c                task_state_request
                0x0000c540                OS_ActivateTask
                0x0000c808                OS_INIT_TASKS
                0x0000cabc                ISR_TASK_DISPATCH_C0
                0x0000cad0                ISR_TASK_DISPATCH_C1
                0x0000cae4                ISR_TASK_DISPATCH_C2
                0x0000caf8                ISR_TASK_DISPATCH_C3
 .data          0x0000cb0c        0x0 os_task_scheduler.o
 .bss           0x0000cb0c      0x630 os_task_scheduler.o
 .debug_info    0x0000d13c      0x76a os_task_scheduler.o
 .debug_abbrev  0x0000d8a6      0x1f3 os_task_scheduler.o
 .debug_aranges
                0x0000da99       0x20 os_task_scheduler.o
 .debug_macro   0x0000dab9       0xe7 os_task_scheduler.o
 .debug_macro   0x0000dba0       0x10 os_task_scheduler.o
 .debug_line    0x0000dbb0      0x36c os_task_scheduler.o
 .debug_str     0x0000df1c      0x286 os_task_scheduler.o
                               0x31fc (size before relaxing)
 .comment       0x00000000       0x71 os_task_scheduler.o
 *fill*         0x0000e1a2        0x2 
 .debug_frame   0x0000e1a4      0x280 os_task_scheduler.o
 .ARM.attributes
                0x0000e424       0x33 os_task_scheduler.o
 os_stack.o()
 *fill*         0x0000e457        0x1 
 .text          0x0000e458        0x0 os_stack.o
 .data          0x0000e458        0x0 os_stack.o
 .bss           0x0000e458        0x0 os_stack.o
 .debug_info    0x0000e458       0x3a os_stack.o
 .debug_abbrev  0x0000e492       0x1c os_stack.o
 .debug_aranges
                0x0000e4ae       0x18 os_stack.o
 .debug_macro   0x0000e4c6       0xc4 os_stack.o
 .debug_line    0x0000e58a      0x1cc os_stack.o
 .debug_str     0x0000e756       0x46 os_stack.o
                               0x2a6b (size before relaxing)
 .comment       0x00000000       0x71 os_stack.o
 .ARM.attributes
                0x0000e79c       0x33 os_stack.o
 os_heap.o()
 *fill*         0x0000e7cf        0x1 
 .text          0x0000e7d0      0x22c os_heap.o
                0x0000e7d0                os_calloc
                0x0000e818                os_realloc
                0x0000e88c                os_malloc
                0x0000e8f4                os_free
 .data          0x0000e9fc        0x0 os_heap.o
 .bss           0x0000e9fc        0x0 os_heap.o
 .debug_info    0x0000e9fc      0x243 os_heap.o
 .debug_abbrev  0x0000ec3f      0x10d os_heap.o
 .debug_aranges
                0x0000ed4c       0x20 os_heap.o
 .debug_macro   0x0000ed6c       0xd7 os_heap.o
 .debug_macro   0x0000ee43       0x22 os_heap.o
 .debug_line    0x0000ee65      0x267 os_heap.o
 .debug_str     0x0000f0cc       0xe4 os_heap.o
                               0x2baa (size before relaxing)
 .comment       0x00000000       0x71 os_heap.o
 .debug_frame   0x0000f1b0      0x100 os_heap.o
 .ARM.attributes
                0x0000f2b0       0x33 os_heap.o
 os_diagnostic_main.o()
 *fill*         0x0000f2e3        0x1 
 .text          0x0000f2e4        0xc os_diagnostic_main.o
                0x0000f2e4                OS_DIAGNOSTIC_MAIN
 .data          0x0000f2f0        0x0 os_diagnostic_main.o
 .bss           0x0000f2f0        0x0 os_diagnostic_main.o
 .debug_info    0x0000f2f0       0x53 os_diagnostic_main.o
 .debug_abbrev  0x0000f343       0x38 os_diagnostic_main.o
 .debug_aranges
                0x0000f37b       0x20 os_diagnostic_main.o
 .debug_macro   0x0000f39b       0xc4 os_diagnostic_main.o
 .debug_line    0x0000f45f      0x1e4 os_diagnostic_main.o
 .debug_str     0x0000f643       0x63 os_diagnostic_main.o
                               0x2a88 (size before relaxing)
 .comment       0x00000000       0x71 os_diagnostic_main.o
 *fill*         0x0000f6a6        0x2 
 .debug_frame   0x0000f6a8       0x34 os_diagnostic_main.o
 .ARM.attributes
                0x0000f6dc       0x33 os_diagnostic_main.o
 hal_driver_adc.o()
 *fill*         0x0000f70f        0x1 
 .text          0x0000f710       0x18 hal_driver_adc.o
                0x0000f710                GET_RAW_ADC_VALUE
 .data          0x0000f728        0x0 hal_driver_adc.o
 .bss           0x0000f728        0x0 hal_driver_adc.o
 .debug_info    0x0000f728       0x7c hal_driver_adc.o
 .debug_abbrev  0x0000f7a4       0x56 hal_driver_adc.o
 .debug_aranges
                0x0000f7fa       0x20 hal_driver_adc.o
 .debug_macro   0x0000f81a       0xce hal_driver_adc.o
 .debug_line    0x0000f8e8      0x1e4 hal_driver_adc.o
 .debug_str     0x0000facc       0xa0 hal_driver_adc.o
                               0x2ac5 (size before relaxing)
 .comment       0x00000000       0x71 hal_driver_adc.o
 .debug_frame   0x0000fb6c       0x38 hal_driver_adc.o
 .ARM.attributes
                0x0000fba4       0x33 hal_driver_adc.o
 hal_driver_can.o()
 *fill*         0x0000fbd7        0x1 
 .text          0x0000fbd8        0x0 hal_driver_can.o
 .data          0x0000fbd8        0x0 hal_driver_can.o
 .bss           0x0000fbd8        0x0 hal_driver_can.o
 .debug_info    0x0000fbd8       0x3a hal_driver_can.o
 .debug_abbrev  0x0000fc12       0x1c hal_driver_can.o
 .debug_aranges
                0x0000fc2e       0x18 hal_driver_can.o
 .debug_macro   0x0000fc46       0xc4 hal_driver_can.o
 .debug_line    0x0000fd0a      0x1c1 hal_driver_can.o
 .debug_str     0x0000fecb       0x4f hal_driver_can.o
                               0x2a74 (size before relaxing)
 .comment       0x00000000       0x71 hal_driver_can.o
 .ARM.attributes
                0x0000ff1a       0x33 hal_driver_can.o
 hal_driver_fs_fat.o()
 *fill*         0x0000ff4d        0x3 
 .text          0x0000ff50      0x258 hal_driver_fs_fat.o
                0x0000ff50                fopen
                0x00010084                freopen
                0x000100a8                fflush
                0x000100c0                fclose
                0x00010140                remove
                0x00010158                rename
                0x00010170                fread
                0x0001018c                fwrite
 .data          0x000101a8        0x0 hal_driver_fs_fat.o
 .bss           0x000101a8       0x14 hal_driver_fs_fat.o
 .debug_info    0x000101bc      0x3aa hal_driver_fs_fat.o
 .debug_abbrev  0x00010566      0x143 hal_driver_fs_fat.o
 .debug_aranges
                0x000106a9       0x20 hal_driver_fs_fat.o
 .debug_macro   0x000106c9       0xd4 hal_driver_fs_fat.o
 .debug_line    0x0001079d      0x270 hal_driver_fs_fat.o
 .debug_str     0x00010a0d      0x19b hal_driver_fs_fat.o
                               0x2bff (size before relaxing)
 .comment       0x00000000       0x71 hal_driver_fs_fat.o
 .debug_frame   0x00010ba8      0x150 hal_driver_fs_fat.o
 .ARM.attributes
                0x00010cf8       0x33 hal_driver_fs_fat.o
 *fill*         0x00010d2b        0x1 
 COMMON         0x00010d2c       0x14 hal_driver_fs_fat.o
                0x00010d2c                FILE_HANDLER_POOL
 hal_driver_gpio.o()
 .text          0x00010d40        0xc hal_driver_gpio.o
                0x00010d40                LLF_GPIO_CONFIG
 .data          0x00010d4c        0x0 hal_driver_gpio.o
 .bss           0x00010d4c        0x0 hal_driver_gpio.o
 .debug_info    0x00010d4c       0x53 hal_driver_gpio.o
 .debug_abbrev  0x00010d9f       0x38 hal_driver_gpio.o
 .debug_aranges
                0x00010dd7       0x20 hal_driver_gpio.o
 .debug_macro   0x00010df7       0xc4 hal_driver_gpio.o
 .debug_line    0x00010ebb      0x1d0 hal_driver_gpio.o
 .debug_str     0x0001108b       0x60 hal_driver_gpio.o
                               0x2a85 (size before relaxing)
 .comment       0x00000000       0x71 hal_driver_gpio.o
 *fill*         0x000110eb        0x1 
 .debug_frame   0x000110ec       0x34 hal_driver_gpio.o
 .ARM.attributes
                0x00011120       0x33 hal_driver_gpio.o
 hal_driver_sci.o()
 *fill*         0x00011153        0x1 
 .text          0x00011154        0xc hal_driver_sci.o
                0x00011154                OS_ISRISOK
 .data          0x00011160        0x0 hal_driver_sci.o
 .bss           0x00011160        0x0 hal_driver_sci.o
 .debug_info    0x00011160       0x53 hal_driver_sci.o
 .debug_abbrev  0x000111b3       0x38 hal_driver_sci.o
 .debug_aranges
                0x000111eb       0x20 hal_driver_sci.o
 .debug_macro   0x0001120b       0xc4 hal_driver_sci.o
 .debug_line    0x000112cf      0x1cf hal_driver_sci.o
 .debug_str     0x0001149e       0x5a hal_driver_sci.o
                               0x2a7f (size before relaxing)
 .comment       0x00000000       0x71 hal_driver_sci.o
 .debug_frame   0x000114f8       0x34 hal_driver_sci.o
 .ARM.attributes
                0x0001152c       0x33 hal_driver_sci.o
 hal_driver_xyz.o()
 *fill*         0x0001155f        0x1 
 .text          0x00011560        0x0 hal_driver_xyz.o
 .data          0x00011560        0x0 hal_driver_xyz.o
 .bss           0x00011560        0x0 hal_driver_xyz.o
 .debug_info    0x00011560       0x3a hal_driver_xyz.o
 .debug_abbrev  0x0001159a       0x1c hal_driver_xyz.o
 .debug_aranges
                0x000115b6       0x18 hal_driver_xyz.o
 .debug_macro   0x000115ce       0xc4 hal_driver_xyz.o
 .debug_line    0x00011692      0x1c1 hal_driver_xyz.o
 .debug_str     0x00011853       0x4f hal_driver_xyz.o
                               0x2a74 (size before relaxing)
 .comment       0x00000000       0x71 hal_driver_xyz.o
 .ARM.attributes
                0x000118a2       0x33 hal_driver_xyz.o
 lld_can.o()
 *fill*         0x000118d5        0x1 
 .text          0x000118d6        0x0 lld_can.o
 .data          0x000118d6        0x0 lld_can.o
 .bss           0x000118d6        0x0 lld_can.o
 .debug_info    0x000118d6       0x3a lld_can.o
 .debug_abbrev  0x00011910       0x1c lld_can.o
 .debug_aranges
                0x0001192c       0x18 lld_can.o
 .debug_macro   0x00011944       0xc4 lld_can.o
 .debug_line    0x00011a08      0x1ba lld_can.o
 .debug_str     0x00011bc2       0x48 lld_can.o
                               0x2a6d (size before relaxing)
 .comment       0x00000000       0x71 lld_can.o
 .ARM.attributes
                0x00011c0a       0x33 lld_can.o
 lld_global.o()
 *fill*         0x00011c3d        0x3 
 .text          0x00011c40       0xc8 lld_global.o
                0x00011c40                Get_core_id
                0x00011c58                LLF_SAVE_TASK_STACK
                0x00011c74                LLF_SAVE_REGISTERS
                0x00011c88                LLF_RESTORE_TASK_STACK
                0x00011ca4                LLF_RESTORE_REGISTERS
                0x00011cb8                LLF_RESTORE_SYSTEM_STACK
                0x00011cd4                LLF_SAVE_SYSTEM_STACK
                0x00011cf0                LLF_CLEAR_ALL_GP_REGISTERS
                0x00011cfc                LLF_PERFORM_RAM_CHECK
 .data          0x00011d08        0x0 lld_global.o
 .bss           0x00011d08        0x0 lld_global.o
 .debug_info    0x00011d08      0x451 lld_global.o
 .debug_abbrev  0x00012159      0x11e lld_global.o
 .debug_aranges
                0x00012277       0x20 lld_global.o
 .debug_macro   0x00012297       0xc4 lld_global.o
 .debug_line    0x0001235b      0x1e3 lld_global.o
 .debug_str     0x0001253e      0x10b lld_global.o
                               0x2da4 (size before relaxing)
 .comment       0x00000000       0x71 lld_global.o
 *fill*         0x00012649        0x3 
 .debug_frame   0x0001264c      0x170 lld_global.o
 .ARM.attributes
                0x000127bc       0x33 lld_global.o
 lld_interrupt.o()
 *fill*         0x000127ef        0x1 
 .text          0x000127f0       0x2c lld_interrupt.o
                0x000127f0                LLF_INT_DISABLE
                0x00012800                LLF_INT_ENABLE
                0x00012810                LLF_DISABLE_INTERRUPTS_ALL_CORES
 .data          0x0001281c        0x0 lld_interrupt.o
 .bss           0x0001281c        0x0 lld_interrupt.o
 .debug_info    0x0001281c       0x75 lld_interrupt.o
 .debug_abbrev  0x00012891       0x50 lld_interrupt.o
 .debug_aranges
                0x000128e1       0x20 lld_interrupt.o
 .debug_macro   0x00012901       0xc8 lld_interrupt.o
 .debug_line    0x000129c9      0x1d5 lld_interrupt.o
 .debug_str     0x00012b9e       0x8e lld_interrupt.o
                               0x2ab3 (size before relaxing)
 .comment       0x00000000       0x71 lld_interrupt.o
 .debug_frame   0x00012c2c       0x74 lld_interrupt.o
 .ARM.attributes
                0x00012ca0       0x33 lld_interrupt.o
 lld_mmu.o()
 *fill*         0x00012cd3        0x1 
 .text          0x00012cd4       0x50 lld_mmu.o
                0x00012cd4                LLF_MPU_DISABLE
                0x00012ce0                LLF_MPU_ENABLE
                0x00012cec                LLF_MPU_SWITCH_OFF_ALL_REGIONS
                0x00012cf8                LLF_GET_MPU_PRESENT
 .data          0x00012d24        0x0 lld_mmu.o
 .bss           0x00012d24        0x0 lld_mmu.o
 .debug_info    0x00012d24       0xa4 lld_mmu.o
 .debug_abbrev  0x00012dc8       0x6e lld_mmu.o
 .debug_aranges
                0x00012e36       0x20 lld_mmu.o
 .debug_macro   0x00012e56       0xca lld_mmu.o
 .debug_line    0x00012f20      0x1d2 lld_mmu.o
 .debug_str     0x000130f2       0xc2 lld_mmu.o
                               0x2aff (size before relaxing)
 .comment       0x00000000       0x71 lld_mmu.o
 .debug_frame   0x000131b4       0xa4 lld_mmu.o
 .ARM.attributes
                0x00013258       0x33 lld_mmu.o
 lld_ram.o()
 *fill*         0x0001328b        0x1 
 .text          0x0001328c       0x28 lld_ram.o
                0x0001328c                LLF_CLEAR_ALL_RAM
 .data          0x000132b4        0x0 lld_ram.o
 .bss           0x000132b4        0x0 lld_ram.o
 .debug_info    0x000132b4       0x53 lld_ram.o
 .debug_abbrev  0x00013307       0x38 lld_ram.o
 .debug_aranges
                0x0001333f       0x20 lld_ram.o
 .debug_macro   0x0001335f       0xc4 lld_ram.o
 .debug_line    0x00013423      0x1cb lld_ram.o
 .debug_str     0x000135ee       0x5a lld_ram.o
                               0x2a7f (size before relaxing)
 .comment       0x00000000       0x71 lld_ram.o
 .debug_frame   0x00013648       0x34 lld_ram.o
 .ARM.attributes
                0x0001367c       0x33 lld_ram.o
 lld_timer.o()
 *fill*         0x000136af        0x1 
 .text          0x000136b0       0x30 lld_timer.o
                0x000136b0                LLF_UP_CNT_TIMER_32
                0x000136c0                LLF_ADD_2_TCMP
                0x000136d4                LLF_TCMP1_CONFIG
 .data          0x000136e0        0x0 lld_timer.o
 .bss           0x000136e0        0x0 lld_timer.o
 .debug_info    0x000136e0       0xa2 lld_timer.o
 .debug_abbrev  0x00013782       0x88 lld_timer.o
 .debug_aranges
                0x0001380a       0x20 lld_timer.o
 .debug_macro   0x0001382a       0xc4 lld_timer.o
 .debug_line    0x000138ee      0x1cf lld_timer.o
 .debug_str     0x00013abd       0x87 lld_timer.o
                               0x2ac4 (size before relaxing)
 .comment       0x00000000       0x71 lld_timer.o
 .debug_frame   0x00013b44       0x80 lld_timer.o
 .ARM.attributes
                0x00013bc4       0x33 lld_timer.o
 lld_watchdog.o()
 *fill*         0x00013bf7        0x1 
 .text          0x00013bf8        0xc lld_watchdog.o
                0x00013bf8                LLF_SWITCH_OFF_WATCHDOG
 .data          0x00013c04        0x0 lld_watchdog.o
 .bss           0x00013c04        0x0 lld_watchdog.o
 .debug_info    0x00013c04       0x53 lld_watchdog.o
 .debug_abbrev  0x00013c57       0x38 lld_watchdog.o
 .debug_aranges
                0x00013c8f       0x20 lld_watchdog.o
 .debug_macro   0x00013caf       0xc4 lld_watchdog.o
 .debug_line    0x00013d73      0x1cd lld_watchdog.o
 .debug_str     0x00013f40       0x65 lld_watchdog.o
                               0x2a8a (size before relaxing)
 .comment       0x00000000       0x71 lld_watchdog.o
 *fill*         0x00013fa5        0x3 
 .debug_frame   0x00013fa8       0x34 lld_watchdog.o
 .ARM.attributes
                0x00013fdc       0x33 lld_watchdog.o
 lld_power.o()
 *fill*         0x0001400f        0x1 
 .text          0x00014010       0x18 lld_power.o
                0x00014010                LLF_MCU_SWITCH_OFF_POWER
                0x0001401c                LLF_MCU_RESET_POWER
 .data          0x00014028        0x0 lld_power.o
 .bss           0x00014028        0x0 lld_power.o
 .debug_info    0x00014028       0x64 lld_power.o
 .debug_abbrev  0x0001408c       0x38 lld_power.o
 .debug_aranges
                0x000140c4       0x20 lld_power.o
 .debug_macro   0x000140e4       0xc4 lld_power.o
 .debug_line    0x000141a8      0x1cc lld_power.o
 .debug_str     0x00014374       0x77 lld_power.o
                               0x2a9c (size before relaxing)
 .comment       0x00000000       0x71 lld_power.o
 *fill*         0x000143eb        0x1 
 .debug_frame   0x000143ec       0x58 lld_power.o
 .ARM.attributes
                0x00014444       0x33 lld_power.o
 led.o()
 *fill*         0x00014477        0x1 
 .text          0x00014478       0x50 led.o
                0x00014478                USER_LED_INIT
                0x0001448c                USER_LED_ON
                0x000144a0                USER_LED_OFF
                0x000144b4                USER_LED_TOGGLE
 .data          0x000144c8        0x0 led.o
 .bss           0x000144c8        0x0 led.o
 .debug_info    0x000144c8       0xfa led.o
 .debug_abbrev  0x000145c2       0x84 led.o
 .debug_aranges
                0x00014646       0x20 led.o
 .debug_macro   0x00014666       0xce led.o
 .debug_line    0x00014734      0x213 led.o
 .debug_str     0x00014947       0xa0 led.o
                               0x2ac5 (size before relaxing)
 .comment       0x00000000       0x71 led.o
 *fill*         0x000149e7        0x1 
 .debug_frame   0x000149e8       0xb0 led.o
 .ARM.attributes
                0x00014a98       0x33 led.o
 *fill*         0x00014acb        0x1 
 .text          0x00014acc      0x370 d:/programm/gnu tools arm embedded/4.9 2015q1/bin/../lib/gcc/arm-none-eabi/4.9.3/armv7e-m\libgcc.a(_arm_addsubdf3.o)
                0x00014acc                __aeabi_drsub
                0x00014ad4                __aeabi_dsub
                0x00014ad4                __subdf3
                0x00014ad8                __aeabi_dadd
                0x00014ad8                __adddf3
                0x00014d50                __floatunsidf
                0x00014d50                __aeabi_ui2d
                0x00014d70                __floatsidf
                0x00014d70                __aeabi_i2d
                0x00014d94                __aeabi_f2d
                0x00014d94                __extendsfdf2
                0x00014dd0                __floatundidf
                0x00014dd0                __aeabi_ul2d
                0x00014de0                __floatdidf
                0x00014de0                __aeabi_l2d
 .text          0x00014e3c      0x110 d:/programm/gnu tools arm embedded/4.9 2015q1/bin/../lib/gcc/arm-none-eabi/4.9.3/armv7e-m\libgcc.a(_arm_cmpdf2.o)
                0x00014e3c                __gtdf2
                0x00014e3c                __gedf2
                0x00014e44                __ltdf2
                0x00014e44                __ledf2
                0x00014e4c                __nedf2
                0x00014e4c                __eqdf2
                0x00014e4c                __cmpdf2
                0x00014ec8                __aeabi_cdrcmple
                0x00014ed8                __aeabi_cdcmpeq
                0x00014ed8                __aeabi_cdcmple
                0x00014ee8                __aeabi_dcmpeq
                0x00014efc                __aeabi_dcmplt
                0x00014f10                __aeabi_dcmple
                0x00014f24                __aeabi_dcmpge
                0x00014f38                __aeabi_dcmpgt

.glue_7         0x00014f4c        0x0
 .glue_7        0x00000000        0x0 linker stubs

.glue_7t        0x00014f4c        0x0
 .glue_7t       0x00000000        0x0 linker stubs

.vfp11_veneer   0x00014f4c        0x0
 .vfp11_veneer  0x00000000        0x0 linker stubs

.v4_bx          0x00014f4c        0x0
 .v4_bx         0x00000000        0x0 linker stubs

.data           0x40000000     0x6f64
                0x40000000                _ram_start = .
 os_ram.o()
 .text          0x40000000        0x0 os_ram.o
 .data          0x40000000        0x0 os_ram.o
 .bss           0x40000000        0x0 os_ram.o
 .debug_info    0x40000000       0x95 os_ram.o
 .debug_abbrev  0x40000095       0x55 os_ram.o
 .debug_aranges
                0x400000ea       0x18 os_ram.o
 .debug_macro   0x40000102       0xd6 os_ram.o
 .debug_line    0x400001d8      0x1e5 os_ram.o
 .debug_str     0x400003bd     0x2af0 os_ram.o
                               0x2b30 (size before relaxing)
 .comment       0x40002ead       0x70 os_ram.o
                                 0x71 (size before relaxing)
 .ARM.attributes
                0x40002f1d       0x33 os_ram.o
 COMMON         0x40002f50     0x2810 os_ram.o
                0x40002f50                OS_STACK
                0x40003050                HEAP
 os_shared_ram.o()
 .text          0x40005760        0x0 os_shared_ram.o
 .data          0x40005760        0x0 os_shared_ram.o
 .bss           0x40005760        0x0 os_shared_ram.o
 .debug_info    0x40005760      0x16c os_shared_ram.o
 .debug_abbrev  0x400058cc       0x4c os_shared_ram.o
 .debug_aranges
                0x40005918       0x18 os_shared_ram.o
 .debug_macro   0x40005930      0x124 os_shared_ram.o
 .debug_line    0x40005a54      0x1d1 os_shared_ram.o
 .debug_str     0x40005c25      0x30b os_shared_ram.o
                               0x2d49 (size before relaxing)
 .comment       0x00000000       0x71 os_shared_ram.o
 .ARM.attributes
                0x40005f30       0x33 os_shared_ram.o
 *fill*         0x40005f63        0x1 
 COMMON         0x40005f64     0x1000 os_shared_ram.o
                0x40005f64                RAM_BLOCK_C01_C01
                0x40006064                RAM_BLOCK_C01_C00
                0x40006164                RAM_BLOCK_C00_C00
                0x40006264                RAM_BLOCK_C01_C03
                0x40006364                RAM_BLOCK_C03_C01
                0x40006464                RAM_BLOCK_C00_C01
                0x40006564                RAM_BLOCK_C02_C01
                0x40006664                RAM_BLOCK_C01_C02
                0x40006764                RAM_BLOCK_C03_C00
                0x40006864                RAM_BLOCK_C02_C00
                0x40006964                RAM_BLOCK_C02_C02
                0x40006a64                RAM_BLOCK_C03_C03
                0x40006b64                RAM_BLOCK_C03_C02
                0x40006c64                RAM_BLOCK_C00_C03
                0x40006d64                RAM_BLOCK_C00_C02
                0x40006e64                RAM_BLOCK_C02_C03
                0x40006f64                _ram_end = .
                0x40006f64                PROVIDE (ram_start, .)
                0x40006f64                PROVIDE (ram_end, .)
 .data          0x40006f64        0x0 d:/programm/gnu tools arm embedded/4.9 2015q1/bin/../lib/gcc/arm-none-eabi/4.9.3/armv7e-m\libgcc.a(_arm_addsubdf3.o)
 .data          0x40006f64        0x0 d:/programm/gnu tools arm embedded/4.9 2015q1/bin/../lib/gcc/arm-none-eabi/4.9.3/armv7e-m\libgcc.a(_arm_cmpdf2.o)
START GROUP
LOAD d:/programm/gnu tools arm embedded/4.9 2015q1/bin/../lib/gcc/arm-none-eabi/4.9.3/armv7e-m\libgcc.a
LOAD d:/programm/gnu tools arm embedded/4.9 2015q1/bin/../lib/gcc/arm-none-eabi/4.9.3/../../../../arm-none-eabi/lib/armv7e-m\libg.a
LOAD d:/programm/gnu tools arm embedded/4.9 2015q1/bin/../lib/gcc/arm-none-eabi/4.9.3/../../../../arm-none-eabi/lib/armv7e-m\libc.a
END GROUP
OUTPUT(E:\NeuOrga\Programmieren\c_cpp\github_os\output\VERSION_ARM\operating_system.elf elf32-littlearm)

.bss            0x40006f64        0x0
 .bss           0x40006f64        0x0 d:/programm/gnu tools arm embedded/4.9 2015q1/bin/../lib/gcc/arm-none-eabi/4.9.3/armv7e-m\libgcc.a(_arm_addsubdf3.o)
 .bss           0x40006f64        0x0 d:/programm/gnu tools arm embedded/4.9 2015q1/bin/../lib/gcc/arm-none-eabi/4.9.3/armv7e-m\libgcc.a(_arm_cmpdf2.o)

.ARM.attributes
                0x00000000       0x33
 .ARM.attributes
                0x00000000       0x1e d:/programm/gnu tools arm embedded/4.9 2015q1/bin/../lib/gcc/arm-none-eabi/4.9.3/armv7e-m\libgcc.a(_arm_addsubdf3.o)
 .ARM.attributes
                0x0000001e       0x1e d:/programm/gnu tools arm embedded/4.9 2015q1/bin/../lib/gcc/arm-none-eabi/4.9.3/armv7e-m\libgcc.a(_arm_cmpdf2.o)
