Archive member included to satisfy reference by file (symbol)

c:/program files (x86)/gnu tools arm embedded/8 2019-q3-update/bin/../lib/gcc/arm-none-eabi/8.3.1/../../../../arm-none-eabi/lib/thumb/v7e-m/nofp\libg.a(lib_a-memmove.o)
                              os_common.o (memmove)

Allocating common symbols
Common symbol       size              file

TASK1_STACK_POS     0x4               os_ram.o
VAR_MEM_MANAG_FAULT_STATUS_REG
                    0x4               os_ram.o
REGISTER_R2         0x4               os_ram.o
TASK2_STACK         0x7d0             os_ram.o
TASK0_STACK_USAGE_PERCENT
                    0x4               os_ram.o
TASK0_STACK_ADDR    0x4               os_ram.o
TASK_GROUP_3        0x20              os_ram.o
RAM_CHECK_FAILURE_ADDR
                    0x4               os_ram.o
REGISTER_R0         0x4               os_ram.o
REGISTER_R6         0x4               os_ram.o
REGISTER_R7         0x4               os_ram.o
DBG_CALIB_VALUE     0x4               os_ram.o
TASK3_STACK         0x7d0             os_ram.o
OS_STATE            0x1               os_ram.o
TASK_IDLE_QUEUE     0xd0              os_ram.o
REGISTER_R9         0x4               os_ram.o
TASK3_STACK_ADDR    0x4               os_ram.o
TASK1_CALL_NR       0x4               os_ram.o
bTASK_QUEUE_INITIALIZED
                    0x1               os_ram.o
BACKUP_SYSTICK_CURRENT_VAL_REG
                    0x4               os_ram.o
TASK2_CALL_NR       0x4               os_ram.o
LAST_CURRENT_TIME   0x10              os_ram.o
LINK_REGISTER_HANDLER
                    0x4               os_ram.o
OS_MAIN_STACK_USAGE_PERCENT
                    0x4               os_ram.o
VAR_AUX_FAULT_STATUS_REG
                    0x4               os_ram.o
REGISTER_R8         0x4               os_ram.o
TASK_3_VAR          0xd0              os_ram.o
TASK3_STACK_POS     0x4               os_ram.o
TASK_0_VAR          0xd0              os_ram.o
TASK1_STACK         0x7d0             os_ram.o
TASK1_STACK_ADDR    0x4               os_ram.o
TASK4_CALL_NR       0x4               os_ram.o
TASK_GROUP_2        0x20              os_ram.o
TASK_PTR            0x28              os_task_common.o
REGISTER_R5         0x4               os_ram.o
OS_MAIN_STACK       0x400             os_ram_stack.o
TASK1_STACK_USAGE_PERCENT
                    0x4               os_ram.o
DBG_RLD_VALUE       0x4               os_ram.o
REGISTER_R4         0x4               os_ram.o
TASK2_STACK_POS     0x4               os_ram.o
RUNNING_TASK        0xd0              os_ram.o
TASK_RUN_QUEUE      0x820             os_ram.o
VAR_HARDFAULT_STATUS_REG
                    0x4               os_ram.o
RUNNING_SCHEDULING_QUEUE_ENTRY
                    0x4               os_ram.o
TASK_GROUP_5        0x20              os_ram.o
TASK2_STACK_ADDR    0x4               os_ram.o
TASK0_STACK_POS     0x4               os_ram.o
OS_MAIN_STACK_ADDR  0x4               os_ram.o
REGISTER_R1         0x4               os_ram.o
DBG_CTRL_VALUE      0x4               os_ram.o
OS_MAIN_STACK_POS   0x4               os_ram.o
TASK_2_VAR          0xd0              os_ram.o
VAR_BUS_FAULT_STATUS_REG
                    0x4               os_ram.o
TASK4_STACK_ADDR    0x4               os_ram.o
TASK2_STACK_USAGE_PERCENT
                    0x4               os_ram.o
TASK0_STACK         0x7d0             os_ram.o
TASK4_STACK         0x7d0             os_ram.o
RAM_CHECK_FAILURE_DETECTED
                    0x4               os_ram.o
REGISTER_R10        0x4               os_ram.o
TASK3_STACK_USAGE_PERCENT
                    0x4               os_ram.o
DBG_CURR_VAL        0x4               os_ram.o
TASK_GROUP_1        0x20              os_ram.o
VAR_FAULT_STATUS_REG
                    0x4               os_ram.o
TASK_GROUP_4        0x20              os_ram.o
REGISTER_R11        0x4               os_ram.o
TASK_TRANSITION_REJECTED_STATE
                    0x1               os_ram.o
LOCAL_SYSTEM_TIME   0x10              os_ram.o
TASK_TRANSITION_CURRENT_STATE
                    0x1               os_ram.o
SYSTEM_STATE_ACCEPTED
                    0x1               os_ram.o
REGISTER_R3         0x4               os_ram.o
TASK_SCHEDULING_QUEUE
                    0x28              os_ram.o
TASK3_CALL_NR       0x4               os_ram.o
VAR_MEM_FAULT_ADDR_REG
                    0x4               os_ram.o
VAR_USAGE_FAULT_STATUS_REG
                    0x4               os_ram.o
VAR_BUS_FAULT_ADDR_REG
                    0x4               os_ram.o
TASK4_STACK_USAGE_PERCENT
                    0x4               os_ram.o
TASK_TRANSITION_REJECTED_TASK_ADDR
                    0x4               os_ram.o
OS_SW_BUG           0x16              os_ram.o
TASK4_STACK_POS     0x4               os_ram.o
TASK_1_VAR          0xd0              os_ram.o

Discarded input sections

 .group         0x00000000        0xc os_exception_table.o
 .group         0x00000000        0xc os_exception_table.o
 .group         0x00000000        0xc os_exception_table.o
 .group         0x00000000        0xc os_exception_table.o
 .group         0x00000000        0xc os_exception_table.o
 .group         0x00000000        0xc os_exception_table.o
 .group         0x00000000        0xc os_const.o
 .group         0x00000000        0xc os_const.o
 .group         0x00000000        0xc os_const.o
 .group         0x00000000        0xc os_const.o
 .group         0x00000000        0xc os_const.o
 .debug_macro   0x00000000      0xa78 os_const.o
 .debug_macro   0x00000000       0xa6 os_const.o
 .debug_macro   0x00000000       0x9a os_const.o
 .debug_macro   0x00000000       0x4c os_const.o
 .debug_macro   0x00000000       0x10 os_const.o
 .group         0x00000000        0xc os_common.o
 .group         0x00000000        0xc os_common.o
 .group         0x00000000        0xc os_common.o
 .group         0x00000000        0xc os_common.o
 .group         0x00000000        0xc os_common.o
 .debug_macro   0x00000000      0xa78 os_common.o
 .debug_macro   0x00000000       0xa6 os_common.o
 .debug_macro   0x00000000       0x9a os_common.o
 .debug_macro   0x00000000       0x4c os_common.o
 .debug_macro   0x00000000       0x10 os_common.o
 .group         0x00000000        0xc os_exception.o
 .group         0x00000000        0xc os_exception.o
 .group         0x00000000        0xc os_exception.o
 .group         0x00000000        0xc os_exception.o
 .group         0x00000000        0xc os_exception.o
 .group         0x00000000        0xc os_exception.o
 .group         0x00000000        0xc os_exception.o
 .group         0x00000000        0xc os_exception.o
 .group         0x00000000        0xc os_exception.o
 .debug_macro   0x00000000       0xa6 os_exception.o
 .debug_macro   0x00000000       0x9a os_exception.o
 .debug_macro   0x00000000       0x4c os_exception.o
 .debug_macro   0x00000000       0x10 os_exception.o
 .debug_macro   0x00000000       0x10 os_exception.o
 .group         0x00000000        0xc os_exception_isr_handler.o
 .group         0x00000000        0xc os_exception_isr_handler.o
 .group         0x00000000        0xc os_exception_isr_handler.o
 .group         0x00000000        0xc os_exception_isr_handler.o
 .group         0x00000000        0xc os_exception_isr_handler.o
 .group         0x00000000        0xc os_exception_isr_handler.o
 .group         0x00000000        0xc os_exception_isr_handler.o
 .debug_macro   0x00000000      0xa78 os_exception_isr_handler.o
 .debug_macro   0x00000000       0xa6 os_exception_isr_handler.o
 .debug_macro   0x00000000       0x9a os_exception_isr_handler.o
 .debug_macro   0x00000000       0x4c os_exception_isr_handler.o
 .debug_macro   0x00000000       0x10 os_exception_isr_handler.o
 .debug_macro   0x00000000       0x22 os_exception_isr_handler.o
 .debug_macro   0x00000000       0x10 os_exception_isr_handler.o
 .group         0x00000000        0xc os_init_task_system.o
 .group         0x00000000        0xc os_init_task_system.o
 .group         0x00000000        0xc os_init_task_system.o
 .group         0x00000000        0xc os_init_task_system.o
 .group         0x00000000        0xc os_init_task_system.o
 .group         0x00000000        0xc os_init_task_system.o
 .debug_macro   0x00000000      0xa78 os_init_task_system.o
 .debug_macro   0x00000000       0xa6 os_init_task_system.o
 .debug_macro   0x00000000       0x9a os_init_task_system.o
 .debug_macro   0x00000000       0x4c os_init_task_system.o
 .debug_macro   0x00000000       0x10 os_init_task_system.o
 .debug_macro   0x00000000       0x22 os_init_task_system.o
 .group         0x00000000        0xc os_main.o
 .group         0x00000000        0xc os_main.o
 .group         0x00000000        0xc os_main.o
 .group         0x00000000        0xc os_main.o
 .group         0x00000000        0xc os_main.o
 .group         0x00000000        0xc os_main.o
 .group         0x00000000        0xc os_main.o
 .debug_macro   0x00000000      0xa78 os_main.o
 .debug_macro   0x00000000       0xa6 os_main.o
 .debug_macro   0x00000000       0x9a os_main.o
 .debug_macro   0x00000000       0x4c os_main.o
 .debug_macro   0x00000000       0x10 os_main.o
 .debug_macro   0x00000000       0x22 os_main.o
 .debug_macro   0x00000000       0x1c os_main.o
 .group         0x00000000        0xc os_memory_mmu.o
 .group         0x00000000        0xc os_memory_mmu.o
 .group         0x00000000        0xc os_memory_mmu.o
 .group         0x00000000        0xc os_memory_mmu.o
 .group         0x00000000        0xc os_memory_mmu.o
 .group         0x00000000        0xc os_memory_mmu.o
 .debug_macro   0x00000000      0xa78 os_memory_mmu.o
 .debug_macro   0x00000000       0xa6 os_memory_mmu.o
 .debug_macro   0x00000000       0x9a os_memory_mmu.o
 .debug_macro   0x00000000       0x4c os_memory_mmu.o
 .debug_macro   0x00000000       0x10 os_memory_mmu.o
 .group         0x00000000        0xc os_shutdown.o
 .group         0x00000000        0xc os_shutdown.o
 .group         0x00000000        0xc os_shutdown.o
 .group         0x00000000        0xc os_shutdown.o
 .group         0x00000000        0xc os_shutdown.o
 .debug_macro   0x00000000      0xa78 os_shutdown.o
 .debug_macro   0x00000000       0xa6 os_shutdown.o
 .debug_macro   0x00000000       0x9a os_shutdown.o
 .debug_macro   0x00000000       0x4c os_shutdown.o
 .debug_macro   0x00000000       0x10 os_shutdown.o
 .group         0x00000000        0xc os_start_ext_prg.o
 .group         0x00000000        0xc os_start_ext_prg.o
 .group         0x00000000        0xc os_start_ext_prg.o
 .group         0x00000000        0xc os_start_ext_prg.o
 .group         0x00000000        0xc os_start_ext_prg.o
 .debug_macro   0x00000000      0xa78 os_start_ext_prg.o
 .debug_macro   0x00000000       0xa6 os_start_ext_prg.o
 .debug_macro   0x00000000       0x9a os_start_ext_prg.o
 .debug_macro   0x00000000       0x4c os_start_ext_prg.o
 .debug_macro   0x00000000       0x10 os_start_ext_prg.o
 .group         0x00000000        0xc os_start_init_hw.o
 .group         0x00000000        0xc os_start_init_hw.o
 .group         0x00000000        0xc os_start_init_hw.o
 .group         0x00000000        0xc os_start_init_hw.o
 .group         0x00000000        0xc os_start_init_hw.o
 .debug_macro   0x00000000      0xa78 os_start_init_hw.o
 .debug_macro   0x00000000       0xa6 os_start_init_hw.o
 .debug_macro   0x00000000       0x9a os_start_init_hw.o
 .debug_macro   0x00000000       0x4c os_start_init_hw.o
 .debug_macro   0x00000000       0x10 os_start_init_hw.o
 .group         0x00000000        0xc os_start_init_mc.o
 .group         0x00000000        0xc os_start_init_mc.o
 .group         0x00000000        0xc os_start_init_mc.o
 .group         0x00000000        0xc os_start_init_mc.o
 .group         0x00000000        0xc os_start_init_mc.o
 .group         0x00000000        0xc os_start_init_mc.o
 .debug_macro   0x00000000      0xa78 os_start_init_mc.o
 .debug_macro   0x00000000       0xa6 os_start_init_mc.o
 .debug_macro   0x00000000       0x9a os_start_init_mc.o
 .debug_macro   0x00000000       0x4c os_start_init_mc.o
 .debug_macro   0x00000000       0x10 os_start_init_mc.o
 .debug_macro   0x00000000       0x5e os_start_init_mc.o
 .group         0x00000000        0xc os_start_init_sw.o
 .group         0x00000000        0xc os_start_init_sw.o
 .group         0x00000000        0xc os_start_init_sw.o
 .group         0x00000000        0xc os_start_init_sw.o
 .group         0x00000000        0xc os_start_init_sw.o
 .debug_macro   0x00000000      0xa78 os_start_init_sw.o
 .debug_macro   0x00000000       0xa6 os_start_init_sw.o
 .debug_macro   0x00000000       0x9a os_start_init_sw.o
 .debug_macro   0x00000000       0x4c os_start_init_sw.o
 .debug_macro   0x00000000       0x10 os_start_init_sw.o
 .group         0x00000000        0xc os_start_os.o
 .group         0x00000000        0xc os_start_os.o
 .group         0x00000000        0xc os_start_os.o
 .group         0x00000000        0xc os_start_os.o
 .group         0x00000000        0xc os_start_os.o
 .group         0x00000000        0xc os_start_os.o
 .debug_macro   0x00000000      0xa78 os_start_os.o
 .debug_macro   0x00000000       0xa6 os_start_os.o
 .debug_macro   0x00000000       0x9a os_start_os.o
 .debug_macro   0x00000000       0x4c os_start_os.o
 .debug_macro   0x00000000       0x10 os_start_os.o
 .debug_macro   0x00000000       0x82 os_start_os.o
 .group         0x00000000        0xc os_task_common.o
 .group         0x00000000        0xc os_task_common.o
 .group         0x00000000        0xc os_task_common.o
 .group         0x00000000        0xc os_task_common.o
 .group         0x00000000        0xc os_task_common.o
 .group         0x00000000        0xc os_task_common.o
 .debug_macro   0x00000000      0xa78 os_task_common.o
 .debug_macro   0x00000000       0xa6 os_task_common.o
 .debug_macro   0x00000000       0x9a os_task_common.o
 .debug_macro   0x00000000       0x4c os_task_common.o
 .debug_macro   0x00000000       0x10 os_task_common.o
 .debug_macro   0x00000000       0x22 os_task_common.o
 .group         0x00000000        0xc os_task_queue.o
 .group         0x00000000        0xc os_task_queue.o
 .group         0x00000000        0xc os_task_queue.o
 .group         0x00000000        0xc os_task_queue.o
 .group         0x00000000        0xc os_task_queue.o
 .group         0x00000000        0xc os_task_queue.o
 .group         0x00000000        0xc os_task_queue.o
 .debug_macro   0x00000000      0xa78 os_task_queue.o
 .debug_macro   0x00000000       0xa6 os_task_queue.o
 .debug_macro   0x00000000       0x9a os_task_queue.o
 .debug_macro   0x00000000       0x4c os_task_queue.o
 .debug_macro   0x00000000       0x10 os_task_queue.o
 .debug_macro   0x00000000       0x1c os_task_queue.o
 .debug_macro   0x00000000       0x22 os_task_queue.o
 .group         0x00000000        0xc os_task_scheduler.o
 .group         0x00000000        0xc os_task_scheduler.o
 .group         0x00000000        0xc os_task_scheduler.o
 .group         0x00000000        0xc os_task_scheduler.o
 .group         0x00000000        0xc os_task_scheduler.o
 .group         0x00000000        0xc os_task_scheduler.o
 .group         0x00000000        0xc os_task_scheduler.o
 .group         0x00000000        0xc os_task_scheduler.o
 .debug_macro   0x00000000      0xa78 os_task_scheduler.o
 .debug_macro   0x00000000       0xa6 os_task_scheduler.o
 .debug_macro   0x00000000       0x9a os_task_scheduler.o
 .debug_macro   0x00000000       0x4c os_task_scheduler.o
 .debug_macro   0x00000000       0x10 os_task_scheduler.o
 .debug_macro   0x00000000       0x22 os_task_scheduler.o
 .debug_macro   0x00000000       0x1c os_task_scheduler.o
 .debug_macro   0x00000000       0x82 os_task_scheduler.o
 .group         0x00000000        0xc os_stack.o
 .group         0x00000000        0xc os_stack.o
 .group         0x00000000        0xc os_stack.o
 .group         0x00000000        0xc os_stack.o
 .group         0x00000000        0xc os_stack.o
 .debug_macro   0x00000000      0xa78 os_stack.o
 .debug_macro   0x00000000       0xa6 os_stack.o
 .debug_macro   0x00000000       0x9a os_stack.o
 .debug_macro   0x00000000       0x4c os_stack.o
 .debug_macro   0x00000000       0x10 os_stack.o
 .group         0x00000000        0xc os_heap.o
 .group         0x00000000        0xc os_heap.o
 .group         0x00000000        0xc os_heap.o
 .group         0x00000000        0xc os_heap.o
 .group         0x00000000        0xc os_heap.o
 .debug_macro   0x00000000      0xa78 os_heap.o
 .debug_macro   0x00000000       0xa6 os_heap.o
 .debug_macro   0x00000000       0x9a os_heap.o
 .debug_macro   0x00000000       0x4c os_heap.o
 .debug_macro   0x00000000       0x10 os_heap.o
 .group         0x00000000        0xc led.o
 .group         0x00000000        0xc led.o
 .group         0x00000000        0xc led.o
 .group         0x00000000        0xc led.o
 .group         0x00000000        0xc led.o
 .debug_macro   0x00000000      0xa78 led.o
 .debug_macro   0x00000000       0xa6 led.o
 .debug_macro   0x00000000       0x9a led.o
 .debug_macro   0x00000000       0x4c led.o
 .debug_macro   0x00000000       0x10 led.o
 .group         0x00000000        0xc os_ram_stack.o
 .group         0x00000000        0xc os_ram_stack.o
 .group         0x00000000        0xc os_ram_stack.o
 .group         0x00000000        0xc os_ram_stack.o
 .group         0x00000000        0xc os_ram_stack.o
 .debug_macro   0x00000000      0xa78 os_ram_stack.o
 .debug_macro   0x00000000       0xa6 os_ram_stack.o
 .debug_macro   0x00000000       0x9a os_ram_stack.o
 .debug_macro   0x00000000       0x4c os_ram_stack.o
 .debug_macro   0x00000000       0x10 os_ram_stack.o
 .group         0x00000000        0xc os_ram.o
 .group         0x00000000        0xc os_ram.o
 .group         0x00000000        0xc os_ram.o
 .group         0x00000000        0xc os_ram.o
 .group         0x00000000        0xc os_ram.o
 .debug_macro   0x00000000      0xa78 os_ram.o
 .debug_macro   0x00000000       0xa6 os_ram.o
 .debug_macro   0x00000000       0x9a os_ram.o
 .debug_macro   0x00000000       0x4c os_ram.o
 .debug_macro   0x00000000       0x10 os_ram.o
 .group         0x00000000        0xc os_ram_shared.o
 .group         0x00000000        0xc os_ram_shared.o
 .group         0x00000000        0xc os_ram_shared.o
 .group         0x00000000        0xc os_ram_shared.o
 .group         0x00000000        0xc os_ram_shared.o
 .debug_macro   0x00000000      0xa78 os_ram_shared.o
 .debug_macro   0x00000000       0xa6 os_ram_shared.o
 .debug_macro   0x00000000       0x9a os_ram_shared.o
 .debug_macro   0x00000000       0x4c os_ram_shared.o
 .debug_macro   0x00000000       0x10 os_ram_shared.o

Memory Configuration

Name             Origin             Length             Attributes
rom              0x08000000         0x00100000
stc              0x20000000         0x0000000a
ram              0x20000010         0x00030000
*default*        0x00000000         0xffffffff

Linker script and memory map


.text           0x08000000    0x2b276
                0x08000000                _ivec_start = .
 os_exception_table.o()
 .text          0x08000000        0x0 os_exception_table.o
 .data          0x08000000      0x400 os_exception_table.o
                0x08000000                isr_vec_table
 .bss           0x08000400        0x0 os_exception_table.o
 .debug_info    0x08000400      0x887 os_exception_table.o
 .debug_abbrev  0x08000c87      0x10f os_exception_table.o
 .debug_aranges
                0x08000d96       0x18 os_exception_table.o
 .debug_macro   0x08000dae       0xbe os_exception_table.o
 .debug_macro   0x08000e6c      0xa78 os_exception_table.o
 .debug_macro   0x080018e4       0xa6 os_exception_table.o
 .debug_macro   0x0800198a       0x9a os_exception_table.o
 .debug_macro   0x08001a24       0x4c os_exception_table.o
 .debug_macro   0x08001a70       0x10 os_exception_table.o
 .debug_macro   0x08001a80       0x10 os_exception_table.o
 .debug_line    0x08001a90      0x22c os_exception_table.o
 .debug_str     0x08001cbc     0x3ed1 os_exception_table.o
                               0x3f6f (size before relaxing)
 .comment       0x08005b8d       0x76 os_exception_table.o
                                 0x77 (size before relaxing)
 .ARM.attributes
                0x08005c03       0x33 os_exception_table.o
 .iplt          0x08005c36        0x0 os_exception_table.o
 .rel.iplt      0x08005c36        0x0 os_exception_table.o
 .igot.plt      0x08005c36        0x0 os_exception_table.o
                0x08005c36                _ivec_end = .
                [!provide]                PROVIDE (ivec_start = .)
                [!provide]                PROVIDE (ivec_end = .)
                0x08005c36                _const_start = .
 os_const.o()
 .text          0x08005c36        0x0 os_const.o
 .data          0x08005c36        0x0 os_const.o
 .bss           0x08005c36        0x0 os_const.o
 .debug_info    0x08005c36      0x852 os_const.o
 .debug_abbrev  0x08006488       0xf5 os_const.o
 .debug_aranges
                0x0800657d       0x18 os_const.o
 .debug_macro   0x08006595       0xb5 os_const.o
 .debug_line    0x0800664a      0x204 os_const.o
 .debug_str     0x0800684e       0x3c os_const.o
                               0x3f22 (size before relaxing)
 .comment       0x0800688a       0x77 os_const.o
 .ARM.attributes
                0x0800688a       0x33 os_const.o
                0x080068bd                _const_end = .
                [!provide]                PROVIDE (const_start = .)
                [!provide]                PROVIDE (const_end = .)
                0x080068bd                _code_start = .
 lld_global.o()
 *fill*         0x080068bd        0x3 
 .text          0x080068c0      0x16c C:\Users\president\Desktop\sbx\output\os_drivers\obj_arm\lld_global.o
                0x080068c0                OS_GET_CORE_ID
                0x080068c6                LLF_SAVE_TASK_STACK
                0x080068cc                LLF_SAVE_REGISTERS
                0x08006906                LLF_RESTORE_TASK_STACK
                0x0800690c                LLF_RESTORE_REGISTERS
                0x0800692e                LLF_RESTORE_SYSTEM_STACK
                0x08006934                LLF_SAVE_SYSTEM_STACK
                0x0800693a                LLF_CLEAR_ALL_GP_REGISTERS
                0x0800696c                LLF_PERFORM_RAM_CHECK
                0x080069b8                LLF_CHANGE_TO_UNPRIVILIGED_THREAD_MODE
                0x080069ca                LLF_EXCEPTION_TO_HANDLER_MODE
                0x080069d2                LLF_EXCEPTION_TO_THREAD_MODE_PRIV
                0x080069da                LLF_EXCEPTION_TO_THREAD_MODE_UNPRIV
                0x080069e0                OS_EXCEPTION_SVC
 .data          0x08006a2c        0x0 C:\Users\president\Desktop\sbx\output\os_drivers\obj_arm\lld_global.o
 .bss           0x08006a2c        0x0 C:\Users\president\Desktop\sbx\output\os_drivers\obj_arm\lld_global.o
 .debug_line    0x08006a2c       0xf9 C:\Users\president\Desktop\sbx\output\os_drivers\obj_arm\lld_global.o
 .debug_info    0x08006b25       0x26 C:\Users\president\Desktop\sbx\output\os_drivers\obj_arm\lld_global.o
 .debug_abbrev  0x08006b4b       0x14 C:\Users\president\Desktop\sbx\output\os_drivers\obj_arm\lld_global.o
 *fill*         0x08006b5f        0x1 
 .debug_aranges
                0x08006b60       0x20 C:\Users\president\Desktop\sbx\output\os_drivers\obj_arm\lld_global.o
 .debug_str     0x08006b80       0x4f C:\Users\president\Desktop\sbx\output\os_drivers\obj_arm\lld_global.o
                                 0x92 (size before relaxing)
 .ARM.attributes
                0x08006bcf       0x21 C:\Users\president\Desktop\sbx\output\os_drivers\obj_arm\lld_global.o
 lld_interrupt.o()
 .text          0x08006bf0       0x16 C:\Users\president\Desktop\sbx\output\os_drivers\obj_arm\lld_interrupt.o
                0x08006bf0                LLF_INT_DISABLE
                0x08006bf6                LLF_INT_ENABLE
                0x08006bfc                LLF_DISABLE_INTERRUPTS_ALL_CORES
                0x08006c02                LLF_WAIT_FOR_INTERRUPT
 .data          0x08006c06        0x0 C:\Users\president\Desktop\sbx\output\os_drivers\obj_arm\lld_interrupt.o
 .bss           0x08006c06        0x0 C:\Users\president\Desktop\sbx\output\os_drivers\obj_arm\lld_interrupt.o
 .debug_line    0x08006c06       0x7c C:\Users\president\Desktop\sbx\output\os_drivers\obj_arm\lld_interrupt.o
 .debug_info    0x08006c82       0x26 C:\Users\president\Desktop\sbx\output\os_drivers\obj_arm\lld_interrupt.o
 .debug_abbrev  0x08006ca8       0x14 C:\Users\president\Desktop\sbx\output\os_drivers\obj_arm\lld_interrupt.o
 *fill*         0x08006cbc        0x4 
 .debug_aranges
                0x08006cc0       0x20 C:\Users\president\Desktop\sbx\output\os_drivers\obj_arm\lld_interrupt.o
 .debug_str     0x08006ce0       0x44 C:\Users\president\Desktop\sbx\output\os_drivers\obj_arm\lld_interrupt.o
                                 0x95 (size before relaxing)
 .ARM.attributes
                0x08006d24       0x21 C:\Users\president\Desktop\sbx\output\os_drivers\obj_arm\lld_interrupt.o
 lld_mmu.o()
 *fill*         0x08006d45        0x1 
 .text          0x08006d46       0xb4 C:\Users\president\Desktop\sbx\output\os_drivers\obj_arm\lld_mmu.o
                0x08006d46                LLF_MPU_DISABLE
                0x08006d84                LLF_MPU_ENABLE
                0x08006dc2                LLF_GET_MPU_PRESENT
 .data          0x08006dfa        0x0 C:\Users\president\Desktop\sbx\output\os_drivers\obj_arm\lld_mmu.o
 .bss           0x08006dfa        0x0 C:\Users\president\Desktop\sbx\output\os_drivers\obj_arm\lld_mmu.o
 .debug_line    0x08006dfa       0xa3 C:\Users\president\Desktop\sbx\output\os_drivers\obj_arm\lld_mmu.o
 .debug_info    0x08006e9d       0x26 C:\Users\president\Desktop\sbx\output\os_drivers\obj_arm\lld_mmu.o
 .debug_abbrev  0x08006ec3       0x14 C:\Users\president\Desktop\sbx\output\os_drivers\obj_arm\lld_mmu.o
 *fill*         0x08006ed7        0x1 
 .debug_aranges
                0x08006ed8       0x20 C:\Users\president\Desktop\sbx\output\os_drivers\obj_arm\lld_mmu.o
 .debug_str     0x08006ef8       0x3e C:\Users\president\Desktop\sbx\output\os_drivers\obj_arm\lld_mmu.o
                                 0x8f (size before relaxing)
 .ARM.attributes
                0x08006f36       0x21 C:\Users\president\Desktop\sbx\output\os_drivers\obj_arm\lld_mmu.o
 lld_ram.o()
 *fill*         0x08006f57        0x1 
 .text          0x08006f58       0xa0 C:\Users\president\Desktop\sbx\output\os_drivers\obj_arm\lld_ram.o
                0x08006f58                INIT_OS_MAIN_STACK
                0x08006f72                LLF_CLEAR_ALL_RAM
 .data          0x08006ff8        0x0 C:\Users\president\Desktop\sbx\output\os_drivers\obj_arm\lld_ram.o
 .bss           0x08006ff8        0x0 C:\Users\president\Desktop\sbx\output\os_drivers\obj_arm\lld_ram.o
 .debug_line    0x08006ff8       0xa3 C:\Users\president\Desktop\sbx\output\os_drivers\obj_arm\lld_ram.o
 .debug_info    0x0800709b       0x26 C:\Users\president\Desktop\sbx\output\os_drivers\obj_arm\lld_ram.o
 .debug_abbrev  0x080070c1       0x14 C:\Users\president\Desktop\sbx\output\os_drivers\obj_arm\lld_ram.o
 *fill*         0x080070d5        0x3 
 .debug_aranges
                0x080070d8       0x20 C:\Users\president\Desktop\sbx\output\os_drivers\obj_arm\lld_ram.o
 .debug_str     0x080070f8       0x3e C:\Users\president\Desktop\sbx\output\os_drivers\obj_arm\lld_ram.o
                                 0x8f (size before relaxing)
 .ARM.attributes
                0x08007136       0x21 C:\Users\president\Desktop\sbx\output\os_drivers\obj_arm\lld_ram.o
 lld_timer.o()
 .text          0x08007157        0x0 C:\Users\president\Desktop\sbx\output\os_drivers\obj_arm\lld_timer.o
 .data          0x08007157        0x0 C:\Users\president\Desktop\sbx\output\os_drivers\obj_arm\lld_timer.o
 .bss           0x08007157        0x0 C:\Users\president\Desktop\sbx\output\os_drivers\obj_arm\lld_timer.o
 .ARM.attributes
                0x08007157       0x21 C:\Users\president\Desktop\sbx\output\os_drivers\obj_arm\lld_timer.o
 lld_power.o()
 .text          0x08007178       0x1c C:\Users\president\Desktop\sbx\output\os_drivers\obj_arm\lld_power.o
                0x08007178                LLF_MCU_SWITCH_OFF_POWER
                0x0800717e                LLF_MCU_RESET_POWER
 .data          0x08007194        0x0 C:\Users\president\Desktop\sbx\output\os_drivers\obj_arm\lld_power.o
 .bss           0x08007194        0x0 C:\Users\president\Desktop\sbx\output\os_drivers\obj_arm\lld_power.o
 .debug_line    0x08007194       0x7b C:\Users\president\Desktop\sbx\output\os_drivers\obj_arm\lld_power.o
 .debug_info    0x0800720f       0x26 C:\Users\president\Desktop\sbx\output\os_drivers\obj_arm\lld_power.o
 .debug_abbrev  0x08007235       0x14 C:\Users\president\Desktop\sbx\output\os_drivers\obj_arm\lld_power.o
 *fill*         0x08007249        0x7 
 .debug_aranges
                0x08007250       0x20 C:\Users\president\Desktop\sbx\output\os_drivers\obj_arm\lld_power.o
 .debug_str     0x08007270       0x40 C:\Users\president\Desktop\sbx\output\os_drivers\obj_arm\lld_power.o
                                 0x91 (size before relaxing)
 .ARM.attributes
                0x080072b0       0x21 C:\Users\president\Desktop\sbx\output\os_drivers\obj_arm\lld_power.o
 os_exception_reset.o()
 *fill*         0x080072d1        0x1 
 .text          0x080072d2       0xa2 C:\Users\president\Desktop\sbx\output\os_drivers\obj_arm\os_exception_reset.o
                0x080072d2                OS_EXCEPTION_RESET
 .data          0x08007374        0x0 C:\Users\president\Desktop\sbx\output\os_drivers\obj_arm\os_exception_reset.o
 .bss           0x08007374        0x0 C:\Users\president\Desktop\sbx\output\os_drivers\obj_arm\os_exception_reset.o
 .debug_line    0x08007374       0xa9 C:\Users\president\Desktop\sbx\output\os_drivers\obj_arm\os_exception_reset.o
 .debug_info    0x0800741d       0x26 C:\Users\president\Desktop\sbx\output\os_drivers\obj_arm\os_exception_reset.o
 .debug_abbrev  0x08007443       0x14 C:\Users\president\Desktop\sbx\output\os_drivers\obj_arm\os_exception_reset.o
 *fill*         0x08007457        0x1 
 .debug_aranges
                0x08007458       0x20 C:\Users\president\Desktop\sbx\output\os_drivers\obj_arm\os_exception_reset.o
 .debug_str     0x08007478       0x46 C:\Users\president\Desktop\sbx\output\os_drivers\obj_arm\os_exception_reset.o
                                 0x97 (size before relaxing)
 .ARM.attributes
                0x080074be       0x21 C:\Users\president\Desktop\sbx\output\os_drivers\obj_arm\os_exception_reset.o
 os_common.o()
 *fill*         0x080074df        0x1 
 .text          0x080074e0     0x2624 os_common.o
                0x080074e0                OS_SET_SW_BUG
                0x080074ec                OS_GET_CURRENT_TIME
                0x0800756c                OS_UpdateCurrentTime
                0x080075e0                OS_READ_AND_RESET_CURRENT_TIME
                0x0800763c                INT_DIV
                0x08008e60                INT_MUL
                0x080091d8                INT_ADD
                0x08009260                INT_SUB
                0x080093cc                IS_LESS
                0x08009478                IS_LESS_OR_EQUAL
                0x080095e8                IS_EQUAL
                0x08009674                IS_GREATER
                0x08009724                IS_GREATER_OR_EQUAL
                0x08009894                ASSIGN
                0x0800989c                ASSIGN_NULL
                0x080098a8                ASSIGN_UINT32
                0x080098c4                SHIFT_LEFT
                0x08009ad8                get_uint32_of_4_uint8
                0x08009af0                set_4_uint8_to_uint32
 .data          0x08009b04        0x0 os_common.o
 .bss           0x08009b04        0x0 os_common.o
 .debug_info    0x08009b04     0x1ce2 os_common.o
 .debug_abbrev  0x0800b7e6      0x436 os_common.o
 .debug_loc     0x0800bc1c     0x5077 os_common.o
 .debug_aranges
                0x08010c93       0x20 os_common.o
 .debug_ranges  0x08010cb3      0x490 os_common.o
 .debug_macro   0x08011143       0xb5 os_common.o
 .debug_line    0x080111f8     0x2588 os_common.o
 .debug_str     0x08013780      0x51c os_common.o
                               0x4438 (size before relaxing)
 .comment       0x08013c9c       0x77 os_common.o
 .debug_frame   0x08013c9c      0x2a4 os_common.o
 .ARM.attributes
                0x08013f40       0x2e os_common.o
 os_exception.o()
 *fill*         0x08013f6e        0x2 
 .text          0x08013f70      0x4a8 os_exception.o
                0x08013f70                OS_EXCEPTION_NMI
                0x08013ff8                OS_EXCEPTION_HARDFAULT
                0x08014080                OS_EXCEPTION_MEM_MANAG_FAULT
                0x08014108                OS_EXCEPTION_BUS_FAULT
                0x08014190                OS_EXCEPTION_USAGE_FAULT
                0x08014218                OS_EXCEPTION_DEBUG
                0x08014294                OS_EXCEPTION_PEND_SV
                0x080142a8                OS_EXCEPTION_SYSTICK
                0x08014390                OS_EXCEPTION_IRQ
 .data          0x08014418        0x0 os_exception.o
 .bss           0x08014418        0x0 os_exception.o
 .debug_info    0x08014418      0xb65 os_exception.o
 .debug_abbrev  0x08014f7d      0x1f0 os_exception.o
 .debug_loc     0x0801516d       0x52 os_exception.o
 .debug_aranges
                0x080151bf       0x20 os_exception.o
 .debug_ranges  0x080151df       0x18 os_exception.o
 .debug_macro   0x080151f7       0xed os_exception.o
 .debug_macro   0x080152e4      0xa72 os_exception.o
 .debug_macro   0x08015d56       0x82 os_exception.o
 .debug_macro   0x08015dd8       0x1c os_exception.o
 .debug_macro   0x08015df4       0x22 os_exception.o
 .debug_line    0x08015e16      0x4ee os_exception.o
 .debug_str     0x08016304      0x8d6 os_exception.o
                               0x4794 (size before relaxing)
 .comment       0x08016bda       0x77 os_exception.o
 *fill*         0x08016bda        0x2 
 .debug_frame   0x08016bdc      0x190 os_exception.o
 .ARM.attributes
                0x08016d6c       0x2e os_exception.o
 os_exception_isr_handler.o()
 *fill*         0x08016d9a        0x2 
 .text          0x08016d9c       0x1c os_exception_isr_handler.o
                0x08016d9c                OS_ISRHANDLERC0
 .data          0x08016db8        0x0 os_exception_isr_handler.o
 .bss           0x08016db8        0x0 os_exception_isr_handler.o
 .debug_info    0x08016db8      0x985 os_exception_isr_handler.o
 .debug_abbrev  0x0801773d      0x163 os_exception_isr_handler.o
 .debug_loc     0x080178a0       0x25 os_exception_isr_handler.o
 .debug_aranges
                0x080178c5       0x20 os_exception_isr_handler.o
 .debug_macro   0x080178e5       0xd1 os_exception_isr_handler.o
 .debug_line    0x080179b6      0x288 os_exception_isr_handler.o
 .debug_str     0x08017c3e       0x67 os_exception_isr_handler.o
                               0x421e (size before relaxing)
 .comment       0x08017ca5       0x77 os_exception_isr_handler.o
 *fill*         0x08017ca5        0x3 
 .debug_frame   0x08017ca8       0x30 os_exception_isr_handler.o
 .ARM.attributes
                0x08017cd8       0x2e os_exception_isr_handler.o
 os_exception_table.o()
 os_init_task_system.o()
 *fill*         0x08017d06        0x2 
 .text          0x08017d08        0x4 os_init_task_system.o
                0x08017d08                OS_INIT_TASK_SYSTEM
 .data          0x08017d0c        0x0 os_init_task_system.o
 .bss           0x08017d0c        0x0 os_init_task_system.o
 .debug_info    0x08017d0c      0x886 os_init_task_system.o
 .debug_abbrev  0x08018592      0x136 os_init_task_system.o
 .debug_aranges
                0x080186c8       0x20 os_init_task_system.o
 .debug_macro   0x080186e8       0xbe os_init_task_system.o
 .debug_line    0x080187a6      0x238 os_init_task_system.o
 .debug_str     0x080189de       0x69 os_init_task_system.o
                               0x3f9e (size before relaxing)
 .comment       0x08018a47       0x77 os_init_task_system.o
 *fill*         0x08018a47        0x1 
 .debug_frame   0x08018a48       0x20 os_init_task_system.o
 .ARM.attributes
                0x08018a68       0x2e os_init_task_system.o
 os_main.o()
 *fill*         0x08018a96        0x2 
 .text          0x08018a98      0x11c os_main.o
                0x08018a98                OS_STATE_HANDLER
 .data          0x08018bb4        0x1 os_main.o
 *fill*         0x08018bb5        0x3 
 .bss           0x08018bb8        0x8 os_main.o
 .debug_info    0x08018bc0      0xb1b os_main.o
 .debug_abbrev  0x080196db      0x198 os_main.o
 .debug_aranges
                0x08019873       0x20 os_main.o
 .debug_ranges  0x08019893       0x18 os_main.o
 .debug_macro   0x080198ab       0xef os_main.o
 .debug_line    0x0801999a      0x36d os_main.o
 .debug_str     0x08019d07      0x171 os_main.o
                               0x43b6 (size before relaxing)
 .comment       0x08019e78       0x77 os_main.o
 .debug_frame   0x08019e78       0x2c os_main.o
 .ARM.attributes
                0x08019ea4       0x2e os_main.o
 os_memory_mmu.o()
 *fill*         0x08019ed2        0x2 
 .text          0x08019ed4       0x6c os_memory_mmu.o
                0x08019ed4                OS_MMU_SETUP
 .data          0x08019f40        0x0 os_memory_mmu.o
 .bss           0x08019f40        0x0 os_memory_mmu.o
 .debug_info    0x08019f40      0x886 os_memory_mmu.o
 .debug_abbrev  0x0801a7c6      0x136 os_memory_mmu.o
 .debug_aranges
                0x0801a8fc       0x20 os_memory_mmu.o
 .debug_macro   0x0801a91c       0xbe os_memory_mmu.o
 .debug_macro   0x0801a9da       0x5e os_memory_mmu.o
 .debug_line    0x0801aa38      0x2c3 os_memory_mmu.o
 .debug_str     0x0801acfb      0x2ba os_memory_mmu.o
                               0x41a0 (size before relaxing)
 .comment       0x0801afb5       0x77 os_memory_mmu.o
 *fill*         0x0801afb5        0x3 
 .debug_frame   0x0801afb8       0x3c os_memory_mmu.o
 .ARM.attributes
                0x0801aff4       0x2e os_memory_mmu.o
 os_shutdown.o()
 *fill*         0x0801b022        0x2 
 .text          0x0801b024       0x44 os_shutdown.o
                0x0801b024                OS_SHUTDOWN
 .data          0x0801b068        0x0 os_shutdown.o
 .bss           0x0801b068        0x0 os_shutdown.o
 .debug_info    0x0801b068      0xa59 os_shutdown.o
 .debug_abbrev  0x0801bac1      0x19b os_shutdown.o
 .debug_loc     0x0801bc5c       0x47 os_shutdown.o
 .debug_aranges
                0x0801bca3       0x20 os_shutdown.o
 .debug_macro   0x0801bcc3       0xc9 os_shutdown.o
 .debug_line    0x0801bd8c      0x2a7 os_shutdown.o
 .debug_str     0x0801c033       0xfa os_shutdown.o
                               0x4253 (size before relaxing)
 .comment       0x0801c12d       0x77 os_shutdown.o
 *fill*         0x0801c12d        0x3 
 .debug_frame   0x0801c130       0x2c os_shutdown.o
 .ARM.attributes
                0x0801c15c       0x2e os_shutdown.o
 os_start_ext_prg.o()
 *fill*         0x0801c18a        0x2 
 .text          0x0801c18c        0x4 os_start_ext_prg.o
                0x0801c18c                OS_START_EXT_PRG
 .data          0x0801c190        0x0 os_start_ext_prg.o
 .bss           0x0801c190        0x0 os_start_ext_prg.o
 .debug_info    0x0801c190      0x8fb os_start_ext_prg.o
 .debug_abbrev  0x0801ca8b      0x161 os_start_ext_prg.o
 .debug_loc     0x0801cbec       0x6f os_start_ext_prg.o
 .debug_aranges
                0x0801cc5b       0x20 os_start_ext_prg.o
 .debug_macro   0x0801cc7b       0xb5 os_start_ext_prg.o
 .debug_line    0x0801cd30      0x22b os_start_ext_prg.o
 .debug_str     0x0801cf5b       0x77 os_start_ext_prg.o
                               0x3f79 (size before relaxing)
 .comment       0x0801cfd2       0x77 os_start_ext_prg.o
 *fill*         0x0801cfd2        0x2 
 .debug_frame   0x0801cfd4       0x20 os_start_ext_prg.o
 .ARM.attributes
                0x0801cff4       0x2e os_start_ext_prg.o
 os_start_init_hw.o()
 *fill*         0x0801d022        0x2 
 .text          0x0801d024        0x4 os_start_init_hw.o
                0x0801d024                OS_INIT_HW
 .data          0x0801d028        0x0 os_start_init_hw.o
 .bss           0x0801d028        0x0 os_start_init_hw.o
 .debug_info    0x0801d028      0x86c os_start_init_hw.o
 .debug_abbrev  0x0801d894      0x113 os_start_init_hw.o
 .debug_aranges
                0x0801d9a7       0x20 os_start_init_hw.o
 .debug_macro   0x0801d9c7       0xb5 os_start_init_hw.o
 .debug_line    0x0801da7c      0x21c os_start_init_hw.o
 .debug_str     0x0801dc98       0x44 os_start_init_hw.o
                               0x3f35 (size before relaxing)
 .comment       0x0801dcdc       0x77 os_start_init_hw.o
 .debug_frame   0x0801dcdc       0x20 os_start_init_hw.o
 .ARM.attributes
                0x0801dcfc       0x2e os_start_init_hw.o
 os_start_init_mc.o()
 *fill*         0x0801dd2a        0x2 
 .text          0x0801dd2c        0x4 os_start_init_mc.o
                0x0801dd2c                OS_INIT_MC
 .data          0x0801dd30        0x0 os_start_init_mc.o
 .bss           0x0801dd30        0x0 os_start_init_mc.o
 .debug_info    0x0801dd30      0x886 os_start_init_mc.o
 .debug_abbrev  0x0801e5b6      0x136 os_start_init_mc.o
 .debug_aranges
                0x0801e6ec       0x20 os_start_init_mc.o
 .debug_macro   0x0801e70c       0xc8 os_start_init_mc.o
 .debug_line    0x0801e7d4      0x249 os_start_init_mc.o
 .debug_str     0x0801ea1d       0x44 os_start_init_mc.o
                               0x41b5 (size before relaxing)
 .comment       0x0801ea61       0x77 os_start_init_mc.o
 *fill*         0x0801ea61        0x3 
 .debug_frame   0x0801ea64       0x20 os_start_init_mc.o
 .ARM.attributes
                0x0801ea84       0x2e os_start_init_mc.o
 os_start_init_sw.o()
 *fill*         0x0801eab2        0x2 
 .text          0x0801eab4       0x58 os_start_init_sw.o
                0x0801eab4                OS_INIT_SW
 .data          0x0801eb0c        0x0 os_start_init_sw.o
 .bss           0x0801eb0c        0x0 os_start_init_sw.o
 .debug_info    0x0801eb0c      0x898 os_start_init_sw.o
 .debug_abbrev  0x0801f3a4      0x147 os_start_init_sw.o
 .debug_loc     0x0801f4eb       0xe8 os_start_init_sw.o
 .debug_aranges
                0x0801f5d3       0x20 os_start_init_sw.o
 .debug_macro   0x0801f5f3       0xb5 os_start_init_sw.o
 .debug_line    0x0801f6a8      0x2cb os_start_init_sw.o
 .debug_str     0x0801f973       0x44 os_start_init_sw.o
                               0x3f49 (size before relaxing)
 .comment       0x0801f9b7       0x77 os_start_init_sw.o
 *fill*         0x0801f9b7        0x1 
 .debug_frame   0x0801f9b8       0x2c os_start_init_sw.o
 .ARM.attributes
                0x0801f9e4       0x2e os_start_init_sw.o
 os_start_os.o()
 *fill*         0x0801fa12        0x2 
 .text          0x0801fa14       0x70 os_start_os.o
                0x0801fa14                OS_START_OS
 .data          0x0801fa84        0x0 os_start_os.o
 .bss           0x0801fa84        0x0 os_start_os.o
 .debug_info    0x0801fa84      0x886 os_start_os.o
 .debug_abbrev  0x0802030a      0x136 os_start_os.o
 .debug_aranges
                0x08020440       0x20 os_start_os.o
 .debug_macro   0x08020460       0xc8 os_start_os.o
 .debug_line    0x08020528      0x2b2 os_start_os.o
 .debug_str     0x080207da       0x4b os_start_os.o
                               0x443a (size before relaxing)
 .comment       0x08020825       0x77 os_start_os.o
 *fill*         0x08020825        0x3 
 .debug_frame   0x08020828       0x3c os_start_os.o
 .ARM.attributes
                0x08020864       0x2e os_start_os.o
 os_task_common.o()
 *fill*         0x08020892        0x2 
 .text          0x08020894       0xd8 os_task_common.o
                0x08020894                OS_TASK_SAVE_TASK_ENVIRONMENT
                0x080208bc                OS_TASK_RESTORETASK_ENVIRONMENT
                0x080208dc                OS_TASK_RESTORE_SYSTEM_STACK
                0x080208e0                OS_TASK_SAVE_SYSTEM_STACK
                0x080208e4                OS_TASK_INIT_TASK_ENVIRONMENT
 .data          0x0802096c        0x0 os_task_common.o
 .bss           0x0802096c        0x0 os_task_common.o
 .debug_info    0x0802096c      0xb49 os_task_common.o
 .debug_abbrev  0x080214b5      0x19b os_task_common.o
 .debug_loc     0x08021650      0x134 os_task_common.o
 .debug_aranges
                0x08021784       0x20 os_task_common.o
 .debug_macro   0x080217a4       0xbe os_task_common.o
 .debug_line    0x08021862      0x33f os_task_common.o
 .debug_str     0x08021ba1      0x12e os_task_common.o
                               0x42ae (size before relaxing)
 .comment       0x08021ccf       0x77 os_task_common.o
 *fill*         0x08021ccf        0x1 
 .debug_frame   0x08021cd0       0x9c os_task_common.o
 .ARM.attributes
                0x08021d6c       0x2e os_task_common.o
 *fill*         0x08021d9a        0x2 
 COMMON         0x08021d9c       0x28 os_task_common.o
                0x08021d9c                TASK_PTR
 os_task_queue.o()
 .text          0x08021dc4      0x618 os_task_queue.o
                0x08021dc4                SET_RUNNING_TASK
                0x08021f0c                OS_INIT_TASK_QUEUE
                0x08021f4c                ADD_TO_TASK_QUEUE
                0x0802212c                DELETE_FROM_TASK_QUEUE
                0x080221a4                GET_FROM_TASK_QUEUE
                0x080221a8                GET_FROM_SCHEDULING_QUEUE
                0x080221b4                DELETE_FROM_SCHEDULING_QUEUE
                0x080221bc                ADD_TO_SCHEDULING_QUEUE
                0x08022214                GET_IDLE_TASK
                0x0802221c                ADD_TO_IDLE_TASK_QUEUE
                0x08022338                GET_RUNNING_TASK
                0x08022340                GET_RUNNING_SCHEDULING_QUEUE_ELEMENT_PTR
                0x0802234c                OS_INIT_TASK
 .data          0x080223dc        0x0 os_task_queue.o
 .bss           0x080223dc        0x0 os_task_queue.o
 .debug_info    0x080223dc      0xf69 os_task_queue.o
 .debug_abbrev  0x08023345      0x215 os_task_queue.o
 .debug_loc     0x0802355a      0x623 os_task_queue.o
 .debug_aranges
                0x08023b7d       0x20 os_task_queue.o
 .debug_macro   0x08023b9d       0xc7 os_task_queue.o
 .debug_line    0x08023c64      0x884 os_task_queue.o
 .debug_str     0x080244e8      0x1f3 os_task_queue.o
                               0x444c (size before relaxing)
 .comment       0x080246db       0x77 os_task_queue.o
 *fill*         0x080246db        0x1 
 .debug_frame   0x080246dc      0x1a8 os_task_queue.o
 .ARM.attributes
                0x08024884       0x2e os_task_queue.o
 os_task_scheduler.o()
 *fill*         0x080248b2        0x2 
 .text          0x080248b4      0x6a8 os_task_scheduler.o
                0x08024a20                OS_ACTIVATE_DISPATCHER
                0x08024a54                OS_SLEEP_TASK
                0x08024adc                OS_TASK_STATE_REQUEST
                0x08024b64                OS_CREATE_TASK
                0x08024b98                OS_ACTIVATE_TASK
                0x08024c08                OS_START_TASK
                0x08024c9c                OS_TERMINATE_TASK
                0x08024d0c                OS_TASK_DISPATCHER
                0x08024e44                OS_INIT_TASKS
 .data          0x08024f5c        0x0 os_task_scheduler.o
 .bss           0x08024f5c        0x0 os_task_scheduler.o
 .debug_info    0x08024f5c     0x170e os_task_scheduler.o
 .debug_abbrev  0x0802666a      0x390 os_task_scheduler.o
 .debug_loc     0x080269fa      0x9a5 os_task_scheduler.o
 .debug_aranges
                0x0802739f       0x20 os_task_scheduler.o
 .debug_ranges  0x080273bf       0xb0 os_task_scheduler.o
 .debug_macro   0x0802746f       0xd4 os_task_scheduler.o
 .debug_line    0x08027543      0x8bb os_task_scheduler.o
 .debug_str     0x08027dfe      0x13d os_task_scheduler.o
                               0x4afe (size before relaxing)
 .comment       0x08027f3b       0x77 os_task_scheduler.o
 *fill*         0x08027f3b        0x1 
 .debug_frame   0x08027f3c      0x2e8 os_task_scheduler.o
 .ARM.attributes
                0x08028224       0x2e os_task_scheduler.o
 os_stack.o()
 *fill*         0x08028252        0x2 
 .text          0x08028254      0x37c os_stack.o
                0x08028254                OS_STACK_CHECK
 .data          0x080285d0        0x0 os_stack.o
 .bss           0x080285d0        0x8 os_stack.o
 .debug_info    0x080285d8      0x94c os_stack.o
 .debug_abbrev  0x08028f24      0x150 os_stack.o
 .debug_aranges
                0x08029074       0x20 os_stack.o
 .debug_macro   0x08029094       0xb5 os_stack.o
 .debug_line    0x08029149      0x53a os_stack.o
 .debug_str     0x08029683       0x51 os_stack.o
                               0x4137 (size before relaxing)
 .comment       0x080296d4       0x77 os_stack.o
 .debug_frame   0x080296d4       0x44 os_stack.o
 .ARM.attributes
                0x08029718       0x2e os_stack.o
 os_heap.o()
 .text          0x08029746        0x0 os_heap.o
 .data          0x08029746        0x0 os_heap.o
 .bss           0x08029746        0x0 os_heap.o
 .debug_info    0x08029746      0x852 os_heap.o
 .debug_abbrev  0x08029f98       0xf5 os_heap.o
 .debug_aranges
                0x0802a08d       0x18 os_heap.o
 .debug_macro   0x0802a0a5       0xb9 os_heap.o
 .debug_line    0x0802a15e      0x210 os_heap.o
 .debug_str     0x0802a36e       0x3b os_heap.o
                               0x3f21 (size before relaxing)
 .comment       0x0802a3a9       0x77 os_heap.o
 .ARM.attributes
                0x0802a3a9       0x33 os_heap.o
 led.o()
 .text          0x0802a3dc       0x10 led.o
                0x0802a3dc                USER_LED_INIT
                0x0802a3e0                USER_LED_ON
                0x0802a3e4                USER_LED_OFF
                0x0802a3e8                USER_LED_TOGGLE
 .data          0x0802a3ec        0x0 led.o
 .bss           0x0802a3ec        0x0 led.o
 .debug_info    0x0802a3ec      0x90f led.o
 .debug_abbrev  0x0802acfb      0x15f led.o
 .debug_loc     0x0802ae5a       0x25 led.o
 .debug_aranges
                0x0802ae7f       0x20 led.o
 .debug_ranges  0x0802ae9f       0x10 led.o
 .debug_macro   0x0802aeaf       0xb9 led.o
 .debug_line    0x0802af68      0x1f9 led.o
 .debug_str     0x0802b161       0x95 led.o
                               0x3f7b (size before relaxing)
 .comment       0x0802b1f6       0x77 led.o
 *fill*         0x0802b1f6        0x2 
 .debug_frame   0x0802b1f8       0x50 led.o
 .ARM.attributes
                0x0802b248       0x2e led.o
                0x0802b276                _code_end = .
                [!provide]                PROVIDE (code_start = .)
                [!provide]                PROVIDE (code_end = .)
 .text          0x0802b276        0x0 c:/program files (x86)/gnu tools arm embedded/8 2019-q3-update/bin/../lib/gcc/arm-none-eabi/8.3.1/../../../../arm-none-eabi/lib/thumb/v7e-m/nofp\libg.a(lib_a-memmove.o)

.glue_7         0x0802b278        0x0
 .glue_7        0x0802b278        0x0 linker stubs

.glue_7t        0x0802b278        0x0
 .glue_7t       0x0802b278        0x0 linker stubs

.vfp11_veneer   0x0802b278        0x0
 .vfp11_veneer  0x0802b278        0x0 linker stubs

.v4_bx          0x0802b278        0x0
 .v4_bx         0x0802b278        0x0 linker stubs

.text.memmove   0x0802b278       0xd0
 .text.memmove  0x0802b278       0xd0 c:/program files (x86)/gnu tools arm embedded/8 2019-q3-update/bin/../lib/gcc/arm-none-eabi/8.3.1/../../../../arm-none-eabi/lib/thumb/v7e-m/nofp\libg.a(lib_a-memmove.o)
                0x0802b278                memmove

.data           0x20000010     0xa3f9
                0x20000010                _ram_stack_start = .
 os_ram_stack.o()
 .text          0x20000010        0x0 os_ram_stack.o
 .data          0x20000010        0x0 os_ram_stack.o
 .bss           0x20000010        0x0 os_ram_stack.o
 .debug_info    0x20000010      0x860 os_ram_stack.o
 .debug_abbrev  0x20000870      0x104 os_ram_stack.o
 .debug_aranges
                0x20000974       0x18 os_ram_stack.o
 .debug_macro   0x2000098c       0xb5 os_ram_stack.o
 .debug_line    0x20000a41      0x208 os_ram_stack.o
 .debug_str     0x20000c49     0x3ead os_ram_stack.o
                               0x3f26 (size before relaxing)
 .comment       0x20004af6       0x76 os_ram_stack.o
                                 0x77 (size before relaxing)
 .ARM.attributes
                0x20004b6c       0x33 os_ram_stack.o
 *fill*         0x20004b9f        0x1 
 COMMON         0x20004ba0      0x400 os_ram_stack.o
                0x20004ba0                OS_MAIN_STACK
                0x20004fa0                _ram_stack_end = .
                [!provide]                PROVIDE (ram_stack_start = .)
                [!provide]                PROVIDE (ram_stack_end = .)
                0x20004fa0                _ram_start = .
 os_ram.o()
 .text          0x20004fa0        0x0 os_ram.o
 .data          0x20004fa0        0x0 os_ram.o
 .bss           0x20004fa0        0x0 os_ram.o
 .debug_info    0x20004fa0      0xcce os_ram.o
 .debug_abbrev  0x20005c6e      0x117 os_ram.o
 .debug_aranges
                0x20005d85       0x18 os_ram.o
 .debug_macro   0x20005d9d       0xb5 os_ram.o
 .debug_line    0x20005e52      0x202 os_ram.o
 .debug_str     0x20006054       0xfe os_ram.o
                               0x3fe4 (size before relaxing)
 .comment       0x20006152       0x77 os_ram.o
 .ARM.attributes
                0x20006152       0x33 os_ram.o
 *fill*         0x20006185        0x3 
 COMMON         0x20006188     0x35f0 os_ram.o
                0x20006188                TASK1_STACK_POS
                0x2000618c                VAR_MEM_MANAG_FAULT_STATUS_REG
                0x20006190                REGISTER_R2
                0x20006194                TASK2_STACK
                0x20006964                TASK0_STACK_USAGE_PERCENT
                0x20006968                TASK0_STACK_ADDR
                0x2000696c                TASK_GROUP_3
                0x2000698c                RAM_CHECK_FAILURE_ADDR
                0x20006990                REGISTER_R0
                0x20006994                REGISTER_R6
                0x20006998                REGISTER_R7
                0x2000699c                DBG_CALIB_VALUE
                0x200069a0                TASK3_STACK
                0x20007170                OS_STATE
                0x20007174                TASK_IDLE_QUEUE
                0x20007244                REGISTER_R9
                0x20007248                TASK3_STACK_ADDR
                0x2000724c                TASK1_CALL_NR
                0x20007250                bTASK_QUEUE_INITIALIZED
                0x20007254                BACKUP_SYSTICK_CURRENT_VAL_REG
                0x20007258                TASK2_CALL_NR
                0x2000725c                LAST_CURRENT_TIME
                0x2000726c                LINK_REGISTER_HANDLER
                0x20007270                OS_MAIN_STACK_USAGE_PERCENT
                0x20007274                VAR_AUX_FAULT_STATUS_REG
                0x20007278                REGISTER_R8
                0x2000727c                TASK_3_VAR
                0x2000734c                TASK3_STACK_POS
                0x20007350                TASK_0_VAR
                0x20007420                TASK1_STACK
                0x20007bf0                TASK1_STACK_ADDR
                0x20007bf4                TASK4_CALL_NR
                0x20007bf8                TASK_GROUP_2
                0x20007c18                REGISTER_R5
                0x20007c1c                TASK1_STACK_USAGE_PERCENT
                0x20007c20                DBG_RLD_VALUE
                0x20007c24                REGISTER_R4
                0x20007c28                TASK2_STACK_POS
                0x20007c2c                RUNNING_TASK
                0x20007cfc                TASK_RUN_QUEUE
                0x2000851c                VAR_HARDFAULT_STATUS_REG
                0x20008520                RUNNING_SCHEDULING_QUEUE_ENTRY
                0x20008524                TASK_GROUP_5
                0x20008544                TASK2_STACK_ADDR
                0x20008548                TASK0_STACK_POS
                0x2000854c                OS_MAIN_STACK_ADDR
                0x20008550                REGISTER_R1
                0x20008554                DBG_CTRL_VALUE
                0x20008558                OS_MAIN_STACK_POS
                0x2000855c                TASK_2_VAR
                0x2000862c                VAR_BUS_FAULT_STATUS_REG
                0x20008630                TASK4_STACK_ADDR
                0x20008634                TASK2_STACK_USAGE_PERCENT
                0x20008638                TASK0_STACK
                0x20008e08                TASK4_STACK
                0x200095d8                RAM_CHECK_FAILURE_DETECTED
                0x200095dc                REGISTER_R10
                0x200095e0                TASK3_STACK_USAGE_PERCENT
                0x200095e4                DBG_CURR_VAL
                0x200095e8                TASK_GROUP_1
                0x20009608                VAR_FAULT_STATUS_REG
                0x2000960c                TASK_GROUP_4
                0x2000962c                REGISTER_R11
                0x20009630                TASK_TRANSITION_REJECTED_STATE
                0x20009634                LOCAL_SYSTEM_TIME
                0x20009644                TASK_TRANSITION_CURRENT_STATE
                0x20009645                SYSTEM_STATE_ACCEPTED
                0x20009648                REGISTER_R3
                0x2000964c                TASK_SCHEDULING_QUEUE
                0x20009674                TASK3_CALL_NR
                0x20009678                VAR_MEM_FAULT_ADDR_REG
                0x2000967c                VAR_USAGE_FAULT_STATUS_REG
                0x20009680                VAR_BUS_FAULT_ADDR_REG
                0x20009684                TASK4_STACK_USAGE_PERCENT
                0x20009688                TASK_TRANSITION_REJECTED_TASK_ADDR
                0x2000968c                OS_SW_BUG
                0x200096a4                TASK4_STACK_POS
                0x200096a8                TASK_1_VAR
 os_ram_shared.o()
 .text          0x20009778        0x0 os_ram_shared.o
 .data          0x20009778        0x0 os_ram_shared.o
 .bss           0x20009778        0x0 os_ram_shared.o
 .debug_info    0x20009778      0x852 os_ram_shared.o
 .debug_abbrev  0x20009fca       0xf5 os_ram_shared.o
 .debug_aranges
                0x2000a0bf       0x18 os_ram_shared.o
 .debug_macro   0x2000a0d7       0xb5 os_ram_shared.o
 .debug_line    0x2000a18c      0x209 os_ram_shared.o
 .debug_str     0x2000a395       0x41 os_ram_shared.o
                               0x3f27 (size before relaxing)
 .comment       0x2000a3d6       0x77 os_ram_shared.o
 .ARM.attributes
                0x2000a3d6       0x33 os_ram_shared.o
                0x2000a409                _ram_end = .
                [!provide]                PROVIDE (ram_start = .)
                [!provide]                PROVIDE (ram_end = .)
 .data          0x2000a409        0x0 c:/program files (x86)/gnu tools arm embedded/8 2019-q3-update/bin/../lib/gcc/arm-none-eabi/8.3.1/../../../../arm-none-eabi/lib/thumb/v7e-m/nofp\libg.a(lib_a-memmove.o)
START GROUP
LOAD c:/program files (x86)/gnu tools arm embedded/8 2019-q3-update/bin/../lib/gcc/arm-none-eabi/8.3.1/thumb/v7e-m/nofp\libgcc.a
LOAD c:/program files (x86)/gnu tools arm embedded/8 2019-q3-update/bin/../lib/gcc/arm-none-eabi/8.3.1/../../../../arm-none-eabi/lib/thumb/v7e-m/nofp\libg.a
LOAD c:/program files (x86)/gnu tools arm embedded/8 2019-q3-update/bin/../lib/gcc/arm-none-eabi/8.3.1/../../../../arm-none-eabi/lib/thumb/v7e-m/nofp\libc.a
END GROUP
OUTPUT(C:\Users\president\Desktop\sbx\output\VERSION_ARM\operating_system.elf elf32-littlearm)

.bss            0x2000a409        0x0
 .bss           0x2000a409        0x0 c:/program files (x86)/gnu tools arm embedded/8 2019-q3-update/bin/../lib/gcc/arm-none-eabi/8.3.1/../../../../arm-none-eabi/lib/thumb/v7e-m/nofp\libg.a(lib_a-memmove.o)

.ARM.attributes
                0x00000000       0x31
 .ARM.attributes
                0x00000000       0x2e c:/program files (x86)/gnu tools arm embedded/8 2019-q3-update/bin/../lib/gcc/arm-none-eabi/8.3.1/../../../../arm-none-eabi/lib/thumb/v7e-m/nofp\libg.a(lib_a-memmove.o)

.debug_frame    0x00000000       0x40
 .debug_frame   0x00000000       0x40 c:/program files (x86)/gnu tools arm embedded/8 2019-q3-update/bin/../lib/gcc/arm-none-eabi/8.3.1/../../../../arm-none-eabi/lib/thumb/v7e-m/nofp\libg.a(lib_a-memmove.o)
