Archive member included to satisfy reference by file (symbol)

d:/programm/gnu tools arm embedded/7 2018-q2-update/bin/../lib/gcc/arm-none-eabi/7.3.1/thumb/v7e-m\libgcc.a(_arm_addsubdf3.o)
                              os_task_scheduler.o (__aeabi_ui2d)
d:/programm/gnu tools arm embedded/7 2018-q2-update/bin/../lib/gcc/arm-none-eabi/7.3.1/thumb/v7e-m\libgcc.a(_arm_cmpdf2.o)
                              os_task_scheduler.o (__aeabi_dcmpgt)

Allocating common symbols
Common symbol       size              file

TASK_STACK          0x4e20            os_ram.o
RAM_BLOCK_C01_C01   0x100             os_shared_ram.o
VAR_MEM_MANAG_FAULT_STATUS_REG
                    0x4               os_ram.o
REGISTER_R2         0x4               os_ram.o
TASK_GROUP_3        0x8               os_ram.o
RAM_CHECK_FAILURE_ADDR
                    0x4               os_ram.o
REGISTER_R0         0x4               os_ram.o
OS_STACK            0x5000            os_ram.o
RAM_BLOCK_C01_C00   0x100             os_shared_ram.o
REGISTER_R6         0x4               os_ram.o
REGISTER_R7         0x4               os_ram.o
DBG_CALIB_VALUE     0x4               os_ram.o
RAM_BLOCK_C00_C00   0x100             os_shared_ram.o
OS_STATE            0x4               os_ram.o
TASK_IDLE_QUEUE     0x88              os_ram.o
REGISTER_R9         0x4               os_ram.o
TASK1_CALL_NR       0x4               os_ram.o
bTASK_QUEUE_INITIALIZED
                    0x1               os_ram.o
BACKUP_SYSTICK_CURRENT_VAL_REG
                    0x4               os_ram.o
RAM_BLOCK_C01_C03   0x100             os_shared_ram.o
TASK2_CALL_NR       0x4               os_ram.o
LAST_CURRENT_TIME   0x4               os_ram.o
LINK_REGISTER_HANDLER
                    0x4               os_ram.o
VAR_AUX_FAULT_STATUS_REG
                    0x4               os_ram.o
REGISTER_R8         0x4               os_ram.o
TASK_3_VAR          0x88              os_ram.o
RAM_BLOCK_C03_C01   0x100             os_shared_ram.o
TASK_0_VAR          0x88              os_ram.o
RAM_BLOCK_C00_C01   0x100             os_shared_ram.o
TASK4_CALL_NR       0x4               os_ram.o
TASK_GROUP_2        0x8               os_ram.o
TASK_PTR            0x28              os_task_common.o
REGISTER_R5         0x4               os_ram.o
OS_MAIN_STACK       0x5000            os_ram.o
SAVED_STACK_POINTER
                    0x4               os_ram.o
RAM_BLOCK_C02_C01   0x100             os_shared_ram.o
DBG_RLD_VALUE       0x4               os_ram.o
REGISTER_R4         0x4               os_ram.o
RAM_BLOCK_C01_C02   0x100             os_shared_ram.o
RUNNING_TASK        0x88              os_ram.o
TASK_RUN_QUEUE      0x550             os_ram.o
VAR_HARDFAULT_STATUS_REG
                    0x4               os_ram.o
RAM_BLOCK_C03_C00   0x100             os_shared_ram.o
RUNNING_SCHEDULING_QUEUE_ENTRY
                    0x4               os_ram.o
TASK_GROUP_5        0x8               os_ram.o
REGISTER_R1         0x4               os_ram.o
RAM_BLOCK_C02_C00   0x100             os_shared_ram.o
DBG_CTRL_VALUE      0x4               os_ram.o
TASK_2_VAR          0x88              os_ram.o
VAR_BUS_FAULT_STATUS_REG
                    0x4               os_ram.o
RAM_BLOCK_C02_C02   0x100             os_shared_ram.o
RAM_CHECK_FAILURE_DETECTED
                    0x4               os_ram.o
REGISTER_R10        0x4               os_ram.o
RAM_BLOCK_C03_C03   0x100             os_shared_ram.o
RAM_BLOCK_C03_C02   0x100             os_shared_ram.o
RAM_BLOCK_C00_C03   0x100             os_shared_ram.o
DBG_CURR_VAL        0x4               os_ram.o
TASK_GROUP_1        0x8               os_ram.o
VAR_FAULT_STATUS_REG
                    0x4               os_ram.o
TASK_GROUP_4        0x8               os_ram.o
REGISTER_R11        0x4               os_ram.o
TASK_TRANSITION_REJECTED_STATE
                    0x1               os_ram.o
TASK_TRANSITION_CURRENT_STATE
                    0x1               os_ram.o
REGISTER_R3         0x4               os_ram.o
TASK_SCHEDULING_QUEUE
                    0x28              os_ram.o
TASK3_CALL_NR       0x4               os_ram.o
VAR_MEM_FAULT_ADDR_REG
                    0x4               os_ram.o
VAR_USAGE_FAULT_STATUS_REG
                    0x4               os_ram.o
VAR_BUS_FAULT_ADDR_REG
                    0x4               os_ram.o
RAM_BLOCK_C00_C02   0x100             os_shared_ram.o
TASK_TRANSITION_REJECTED_TASK_ADDR
                    0x4               os_ram.o
OS_SW_BUG           0xf               os_ram.o
RAM_BLOCK_C02_C03   0x100             os_shared_ram.o
TASK_1_VAR          0x88              os_ram.o

Discarded input sections

 .group         0x00000000        0xc os_exception_table.o
 .group         0x00000000        0xc os_exception_table.o
 .group         0x00000000        0xc os_exception_table.o
 .group         0x00000000        0xc os_exception_table.o
 .group         0x00000000        0xc os_exception_table.o
 .group         0x00000000        0xc os_exception_table.o
 .group         0x00000000        0xc os_exception_table.o
 .group         0x00000000        0xc os_exception_table.o
 .group         0x00000000        0xc os_const.o
 .group         0x00000000        0xc os_const.o
 .group         0x00000000        0xc os_const.o
 .group         0x00000000        0xc os_const.o
 .group         0x00000000        0xc os_const.o
 .group         0x00000000        0xc os_const.o
 .group         0x00000000        0xc os_const.o
 .group         0x00000000        0xc os_const.o
 .debug_macro   0x00000000      0xa42 os_const.o
 .debug_macro   0x00000000       0x4c os_const.o
 .debug_macro   0x00000000       0x88 os_const.o
 .debug_macro   0x00000000       0x46 os_const.o
 .debug_macro   0x00000000       0x10 os_const.o
 .debug_macro   0x00000000       0x16 os_const.o
 .debug_macro   0x00000000       0x28 os_const.o
 .debug_macro   0x00000000       0x1c os_const.o
 .group         0x00000000        0xc os_common.o
 .group         0x00000000        0xc os_common.o
 .group         0x00000000        0xc os_common.o
 .group         0x00000000        0xc os_common.o
 .group         0x00000000        0xc os_common.o
 .group         0x00000000        0xc os_common.o
 .group         0x00000000        0xc os_common.o
 .group         0x00000000        0xc os_common.o
 .debug_macro   0x00000000      0xa42 os_common.o
 .debug_macro   0x00000000       0x4c os_common.o
 .debug_macro   0x00000000       0x88 os_common.o
 .debug_macro   0x00000000       0x46 os_common.o
 .debug_macro   0x00000000       0x10 os_common.o
 .debug_macro   0x00000000       0x16 os_common.o
 .debug_macro   0x00000000       0x28 os_common.o
 .debug_macro   0x00000000       0x1c os_common.o
 .group         0x00000000        0xc os_exception.o
 .group         0x00000000        0xc os_exception.o
 .group         0x00000000        0xc os_exception.o
 .group         0x00000000        0xc os_exception.o
 .group         0x00000000        0xc os_exception.o
 .group         0x00000000        0xc os_exception.o
 .group         0x00000000        0xc os_exception.o
 .group         0x00000000        0xc os_exception.o
 .group         0x00000000        0xc os_exception.o
 .group         0x00000000        0xc os_exception.o
 .debug_macro   0x00000000       0x4c os_exception.o
 .debug_macro   0x00000000       0x88 os_exception.o
 .debug_macro   0x00000000       0x46 os_exception.o
 .debug_macro   0x00000000       0x10 os_exception.o
 .debug_macro   0x00000000       0x16 os_exception.o
 .debug_macro   0x00000000       0x28 os_exception.o
 .debug_macro   0x00000000       0x1c os_exception.o
 .group         0x00000000        0xc os_exception_isr_handler.o
 .group         0x00000000        0xc os_exception_isr_handler.o
 .group         0x00000000        0xc os_exception_isr_handler.o
 .group         0x00000000        0xc os_exception_isr_handler.o
 .group         0x00000000        0xc os_exception_isr_handler.o
 .group         0x00000000        0xc os_exception_isr_handler.o
 .group         0x00000000        0xc os_exception_isr_handler.o
 .group         0x00000000        0xc os_exception_isr_handler.o
 .group         0x00000000        0xc os_exception_isr_handler.o
 .debug_macro   0x00000000      0xa42 os_exception_isr_handler.o
 .debug_macro   0x00000000       0x4c os_exception_isr_handler.o
 .debug_macro   0x00000000       0x88 os_exception_isr_handler.o
 .debug_macro   0x00000000       0x46 os_exception_isr_handler.o
 .debug_macro   0x00000000       0x10 os_exception_isr_handler.o
 .debug_macro   0x00000000       0x16 os_exception_isr_handler.o
 .debug_macro   0x00000000       0x28 os_exception_isr_handler.o
 .debug_macro   0x00000000       0x1c os_exception_isr_handler.o
 .debug_macro   0x00000000       0x28 os_exception_isr_handler.o
 .group         0x00000000        0xc os_init_task_system.o
 .group         0x00000000        0xc os_init_task_system.o
 .group         0x00000000        0xc os_init_task_system.o
 .group         0x00000000        0xc os_init_task_system.o
 .group         0x00000000        0xc os_init_task_system.o
 .group         0x00000000        0xc os_init_task_system.o
 .group         0x00000000        0xc os_init_task_system.o
 .group         0x00000000        0xc os_init_task_system.o
 .group         0x00000000        0xc os_init_task_system.o
 .debug_macro   0x00000000      0xa42 os_init_task_system.o
 .debug_macro   0x00000000       0x4c os_init_task_system.o
 .debug_macro   0x00000000       0x88 os_init_task_system.o
 .debug_macro   0x00000000       0x46 os_init_task_system.o
 .debug_macro   0x00000000       0x10 os_init_task_system.o
 .debug_macro   0x00000000       0x16 os_init_task_system.o
 .debug_macro   0x00000000       0x28 os_init_task_system.o
 .debug_macro   0x00000000       0x1c os_init_task_system.o
 .group         0x00000000        0xc os_main.o
 .group         0x00000000        0xc os_main.o
 .group         0x00000000        0xc os_main.o
 .group         0x00000000        0xc os_main.o
 .group         0x00000000        0xc os_main.o
 .group         0x00000000        0xc os_main.o
 .group         0x00000000        0xc os_main.o
 .group         0x00000000        0xc os_main.o
 .group         0x00000000        0xc os_main.o
 .group         0x00000000        0xc os_main.o
 .debug_macro   0x00000000      0xa42 os_main.o
 .debug_macro   0x00000000       0x4c os_main.o
 .debug_macro   0x00000000       0x88 os_main.o
 .debug_macro   0x00000000       0x46 os_main.o
 .debug_macro   0x00000000       0x10 os_main.o
 .debug_macro   0x00000000       0x16 os_main.o
 .debug_macro   0x00000000       0x28 os_main.o
 .debug_macro   0x00000000       0x1c os_main.o
 .debug_macro   0x00000000       0x28 os_main.o
 .debug_macro   0x00000000       0x1c os_main.o
 .group         0x00000000        0xc os_memory_mmu_setup.o
 .group         0x00000000        0xc os_memory_mmu_setup.o
 .group         0x00000000        0xc os_memory_mmu_setup.o
 .group         0x00000000        0xc os_memory_mmu_setup.o
 .group         0x00000000        0xc os_memory_mmu_setup.o
 .group         0x00000000        0xc os_memory_mmu_setup.o
 .group         0x00000000        0xc os_memory_mmu_setup.o
 .group         0x00000000        0xc os_memory_mmu_setup.o
 .debug_macro   0x00000000      0xa42 os_memory_mmu_setup.o
 .debug_macro   0x00000000       0x4c os_memory_mmu_setup.o
 .debug_macro   0x00000000       0x88 os_memory_mmu_setup.o
 .debug_macro   0x00000000       0x46 os_memory_mmu_setup.o
 .debug_macro   0x00000000       0x10 os_memory_mmu_setup.o
 .debug_macro   0x00000000       0x16 os_memory_mmu_setup.o
 .debug_macro   0x00000000       0x28 os_memory_mmu_setup.o
 .debug_macro   0x00000000       0x1c os_memory_mmu_setup.o
 .group         0x00000000        0xc os_shutdown.o
 .group         0x00000000        0xc os_shutdown.o
 .group         0x00000000        0xc os_shutdown.o
 .group         0x00000000        0xc os_shutdown.o
 .group         0x00000000        0xc os_shutdown.o
 .group         0x00000000        0xc os_shutdown.o
 .group         0x00000000        0xc os_shutdown.o
 .group         0x00000000        0xc os_shutdown.o
 .debug_macro   0x00000000      0xa42 os_shutdown.o
 .debug_macro   0x00000000       0x4c os_shutdown.o
 .debug_macro   0x00000000       0x88 os_shutdown.o
 .debug_macro   0x00000000       0x46 os_shutdown.o
 .debug_macro   0x00000000       0x10 os_shutdown.o
 .debug_macro   0x00000000       0x16 os_shutdown.o
 .debug_macro   0x00000000       0x28 os_shutdown.o
 .debug_macro   0x00000000       0x1c os_shutdown.o
 .group         0x00000000        0xc os_start_ext_prg.o
 .group         0x00000000        0xc os_start_ext_prg.o
 .group         0x00000000        0xc os_start_ext_prg.o
 .group         0x00000000        0xc os_start_ext_prg.o
 .group         0x00000000        0xc os_start_ext_prg.o
 .group         0x00000000        0xc os_start_ext_prg.o
 .group         0x00000000        0xc os_start_ext_prg.o
 .group         0x00000000        0xc os_start_ext_prg.o
 .debug_macro   0x00000000      0xa42 os_start_ext_prg.o
 .debug_macro   0x00000000       0x4c os_start_ext_prg.o
 .debug_macro   0x00000000       0x88 os_start_ext_prg.o
 .debug_macro   0x00000000       0x46 os_start_ext_prg.o
 .debug_macro   0x00000000       0x10 os_start_ext_prg.o
 .debug_macro   0x00000000       0x16 os_start_ext_prg.o
 .debug_macro   0x00000000       0x28 os_start_ext_prg.o
 .debug_macro   0x00000000       0x1c os_start_ext_prg.o
 .group         0x00000000        0xc os_start_init_hw.o
 .group         0x00000000        0xc os_start_init_hw.o
 .group         0x00000000        0xc os_start_init_hw.o
 .group         0x00000000        0xc os_start_init_hw.o
 .group         0x00000000        0xc os_start_init_hw.o
 .group         0x00000000        0xc os_start_init_hw.o
 .group         0x00000000        0xc os_start_init_hw.o
 .group         0x00000000        0xc os_start_init_hw.o
 .debug_macro   0x00000000      0xa42 os_start_init_hw.o
 .debug_macro   0x00000000       0x4c os_start_init_hw.o
 .debug_macro   0x00000000       0x88 os_start_init_hw.o
 .debug_macro   0x00000000       0x46 os_start_init_hw.o
 .debug_macro   0x00000000       0x10 os_start_init_hw.o
 .debug_macro   0x00000000       0x16 os_start_init_hw.o
 .debug_macro   0x00000000       0x28 os_start_init_hw.o
 .debug_macro   0x00000000       0x1c os_start_init_hw.o
 .group         0x00000000        0xc os_start_init_mc.o
 .group         0x00000000        0xc os_start_init_mc.o
 .group         0x00000000        0xc os_start_init_mc.o
 .group         0x00000000        0xc os_start_init_mc.o
 .group         0x00000000        0xc os_start_init_mc.o
 .group         0x00000000        0xc os_start_init_mc.o
 .group         0x00000000        0xc os_start_init_mc.o
 .group         0x00000000        0xc os_start_init_mc.o
 .debug_macro   0x00000000      0xa42 os_start_init_mc.o
 .debug_macro   0x00000000       0x4c os_start_init_mc.o
 .debug_macro   0x00000000       0x88 os_start_init_mc.o
 .debug_macro   0x00000000       0x46 os_start_init_mc.o
 .debug_macro   0x00000000       0x10 os_start_init_mc.o
 .debug_macro   0x00000000       0x16 os_start_init_mc.o
 .debug_macro   0x00000000       0x28 os_start_init_mc.o
 .debug_macro   0x00000000       0x1c os_start_init_mc.o
 .group         0x00000000        0xc os_start_init_sw.o
 .group         0x00000000        0xc os_start_init_sw.o
 .group         0x00000000        0xc os_start_init_sw.o
 .group         0x00000000        0xc os_start_init_sw.o
 .group         0x00000000        0xc os_start_init_sw.o
 .group         0x00000000        0xc os_start_init_sw.o
 .group         0x00000000        0xc os_start_init_sw.o
 .group         0x00000000        0xc os_start_init_sw.o
 .debug_macro   0x00000000      0xa42 os_start_init_sw.o
 .debug_macro   0x00000000       0x4c os_start_init_sw.o
 .debug_macro   0x00000000       0x88 os_start_init_sw.o
 .debug_macro   0x00000000       0x46 os_start_init_sw.o
 .debug_macro   0x00000000       0x10 os_start_init_sw.o
 .debug_macro   0x00000000       0x16 os_start_init_sw.o
 .debug_macro   0x00000000       0x28 os_start_init_sw.o
 .debug_macro   0x00000000       0x1c os_start_init_sw.o
 .group         0x00000000        0xc os_start_os.o
 .group         0x00000000        0xc os_start_os.o
 .group         0x00000000        0xc os_start_os.o
 .group         0x00000000        0xc os_start_os.o
 .group         0x00000000        0xc os_start_os.o
 .group         0x00000000        0xc os_start_os.o
 .group         0x00000000        0xc os_start_os.o
 .group         0x00000000        0xc os_start_os.o
 .debug_macro   0x00000000      0xa42 os_start_os.o
 .debug_macro   0x00000000       0x4c os_start_os.o
 .debug_macro   0x00000000       0x88 os_start_os.o
 .debug_macro   0x00000000       0x46 os_start_os.o
 .debug_macro   0x00000000       0x10 os_start_os.o
 .debug_macro   0x00000000       0x16 os_start_os.o
 .debug_macro   0x00000000       0x28 os_start_os.o
 .debug_macro   0x00000000       0x1c os_start_os.o
 .group         0x00000000        0xc os_task_common.o
 .group         0x00000000        0xc os_task_common.o
 .group         0x00000000        0xc os_task_common.o
 .group         0x00000000        0xc os_task_common.o
 .group         0x00000000        0xc os_task_common.o
 .group         0x00000000        0xc os_task_common.o
 .group         0x00000000        0xc os_task_common.o
 .group         0x00000000        0xc os_task_common.o
 .group         0x00000000        0xc os_task_common.o
 .debug_macro   0x00000000      0xa42 os_task_common.o
 .debug_macro   0x00000000       0x4c os_task_common.o
 .debug_macro   0x00000000       0x88 os_task_common.o
 .debug_macro   0x00000000       0x46 os_task_common.o
 .debug_macro   0x00000000       0x10 os_task_common.o
 .debug_macro   0x00000000       0x16 os_task_common.o
 .debug_macro   0x00000000       0x28 os_task_common.o
 .debug_macro   0x00000000       0x1c os_task_common.o
 .debug_macro   0x00000000       0x28 os_task_common.o
 .group         0x00000000        0xc os_task_queue.o
 .group         0x00000000        0xc os_task_queue.o
 .group         0x00000000        0xc os_task_queue.o
 .group         0x00000000        0xc os_task_queue.o
 .group         0x00000000        0xc os_task_queue.o
 .group         0x00000000        0xc os_task_queue.o
 .group         0x00000000        0xc os_task_queue.o
 .group         0x00000000        0xc os_task_queue.o
 .group         0x00000000        0xc os_task_queue.o
 .group         0x00000000        0xc os_task_queue.o
 .debug_macro   0x00000000      0xa42 os_task_queue.o
 .debug_macro   0x00000000       0x4c os_task_queue.o
 .debug_macro   0x00000000       0x88 os_task_queue.o
 .debug_macro   0x00000000       0x46 os_task_queue.o
 .debug_macro   0x00000000       0x10 os_task_queue.o
 .debug_macro   0x00000000       0x16 os_task_queue.o
 .debug_macro   0x00000000       0x28 os_task_queue.o
 .debug_macro   0x00000000       0x1c os_task_queue.o
 .debug_macro   0x00000000       0x1c os_task_queue.o
 .debug_macro   0x00000000       0x28 os_task_queue.o
 .group         0x00000000        0xc os_task_scheduler.o
 .group         0x00000000        0xc os_task_scheduler.o
 .group         0x00000000        0xc os_task_scheduler.o
 .group         0x00000000        0xc os_task_scheduler.o
 .group         0x00000000        0xc os_task_scheduler.o
 .group         0x00000000        0xc os_task_scheduler.o
 .group         0x00000000        0xc os_task_scheduler.o
 .group         0x00000000        0xc os_task_scheduler.o
 .group         0x00000000        0xc os_task_scheduler.o
 .group         0x00000000        0xc os_task_scheduler.o
 .debug_macro   0x00000000      0xa42 os_task_scheduler.o
 .debug_macro   0x00000000       0x4c os_task_scheduler.o
 .debug_macro   0x00000000       0x88 os_task_scheduler.o
 .debug_macro   0x00000000       0x46 os_task_scheduler.o
 .debug_macro   0x00000000       0x10 os_task_scheduler.o
 .debug_macro   0x00000000       0x16 os_task_scheduler.o
 .debug_macro   0x00000000       0x28 os_task_scheduler.o
 .debug_macro   0x00000000       0x1c os_task_scheduler.o
 .debug_macro   0x00000000       0x28 os_task_scheduler.o
 .debug_macro   0x00000000       0x1c os_task_scheduler.o
 .group         0x00000000        0xc os_stack.o
 .group         0x00000000        0xc os_stack.o
 .group         0x00000000        0xc os_stack.o
 .group         0x00000000        0xc os_stack.o
 .group         0x00000000        0xc os_stack.o
 .group         0x00000000        0xc os_stack.o
 .group         0x00000000        0xc os_stack.o
 .group         0x00000000        0xc os_stack.o
 .debug_macro   0x00000000      0xa42 os_stack.o
 .debug_macro   0x00000000       0x4c os_stack.o
 .debug_macro   0x00000000       0x88 os_stack.o
 .debug_macro   0x00000000       0x46 os_stack.o
 .debug_macro   0x00000000       0x10 os_stack.o
 .debug_macro   0x00000000       0x16 os_stack.o
 .debug_macro   0x00000000       0x28 os_stack.o
 .debug_macro   0x00000000       0x1c os_stack.o
 .group         0x00000000        0xc os_heap.o
 .group         0x00000000        0xc os_heap.o
 .group         0x00000000        0xc os_heap.o
 .group         0x00000000        0xc os_heap.o
 .group         0x00000000        0xc os_heap.o
 .group         0x00000000        0xc os_heap.o
 .group         0x00000000        0xc os_heap.o
 .group         0x00000000        0xc os_heap.o
 .debug_macro   0x00000000      0xa42 os_heap.o
 .debug_macro   0x00000000       0x4c os_heap.o
 .debug_macro   0x00000000       0x88 os_heap.o
 .debug_macro   0x00000000       0x46 os_heap.o
 .debug_macro   0x00000000       0x10 os_heap.o
 .debug_macro   0x00000000       0x16 os_heap.o
 .debug_macro   0x00000000       0x28 os_heap.o
 .debug_macro   0x00000000       0x1c os_heap.o
 .group         0x00000000        0xc led.o
 .group         0x00000000        0xc led.o
 .group         0x00000000        0xc led.o
 .group         0x00000000        0xc led.o
 .group         0x00000000        0xc led.o
 .group         0x00000000        0xc led.o
 .group         0x00000000        0xc led.o
 .group         0x00000000        0xc led.o
 .debug_macro   0x00000000      0xa42 led.o
 .debug_macro   0x00000000       0x4c led.o
 .debug_macro   0x00000000       0x88 led.o
 .debug_macro   0x00000000       0x46 led.o
 .debug_macro   0x00000000       0x10 led.o
 .debug_macro   0x00000000       0x16 led.o
 .debug_macro   0x00000000       0x28 led.o
 .debug_macro   0x00000000       0x1c led.o
 .group         0x00000000        0xc os_ram.o
 .group         0x00000000        0xc os_ram.o
 .group         0x00000000        0xc os_ram.o
 .group         0x00000000        0xc os_ram.o
 .group         0x00000000        0xc os_ram.o
 .group         0x00000000        0xc os_ram.o
 .group         0x00000000        0xc os_ram.o
 .group         0x00000000        0xc os_ram.o
 .debug_macro   0x00000000      0xa42 os_ram.o
 .debug_macro   0x00000000       0x4c os_ram.o
 .debug_macro   0x00000000       0x88 os_ram.o
 .debug_macro   0x00000000       0x46 os_ram.o
 .debug_macro   0x00000000       0x10 os_ram.o
 .debug_macro   0x00000000       0x16 os_ram.o
 .debug_macro   0x00000000       0x28 os_ram.o
 .debug_macro   0x00000000       0x1c os_ram.o
 .group         0x00000000        0xc os_shared_ram.o
 .group         0x00000000        0xc os_shared_ram.o
 .group         0x00000000        0xc os_shared_ram.o
 .group         0x00000000        0xc os_shared_ram.o
 .group         0x00000000        0xc os_shared_ram.o
 .group         0x00000000        0xc os_shared_ram.o
 .group         0x00000000        0xc os_shared_ram.o
 .group         0x00000000        0xc os_shared_ram.o
 .debug_macro   0x00000000      0xa42 os_shared_ram.o
 .debug_macro   0x00000000       0x4c os_shared_ram.o
 .debug_macro   0x00000000       0x88 os_shared_ram.o
 .debug_macro   0x00000000       0x46 os_shared_ram.o
 .debug_macro   0x00000000       0x10 os_shared_ram.o
 .debug_macro   0x00000000       0x16 os_shared_ram.o
 .debug_macro   0x00000000       0x28 os_shared_ram.o
 .debug_macro   0x00000000       0x1c os_shared_ram.o

Memory Configuration

Name             Origin             Length             Attributes
rom              0x08000000         0x00100000
ram              0x20000000         0x00030000
*default*        0x00000000         0xffffffff

Linker script and memory map


.text           0x08000000    0x1833c
                0x08000000                _ivec_start = .
 os_exception_table.o()
 .text          0x08000000        0x0 os_exception_table.o
 .data          0x08000000      0x400 os_exception_table.o
                0x08000000                isr_vec_table
 .bss           0x08000400        0x0 os_exception_table.o
 .debug_info    0x08000400      0x681 os_exception_table.o
 .debug_abbrev  0x08000a81      0x104 os_exception_table.o
 .debug_aranges
                0x08000b85       0x18 os_exception_table.o
 .debug_macro   0x08000b9d       0xa8 os_exception_table.o
 .debug_macro   0x08000c45      0xa42 os_exception_table.o
 .debug_macro   0x08001687       0x4c os_exception_table.o
 .debug_macro   0x080016d3       0x88 os_exception_table.o
 .debug_macro   0x0800175b       0x46 os_exception_table.o
 .debug_macro   0x080017a1       0x10 os_exception_table.o
 .debug_macro   0x080017b1       0x16 os_exception_table.o
 .debug_macro   0x080017c7       0x28 os_exception_table.o
 .debug_macro   0x080017ef       0x1c os_exception_table.o
 .debug_line    0x0800180b      0x1ec os_exception_table.o
 .debug_str     0x080019f7     0x3967 os_exception_table.o
                               0x3a04 (size before relaxing)
 .comment       0x0800535e       0x7f os_exception_table.o
                                 0x80 (size before relaxing)
 .ARM.attributes
                0x080053dd       0x33 os_exception_table.o
 .iplt          0x08005410        0x0 os_exception_table.o
 .rel.iplt      0x08005410        0x0 os_exception_table.o
 .igot.plt      0x08005410        0x0 os_exception_table.o
                0x08005410                _ivec_end = .
                [!provide]                PROVIDE (ivec_start = .)
                [!provide]                PROVIDE (ivec_end = .)
                0x08005410                _const_start = .
 os_const.o()
 .text          0x08005410        0x0 os_const.o
 .data          0x08005410        0x0 os_const.o
 .bss           0x08005410        0x0 os_const.o
 .debug_info    0x08005410      0x643 os_const.o
 .debug_abbrev  0x08005a53       0xec os_const.o
 .debug_aranges
                0x08005b3f       0x18 os_const.o
 .debug_macro   0x08005b57       0x9e os_const.o
 .debug_line    0x08005bf5      0x1c4 os_const.o
 .debug_str     0x08005db9       0x46 os_const.o
                               0x39bd (size before relaxing)
 .comment       0x08005dff       0x80 os_const.o
 .ARM.attributes
                0x08005dff       0x33 os_const.o
                0x08005e7f                _const_end = .
                [!provide]                PROVIDE (const_start = .)
                [!provide]                PROVIDE (const_end = .)
                0x08005e7f                _code_start = .
 lld_global.o()
 *fill*         0x08005e32        0x2 
 .text          0x08005e34      0x14c E:\NeuOrga\Programmieren\c_cpp\github_os\output\os_drivers\obj_arm\lld_global.o
                0x08005e34                OS_GetCoreId
                0x08005e3a                LLF_SAVE_TASK_STACK
                0x08005e40                LLF_SAVE_REGISTERS
                0x08005e7a                LLF_RESTORE_TASK_STACK
                0x08005e80                LLF_RESTORE_REGISTERS
                0x08005ea2                LLF_RESTORE_SYSTEM_STACK
                0x08005ea8                LLF_SAVE_SYSTEM_STACK
                0x08005eae                LLF_CLEAR_ALL_GP_REGISTERS
                0x08005ee0                LLF_PERFORM_RAM_CHECK
                0x08005f2c                LLF_CHANGE_TO_UNPRIVILIGED_THREAD_MODE
 .data          0x08005f80        0x0 E:\NeuOrga\Programmieren\c_cpp\github_os\output\os_drivers\obj_arm\lld_global.o
 .bss           0x08005f80        0x0 E:\NeuOrga\Programmieren\c_cpp\github_os\output\os_drivers\obj_arm\lld_global.o
 .debug_line    0x08005f80       0xf6 E:\NeuOrga\Programmieren\c_cpp\github_os\output\os_drivers\obj_arm\lld_global.o
 .debug_info    0x08006076       0x26 E:\NeuOrga\Programmieren\c_cpp\github_os\output\os_drivers\obj_arm\lld_global.o
 .debug_abbrev  0x0800609c       0x14 E:\NeuOrga\Programmieren\c_cpp\github_os\output\os_drivers\obj_arm\lld_global.o
 .debug_aranges
                0x080060b0       0x20 E:\NeuOrga\Programmieren\c_cpp\github_os\output\os_drivers\obj_arm\lld_global.o
 .debug_str     0x080060d0       0x59 E:\NeuOrga\Programmieren\c_cpp\github_os\output\os_drivers\obj_arm\lld_global.o
                                 0x91 (size before relaxing)
 .ARM.attributes
                0x08006129       0x21 E:\NeuOrga\Programmieren\c_cpp\github_os\output\os_drivers\obj_arm\lld_global.o
 lld_interrupt.o()
 .text          0x0800614a       0x14 E:\NeuOrga\Programmieren\c_cpp\github_os\output\os_drivers\obj_arm\lld_interrupt.o
                0x0800614a                LLF_INT_DISABLE
                0x08006150                LLF_INT_ENABLE
                0x08006156                LLF_DISABLE_INTERRUPTS_ALL_CORES
                0x0800615c                LLF_WAIT_FOR_INTERRUPT
 .data          0x0800615e        0x0 E:\NeuOrga\Programmieren\c_cpp\github_os\output\os_drivers\obj_arm\lld_interrupt.o
 .bss           0x0800615e        0x0 E:\NeuOrga\Programmieren\c_cpp\github_os\output\os_drivers\obj_arm\lld_interrupt.o
 .debug_line    0x0800615e       0x85 E:\NeuOrga\Programmieren\c_cpp\github_os\output\os_drivers\obj_arm\lld_interrupt.o
 .debug_info    0x080061e3       0x26 E:\NeuOrga\Programmieren\c_cpp\github_os\output\os_drivers\obj_arm\lld_interrupt.o
 .debug_abbrev  0x08006209       0x14 E:\NeuOrga\Programmieren\c_cpp\github_os\output\os_drivers\obj_arm\lld_interrupt.o
 *fill*         0x0800621d        0x3 
 .debug_aranges
                0x08006220       0x20 E:\NeuOrga\Programmieren\c_cpp\github_os\output\os_drivers\obj_arm\lld_interrupt.o
 .debug_str     0x08006240       0x4e E:\NeuOrga\Programmieren\c_cpp\github_os\output\os_drivers\obj_arm\lld_interrupt.o
                                 0x94 (size before relaxing)
 .ARM.attributes
                0x0800628e       0x21 E:\NeuOrga\Programmieren\c_cpp\github_os\output\os_drivers\obj_arm\lld_interrupt.o
 lld_mmu.o()
 *fill*         0x080062af        0x1 
 .text          0x080062b0       0x3e E:\NeuOrga\Programmieren\c_cpp\github_os\output\os_drivers\obj_arm\lld_mmu.o
                0x080062b0                LLF_MPU_DISABLE
                0x080062b4                LLF_MPU_SWITCH_OFF_ALL_REGIONS
                0x080062b6                LLF_GET_MPU_PRESENT
 .data          0x080062ee        0x0 E:\NeuOrga\Programmieren\c_cpp\github_os\output\os_drivers\obj_arm\lld_mmu.o
 .bss           0x080062ee        0x0 E:\NeuOrga\Programmieren\c_cpp\github_os\output\os_drivers\obj_arm\lld_mmu.o
 .debug_line    0x080062ee       0x8c E:\NeuOrga\Programmieren\c_cpp\github_os\output\os_drivers\obj_arm\lld_mmu.o
 .debug_info    0x0800637a       0x26 E:\NeuOrga\Programmieren\c_cpp\github_os\output\os_drivers\obj_arm\lld_mmu.o
 .debug_abbrev  0x080063a0       0x14 E:\NeuOrga\Programmieren\c_cpp\github_os\output\os_drivers\obj_arm\lld_mmu.o
 *fill*         0x080063b4        0x4 
 .debug_aranges
                0x080063b8       0x20 E:\NeuOrga\Programmieren\c_cpp\github_os\output\os_drivers\obj_arm\lld_mmu.o
 .debug_str     0x080063d8       0x48 E:\NeuOrga\Programmieren\c_cpp\github_os\output\os_drivers\obj_arm\lld_mmu.o
                                 0x8e (size before relaxing)
 .ARM.attributes
                0x08006420       0x21 E:\NeuOrga\Programmieren\c_cpp\github_os\output\os_drivers\obj_arm\lld_mmu.o
 lld_ram.o()
 *fill*         0x08006441        0x3 
 .text          0x08006444       0xa0 E:\NeuOrga\Programmieren\c_cpp\github_os\output\os_drivers\obj_arm\lld_ram.o
                0x08006444                INIT_OS_STACK
                0x0800645e                LLF_CLEAR_ALL_RAM
 .data          0x080064e4        0x0 E:\NeuOrga\Programmieren\c_cpp\github_os\output\os_drivers\obj_arm\lld_ram.o
 .bss           0x080064e4        0x0 E:\NeuOrga\Programmieren\c_cpp\github_os\output\os_drivers\obj_arm\lld_ram.o
 .debug_line    0x080064e4       0xad E:\NeuOrga\Programmieren\c_cpp\github_os\output\os_drivers\obj_arm\lld_ram.o
 .debug_info    0x08006591       0x26 E:\NeuOrga\Programmieren\c_cpp\github_os\output\os_drivers\obj_arm\lld_ram.o
 .debug_abbrev  0x080065b7       0x14 E:\NeuOrga\Programmieren\c_cpp\github_os\output\os_drivers\obj_arm\lld_ram.o
 *fill*         0x080065cb        0x5 
 .debug_aranges
                0x080065d0       0x20 E:\NeuOrga\Programmieren\c_cpp\github_os\output\os_drivers\obj_arm\lld_ram.o
 .debug_str     0x080065f0       0x48 E:\NeuOrga\Programmieren\c_cpp\github_os\output\os_drivers\obj_arm\lld_ram.o
                                 0x8e (size before relaxing)
 .ARM.attributes
                0x08006638       0x21 E:\NeuOrga\Programmieren\c_cpp\github_os\output\os_drivers\obj_arm\lld_ram.o
 lld_timer.o()
 .text          0x08006659        0x0 E:\NeuOrga\Programmieren\c_cpp\github_os\output\os_drivers\obj_arm\lld_timer.o
 .data          0x08006659        0x0 E:\NeuOrga\Programmieren\c_cpp\github_os\output\os_drivers\obj_arm\lld_timer.o
 .bss           0x08006659        0x0 E:\NeuOrga\Programmieren\c_cpp\github_os\output\os_drivers\obj_arm\lld_timer.o
 .ARM.attributes
                0x08006659       0x21 E:\NeuOrga\Programmieren\c_cpp\github_os\output\os_drivers\obj_arm\lld_timer.o
 lld_power.o()
 *fill*         0x0800667a        0x2 
 .text          0x0800667c       0x20 E:\NeuOrga\Programmieren\c_cpp\github_os\output\os_drivers\obj_arm\lld_power.o
                0x0800667c                LLF_MCU_SWITCH_OFF_POWER
                0x08006682                LLF_MCU_RESET_POWER
 .data          0x0800669c        0x0 E:\NeuOrga\Programmieren\c_cpp\github_os\output\os_drivers\obj_arm\lld_power.o
 .bss           0x0800669c        0x0 E:\NeuOrga\Programmieren\c_cpp\github_os\output\os_drivers\obj_arm\lld_power.o
 .debug_line    0x0800669c       0x87 E:\NeuOrga\Programmieren\c_cpp\github_os\output\os_drivers\obj_arm\lld_power.o
 .debug_info    0x08006723       0x26 E:\NeuOrga\Programmieren\c_cpp\github_os\output\os_drivers\obj_arm\lld_power.o
 .debug_abbrev  0x08006749       0x14 E:\NeuOrga\Programmieren\c_cpp\github_os\output\os_drivers\obj_arm\lld_power.o
 *fill*         0x0800675d        0x3 
 .debug_aranges
                0x08006760       0x20 E:\NeuOrga\Programmieren\c_cpp\github_os\output\os_drivers\obj_arm\lld_power.o
 .debug_str     0x08006780       0x4a E:\NeuOrga\Programmieren\c_cpp\github_os\output\os_drivers\obj_arm\lld_power.o
                                 0x90 (size before relaxing)
 .ARM.attributes
                0x080067ca       0x21 E:\NeuOrga\Programmieren\c_cpp\github_os\output\os_drivers\obj_arm\lld_power.o
 os_exception_reset.o()
 *fill*         0x080067eb        0x1 
 .text          0x080067ec       0xbc E:\NeuOrga\Programmieren\c_cpp\github_os\output\os_drivers\obj_arm\os_exception_reset.o
                0x080067ec                OS_Exception_RESET
 .data          0x080068a8        0x0 E:\NeuOrga\Programmieren\c_cpp\github_os\output\os_drivers\obj_arm\os_exception_reset.o
 .bss           0x080068a8        0x0 E:\NeuOrga\Programmieren\c_cpp\github_os\output\os_drivers\obj_arm\os_exception_reset.o
 .debug_line    0x080068a8       0xbe E:\NeuOrga\Programmieren\c_cpp\github_os\output\os_drivers\obj_arm\os_exception_reset.o
 .debug_info    0x08006966       0x26 E:\NeuOrga\Programmieren\c_cpp\github_os\output\os_drivers\obj_arm\os_exception_reset.o
 .debug_abbrev  0x0800698c       0x14 E:\NeuOrga\Programmieren\c_cpp\github_os\output\os_drivers\obj_arm\os_exception_reset.o
 .debug_aranges
                0x080069a0       0x20 E:\NeuOrga\Programmieren\c_cpp\github_os\output\os_drivers\obj_arm\os_exception_reset.o
 .debug_str     0x080069c0       0x50 E:\NeuOrga\Programmieren\c_cpp\github_os\output\os_drivers\obj_arm\os_exception_reset.o
                                 0x96 (size before relaxing)
 .ARM.attributes
                0x08006a10       0x21 E:\NeuOrga\Programmieren\c_cpp\github_os\output\os_drivers\obj_arm\os_exception_reset.o
 os_common.o()
 *fill*         0x08006a31        0x3 
 .text          0x08006a34       0x38 os_common.o
                0x08006a34                OS_SetSwBug
                0x08006a5c                OS_GetCurrentTime
 .data          0x08006a6c        0x0 os_common.o
 .bss           0x08006a6c        0x0 os_common.o
 .debug_info    0x08006a6c      0x70b os_common.o
 .debug_abbrev  0x08007177      0x131 os_common.o
 .debug_aranges
                0x080072a8       0x20 os_common.o
 .debug_macro   0x080072c8       0xa2 os_common.o
 .debug_line    0x0800736a      0x1eb os_common.o
 .debug_str     0x08007555      0x1e9 os_common.o
                               0x3b60 (size before relaxing)
 .comment       0x0800773e       0x80 os_common.o
 *fill*         0x0800773e        0x2 
 .debug_frame   0x08007740       0x5c os_common.o
 .ARM.attributes
                0x0800779c       0x33 os_common.o
 os_exception.o()
 *fill*         0x080077cf        0x1 
 .text          0x080077d0      0x274 os_exception.o
                0x08007858                OS_Exception_HARDFAULT
                0x08007870                OS_Exception_NMI
                0x08007888                OS_Exception_SWI
                0x080078a0                OS_Exception_BUS_FAULT
                0x080078b8                OS_Exception_DEBUG
                0x080078c2                OS_Exception_MEM_MANAG_FAULT
                0x080078d8                OS_Exception_USAGE_FAULT
                0x080078f0                OS_Exception_PendSV
                0x080078f6                OS_Exception_Systick
                0x08007a2c                OS_Exception_IRQ
                0x08007a38                OS_Exception_FIQ
 .data          0x08007a44        0x0 os_exception.o
 .bss           0x08007a44        0x0 os_exception.o
 .debug_info    0x08007a44      0x772 os_exception.o
 .debug_abbrev  0x080081b6      0x15f os_exception.o
 .debug_aranges
                0x08008315       0x20 os_exception.o
 .debug_macro   0x08008335      0x13b os_exception.o
 .debug_macro   0x08008470      0xa3c os_exception.o
 .debug_macro   0x08008eac       0x1c os_exception.o
 .debug_macro   0x08008ec8       0x28 os_exception.o
 .debug_line    0x08008ef0      0x2b5 os_exception.o
 .debug_str     0x080091a5      0x64f os_exception.o
                               0x3f6b (size before relaxing)
 .comment       0x080097f4       0x80 os_exception.o
 .debug_frame   0x080097f4      0x174 os_exception.o
 .ARM.attributes
                0x08009968       0x33 os_exception.o
 os_exception_isr_handler.o()
 *fill*         0x0800999b        0x1 
 .text          0x0800999c        0xc os_exception_isr_handler.o
                0x0800999c                OS_ISRHANDLERC0
 .data          0x080099a8        0x0 os_exception_isr_handler.o
 .bss           0x080099a8        0x0 os_exception_isr_handler.o
 .debug_info    0x080099a8      0x65c os_exception_isr_handler.o
 .debug_abbrev  0x0800a004      0x108 os_exception_isr_handler.o
 .debug_aranges
                0x0800a10c       0x20 os_exception_isr_handler.o
 .debug_macro   0x0800a12c       0xab os_exception_isr_handler.o
 .debug_line    0x0800a1d7      0x20d os_exception_isr_handler.o
 .debug_str     0x0800a3e4       0x66 os_exception_isr_handler.o
                               0x3a4d (size before relaxing)
 .comment       0x0800a44a       0x80 os_exception_isr_handler.o
 *fill*         0x0800a44a        0x2 
 .debug_frame   0x0800a44c       0x34 os_exception_isr_handler.o
 .ARM.attributes
                0x0800a480       0x33 os_exception_isr_handler.o
 os_exception_table.o()
 os_init_task_system.o()
 *fill*         0x0800a4b3        0x1 
 .text          0x0800a4b4        0xc os_init_task_system.o
                0x0800a4b4                OS_InitTaskSystem
 .data          0x0800a4c0        0x0 os_init_task_system.o
 .bss           0x0800a4c0        0x0 os_init_task_system.o
 .debug_info    0x0800a4c0      0x65c os_init_task_system.o
 .debug_abbrev  0x0800ab1c      0x108 os_init_task_system.o
 .debug_aranges
                0x0800ac24       0x20 os_init_task_system.o
 .debug_macro   0x0800ac44       0xb1 os_init_task_system.o
 .debug_macro   0x0800acf5       0x22 os_init_task_system.o
 .debug_line    0x0800ad17      0x209 os_init_task_system.o
 .debug_str     0x0800af20       0x63 os_init_task_system.o
                               0x3a4a (size before relaxing)
 .comment       0x0800af83       0x80 os_init_task_system.o
 *fill*         0x0800af83        0x1 
 .debug_frame   0x0800af84       0x2c os_init_task_system.o
 .ARM.attributes
                0x0800afb0       0x33 os_init_task_system.o
 os_main.o()
 *fill*         0x0800afe3        0x1 
 .text          0x0800afe4      0x148 os_main.o
                0x0800b06c                OS_StateHandler
 .data          0x0800b12c        0x0 os_main.o
 .bss           0x0800b12c        0x9 os_main.o
 .debug_info    0x0800b135      0x6f9 os_main.o
 .debug_abbrev  0x0800b82e      0x12f os_main.o
 .debug_aranges
                0x0800b95d       0x20 os_main.o
 .debug_macro   0x0800b97d       0xdc os_main.o
 .debug_line    0x0800ba59      0x29d os_main.o
 .debug_str     0x0800bcf6      0x125 os_main.o
                               0x3bf5 (size before relaxing)
 .comment       0x0800be1b       0x80 os_main.o
 *fill*         0x0800be1b        0x1 
 .debug_frame   0x0800be1c       0x48 os_main.o
 .ARM.attributes
                0x0800be64       0x33 os_main.o
 os_memory_mmu_setup.o()
 *fill*         0x0800be97        0x1 
 .text          0x0800be98       0x14 os_memory_mmu_setup.o
                0x0800be98                OS_MmuSetup
 .data          0x0800beac        0x0 os_memory_mmu_setup.o
 .bss           0x0800beac        0x0 os_memory_mmu_setup.o
 .debug_info    0x0800beac      0x65c os_memory_mmu_setup.o
 .debug_abbrev  0x0800c508      0x108 os_memory_mmu_setup.o
 .debug_aranges
                0x0800c610       0x20 os_memory_mmu_setup.o
 .debug_macro   0x0800c630       0xda os_memory_mmu_setup.o
 .debug_line    0x0800c70a      0x1e7 os_memory_mmu_setup.o
 .debug_str     0x0800c8f1      0x1cb os_memory_mmu_setup.o
                               0x3b42 (size before relaxing)
 .comment       0x0800cabc       0x80 os_memory_mmu_setup.o
 .debug_frame   0x0800cabc       0x2c os_memory_mmu_setup.o
 .ARM.attributes
                0x0800cae8       0x33 os_memory_mmu_setup.o
 os_shutdown.o()
 *fill*         0x0800cb1b        0x1 
 .text          0x0800cb1c       0x6c os_shutdown.o
                0x0800cb34                OS_DeinitMc
                0x0800cb40                OS_Shutdown
 .data          0x0800cb88        0x0 os_shutdown.o
 .bss           0x0800cb88        0x0 os_shutdown.o
 .debug_info    0x0800cb88      0x6e3 os_shutdown.o
 .debug_abbrev  0x0800d26b      0x14e os_shutdown.o
 .debug_aranges
                0x0800d3b9       0x20 os_shutdown.o
 .debug_macro   0x0800d3d9       0xb2 os_shutdown.o
 .debug_line    0x0800d48b      0x211 os_shutdown.o
 .debug_str     0x0800d69c       0xa9 os_shutdown.o
                               0x3a80 (size before relaxing)
 .comment       0x0800d745       0x80 os_shutdown.o
 *fill*         0x0800d745        0x3 
 .debug_frame   0x0800d748       0x9c os_shutdown.o
 .ARM.attributes
                0x0800d7e4       0x33 os_shutdown.o
 os_start_ext_prg.o()
 *fill*         0x0800d817        0x1 
 .text          0x0800d818       0x4a os_start_ext_prg.o
                0x0800d830                OS_StartExtPrg
 .data          0x0800d862        0x0 os_start_ext_prg.o
 .bss           0x0800d862        0x0 os_start_ext_prg.o
 .debug_info    0x0800d862      0x6dd os_start_ext_prg.o
 .debug_abbrev  0x0800df3f      0x138 os_start_ext_prg.o
 .debug_aranges
                0x0800e077       0x20 os_start_ext_prg.o
 .debug_macro   0x0800e097       0x9e os_start_ext_prg.o
 .debug_line    0x0800e135      0x1ea os_start_ext_prg.o
 .debug_str     0x0800e31f       0x90 os_start_ext_prg.o
                               0x3a12 (size before relaxing)
 .comment       0x0800e3af       0x80 os_start_ext_prg.o
 *fill*         0x0800e3af        0x1 
 .debug_frame   0x0800e3b0       0x60 os_start_ext_prg.o
 .ARM.attributes
                0x0800e410       0x33 os_start_ext_prg.o
 os_start_init_hw.o()
 *fill*         0x0800e443        0x1 
 .text          0x0800e444        0xc os_start_init_hw.o
                0x0800e444                OS_InitHw
 .data          0x0800e450        0x0 os_start_init_hw.o
 .bss           0x0800e450        0x0 os_start_init_hw.o
 .debug_info    0x0800e450      0x65c os_start_init_hw.o
 .debug_abbrev  0x0800eaac      0x108 os_start_init_hw.o
 .debug_aranges
                0x0800ebb4       0x20 os_start_init_hw.o
 .debug_macro   0x0800ebd4       0x9e os_start_init_hw.o
 .debug_line    0x0800ec72      0x1da os_start_init_hw.o
 .debug_str     0x0800ee4c       0x58 os_start_init_hw.o
                               0x39cf (size before relaxing)
 .comment       0x0800eea4       0x80 os_start_init_hw.o
 .debug_frame   0x0800eea4       0x34 os_start_init_hw.o
 .ARM.attributes
                0x0800eed8       0x33 os_start_init_hw.o
 os_start_init_mc.o()
 *fill*         0x0800ef0b        0x1 
 .text          0x0800ef0c        0xc os_start_init_mc.o
                0x0800ef0c                OS_InitMc
 .data          0x0800ef18        0x0 os_start_init_mc.o
 .bss           0x0800ef18        0x0 os_start_init_mc.o
 .debug_info    0x0800ef18      0x65c os_start_init_mc.o
 .debug_abbrev  0x0800f574      0x108 os_start_init_mc.o
 .debug_aranges
                0x0800f67c       0x20 os_start_init_mc.o
 .debug_macro   0x0800f69c       0xb2 os_start_init_mc.o
 .debug_line    0x0800f74e      0x20a os_start_init_mc.o
 .debug_str     0x0800f958       0x71 os_start_init_mc.o
                               0x39fe (size before relaxing)
 .comment       0x0800f9c9       0x80 os_start_init_mc.o
 *fill*         0x0800f9c9        0x3 
 .debug_frame   0x0800f9cc       0x2c os_start_init_mc.o
 .ARM.attributes
                0x0800f9f8       0x33 os_start_init_mc.o
 os_start_init_sw.o()
 *fill*         0x0800fa2b        0x1 
 .text          0x0800fa2c       0x70 os_start_init_sw.o
                0x0800fa2c                OS_InitSw
 .data          0x0800fa9c        0x0 os_start_init_sw.o
 .bss           0x0800fa9c        0x0 os_start_init_sw.o
 .debug_info    0x0800fa9c      0x669 os_start_init_sw.o
 .debug_abbrev  0x08010105      0x117 os_start_init_sw.o
 .debug_aranges
                0x0801021c       0x20 os_start_init_sw.o
 .debug_macro   0x0801023c       0x9e os_start_init_sw.o
 .debug_line    0x080102da      0x1f3 os_start_init_sw.o
 .debug_str     0x080104cd       0x58 os_start_init_sw.o
                               0x39cf (size before relaxing)
 .comment       0x08010525       0x80 os_start_init_sw.o
 *fill*         0x08010525        0x3 
 .debug_frame   0x08010528       0x38 os_start_init_sw.o
 .ARM.attributes
                0x08010560       0x33 os_start_init_sw.o
 os_start_os.o()
 *fill*         0x08010593        0x1 
 .text          0x08010594       0x8c os_start_os.o
                0x08010594                OS_StartOs
 .data          0x08010620        0x0 os_start_os.o
 .bss           0x08010620        0x0 os_start_os.o
 .debug_info    0x08010620      0x65c os_start_os.o
 .debug_abbrev  0x08010c7c      0x108 os_start_os.o
 .debug_aranges
                0x08010d84       0x20 os_start_os.o
 .debug_macro   0x08010da4       0xc0 os_start_os.o
 .debug_line    0x08010e64      0x1f1 os_start_os.o
 .debug_str     0x08011055      0x233 os_start_os.o
                               0x3baa (size before relaxing)
 .comment       0x08011288       0x80 os_start_os.o
 .debug_frame   0x08011288       0x2c os_start_os.o
 .ARM.attributes
                0x080112b4       0x33 os_start_os.o
 os_task_common.o()
 *fill*         0x080112e7        0x1 
 .text          0x080112e8      0x184 os_task_common.o
                0x080112e8                OS_TaskSaveTaskEnvironment
                0x08011326                OS_TASK_RESTORETASK_ENVIRONMENT
                0x08011356                OS_TASK_RESTORE_SYSTEM_STACK
                0x0801136c                OS_TASK_SAVE_SYSTEM_STACK
                0x08011382                OS_Task_InitTaskEnvironment
 .data          0x0801146c        0x0 os_task_common.o
 .bss           0x0801146c        0x0 os_task_common.o
 .debug_info    0x0801146c      0x78b os_task_common.o
 .debug_abbrev  0x08011bf7      0x13e os_task_common.o
 .debug_aranges
                0x08011d35       0x20 os_task_common.o
 .debug_macro   0x08011d55       0xaf os_task_common.o
 .debug_line    0x08011e04      0x247 os_task_common.o
 .debug_str     0x0801204b       0xeb os_task_common.o
                               0x3c37 (size before relaxing)
 .comment       0x08012136       0x80 os_task_common.o
 *fill*         0x08012136        0x2 
 .debug_frame   0x08012138       0xd8 os_task_common.o
 .ARM.attributes
                0x08012210       0x33 os_task_common.o
 *fill*         0x08012243        0x1 
 COMMON         0x08012244       0x28 os_task_common.o
                0x08012244                TASK_PTR
 os_task_queue.o()
 .text          0x0801226c      0xa8c os_task_queue.o
                0x0801226c                SET_RUNNING_TASK
                0x080123fc                OS_InitTaskQueue
                0x08012454                AddToTaskQueue
                0x08012834                DeleteFromTaskQueue
                0x08012940                GetFromTaskQueue
                0x08012956                GetFromSchedulingQueue
                0x08012978                DeleteFromSchedulingQueue
                0x08012990                AddToSchedulingQueue
                0x080129e0                UpdateSchedulingQueue
                0x08012a60                GetIdleTask
                0x08012a74                AddToIdleTaskQueue
                0x08012bf4                GetRunningTask
                0x08012c08                GetRunningSchedulingQueueElementPtr
                0x08012c1c                OS_InitTask
 .data          0x08012cf8        0x0 os_task_queue.o
 .bss           0x08012cf8        0x0 os_task_queue.o
 .debug_info    0x08012cf8      0x9b7 os_task_queue.o
 .debug_abbrev  0x080136af      0x1eb os_task_queue.o
 .debug_aranges
                0x0801389a       0x20 os_task_queue.o
 .debug_macro   0x080138ba       0xb4 os_task_queue.o
 .debug_line    0x0801396e      0x32b os_task_queue.o
 .debug_str     0x08013c99      0x222 os_task_queue.o
                               0x3dfc (size before relaxing)
 .comment       0x08013ebb       0x80 os_task_queue.o
 *fill*         0x08013ebb        0x1 
 .debug_frame   0x08013ebc      0x238 os_task_queue.o
 .ARM.attributes
                0x080140f4       0x33 os_task_queue.o
 os_task_scheduler.o()
 *fill*         0x08014127        0x1 
 .text          0x08014128      0x7cc os_task_scheduler.o
                0x08014128                OS_ActivateDispatcher
                0x08014168                OS_SleepTask
                0x08014192                task_state_request
                0x080142ac                OS_CreateTask
                0x0801438c                OS_ActivateTask
                0x0801442c                OS_StartTask
                0x08014504                OS_TerminateTask
                0x080145a8                OS_TaskDispatcher
                0x08014674                OS_InitTasks
 .data          0x080148f4        0x0 os_task_scheduler.o
 .bss           0x080148f4        0x0 os_task_scheduler.o
 .debug_info    0x080148f4      0xa05 os_task_scheduler.o
 .debug_abbrev  0x080152f9      0x1f6 os_task_scheduler.o
 .debug_aranges
                0x080154ef       0x20 os_task_scheduler.o
 .debug_macro   0x0801550f       0xe0 os_task_scheduler.o
 .debug_line    0x080155ef      0x3c4 os_task_scheduler.o
 .debug_str     0x080159b3      0x19a os_task_scheduler.o
                               0x3ee6 (size before relaxing)
 .comment       0x08015b4d       0x80 os_task_scheduler.o
 *fill*         0x08015b4d        0x3 
 .debug_frame   0x08015b50      0x248 os_task_scheduler.o
 .ARM.attributes
                0x08015d98       0x33 os_task_scheduler.o
 os_stack.o()
 *fill*         0x08015dcb        0x1 
 .text          0x08015dcc        0x0 os_stack.o
 .data          0x08015dcc        0x0 os_stack.o
 .bss           0x08015dcc        0x0 os_stack.o
 .debug_info    0x08015dcc      0x643 os_stack.o
 .debug_abbrev  0x0801640f       0xec os_stack.o
 .debug_aranges
                0x080164fb       0x18 os_stack.o
 .debug_macro   0x08016513       0x9e os_stack.o
 .debug_line    0x080165b1      0x1c4 os_stack.o
 .debug_str     0x08016775       0x46 os_stack.o
                               0x39bd (size before relaxing)
 .comment       0x080167bb       0x80 os_stack.o
 .ARM.attributes
                0x080167bb       0x33 os_stack.o
 os_heap.o()
 .text          0x080167ee        0x0 os_heap.o
 .data          0x080167ee        0x0 os_heap.o
 .bss           0x080167ee        0x0 os_heap.o
 .debug_info    0x080167ee      0x643 os_heap.o
 .debug_abbrev  0x08016e31       0xec os_heap.o
 .debug_aranges
                0x08016f1d       0x18 os_heap.o
 .debug_macro   0x08016f35       0xa2 os_heap.o
 .debug_line    0x08016fd7      0x1c3 os_heap.o
 .debug_str     0x0801719a       0x45 os_heap.o
                               0x39bc (size before relaxing)
 .comment       0x080171df       0x80 os_heap.o
 .ARM.attributes
                0x080171df       0x33 os_heap.o
 led.o()
 .text          0x08017212       0x50 led.o
                0x08017212                USER_LED_INIT
                0x08017226                USER_LED_ON
                0x0801723a                USER_LED_OFF
                0x0801724e                USER_LED_TOGGLE
 .data          0x08017262        0x0 led.o
 .bss           0x08017262        0x0 led.o
 .debug_info    0x08017262      0x708 led.o
 .debug_abbrev  0x0801796a      0x142 led.o
 .debug_aranges
                0x08017aac       0x20 led.o
 .debug_macro   0x08017acc       0xa2 led.o
 .debug_line    0x08017b6e      0x1cb led.o
 .debug_str     0x08017d39       0x97 led.o
                               0x3a0e (size before relaxing)
 .comment       0x08017dd0       0x80 led.o
 .debug_frame   0x08017dd0       0xb0 led.o
 .ARM.attributes
                0x08017e80       0x33 led.o
                0x08017eb3                _code_end = .
                [!provide]                PROVIDE (code_start = .)
                [!provide]                PROVIDE (code_end = .)
 *fill*         0x08017eb3        0x1 
 .text          0x08017eb4      0x378 d:/programm/gnu tools arm embedded/7 2018-q2-update/bin/../lib/gcc/arm-none-eabi/7.3.1/thumb/v7e-m\libgcc.a(_arm_addsubdf3.o)
                0x08017eb4                __aeabi_drsub
                0x08017ebc                __aeabi_dsub
                0x08017ebc                __subdf3
                0x08017ec0                __aeabi_dadd
                0x08017ec0                __adddf3
                0x08018138                __floatunsidf
                0x08018138                __aeabi_ui2d
                0x08018158                __floatsidf
                0x08018158                __aeabi_i2d
                0x0801817c                __aeabi_f2d
                0x0801817c                __extendsfdf2
                0x080181c0                __floatundidf
                0x080181c0                __aeabi_ul2d
                0x080181d0                __floatdidf
                0x080181d0                __aeabi_l2d
 .text          0x0801822c      0x110 d:/programm/gnu tools arm embedded/7 2018-q2-update/bin/../lib/gcc/arm-none-eabi/7.3.1/thumb/v7e-m\libgcc.a(_arm_cmpdf2.o)
                0x0801822c                __gtdf2
                0x0801822c                __gedf2
                0x08018234                __ltdf2
                0x08018234                __ledf2
                0x0801823c                __nedf2
                0x0801823c                __eqdf2
                0x0801823c                __cmpdf2
                0x080182b8                __aeabi_cdrcmple
                0x080182c8                __aeabi_cdcmpeq
                0x080182c8                __aeabi_cdcmple
                0x080182d8                __aeabi_dcmpeq
                0x080182ec                __aeabi_dcmplt
                0x08018300                __aeabi_dcmple
                0x08018314                __aeabi_dcmpge
                0x08018328                __aeabi_dcmpgt

.glue_7         0x0801833c        0x0
 .glue_7        0x0801833c        0x0 linker stubs

.glue_7t        0x0801833c        0x0
 .glue_7t       0x0801833c        0x0 linker stubs

.vfp11_veneer   0x0801833c        0x0
 .vfp11_veneer  0x0801833c        0x0 linker stubs

.v4_bx          0x0801833c        0x0
 .v4_bx         0x0801833c        0x0 linker stubs

.data           0x20000000    0x15df4
                0x20000000                _ram_start = .
 os_ram.o()
 .text          0x20000000        0x0 os_ram.o
 .data          0x20000000        0x0 os_ram.o
 .bss           0x20000000        0x0 os_ram.o
 .debug_info    0x20000000      0x95b os_ram.o
 .debug_abbrev  0x2000095b      0x115 os_ram.o
 .debug_aranges
                0x20000a70       0x18 os_ram.o
 .debug_macro   0x20000a88       0xa6 os_ram.o
 .debug_line    0x20000b2e      0x1dd os_ram.o
 .debug_str     0x20000d0b     0x3a1b os_ram.o
                               0x3a7f (size before relaxing)
 .comment       0x20004726       0x7f os_ram.o
                                 0x80 (size before relaxing)
 .ARM.attributes
                0x200047a5       0x33 os_ram.o
 COMMON         0x200047d8     0xf79c os_ram.o
                0x200047d8                TASK_STACK
                0x200095f8                VAR_MEM_MANAG_FAULT_STATUS_REG
                0x200095fc                REGISTER_R2
                0x20009600                TASK_GROUP_3
                0x20009608                RAM_CHECK_FAILURE_ADDR
                0x2000960c                REGISTER_R0
                0x20009610                OS_STACK
                0x2000e610                REGISTER_R6
                0x2000e614                REGISTER_R7
                0x2000e618                DBG_CALIB_VALUE
                0x2000e61c                OS_STATE
                0x2000e620                TASK_IDLE_QUEUE
                0x2000e6a8                REGISTER_R9
                0x2000e6ac                TASK1_CALL_NR
                0x2000e6b0                bTASK_QUEUE_INITIALIZED
                0x2000e6b4                BACKUP_SYSTICK_CURRENT_VAL_REG
                0x2000e6b8                TASK2_CALL_NR
                0x2000e6bc                LAST_CURRENT_TIME
                0x2000e6c0                LINK_REGISTER_HANDLER
                0x2000e6c4                VAR_AUX_FAULT_STATUS_REG
                0x2000e6c8                REGISTER_R8
                0x2000e6cc                TASK_3_VAR
                0x2000e754                TASK_0_VAR
                0x2000e7dc                TASK4_CALL_NR
                0x2000e7e0                TASK_GROUP_2
                0x2000e7e8                REGISTER_R5
                0x2000e7ec                OS_MAIN_STACK
                0x200137ec                SAVED_STACK_POINTER
                0x200137f0                DBG_RLD_VALUE
                0x200137f4                REGISTER_R4
                0x200137f8                RUNNING_TASK
                0x20013880                TASK_RUN_QUEUE
                0x20013dd0                VAR_HARDFAULT_STATUS_REG
                0x20013dd4                RUNNING_SCHEDULING_QUEUE_ENTRY
                0x20013dd8                TASK_GROUP_5
                0x20013de0                REGISTER_R1
                0x20013de4                DBG_CTRL_VALUE
                0x20013de8                TASK_2_VAR
                0x20013e70                VAR_BUS_FAULT_STATUS_REG
                0x20013e74                RAM_CHECK_FAILURE_DETECTED
                0x20013e78                REGISTER_R10
                0x20013e7c                DBG_CURR_VAL
                0x20013e80                TASK_GROUP_1
                0x20013e88                VAR_FAULT_STATUS_REG
                0x20013e8c                TASK_GROUP_4
                0x20013e94                REGISTER_R11
                0x20013e98                TASK_TRANSITION_REJECTED_STATE
                0x20013e99                TASK_TRANSITION_CURRENT_STATE
                0x20013e9c                REGISTER_R3
                0x20013ea0                TASK_SCHEDULING_QUEUE
                0x20013ec8                TASK3_CALL_NR
                0x20013ecc                VAR_MEM_FAULT_ADDR_REG
                0x20013ed0                VAR_USAGE_FAULT_STATUS_REG
                0x20013ed4                VAR_BUS_FAULT_ADDR_REG
                0x20013ed8                TASK_TRANSITION_REJECTED_TASK_ADDR
                0x20013edc                OS_SW_BUG
                0x20013eec                TASK_1_VAR
 os_shared_ram.o()
 .text          0x20013f74        0x0 os_shared_ram.o
 .data          0x20013f74        0x0 os_shared_ram.o
 .bss           0x20013f74        0x0 os_shared_ram.o
 .debug_info    0x20013f74      0x763 os_shared_ram.o
 .debug_abbrev  0x200146d7       0xfd os_shared_ram.o
 .debug_aranges
                0x200147d4       0x18 os_shared_ram.o
 .debug_macro   0x200147ec       0xfe os_shared_ram.o
 .debug_line    0x200148ea      0x1c9 os_shared_ram.o
 .debug_str     0x20014ab3      0x30b os_shared_ram.o
                               0x3c82 (size before relaxing)
 .comment       0x20014dbe       0x80 os_shared_ram.o
 .ARM.attributes
                0x20014dbe       0x33 os_shared_ram.o
 *fill*         0x20014df1        0x3 
 COMMON         0x20014df4     0x1000 os_shared_ram.o
                0x20014df4                RAM_BLOCK_C01_C01
                0x20014ef4                RAM_BLOCK_C01_C00
                0x20014ff4                RAM_BLOCK_C00_C00
                0x200150f4                RAM_BLOCK_C01_C03
                0x200151f4                RAM_BLOCK_C03_C01
                0x200152f4                RAM_BLOCK_C00_C01
                0x200153f4                RAM_BLOCK_C02_C01
                0x200154f4                RAM_BLOCK_C01_C02
                0x200155f4                RAM_BLOCK_C03_C00
                0x200156f4                RAM_BLOCK_C02_C00
                0x200157f4                RAM_BLOCK_C02_C02
                0x200158f4                RAM_BLOCK_C03_C03
                0x200159f4                RAM_BLOCK_C03_C02
                0x20015af4                RAM_BLOCK_C00_C03
                0x20015bf4                RAM_BLOCK_C00_C02
                0x20015cf4                RAM_BLOCK_C02_C03
                0x20015df4                _ram_end = .
                [!provide]                PROVIDE (ram_start = .)
                [!provide]                PROVIDE (ram_end = .)
 .data          0x20015df4        0x0 d:/programm/gnu tools arm embedded/7 2018-q2-update/bin/../lib/gcc/arm-none-eabi/7.3.1/thumb/v7e-m\libgcc.a(_arm_addsubdf3.o)
 .data          0x20015df4        0x0 d:/programm/gnu tools arm embedded/7 2018-q2-update/bin/../lib/gcc/arm-none-eabi/7.3.1/thumb/v7e-m\libgcc.a(_arm_cmpdf2.o)
START GROUP
LOAD d:/programm/gnu tools arm embedded/7 2018-q2-update/bin/../lib/gcc/arm-none-eabi/7.3.1/thumb/v7e-m\libgcc.a
LOAD d:/programm/gnu tools arm embedded/7 2018-q2-update/bin/../lib/gcc/arm-none-eabi/7.3.1/../../../../arm-none-eabi/lib/thumb/v7e-m\libg.a
LOAD d:/programm/gnu tools arm embedded/7 2018-q2-update/bin/../lib/gcc/arm-none-eabi/7.3.1/../../../../arm-none-eabi/lib/thumb/v7e-m\libc.a
END GROUP
OUTPUT(E:\NeuOrga\Programmieren\c_cpp\github_os\output\VERSION_ARM\operating_system.elf elf32-littlearm)

.bss            0x20015df4        0x0
 .bss           0x20015df4        0x0 d:/programm/gnu tools arm embedded/7 2018-q2-update/bin/../lib/gcc/arm-none-eabi/7.3.1/thumb/v7e-m\libgcc.a(_arm_addsubdf3.o)
 .bss           0x20015df4        0x0 d:/programm/gnu tools arm embedded/7 2018-q2-update/bin/../lib/gcc/arm-none-eabi/7.3.1/thumb/v7e-m\libgcc.a(_arm_cmpdf2.o)

.ARM.attributes
                0x00000000       0x31
 .ARM.attributes
                0x00000000       0x1e d:/programm/gnu tools arm embedded/7 2018-q2-update/bin/../lib/gcc/arm-none-eabi/7.3.1/thumb/v7e-m\libgcc.a(_arm_addsubdf3.o)
 .ARM.attributes
                0x0000001e       0x1e d:/programm/gnu tools arm embedded/7 2018-q2-update/bin/../lib/gcc/arm-none-eabi/7.3.1/thumb/v7e-m\libgcc.a(_arm_cmpdf2.o)

.debug_frame    0x00000000      0x170
 .debug_frame   0x00000000       0xac d:/programm/gnu tools arm embedded/7 2018-q2-update/bin/../lib/gcc/arm-none-eabi/7.3.1/thumb/v7e-m\libgcc.a(_arm_addsubdf3.o)
 .debug_frame   0x000000ac       0xc4 d:/programm/gnu tools arm embedded/7 2018-q2-update/bin/../lib/gcc/arm-none-eabi/7.3.1/thumb/v7e-m\libgcc.a(_arm_cmpdf2.o)
