Archive member included because of file (symbol)

d:/programm/gnu tools arm embedded/4.9 2015q1/bin/../lib/gcc/arm-none-eabi/4.9.3/armv7e-m\libgcc.a(_arm_addsubdf3.o)
                              os_task_scheduler.o (__aeabi_ui2d)
d:/programm/gnu tools arm embedded/4.9 2015q1/bin/../lib/gcc/arm-none-eabi/4.9.3/armv7e-m\libgcc.a(_arm_cmpdf2.o)
                              os_task_scheduler.o (__aeabi_dcmpgt)

Allocating common symbols
Common symbol       size              file

RAM_BLOCK_C01_C01   0x100             os_shared_ram.o
VAR_MEM_MANAG_FAULT_STATUS_REG
                    0x4               os_ram.o
REGISTER_R2         0x4               os_task_common.o
REGISTER_R0         0x4               os_task_common.o
OS_STACK            0x100             os_ram.o
RAM_BLOCK_C01_C00   0x100             os_shared_ram.o
RAM_BLOCK_C00_C00   0x100             os_shared_ram.o
OS_STATE            0x4               os_ram.o
BACKUP_SYSTICK_CURRENT_VAL_REG
                    0x4               os_ram.o
RAM_BLOCK_C01_C03   0x100             os_shared_ram.o
LINK_REGISTER_HANDLER
                    0x4               os_ram.o
VAR_AUX_FAULT_STATUS_REG
                    0x4               os_ram.o
RAM_BLOCK_C03_C01   0x100             os_shared_ram.o
RAM_BLOCK_C00_C01   0x100             os_shared_ram.o
TASK_PTR            0x14              os_task_common.o
OS_MAIN_STACK       0x100             os_ram.o
RAM_BLOCK_C02_C01   0x100             os_shared_ram.o
RAM_BLOCK_C01_C02   0x100             os_shared_ram.o
VAR_HARDFAULT_STATUS_REG
                    0x4               os_ram.o
RAM_BLOCK_C03_C00   0x100             os_shared_ram.o
REGISTER_R1         0x4               os_task_common.o
RAM_BLOCK_C02_C00   0x100             os_shared_ram.o
VAR_BUS_FAULT_STATUS_REG
                    0x4               os_ram.o
RAM_BLOCK_C02_C02   0x100             os_shared_ram.o
RAM_BLOCK_C03_C03   0x100             os_shared_ram.o
RAM_BLOCK_C03_C02   0x100             os_shared_ram.o
RAM_BLOCK_C00_C03   0x100             os_shared_ram.o
HEAP                0x2710            os_ram.o
VAR_FAULT_STATUS_REG
                    0x4               os_ram.o
REGISTER_R3         0x4               os_task_common.o
VAR_MEM_FAULT_ADDR_REG
                    0x4               os_ram.o
VAR_USAGE_FAULT_STATUS_REG
                    0x4               os_ram.o
VAR_BUS_FAULT_ADDR_REG
                    0x4               os_ram.o
RAM_BLOCK_C00_C02   0x100             os_shared_ram.o
RAM_BLOCK_C02_C03   0x100             os_shared_ram.o

Discarded input sections

 .group         0x00000000        0x8 os_exception_table.o
 .group         0x00000000        0x8 os_exception_table.o
 .group         0x00000000        0x8 os_exception_table.o
 .group         0x00000000        0x8 os_exception_table.o
 .group         0x00000000        0x8 os_exception_table.o
 .group         0x00000000        0x8 os_exception_table.o
 .group         0x00000000        0x8 os_exception_table.o
 .group         0x00000000        0x8 os_exception_table.o
 .group         0x00000000        0x8 os_exception_table.o
 .group         0x00000000        0x8 os_const.o
 .group         0x00000000        0x8 os_const.o
 .group         0x00000000        0x8 os_const.o
 .group         0x00000000        0x8 os_const.o
 .group         0x00000000        0x8 os_const.o
 .group         0x00000000        0x8 os_const.o
 .group         0x00000000        0x8 os_const.o
 .group         0x00000000        0x8 os_const.o
 .debug_macro   0x00000000      0x86e os_const.o
 .debug_macro   0x00000000       0x4c os_const.o
 .debug_macro   0x00000000       0x8e os_const.o
 .debug_macro   0x00000000       0x16 os_const.o
 .debug_macro   0x00000000       0x28 os_const.o
 .debug_macro   0x00000000       0x1c os_const.o
 .debug_macro   0x00000000       0x46 os_const.o
 .debug_macro   0x00000000       0x10 os_const.o
 .group         0x00000000        0x8 os_common.o
 .group         0x00000000        0x8 os_common.o
 .group         0x00000000        0x8 os_common.o
 .group         0x00000000        0x8 os_common.o
 .group         0x00000000        0x8 os_common.o
 .group         0x00000000        0x8 os_common.o
 .group         0x00000000        0x8 os_common.o
 .group         0x00000000        0x8 os_common.o
 .debug_macro   0x00000000      0x86e os_common.o
 .debug_macro   0x00000000       0x4c os_common.o
 .debug_macro   0x00000000       0x8e os_common.o
 .debug_macro   0x00000000       0x16 os_common.o
 .debug_macro   0x00000000       0x28 os_common.o
 .debug_macro   0x00000000       0x1c os_common.o
 .debug_macro   0x00000000       0x46 os_common.o
 .debug_macro   0x00000000       0x10 os_common.o
 .group         0x00000000        0x8 os_driver_hook.o
 .group         0x00000000        0x8 os_driver_hook.o
 .group         0x00000000        0x8 os_driver_hook.o
 .group         0x00000000        0x8 os_driver_hook.o
 .group         0x00000000        0x8 os_driver_hook.o
 .group         0x00000000        0x8 os_driver_hook.o
 .group         0x00000000        0x8 os_driver_hook.o
 .group         0x00000000        0x8 os_driver_hook.o
 .debug_macro   0x00000000      0x86e os_driver_hook.o
 .debug_macro   0x00000000       0x4c os_driver_hook.o
 .debug_macro   0x00000000       0x8e os_driver_hook.o
 .debug_macro   0x00000000       0x16 os_driver_hook.o
 .debug_macro   0x00000000       0x28 os_driver_hook.o
 .debug_macro   0x00000000       0x1c os_driver_hook.o
 .debug_macro   0x00000000       0x46 os_driver_hook.o
 .debug_macro   0x00000000       0x10 os_driver_hook.o
 .group         0x00000000        0x8 os_exception.o
 .group         0x00000000        0x8 os_exception.o
 .group         0x00000000        0x8 os_exception.o
 .group         0x00000000        0x8 os_exception.o
 .group         0x00000000        0x8 os_exception.o
 .group         0x00000000        0x8 os_exception.o
 .group         0x00000000        0x8 os_exception.o
 .group         0x00000000        0x8 os_exception.o
 .group         0x00000000        0x8 os_exception.o
 .group         0x00000000        0x8 os_exception.o
 .group         0x00000000        0x8 os_exception.o
 .debug_macro   0x00000000       0x4c os_exception.o
 .debug_macro   0x00000000       0x8e os_exception.o
 .debug_macro   0x00000000       0x16 os_exception.o
 .debug_macro   0x00000000       0x28 os_exception.o
 .debug_macro   0x00000000       0x1c os_exception.o
 .debug_macro   0x00000000       0x46 os_exception.o
 .debug_macro   0x00000000       0x10 os_exception.o
 .debug_macro   0x00000000       0x10 os_exception.o
 .group         0x00000000        0x8 os_exception_isr_handler.o
 .group         0x00000000        0x8 os_exception_isr_handler.o
 .group         0x00000000        0x8 os_exception_isr_handler.o
 .group         0x00000000        0x8 os_exception_isr_handler.o
 .group         0x00000000        0x8 os_exception_isr_handler.o
 .group         0x00000000        0x8 os_exception_isr_handler.o
 .group         0x00000000        0x8 os_exception_isr_handler.o
 .group         0x00000000        0x8 os_exception_isr_handler.o
 .group         0x00000000        0x8 os_exception_isr_handler.o
 .debug_macro   0x00000000      0x86e os_exception_isr_handler.o
 .debug_macro   0x00000000       0x4c os_exception_isr_handler.o
 .debug_macro   0x00000000       0x8e os_exception_isr_handler.o
 .debug_macro   0x00000000       0x16 os_exception_isr_handler.o
 .debug_macro   0x00000000       0x28 os_exception_isr_handler.o
 .debug_macro   0x00000000       0x1c os_exception_isr_handler.o
 .debug_macro   0x00000000       0x46 os_exception_isr_handler.o
 .debug_macro   0x00000000       0x10 os_exception_isr_handler.o
 .debug_macro   0x00000000       0x28 os_exception_isr_handler.o
 .group         0x00000000        0x8 os_init_task_system.o
 .group         0x00000000        0x8 os_init_task_system.o
 .group         0x00000000        0x8 os_init_task_system.o
 .group         0x00000000        0x8 os_init_task_system.o
 .group         0x00000000        0x8 os_init_task_system.o
 .group         0x00000000        0x8 os_init_task_system.o
 .group         0x00000000        0x8 os_init_task_system.o
 .group         0x00000000        0x8 os_init_task_system.o
 .group         0x00000000        0x8 os_init_task_system.o
 .debug_macro   0x00000000      0x86e os_init_task_system.o
 .debug_macro   0x00000000       0x4c os_init_task_system.o
 .debug_macro   0x00000000       0x8e os_init_task_system.o
 .debug_macro   0x00000000       0x16 os_init_task_system.o
 .debug_macro   0x00000000       0x28 os_init_task_system.o
 .debug_macro   0x00000000       0x1c os_init_task_system.o
 .debug_macro   0x00000000       0x46 os_init_task_system.o
 .debug_macro   0x00000000       0x10 os_init_task_system.o
 .group         0x00000000        0x8 os_main.o
 .group         0x00000000        0x8 os_main.o
 .group         0x00000000        0x8 os_main.o
 .group         0x00000000        0x8 os_main.o
 .group         0x00000000        0x8 os_main.o
 .group         0x00000000        0x8 os_main.o
 .group         0x00000000        0x8 os_main.o
 .group         0x00000000        0x8 os_main.o
 .group         0x00000000        0x8 os_main.o
 .debug_macro   0x00000000      0x86e os_main.o
 .debug_macro   0x00000000       0x4c os_main.o
 .debug_macro   0x00000000       0x8e os_main.o
 .debug_macro   0x00000000       0x16 os_main.o
 .debug_macro   0x00000000       0x28 os_main.o
 .debug_macro   0x00000000       0x1c os_main.o
 .debug_macro   0x00000000       0x46 os_main.o
 .debug_macro   0x00000000       0x10 os_main.o
 .debug_macro   0x00000000       0x28 os_main.o
 .group         0x00000000        0x8 os_memory_mmu_setup.o
 .group         0x00000000        0x8 os_memory_mmu_setup.o
 .group         0x00000000        0x8 os_memory_mmu_setup.o
 .group         0x00000000        0x8 os_memory_mmu_setup.o
 .group         0x00000000        0x8 os_memory_mmu_setup.o
 .group         0x00000000        0x8 os_memory_mmu_setup.o
 .group         0x00000000        0x8 os_memory_mmu_setup.o
 .group         0x00000000        0x8 os_memory_mmu_setup.o
 .debug_macro   0x00000000      0x86e os_memory_mmu_setup.o
 .debug_macro   0x00000000       0x4c os_memory_mmu_setup.o
 .debug_macro   0x00000000       0x8e os_memory_mmu_setup.o
 .debug_macro   0x00000000       0x16 os_memory_mmu_setup.o
 .debug_macro   0x00000000       0x28 os_memory_mmu_setup.o
 .debug_macro   0x00000000       0x1c os_memory_mmu_setup.o
 .debug_macro   0x00000000       0x46 os_memory_mmu_setup.o
 .debug_macro   0x00000000       0x10 os_memory_mmu_setup.o
 .group         0x00000000        0x8 os_rte_common.o
 .group         0x00000000        0x8 os_rte_common.o
 .group         0x00000000        0x8 os_rte_common.o
 .group         0x00000000        0x8 os_rte_common.o
 .group         0x00000000        0x8 os_rte_common.o
 .group         0x00000000        0x8 os_rte_common.o
 .group         0x00000000        0x8 os_rte_common.o
 .group         0x00000000        0x8 os_rte_common.o
 .debug_macro   0x00000000      0x86e os_rte_common.o
 .debug_macro   0x00000000       0x4c os_rte_common.o
 .debug_macro   0x00000000       0x8e os_rte_common.o
 .debug_macro   0x00000000       0x16 os_rte_common.o
 .debug_macro   0x00000000       0x28 os_rte_common.o
 .debug_macro   0x00000000       0x1c os_rte_common.o
 .debug_macro   0x00000000       0x46 os_rte_common.o
 .debug_macro   0x00000000       0x10 os_rte_common.o
 .group         0x00000000        0x8 os_rte_icc.o
 .group         0x00000000        0x8 os_rte_icc.o
 .group         0x00000000        0x8 os_rte_icc.o
 .group         0x00000000        0x8 os_rte_icc.o
 .group         0x00000000        0x8 os_rte_icc.o
 .group         0x00000000        0x8 os_rte_icc.o
 .group         0x00000000        0x8 os_rte_icc.o
 .group         0x00000000        0x8 os_rte_icc.o
 .debug_macro   0x00000000      0x86e os_rte_icc.o
 .debug_macro   0x00000000       0x4c os_rte_icc.o
 .debug_macro   0x00000000       0x8e os_rte_icc.o
 .debug_macro   0x00000000       0x16 os_rte_icc.o
 .debug_macro   0x00000000       0x28 os_rte_icc.o
 .debug_macro   0x00000000       0x1c os_rte_icc.o
 .debug_macro   0x00000000       0x46 os_rte_icc.o
 .debug_macro   0x00000000       0x10 os_rte_icc.o
 .group         0x00000000        0x8 os_shutdown.o
 .group         0x00000000        0x8 os_shutdown.o
 .group         0x00000000        0x8 os_shutdown.o
 .group         0x00000000        0x8 os_shutdown.o
 .group         0x00000000        0x8 os_shutdown.o
 .group         0x00000000        0x8 os_shutdown.o
 .group         0x00000000        0x8 os_shutdown.o
 .group         0x00000000        0x8 os_shutdown.o
 .debug_macro   0x00000000      0x86e os_shutdown.o
 .debug_macro   0x00000000       0x4c os_shutdown.o
 .debug_macro   0x00000000       0x8e os_shutdown.o
 .debug_macro   0x00000000       0x16 os_shutdown.o
 .debug_macro   0x00000000       0x28 os_shutdown.o
 .debug_macro   0x00000000       0x1c os_shutdown.o
 .debug_macro   0x00000000       0x46 os_shutdown.o
 .debug_macro   0x00000000       0x10 os_shutdown.o
 .group         0x00000000        0x8 os_start_ext_prg.o
 .group         0x00000000        0x8 os_start_ext_prg.o
 .group         0x00000000        0x8 os_start_ext_prg.o
 .group         0x00000000        0x8 os_start_ext_prg.o
 .group         0x00000000        0x8 os_start_ext_prg.o
 .group         0x00000000        0x8 os_start_ext_prg.o
 .group         0x00000000        0x8 os_start_ext_prg.o
 .group         0x00000000        0x8 os_start_ext_prg.o
 .debug_macro   0x00000000      0x86e os_start_ext_prg.o
 .debug_macro   0x00000000       0x4c os_start_ext_prg.o
 .debug_macro   0x00000000       0x8e os_start_ext_prg.o
 .debug_macro   0x00000000       0x16 os_start_ext_prg.o
 .debug_macro   0x00000000       0x28 os_start_ext_prg.o
 .debug_macro   0x00000000       0x1c os_start_ext_prg.o
 .debug_macro   0x00000000       0x46 os_start_ext_prg.o
 .debug_macro   0x00000000       0x10 os_start_ext_prg.o
 .group         0x00000000        0x8 os_start_init_hw.o
 .group         0x00000000        0x8 os_start_init_hw.o
 .group         0x00000000        0x8 os_start_init_hw.o
 .group         0x00000000        0x8 os_start_init_hw.o
 .group         0x00000000        0x8 os_start_init_hw.o
 .group         0x00000000        0x8 os_start_init_hw.o
 .group         0x00000000        0x8 os_start_init_hw.o
 .group         0x00000000        0x8 os_start_init_hw.o
 .debug_macro   0x00000000      0x86e os_start_init_hw.o
 .debug_macro   0x00000000       0x4c os_start_init_hw.o
 .debug_macro   0x00000000       0x8e os_start_init_hw.o
 .debug_macro   0x00000000       0x16 os_start_init_hw.o
 .debug_macro   0x00000000       0x28 os_start_init_hw.o
 .debug_macro   0x00000000       0x1c os_start_init_hw.o
 .debug_macro   0x00000000       0x46 os_start_init_hw.o
 .debug_macro   0x00000000       0x10 os_start_init_hw.o
 .group         0x00000000        0x8 os_start_init_mc.o
 .group         0x00000000        0x8 os_start_init_mc.o
 .group         0x00000000        0x8 os_start_init_mc.o
 .group         0x00000000        0x8 os_start_init_mc.o
 .group         0x00000000        0x8 os_start_init_mc.o
 .group         0x00000000        0x8 os_start_init_mc.o
 .group         0x00000000        0x8 os_start_init_mc.o
 .group         0x00000000        0x8 os_start_init_mc.o
 .debug_macro   0x00000000      0x86e os_start_init_mc.o
 .debug_macro   0x00000000       0x4c os_start_init_mc.o
 .debug_macro   0x00000000       0x8e os_start_init_mc.o
 .debug_macro   0x00000000       0x16 os_start_init_mc.o
 .debug_macro   0x00000000       0x28 os_start_init_mc.o
 .debug_macro   0x00000000       0x1c os_start_init_mc.o
 .debug_macro   0x00000000       0x46 os_start_init_mc.o
 .debug_macro   0x00000000       0x10 os_start_init_mc.o
 .group         0x00000000        0x8 os_start_init_sw.o
 .group         0x00000000        0x8 os_start_init_sw.o
 .group         0x00000000        0x8 os_start_init_sw.o
 .group         0x00000000        0x8 os_start_init_sw.o
 .group         0x00000000        0x8 os_start_init_sw.o
 .group         0x00000000        0x8 os_start_init_sw.o
 .group         0x00000000        0x8 os_start_init_sw.o
 .group         0x00000000        0x8 os_start_init_sw.o
 .debug_macro   0x00000000      0x86e os_start_init_sw.o
 .debug_macro   0x00000000       0x4c os_start_init_sw.o
 .debug_macro   0x00000000       0x8e os_start_init_sw.o
 .debug_macro   0x00000000       0x16 os_start_init_sw.o
 .debug_macro   0x00000000       0x28 os_start_init_sw.o
 .debug_macro   0x00000000       0x1c os_start_init_sw.o
 .debug_macro   0x00000000       0x46 os_start_init_sw.o
 .debug_macro   0x00000000       0x10 os_start_init_sw.o
 .group         0x00000000        0x8 os_start_os.o
 .group         0x00000000        0x8 os_start_os.o
 .group         0x00000000        0x8 os_start_os.o
 .group         0x00000000        0x8 os_start_os.o
 .group         0x00000000        0x8 os_start_os.o
 .group         0x00000000        0x8 os_start_os.o
 .group         0x00000000        0x8 os_start_os.o
 .group         0x00000000        0x8 os_start_os.o
 .debug_macro   0x00000000      0x86e os_start_os.o
 .debug_macro   0x00000000       0x4c os_start_os.o
 .debug_macro   0x00000000       0x8e os_start_os.o
 .debug_macro   0x00000000       0x16 os_start_os.o
 .debug_macro   0x00000000       0x28 os_start_os.o
 .debug_macro   0x00000000       0x1c os_start_os.o
 .debug_macro   0x00000000       0x46 os_start_os.o
 .debug_macro   0x00000000       0x10 os_start_os.o
 .group         0x00000000        0x8 os_task_common.o
 .group         0x00000000        0x8 os_task_common.o
 .group         0x00000000        0x8 os_task_common.o
 .group         0x00000000        0x8 os_task_common.o
 .group         0x00000000        0x8 os_task_common.o
 .group         0x00000000        0x8 os_task_common.o
 .group         0x00000000        0x8 os_task_common.o
 .group         0x00000000        0x8 os_task_common.o
 .group         0x00000000        0x8 os_task_common.o
 .debug_macro   0x00000000      0x86e os_task_common.o
 .debug_macro   0x00000000       0x4c os_task_common.o
 .debug_macro   0x00000000       0x8e os_task_common.o
 .debug_macro   0x00000000       0x16 os_task_common.o
 .debug_macro   0x00000000       0x28 os_task_common.o
 .debug_macro   0x00000000       0x1c os_task_common.o
 .debug_macro   0x00000000       0x46 os_task_common.o
 .debug_macro   0x00000000       0x10 os_task_common.o
 .debug_macro   0x00000000       0x28 os_task_common.o
 .group         0x00000000        0x8 os_task_queue.o
 .group         0x00000000        0x8 os_task_queue.o
 .group         0x00000000        0x8 os_task_queue.o
 .group         0x00000000        0x8 os_task_queue.o
 .group         0x00000000        0x8 os_task_queue.o
 .group         0x00000000        0x8 os_task_queue.o
 .group         0x00000000        0x8 os_task_queue.o
 .group         0x00000000        0x8 os_task_queue.o
 .group         0x00000000        0x8 os_task_queue.o
 .group         0x00000000        0x8 os_task_queue.o
 .debug_macro   0x00000000      0x86e os_task_queue.o
 .debug_macro   0x00000000       0x4c os_task_queue.o
 .debug_macro   0x00000000       0x8e os_task_queue.o
 .debug_macro   0x00000000       0x16 os_task_queue.o
 .debug_macro   0x00000000       0x28 os_task_queue.o
 .debug_macro   0x00000000       0x1c os_task_queue.o
 .debug_macro   0x00000000       0x46 os_task_queue.o
 .debug_macro   0x00000000       0x10 os_task_queue.o
 .debug_macro   0x00000000       0x28 os_task_queue.o
 .group         0x00000000        0x8 os_task_scheduler.o
 .group         0x00000000        0x8 os_task_scheduler.o
 .group         0x00000000        0x8 os_task_scheduler.o
 .group         0x00000000        0x8 os_task_scheduler.o
 .group         0x00000000        0x8 os_task_scheduler.o
 .group         0x00000000        0x8 os_task_scheduler.o
 .group         0x00000000        0x8 os_task_scheduler.o
 .group         0x00000000        0x8 os_task_scheduler.o
 .group         0x00000000        0x8 os_task_scheduler.o
 .group         0x00000000        0x8 os_task_scheduler.o
 .debug_macro   0x00000000      0x86e os_task_scheduler.o
 .debug_macro   0x00000000       0x4c os_task_scheduler.o
 .debug_macro   0x00000000       0x8e os_task_scheduler.o
 .debug_macro   0x00000000       0x16 os_task_scheduler.o
 .debug_macro   0x00000000       0x28 os_task_scheduler.o
 .debug_macro   0x00000000       0x1c os_task_scheduler.o
 .debug_macro   0x00000000       0x46 os_task_scheduler.o
 .debug_macro   0x00000000       0x10 os_task_scheduler.o
 .debug_macro   0x00000000       0x28 os_task_scheduler.o
 .debug_macro   0x00000000       0x1c os_task_scheduler.o
 .group         0x00000000        0x8 os_stack.o
 .group         0x00000000        0x8 os_stack.o
 .group         0x00000000        0x8 os_stack.o
 .group         0x00000000        0x8 os_stack.o
 .group         0x00000000        0x8 os_stack.o
 .group         0x00000000        0x8 os_stack.o
 .group         0x00000000        0x8 os_stack.o
 .group         0x00000000        0x8 os_stack.o
 .debug_macro   0x00000000      0x86e os_stack.o
 .debug_macro   0x00000000       0x4c os_stack.o
 .debug_macro   0x00000000       0x8e os_stack.o
 .debug_macro   0x00000000       0x16 os_stack.o
 .debug_macro   0x00000000       0x28 os_stack.o
 .debug_macro   0x00000000       0x1c os_stack.o
 .debug_macro   0x00000000       0x46 os_stack.o
 .debug_macro   0x00000000       0x10 os_stack.o
 .group         0x00000000        0x8 os_heap.o
 .group         0x00000000        0x8 os_heap.o
 .group         0x00000000        0x8 os_heap.o
 .group         0x00000000        0x8 os_heap.o
 .group         0x00000000        0x8 os_heap.o
 .group         0x00000000        0x8 os_heap.o
 .group         0x00000000        0x8 os_heap.o
 .group         0x00000000        0x8 os_heap.o
 .debug_macro   0x00000000      0x86e os_heap.o
 .debug_macro   0x00000000       0x4c os_heap.o
 .debug_macro   0x00000000       0x8e os_heap.o
 .debug_macro   0x00000000       0x16 os_heap.o
 .debug_macro   0x00000000       0x28 os_heap.o
 .debug_macro   0x00000000       0x1c os_heap.o
 .debug_macro   0x00000000       0x46 os_heap.o
 .debug_macro   0x00000000       0x10 os_heap.o
 .group         0x00000000        0x8 os_diagnostic_main.o
 .group         0x00000000        0x8 os_diagnostic_main.o
 .group         0x00000000        0x8 os_diagnostic_main.o
 .group         0x00000000        0x8 os_diagnostic_main.o
 .group         0x00000000        0x8 os_diagnostic_main.o
 .group         0x00000000        0x8 os_diagnostic_main.o
 .group         0x00000000        0x8 os_diagnostic_main.o
 .group         0x00000000        0x8 os_diagnostic_main.o
 .debug_macro   0x00000000      0x86e os_diagnostic_main.o
 .debug_macro   0x00000000       0x4c os_diagnostic_main.o
 .debug_macro   0x00000000       0x8e os_diagnostic_main.o
 .debug_macro   0x00000000       0x16 os_diagnostic_main.o
 .debug_macro   0x00000000       0x28 os_diagnostic_main.o
 .debug_macro   0x00000000       0x1c os_diagnostic_main.o
 .debug_macro   0x00000000       0x46 os_diagnostic_main.o
 .debug_macro   0x00000000       0x10 os_diagnostic_main.o
 .group         0x00000000        0x8 led.o
 .group         0x00000000        0x8 led.o
 .group         0x00000000        0x8 led.o
 .group         0x00000000        0x8 led.o
 .group         0x00000000        0x8 led.o
 .group         0x00000000        0x8 led.o
 .group         0x00000000        0x8 led.o
 .group         0x00000000        0x8 led.o
 .debug_macro   0x00000000      0x86e led.o
 .debug_macro   0x00000000       0x4c led.o
 .debug_macro   0x00000000       0x8e led.o
 .debug_macro   0x00000000       0x16 led.o
 .debug_macro   0x00000000       0x28 led.o
 .debug_macro   0x00000000       0x1c led.o
 .debug_macro   0x00000000       0x46 led.o
 .debug_macro   0x00000000       0x10 led.o
 .group         0x00000000        0x8 os_ram.o
 .group         0x00000000        0x8 os_ram.o
 .group         0x00000000        0x8 os_ram.o
 .group         0x00000000        0x8 os_ram.o
 .group         0x00000000        0x8 os_ram.o
 .group         0x00000000        0x8 os_ram.o
 .group         0x00000000        0x8 os_ram.o
 .group         0x00000000        0x8 os_ram.o
 .debug_macro   0x00000000      0x86e os_ram.o
 .debug_macro   0x00000000       0x4c os_ram.o
 .debug_macro   0x00000000       0x8e os_ram.o
 .debug_macro   0x00000000       0x16 os_ram.o
 .debug_macro   0x00000000       0x28 os_ram.o
 .debug_macro   0x00000000       0x1c os_ram.o
 .debug_macro   0x00000000       0x46 os_ram.o
 .debug_macro   0x00000000       0x10 os_ram.o
 .group         0x00000000        0x8 os_shared_ram.o
 .group         0x00000000        0x8 os_shared_ram.o
 .group         0x00000000        0x8 os_shared_ram.o
 .group         0x00000000        0x8 os_shared_ram.o
 .group         0x00000000        0x8 os_shared_ram.o
 .group         0x00000000        0x8 os_shared_ram.o
 .group         0x00000000        0x8 os_shared_ram.o
 .group         0x00000000        0x8 os_shared_ram.o
 .debug_macro   0x00000000      0x86e os_shared_ram.o
 .debug_macro   0x00000000       0x4c os_shared_ram.o
 .debug_macro   0x00000000       0x8e os_shared_ram.o
 .debug_macro   0x00000000       0x16 os_shared_ram.o
 .debug_macro   0x00000000       0x28 os_shared_ram.o
 .debug_macro   0x00000000       0x1c os_shared_ram.o
 .debug_macro   0x00000000       0x46 os_shared_ram.o
 .debug_macro   0x00000000       0x10 os_shared_ram.o

Memory Configuration

Name             Origin             Length             Attributes
rom              0x08000000         0x00100000
ram              0x20000000         0x00030000
*default*        0x00000000         0xffffffff

Linker script and memory map


.text           0x08000000    0x11da4
                0x08000000                _ivec_start = .
 os_exception_table.o()
 .text          0x08000000        0x0 os_exception_table.o
 .data          0x08000000      0x400 os_exception_table.o
                0x08000000                isr_vec_table
 .bss           0x08000400        0x0 os_exception_table.o
 .debug_info    0x08000400       0x9a os_exception_table.o
 .debug_abbrev  0x0800049a       0x6d os_exception_table.o
 .debug_aranges
                0x08000507       0x18 os_exception_table.o
 .debug_macro   0x0800051f       0xa3 os_exception_table.o
 .debug_macro   0x080005c2      0x86e os_exception_table.o
 .debug_macro   0x08000e30       0x4c os_exception_table.o
 .debug_macro   0x08000e7c       0x8e os_exception_table.o
 .debug_macro   0x08000f0a       0x16 os_exception_table.o
 .debug_macro   0x08000f20       0x28 os_exception_table.o
 .debug_macro   0x08000f48       0x1c os_exception_table.o
 .debug_macro   0x08000f64       0x46 os_exception_table.o
 .debug_macro   0x08000faa       0x10 os_exception_table.o
 .debug_macro   0x08000fba       0x10 os_exception_table.o
 .debug_line    0x08000fca      0x1ec os_exception_table.o
 .debug_str     0x080011b6     0x2ab1 os_exception_table.o
                               0x2af1 (size before relaxing)
 .comment       0x08003c67       0x70 os_exception_table.o
                                 0x71 (size before relaxing)
 .ARM.attributes
                0x08003cd7       0x33 os_exception_table.o
 .iplt          0x00000000        0x0 os_exception_table.o
 .rel.iplt      0x00000000        0x0 os_exception_table.o
 .igot.plt      0x00000000        0x0 os_exception_table.o
                0x08003d0a                _ivec_end = .
                0x08003d0a                PROVIDE (ivec_start, .)
                0x08003d0a                PROVIDE (ivec_end, .)
                0x08003d0a                _const_start = .
 os_const.o()
 .text          0x08003d0a        0x0 os_const.o
 .data          0x08003d0a        0x0 os_const.o
 .bss           0x08003d0a        0x0 os_const.o
 .debug_info    0x08003d0a       0x3a os_const.o
 .debug_abbrev  0x08003d44       0x1c os_const.o
 .debug_aranges
                0x08003d60       0x18 os_const.o
 .debug_macro   0x08003d78       0x9a os_const.o
 .debug_line    0x08003e12      0x1c4 os_const.o
 .debug_str     0x08003fd6       0x46 os_const.o
                               0x2a80 (size before relaxing)
 .comment       0x00000000       0x71 os_const.o
 .ARM.attributes
                0x0800401c       0x33 os_const.o
                0x0800404f                _const_end = .
                0x0800404f                PROVIDE (const_start, .)
                0x0800404f                PROVIDE (const_end, .)
                0x0800404f                _code_start = .
 lld_global.o()
 *fill*         0x0800404f        0x1 
 .text          0x08004050       0x12 E:\NeuOrga\Programmieren\c_cpp\github_os\output\os_drivers\obj_arm\lld_global.o
                0x08004050                LLF_CHANGE_TO_USER_MODE
 .data          0x08004062        0x0 E:\NeuOrga\Programmieren\c_cpp\github_os\output\os_drivers\obj_arm\lld_global.o
 .bss           0x08004062        0x0 E:\NeuOrga\Programmieren\c_cpp\github_os\output\os_drivers\obj_arm\lld_global.o
 .debug_line    0x08004062       0x7e E:\NeuOrga\Programmieren\c_cpp\github_os\output\os_drivers\obj_arm\lld_global.o
 .debug_info    0x080040e0       0xa5 E:\NeuOrga\Programmieren\c_cpp\github_os\output\os_drivers\obj_arm\lld_global.o
 .debug_abbrev  0x08004185       0x14 E:\NeuOrga\Programmieren\c_cpp\github_os\output\os_drivers\obj_arm\lld_global.o
 *fill*         0x08004199        0x7 
 .debug_aranges
                0x080041a0       0x20 E:\NeuOrga\Programmieren\c_cpp\github_os\output\os_drivers\obj_arm\lld_global.o
 .ARM.attributes
                0x080041c0       0x21 E:\NeuOrga\Programmieren\c_cpp\github_os\output\os_drivers\obj_arm\lld_global.o
 lld_interrupt.o()
 *fill*         0x080041e1        0x1 
 .text          0x080041e2       0x12 E:\NeuOrga\Programmieren\c_cpp\github_os\output\os_drivers\obj_arm\lld_interrupt.o
                0x080041e2                LLF_INT_DISABLE
                0x080041e8                LLF_INT_ENABLE
                0x080041ee                LLF_DISABLE_INTERRUPTS_ALL_CORES
 .data          0x080041f4        0x0 E:\NeuOrga\Programmieren\c_cpp\github_os\output\os_drivers\obj_arm\lld_interrupt.o
 .bss           0x080041f4        0x0 E:\NeuOrga\Programmieren\c_cpp\github_os\output\os_drivers\obj_arm\lld_interrupt.o
 .debug_line    0x080041f4       0x84 E:\NeuOrga\Programmieren\c_cpp\github_os\output\os_drivers\obj_arm\lld_interrupt.o
 .debug_info    0x08004278       0xa8 E:\NeuOrga\Programmieren\c_cpp\github_os\output\os_drivers\obj_arm\lld_interrupt.o
 .debug_abbrev  0x08004320       0x14 E:\NeuOrga\Programmieren\c_cpp\github_os\output\os_drivers\obj_arm\lld_interrupt.o
 *fill*         0x08004334        0x4 
 .debug_aranges
                0x08004338       0x20 E:\NeuOrga\Programmieren\c_cpp\github_os\output\os_drivers\obj_arm\lld_interrupt.o
 .ARM.attributes
                0x08004358       0x21 E:\NeuOrga\Programmieren\c_cpp\github_os\output\os_drivers\obj_arm\lld_interrupt.o
 lld_mmu.o()
 *fill*         0x08004379        0x1 
 .text          0x0800437a        0x8 E:\NeuOrga\Programmieren\c_cpp\github_os\output\os_drivers\obj_arm\lld_mmu.o
                0x0800437a                LLF_MPU_DISABLE
                0x0800437e                LLF_MPU_SWITCH_OFF_ALL_REGIONS
                0x08004380                LLF_GET_MPU_PRESENT
 .data          0x08004382        0x0 E:\NeuOrga\Programmieren\c_cpp\github_os\output\os_drivers\obj_arm\lld_mmu.o
 .bss           0x08004382        0x0 E:\NeuOrga\Programmieren\c_cpp\github_os\output\os_drivers\obj_arm\lld_mmu.o
 .debug_line    0x08004382       0x7c E:\NeuOrga\Programmieren\c_cpp\github_os\output\os_drivers\obj_arm\lld_mmu.o
 .debug_info    0x080043fe       0xa2 E:\NeuOrga\Programmieren\c_cpp\github_os\output\os_drivers\obj_arm\lld_mmu.o
 .debug_abbrev  0x080044a0       0x14 E:\NeuOrga\Programmieren\c_cpp\github_os\output\os_drivers\obj_arm\lld_mmu.o
 *fill*         0x080044b4        0x4 
 .debug_aranges
                0x080044b8       0x20 E:\NeuOrga\Programmieren\c_cpp\github_os\output\os_drivers\obj_arm\lld_mmu.o
 .ARM.attributes
                0x080044d8       0x21 E:\NeuOrga\Programmieren\c_cpp\github_os\output\os_drivers\obj_arm\lld_mmu.o
 lld_ram.o()
 *fill*         0x080044f9        0x1 
 .text          0x080044fa       0x80 E:\NeuOrga\Programmieren\c_cpp\github_os\output\os_drivers\obj_arm\lld_ram.o
                0x080044fa                LLF_CLEAR_ALL_RAM
 .data          0x0800457a        0x0 E:\NeuOrga\Programmieren\c_cpp\github_os\output\os_drivers\obj_arm\lld_ram.o
 .bss           0x0800457a        0x0 E:\NeuOrga\Programmieren\c_cpp\github_os\output\os_drivers\obj_arm\lld_ram.o
 .debug_line    0x0800457a       0x9f E:\NeuOrga\Programmieren\c_cpp\github_os\output\os_drivers\obj_arm\lld_ram.o
 .debug_info    0x08004619       0xa2 E:\NeuOrga\Programmieren\c_cpp\github_os\output\os_drivers\obj_arm\lld_ram.o
 .debug_abbrev  0x080046bb       0x14 E:\NeuOrga\Programmieren\c_cpp\github_os\output\os_drivers\obj_arm\lld_ram.o
 *fill*         0x080046cf        0x1 
 .debug_aranges
                0x080046d0       0x20 E:\NeuOrga\Programmieren\c_cpp\github_os\output\os_drivers\obj_arm\lld_ram.o
 .ARM.attributes
                0x080046f0       0x21 E:\NeuOrga\Programmieren\c_cpp\github_os\output\os_drivers\obj_arm\lld_ram.o
 lld_timer.o()
 *fill*         0x08004711        0x3 
 .text          0x08004714        0xc E:\NeuOrga\Programmieren\c_cpp\github_os\output\os_drivers\obj_arm\lld_timer.o
                0x08004714                LLF_UP_CNT_TIMER_32
                0x08004718                LLF_ADD_2_TCMP
                0x0800471a                LLF_TCMP1_CONFIG
 .data          0x08004720        0x0 E:\NeuOrga\Programmieren\c_cpp\github_os\output\os_drivers\obj_arm\lld_timer.o
 .bss           0x08004720        0x0 E:\NeuOrga\Programmieren\c_cpp\github_os\output\os_drivers\obj_arm\lld_timer.o
 .debug_line    0x08004720       0x7f E:\NeuOrga\Programmieren\c_cpp\github_os\output\os_drivers\obj_arm\lld_timer.o
 .debug_info    0x0800479f       0xa4 E:\NeuOrga\Programmieren\c_cpp\github_os\output\os_drivers\obj_arm\lld_timer.o
 .debug_abbrev  0x08004843       0x14 E:\NeuOrga\Programmieren\c_cpp\github_os\output\os_drivers\obj_arm\lld_timer.o
 *fill*         0x08004857        0x1 
 .debug_aranges
                0x08004858       0x20 E:\NeuOrga\Programmieren\c_cpp\github_os\output\os_drivers\obj_arm\lld_timer.o
 .ARM.attributes
                0x08004878       0x21 E:\NeuOrga\Programmieren\c_cpp\github_os\output\os_drivers\obj_arm\lld_timer.o
 lld_power.o()
 *fill*         0x08004899        0x3 
 .text          0x0800489c       0x24 E:\NeuOrga\Programmieren\c_cpp\github_os\output\os_drivers\obj_arm\lld_power.o
                0x0800489c                LLF_MCU_SWITCH_OFF_POWER
                0x080048a2                LLF_MCU_RESET_POWER
 .data          0x080048c0        0x0 E:\NeuOrga\Programmieren\c_cpp\github_os\output\os_drivers\obj_arm\lld_power.o
 .bss           0x080048c0        0x0 E:\NeuOrga\Programmieren\c_cpp\github_os\output\os_drivers\obj_arm\lld_power.o
 .debug_line    0x080048c0       0x88 E:\NeuOrga\Programmieren\c_cpp\github_os\output\os_drivers\obj_arm\lld_power.o
 .debug_info    0x08004948       0xa4 E:\NeuOrga\Programmieren\c_cpp\github_os\output\os_drivers\obj_arm\lld_power.o
 .debug_abbrev  0x080049ec       0x14 E:\NeuOrga\Programmieren\c_cpp\github_os\output\os_drivers\obj_arm\lld_power.o
 .debug_aranges
                0x08004a00       0x20 E:\NeuOrga\Programmieren\c_cpp\github_os\output\os_drivers\obj_arm\lld_power.o
 .ARM.attributes
                0x08004a20       0x21 E:\NeuOrga\Programmieren\c_cpp\github_os\output\os_drivers\obj_arm\lld_power.o
 os_exception_reset.o()
 *fill*         0x08004a41        0x3 
 .text          0x08004a44       0x80 E:\NeuOrga\Programmieren\c_cpp\github_os\output\os_drivers\obj_arm\os_exception_reset.o
                0x08004a44                OS_Exception_RESET
                0x08004a64                LLF_SAVE_TASK_STACK
                0x08004a64                LLF_RESTORE_TASK_STACK
                0x08004a6a                GET_CORE_ID
                0x08004a6e                LLF_SAVE_REGISTERS
                0x08004a7e                LLF_RESTORE_REGISTERS
                0x08004a86                LLF_RESTORE_SYSTEM_STACK
                0x08004a8a                LLF_SAVE_SYSTEM_STACK
                0x08004a8e                LLF_PERFORM_RAM_CHECK
                0x08004a90                LLF_CLEAR_ALL_GP_REGISTERS
                0x08004aae                START_OS
 .data          0x08004ac4        0x0 E:\NeuOrga\Programmieren\c_cpp\github_os\output\os_drivers\obj_arm\os_exception_reset.o
 .bss           0x08004ac4        0x0 E:\NeuOrga\Programmieren\c_cpp\github_os\output\os_drivers\obj_arm\os_exception_reset.o
 .debug_line    0x08004ac4       0xaf E:\NeuOrga\Programmieren\c_cpp\github_os\output\os_drivers\obj_arm\os_exception_reset.o
 .debug_info    0x08004b73       0xaa E:\NeuOrga\Programmieren\c_cpp\github_os\output\os_drivers\obj_arm\os_exception_reset.o
 .debug_abbrev  0x08004c1d       0x14 E:\NeuOrga\Programmieren\c_cpp\github_os\output\os_drivers\obj_arm\os_exception_reset.o
 *fill*         0x08004c31        0x7 
 .debug_aranges
                0x08004c38       0x20 E:\NeuOrga\Programmieren\c_cpp\github_os\output\os_drivers\obj_arm\os_exception_reset.o
 .ARM.attributes
                0x08004c58       0x21 E:\NeuOrga\Programmieren\c_cpp\github_os\output\os_drivers\obj_arm\os_exception_reset.o
 os_common.o()
 *fill*         0x08004c79        0x3 
 .text          0x08004c7c       0x38 os_common.o
                0x08004c7c                OS_SET_SW_BUG
                0x08004ca4                Get_current_time
 .data          0x08004cb4        0x0 os_common.o
 .bss           0x08004cb4       0x10 os_common.o
 .debug_info    0x08004cc4      0x16a os_common.o
 .debug_abbrev  0x08004e2e       0xa9 os_common.o
 .debug_aranges
                0x08004ed7       0x20 os_common.o
 .debug_macro   0x08004ef7       0x9e os_common.o
 .debug_line    0x08004f95      0x1eb os_common.o
 .debug_str     0x08005180      0x2b9 os_common.o
                               0x2cfc (size before relaxing)
 .comment       0x00000000       0x71 os_common.o
 *fill*         0x08005439        0x3 
 .debug_frame   0x0800543c       0x5c os_common.o
 .ARM.attributes
                0x08005498       0x33 os_common.o
 os_driver_hook.o()
 *fill*         0x080054cb        0x1 
 .text          0x080054cc        0x0 os_driver_hook.o
 .data          0x080054cc        0x0 os_driver_hook.o
 .bss           0x080054cc        0x0 os_driver_hook.o
 .debug_info    0x080054cc       0x3a os_driver_hook.o
 .debug_abbrev  0x08005506       0x1c os_driver_hook.o
 .debug_aranges
                0x08005522       0x18 os_driver_hook.o
 .debug_macro   0x0800553a       0x9a os_driver_hook.o
 .debug_line    0x080055d4      0x1ca os_driver_hook.o
 .debug_str     0x0800579e       0x4c os_driver_hook.o
                               0x2a86 (size before relaxing)
 .comment       0x00000000       0x71 os_driver_hook.o
 .ARM.attributes
                0x080057ea       0x33 os_driver_hook.o
 os_exception.o()
 *fill*         0x0800581d        0x3 
 .text          0x08005820      0x224 os_exception.o
                0x080058a8                OS_Exception_HARDFAULT
                0x080058c0                OS_Exception_NMI
                0x080058d8                OS_Exception_SWI
                0x080058f0                OS_Exception_BUS_FAULT
                0x08005908                OS_Exception_DEBUG
                0x08005914                OS_Exception_MEM_MANAG_FAULT
                0x0800592c                OS_Exception_USAGE_FAULT
                0x08005944                OS_Exception_PendSV
                0x0800594c                OS_Exception_Systick
                0x080059fc                OS_Exception_IRQ
                0x08005a08                OS_Exception_FIQ
                0x08005a14                TCMP1
                0x08005a20                TCMP2
                0x08005a2c                TCMP3
                0x08005a38                TCMP4
 .data          0x08005a44        0x0 os_exception.o
 .bss           0x08005a44        0x0 os_exception.o
 .debug_info    0x08005a44      0x4e2 os_exception.o
 .debug_abbrev  0x08005f26      0x14b os_exception.o
 .debug_aranges
                0x08006071       0x20 os_exception.o
 .debug_macro   0x08006091      0x12b os_exception.o
 .debug_macro   0x080061bc      0x868 os_exception.o
 .debug_macro   0x08006a24       0x16 os_exception.o
 .debug_macro   0x08006a3a       0x28 os_exception.o
 .debug_line    0x08006a62      0x2b7 os_exception.o
 .debug_str     0x08006d19      0x856 os_exception.o
                               0x32b2 (size before relaxing)
 .comment       0x00000000       0x71 os_exception.o
 *fill*         0x0800756f        0x1 
 .debug_frame   0x08007570      0x1e4 os_exception.o
 .ARM.attributes
                0x08007754       0x33 os_exception.o
 os_exception_isr_handler.o()
 *fill*         0x08007787        0x1 
 .text          0x08007788       0x30 os_exception_isr_handler.o
                0x08007788                OS_ISRHANDLERC0
                0x08007794                OS_ISRHANDLERC1
                0x080077a0                OS_ISRHANDLERC2
                0x080077ac                OS_ISRHANDLERC3
 .data          0x080077b8        0x0 os_exception_isr_handler.o
 .bss           0x080077b8        0x0 os_exception_isr_handler.o
 .debug_info    0x080077b8       0x86 os_exception_isr_handler.o
 .debug_abbrev  0x0800783e       0x38 os_exception_isr_handler.o
 .debug_aranges
                0x08007876       0x20 os_exception_isr_handler.o
 .debug_macro   0x08007896       0xa7 os_exception_isr_handler.o
 .debug_line    0x0800793d      0x217 os_exception_isr_handler.o
 .debug_str     0x08007b54       0x96 os_exception_isr_handler.o
                               0x2b40 (size before relaxing)
 .comment       0x00000000       0x71 os_exception_isr_handler.o
 *fill*         0x08007bea        0x2 
 .debug_frame   0x08007bec       0x80 os_exception_isr_handler.o
 .ARM.attributes
                0x08007c6c       0x33 os_exception_isr_handler.o
 os_exception_table.o()
 os_init_task_system.o()
 *fill*         0x08007c9f        0x1 
 .text          0x08007ca0        0xc os_init_task_system.o
                0x08007ca0                OS_INIT_TASK_SYSTEM
 .data          0x08007cac        0x0 os_init_task_system.o
 .bss           0x08007cac        0x0 os_init_task_system.o
 .debug_info    0x08007cac       0x53 os_init_task_system.o
 .debug_abbrev  0x08007cff       0x38 os_init_task_system.o
 .debug_aranges
                0x08007d37       0x20 os_init_task_system.o
 .debug_macro   0x08007d57       0xad os_init_task_system.o
 .debug_macro   0x08007e04       0x22 os_init_task_system.o
 .debug_line    0x08007e26      0x209 os_init_task_system.o
 .debug_str     0x0800802f       0x65 os_init_task_system.o
                               0x2b0f (size before relaxing)
 .comment       0x00000000       0x71 os_init_task_system.o
 .debug_frame   0x08008094       0x2c os_init_task_system.o
 .ARM.attributes
                0x080080c0       0x33 os_init_task_system.o
 os_main.o()
 *fill*         0x080080f3        0x1 
 .text          0x080080f4       0x8c os_main.o
                0x080080f4                OS_STATE_HANDLER
 .data          0x08008180        0x0 os_main.o
 .bss           0x08008180        0x1 os_main.o
 .debug_info    0x08008181       0xd8 os_main.o
 .debug_abbrev  0x08008259       0x86 os_main.o
 .debug_aranges
                0x080082df       0x20 os_main.o
 .debug_macro   0x080082ff       0xd5 os_main.o
 .debug_line    0x080083d4      0x275 os_main.o
 .debug_str     0x08008649      0x127 os_main.o
                               0x2c5b (size before relaxing)
 .comment       0x00000000       0x71 os_main.o
 .debug_frame   0x08008770       0x2c os_main.o
 .ARM.attributes
                0x0800879c       0x33 os_main.o
 os_memory_mmu_setup.o()
 *fill*         0x080087cf        0x1 
 .text          0x080087d0        0xc os_memory_mmu_setup.o
                0x080087d0                OS_MMU_SETUP
 .data          0x080087dc        0x0 os_memory_mmu_setup.o
 .bss           0x080087dc        0x0 os_memory_mmu_setup.o
 .debug_info    0x080087dc       0x53 os_memory_mmu_setup.o
 .debug_abbrev  0x0800882f       0x38 os_memory_mmu_setup.o
 .debug_aranges
                0x08008867       0x20 os_memory_mmu_setup.o
 .debug_macro   0x08008887       0xd6 os_memory_mmu_setup.o
 .debug_line    0x0800895d      0x1df os_memory_mmu_setup.o
 .debug_str     0x08008b3c      0x1cc os_memory_mmu_setup.o
                               0x2c06 (size before relaxing)
 .comment       0x00000000       0x71 os_memory_mmu_setup.o
 .debug_frame   0x08008d08       0x34 os_memory_mmu_setup.o
 .ARM.attributes
                0x08008d3c       0x33 os_memory_mmu_setup.o
 os_rte_common.o()
 *fill*         0x08008d6f        0x1 
 .text          0x08008d70        0x0 os_rte_common.o
 .data          0x08008d70        0x0 os_rte_common.o
 .bss           0x08008d70        0x0 os_rte_common.o
 .debug_info    0x08008d70       0x3a os_rte_common.o
 .debug_abbrev  0x08008daa       0x1c os_rte_common.o
 .debug_aranges
                0x08008dc6       0x18 os_rte_common.o
 .debug_macro   0x08008dde       0x9a os_rte_common.o
 .debug_line    0x08008e78      0x1c9 os_rte_common.o
 .debug_str     0x08009041       0x4b os_rte_common.o
                               0x2a85 (size before relaxing)
 .comment       0x00000000       0x71 os_rte_common.o
 .ARM.attributes
                0x0800908c       0x33 os_rte_common.o
 os_rte_icc.o()
 *fill*         0x080090bf        0x1 
 .text          0x080090c0       0x60 os_rte_icc.o
                0x080090c0                SEND_DATA
                0x080090e0                SEND_PACKAGE
                0x08009100                SEND_FRAME
 .data          0x08009120        0x0 os_rte_icc.o
 .bss           0x08009120        0x0 os_rte_icc.o
 .debug_info    0x08009120      0x180 os_rte_icc.o
 .debug_abbrev  0x080092a0       0x93 os_rte_icc.o
 .debug_aranges
                0x08009333       0x20 os_rte_icc.o
 .debug_macro   0x08009353       0x9e os_rte_icc.o
 .debug_line    0x080093f1      0x1f1 os_rte_icc.o
 .debug_str     0x080095e2       0xd3 os_rte_icc.o
                               0x2b1a (size before relaxing)
 .comment       0x00000000       0x71 os_rte_icc.o
 *fill*         0x080096b5        0x3 
 .debug_frame   0x080096b8       0x88 os_rte_icc.o
 .ARM.attributes
                0x08009740       0x33 os_rte_icc.o
 os_shutdown.o()
 *fill*         0x08009773        0x1 
 .text          0x08009774       0x2c os_shutdown.o
                0x08009774                OS_SHUTDOWN
 .data          0x080097a0        0x0 os_shutdown.o
 .bss           0x080097a0        0x0 os_shutdown.o
 .debug_info    0x080097a0       0x8c os_shutdown.o
 .debug_abbrev  0x0800982c       0x6c os_shutdown.o
 .debug_aranges
                0x08009898       0x20 os_shutdown.o
 .debug_macro   0x080098b8       0xa4 os_shutdown.o
 .debug_line    0x0800995c      0x1f2 os_shutdown.o
 .debug_str     0x08009b4e       0x6f os_shutdown.o
                               0x2afe (size before relaxing)
 .comment       0x00000000       0x71 os_shutdown.o
 *fill*         0x08009bbd        0x3 
 .debug_frame   0x08009bc0       0x30 os_shutdown.o
 .ARM.attributes
                0x08009bf0       0x33 os_shutdown.o
 os_start_ext_prg.o()
 *fill*         0x08009c23        0x1 
 .text          0x08009c24       0x4c os_start_ext_prg.o
                0x08009c40                OS_StartExtPrg
 .data          0x08009c70        0x0 os_start_ext_prg.o
 .bss           0x08009c70        0x0 os_start_ext_prg.o
 .debug_info    0x08009c70       0xea os_start_ext_prg.o
 .debug_abbrev  0x08009d5a       0x7e os_start_ext_prg.o
 .debug_aranges
                0x08009dd8       0x20 os_start_ext_prg.o
 .debug_macro   0x08009df8       0x9a os_start_ext_prg.o
 .debug_line    0x08009e92      0x1e6 os_start_ext_prg.o
 .debug_str     0x0800a078       0x90 os_start_ext_prg.o
                               0x2aec (size before relaxing)
 .comment       0x00000000       0x71 os_start_ext_prg.o
 .debug_frame   0x0800a108       0x60 os_start_ext_prg.o
 .ARM.attributes
                0x0800a168       0x33 os_start_ext_prg.o
 os_start_init_hw.o()
 *fill*         0x0800a19b        0x1 
 .text          0x0800a19c        0xc os_start_init_hw.o
                0x0800a19c                OS_INIT_HW
 .data          0x0800a1a8        0x0 os_start_init_hw.o
 .bss           0x0800a1a8        0x0 os_start_init_hw.o
 .debug_info    0x0800a1a8       0x53 os_start_init_hw.o
 .debug_abbrev  0x0800a1fb       0x38 os_start_init_hw.o
 .debug_aranges
                0x0800a233       0x20 os_start_init_hw.o
 .debug_macro   0x0800a253       0x9a os_start_init_hw.o
 .debug_line    0x0800a2ed      0x1da os_start_init_hw.o
 .debug_str     0x0800a4c7       0x59 os_start_init_hw.o
                               0x2a93 (size before relaxing)
 .comment       0x00000000       0x71 os_start_init_hw.o
 .debug_frame   0x0800a520       0x34 os_start_init_hw.o
 .ARM.attributes
                0x0800a554       0x33 os_start_init_hw.o
 os_start_init_mc.o()
 *fill*         0x0800a587        0x1 
 .text          0x0800a588        0xc os_start_init_mc.o
                0x0800a588                OS_INIT_MC
 .data          0x0800a594        0x0 os_start_init_mc.o
 .bss           0x0800a594        0x0 os_start_init_mc.o
 .debug_info    0x0800a594       0x53 os_start_init_mc.o
 .debug_abbrev  0x0800a5e7       0x38 os_start_init_mc.o
 .debug_aranges
                0x0800a61f       0x20 os_start_init_mc.o
 .debug_macro   0x0800a63f       0x9a os_start_init_mc.o
 .debug_line    0x0800a6d9      0x1dc os_start_init_mc.o
 .debug_str     0x0800a8b5       0x59 os_start_init_mc.o
                               0x2a93 (size before relaxing)
 .comment       0x00000000       0x71 os_start_init_mc.o
 *fill*         0x0800a90e        0x2 
 .debug_frame   0x0800a910       0x34 os_start_init_mc.o
 .ARM.attributes
                0x0800a944       0x33 os_start_init_mc.o
 os_start_init_sw.o()
 *fill*         0x0800a977        0x1 
 .text          0x0800a978        0xc os_start_init_sw.o
                0x0800a978                OS_INIT_SW
 .data          0x0800a984        0x0 os_start_init_sw.o
 .bss           0x0800a984        0x0 os_start_init_sw.o
 .debug_info    0x0800a984       0x53 os_start_init_sw.o
 .debug_abbrev  0x0800a9d7       0x38 os_start_init_sw.o
 .debug_aranges
                0x0800aa0f       0x20 os_start_init_sw.o
 .debug_macro   0x0800aa2f       0x9a os_start_init_sw.o
 .debug_line    0x0800aac9      0x1da os_start_init_sw.o
 .debug_str     0x0800aca3       0x59 os_start_init_sw.o
                               0x2a93 (size before relaxing)
 .comment       0x00000000       0x71 os_start_init_sw.o
 .debug_frame   0x0800acfc       0x34 os_start_init_sw.o
 .ARM.attributes
                0x0800ad30       0x33 os_start_init_sw.o
 os_start_os.o()
 *fill*         0x0800ad63        0x1 
 .text          0x0800ad64       0x88 os_start_os.o
                0x0800ad64                OS_START_OS
 .data          0x0800adec        0x0 os_start_os.o
 .bss           0x0800adec        0x0 os_start_os.o
 .debug_info    0x0800adec       0xdc os_start_os.o
 .debug_abbrev  0x0800aec8       0x5d os_start_os.o
 .debug_aranges
                0x0800af25       0x20 os_start_os.o
 .debug_macro   0x0800af45       0xbc os_start_os.o
 .debug_line    0x0800b001      0x1f1 os_start_os.o
 .debug_str     0x0800b1f2      0x249 os_start_os.o
                               0x2d7b (size before relaxing)
 .comment       0x00000000       0x71 os_start_os.o
 *fill*         0x0800b43b        0x1 
 .debug_frame   0x0800b43c       0x2c os_start_os.o
 .ARM.attributes
                0x0800b468       0x33 os_start_os.o
 os_task_common.o()
 *fill*         0x0800b49b        0x1 
 .text          0x0800b49c      0x1d8 os_task_common.o
                0x0800b49c                OS_TASK_SAVETASK_ENVIRONMENT
                0x0800b4dc                OS_TASK_RESTORETASK_ENVIRONMENT
                0x0800b50c                OS_TASK_RESTORE_SYSTEM_STACK
                0x0800b520                OS_TASK_SAVE_SYSTEM_STACK
                0x0800b534                OS_Task_InitTaskEnvironment
                0x0800b618                OS_Task_DeleteTaskEnvironment
                0x0800b648                OS_Task_CreateTaskEnvironment
 .data          0x0800b674        0x0 os_task_common.o
 .bss           0x0800b674        0x0 os_task_common.o
 .debug_info    0x0800b674      0x50f os_task_common.o
 .debug_abbrev  0x0800bb83      0x129 os_task_common.o
 .debug_aranges
                0x0800bcac       0x20 os_task_common.o
 .debug_macro   0x0800bccc       0xab os_task_common.o
 .debug_line    0x0800bd77      0x257 os_task_common.o
 .debug_str     0x0800bfce      0x162 os_task_common.o
                               0x3048 (size before relaxing)
 .comment       0x00000000       0x71 os_task_common.o
 .debug_frame   0x0800c130      0x128 os_task_common.o
 .ARM.attributes
                0x0800c258       0x33 os_task_common.o
 *fill*         0x0800c28b        0x1 
 COMMON         0x0800c28c       0x24 os_task_common.o
                0x0800c28c                REGISTER_R2
                0x0800c290                REGISTER_R0
                0x0800c294                TASK_PTR
                0x0800c2a8                REGISTER_R1
                0x0800c2ac                REGISTER_R3
 os_task_queue.o()
 .text          0x0800c2b0      0xa84 os_task_queue.o
                0x0800c2b0                SET_RUNNING_TASK
                0x0800c434                OS_INIT_TASK_QUEUE
                0x0800c48c                AddToTaskQueue
                0x0800c864                DeleteFromTaskQueue
                0x0800c96c                GetFromTaskQueue
                0x0800c984                GetFromLinkList
                0x0800c9a8                DeleteFromLinkList
                0x0800c9cc                AddToLinkList
                0x0800ca2c                UpdateLinkList
                0x0800caac                GetIdleTask
                0x0800cac0                AddToIdleTaskQueue
                0x0800cc40                GetRunningTask
                0x0800cc54                OS_INIT_TASK
 .data          0x0800cd34        0x0 os_task_queue.o
 .bss           0x0800cd34      0x3d0 os_task_queue.o
 .debug_info    0x0800d104      0x6b6 os_task_queue.o
 .debug_abbrev  0x0800d7ba      0x1b6 os_task_queue.o
 .debug_aranges
                0x0800d970       0x20 os_task_queue.o
 .debug_macro   0x0800d990       0xb0 os_task_queue.o
 .debug_macro   0x0800da40       0x1c os_task_queue.o
 .debug_line    0x0800da5c      0x329 os_task_queue.o
 .debug_str     0x0800dd85      0x1e0 os_task_queue.o
                               0x3170 (size before relaxing)
 .comment       0x00000000       0x71 os_task_queue.o
 *fill*         0x0800df65        0x3 
 .debug_frame   0x0800df68      0x214 os_task_queue.o
 .ARM.attributes
                0x0800e17c       0x33 os_task_queue.o
 os_task_scheduler.o()
 *fill*         0x0800e1af        0x1 
 .text          0x0800e1b0      0x698 os_task_scheduler.o
                0x0800e1b0                OS_ACTIVATE_DISPATCHER
                0x0800e1ec                OS_SLEEPTASK
                0x0800e20c                task_state_request
                0x0800e2f0                OS_ActivateTask
                0x0800e448                OS_TERMINATE_TASK
                0x0800e4dc                OS_TASK_DISPATCHER
                0x0800e564                OS_INIT_TASKS
                0x0800e818                ISR_TASK_DISPATCH_C0
                0x0800e824                ISR_TASK_DISPATCH_C1
                0x0800e830                ISR_TASK_DISPATCH_C2
                0x0800e83c                ISR_TASK_DISPATCH_C3
 .data          0x0800e848        0x0 os_task_scheduler.o
 .bss           0x0800e848      0x640 os_task_scheduler.o
 .debug_info    0x0800ee88      0x773 os_task_scheduler.o
 .debug_abbrev  0x0800f5fb      0x1f3 os_task_scheduler.o
 .debug_aranges
                0x0800f7ee       0x20 os_task_scheduler.o
 .debug_macro   0x0800f80e       0xdc os_task_scheduler.o
 .debug_line    0x0800f8ea      0x35a os_task_scheduler.o
 .debug_str     0x0800fc44      0x25b os_task_scheduler.o
                               0x32f7 (size before relaxing)
 .comment       0x00000000       0x71 os_task_scheduler.o
 *fill*         0x0800fe9f        0x1 
 .debug_frame   0x0800fea0      0x288 os_task_scheduler.o
 .ARM.attributes
                0x08010128       0x33 os_task_scheduler.o
 os_stack.o()
 *fill*         0x0801015b        0x1 
 .text          0x0801015c        0x0 os_stack.o
 .data          0x0801015c        0x0 os_stack.o
 .bss           0x0801015c        0x0 os_stack.o
 .debug_info    0x0801015c       0x3a os_stack.o
 .debug_abbrev  0x08010196       0x1c os_stack.o
 .debug_aranges
                0x080101b2       0x18 os_stack.o
 .debug_macro   0x080101ca       0x9a os_stack.o
 .debug_line    0x08010264      0x1c4 os_stack.o
 .debug_str     0x08010428       0x46 os_stack.o
                               0x2a80 (size before relaxing)
 .comment       0x00000000       0x71 os_stack.o
 .ARM.attributes
                0x0801046e       0x33 os_stack.o
 os_heap.o()
 *fill*         0x080104a1        0x3 
 .text          0x080104a4      0x22c os_heap.o
                0x080104a4                os_calloc
                0x080104ec                os_realloc
                0x08010560                os_malloc
                0x080105c8                os_free
 .data          0x080106d0        0x0 os_heap.o
 .bss           0x080106d0        0x0 os_heap.o
 .debug_info    0x080106d0      0x24e os_heap.o
 .debug_abbrev  0x0801091e      0x10d os_heap.o
 .debug_aranges
                0x08010a2b       0x20 os_heap.o
 .debug_macro   0x08010a4b       0x9e os_heap.o
 .debug_line    0x08010ae9      0x252 os_heap.o
 .debug_str     0x08010d3b       0xe9 os_heap.o
                               0x2b51 (size before relaxing)
 .comment       0x00000000       0x71 os_heap.o
 .debug_frame   0x08010e24      0x100 os_heap.o
 .ARM.attributes
                0x08010f24       0x33 os_heap.o
 os_diagnostic_main.o()
 *fill*         0x08010f57        0x1 
 .text          0x08010f58        0xc os_diagnostic_main.o
                0x08010f58                OS_DIAGNOSTIC_MAIN
 .data          0x08010f64        0x0 os_diagnostic_main.o
 .bss           0x08010f64        0x0 os_diagnostic_main.o
 .debug_info    0x08010f64       0x53 os_diagnostic_main.o
 .debug_abbrev  0x08010fb7       0x38 os_diagnostic_main.o
 .debug_aranges
                0x08010fef       0x20 os_diagnostic_main.o
 .debug_macro   0x0801100f       0x9a os_diagnostic_main.o
 .debug_line    0x080110a9      0x1dc os_diagnostic_main.o
 .debug_str     0x08011285       0x63 os_diagnostic_main.o
                               0x2a9d (size before relaxing)
 .comment       0x00000000       0x71 os_diagnostic_main.o
 .debug_frame   0x080112e8       0x34 os_diagnostic_main.o
 .ARM.attributes
                0x0801131c       0x33 os_diagnostic_main.o
 led.o()
 *fill*         0x0801134f        0x1 
 .text          0x08011350       0x50 led.o
                0x08011350                USER_LED_INIT
                0x08011364                USER_LED_ON
                0x08011378                USER_LED_OFF
                0x0801138c                USER_LED_TOGGLE
 .data          0x080113a0        0x0 led.o
 .bss           0x080113a0        0x0 led.o
 .debug_info    0x080113a0       0xfa led.o
 .debug_abbrev  0x0801149a       0x84 led.o
 .debug_aranges
                0x0801151e       0x20 led.o
 .debug_macro   0x0801153e       0x9e led.o
 .debug_line    0x080115dc      0x1cb led.o
 .debug_str     0x080117a7       0x97 led.o
                               0x2ad1 (size before relaxing)
 .comment       0x00000000       0x71 led.o
 *fill*         0x0801183e        0x2 
 .debug_frame   0x08011840       0xb0 led.o
 .ARM.attributes
                0x080118f0       0x33 led.o
                0x08011923                _code_end = .
                0x08011923                PROVIDE (code_start, .)
                0x08011923                PROVIDE (code_end, .)
 *fill*         0x08011923        0x1 
 .text          0x08011924      0x370 d:/programm/gnu tools arm embedded/4.9 2015q1/bin/../lib/gcc/arm-none-eabi/4.9.3/armv7e-m\libgcc.a(_arm_addsubdf3.o)
                0x08011924                __aeabi_drsub
                0x0801192c                __aeabi_dsub
                0x0801192c                __subdf3
                0x08011930                __aeabi_dadd
                0x08011930                __adddf3
                0x08011ba8                __floatunsidf
                0x08011ba8                __aeabi_ui2d
                0x08011bc8                __floatsidf
                0x08011bc8                __aeabi_i2d
                0x08011bec                __aeabi_f2d
                0x08011bec                __extendsfdf2
                0x08011c28                __floatundidf
                0x08011c28                __aeabi_ul2d
                0x08011c38                __floatdidf
                0x08011c38                __aeabi_l2d
 .text          0x08011c94      0x110 d:/programm/gnu tools arm embedded/4.9 2015q1/bin/../lib/gcc/arm-none-eabi/4.9.3/armv7e-m\libgcc.a(_arm_cmpdf2.o)
                0x08011c94                __gtdf2
                0x08011c94                __gedf2
                0x08011c9c                __ltdf2
                0x08011c9c                __ledf2
                0x08011ca4                __nedf2
                0x08011ca4                __eqdf2
                0x08011ca4                __cmpdf2
                0x08011d20                __aeabi_cdrcmple
                0x08011d30                __aeabi_cdcmpeq
                0x08011d30                __aeabi_cdcmple
                0x08011d40                __aeabi_dcmpeq
                0x08011d54                __aeabi_dcmplt
                0x08011d68                __aeabi_dcmple
                0x08011d7c                __aeabi_dcmpge
                0x08011d90                __aeabi_dcmpgt

.glue_7         0x08011da4        0x0
 .glue_7        0x00000000        0x0 linker stubs

.glue_7t        0x08011da4        0x0
 .glue_7t       0x00000000        0x0 linker stubs

.vfp11_veneer   0x08011da4        0x0
 .vfp11_veneer  0x00000000        0x0 linker stubs

.v4_bx          0x08011da4        0x0
 .v4_bx         0x00000000        0x0 linker stubs

.data           0x20000000     0x71a8
                0x20000000                _ram_start = .
 os_ram.o()
 .text          0x20000000        0x0 os_ram.o
 .data          0x20000000        0x0 os_ram.o
 .bss           0x20000000        0x0 os_ram.o
 .debug_info    0x20000000      0x181 os_ram.o
 .debug_abbrev  0x20000181       0x5c os_ram.o
 .debug_aranges
                0x200001dd       0x18 os_ram.o
 .debug_macro   0x200001f5       0xa2 os_ram.o
 .debug_line    0x20000297      0x1dd os_ram.o
 .debug_str     0x20000474     0x2b80 os_ram.o
                               0x2bc0 (size before relaxing)
 .comment       0x20002ff4       0x70 os_ram.o
                                 0x71 (size before relaxing)
 .ARM.attributes
                0x20003064       0x33 os_ram.o
 *fill*         0x20003097        0x1 
 COMMON         0x20003098     0x293c os_ram.o
                0x20003098                VAR_MEM_MANAG_FAULT_STATUS_REG
                0x2000309c                OS_STACK
                0x2000319c                OS_STATE
                0x200031a0                BACKUP_SYSTICK_CURRENT_VAL_REG
                0x200031a4                LINK_REGISTER_HANDLER
                0x200031a8                VAR_AUX_FAULT_STATUS_REG
                0x200031ac                OS_MAIN_STACK
                0x200032ac                VAR_HARDFAULT_STATUS_REG
                0x200032b0                VAR_BUS_FAULT_STATUS_REG
                0x200032b4                HEAP
                0x200059c4                VAR_FAULT_STATUS_REG
                0x200059c8                VAR_MEM_FAULT_ADDR_REG
                0x200059cc                VAR_USAGE_FAULT_STATUS_REG
                0x200059d0                VAR_BUS_FAULT_ADDR_REG
 os_shared_ram.o()
 .text          0x200059d4        0x0 os_shared_ram.o
 .data          0x200059d4        0x0 os_shared_ram.o
 .bss           0x200059d4        0x0 os_shared_ram.o
 .debug_info    0x200059d4      0x16c os_shared_ram.o
 .debug_abbrev  0x20005b40       0x4c os_shared_ram.o
 .debug_aranges
                0x20005b8c       0x18 os_shared_ram.o
 .debug_macro   0x20005ba4       0xfa os_shared_ram.o
 .debug_line    0x20005c9e      0x1c9 os_shared_ram.o
 .debug_str     0x20005e67      0x30b os_shared_ram.o
                               0x2d5e (size before relaxing)
 .comment       0x00000000       0x71 os_shared_ram.o
 .ARM.attributes
                0x20006172       0x33 os_shared_ram.o
 *fill*         0x200061a5        0x3 
 COMMON         0x200061a8     0x1000 os_shared_ram.o
                0x200061a8                RAM_BLOCK_C01_C01
                0x200062a8                RAM_BLOCK_C01_C00
                0x200063a8                RAM_BLOCK_C00_C00
                0x200064a8                RAM_BLOCK_C01_C03
                0x200065a8                RAM_BLOCK_C03_C01
                0x200066a8                RAM_BLOCK_C00_C01
                0x200067a8                RAM_BLOCK_C02_C01
                0x200068a8                RAM_BLOCK_C01_C02
                0x200069a8                RAM_BLOCK_C03_C00
                0x20006aa8                RAM_BLOCK_C02_C00
                0x20006ba8                RAM_BLOCK_C02_C02
                0x20006ca8                RAM_BLOCK_C03_C03
                0x20006da8                RAM_BLOCK_C03_C02
                0x20006ea8                RAM_BLOCK_C00_C03
                0x20006fa8                RAM_BLOCK_C00_C02
                0x200070a8                RAM_BLOCK_C02_C03
                0x200071a8                _ram_end = .
                0x200071a8                PROVIDE (ram_start, .)
                0x200071a8                PROVIDE (ram_end, .)
 .data          0x200071a8        0x0 d:/programm/gnu tools arm embedded/4.9 2015q1/bin/../lib/gcc/arm-none-eabi/4.9.3/armv7e-m\libgcc.a(_arm_addsubdf3.o)
 .data          0x200071a8        0x0 d:/programm/gnu tools arm embedded/4.9 2015q1/bin/../lib/gcc/arm-none-eabi/4.9.3/armv7e-m\libgcc.a(_arm_cmpdf2.o)
START GROUP
LOAD d:/programm/gnu tools arm embedded/4.9 2015q1/bin/../lib/gcc/arm-none-eabi/4.9.3/armv7e-m\libgcc.a
LOAD d:/programm/gnu tools arm embedded/4.9 2015q1/bin/../lib/gcc/arm-none-eabi/4.9.3/../../../../arm-none-eabi/lib/armv7e-m\libg.a
LOAD d:/programm/gnu tools arm embedded/4.9 2015q1/bin/../lib/gcc/arm-none-eabi/4.9.3/../../../../arm-none-eabi/lib/armv7e-m\libc.a
END GROUP
OUTPUT(E:\NeuOrga\Programmieren\c_cpp\github_os\output\VERSION_ARM\operating_system.elf elf32-littlearm)

.bss            0x200071a8        0x0
 .bss           0x200071a8        0x0 d:/programm/gnu tools arm embedded/4.9 2015q1/bin/../lib/gcc/arm-none-eabi/4.9.3/armv7e-m\libgcc.a(_arm_addsubdf3.o)
 .bss           0x200071a8        0x0 d:/programm/gnu tools arm embedded/4.9 2015q1/bin/../lib/gcc/arm-none-eabi/4.9.3/armv7e-m\libgcc.a(_arm_cmpdf2.o)

.ARM.attributes
                0x00000000       0x31
 .ARM.attributes
                0x00000000       0x1e d:/programm/gnu tools arm embedded/4.9 2015q1/bin/../lib/gcc/arm-none-eabi/4.9.3/armv7e-m\libgcc.a(_arm_addsubdf3.o)
 .ARM.attributes
                0x0000001e       0x1e d:/programm/gnu tools arm embedded/4.9 2015q1/bin/../lib/gcc/arm-none-eabi/4.9.3/armv7e-m\libgcc.a(_arm_cmpdf2.o)
