Archive member included to satisfy reference by file (symbol)

d:/programm/gnu tools arm embedded/7 2018-q2-update/bin/../lib/gcc/arm-none-eabi/7.3.1/thumb/v7e-m\libgcc.a(_arm_addsubdf3.o)
                              os_task_scheduler.o (__aeabi_ui2d)
d:/programm/gnu tools arm embedded/7 2018-q2-update/bin/../lib/gcc/arm-none-eabi/7.3.1/thumb/v7e-m\libgcc.a(_arm_cmpdf2.o)
                              os_task_scheduler.o (__aeabi_dcmpgt)

Allocating common symbols
Common symbol       size              file

TASK_STACK          0x3e8             os_ram.o
RAM_BLOCK_C01_C01   0x100             os_shared_ram.o
VAR_MEM_MANAG_FAULT_STATUS_REG
                    0x4               os_ram.o
REGISTER_R2         0x4               os_ram.o
pTASK_RUN_QUEUE     0x14              os_ram.o
RAM_CHECK_FAILURE_ADDR
                    0x4               os_ram.o
REGISTER_R0         0x4               os_ram.o
OS_STACK            0x100             os_ram.o
RAM_BLOCK_C01_C00   0x100             os_shared_ram.o
REGISTER_R6         0x4               os_ram.o
REGISTER_R7         0x4               os_ram.o
DBG_CALIB_VALUE     0x4               os_ram.o
RAM_BLOCK_C00_C00   0x100             os_shared_ram.o
OS_STATE            0x4               os_ram.o
TASK_IDLE_QUEUE     0x88              os_ram.o
REGISTER_R9         0x4               os_ram.o
TASK1_CALL_NR       0x4               os_ram.o
bTASK_QUEUE_INITIALIZED
                    0x1               os_ram.o
BACKUP_SYSTICK_CURRENT_VAL_REG
                    0x4               os_ram.o
RAM_BLOCK_C01_C03   0x100             os_shared_ram.o
TASK2_CALL_NR       0x4               os_ram.o
LAST_CURRENT_TIME   0x4               os_ram.o
LINK_REGISTER_HANDLER
                    0x4               os_ram.o
VAR_AUX_FAULT_STATUS_REG
                    0x4               os_ram.o
REGISTER_R8         0x4               os_ram.o
RAM_BLOCK_C03_C01   0x100             os_shared_ram.o
RAM_BLOCK_C00_C01   0x100             os_shared_ram.o
TASK4_CALL_NR       0x4               os_ram.o
TASK_PTR            0x14              os_task_common.o
REGISTER_R5         0x4               os_ram.o
OS_MAIN_STACK       0x100             os_ram.o
RAM_BLOCK_C02_C01   0x100             os_shared_ram.o
DBG_RLD_VALUE       0x4               os_ram.o
REGISTER_R4         0x4               os_ram.o
RAM_BLOCK_C01_C02   0x100             os_shared_ram.o
RUNNING_TASK        0x88              os_ram.o
TASK_RUN_QUEUE      0x2a8             os_ram.o
VAR_HARDFAULT_STATUS_REG
                    0x4               os_ram.o
RAM_BLOCK_C03_C00   0x100             os_shared_ram.o
REGISTER_R1         0x4               os_ram.o
RAM_BLOCK_C02_C00   0x100             os_shared_ram.o
DBG_CTRL_VALUE      0x4               os_ram.o
VAR_BUS_FAULT_STATUS_REG
                    0x4               os_ram.o
RAM_BLOCK_C02_C02   0x100             os_shared_ram.o
RAM_CHECK_FAILURE_DETECTED
                    0x4               os_ram.o
REGISTER_R10        0x4               os_ram.o
RAM_BLOCK_C03_C03   0x100             os_shared_ram.o
RAM_BLOCK_C03_C02   0x100             os_shared_ram.o
RAM_BLOCK_C00_C03   0x100             os_shared_ram.o
HEAP                0x2710            os_ram.o
DBG_CURR_VAL        0x4               os_ram.o
VAR_FAULT_STATUS_REG
                    0x4               os_ram.o
REGISTER_R11        0x4               os_ram.o
REGISTER_R3         0x4               os_ram.o
TASK3_CALL_NR       0x4               os_ram.o
VAR_MEM_FAULT_ADDR_REG
                    0x4               os_ram.o
VAR_USAGE_FAULT_STATUS_REG
                    0x4               os_ram.o
VAR_BUS_FAULT_ADDR_REG
                    0x4               os_ram.o
RAM_BLOCK_C00_C02   0x100             os_shared_ram.o
RAM_BLOCK_C02_C03   0x100             os_shared_ram.o

Discarded input sections

 .group         0x00000000        0xc os_exception_table.o
 .group         0x00000000        0xc os_exception_table.o
 .group         0x00000000        0xc os_exception_table.o
 .group         0x00000000        0xc os_exception_table.o
 .group         0x00000000        0xc os_exception_table.o
 .group         0x00000000        0xc os_exception_table.o
 .group         0x00000000        0xc os_exception_table.o
 .group         0x00000000        0xc os_exception_table.o
 .group         0x00000000        0xc os_exception_table.o
 .group         0x00000000        0xc os_const.o
 .group         0x00000000        0xc os_const.o
 .group         0x00000000        0xc os_const.o
 .group         0x00000000        0xc os_const.o
 .group         0x00000000        0xc os_const.o
 .group         0x00000000        0xc os_const.o
 .group         0x00000000        0xc os_const.o
 .group         0x00000000        0xc os_const.o
 .debug_macro   0x00000000      0xa42 os_const.o
 .debug_macro   0x00000000       0x4c os_const.o
 .debug_macro   0x00000000       0x82 os_const.o
 .debug_macro   0x00000000       0x46 os_const.o
 .debug_macro   0x00000000       0x10 os_const.o
 .debug_macro   0x00000000       0x16 os_const.o
 .debug_macro   0x00000000       0x28 os_const.o
 .debug_macro   0x00000000       0x1c os_const.o
 .group         0x00000000        0xc os_common.o
 .group         0x00000000        0xc os_common.o
 .group         0x00000000        0xc os_common.o
 .group         0x00000000        0xc os_common.o
 .group         0x00000000        0xc os_common.o
 .group         0x00000000        0xc os_common.o
 .group         0x00000000        0xc os_common.o
 .group         0x00000000        0xc os_common.o
 .debug_macro   0x00000000      0xa42 os_common.o
 .debug_macro   0x00000000       0x4c os_common.o
 .debug_macro   0x00000000       0x82 os_common.o
 .debug_macro   0x00000000       0x46 os_common.o
 .debug_macro   0x00000000       0x10 os_common.o
 .debug_macro   0x00000000       0x16 os_common.o
 .debug_macro   0x00000000       0x28 os_common.o
 .debug_macro   0x00000000       0x1c os_common.o
 .group         0x00000000        0xc os_exception.o
 .group         0x00000000        0xc os_exception.o
 .group         0x00000000        0xc os_exception.o
 .group         0x00000000        0xc os_exception.o
 .group         0x00000000        0xc os_exception.o
 .group         0x00000000        0xc os_exception.o
 .group         0x00000000        0xc os_exception.o
 .group         0x00000000        0xc os_exception.o
 .group         0x00000000        0xc os_exception.o
 .group         0x00000000        0xc os_exception.o
 .group         0x00000000        0xc os_exception.o
 .debug_macro   0x00000000       0x4c os_exception.o
 .debug_macro   0x00000000       0x82 os_exception.o
 .debug_macro   0x00000000       0x46 os_exception.o
 .debug_macro   0x00000000       0x10 os_exception.o
 .debug_macro   0x00000000       0x16 os_exception.o
 .debug_macro   0x00000000       0x28 os_exception.o
 .debug_macro   0x00000000       0x1c os_exception.o
 .debug_macro   0x00000000       0x10 os_exception.o
 .group         0x00000000        0xc os_exception_isr_handler.o
 .group         0x00000000        0xc os_exception_isr_handler.o
 .group         0x00000000        0xc os_exception_isr_handler.o
 .group         0x00000000        0xc os_exception_isr_handler.o
 .group         0x00000000        0xc os_exception_isr_handler.o
 .group         0x00000000        0xc os_exception_isr_handler.o
 .group         0x00000000        0xc os_exception_isr_handler.o
 .group         0x00000000        0xc os_exception_isr_handler.o
 .group         0x00000000        0xc os_exception_isr_handler.o
 .debug_macro   0x00000000      0xa42 os_exception_isr_handler.o
 .debug_macro   0x00000000       0x4c os_exception_isr_handler.o
 .debug_macro   0x00000000       0x82 os_exception_isr_handler.o
 .debug_macro   0x00000000       0x46 os_exception_isr_handler.o
 .debug_macro   0x00000000       0x10 os_exception_isr_handler.o
 .debug_macro   0x00000000       0x16 os_exception_isr_handler.o
 .debug_macro   0x00000000       0x28 os_exception_isr_handler.o
 .debug_macro   0x00000000       0x1c os_exception_isr_handler.o
 .debug_macro   0x00000000       0x28 os_exception_isr_handler.o
 .group         0x00000000        0xc os_init_task_system.o
 .group         0x00000000        0xc os_init_task_system.o
 .group         0x00000000        0xc os_init_task_system.o
 .group         0x00000000        0xc os_init_task_system.o
 .group         0x00000000        0xc os_init_task_system.o
 .group         0x00000000        0xc os_init_task_system.o
 .group         0x00000000        0xc os_init_task_system.o
 .group         0x00000000        0xc os_init_task_system.o
 .group         0x00000000        0xc os_init_task_system.o
 .debug_macro   0x00000000      0xa42 os_init_task_system.o
 .debug_macro   0x00000000       0x4c os_init_task_system.o
 .debug_macro   0x00000000       0x82 os_init_task_system.o
 .debug_macro   0x00000000       0x46 os_init_task_system.o
 .debug_macro   0x00000000       0x10 os_init_task_system.o
 .debug_macro   0x00000000       0x16 os_init_task_system.o
 .debug_macro   0x00000000       0x28 os_init_task_system.o
 .debug_macro   0x00000000       0x1c os_init_task_system.o
 .group         0x00000000        0xc os_main.o
 .group         0x00000000        0xc os_main.o
 .group         0x00000000        0xc os_main.o
 .group         0x00000000        0xc os_main.o
 .group         0x00000000        0xc os_main.o
 .group         0x00000000        0xc os_main.o
 .group         0x00000000        0xc os_main.o
 .group         0x00000000        0xc os_main.o
 .group         0x00000000        0xc os_main.o
 .debug_macro   0x00000000      0xa42 os_main.o
 .debug_macro   0x00000000       0x4c os_main.o
 .debug_macro   0x00000000       0x82 os_main.o
 .debug_macro   0x00000000       0x46 os_main.o
 .debug_macro   0x00000000       0x10 os_main.o
 .debug_macro   0x00000000       0x16 os_main.o
 .debug_macro   0x00000000       0x28 os_main.o
 .debug_macro   0x00000000       0x1c os_main.o
 .debug_macro   0x00000000       0x28 os_main.o
 .group         0x00000000        0xc os_memory_mmu_setup.o
 .group         0x00000000        0xc os_memory_mmu_setup.o
 .group         0x00000000        0xc os_memory_mmu_setup.o
 .group         0x00000000        0xc os_memory_mmu_setup.o
 .group         0x00000000        0xc os_memory_mmu_setup.o
 .group         0x00000000        0xc os_memory_mmu_setup.o
 .group         0x00000000        0xc os_memory_mmu_setup.o
 .group         0x00000000        0xc os_memory_mmu_setup.o
 .debug_macro   0x00000000      0xa42 os_memory_mmu_setup.o
 .debug_macro   0x00000000       0x4c os_memory_mmu_setup.o
 .debug_macro   0x00000000       0x82 os_memory_mmu_setup.o
 .debug_macro   0x00000000       0x46 os_memory_mmu_setup.o
 .debug_macro   0x00000000       0x10 os_memory_mmu_setup.o
 .debug_macro   0x00000000       0x16 os_memory_mmu_setup.o
 .debug_macro   0x00000000       0x28 os_memory_mmu_setup.o
 .debug_macro   0x00000000       0x1c os_memory_mmu_setup.o
 .group         0x00000000        0xc os_shutdown.o
 .group         0x00000000        0xc os_shutdown.o
 .group         0x00000000        0xc os_shutdown.o
 .group         0x00000000        0xc os_shutdown.o
 .group         0x00000000        0xc os_shutdown.o
 .group         0x00000000        0xc os_shutdown.o
 .group         0x00000000        0xc os_shutdown.o
 .group         0x00000000        0xc os_shutdown.o
 .debug_macro   0x00000000      0xa42 os_shutdown.o
 .debug_macro   0x00000000       0x4c os_shutdown.o
 .debug_macro   0x00000000       0x82 os_shutdown.o
 .debug_macro   0x00000000       0x46 os_shutdown.o
 .debug_macro   0x00000000       0x10 os_shutdown.o
 .debug_macro   0x00000000       0x16 os_shutdown.o
 .debug_macro   0x00000000       0x28 os_shutdown.o
 .debug_macro   0x00000000       0x1c os_shutdown.o
 .group         0x00000000        0xc os_start_ext_prg.o
 .group         0x00000000        0xc os_start_ext_prg.o
 .group         0x00000000        0xc os_start_ext_prg.o
 .group         0x00000000        0xc os_start_ext_prg.o
 .group         0x00000000        0xc os_start_ext_prg.o
 .group         0x00000000        0xc os_start_ext_prg.o
 .group         0x00000000        0xc os_start_ext_prg.o
 .group         0x00000000        0xc os_start_ext_prg.o
 .debug_macro   0x00000000      0xa42 os_start_ext_prg.o
 .debug_macro   0x00000000       0x4c os_start_ext_prg.o
 .debug_macro   0x00000000       0x82 os_start_ext_prg.o
 .debug_macro   0x00000000       0x46 os_start_ext_prg.o
 .debug_macro   0x00000000       0x10 os_start_ext_prg.o
 .debug_macro   0x00000000       0x16 os_start_ext_prg.o
 .debug_macro   0x00000000       0x28 os_start_ext_prg.o
 .debug_macro   0x00000000       0x1c os_start_ext_prg.o
 .group         0x00000000        0xc os_start_init_hw.o
 .group         0x00000000        0xc os_start_init_hw.o
 .group         0x00000000        0xc os_start_init_hw.o
 .group         0x00000000        0xc os_start_init_hw.o
 .group         0x00000000        0xc os_start_init_hw.o
 .group         0x00000000        0xc os_start_init_hw.o
 .group         0x00000000        0xc os_start_init_hw.o
 .group         0x00000000        0xc os_start_init_hw.o
 .debug_macro   0x00000000      0xa42 os_start_init_hw.o
 .debug_macro   0x00000000       0x4c os_start_init_hw.o
 .debug_macro   0x00000000       0x82 os_start_init_hw.o
 .debug_macro   0x00000000       0x46 os_start_init_hw.o
 .debug_macro   0x00000000       0x10 os_start_init_hw.o
 .debug_macro   0x00000000       0x16 os_start_init_hw.o
 .debug_macro   0x00000000       0x28 os_start_init_hw.o
 .debug_macro   0x00000000       0x1c os_start_init_hw.o
 .group         0x00000000        0xc os_start_init_mc.o
 .group         0x00000000        0xc os_start_init_mc.o
 .group         0x00000000        0xc os_start_init_mc.o
 .group         0x00000000        0xc os_start_init_mc.o
 .group         0x00000000        0xc os_start_init_mc.o
 .group         0x00000000        0xc os_start_init_mc.o
 .group         0x00000000        0xc os_start_init_mc.o
 .group         0x00000000        0xc os_start_init_mc.o
 .debug_macro   0x00000000      0xa42 os_start_init_mc.o
 .debug_macro   0x00000000       0x4c os_start_init_mc.o
 .debug_macro   0x00000000       0x82 os_start_init_mc.o
 .debug_macro   0x00000000       0x46 os_start_init_mc.o
 .debug_macro   0x00000000       0x10 os_start_init_mc.o
 .debug_macro   0x00000000       0x16 os_start_init_mc.o
 .debug_macro   0x00000000       0x28 os_start_init_mc.o
 .debug_macro   0x00000000       0x1c os_start_init_mc.o
 .group         0x00000000        0xc os_start_init_sw.o
 .group         0x00000000        0xc os_start_init_sw.o
 .group         0x00000000        0xc os_start_init_sw.o
 .group         0x00000000        0xc os_start_init_sw.o
 .group         0x00000000        0xc os_start_init_sw.o
 .group         0x00000000        0xc os_start_init_sw.o
 .group         0x00000000        0xc os_start_init_sw.o
 .group         0x00000000        0xc os_start_init_sw.o
 .debug_macro   0x00000000      0xa42 os_start_init_sw.o
 .debug_macro   0x00000000       0x4c os_start_init_sw.o
 .debug_macro   0x00000000       0x82 os_start_init_sw.o
 .debug_macro   0x00000000       0x46 os_start_init_sw.o
 .debug_macro   0x00000000       0x10 os_start_init_sw.o
 .debug_macro   0x00000000       0x16 os_start_init_sw.o
 .debug_macro   0x00000000       0x28 os_start_init_sw.o
 .debug_macro   0x00000000       0x1c os_start_init_sw.o
 .group         0x00000000        0xc os_start_os.o
 .group         0x00000000        0xc os_start_os.o
 .group         0x00000000        0xc os_start_os.o
 .group         0x00000000        0xc os_start_os.o
 .group         0x00000000        0xc os_start_os.o
 .group         0x00000000        0xc os_start_os.o
 .group         0x00000000        0xc os_start_os.o
 .group         0x00000000        0xc os_start_os.o
 .debug_macro   0x00000000      0xa42 os_start_os.o
 .debug_macro   0x00000000       0x4c os_start_os.o
 .debug_macro   0x00000000       0x82 os_start_os.o
 .debug_macro   0x00000000       0x46 os_start_os.o
 .debug_macro   0x00000000       0x10 os_start_os.o
 .debug_macro   0x00000000       0x16 os_start_os.o
 .debug_macro   0x00000000       0x28 os_start_os.o
 .debug_macro   0x00000000       0x1c os_start_os.o
 .group         0x00000000        0xc os_task_common.o
 .group         0x00000000        0xc os_task_common.o
 .group         0x00000000        0xc os_task_common.o
 .group         0x00000000        0xc os_task_common.o
 .group         0x00000000        0xc os_task_common.o
 .group         0x00000000        0xc os_task_common.o
 .group         0x00000000        0xc os_task_common.o
 .group         0x00000000        0xc os_task_common.o
 .group         0x00000000        0xc os_task_common.o
 .debug_macro   0x00000000      0xa42 os_task_common.o
 .debug_macro   0x00000000       0x4c os_task_common.o
 .debug_macro   0x00000000       0x82 os_task_common.o
 .debug_macro   0x00000000       0x46 os_task_common.o
 .debug_macro   0x00000000       0x10 os_task_common.o
 .debug_macro   0x00000000       0x16 os_task_common.o
 .debug_macro   0x00000000       0x28 os_task_common.o
 .debug_macro   0x00000000       0x1c os_task_common.o
 .debug_macro   0x00000000       0x28 os_task_common.o
 .group         0x00000000        0xc os_task_queue.o
 .group         0x00000000        0xc os_task_queue.o
 .group         0x00000000        0xc os_task_queue.o
 .group         0x00000000        0xc os_task_queue.o
 .group         0x00000000        0xc os_task_queue.o
 .group         0x00000000        0xc os_task_queue.o
 .group         0x00000000        0xc os_task_queue.o
 .group         0x00000000        0xc os_task_queue.o
 .group         0x00000000        0xc os_task_queue.o
 .group         0x00000000        0xc os_task_queue.o
 .debug_macro   0x00000000      0xa42 os_task_queue.o
 .debug_macro   0x00000000       0x4c os_task_queue.o
 .debug_macro   0x00000000       0x82 os_task_queue.o
 .debug_macro   0x00000000       0x46 os_task_queue.o
 .debug_macro   0x00000000       0x10 os_task_queue.o
 .debug_macro   0x00000000       0x16 os_task_queue.o
 .debug_macro   0x00000000       0x28 os_task_queue.o
 .debug_macro   0x00000000       0x1c os_task_queue.o
 .debug_macro   0x00000000       0x1c os_task_queue.o
 .debug_macro   0x00000000       0x28 os_task_queue.o
 .group         0x00000000        0xc os_task_scheduler.o
 .group         0x00000000        0xc os_task_scheduler.o
 .group         0x00000000        0xc os_task_scheduler.o
 .group         0x00000000        0xc os_task_scheduler.o
 .group         0x00000000        0xc os_task_scheduler.o
 .group         0x00000000        0xc os_task_scheduler.o
 .group         0x00000000        0xc os_task_scheduler.o
 .group         0x00000000        0xc os_task_scheduler.o
 .group         0x00000000        0xc os_task_scheduler.o
 .group         0x00000000        0xc os_task_scheduler.o
 .debug_macro   0x00000000      0xa42 os_task_scheduler.o
 .debug_macro   0x00000000       0x4c os_task_scheduler.o
 .debug_macro   0x00000000       0x82 os_task_scheduler.o
 .debug_macro   0x00000000       0x46 os_task_scheduler.o
 .debug_macro   0x00000000       0x10 os_task_scheduler.o
 .debug_macro   0x00000000       0x16 os_task_scheduler.o
 .debug_macro   0x00000000       0x28 os_task_scheduler.o
 .debug_macro   0x00000000       0x1c os_task_scheduler.o
 .debug_macro   0x00000000       0x28 os_task_scheduler.o
 .debug_macro   0x00000000       0x1c os_task_scheduler.o
 .group         0x00000000        0xc os_stack.o
 .group         0x00000000        0xc os_stack.o
 .group         0x00000000        0xc os_stack.o
 .group         0x00000000        0xc os_stack.o
 .group         0x00000000        0xc os_stack.o
 .group         0x00000000        0xc os_stack.o
 .group         0x00000000        0xc os_stack.o
 .group         0x00000000        0xc os_stack.o
 .debug_macro   0x00000000      0xa42 os_stack.o
 .debug_macro   0x00000000       0x4c os_stack.o
 .debug_macro   0x00000000       0x82 os_stack.o
 .debug_macro   0x00000000       0x46 os_stack.o
 .debug_macro   0x00000000       0x10 os_stack.o
 .debug_macro   0x00000000       0x16 os_stack.o
 .debug_macro   0x00000000       0x28 os_stack.o
 .debug_macro   0x00000000       0x1c os_stack.o
 .group         0x00000000        0xc os_heap.o
 .group         0x00000000        0xc os_heap.o
 .group         0x00000000        0xc os_heap.o
 .group         0x00000000        0xc os_heap.o
 .group         0x00000000        0xc os_heap.o
 .group         0x00000000        0xc os_heap.o
 .group         0x00000000        0xc os_heap.o
 .group         0x00000000        0xc os_heap.o
 .debug_macro   0x00000000      0xa42 os_heap.o
 .debug_macro   0x00000000       0x4c os_heap.o
 .debug_macro   0x00000000       0x82 os_heap.o
 .debug_macro   0x00000000       0x46 os_heap.o
 .debug_macro   0x00000000       0x10 os_heap.o
 .debug_macro   0x00000000       0x16 os_heap.o
 .debug_macro   0x00000000       0x28 os_heap.o
 .debug_macro   0x00000000       0x1c os_heap.o
 .group         0x00000000        0xc led.o
 .group         0x00000000        0xc led.o
 .group         0x00000000        0xc led.o
 .group         0x00000000        0xc led.o
 .group         0x00000000        0xc led.o
 .group         0x00000000        0xc led.o
 .group         0x00000000        0xc led.o
 .group         0x00000000        0xc led.o
 .debug_macro   0x00000000      0xa42 led.o
 .debug_macro   0x00000000       0x4c led.o
 .debug_macro   0x00000000       0x82 led.o
 .debug_macro   0x00000000       0x46 led.o
 .debug_macro   0x00000000       0x10 led.o
 .debug_macro   0x00000000       0x16 led.o
 .debug_macro   0x00000000       0x28 led.o
 .debug_macro   0x00000000       0x1c led.o
 .group         0x00000000        0xc os_ram.o
 .group         0x00000000        0xc os_ram.o
 .group         0x00000000        0xc os_ram.o
 .group         0x00000000        0xc os_ram.o
 .group         0x00000000        0xc os_ram.o
 .group         0x00000000        0xc os_ram.o
 .group         0x00000000        0xc os_ram.o
 .group         0x00000000        0xc os_ram.o
 .debug_macro   0x00000000      0xa42 os_ram.o
 .debug_macro   0x00000000       0x4c os_ram.o
 .debug_macro   0x00000000       0x82 os_ram.o
 .debug_macro   0x00000000       0x46 os_ram.o
 .debug_macro   0x00000000       0x10 os_ram.o
 .debug_macro   0x00000000       0x16 os_ram.o
 .debug_macro   0x00000000       0x28 os_ram.o
 .debug_macro   0x00000000       0x1c os_ram.o
 .group         0x00000000        0xc os_shared_ram.o
 .group         0x00000000        0xc os_shared_ram.o
 .group         0x00000000        0xc os_shared_ram.o
 .group         0x00000000        0xc os_shared_ram.o
 .group         0x00000000        0xc os_shared_ram.o
 .group         0x00000000        0xc os_shared_ram.o
 .group         0x00000000        0xc os_shared_ram.o
 .group         0x00000000        0xc os_shared_ram.o
 .debug_macro   0x00000000      0xa42 os_shared_ram.o
 .debug_macro   0x00000000       0x4c os_shared_ram.o
 .debug_macro   0x00000000       0x82 os_shared_ram.o
 .debug_macro   0x00000000       0x46 os_shared_ram.o
 .debug_macro   0x00000000       0x10 os_shared_ram.o
 .debug_macro   0x00000000       0x16 os_shared_ram.o
 .debug_macro   0x00000000       0x28 os_shared_ram.o
 .debug_macro   0x00000000       0x1c os_shared_ram.o

Memory Configuration

Name             Origin             Length             Attributes
rom              0x08000000         0x00100000
ram              0x20000000         0x00030000
*default*        0x00000000         0xffffffff

Linker script and memory map


.text           0x08000000    0x17088
                0x08000000                _ivec_start = .
 os_exception_table.o()
 .text          0x08000000        0x0 os_exception_table.o
 .data          0x08000000      0x400 os_exception_table.o
                0x08000000                isr_vec_table
 .bss           0x08000400        0x0 os_exception_table.o
 .debug_info    0x08000400      0x53f os_exception_table.o
 .debug_abbrev  0x0800093f       0xff os_exception_table.o
 .debug_aranges
                0x08000a3e       0x18 os_exception_table.o
 .debug_macro   0x08000a56       0xa7 os_exception_table.o
 .debug_macro   0x08000afd      0xa42 os_exception_table.o
 .debug_macro   0x0800153f       0x4c os_exception_table.o
 .debug_macro   0x0800158b       0x82 os_exception_table.o
 .debug_macro   0x0800160d       0x46 os_exception_table.o
 .debug_macro   0x08001653       0x10 os_exception_table.o
 .debug_macro   0x08001663       0x16 os_exception_table.o
 .debug_macro   0x08001679       0x28 os_exception_table.o
 .debug_macro   0x080016a1       0x1c os_exception_table.o
 .debug_macro   0x080016bd       0x10 os_exception_table.o
 .debug_line    0x080016cd      0x1ec os_exception_table.o
 .debug_str     0x080018b9     0x3730 os_exception_table.o
                               0x37dc (size before relaxing)
 .comment       0x08004fe9       0x7f os_exception_table.o
                                 0x80 (size before relaxing)
 .ARM.attributes
                0x08005068       0x33 os_exception_table.o
 .iplt          0x0800509b        0x0 os_exception_table.o
 .rel.iplt      0x0800509b        0x0 os_exception_table.o
 .igot.plt      0x0800509b        0x0 os_exception_table.o
                0x0800509b                _ivec_end = .
                [!provide]                PROVIDE (ivec_start = .)
                [!provide]                PROVIDE (ivec_end = .)
                0x0800509b                _const_start = .
 os_const.o()
 *fill*         0x0800509b        0x1 
 .text          0x0800509c        0x0 os_const.o
 .data          0x0800509c        0x0 os_const.o
 .bss           0x0800509c        0x0 os_const.o
 .debug_info    0x0800509c      0x50c os_const.o
 .debug_abbrev  0x080055a8       0xe7 os_const.o
 .debug_aranges
                0x0800568f       0x18 os_const.o
 .debug_macro   0x080056a7       0x9e os_const.o
 .debug_line    0x08005745      0x1c4 os_const.o
 .debug_str     0x08005909       0x46 os_const.o
                               0x3792 (size before relaxing)
 .comment       0x0800594f       0x80 os_const.o
 .ARM.attributes
                0x0800594f       0x33 os_const.o
                0x080059cf                _const_end = .
                [!provide]                PROVIDE (const_start = .)
                [!provide]                PROVIDE (const_end = .)
                0x080059cf                _code_start = .
 lld_global.o()
 *fill*         0x08005982        0x2 
 .text          0x08005984      0x14c E:\NeuOrga\Programmieren\c_cpp\github_os\output\os_drivers\obj_arm\lld_global.o
                0x08005984                GET_CORE_ID
                0x0800598a                LLF_SAVE_TASK_STACK
                0x08005990                LLF_SAVE_REGISTERS
                0x080059ca                LLF_RESTORE_TASK_STACK
                0x080059d0                LLF_RESTORE_REGISTERS
                0x080059f2                LLF_RESTORE_SYSTEM_STACK
                0x080059f8                LLF_SAVE_SYSTEM_STACK
                0x080059fe                LLF_CLEAR_ALL_GP_REGISTERS
                0x08005a30                LLF_PERFORM_RAM_CHECK
                0x08005a7c                LLF_CHANGE_TO_UNPRIVILIGED_THREAD_MODE
 .data          0x08005ad0        0x0 E:\NeuOrga\Programmieren\c_cpp\github_os\output\os_drivers\obj_arm\lld_global.o
 .bss           0x08005ad0        0x0 E:\NeuOrga\Programmieren\c_cpp\github_os\output\os_drivers\obj_arm\lld_global.o
 .debug_line    0x08005ad0       0xf6 E:\NeuOrga\Programmieren\c_cpp\github_os\output\os_drivers\obj_arm\lld_global.o
 .debug_info    0x08005bc6       0x26 E:\NeuOrga\Programmieren\c_cpp\github_os\output\os_drivers\obj_arm\lld_global.o
 .debug_abbrev  0x08005bec       0x14 E:\NeuOrga\Programmieren\c_cpp\github_os\output\os_drivers\obj_arm\lld_global.o
 .debug_aranges
                0x08005c00       0x20 E:\NeuOrga\Programmieren\c_cpp\github_os\output\os_drivers\obj_arm\lld_global.o
 .debug_str     0x08005c20       0x59 E:\NeuOrga\Programmieren\c_cpp\github_os\output\os_drivers\obj_arm\lld_global.o
                                 0x91 (size before relaxing)
 .ARM.attributes
                0x08005c79       0x21 E:\NeuOrga\Programmieren\c_cpp\github_os\output\os_drivers\obj_arm\lld_global.o
 lld_interrupt.o()
 .text          0x08005c9a       0x14 E:\NeuOrga\Programmieren\c_cpp\github_os\output\os_drivers\obj_arm\lld_interrupt.o
                0x08005c9a                LLF_INT_DISABLE
                0x08005ca0                LLF_INT_ENABLE
                0x08005ca6                LLF_DISABLE_INTERRUPTS_ALL_CORES
                0x08005cac                LLF_WAIT_FOR_INTERRUPT
 .data          0x08005cae        0x0 E:\NeuOrga\Programmieren\c_cpp\github_os\output\os_drivers\obj_arm\lld_interrupt.o
 .bss           0x08005cae        0x0 E:\NeuOrga\Programmieren\c_cpp\github_os\output\os_drivers\obj_arm\lld_interrupt.o
 .debug_line    0x08005cae       0x85 E:\NeuOrga\Programmieren\c_cpp\github_os\output\os_drivers\obj_arm\lld_interrupt.o
 .debug_info    0x08005d33       0x26 E:\NeuOrga\Programmieren\c_cpp\github_os\output\os_drivers\obj_arm\lld_interrupt.o
 .debug_abbrev  0x08005d59       0x14 E:\NeuOrga\Programmieren\c_cpp\github_os\output\os_drivers\obj_arm\lld_interrupt.o
 *fill*         0x08005d6d        0x3 
 .debug_aranges
                0x08005d70       0x20 E:\NeuOrga\Programmieren\c_cpp\github_os\output\os_drivers\obj_arm\lld_interrupt.o
 .debug_str     0x08005d90       0x4e E:\NeuOrga\Programmieren\c_cpp\github_os\output\os_drivers\obj_arm\lld_interrupt.o
                                 0x94 (size before relaxing)
 .ARM.attributes
                0x08005dde       0x21 E:\NeuOrga\Programmieren\c_cpp\github_os\output\os_drivers\obj_arm\lld_interrupt.o
 lld_mmu.o()
 *fill*         0x08005dff        0x1 
 .text          0x08005e00        0xc E:\NeuOrga\Programmieren\c_cpp\github_os\output\os_drivers\obj_arm\lld_mmu.o
                0x08005e00                LLF_MPU_DISABLE
                0x08005e04                LLF_MPU_SWITCH_OFF_ALL_REGIONS
                0x08005e06                LLF_GET_MPU_PRESENT
 .data          0x08005e0c        0x0 E:\NeuOrga\Programmieren\c_cpp\github_os\output\os_drivers\obj_arm\lld_mmu.o
 .bss           0x08005e0c        0x0 E:\NeuOrga\Programmieren\c_cpp\github_os\output\os_drivers\obj_arm\lld_mmu.o
 .debug_line    0x08005e0c       0x7d E:\NeuOrga\Programmieren\c_cpp\github_os\output\os_drivers\obj_arm\lld_mmu.o
 .debug_info    0x08005e89       0x26 E:\NeuOrga\Programmieren\c_cpp\github_os\output\os_drivers\obj_arm\lld_mmu.o
 .debug_abbrev  0x08005eaf       0x14 E:\NeuOrga\Programmieren\c_cpp\github_os\output\os_drivers\obj_arm\lld_mmu.o
 *fill*         0x08005ec3        0x5 
 .debug_aranges
                0x08005ec8       0x20 E:\NeuOrga\Programmieren\c_cpp\github_os\output\os_drivers\obj_arm\lld_mmu.o
 .debug_str     0x08005ee8       0x48 E:\NeuOrga\Programmieren\c_cpp\github_os\output\os_drivers\obj_arm\lld_mmu.o
                                 0x8e (size before relaxing)
 .ARM.attributes
                0x08005f30       0x21 E:\NeuOrga\Programmieren\c_cpp\github_os\output\os_drivers\obj_arm\lld_mmu.o
 lld_ram.o()
 *fill*         0x08005f51        0x1 
 .text          0x08005f52       0x80 E:\NeuOrga\Programmieren\c_cpp\github_os\output\os_drivers\obj_arm\lld_ram.o
                0x08005f52                LLF_CLEAR_ALL_RAM
 .data          0x08005fd2        0x0 E:\NeuOrga\Programmieren\c_cpp\github_os\output\os_drivers\obj_arm\lld_ram.o
 .bss           0x08005fd2        0x0 E:\NeuOrga\Programmieren\c_cpp\github_os\output\os_drivers\obj_arm\lld_ram.o
 .debug_line    0x08005fd2       0x9f E:\NeuOrga\Programmieren\c_cpp\github_os\output\os_drivers\obj_arm\lld_ram.o
 .debug_info    0x08006071       0x26 E:\NeuOrga\Programmieren\c_cpp\github_os\output\os_drivers\obj_arm\lld_ram.o
 .debug_abbrev  0x08006097       0x14 E:\NeuOrga\Programmieren\c_cpp\github_os\output\os_drivers\obj_arm\lld_ram.o
 *fill*         0x080060ab        0x5 
 .debug_aranges
                0x080060b0       0x20 E:\NeuOrga\Programmieren\c_cpp\github_os\output\os_drivers\obj_arm\lld_ram.o
 .debug_str     0x080060d0       0x48 E:\NeuOrga\Programmieren\c_cpp\github_os\output\os_drivers\obj_arm\lld_ram.o
                                 0x8e (size before relaxing)
 .ARM.attributes
                0x08006118       0x21 E:\NeuOrga\Programmieren\c_cpp\github_os\output\os_drivers\obj_arm\lld_ram.o
 lld_timer.o()
 .text          0x08006139        0x0 E:\NeuOrga\Programmieren\c_cpp\github_os\output\os_drivers\obj_arm\lld_timer.o
 .data          0x08006139        0x0 E:\NeuOrga\Programmieren\c_cpp\github_os\output\os_drivers\obj_arm\lld_timer.o
 .bss           0x08006139        0x0 E:\NeuOrga\Programmieren\c_cpp\github_os\output\os_drivers\obj_arm\lld_timer.o
 .ARM.attributes
                0x08006139       0x21 E:\NeuOrga\Programmieren\c_cpp\github_os\output\os_drivers\obj_arm\lld_timer.o
 lld_power.o()
 *fill*         0x0800615a        0x2 
 .text          0x0800615c       0x20 E:\NeuOrga\Programmieren\c_cpp\github_os\output\os_drivers\obj_arm\lld_power.o
                0x0800615c                LLF_MCU_SWITCH_OFF_POWER
                0x08006162                LLF_MCU_RESET_POWER
 .data          0x0800617c        0x0 E:\NeuOrga\Programmieren\c_cpp\github_os\output\os_drivers\obj_arm\lld_power.o
 .bss           0x0800617c        0x0 E:\NeuOrga\Programmieren\c_cpp\github_os\output\os_drivers\obj_arm\lld_power.o
 .debug_line    0x0800617c       0x87 E:\NeuOrga\Programmieren\c_cpp\github_os\output\os_drivers\obj_arm\lld_power.o
 .debug_info    0x08006203       0x26 E:\NeuOrga\Programmieren\c_cpp\github_os\output\os_drivers\obj_arm\lld_power.o
 .debug_abbrev  0x08006229       0x14 E:\NeuOrga\Programmieren\c_cpp\github_os\output\os_drivers\obj_arm\lld_power.o
 *fill*         0x0800623d        0x3 
 .debug_aranges
                0x08006240       0x20 E:\NeuOrga\Programmieren\c_cpp\github_os\output\os_drivers\obj_arm\lld_power.o
 .debug_str     0x08006260       0x4a E:\NeuOrga\Programmieren\c_cpp\github_os\output\os_drivers\obj_arm\lld_power.o
                                 0x90 (size before relaxing)
 .ARM.attributes
                0x080062aa       0x21 E:\NeuOrga\Programmieren\c_cpp\github_os\output\os_drivers\obj_arm\lld_power.o
 os_exception_reset.o()
 *fill*         0x080062cb        0x1 
 .text          0x080062cc       0x24 E:\NeuOrga\Programmieren\c_cpp\github_os\output\os_drivers\obj_arm\os_exception_reset.o
                0x080062cc                OS_Exception_RESET
                0x080062ec                START_OS
 .data          0x080062f0        0x0 E:\NeuOrga\Programmieren\c_cpp\github_os\output\os_drivers\obj_arm\os_exception_reset.o
 .bss           0x080062f0        0x0 E:\NeuOrga\Programmieren\c_cpp\github_os\output\os_drivers\obj_arm\os_exception_reset.o
 .debug_line    0x080062f0       0x8b E:\NeuOrga\Programmieren\c_cpp\github_os\output\os_drivers\obj_arm\os_exception_reset.o
 .debug_info    0x0800637b       0x26 E:\NeuOrga\Programmieren\c_cpp\github_os\output\os_drivers\obj_arm\os_exception_reset.o
 .debug_abbrev  0x080063a1       0x14 E:\NeuOrga\Programmieren\c_cpp\github_os\output\os_drivers\obj_arm\os_exception_reset.o
 *fill*         0x080063b5        0x3 
 .debug_aranges
                0x080063b8       0x20 E:\NeuOrga\Programmieren\c_cpp\github_os\output\os_drivers\obj_arm\os_exception_reset.o
 .debug_str     0x080063d8       0x50 E:\NeuOrga\Programmieren\c_cpp\github_os\output\os_drivers\obj_arm\os_exception_reset.o
                                 0x96 (size before relaxing)
 .ARM.attributes
                0x08006428       0x21 E:\NeuOrga\Programmieren\c_cpp\github_os\output\os_drivers\obj_arm\os_exception_reset.o
 os_common.o()
 *fill*         0x08006449        0x3 
 .text          0x0800644c       0x38 os_common.o
                0x0800644c                OS_SET_SW_BUG
                0x08006474                Get_current_time
 .data          0x08006484        0x0 os_common.o
 .bss           0x08006484        0xf os_common.o
 .debug_info    0x08006493      0x630 os_common.o
 .debug_abbrev  0x08006ac3      0x13b os_common.o
 .debug_aranges
                0x08006bfe       0x20 os_common.o
 .debug_macro   0x08006c1e       0xa2 os_common.o
 .debug_line    0x08006cc0      0x1eb os_common.o
 .debug_str     0x08006eab      0x2a8 os_common.o
                               0x39f4 (size before relaxing)
 .comment       0x08007153       0x80 os_common.o
 *fill*         0x08007153        0x1 
 .debug_frame   0x08007154       0x5c os_common.o
 .ARM.attributes
                0x080071b0       0x33 os_common.o
 os_exception.o()
 *fill*         0x080071e3        0x1 
 .text          0x080071e4      0x278 os_exception.o
                0x0800726c                OS_Exception_HARDFAULT
                0x08007284                OS_Exception_NMI
                0x0800729c                OS_Exception_SWI
                0x080072b4                OS_Exception_BUS_FAULT
                0x080072cc                OS_Exception_DEBUG
                0x080072d6                OS_Exception_MEM_MANAG_FAULT
                0x080072ec                OS_Exception_USAGE_FAULT
                0x08007304                OS_Exception_PendSV
                0x0800730a                OS_Exception_Systick
                0x08007414                OS_Exception_IRQ
                0x08007420                OS_Exception_FIQ
                0x0800742c                TCMP1
                0x08007438                TCMP2
                0x08007444                TCMP3
                0x08007450                TCMP4
 .data          0x0800745c        0x0 os_exception.o
 .bss           0x0800745c        0x0 os_exception.o
 .debug_info    0x0800745c      0x673 os_exception.o
 .debug_abbrev  0x08007acf      0x172 os_exception.o
 .debug_aranges
                0x08007c41       0x20 os_exception.o
 .debug_macro   0x08007c61      0x13a os_exception.o
 .debug_macro   0x08007d9b      0xa3c os_exception.o
 .debug_macro   0x080087d7       0x1c os_exception.o
 .debug_macro   0x080087f3       0x28 os_exception.o
 .debug_line    0x0800881b      0x2bb os_exception.o
 .debug_str     0x08008ad6      0x65a os_exception.o
                               0x3d4e (size before relaxing)
 .comment       0x08009130       0x80 os_exception.o
 .debug_frame   0x08009130      0x1fc os_exception.o
 .ARM.attributes
                0x0800932c       0x33 os_exception.o
 os_exception_isr_handler.o()
 *fill*         0x0800935f        0x1 
 .text          0x08009360        0xc os_exception_isr_handler.o
                0x08009360                OS_ISRHANDLERC0
 .data          0x0800936c        0x0 os_exception_isr_handler.o
 .bss           0x0800936c        0x0 os_exception_isr_handler.o
 .debug_info    0x0800936c      0x525 os_exception_isr_handler.o
 .debug_abbrev  0x08009891      0x103 os_exception_isr_handler.o
 .debug_aranges
                0x08009994       0x20 os_exception_isr_handler.o
 .debug_macro   0x080099b4       0xab os_exception_isr_handler.o
 .debug_line    0x08009a5f      0x20e os_exception_isr_handler.o
 .debug_str     0x08009c6d       0x66 os_exception_isr_handler.o
                               0x3822 (size before relaxing)
 .comment       0x08009cd3       0x80 os_exception_isr_handler.o
 *fill*         0x08009cd3        0x1 
 .debug_frame   0x08009cd4       0x2c os_exception_isr_handler.o
 .ARM.attributes
                0x08009d00       0x33 os_exception_isr_handler.o
 os_exception_table.o()
 os_init_task_system.o()
 *fill*         0x08009d33        0x1 
 .text          0x08009d34        0xc os_init_task_system.o
                0x08009d34                OS_INIT_TASK_SYSTEM
 .data          0x08009d40        0x0 os_init_task_system.o
 .bss           0x08009d40        0x0 os_init_task_system.o
 .debug_info    0x08009d40      0x525 os_init_task_system.o
 .debug_abbrev  0x0800a265      0x103 os_init_task_system.o
 .debug_aranges
                0x0800a368       0x20 os_init_task_system.o
 .debug_macro   0x0800a388       0xb1 os_init_task_system.o
 .debug_macro   0x0800a439       0x22 os_init_task_system.o
 .debug_line    0x0800a45b      0x209 os_init_task_system.o
 .debug_str     0x0800a664       0x65 os_init_task_system.o
                               0x3821 (size before relaxing)
 .comment       0x0800a6c9       0x80 os_init_task_system.o
 *fill*         0x0800a6c9        0x3 
 .debug_frame   0x0800a6cc       0x2c os_init_task_system.o
 .ARM.attributes
                0x0800a6f8       0x33 os_init_task_system.o
 os_main.o()
 *fill*         0x0800a72b        0x1 
 .text          0x0800a72c       0x7c os_main.o
                0x0800a72c                OS_STATE_HANDLER
 .data          0x0800a7a8        0x0 os_main.o
 .bss           0x0800a7a8        0x1 os_main.o
 .debug_info    0x0800a7a9      0x58a os_main.o
 .debug_abbrev  0x0800ad33      0x112 os_main.o
 .debug_aranges
                0x0800ae45       0x20 os_main.o
 .debug_macro   0x0800ae65       0xd3 os_main.o
 .debug_line    0x0800af38      0x272 os_main.o
 .debug_str     0x0800b1aa       0xff os_main.o
                               0x3910 (size before relaxing)
 .comment       0x0800b2a9       0x80 os_main.o
 *fill*         0x0800b2a9        0x3 
 .debug_frame   0x0800b2ac       0x2c os_main.o
 .ARM.attributes
                0x0800b2d8       0x33 os_main.o
 os_memory_mmu_setup.o()
 *fill*         0x0800b30b        0x1 
 .text          0x0800b30c        0xc os_memory_mmu_setup.o
                0x0800b30c                OS_MMU_SETUP
 .data          0x0800b318        0x0 os_memory_mmu_setup.o
 .bss           0x0800b318        0x0 os_memory_mmu_setup.o
 .debug_info    0x0800b318      0x525 os_memory_mmu_setup.o
 .debug_abbrev  0x0800b83d      0x103 os_memory_mmu_setup.o
 .debug_aranges
                0x0800b940       0x20 os_memory_mmu_setup.o
 .debug_macro   0x0800b960       0xda os_memory_mmu_setup.o
 .debug_line    0x0800ba3a      0x1df os_memory_mmu_setup.o
 .debug_str     0x0800bc19      0x1cc os_memory_mmu_setup.o
                               0x3918 (size before relaxing)
 .comment       0x0800bde5       0x80 os_memory_mmu_setup.o
 *fill*         0x0800bde5        0x3 
 .debug_frame   0x0800bde8       0x34 os_memory_mmu_setup.o
 .ARM.attributes
                0x0800be1c       0x33 os_memory_mmu_setup.o
 os_shutdown.o()
 *fill*         0x0800be4f        0x1 
 .text          0x0800be50       0x6c os_shutdown.o
                0x0800be68                OS_DEINIT_MC
                0x0800be74                OS_SHUTDOWN
 .data          0x0800bebc        0x0 os_shutdown.o
 .bss           0x0800bebc        0x0 os_shutdown.o
 .debug_info    0x0800bebc      0x5ac os_shutdown.o
 .debug_abbrev  0x0800c468      0x149 os_shutdown.o
 .debug_aranges
                0x0800c5b1       0x20 os_shutdown.o
 .debug_macro   0x0800c5d1       0xb2 os_shutdown.o
 .debug_line    0x0800c683      0x211 os_shutdown.o
 .debug_str     0x0800c894       0xac os_shutdown.o
                               0x3858 (size before relaxing)
 .comment       0x0800c940       0x80 os_shutdown.o
 .debug_frame   0x0800c940       0x9c os_shutdown.o
 .ARM.attributes
                0x0800c9dc       0x33 os_shutdown.o
 os_start_ext_prg.o()
 *fill*         0x0800ca0f        0x1 
 .text          0x0800ca10       0x4a os_start_ext_prg.o
                0x0800ca28                OS_StartExtPrg
 .data          0x0800ca5a        0x0 os_start_ext_prg.o
 .bss           0x0800ca5a        0x0 os_start_ext_prg.o
 .debug_info    0x0800ca5a      0x5a6 os_start_ext_prg.o
 .debug_abbrev  0x0800d000      0x133 os_start_ext_prg.o
 .debug_aranges
                0x0800d133       0x20 os_start_ext_prg.o
 .debug_macro   0x0800d153       0x9e os_start_ext_prg.o
 .debug_line    0x0800d1f1      0x1ea os_start_ext_prg.o
 .debug_str     0x0800d3db       0x90 os_start_ext_prg.o
                               0x37e7 (size before relaxing)
 .comment       0x0800d46b       0x80 os_start_ext_prg.o
 *fill*         0x0800d46b        0x1 
 .debug_frame   0x0800d46c       0x60 os_start_ext_prg.o
 .ARM.attributes
                0x0800d4cc       0x33 os_start_ext_prg.o
 os_start_init_hw.o()
 *fill*         0x0800d4ff        0x1 
 .text          0x0800d500        0xc os_start_init_hw.o
                0x0800d500                OS_INIT_HW
 .data          0x0800d50c        0x0 os_start_init_hw.o
 .bss           0x0800d50c        0x0 os_start_init_hw.o
 .debug_info    0x0800d50c      0x525 os_start_init_hw.o
 .debug_abbrev  0x0800da31      0x103 os_start_init_hw.o
 .debug_aranges
                0x0800db34       0x20 os_start_init_hw.o
 .debug_macro   0x0800db54       0x9e os_start_init_hw.o
 .debug_line    0x0800dbf2      0x1da os_start_init_hw.o
 .debug_str     0x0800ddcc       0x59 os_start_init_hw.o
                               0x37a5 (size before relaxing)
 .comment       0x0800de25       0x80 os_start_init_hw.o
 *fill*         0x0800de25        0x3 
 .debug_frame   0x0800de28       0x34 os_start_init_hw.o
 .ARM.attributes
                0x0800de5c       0x33 os_start_init_hw.o
 os_start_init_mc.o()
 *fill*         0x0800de8f        0x1 
 .text          0x0800de90        0xc os_start_init_mc.o
                0x0800de90                OS_INIT_MC
 .data          0x0800de9c        0x0 os_start_init_mc.o
 .bss           0x0800de9c        0x0 os_start_init_mc.o
 .debug_info    0x0800de9c      0x525 os_start_init_mc.o
 .debug_abbrev  0x0800e3c1      0x103 os_start_init_mc.o
 .debug_aranges
                0x0800e4c4       0x20 os_start_init_mc.o
 .debug_macro   0x0800e4e4       0xa8 os_start_init_mc.o
 .debug_line    0x0800e58c      0x1f0 os_start_init_mc.o
 .debug_str     0x0800e77c       0x59 os_start_init_mc.o
                               0x37bb (size before relaxing)
 .comment       0x0800e7d5       0x80 os_start_init_mc.o
 *fill*         0x0800e7d5        0x3 
 .debug_frame   0x0800e7d8       0x34 os_start_init_mc.o
 .ARM.attributes
                0x0800e80c       0x33 os_start_init_mc.o
 os_start_init_sw.o()
 *fill*         0x0800e83f        0x1 
 .text          0x0800e840       0x34 os_start_init_sw.o
                0x0800e840                OS_INIT_SW
 .data          0x0800e874        0x0 os_start_init_sw.o
 .bss           0x0800e874        0x0 os_start_init_sw.o
 .debug_info    0x0800e874      0x525 os_start_init_sw.o
 .debug_abbrev  0x0800ed99      0x103 os_start_init_sw.o
 .debug_aranges
                0x0800ee9c       0x20 os_start_init_sw.o
 .debug_macro   0x0800eebc       0x9e os_start_init_sw.o
 .debug_line    0x0800ef5a      0x1df os_start_init_sw.o
 .debug_str     0x0800f139       0x59 os_start_init_sw.o
                               0x37a5 (size before relaxing)
 .comment       0x0800f192       0x80 os_start_init_sw.o
 *fill*         0x0800f192        0x2 
 .debug_frame   0x0800f194       0x2c os_start_init_sw.o
 .ARM.attributes
                0x0800f1c0       0x33 os_start_init_sw.o
 os_start_os.o()
 *fill*         0x0800f1f3        0x1 
 .text          0x0800f1f4       0x8c os_start_os.o
                0x0800f1f4                OS_START_OS
 .data          0x0800f280        0x0 os_start_os.o
 .bss           0x0800f280        0x0 os_start_os.o
 .debug_info    0x0800f280      0x525 os_start_os.o
 .debug_abbrev  0x0800f7a5      0x103 os_start_os.o
 .debug_aranges
                0x0800f8a8       0x20 os_start_os.o
 .debug_macro   0x0800f8c8       0xc0 os_start_os.o
 .debug_line    0x0800f988      0x1f1 os_start_os.o
 .debug_str     0x0800fb79      0x234 os_start_os.o
                               0x3980 (size before relaxing)
 .comment       0x0800fdad       0x80 os_start_os.o
 *fill*         0x0800fdad        0x3 
 .debug_frame   0x0800fdb0       0x2c os_start_os.o
 .ARM.attributes
                0x0800fddc       0x33 os_start_os.o
 os_task_common.o()
 *fill*         0x0800fe0f        0x1 
 .text          0x0800fe10      0x1e0 os_task_common.o
                0x0800fe10                OS_TASK_SAVETASK_ENVIRONMENT
                0x0800fe4e                OS_TASK_RESTORETASK_ENVIRONMENT
                0x0800fe7e                OS_TASK_RESTORE_SYSTEM_STACK
                0x0800fe94                OS_TASK_SAVE_SYSTEM_STACK
                0x0800feaa                OS_Task_InitTaskEnvironment
                0x0800ff94                OS_Task_DeleteTaskEnvironment
                0x0800ffc6                OS_Task_CreateTaskEnvironment
 .data          0x0800fff0        0x0 os_task_common.o
 .bss           0x0800fff0        0x0 os_task_common.o
 .debug_info    0x0800fff0      0x6d0 os_task_common.o
 .debug_abbrev  0x080106c0      0x164 os_task_common.o
 .debug_aranges
                0x08010824       0x20 os_task_common.o
 .debug_macro   0x08010844       0xaf os_task_common.o
 .debug_line    0x080108f3      0x25a os_task_common.o
 .debug_str     0x08010b4d      0x129 os_task_common.o
                               0x3af4 (size before relaxing)
 .comment       0x08010c76       0x80 os_task_common.o
 *fill*         0x08010c76        0x2 
 .debug_frame   0x08010c78      0x128 os_task_common.o
 .ARM.attributes
                0x08010da0       0x33 os_task_common.o
 *fill*         0x08010dd3        0x1 
 COMMON         0x08010dd4       0x14 os_task_common.o
                0x08010dd4                TASK_PTR
 os_task_queue.o()
 .text          0x08010de8      0xa88 os_task_queue.o
                0x08010de8                SET_RUNNING_TASK
                0x08010f6c                OS_INIT_TASK_QUEUE
                0x08010fc4                AddToTaskQueue
                0x0801139c                DeleteFromTaskQueue
                0x080114a8                GetFromTaskQueue
                0x080114bc                GetFromLinkList
                0x080114dc                DeleteFromLinkList
                0x08011500                AddToLinkList
                0x0801155c                UpdateLinkList
                0x080115dc                GetIdleTask
                0x080115f0                AddToIdleTaskQueue
                0x08011770                GetRunningTask
                0x08011784                OS_INIT_TASK
 .data          0x08011870        0x0 os_task_queue.o
 .bss           0x08011870        0x0 os_task_queue.o
 .debug_info    0x08011870      0x89b os_task_queue.o
 .debug_abbrev  0x0801210b      0x1e6 os_task_queue.o
 .debug_aranges
                0x080122f1       0x20 os_task_queue.o
 .debug_macro   0x08012311       0xb4 os_task_queue.o
 .debug_line    0x080123c5      0x32b os_task_queue.o
 .debug_str     0x080126f0      0x1cc os_task_queue.o
                               0x3c25 (size before relaxing)
 .comment       0x080128bc       0x80 os_task_queue.o
 .debug_frame   0x080128bc      0x214 os_task_queue.o
 .ARM.attributes
                0x08012ad0       0x33 os_task_queue.o
 os_task_scheduler.o()
 *fill*         0x08012b03        0x1 
 .text          0x08012b04      0x6ac os_task_scheduler.o
                0x08012b04                OS_ACTIVATE_DISPATCHER
                0x08012b44                OS_SLEEPTASK
                0x08012b64                task_state_request
                0x08012c48                OS_ActivateTask
                0x08012db0                OS_TERMINATE_TASK
                0x08012e44                OS_TASK_DISPATCHER
                0x08012ed8                OS_INIT_TASKS
                0x080131a4                ISR_TASK_DISPATCH_C0
 .data          0x080131b0        0x0 os_task_scheduler.o
 .bss           0x080131b0      0x251 os_task_scheduler.o
 .debug_info    0x08013401      0x915 os_task_scheduler.o
 .debug_abbrev  0x08013d16      0x209 os_task_scheduler.o
 .debug_aranges
                0x08013f1f       0x20 os_task_scheduler.o
 .debug_macro   0x08013f3f       0xe0 os_task_scheduler.o
 .debug_line    0x0801401f      0x36f os_task_scheduler.o
 .debug_str     0x0801438e      0x1ee os_task_scheduler.o
                               0x3d80 (size before relaxing)
 .comment       0x0801457c       0x80 os_task_scheduler.o
 .debug_frame   0x0801457c      0x214 os_task_scheduler.o
 .ARM.attributes
                0x08014790       0x33 os_task_scheduler.o
 os_stack.o()
 *fill*         0x080147c3        0x1 
 .text          0x080147c4        0x0 os_stack.o
 .data          0x080147c4        0x0 os_stack.o
 .bss           0x080147c4        0x0 os_stack.o
 .debug_info    0x080147c4      0x50c os_stack.o
 .debug_abbrev  0x08014cd0       0xe7 os_stack.o
 .debug_aranges
                0x08014db7       0x18 os_stack.o
 .debug_macro   0x08014dcf       0x9e os_stack.o
 .debug_line    0x08014e6d      0x1c4 os_stack.o
 .debug_str     0x08015031       0x46 os_stack.o
                               0x3792 (size before relaxing)
 .comment       0x08015077       0x80 os_stack.o
 .ARM.attributes
                0x08015077       0x33 os_stack.o
 os_heap.o()
 *fill*         0x080150aa        0x2 
 .text          0x080150ac      0x22c os_heap.o
                0x080150ac                os_calloc
                0x080150f4                os_realloc
                0x08015166                os_malloc
                0x080151d0                os_free
 .data          0x080152d8        0x0 os_heap.o
 .bss           0x080152d8        0x0 os_heap.o
 .debug_info    0x080152d8      0x6e1 os_heap.o
 .debug_abbrev  0x080159b9      0x1b2 os_heap.o
 .debug_aranges
                0x08015b6b       0x20 os_heap.o
 .debug_macro   0x08015b8b       0xa2 os_heap.o
 .debug_line    0x08015c2d      0x252 os_heap.o
 .debug_str     0x08015e7f       0xe4 os_heap.o
                               0x383e (size before relaxing)
 .comment       0x08015f63       0x80 os_heap.o
 *fill*         0x08015f63        0x1 
 .debug_frame   0x08015f64      0x100 os_heap.o
 .ARM.attributes
                0x08016064       0x33 os_heap.o
 led.o()
 *fill*         0x08016097        0x1 
 .text          0x08016098       0x50 led.o
                0x08016098                USER_LED_INIT
                0x080160ac                USER_LED_ON
                0x080160c0                USER_LED_OFF
                0x080160d4                USER_LED_TOGGLE
 .data          0x080160e8        0x0 led.o
 .bss           0x080160e8        0x0 led.o
 .debug_info    0x080160e8      0x5d1 led.o
 .debug_abbrev  0x080166b9      0x13d led.o
 .debug_aranges
                0x080167f6       0x20 led.o
 .debug_macro   0x08016816       0xa2 led.o
 .debug_line    0x080168b8      0x1cb led.o
 .debug_str     0x08016a83       0x97 led.o
                               0x37e3 (size before relaxing)
 .comment       0x08016b1a       0x80 led.o
 *fill*         0x08016b1a        0x2 
 .debug_frame   0x08016b1c       0xb0 led.o
 .ARM.attributes
                0x08016bcc       0x33 led.o
                0x08016bff                _code_end = .
                [!provide]                PROVIDE (code_start = .)
                [!provide]                PROVIDE (code_end = .)
 *fill*         0x08016bff        0x1 
 .text          0x08016c00      0x378 d:/programm/gnu tools arm embedded/7 2018-q2-update/bin/../lib/gcc/arm-none-eabi/7.3.1/thumb/v7e-m\libgcc.a(_arm_addsubdf3.o)
                0x08016c00                __aeabi_drsub
                0x08016c08                __aeabi_dsub
                0x08016c08                __subdf3
                0x08016c0c                __aeabi_dadd
                0x08016c0c                __adddf3
                0x08016e84                __floatunsidf
                0x08016e84                __aeabi_ui2d
                0x08016ea4                __floatsidf
                0x08016ea4                __aeabi_i2d
                0x08016ec8                __aeabi_f2d
                0x08016ec8                __extendsfdf2
                0x08016f0c                __floatundidf
                0x08016f0c                __aeabi_ul2d
                0x08016f1c                __floatdidf
                0x08016f1c                __aeabi_l2d
 .text          0x08016f78      0x110 d:/programm/gnu tools arm embedded/7 2018-q2-update/bin/../lib/gcc/arm-none-eabi/7.3.1/thumb/v7e-m\libgcc.a(_arm_cmpdf2.o)
                0x08016f78                __gtdf2
                0x08016f78                __gedf2
                0x08016f80                __ltdf2
                0x08016f80                __ledf2
                0x08016f88                __nedf2
                0x08016f88                __eqdf2
                0x08016f88                __cmpdf2
                0x08017004                __aeabi_cdrcmple
                0x08017014                __aeabi_cdcmpeq
                0x08017014                __aeabi_cdcmple
                0x08017024                __aeabi_dcmpeq
                0x08017038                __aeabi_dcmplt
                0x0801704c                __aeabi_dcmple
                0x08017060                __aeabi_dcmpge
                0x08017074                __aeabi_dcmpgt

.glue_7         0x08017088        0x0
 .glue_7        0x08017088        0x0 linker stubs

.glue_7t        0x08017088        0x0
 .glue_7t       0x08017088        0x0 linker stubs

.vfp11_veneer   0x08017088        0x0
 .vfp11_veneer  0x08017088        0x0 linker stubs

.v4_bx          0x08017088        0x0
 .v4_bx         0x08017088        0x0 linker stubs

.data           0x20000000     0x923c
                0x20000000                _ram_start = .
 os_ram.o()
 .text          0x20000000        0x0 os_ram.o
 .data          0x20000000        0x0 os_ram.o
 .bss           0x20000000        0x0 os_ram.o
 .debug_info    0x20000000      0x773 os_ram.o
 .debug_abbrev  0x20000773      0x105 os_ram.o
 .debug_aranges
                0x20000878       0x18 os_ram.o
 .debug_macro   0x20000890       0xa6 os_ram.o
 .debug_line    0x20000936      0x1dd os_ram.o
 .debug_str     0x20000b13     0x37f2 os_ram.o
                               0x3854 (size before relaxing)
 .comment       0x20004305       0x7f os_ram.o
                                 0x80 (size before relaxing)
 .ARM.attributes
                0x20004384       0x33 os_ram.o
 *fill*         0x200043b7        0x1 
 COMMON         0x200043b8     0x3150 os_ram.o
                0x200043b8                TASK_STACK
                0x200047a0                VAR_MEM_MANAG_FAULT_STATUS_REG
                0x200047a4                REGISTER_R2
                0x200047a8                pTASK_RUN_QUEUE
                0x200047bc                RAM_CHECK_FAILURE_ADDR
                0x200047c0                REGISTER_R0
                0x200047c4                OS_STACK
                0x200048c4                REGISTER_R6
                0x200048c8                REGISTER_R7
                0x200048cc                DBG_CALIB_VALUE
                0x200048d0                OS_STATE
                0x200048d4                TASK_IDLE_QUEUE
                0x2000495c                REGISTER_R9
                0x20004960                TASK1_CALL_NR
                0x20004964                bTASK_QUEUE_INITIALIZED
                0x20004968                BACKUP_SYSTICK_CURRENT_VAL_REG
                0x2000496c                TASK2_CALL_NR
                0x20004970                LAST_CURRENT_TIME
                0x20004974                LINK_REGISTER_HANDLER
                0x20004978                VAR_AUX_FAULT_STATUS_REG
                0x2000497c                REGISTER_R8
                0x20004980                TASK4_CALL_NR
                0x20004984                REGISTER_R5
                0x20004988                OS_MAIN_STACK
                0x20004a88                DBG_RLD_VALUE
                0x20004a8c                REGISTER_R4
                0x20004a90                RUNNING_TASK
                0x20004b18                TASK_RUN_QUEUE
                0x20004dc0                VAR_HARDFAULT_STATUS_REG
                0x20004dc4                REGISTER_R1
                0x20004dc8                DBG_CTRL_VALUE
                0x20004dcc                VAR_BUS_FAULT_STATUS_REG
                0x20004dd0                RAM_CHECK_FAILURE_DETECTED
                0x20004dd4                REGISTER_R10
                0x20004dd8                HEAP
                0x200074e8                DBG_CURR_VAL
                0x200074ec                VAR_FAULT_STATUS_REG
                0x200074f0                REGISTER_R11
                0x200074f4                REGISTER_R3
                0x200074f8                TASK3_CALL_NR
                0x200074fc                VAR_MEM_FAULT_ADDR_REG
                0x20007500                VAR_USAGE_FAULT_STATUS_REG
                0x20007504                VAR_BUS_FAULT_ADDR_REG
 os_shared_ram.o()
 .text          0x20007508        0x0 os_shared_ram.o
 .data          0x20007508        0x0 os_shared_ram.o
 .bss           0x20007508        0x0 os_shared_ram.o
 .debug_info    0x20007508      0x61c os_shared_ram.o
 .debug_abbrev  0x20007b24       0xf8 os_shared_ram.o
 .debug_aranges
                0x20007c1c       0x18 os_shared_ram.o
 .debug_macro   0x20007c34       0xfe os_shared_ram.o
 .debug_line    0x20007d32      0x1c9 os_shared_ram.o
 .debug_str     0x20007efb      0x30b os_shared_ram.o
                               0x3a57 (size before relaxing)
 .comment       0x20008206       0x80 os_shared_ram.o
 .ARM.attributes
                0x20008206       0x33 os_shared_ram.o
 *fill*         0x20008239        0x3 
 COMMON         0x2000823c     0x1000 os_shared_ram.o
                0x2000823c                RAM_BLOCK_C01_C01
                0x2000833c                RAM_BLOCK_C01_C00
                0x2000843c                RAM_BLOCK_C00_C00
                0x2000853c                RAM_BLOCK_C01_C03
                0x2000863c                RAM_BLOCK_C03_C01
                0x2000873c                RAM_BLOCK_C00_C01
                0x2000883c                RAM_BLOCK_C02_C01
                0x2000893c                RAM_BLOCK_C01_C02
                0x20008a3c                RAM_BLOCK_C03_C00
                0x20008b3c                RAM_BLOCK_C02_C00
                0x20008c3c                RAM_BLOCK_C02_C02
                0x20008d3c                RAM_BLOCK_C03_C03
                0x20008e3c                RAM_BLOCK_C03_C02
                0x20008f3c                RAM_BLOCK_C00_C03
                0x2000903c                RAM_BLOCK_C00_C02
                0x2000913c                RAM_BLOCK_C02_C03
                0x2000923c                _ram_end = .
                [!provide]                PROVIDE (ram_start = .)
                [!provide]                PROVIDE (ram_end = .)
 .data          0x2000923c        0x0 d:/programm/gnu tools arm embedded/7 2018-q2-update/bin/../lib/gcc/arm-none-eabi/7.3.1/thumb/v7e-m\libgcc.a(_arm_addsubdf3.o)
 .data          0x2000923c        0x0 d:/programm/gnu tools arm embedded/7 2018-q2-update/bin/../lib/gcc/arm-none-eabi/7.3.1/thumb/v7e-m\libgcc.a(_arm_cmpdf2.o)
START GROUP
LOAD d:/programm/gnu tools arm embedded/7 2018-q2-update/bin/../lib/gcc/arm-none-eabi/7.3.1/thumb/v7e-m\libgcc.a
LOAD d:/programm/gnu tools arm embedded/7 2018-q2-update/bin/../lib/gcc/arm-none-eabi/7.3.1/../../../../arm-none-eabi/lib/thumb/v7e-m\libg.a
LOAD d:/programm/gnu tools arm embedded/7 2018-q2-update/bin/../lib/gcc/arm-none-eabi/7.3.1/../../../../arm-none-eabi/lib/thumb/v7e-m\libc.a
END GROUP
OUTPUT(E:\NeuOrga\Programmieren\c_cpp\github_os\output\VERSION_ARM\operating_system.elf elf32-littlearm)

.bss            0x2000923c        0x0
 .bss           0x2000923c        0x0 d:/programm/gnu tools arm embedded/7 2018-q2-update/bin/../lib/gcc/arm-none-eabi/7.3.1/thumb/v7e-m\libgcc.a(_arm_addsubdf3.o)
 .bss           0x2000923c        0x0 d:/programm/gnu tools arm embedded/7 2018-q2-update/bin/../lib/gcc/arm-none-eabi/7.3.1/thumb/v7e-m\libgcc.a(_arm_cmpdf2.o)

.ARM.attributes
                0x00000000       0x31
 .ARM.attributes
                0x00000000       0x1e d:/programm/gnu tools arm embedded/7 2018-q2-update/bin/../lib/gcc/arm-none-eabi/7.3.1/thumb/v7e-m\libgcc.a(_arm_addsubdf3.o)
 .ARM.attributes
                0x0000001e       0x1e d:/programm/gnu tools arm embedded/7 2018-q2-update/bin/../lib/gcc/arm-none-eabi/7.3.1/thumb/v7e-m\libgcc.a(_arm_cmpdf2.o)

.debug_frame    0x00000000      0x170
 .debug_frame   0x00000000       0xac d:/programm/gnu tools arm embedded/7 2018-q2-update/bin/../lib/gcc/arm-none-eabi/7.3.1/thumb/v7e-m\libgcc.a(_arm_addsubdf3.o)
 .debug_frame   0x000000ac       0xc4 d:/programm/gnu tools arm embedded/7 2018-q2-update/bin/../lib/gcc/arm-none-eabi/7.3.1/thumb/v7e-m\libgcc.a(_arm_cmpdf2.o)
