Archive member included to satisfy reference by file (symbol)

d:/programm/gnu tools arm embedded/7 2018-q2-update/bin/../lib/gcc/arm-none-eabi/7.3.1/thumb/v7e-m\libgcc.a(_arm_addsubdf3.o)
                              os_task_scheduler.o (__aeabi_ui2d)
d:/programm/gnu tools arm embedded/7 2018-q2-update/bin/../lib/gcc/arm-none-eabi/7.3.1/thumb/v7e-m\libgcc.a(_arm_cmpdf2.o)
                              os_task_scheduler.o (__aeabi_dcmpgt)

Allocating common symbols
Common symbol       size              file

RAM_BLOCK_C01_C01   0x100             os_shared_ram.o
VAR_MEM_MANAG_FAULT_STATUS_REG
                    0x4               os_ram.o
REGISTER_R2         0x4               os_task_common.o
RAM_CHECK_FAILURE_ADDR
                    0x4               os_ram.o
REGISTER_R0         0x4               os_task_common.o
OS_STACK            0x100             os_ram.o
RAM_BLOCK_C01_C00   0x100             os_shared_ram.o
RAM_BLOCK_C00_C00   0x100             os_shared_ram.o
OS_STATE            0x4               os_ram.o
BACKUP_SYSTICK_CURRENT_VAL_REG
                    0x4               os_ram.o
RAM_BLOCK_C01_C03   0x100             os_shared_ram.o
LINK_REGISTER_HANDLER
                    0x4               os_ram.o
VAR_AUX_FAULT_STATUS_REG
                    0x4               os_ram.o
RAM_BLOCK_C03_C01   0x100             os_shared_ram.o
RAM_BLOCK_C00_C01   0x100             os_shared_ram.o
TASK_PTR            0x14              os_task_common.o
OS_MAIN_STACK       0x100             os_ram.o
RAM_BLOCK_C02_C01   0x100             os_shared_ram.o
RAM_BLOCK_C01_C02   0x100             os_shared_ram.o
VAR_HARDFAULT_STATUS_REG
                    0x4               os_ram.o
RAM_BLOCK_C03_C00   0x100             os_shared_ram.o
REGISTER_R1         0x4               os_task_common.o
RAM_BLOCK_C02_C00   0x100             os_shared_ram.o
VAR_BUS_FAULT_STATUS_REG
                    0x4               os_ram.o
RAM_BLOCK_C02_C02   0x100             os_shared_ram.o
RAM_CHECK_FAILURE_DETECTED
                    0x4               os_ram.o
RAM_BLOCK_C03_C03   0x100             os_shared_ram.o
RAM_BLOCK_C03_C02   0x100             os_shared_ram.o
RAM_BLOCK_C00_C03   0x100             os_shared_ram.o
HEAP                0x2710            os_ram.o
VAR_FAULT_STATUS_REG
                    0x4               os_ram.o
REGISTER_R3         0x4               os_task_common.o
VAR_MEM_FAULT_ADDR_REG
                    0x4               os_ram.o
VAR_USAGE_FAULT_STATUS_REG
                    0x4               os_ram.o
VAR_BUS_FAULT_ADDR_REG
                    0x4               os_ram.o
RAM_BLOCK_C00_C02   0x100             os_shared_ram.o
RAM_BLOCK_C02_C03   0x100             os_shared_ram.o

Discarded input sections

 .group         0x00000000        0xc os_exception_table.o
 .group         0x00000000        0xc os_exception_table.o
 .group         0x00000000        0xc os_exception_table.o
 .group         0x00000000        0xc os_exception_table.o
 .group         0x00000000        0xc os_exception_table.o
 .group         0x00000000        0xc os_exception_table.o
 .group         0x00000000        0xc os_exception_table.o
 .group         0x00000000        0xc os_exception_table.o
 .group         0x00000000        0xc os_exception_table.o
 .group         0x00000000        0xc os_const.o
 .group         0x00000000        0xc os_const.o
 .group         0x00000000        0xc os_const.o
 .group         0x00000000        0xc os_const.o
 .group         0x00000000        0xc os_const.o
 .group         0x00000000        0xc os_const.o
 .group         0x00000000        0xc os_const.o
 .group         0x00000000        0xc os_const.o
 .debug_macro   0x00000000      0xa42 os_const.o
 .debug_macro   0x00000000       0x4c os_const.o
 .debug_macro   0x00000000       0x82 os_const.o
 .debug_macro   0x00000000       0x16 os_const.o
 .debug_macro   0x00000000       0x28 os_const.o
 .debug_macro   0x00000000       0x1c os_const.o
 .debug_macro   0x00000000       0x46 os_const.o
 .debug_macro   0x00000000       0x10 os_const.o
 .group         0x00000000        0xc os_common.o
 .group         0x00000000        0xc os_common.o
 .group         0x00000000        0xc os_common.o
 .group         0x00000000        0xc os_common.o
 .group         0x00000000        0xc os_common.o
 .group         0x00000000        0xc os_common.o
 .group         0x00000000        0xc os_common.o
 .group         0x00000000        0xc os_common.o
 .debug_macro   0x00000000      0xa42 os_common.o
 .debug_macro   0x00000000       0x4c os_common.o
 .debug_macro   0x00000000       0x82 os_common.o
 .debug_macro   0x00000000       0x16 os_common.o
 .debug_macro   0x00000000       0x28 os_common.o
 .debug_macro   0x00000000       0x1c os_common.o
 .debug_macro   0x00000000       0x46 os_common.o
 .debug_macro   0x00000000       0x10 os_common.o
 .group         0x00000000        0xc os_driver_hook.o
 .group         0x00000000        0xc os_driver_hook.o
 .group         0x00000000        0xc os_driver_hook.o
 .group         0x00000000        0xc os_driver_hook.o
 .group         0x00000000        0xc os_driver_hook.o
 .group         0x00000000        0xc os_driver_hook.o
 .group         0x00000000        0xc os_driver_hook.o
 .group         0x00000000        0xc os_driver_hook.o
 .debug_macro   0x00000000      0xa42 os_driver_hook.o
 .debug_macro   0x00000000       0x4c os_driver_hook.o
 .debug_macro   0x00000000       0x82 os_driver_hook.o
 .debug_macro   0x00000000       0x16 os_driver_hook.o
 .debug_macro   0x00000000       0x28 os_driver_hook.o
 .debug_macro   0x00000000       0x1c os_driver_hook.o
 .debug_macro   0x00000000       0x46 os_driver_hook.o
 .debug_macro   0x00000000       0x10 os_driver_hook.o
 .group         0x00000000        0xc os_exception.o
 .group         0x00000000        0xc os_exception.o
 .group         0x00000000        0xc os_exception.o
 .group         0x00000000        0xc os_exception.o
 .group         0x00000000        0xc os_exception.o
 .group         0x00000000        0xc os_exception.o
 .group         0x00000000        0xc os_exception.o
 .group         0x00000000        0xc os_exception.o
 .group         0x00000000        0xc os_exception.o
 .group         0x00000000        0xc os_exception.o
 .group         0x00000000        0xc os_exception.o
 .debug_macro   0x00000000       0x4c os_exception.o
 .debug_macro   0x00000000       0x82 os_exception.o
 .debug_macro   0x00000000       0x16 os_exception.o
 .debug_macro   0x00000000       0x28 os_exception.o
 .debug_macro   0x00000000       0x1c os_exception.o
 .debug_macro   0x00000000       0x46 os_exception.o
 .debug_macro   0x00000000       0x10 os_exception.o
 .debug_macro   0x00000000       0x10 os_exception.o
 .group         0x00000000        0xc os_exception_isr_handler.o
 .group         0x00000000        0xc os_exception_isr_handler.o
 .group         0x00000000        0xc os_exception_isr_handler.o
 .group         0x00000000        0xc os_exception_isr_handler.o
 .group         0x00000000        0xc os_exception_isr_handler.o
 .group         0x00000000        0xc os_exception_isr_handler.o
 .group         0x00000000        0xc os_exception_isr_handler.o
 .group         0x00000000        0xc os_exception_isr_handler.o
 .group         0x00000000        0xc os_exception_isr_handler.o
 .debug_macro   0x00000000      0xa42 os_exception_isr_handler.o
 .debug_macro   0x00000000       0x4c os_exception_isr_handler.o
 .debug_macro   0x00000000       0x82 os_exception_isr_handler.o
 .debug_macro   0x00000000       0x16 os_exception_isr_handler.o
 .debug_macro   0x00000000       0x28 os_exception_isr_handler.o
 .debug_macro   0x00000000       0x1c os_exception_isr_handler.o
 .debug_macro   0x00000000       0x46 os_exception_isr_handler.o
 .debug_macro   0x00000000       0x10 os_exception_isr_handler.o
 .debug_macro   0x00000000       0x28 os_exception_isr_handler.o
 .group         0x00000000        0xc os_init_task_system.o
 .group         0x00000000        0xc os_init_task_system.o
 .group         0x00000000        0xc os_init_task_system.o
 .group         0x00000000        0xc os_init_task_system.o
 .group         0x00000000        0xc os_init_task_system.o
 .group         0x00000000        0xc os_init_task_system.o
 .group         0x00000000        0xc os_init_task_system.o
 .group         0x00000000        0xc os_init_task_system.o
 .group         0x00000000        0xc os_init_task_system.o
 .debug_macro   0x00000000      0xa42 os_init_task_system.o
 .debug_macro   0x00000000       0x4c os_init_task_system.o
 .debug_macro   0x00000000       0x82 os_init_task_system.o
 .debug_macro   0x00000000       0x16 os_init_task_system.o
 .debug_macro   0x00000000       0x28 os_init_task_system.o
 .debug_macro   0x00000000       0x1c os_init_task_system.o
 .debug_macro   0x00000000       0x46 os_init_task_system.o
 .debug_macro   0x00000000       0x10 os_init_task_system.o
 .group         0x00000000        0xc os_main.o
 .group         0x00000000        0xc os_main.o
 .group         0x00000000        0xc os_main.o
 .group         0x00000000        0xc os_main.o
 .group         0x00000000        0xc os_main.o
 .group         0x00000000        0xc os_main.o
 .group         0x00000000        0xc os_main.o
 .group         0x00000000        0xc os_main.o
 .group         0x00000000        0xc os_main.o
 .debug_macro   0x00000000      0xa42 os_main.o
 .debug_macro   0x00000000       0x4c os_main.o
 .debug_macro   0x00000000       0x82 os_main.o
 .debug_macro   0x00000000       0x16 os_main.o
 .debug_macro   0x00000000       0x28 os_main.o
 .debug_macro   0x00000000       0x1c os_main.o
 .debug_macro   0x00000000       0x46 os_main.o
 .debug_macro   0x00000000       0x10 os_main.o
 .debug_macro   0x00000000       0x28 os_main.o
 .group         0x00000000        0xc os_memory_mmu_setup.o
 .group         0x00000000        0xc os_memory_mmu_setup.o
 .group         0x00000000        0xc os_memory_mmu_setup.o
 .group         0x00000000        0xc os_memory_mmu_setup.o
 .group         0x00000000        0xc os_memory_mmu_setup.o
 .group         0x00000000        0xc os_memory_mmu_setup.o
 .group         0x00000000        0xc os_memory_mmu_setup.o
 .group         0x00000000        0xc os_memory_mmu_setup.o
 .debug_macro   0x00000000      0xa42 os_memory_mmu_setup.o
 .debug_macro   0x00000000       0x4c os_memory_mmu_setup.o
 .debug_macro   0x00000000       0x82 os_memory_mmu_setup.o
 .debug_macro   0x00000000       0x16 os_memory_mmu_setup.o
 .debug_macro   0x00000000       0x28 os_memory_mmu_setup.o
 .debug_macro   0x00000000       0x1c os_memory_mmu_setup.o
 .debug_macro   0x00000000       0x46 os_memory_mmu_setup.o
 .debug_macro   0x00000000       0x10 os_memory_mmu_setup.o
 .group         0x00000000        0xc os_rte_common.o
 .group         0x00000000        0xc os_rte_common.o
 .group         0x00000000        0xc os_rte_common.o
 .group         0x00000000        0xc os_rte_common.o
 .group         0x00000000        0xc os_rte_common.o
 .group         0x00000000        0xc os_rte_common.o
 .group         0x00000000        0xc os_rte_common.o
 .group         0x00000000        0xc os_rte_common.o
 .debug_macro   0x00000000      0xa42 os_rte_common.o
 .debug_macro   0x00000000       0x4c os_rte_common.o
 .debug_macro   0x00000000       0x82 os_rte_common.o
 .debug_macro   0x00000000       0x16 os_rte_common.o
 .debug_macro   0x00000000       0x28 os_rte_common.o
 .debug_macro   0x00000000       0x1c os_rte_common.o
 .debug_macro   0x00000000       0x46 os_rte_common.o
 .debug_macro   0x00000000       0x10 os_rte_common.o
 .group         0x00000000        0xc os_rte_icc.o
 .group         0x00000000        0xc os_rte_icc.o
 .group         0x00000000        0xc os_rte_icc.o
 .group         0x00000000        0xc os_rte_icc.o
 .group         0x00000000        0xc os_rte_icc.o
 .group         0x00000000        0xc os_rte_icc.o
 .group         0x00000000        0xc os_rte_icc.o
 .group         0x00000000        0xc os_rte_icc.o
 .debug_macro   0x00000000      0xa42 os_rte_icc.o
 .debug_macro   0x00000000       0x4c os_rte_icc.o
 .debug_macro   0x00000000       0x82 os_rte_icc.o
 .debug_macro   0x00000000       0x16 os_rte_icc.o
 .debug_macro   0x00000000       0x28 os_rte_icc.o
 .debug_macro   0x00000000       0x1c os_rte_icc.o
 .debug_macro   0x00000000       0x46 os_rte_icc.o
 .debug_macro   0x00000000       0x10 os_rte_icc.o
 .group         0x00000000        0xc os_shutdown.o
 .group         0x00000000        0xc os_shutdown.o
 .group         0x00000000        0xc os_shutdown.o
 .group         0x00000000        0xc os_shutdown.o
 .group         0x00000000        0xc os_shutdown.o
 .group         0x00000000        0xc os_shutdown.o
 .group         0x00000000        0xc os_shutdown.o
 .group         0x00000000        0xc os_shutdown.o
 .debug_macro   0x00000000      0xa42 os_shutdown.o
 .debug_macro   0x00000000       0x4c os_shutdown.o
 .debug_macro   0x00000000       0x82 os_shutdown.o
 .debug_macro   0x00000000       0x16 os_shutdown.o
 .debug_macro   0x00000000       0x28 os_shutdown.o
 .debug_macro   0x00000000       0x1c os_shutdown.o
 .debug_macro   0x00000000       0x46 os_shutdown.o
 .debug_macro   0x00000000       0x10 os_shutdown.o
 .group         0x00000000        0xc os_start_ext_prg.o
 .group         0x00000000        0xc os_start_ext_prg.o
 .group         0x00000000        0xc os_start_ext_prg.o
 .group         0x00000000        0xc os_start_ext_prg.o
 .group         0x00000000        0xc os_start_ext_prg.o
 .group         0x00000000        0xc os_start_ext_prg.o
 .group         0x00000000        0xc os_start_ext_prg.o
 .group         0x00000000        0xc os_start_ext_prg.o
 .debug_macro   0x00000000      0xa42 os_start_ext_prg.o
 .debug_macro   0x00000000       0x4c os_start_ext_prg.o
 .debug_macro   0x00000000       0x82 os_start_ext_prg.o
 .debug_macro   0x00000000       0x16 os_start_ext_prg.o
 .debug_macro   0x00000000       0x28 os_start_ext_prg.o
 .debug_macro   0x00000000       0x1c os_start_ext_prg.o
 .debug_macro   0x00000000       0x46 os_start_ext_prg.o
 .debug_macro   0x00000000       0x10 os_start_ext_prg.o
 .group         0x00000000        0xc os_start_init_hw.o
 .group         0x00000000        0xc os_start_init_hw.o
 .group         0x00000000        0xc os_start_init_hw.o
 .group         0x00000000        0xc os_start_init_hw.o
 .group         0x00000000        0xc os_start_init_hw.o
 .group         0x00000000        0xc os_start_init_hw.o
 .group         0x00000000        0xc os_start_init_hw.o
 .group         0x00000000        0xc os_start_init_hw.o
 .debug_macro   0x00000000      0xa42 os_start_init_hw.o
 .debug_macro   0x00000000       0x4c os_start_init_hw.o
 .debug_macro   0x00000000       0x82 os_start_init_hw.o
 .debug_macro   0x00000000       0x16 os_start_init_hw.o
 .debug_macro   0x00000000       0x28 os_start_init_hw.o
 .debug_macro   0x00000000       0x1c os_start_init_hw.o
 .debug_macro   0x00000000       0x46 os_start_init_hw.o
 .debug_macro   0x00000000       0x10 os_start_init_hw.o
 .group         0x00000000        0xc os_start_init_mc.o
 .group         0x00000000        0xc os_start_init_mc.o
 .group         0x00000000        0xc os_start_init_mc.o
 .group         0x00000000        0xc os_start_init_mc.o
 .group         0x00000000        0xc os_start_init_mc.o
 .group         0x00000000        0xc os_start_init_mc.o
 .group         0x00000000        0xc os_start_init_mc.o
 .group         0x00000000        0xc os_start_init_mc.o
 .debug_macro   0x00000000      0xa42 os_start_init_mc.o
 .debug_macro   0x00000000       0x4c os_start_init_mc.o
 .debug_macro   0x00000000       0x82 os_start_init_mc.o
 .debug_macro   0x00000000       0x16 os_start_init_mc.o
 .debug_macro   0x00000000       0x28 os_start_init_mc.o
 .debug_macro   0x00000000       0x1c os_start_init_mc.o
 .debug_macro   0x00000000       0x46 os_start_init_mc.o
 .debug_macro   0x00000000       0x10 os_start_init_mc.o
 .group         0x00000000        0xc os_start_init_sw.o
 .group         0x00000000        0xc os_start_init_sw.o
 .group         0x00000000        0xc os_start_init_sw.o
 .group         0x00000000        0xc os_start_init_sw.o
 .group         0x00000000        0xc os_start_init_sw.o
 .group         0x00000000        0xc os_start_init_sw.o
 .group         0x00000000        0xc os_start_init_sw.o
 .group         0x00000000        0xc os_start_init_sw.o
 .debug_macro   0x00000000      0xa42 os_start_init_sw.o
 .debug_macro   0x00000000       0x4c os_start_init_sw.o
 .debug_macro   0x00000000       0x82 os_start_init_sw.o
 .debug_macro   0x00000000       0x16 os_start_init_sw.o
 .debug_macro   0x00000000       0x28 os_start_init_sw.o
 .debug_macro   0x00000000       0x1c os_start_init_sw.o
 .debug_macro   0x00000000       0x46 os_start_init_sw.o
 .debug_macro   0x00000000       0x10 os_start_init_sw.o
 .group         0x00000000        0xc os_start_os.o
 .group         0x00000000        0xc os_start_os.o
 .group         0x00000000        0xc os_start_os.o
 .group         0x00000000        0xc os_start_os.o
 .group         0x00000000        0xc os_start_os.o
 .group         0x00000000        0xc os_start_os.o
 .group         0x00000000        0xc os_start_os.o
 .group         0x00000000        0xc os_start_os.o
 .debug_macro   0x00000000      0xa42 os_start_os.o
 .debug_macro   0x00000000       0x4c os_start_os.o
 .debug_macro   0x00000000       0x82 os_start_os.o
 .debug_macro   0x00000000       0x16 os_start_os.o
 .debug_macro   0x00000000       0x28 os_start_os.o
 .debug_macro   0x00000000       0x1c os_start_os.o
 .debug_macro   0x00000000       0x46 os_start_os.o
 .debug_macro   0x00000000       0x10 os_start_os.o
 .group         0x00000000        0xc os_task_common.o
 .group         0x00000000        0xc os_task_common.o
 .group         0x00000000        0xc os_task_common.o
 .group         0x00000000        0xc os_task_common.o
 .group         0x00000000        0xc os_task_common.o
 .group         0x00000000        0xc os_task_common.o
 .group         0x00000000        0xc os_task_common.o
 .group         0x00000000        0xc os_task_common.o
 .group         0x00000000        0xc os_task_common.o
 .debug_macro   0x00000000      0xa42 os_task_common.o
 .debug_macro   0x00000000       0x4c os_task_common.o
 .debug_macro   0x00000000       0x82 os_task_common.o
 .debug_macro   0x00000000       0x16 os_task_common.o
 .debug_macro   0x00000000       0x28 os_task_common.o
 .debug_macro   0x00000000       0x1c os_task_common.o
 .debug_macro   0x00000000       0x46 os_task_common.o
 .debug_macro   0x00000000       0x10 os_task_common.o
 .debug_macro   0x00000000       0x28 os_task_common.o
 .group         0x00000000        0xc os_task_queue.o
 .group         0x00000000        0xc os_task_queue.o
 .group         0x00000000        0xc os_task_queue.o
 .group         0x00000000        0xc os_task_queue.o
 .group         0x00000000        0xc os_task_queue.o
 .group         0x00000000        0xc os_task_queue.o
 .group         0x00000000        0xc os_task_queue.o
 .group         0x00000000        0xc os_task_queue.o
 .group         0x00000000        0xc os_task_queue.o
 .group         0x00000000        0xc os_task_queue.o
 .debug_macro   0x00000000      0xa42 os_task_queue.o
 .debug_macro   0x00000000       0x4c os_task_queue.o
 .debug_macro   0x00000000       0x82 os_task_queue.o
 .debug_macro   0x00000000       0x16 os_task_queue.o
 .debug_macro   0x00000000       0x28 os_task_queue.o
 .debug_macro   0x00000000       0x1c os_task_queue.o
 .debug_macro   0x00000000       0x46 os_task_queue.o
 .debug_macro   0x00000000       0x10 os_task_queue.o
 .debug_macro   0x00000000       0x28 os_task_queue.o
 .group         0x00000000        0xc os_task_scheduler.o
 .group         0x00000000        0xc os_task_scheduler.o
 .group         0x00000000        0xc os_task_scheduler.o
 .group         0x00000000        0xc os_task_scheduler.o
 .group         0x00000000        0xc os_task_scheduler.o
 .group         0x00000000        0xc os_task_scheduler.o
 .group         0x00000000        0xc os_task_scheduler.o
 .group         0x00000000        0xc os_task_scheduler.o
 .group         0x00000000        0xc os_task_scheduler.o
 .group         0x00000000        0xc os_task_scheduler.o
 .debug_macro   0x00000000      0xa42 os_task_scheduler.o
 .debug_macro   0x00000000       0x4c os_task_scheduler.o
 .debug_macro   0x00000000       0x82 os_task_scheduler.o
 .debug_macro   0x00000000       0x16 os_task_scheduler.o
 .debug_macro   0x00000000       0x28 os_task_scheduler.o
 .debug_macro   0x00000000       0x1c os_task_scheduler.o
 .debug_macro   0x00000000       0x46 os_task_scheduler.o
 .debug_macro   0x00000000       0x10 os_task_scheduler.o
 .debug_macro   0x00000000       0x28 os_task_scheduler.o
 .debug_macro   0x00000000       0x1c os_task_scheduler.o
 .group         0x00000000        0xc os_stack.o
 .group         0x00000000        0xc os_stack.o
 .group         0x00000000        0xc os_stack.o
 .group         0x00000000        0xc os_stack.o
 .group         0x00000000        0xc os_stack.o
 .group         0x00000000        0xc os_stack.o
 .group         0x00000000        0xc os_stack.o
 .group         0x00000000        0xc os_stack.o
 .debug_macro   0x00000000      0xa42 os_stack.o
 .debug_macro   0x00000000       0x4c os_stack.o
 .debug_macro   0x00000000       0x82 os_stack.o
 .debug_macro   0x00000000       0x16 os_stack.o
 .debug_macro   0x00000000       0x28 os_stack.o
 .debug_macro   0x00000000       0x1c os_stack.o
 .debug_macro   0x00000000       0x46 os_stack.o
 .debug_macro   0x00000000       0x10 os_stack.o
 .group         0x00000000        0xc os_heap.o
 .group         0x00000000        0xc os_heap.o
 .group         0x00000000        0xc os_heap.o
 .group         0x00000000        0xc os_heap.o
 .group         0x00000000        0xc os_heap.o
 .group         0x00000000        0xc os_heap.o
 .group         0x00000000        0xc os_heap.o
 .group         0x00000000        0xc os_heap.o
 .debug_macro   0x00000000      0xa42 os_heap.o
 .debug_macro   0x00000000       0x4c os_heap.o
 .debug_macro   0x00000000       0x82 os_heap.o
 .debug_macro   0x00000000       0x16 os_heap.o
 .debug_macro   0x00000000       0x28 os_heap.o
 .debug_macro   0x00000000       0x1c os_heap.o
 .debug_macro   0x00000000       0x46 os_heap.o
 .debug_macro   0x00000000       0x10 os_heap.o
 .group         0x00000000        0xc os_diagnostic_main.o
 .group         0x00000000        0xc os_diagnostic_main.o
 .group         0x00000000        0xc os_diagnostic_main.o
 .group         0x00000000        0xc os_diagnostic_main.o
 .group         0x00000000        0xc os_diagnostic_main.o
 .group         0x00000000        0xc os_diagnostic_main.o
 .group         0x00000000        0xc os_diagnostic_main.o
 .group         0x00000000        0xc os_diagnostic_main.o
 .debug_macro   0x00000000      0xa42 os_diagnostic_main.o
 .debug_macro   0x00000000       0x4c os_diagnostic_main.o
 .debug_macro   0x00000000       0x82 os_diagnostic_main.o
 .debug_macro   0x00000000       0x16 os_diagnostic_main.o
 .debug_macro   0x00000000       0x28 os_diagnostic_main.o
 .debug_macro   0x00000000       0x1c os_diagnostic_main.o
 .debug_macro   0x00000000       0x46 os_diagnostic_main.o
 .debug_macro   0x00000000       0x10 os_diagnostic_main.o
 .group         0x00000000        0xc led.o
 .group         0x00000000        0xc led.o
 .group         0x00000000        0xc led.o
 .group         0x00000000        0xc led.o
 .group         0x00000000        0xc led.o
 .group         0x00000000        0xc led.o
 .group         0x00000000        0xc led.o
 .group         0x00000000        0xc led.o
 .debug_macro   0x00000000      0xa42 led.o
 .debug_macro   0x00000000       0x4c led.o
 .debug_macro   0x00000000       0x82 led.o
 .debug_macro   0x00000000       0x16 led.o
 .debug_macro   0x00000000       0x28 led.o
 .debug_macro   0x00000000       0x1c led.o
 .debug_macro   0x00000000       0x46 led.o
 .debug_macro   0x00000000       0x10 led.o
 .group         0x00000000        0xc os_ram.o
 .group         0x00000000        0xc os_ram.o
 .group         0x00000000        0xc os_ram.o
 .group         0x00000000        0xc os_ram.o
 .group         0x00000000        0xc os_ram.o
 .group         0x00000000        0xc os_ram.o
 .group         0x00000000        0xc os_ram.o
 .group         0x00000000        0xc os_ram.o
 .debug_macro   0x00000000      0xa42 os_ram.o
 .debug_macro   0x00000000       0x4c os_ram.o
 .debug_macro   0x00000000       0x82 os_ram.o
 .debug_macro   0x00000000       0x16 os_ram.o
 .debug_macro   0x00000000       0x28 os_ram.o
 .debug_macro   0x00000000       0x1c os_ram.o
 .debug_macro   0x00000000       0x46 os_ram.o
 .debug_macro   0x00000000       0x10 os_ram.o
 .group         0x00000000        0xc os_shared_ram.o
 .group         0x00000000        0xc os_shared_ram.o
 .group         0x00000000        0xc os_shared_ram.o
 .group         0x00000000        0xc os_shared_ram.o
 .group         0x00000000        0xc os_shared_ram.o
 .group         0x00000000        0xc os_shared_ram.o
 .group         0x00000000        0xc os_shared_ram.o
 .group         0x00000000        0xc os_shared_ram.o
 .debug_macro   0x00000000      0xa42 os_shared_ram.o
 .debug_macro   0x00000000       0x4c os_shared_ram.o
 .debug_macro   0x00000000       0x82 os_shared_ram.o
 .debug_macro   0x00000000       0x16 os_shared_ram.o
 .debug_macro   0x00000000       0x28 os_shared_ram.o
 .debug_macro   0x00000000       0x1c os_shared_ram.o
 .debug_macro   0x00000000       0x46 os_shared_ram.o
 .debug_macro   0x00000000       0x10 os_shared_ram.o

Memory Configuration

Name             Origin             Length             Attributes
rom              0x08000000         0x00100000
ram              0x20000000         0x00030000
*default*        0x00000000         0xffffffff

Linker script and memory map


.text           0x08000000    0x182c4
                0x08000000                _ivec_start = .
 os_exception_table.o()
 .text          0x08000000        0x0 os_exception_table.o
 .data          0x08000000      0x400 os_exception_table.o
                0x08000000                isr_vec_table
 .bss           0x08000400        0x0 os_exception_table.o
 .debug_info    0x08000400      0x42a os_exception_table.o
 .debug_abbrev  0x0800082a       0xff os_exception_table.o
 .debug_aranges
                0x08000929       0x18 os_exception_table.o
 .debug_macro   0x08000941       0xa3 os_exception_table.o
 .debug_macro   0x080009e4      0xa42 os_exception_table.o
 .debug_macro   0x08001426       0x4c os_exception_table.o
 .debug_macro   0x08001472       0x82 os_exception_table.o
 .debug_macro   0x080014f4       0x16 os_exception_table.o
 .debug_macro   0x0800150a       0x28 os_exception_table.o
 .debug_macro   0x08001532       0x1c os_exception_table.o
 .debug_macro   0x0800154e       0x46 os_exception_table.o
 .debug_macro   0x08001594       0x10 os_exception_table.o
 .debug_macro   0x080015a4       0x10 os_exception_table.o
 .debug_line    0x080015b4      0x1ec os_exception_table.o
 .debug_str     0x080017a0     0x35c3 os_exception_table.o
                               0x3653 (size before relaxing)
 .comment       0x08004d63       0x7f os_exception_table.o
                                 0x80 (size before relaxing)
 .ARM.attributes
                0x08004de2       0x33 os_exception_table.o
 .iplt          0x08004e15        0x0 os_exception_table.o
 .rel.iplt      0x08004e15        0x0 os_exception_table.o
 .igot.plt      0x08004e15        0x0 os_exception_table.o
                0x08004e15                _ivec_end = .
                [!provide]                PROVIDE (ivec_start = .)
                [!provide]                PROVIDE (ivec_end = .)
                0x08004e15                _const_start = .
 os_const.o()
 *fill*         0x08004e15        0x1 
 .text          0x08004e16        0x0 os_const.o
 .data          0x08004e16        0x0 os_const.o
 .bss           0x08004e16        0x0 os_const.o
 .debug_info    0x08004e16      0x3f7 os_const.o
 .debug_abbrev  0x0800520d       0xe7 os_const.o
 .debug_aranges
                0x080052f4       0x18 os_const.o
 .debug_macro   0x0800530c       0x9a os_const.o
 .debug_line    0x080053a6      0x1c4 os_const.o
 .debug_str     0x0800556a       0x46 os_const.o
                               0x3609 (size before relaxing)
 .comment       0x080055b0       0x80 os_const.o
 .ARM.attributes
                0x080055b0       0x33 os_const.o
                0x08005630                _const_end = .
                [!provide]                PROVIDE (const_start = .)
                [!provide]                PROVIDE (const_end = .)
                0x08005630                _code_start = .
 lld_global.o()
 *fill*         0x080055e3        0x1 
 .text          0x080055e4       0x12 E:\NeuOrga\Programmieren\c_cpp\github_os\output\os_drivers\obj_arm\lld_global.o
                0x080055e4                LLF_CHANGE_TO_USER_MODE
 .data          0x080055f6        0x0 E:\NeuOrga\Programmieren\c_cpp\github_os\output\os_drivers\obj_arm\lld_global.o
 .bss           0x080055f6        0x0 E:\NeuOrga\Programmieren\c_cpp\github_os\output\os_drivers\obj_arm\lld_global.o
 .debug_line    0x080055f6       0x7e E:\NeuOrga\Programmieren\c_cpp\github_os\output\os_drivers\obj_arm\lld_global.o
 .debug_info    0x08005674       0x26 E:\NeuOrga\Programmieren\c_cpp\github_os\output\os_drivers\obj_arm\lld_global.o
 .debug_abbrev  0x0800569a       0x14 E:\NeuOrga\Programmieren\c_cpp\github_os\output\os_drivers\obj_arm\lld_global.o
 *fill*         0x080056ae        0x2 
 .debug_aranges
                0x080056b0       0x20 E:\NeuOrga\Programmieren\c_cpp\github_os\output\os_drivers\obj_arm\lld_global.o
 .debug_str     0x080056d0       0x59 E:\NeuOrga\Programmieren\c_cpp\github_os\output\os_drivers\obj_arm\lld_global.o
                                 0x91 (size before relaxing)
 .ARM.attributes
                0x08005729       0x21 E:\NeuOrga\Programmieren\c_cpp\github_os\output\os_drivers\obj_arm\lld_global.o
 lld_interrupt.o()
 .text          0x0800574a       0x14 E:\NeuOrga\Programmieren\c_cpp\github_os\output\os_drivers\obj_arm\lld_interrupt.o
                0x0800574a                LLF_INT_DISABLE
                0x08005750                LLF_INT_ENABLE
                0x08005756                LLF_DISABLE_INTERRUPTS_ALL_CORES
                0x0800575c                LLF_WAIT_FOR_INTERRUPT
 .data          0x0800575e        0x0 E:\NeuOrga\Programmieren\c_cpp\github_os\output\os_drivers\obj_arm\lld_interrupt.o
 .bss           0x0800575e        0x0 E:\NeuOrga\Programmieren\c_cpp\github_os\output\os_drivers\obj_arm\lld_interrupt.o
 .debug_line    0x0800575e       0x85 E:\NeuOrga\Programmieren\c_cpp\github_os\output\os_drivers\obj_arm\lld_interrupt.o
 .debug_info    0x080057e3       0x26 E:\NeuOrga\Programmieren\c_cpp\github_os\output\os_drivers\obj_arm\lld_interrupt.o
 .debug_abbrev  0x08005809       0x14 E:\NeuOrga\Programmieren\c_cpp\github_os\output\os_drivers\obj_arm\lld_interrupt.o
 *fill*         0x0800581d        0x3 
 .debug_aranges
                0x08005820       0x20 E:\NeuOrga\Programmieren\c_cpp\github_os\output\os_drivers\obj_arm\lld_interrupt.o
 .debug_str     0x08005840       0x4e E:\NeuOrga\Programmieren\c_cpp\github_os\output\os_drivers\obj_arm\lld_interrupt.o
                                 0x94 (size before relaxing)
 .ARM.attributes
                0x0800588e       0x21 E:\NeuOrga\Programmieren\c_cpp\github_os\output\os_drivers\obj_arm\lld_interrupt.o
 lld_mmu.o()
 *fill*         0x080058af        0x1 
 .text          0x080058b0        0x8 E:\NeuOrga\Programmieren\c_cpp\github_os\output\os_drivers\obj_arm\lld_mmu.o
                0x080058b0                LLF_MPU_DISABLE
                0x080058b4                LLF_MPU_SWITCH_OFF_ALL_REGIONS
                0x080058b6                LLF_GET_MPU_PRESENT
 .data          0x080058b8        0x0 E:\NeuOrga\Programmieren\c_cpp\github_os\output\os_drivers\obj_arm\lld_mmu.o
 .bss           0x080058b8        0x0 E:\NeuOrga\Programmieren\c_cpp\github_os\output\os_drivers\obj_arm\lld_mmu.o
 .debug_line    0x080058b8       0x7c E:\NeuOrga\Programmieren\c_cpp\github_os\output\os_drivers\obj_arm\lld_mmu.o
 .debug_info    0x08005934       0x26 E:\NeuOrga\Programmieren\c_cpp\github_os\output\os_drivers\obj_arm\lld_mmu.o
 .debug_abbrev  0x0800595a       0x14 E:\NeuOrga\Programmieren\c_cpp\github_os\output\os_drivers\obj_arm\lld_mmu.o
 *fill*         0x0800596e        0x2 
 .debug_aranges
                0x08005970       0x20 E:\NeuOrga\Programmieren\c_cpp\github_os\output\os_drivers\obj_arm\lld_mmu.o
 .debug_str     0x08005990       0x48 E:\NeuOrga\Programmieren\c_cpp\github_os\output\os_drivers\obj_arm\lld_mmu.o
                                 0x8e (size before relaxing)
 .ARM.attributes
                0x080059d8       0x21 E:\NeuOrga\Programmieren\c_cpp\github_os\output\os_drivers\obj_arm\lld_mmu.o
 lld_ram.o()
 *fill*         0x080059f9        0x1 
 .text          0x080059fa       0x80 E:\NeuOrga\Programmieren\c_cpp\github_os\output\os_drivers\obj_arm\lld_ram.o
                0x080059fa                LLF_CLEAR_ALL_RAM
 .data          0x08005a7a        0x0 E:\NeuOrga\Programmieren\c_cpp\github_os\output\os_drivers\obj_arm\lld_ram.o
 .bss           0x08005a7a        0x0 E:\NeuOrga\Programmieren\c_cpp\github_os\output\os_drivers\obj_arm\lld_ram.o
 .debug_line    0x08005a7a       0x9f E:\NeuOrga\Programmieren\c_cpp\github_os\output\os_drivers\obj_arm\lld_ram.o
 .debug_info    0x08005b19       0x26 E:\NeuOrga\Programmieren\c_cpp\github_os\output\os_drivers\obj_arm\lld_ram.o
 .debug_abbrev  0x08005b3f       0x14 E:\NeuOrga\Programmieren\c_cpp\github_os\output\os_drivers\obj_arm\lld_ram.o
 *fill*         0x08005b53        0x5 
 .debug_aranges
                0x08005b58       0x20 E:\NeuOrga\Programmieren\c_cpp\github_os\output\os_drivers\obj_arm\lld_ram.o
 .debug_str     0x08005b78       0x48 E:\NeuOrga\Programmieren\c_cpp\github_os\output\os_drivers\obj_arm\lld_ram.o
                                 0x8e (size before relaxing)
 .ARM.attributes
                0x08005bc0       0x21 E:\NeuOrga\Programmieren\c_cpp\github_os\output\os_drivers\obj_arm\lld_ram.o
 lld_timer.o()
 *fill*         0x08005be1        0x1 
 .text          0x08005be2        0xa E:\NeuOrga\Programmieren\c_cpp\github_os\output\os_drivers\obj_arm\lld_timer.o
                0x08005be2                LLF_UP_CNT_TIMER_32
                0x08005be8                LLF_ADD_2_TCMP
                0x08005bea                LLF_TCMP1_CONFIG
 .data          0x08005bec        0x0 E:\NeuOrga\Programmieren\c_cpp\github_os\output\os_drivers\obj_arm\lld_timer.o
 .bss           0x08005bec        0x0 E:\NeuOrga\Programmieren\c_cpp\github_os\output\os_drivers\obj_arm\lld_timer.o
 .debug_line    0x08005bec       0x7c E:\NeuOrga\Programmieren\c_cpp\github_os\output\os_drivers\obj_arm\lld_timer.o
 .debug_info    0x08005c68       0x26 E:\NeuOrga\Programmieren\c_cpp\github_os\output\os_drivers\obj_arm\lld_timer.o
 .debug_abbrev  0x08005c8e       0x14 E:\NeuOrga\Programmieren\c_cpp\github_os\output\os_drivers\obj_arm\lld_timer.o
 *fill*         0x08005ca2        0x6 
 .debug_aranges
                0x08005ca8       0x20 E:\NeuOrga\Programmieren\c_cpp\github_os\output\os_drivers\obj_arm\lld_timer.o
 .debug_str     0x08005cc8       0x4a E:\NeuOrga\Programmieren\c_cpp\github_os\output\os_drivers\obj_arm\lld_timer.o
                                 0x90 (size before relaxing)
 .ARM.attributes
                0x08005d12       0x21 E:\NeuOrga\Programmieren\c_cpp\github_os\output\os_drivers\obj_arm\lld_timer.o
 lld_power.o()
 *fill*         0x08005d33        0x1 
 .text          0x08005d34       0x20 E:\NeuOrga\Programmieren\c_cpp\github_os\output\os_drivers\obj_arm\lld_power.o
                0x08005d34                LLF_MCU_SWITCH_OFF_POWER
                0x08005d3a                LLF_MCU_RESET_POWER
 .data          0x08005d54        0x0 E:\NeuOrga\Programmieren\c_cpp\github_os\output\os_drivers\obj_arm\lld_power.o
 .bss           0x08005d54        0x0 E:\NeuOrga\Programmieren\c_cpp\github_os\output\os_drivers\obj_arm\lld_power.o
 .debug_line    0x08005d54       0x87 E:\NeuOrga\Programmieren\c_cpp\github_os\output\os_drivers\obj_arm\lld_power.o
 .debug_info    0x08005ddb       0x26 E:\NeuOrga\Programmieren\c_cpp\github_os\output\os_drivers\obj_arm\lld_power.o
 .debug_abbrev  0x08005e01       0x14 E:\NeuOrga\Programmieren\c_cpp\github_os\output\os_drivers\obj_arm\lld_power.o
 *fill*         0x08005e15        0x3 
 .debug_aranges
                0x08005e18       0x20 E:\NeuOrga\Programmieren\c_cpp\github_os\output\os_drivers\obj_arm\lld_power.o
 .debug_str     0x08005e38       0x4a E:\NeuOrga\Programmieren\c_cpp\github_os\output\os_drivers\obj_arm\lld_power.o
                                 0x90 (size before relaxing)
 .ARM.attributes
                0x08005e82       0x21 E:\NeuOrga\Programmieren\c_cpp\github_os\output\os_drivers\obj_arm\lld_power.o
 os_exception_reset.o()
 *fill*         0x08005ea3        0x1 
 .text          0x08005ea4       0xe4 E:\NeuOrga\Programmieren\c_cpp\github_os\output\os_drivers\obj_arm\os_exception_reset.o
                0x08005ea4                OS_Exception_RESET
                0x08005ec4                LLF_SAVE_TASK_STACK
                0x08005ec4                LLF_RESTORE_TASK_STACK
                0x08005eca                GET_CORE_ID
                0x08005ed0                LLF_SAVE_REGISTERS
                0x08005ee2                LLF_RESTORE_REGISTERS
                0x08005eec                LLF_RESTORE_SYSTEM_STACK
                0x08005ef2                LLF_SAVE_SYSTEM_STACK
                0x08005ef8                LLF_PERFORM_RAM_CHECK
                0x08005f44                LLF_CLEAR_ALL_GP_REGISTERS
                0x08005f62                START_OS
 .data          0x08005f88        0x0 E:\NeuOrga\Programmieren\c_cpp\github_os\output\os_drivers\obj_arm\os_exception_reset.o
 .bss           0x08005f88        0x0 E:\NeuOrga\Programmieren\c_cpp\github_os\output\os_drivers\obj_arm\os_exception_reset.o
 .debug_line    0x08005f88       0xda E:\NeuOrga\Programmieren\c_cpp\github_os\output\os_drivers\obj_arm\os_exception_reset.o
 .debug_info    0x08006062       0x26 E:\NeuOrga\Programmieren\c_cpp\github_os\output\os_drivers\obj_arm\os_exception_reset.o
 .debug_abbrev  0x08006088       0x14 E:\NeuOrga\Programmieren\c_cpp\github_os\output\os_drivers\obj_arm\os_exception_reset.o
 *fill*         0x0800609c        0x4 
 .debug_aranges
                0x080060a0       0x20 E:\NeuOrga\Programmieren\c_cpp\github_os\output\os_drivers\obj_arm\os_exception_reset.o
 .debug_str     0x080060c0       0x50 E:\NeuOrga\Programmieren\c_cpp\github_os\output\os_drivers\obj_arm\os_exception_reset.o
                                 0x96 (size before relaxing)
 .ARM.attributes
                0x08006110       0x21 E:\NeuOrga\Programmieren\c_cpp\github_os\output\os_drivers\obj_arm\os_exception_reset.o
 os_common.o()
 *fill*         0x08006131        0x3 
 .text          0x08006134       0x38 os_common.o
                0x08006134                OS_SET_SW_BUG
                0x0800615c                Get_current_time
 .data          0x0800616c        0x0 os_common.o
 .bss           0x0800616c        0xf os_common.o
 .debug_info    0x0800617b      0x51b os_common.o
 .debug_abbrev  0x08006696      0x13b os_common.o
 .debug_aranges
                0x080067d1       0x20 os_common.o
 .debug_macro   0x080067f1       0x9e os_common.o
 .debug_line    0x0800688f      0x1eb os_common.o
 .debug_str     0x08006a7a      0x2a8 os_common.o
                               0x386b (size before relaxing)
 .comment       0x08006d22       0x80 os_common.o
 *fill*         0x08006d22        0x2 
 .debug_frame   0x08006d24       0x5c os_common.o
 .ARM.attributes
                0x08006d80       0x33 os_common.o
 os_driver_hook.o()
 *fill*         0x08006db3        0x1 
 .text          0x08006db4        0x0 os_driver_hook.o
 .data          0x08006db4        0x0 os_driver_hook.o
 .bss           0x08006db4        0x0 os_driver_hook.o
 .debug_info    0x08006db4      0x3f7 os_driver_hook.o
 .debug_abbrev  0x080071ab       0xe7 os_driver_hook.o
 .debug_aranges
                0x08007292       0x18 os_driver_hook.o
 .debug_macro   0x080072aa       0x9a os_driver_hook.o
 .debug_line    0x08007344      0x1ca os_driver_hook.o
 .debug_str     0x0800750e       0x4c os_driver_hook.o
                               0x360f (size before relaxing)
 .comment       0x0800755a       0x80 os_driver_hook.o
 .ARM.attributes
                0x0800755a       0x33 os_driver_hook.o
 os_exception.o()
 *fill*         0x0800758d        0x3 
 .text          0x08007590      0x220 os_exception.o
                0x08007618                OS_Exception_HARDFAULT
                0x08007630                OS_Exception_NMI
                0x08007648                OS_Exception_SWI
                0x08007660                OS_Exception_BUS_FAULT
                0x08007678                OS_Exception_DEBUG
                0x08007682                OS_Exception_MEM_MANAG_FAULT
                0x08007698                OS_Exception_USAGE_FAULT
                0x080076b0                OS_Exception_PendSV
                0x080076b6                OS_Exception_Systick
                0x08007768                OS_Exception_IRQ
                0x08007774                OS_Exception_FIQ
                0x08007780                TCMP1
                0x0800778c                TCMP2
                0x08007798                TCMP3
                0x080077a4                TCMP4
 .data          0x080077b0        0x0 os_exception.o
 .bss           0x080077b0        0x0 os_exception.o
 .debug_info    0x080077b0      0x55c os_exception.o
 .debug_abbrev  0x08007d0c      0x15a os_exception.o
 .debug_aranges
                0x08007e66       0x20 os_exception.o
 .debug_macro   0x08007e86      0x12b os_exception.o
 .debug_macro   0x08007fb1      0xa3c os_exception.o
 .debug_macro   0x080089ed       0x16 os_exception.o
 .debug_macro   0x08008a03       0x28 os_exception.o
 .debug_line    0x08008a2b      0x2b4 os_exception.o
 .debug_str     0x08008cdf      0x5ca os_exception.o
                               0x3b35 (size before relaxing)
 .comment       0x080092a9       0x80 os_exception.o
 *fill*         0x080092a9        0x3 
 .debug_frame   0x080092ac      0x1fc os_exception.o
 .ARM.attributes
                0x080094a8       0x33 os_exception.o
 os_exception_isr_handler.o()
 *fill*         0x080094db        0x1 
 .text          0x080094dc        0xc os_exception_isr_handler.o
                0x080094dc                OS_ISRHANDLERC0
 .data          0x080094e8        0x0 os_exception_isr_handler.o
 .bss           0x080094e8        0x0 os_exception_isr_handler.o
 .debug_info    0x080094e8      0x410 os_exception_isr_handler.o
 .debug_abbrev  0x080098f8      0x103 os_exception_isr_handler.o
 .debug_aranges
                0x080099fb       0x20 os_exception_isr_handler.o
 .debug_macro   0x08009a1b       0xa7 os_exception_isr_handler.o
 .debug_line    0x08009ac2      0x20e os_exception_isr_handler.o
 .debug_str     0x08009cd0       0x66 os_exception_isr_handler.o
                               0x3699 (size before relaxing)
 .comment       0x08009d36       0x80 os_exception_isr_handler.o
 *fill*         0x08009d36        0x2 
 .debug_frame   0x08009d38       0x2c os_exception_isr_handler.o
 .ARM.attributes
                0x08009d64       0x33 os_exception_isr_handler.o
 os_exception_table.o()
 os_init_task_system.o()
 *fill*         0x08009d97        0x1 
 .text          0x08009d98        0xc os_init_task_system.o
                0x08009d98                OS_INIT_TASK_SYSTEM
 .data          0x08009da4        0x0 os_init_task_system.o
 .bss           0x08009da4        0x0 os_init_task_system.o
 .debug_info    0x08009da4      0x410 os_init_task_system.o
 .debug_abbrev  0x0800a1b4      0x103 os_init_task_system.o
 .debug_aranges
                0x0800a2b7       0x20 os_init_task_system.o
 .debug_macro   0x0800a2d7       0xad os_init_task_system.o
 .debug_macro   0x0800a384       0x22 os_init_task_system.o
 .debug_line    0x0800a3a6      0x209 os_init_task_system.o
 .debug_str     0x0800a5af       0x65 os_init_task_system.o
                               0x3698 (size before relaxing)
 .comment       0x0800a614       0x80 os_init_task_system.o
 .debug_frame   0x0800a614       0x2c os_init_task_system.o
 .ARM.attributes
                0x0800a640       0x33 os_init_task_system.o
 os_main.o()
 *fill*         0x0800a673        0x1 
 .text          0x0800a674       0x8c os_main.o
                0x0800a674                OS_STATE_HANDLER
 .data          0x0800a700        0x0 os_main.o
 .bss           0x0800a700        0x1 os_main.o
 .debug_info    0x0800a701      0x475 os_main.o
 .debug_abbrev  0x0800ab76      0x112 os_main.o
 .debug_aranges
                0x0800ac88       0x20 os_main.o
 .debug_macro   0x0800aca8       0xd5 os_main.o
 .debug_line    0x0800ad7d      0x277 os_main.o
 .debug_str     0x0800aff4       0xff os_main.o
                               0x37b5 (size before relaxing)
 .comment       0x0800b0f3       0x80 os_main.o
 *fill*         0x0800b0f3        0x1 
 .debug_frame   0x0800b0f4       0x2c os_main.o
 .ARM.attributes
                0x0800b120       0x33 os_main.o
 os_memory_mmu_setup.o()
 *fill*         0x0800b153        0x1 
 .text          0x0800b154        0xc os_memory_mmu_setup.o
                0x0800b154                OS_MMU_SETUP
 .data          0x0800b160        0x0 os_memory_mmu_setup.o
 .bss           0x0800b160        0x0 os_memory_mmu_setup.o
 .debug_info    0x0800b160      0x410 os_memory_mmu_setup.o
 .debug_abbrev  0x0800b570      0x103 os_memory_mmu_setup.o
 .debug_aranges
                0x0800b673       0x20 os_memory_mmu_setup.o
 .debug_macro   0x0800b693       0xd6 os_memory_mmu_setup.o
 .debug_line    0x0800b769      0x1df os_memory_mmu_setup.o
 .debug_str     0x0800b948      0x1cc os_memory_mmu_setup.o
                               0x378f (size before relaxing)
 .comment       0x0800bb14       0x80 os_memory_mmu_setup.o
 .debug_frame   0x0800bb14       0x34 os_memory_mmu_setup.o
 .ARM.attributes
                0x0800bb48       0x33 os_memory_mmu_setup.o
 os_rte_common.o()
 *fill*         0x0800bb7b        0x1 
 .text          0x0800bb7c        0x0 os_rte_common.o
 .data          0x0800bb7c        0x0 os_rte_common.o
 .bss           0x0800bb7c        0x0 os_rte_common.o
 .debug_info    0x0800bb7c      0x3f7 os_rte_common.o
 .debug_abbrev  0x0800bf73       0xe7 os_rte_common.o
 .debug_aranges
                0x0800c05a       0x18 os_rte_common.o
 .debug_macro   0x0800c072       0x9a os_rte_common.o
 .debug_line    0x0800c10c      0x1c9 os_rte_common.o
 .debug_str     0x0800c2d5       0x4b os_rte_common.o
                               0x360e (size before relaxing)
 .comment       0x0800c320       0x80 os_rte_common.o
 .ARM.attributes
                0x0800c320       0x33 os_rte_common.o
 os_rte_icc.o()
 *fill*         0x0800c353        0x1 
 .text          0x0800c354       0x5a os_rte_icc.o
                0x0800c354                SEND_DATA
                0x0800c372                SEND_PACKAGE
                0x0800c390                SEND_FRAME
 .data          0x0800c3ae        0x0 os_rte_icc.o
 .bss           0x0800c3ae        0x0 os_rte_icc.o
 .debug_info    0x0800c3ae      0x537 os_rte_icc.o
 .debug_abbrev  0x0800c8e5      0x130 os_rte_icc.o
 .debug_aranges
                0x0800ca15       0x20 os_rte_icc.o
 .debug_macro   0x0800ca35       0x9e os_rte_icc.o
 .debug_line    0x0800cad3      0x1f1 os_rte_icc.o
 .debug_str     0x0800ccc4       0xd3 os_rte_icc.o
                               0x369c (size before relaxing)
 .comment       0x0800cd97       0x80 os_rte_icc.o
 *fill*         0x0800cd97        0x1 
 .debug_frame   0x0800cd98       0x88 os_rte_icc.o
 .ARM.attributes
                0x0800ce20       0x33 os_rte_icc.o
 os_shutdown.o()
 *fill*         0x0800ce53        0x1 
 .text          0x0800ce54       0x2a os_shutdown.o
                0x0800ce54                OS_SHUTDOWN
 .data          0x0800ce7e        0x0 os_shutdown.o
 .bss           0x0800ce7e        0x0 os_shutdown.o
 .debug_info    0x0800ce7e      0x44e os_shutdown.o
 .debug_abbrev  0x0800d2cc      0x112 os_shutdown.o
 .debug_aranges
                0x0800d3de       0x20 os_shutdown.o
 .debug_macro   0x0800d3fe       0xa4 os_shutdown.o
 .debug_line    0x0800d4a2      0x1f2 os_shutdown.o
 .debug_str     0x0800d694       0x6f os_shutdown.o
                               0x3687 (size before relaxing)
 .comment       0x0800d703       0x80 os_shutdown.o
 *fill*         0x0800d703        0x1 
 .debug_frame   0x0800d704       0x30 os_shutdown.o
 .ARM.attributes
                0x0800d734       0x33 os_shutdown.o
 os_start_ext_prg.o()
 *fill*         0x0800d767        0x1 
 .text          0x0800d768       0x4a os_start_ext_prg.o
                0x0800d780                OS_StartExtPrg
 .data          0x0800d7b2        0x0 os_start_ext_prg.o
 .bss           0x0800d7b2        0x0 os_start_ext_prg.o
 .debug_info    0x0800d7b2      0x491 os_start_ext_prg.o
 .debug_abbrev  0x0800dc43      0x133 os_start_ext_prg.o
 .debug_aranges
                0x0800dd76       0x20 os_start_ext_prg.o
 .debug_macro   0x0800dd96       0x9a os_start_ext_prg.o
 .debug_line    0x0800de30      0x1ea os_start_ext_prg.o
 .debug_str     0x0800e01a       0x90 os_start_ext_prg.o
                               0x365e (size before relaxing)
 .comment       0x0800e0aa       0x80 os_start_ext_prg.o
 *fill*         0x0800e0aa        0x2 
 .debug_frame   0x0800e0ac       0x60 os_start_ext_prg.o
 .ARM.attributes
                0x0800e10c       0x33 os_start_ext_prg.o
 os_start_init_hw.o()
 *fill*         0x0800e13f        0x1 
 .text          0x0800e140        0xc os_start_init_hw.o
                0x0800e140                OS_INIT_HW
 .data          0x0800e14c        0x0 os_start_init_hw.o
 .bss           0x0800e14c        0x0 os_start_init_hw.o
 .debug_info    0x0800e14c      0x410 os_start_init_hw.o
 .debug_abbrev  0x0800e55c      0x103 os_start_init_hw.o
 .debug_aranges
                0x0800e65f       0x20 os_start_init_hw.o
 .debug_macro   0x0800e67f       0x9a os_start_init_hw.o
 .debug_line    0x0800e719      0x1da os_start_init_hw.o
 .debug_str     0x0800e8f3       0x59 os_start_init_hw.o
                               0x361c (size before relaxing)
 .comment       0x0800e94c       0x80 os_start_init_hw.o
 .debug_frame   0x0800e94c       0x34 os_start_init_hw.o
 .ARM.attributes
                0x0800e980       0x33 os_start_init_hw.o
 os_start_init_mc.o()
 *fill*         0x0800e9b3        0x1 
 .text          0x0800e9b4        0xc os_start_init_mc.o
                0x0800e9b4                OS_INIT_MC
 .data          0x0800e9c0        0x0 os_start_init_mc.o
 .bss           0x0800e9c0        0x0 os_start_init_mc.o
 .debug_info    0x0800e9c0      0x410 os_start_init_mc.o
 .debug_abbrev  0x0800edd0      0x103 os_start_init_mc.o
 .debug_aranges
                0x0800eed3       0x20 os_start_init_mc.o
 .debug_macro   0x0800eef3       0x9a os_start_init_mc.o
 .debug_line    0x0800ef8d      0x1dc os_start_init_mc.o
 .debug_str     0x0800f169       0x59 os_start_init_mc.o
                               0x361c (size before relaxing)
 .comment       0x0800f1c2       0x80 os_start_init_mc.o
 *fill*         0x0800f1c2        0x2 
 .debug_frame   0x0800f1c4       0x34 os_start_init_mc.o
 .ARM.attributes
                0x0800f1f8       0x33 os_start_init_mc.o
 os_start_init_sw.o()
 *fill*         0x0800f22b        0x1 
 .text          0x0800f22c        0xc os_start_init_sw.o
                0x0800f22c                OS_INIT_SW
 .data          0x0800f238        0x0 os_start_init_sw.o
 .bss           0x0800f238        0x0 os_start_init_sw.o
 .debug_info    0x0800f238      0x410 os_start_init_sw.o
 .debug_abbrev  0x0800f648      0x103 os_start_init_sw.o
 .debug_aranges
                0x0800f74b       0x20 os_start_init_sw.o
 .debug_macro   0x0800f76b       0x9a os_start_init_sw.o
 .debug_line    0x0800f805      0x1da os_start_init_sw.o
 .debug_str     0x0800f9df       0x59 os_start_init_sw.o
                               0x361c (size before relaxing)
 .comment       0x0800fa38       0x80 os_start_init_sw.o
 .debug_frame   0x0800fa38       0x34 os_start_init_sw.o
 .ARM.attributes
                0x0800fa6c       0x33 os_start_init_sw.o
 os_start_os.o()
 *fill*         0x0800fa9f        0x1 
 .text          0x0800faa0       0x8c os_start_os.o
                0x0800faa0                OS_START_OS
 .data          0x0800fb2c        0x0 os_start_os.o
 .bss           0x0800fb2c        0x0 os_start_os.o
 .debug_info    0x0800fb2c      0x410 os_start_os.o
 .debug_abbrev  0x0800ff3c      0x103 os_start_os.o
 .debug_aranges
                0x0801003f       0x20 os_start_os.o
 .debug_macro   0x0801005f       0xbc os_start_os.o
 .debug_line    0x0801011b      0x1f1 os_start_os.o
 .debug_str     0x0801030c      0x234 os_start_os.o
                               0x37f7 (size before relaxing)
 .comment       0x08010540       0x80 os_start_os.o
 .debug_frame   0x08010540       0x2c os_start_os.o
 .ARM.attributes
                0x0801056c       0x33 os_start_os.o
 os_task_common.o()
 *fill*         0x0801059f        0x1 
 .text          0x080105a0      0x1dc os_task_common.o
                0x080105a0                OS_TASK_SAVETASK_ENVIRONMENT
                0x080105de                OS_TASK_RESTORETASK_ENVIRONMENT
                0x0801060e                OS_TASK_RESTORE_SYSTEM_STACK
                0x08010624                OS_TASK_SAVE_SYSTEM_STACK
                0x0801063a                OS_Task_InitTaskEnvironment
                0x08010720                OS_Task_DeleteTaskEnvironment
                0x08010752                OS_Task_CreateTaskEnvironment
 .data          0x0801077c        0x0 os_task_common.o
 .bss           0x0801077c        0x0 os_task_common.o
 .debug_info    0x0801077c      0x5ff os_task_common.o
 .debug_abbrev  0x08010d7b      0x175 os_task_common.o
 .debug_aranges
                0x08010ef0       0x20 os_task_common.o
 .debug_macro   0x08010f10       0xab os_task_common.o
 .debug_line    0x08010fbb      0x25a os_task_common.o
 .debug_str     0x08011215      0x159 os_task_common.o
                               0x399b (size before relaxing)
 .comment       0x0801136e       0x80 os_task_common.o
 *fill*         0x0801136e        0x2 
 .debug_frame   0x08011370      0x128 os_task_common.o
 .ARM.attributes
                0x08011498       0x33 os_task_common.o
 *fill*         0x080114cb        0x1 
 COMMON         0x080114cc       0x24 os_task_common.o
                0x080114cc                REGISTER_R2
                0x080114d0                REGISTER_R0
                0x080114d4                TASK_PTR
                0x080114e8                REGISTER_R1
                0x080114ec                REGISTER_R3
 os_task_queue.o()
 .text          0x080114f0      0xa78 os_task_queue.o
                0x080114f0                SET_RUNNING_TASK
                0x08011674                OS_INIT_TASK_QUEUE
                0x080116cc                AddToTaskQueue
                0x08011aa4                DeleteFromTaskQueue
                0x08011bac                GetFromTaskQueue
                0x08011bc0                GetFromLinkList
                0x08011be0                DeleteFromLinkList
                0x08011c04                AddToLinkList
                0x08011c60                UpdateLinkList
                0x08011ce0                GetIdleTask
                0x08011cf4                AddToIdleTaskQueue
                0x08011e74                GetRunningTask
                0x08011e88                OS_INIT_TASK
 .data          0x08011f68        0x0 os_task_queue.o
 .bss           0x08011f68      0x3cd os_task_queue.o
 .debug_info    0x08012335      0x7aa os_task_queue.o
 .debug_abbrev  0x08012adf      0x1f5 os_task_queue.o
 .debug_aranges
                0x08012cd4       0x20 os_task_queue.o
 .debug_macro   0x08012cf4       0xb0 os_task_queue.o
 .debug_macro   0x08012da4       0x1c os_task_queue.o
 .debug_line    0x08012dc0      0x32a os_task_queue.o
 .debug_str     0x080130ea      0x1e0 os_task_queue.o
                               0x3acc (size before relaxing)
 .comment       0x080132ca       0x80 os_task_queue.o
 *fill*         0x080132ca        0x2 
 .debug_frame   0x080132cc      0x214 os_task_queue.o
 .ARM.attributes
                0x080134e0       0x33 os_task_queue.o
 os_task_scheduler.o()
 *fill*         0x08013513        0x1 
 .text          0x08013514      0x678 os_task_scheduler.o
                0x08013514                OS_ACTIVATE_DISPATCHER
                0x08013550                OS_SLEEPTASK
                0x08013570                task_state_request
                0x08013654                OS_ActivateTask
                0x080137bc                OS_TERMINATE_TASK
                0x08013850                OS_TASK_DISPATCHER
                0x080138d4                OS_INIT_TASKS
                0x08013b80                ISR_TASK_DISPATCH_C0
 .data          0x08013b8c        0x0 os_task_scheduler.o
 .bss           0x08013b8c      0x63d os_task_scheduler.o
 .debug_info    0x080141c9      0x819 os_task_scheduler.o
 .debug_abbrev  0x080149e2      0x209 os_task_scheduler.o
 .debug_aranges
                0x08014beb       0x20 os_task_scheduler.o
 .debug_macro   0x08014c0b       0xdc os_task_scheduler.o
 .debug_line    0x08014ce7      0x35c os_task_scheduler.o
 .debug_str     0x08015043      0x21c os_task_scheduler.o
                               0x3c04 (size before relaxing)
 .comment       0x0801525f       0x80 os_task_scheduler.o
 *fill*         0x0801525f        0x1 
 .debug_frame   0x08015260      0x234 os_task_scheduler.o
 .ARM.attributes
                0x08015494       0x33 os_task_scheduler.o
 os_stack.o()
 *fill*         0x080154c7        0x1 
 .text          0x080154c8        0x0 os_stack.o
 .data          0x080154c8        0x0 os_stack.o
 .bss           0x080154c8        0x0 os_stack.o
 .debug_info    0x080154c8      0x3f7 os_stack.o
 .debug_abbrev  0x080158bf       0xe7 os_stack.o
 .debug_aranges
                0x080159a6       0x18 os_stack.o
 .debug_macro   0x080159be       0x9a os_stack.o
 .debug_line    0x08015a58      0x1c4 os_stack.o
 .debug_str     0x08015c1c       0x46 os_stack.o
                               0x3609 (size before relaxing)
 .comment       0x08015c62       0x80 os_stack.o
 .ARM.attributes
                0x08015c62       0x33 os_stack.o
 os_heap.o()
 *fill*         0x08015c95        0x3 
 .text          0x08015c98      0x22c os_heap.o
                0x08015c98                os_calloc
                0x08015ce0                os_realloc
                0x08015d52                os_malloc
                0x08015dbc                os_free
 .data          0x08015ec4        0x0 os_heap.o
 .bss           0x08015ec4        0x0 os_heap.o
 .debug_info    0x08015ec4      0x5cc os_heap.o
 .debug_abbrev  0x08016490      0x1b2 os_heap.o
 .debug_aranges
                0x08016642       0x20 os_heap.o
 .debug_macro   0x08016662       0x9e os_heap.o
 .debug_line    0x08016700      0x252 os_heap.o
 .debug_str     0x08016952       0xe4 os_heap.o
                               0x36b5 (size before relaxing)
 .comment       0x08016a36       0x80 os_heap.o
 *fill*         0x08016a36        0x2 
 .debug_frame   0x08016a38      0x100 os_heap.o
 .ARM.attributes
                0x08016b38       0x33 os_heap.o
 os_diagnostic_main.o()
 *fill*         0x08016b6b        0x1 
 .text          0x08016b6c        0xc os_diagnostic_main.o
                0x08016b6c                OS_DIAGNOSTIC_MAIN
 .data          0x08016b78        0x0 os_diagnostic_main.o
 .bss           0x08016b78        0x0 os_diagnostic_main.o
 .debug_info    0x08016b78      0x410 os_diagnostic_main.o
 .debug_abbrev  0x08016f88      0x103 os_diagnostic_main.o
 .debug_aranges
                0x0801708b       0x20 os_diagnostic_main.o
 .debug_macro   0x080170ab       0x9a os_diagnostic_main.o
 .debug_line    0x08017145      0x1dc os_diagnostic_main.o
 .debug_str     0x08017321       0x63 os_diagnostic_main.o
                               0x3626 (size before relaxing)
 .comment       0x08017384       0x80 os_diagnostic_main.o
 .debug_frame   0x08017384       0x34 os_diagnostic_main.o
 .ARM.attributes
                0x080173b8       0x33 os_diagnostic_main.o
 led.o()
 *fill*         0x080173eb        0x1 
 .text          0x080173ec       0x50 led.o
                0x080173ec                USER_LED_INIT
                0x08017400                USER_LED_ON
                0x08017414                USER_LED_OFF
                0x08017428                USER_LED_TOGGLE
 .data          0x0801743c        0x0 led.o
 .bss           0x0801743c        0x0 led.o
 .debug_info    0x0801743c      0x4bc led.o
 .debug_abbrev  0x080178f8      0x13d led.o
 .debug_aranges
                0x08017a35       0x20 led.o
 .debug_macro   0x08017a55       0x9e led.o
 .debug_line    0x08017af3      0x1cb led.o
 .debug_str     0x08017cbe       0x97 led.o
                               0x365a (size before relaxing)
 .comment       0x08017d55       0x80 led.o
 *fill*         0x08017d55        0x3 
 .debug_frame   0x08017d58       0xb0 led.o
 .ARM.attributes
                0x08017e08       0x33 led.o
                0x08017e3b                _code_end = .
                [!provide]                PROVIDE (code_start = .)
                [!provide]                PROVIDE (code_end = .)
 *fill*         0x08017e3b        0x1 
 .text          0x08017e3c      0x378 d:/programm/gnu tools arm embedded/7 2018-q2-update/bin/../lib/gcc/arm-none-eabi/7.3.1/thumb/v7e-m\libgcc.a(_arm_addsubdf3.o)
                0x08017e3c                __aeabi_drsub
                0x08017e44                __aeabi_dsub
                0x08017e44                __subdf3
                0x08017e48                __aeabi_dadd
                0x08017e48                __adddf3
                0x080180c0                __floatunsidf
                0x080180c0                __aeabi_ui2d
                0x080180e0                __floatsidf
                0x080180e0                __aeabi_i2d
                0x08018104                __aeabi_f2d
                0x08018104                __extendsfdf2
                0x08018148                __floatundidf
                0x08018148                __aeabi_ul2d
                0x08018158                __floatdidf
                0x08018158                __aeabi_l2d
 .text          0x080181b4      0x110 d:/programm/gnu tools arm embedded/7 2018-q2-update/bin/../lib/gcc/arm-none-eabi/7.3.1/thumb/v7e-m\libgcc.a(_arm_cmpdf2.o)
                0x080181b4                __gtdf2
                0x080181b4                __gedf2
                0x080181bc                __ltdf2
                0x080181bc                __ledf2
                0x080181c4                __nedf2
                0x080181c4                __eqdf2
                0x080181c4                __cmpdf2
                0x08018240                __aeabi_cdrcmple
                0x08018250                __aeabi_cdcmpeq
                0x08018250                __aeabi_cdcmple
                0x08018260                __aeabi_dcmpeq
                0x08018274                __aeabi_dcmplt
                0x08018288                __aeabi_dcmple
                0x0801829c                __aeabi_dcmpge
                0x080182b0                __aeabi_dcmpgt

.glue_7         0x080182c4        0x0
 .glue_7        0x080182c4        0x0 linker stubs

.glue_7t        0x080182c4        0x0
 .glue_7t       0x080182c4        0x0 linker stubs

.vfp11_veneer   0x080182c4        0x0
 .vfp11_veneer  0x080182c4        0x0 linker stubs

.v4_bx          0x080182c4        0x0
 .v4_bx         0x080182c4        0x0 linker stubs

.data           0x20000000     0x8460
                0x20000000                _ram_start = .
 os_ram.o()
 .text          0x20000000        0x0 os_ram.o
 .data          0x20000000        0x0 os_ram.o
 .bss           0x20000000        0x0 os_ram.o
 .debug_info    0x20000000      0x4cf os_ram.o
 .debug_abbrev  0x200004cf      0x105 os_ram.o
 .debug_aranges
                0x200005d4       0x18 os_ram.o
 .debug_macro   0x200005ec       0xa2 os_ram.o
 .debug_line    0x2000068e      0x1dd os_ram.o
 .debug_str     0x2000086b     0x35e6 os_ram.o
                               0x3639 (size before relaxing)
 .comment       0x20003e51       0x7f os_ram.o
                                 0x80 (size before relaxing)
 .ARM.attributes
                0x20003ed0       0x33 os_ram.o
 *fill*         0x20003f03        0x1 
 COMMON         0x20003f04     0x2944 os_ram.o
                0x20003f04                VAR_MEM_MANAG_FAULT_STATUS_REG
                0x20003f08                RAM_CHECK_FAILURE_ADDR
                0x20003f0c                OS_STACK
                0x2000400c                OS_STATE
                0x20004010                BACKUP_SYSTICK_CURRENT_VAL_REG
                0x20004014                LINK_REGISTER_HANDLER
                0x20004018                VAR_AUX_FAULT_STATUS_REG
                0x2000401c                OS_MAIN_STACK
                0x2000411c                VAR_HARDFAULT_STATUS_REG
                0x20004120                VAR_BUS_FAULT_STATUS_REG
                0x20004124                RAM_CHECK_FAILURE_DETECTED
                0x20004128                HEAP
                0x20006838                VAR_FAULT_STATUS_REG
                0x2000683c                VAR_MEM_FAULT_ADDR_REG
                0x20006840                VAR_USAGE_FAULT_STATUS_REG
                0x20006844                VAR_BUS_FAULT_ADDR_REG
 os_shared_ram.o()
 .text          0x20006848        0x0 os_shared_ram.o
 .data          0x20006848        0x0 os_shared_ram.o
 .bss           0x20006848        0x0 os_shared_ram.o
 .debug_info    0x20006848      0x507 os_shared_ram.o
 .debug_abbrev  0x20006d4f       0xf8 os_shared_ram.o
 .debug_aranges
                0x20006e47       0x18 os_shared_ram.o
 .debug_macro   0x20006e5f       0xfa os_shared_ram.o
 .debug_line    0x20006f59      0x1c9 os_shared_ram.o
 .debug_str     0x20007122      0x30b os_shared_ram.o
                               0x38ce (size before relaxing)
 .comment       0x2000742d       0x80 os_shared_ram.o
 .ARM.attributes
                0x2000742d       0x33 os_shared_ram.o
 COMMON         0x20007460     0x1000 os_shared_ram.o
                0x20007460                RAM_BLOCK_C01_C01
                0x20007560                RAM_BLOCK_C01_C00
                0x20007660                RAM_BLOCK_C00_C00
                0x20007760                RAM_BLOCK_C01_C03
                0x20007860                RAM_BLOCK_C03_C01
                0x20007960                RAM_BLOCK_C00_C01
                0x20007a60                RAM_BLOCK_C02_C01
                0x20007b60                RAM_BLOCK_C01_C02
                0x20007c60                RAM_BLOCK_C03_C00
                0x20007d60                RAM_BLOCK_C02_C00
                0x20007e60                RAM_BLOCK_C02_C02
                0x20007f60                RAM_BLOCK_C03_C03
                0x20008060                RAM_BLOCK_C03_C02
                0x20008160                RAM_BLOCK_C00_C03
                0x20008260                RAM_BLOCK_C00_C02
                0x20008360                RAM_BLOCK_C02_C03
                0x20008460                _ram_end = .
                [!provide]                PROVIDE (ram_start = .)
                [!provide]                PROVIDE (ram_end = .)
 .data          0x20008460        0x0 d:/programm/gnu tools arm embedded/7 2018-q2-update/bin/../lib/gcc/arm-none-eabi/7.3.1/thumb/v7e-m\libgcc.a(_arm_addsubdf3.o)
 .data          0x20008460        0x0 d:/programm/gnu tools arm embedded/7 2018-q2-update/bin/../lib/gcc/arm-none-eabi/7.3.1/thumb/v7e-m\libgcc.a(_arm_cmpdf2.o)
START GROUP
LOAD d:/programm/gnu tools arm embedded/7 2018-q2-update/bin/../lib/gcc/arm-none-eabi/7.3.1/thumb/v7e-m\libgcc.a
LOAD d:/programm/gnu tools arm embedded/7 2018-q2-update/bin/../lib/gcc/arm-none-eabi/7.3.1/../../../../arm-none-eabi/lib/thumb/v7e-m\libg.a
LOAD d:/programm/gnu tools arm embedded/7 2018-q2-update/bin/../lib/gcc/arm-none-eabi/7.3.1/../../../../arm-none-eabi/lib/thumb/v7e-m\libc.a
END GROUP
OUTPUT(E:\NeuOrga\Programmieren\c_cpp\github_os\output\VERSION_ARM\operating_system.elf elf32-littlearm)

.bss            0x20008460        0x0
 .bss           0x20008460        0x0 d:/programm/gnu tools arm embedded/7 2018-q2-update/bin/../lib/gcc/arm-none-eabi/7.3.1/thumb/v7e-m\libgcc.a(_arm_addsubdf3.o)
 .bss           0x20008460        0x0 d:/programm/gnu tools arm embedded/7 2018-q2-update/bin/../lib/gcc/arm-none-eabi/7.3.1/thumb/v7e-m\libgcc.a(_arm_cmpdf2.o)

.ARM.attributes
                0x00000000       0x31
 .ARM.attributes
                0x00000000       0x1e d:/programm/gnu tools arm embedded/7 2018-q2-update/bin/../lib/gcc/arm-none-eabi/7.3.1/thumb/v7e-m\libgcc.a(_arm_addsubdf3.o)
 .ARM.attributes
                0x0000001e       0x1e d:/programm/gnu tools arm embedded/7 2018-q2-update/bin/../lib/gcc/arm-none-eabi/7.3.1/thumb/v7e-m\libgcc.a(_arm_cmpdf2.o)

.debug_frame    0x00000000      0x170
 .debug_frame   0x00000000       0xac d:/programm/gnu tools arm embedded/7 2018-q2-update/bin/../lib/gcc/arm-none-eabi/7.3.1/thumb/v7e-m\libgcc.a(_arm_addsubdf3.o)
 .debug_frame   0x000000ac       0xc4 d:/programm/gnu tools arm embedded/7 2018-q2-update/bin/../lib/gcc/arm-none-eabi/7.3.1/thumb/v7e-m\libgcc.a(_arm_cmpdf2.o)
