Archive member included to satisfy reference by file (symbol)

d:/programm/gnu tools arm embedded/7 2018-q2-update/bin/../lib/gcc/arm-none-eabi/7.3.1/thumb/v7e-m\libgcc.a(_arm_addsubdf3.o)
                              os_task_scheduler.o (__aeabi_ui2d)
d:/programm/gnu tools arm embedded/7 2018-q2-update/bin/../lib/gcc/arm-none-eabi/7.3.1/thumb/v7e-m\libgcc.a(_arm_cmpdf2.o)
                              os_task_scheduler.o (__aeabi_dcmpgt)

Allocating common symbols
Common symbol       size              file

RAM_BLOCK_C01_C01   0x100             os_shared_ram.o
VAR_MEM_MANAG_FAULT_STATUS_REG
                    0x4               os_ram.o
REGISTER_R2         0x4               os_ram.o
RAM_CHECK_FAILURE_ADDR
                    0x4               os_ram.o
REGISTER_R0         0x4               os_ram.o
OS_STACK            0x100             os_ram.o
RAM_BLOCK_C01_C00   0x100             os_shared_ram.o
REGISTER_R6         0x4               os_ram.o
REGISTER_R7         0x4               os_ram.o
RAM_BLOCK_C00_C00   0x100             os_shared_ram.o
OS_STATE            0x4               os_ram.o
REGISTER_R9         0x4               os_ram.o
BACKUP_SYSTICK_CURRENT_VAL_REG
                    0x4               os_ram.o
RAM_BLOCK_C01_C03   0x100             os_shared_ram.o
LINK_REGISTER_HANDLER
                    0x4               os_ram.o
VAR_AUX_FAULT_STATUS_REG
                    0x4               os_ram.o
REGISTER_R8         0x4               os_ram.o
RAM_BLOCK_C03_C01   0x100             os_shared_ram.o
RAM_BLOCK_C00_C01   0x100             os_shared_ram.o
TASK_PTR            0x14              os_task_common.o
REGISTER_R5         0x4               os_ram.o
OS_MAIN_STACK       0x100             os_ram.o
RAM_BLOCK_C02_C01   0x100             os_shared_ram.o
REGISTER_R4         0x4               os_ram.o
RAM_BLOCK_C01_C02   0x100             os_shared_ram.o
VAR_HARDFAULT_STATUS_REG
                    0x4               os_ram.o
RAM_BLOCK_C03_C00   0x100             os_shared_ram.o
REGISTER_R1         0x4               os_ram.o
RAM_BLOCK_C02_C00   0x100             os_shared_ram.o
VAR_BUS_FAULT_STATUS_REG
                    0x4               os_ram.o
RAM_BLOCK_C02_C02   0x100             os_shared_ram.o
RAM_CHECK_FAILURE_DETECTED
                    0x4               os_ram.o
REGISTER_R10        0x4               os_ram.o
RAM_BLOCK_C03_C03   0x100             os_shared_ram.o
RAM_BLOCK_C03_C02   0x100             os_shared_ram.o
RAM_BLOCK_C00_C03   0x100             os_shared_ram.o
HEAP                0x2710            os_ram.o
VAR_FAULT_STATUS_REG
                    0x4               os_ram.o
REGISTER_R11        0x4               os_ram.o
REGISTER_R3         0x4               os_ram.o
VAR_MEM_FAULT_ADDR_REG
                    0x4               os_ram.o
VAR_USAGE_FAULT_STATUS_REG
                    0x4               os_ram.o
VAR_BUS_FAULT_ADDR_REG
                    0x4               os_ram.o
RAM_BLOCK_C00_C02   0x100             os_shared_ram.o
RAM_BLOCK_C02_C03   0x100             os_shared_ram.o

Discarded input sections

 .group         0x00000000        0xc os_exception_table.o
 .group         0x00000000        0xc os_exception_table.o
 .group         0x00000000        0xc os_exception_table.o
 .group         0x00000000        0xc os_exception_table.o
 .group         0x00000000        0xc os_exception_table.o
 .group         0x00000000        0xc os_exception_table.o
 .group         0x00000000        0xc os_exception_table.o
 .group         0x00000000        0xc os_exception_table.o
 .group         0x00000000        0xc os_exception_table.o
 .group         0x00000000        0xc os_const.o
 .group         0x00000000        0xc os_const.o
 .group         0x00000000        0xc os_const.o
 .group         0x00000000        0xc os_const.o
 .group         0x00000000        0xc os_const.o
 .group         0x00000000        0xc os_const.o
 .group         0x00000000        0xc os_const.o
 .group         0x00000000        0xc os_const.o
 .debug_macro   0x00000000      0xa42 os_const.o
 .debug_macro   0x00000000       0x4c os_const.o
 .debug_macro   0x00000000       0x82 os_const.o
 .debug_macro   0x00000000       0x16 os_const.o
 .debug_macro   0x00000000       0x28 os_const.o
 .debug_macro   0x00000000       0x1c os_const.o
 .debug_macro   0x00000000       0x46 os_const.o
 .debug_macro   0x00000000       0x10 os_const.o
 .group         0x00000000        0xc os_common.o
 .group         0x00000000        0xc os_common.o
 .group         0x00000000        0xc os_common.o
 .group         0x00000000        0xc os_common.o
 .group         0x00000000        0xc os_common.o
 .group         0x00000000        0xc os_common.o
 .group         0x00000000        0xc os_common.o
 .group         0x00000000        0xc os_common.o
 .debug_macro   0x00000000      0xa42 os_common.o
 .debug_macro   0x00000000       0x4c os_common.o
 .debug_macro   0x00000000       0x82 os_common.o
 .debug_macro   0x00000000       0x16 os_common.o
 .debug_macro   0x00000000       0x28 os_common.o
 .debug_macro   0x00000000       0x1c os_common.o
 .debug_macro   0x00000000       0x46 os_common.o
 .debug_macro   0x00000000       0x10 os_common.o
 .group         0x00000000        0xc os_exception.o
 .group         0x00000000        0xc os_exception.o
 .group         0x00000000        0xc os_exception.o
 .group         0x00000000        0xc os_exception.o
 .group         0x00000000        0xc os_exception.o
 .group         0x00000000        0xc os_exception.o
 .group         0x00000000        0xc os_exception.o
 .group         0x00000000        0xc os_exception.o
 .group         0x00000000        0xc os_exception.o
 .group         0x00000000        0xc os_exception.o
 .group         0x00000000        0xc os_exception.o
 .debug_macro   0x00000000       0x4c os_exception.o
 .debug_macro   0x00000000       0x82 os_exception.o
 .debug_macro   0x00000000       0x16 os_exception.o
 .debug_macro   0x00000000       0x28 os_exception.o
 .debug_macro   0x00000000       0x1c os_exception.o
 .debug_macro   0x00000000       0x46 os_exception.o
 .debug_macro   0x00000000       0x10 os_exception.o
 .debug_macro   0x00000000       0x10 os_exception.o
 .group         0x00000000        0xc os_exception_isr_handler.o
 .group         0x00000000        0xc os_exception_isr_handler.o
 .group         0x00000000        0xc os_exception_isr_handler.o
 .group         0x00000000        0xc os_exception_isr_handler.o
 .group         0x00000000        0xc os_exception_isr_handler.o
 .group         0x00000000        0xc os_exception_isr_handler.o
 .group         0x00000000        0xc os_exception_isr_handler.o
 .group         0x00000000        0xc os_exception_isr_handler.o
 .group         0x00000000        0xc os_exception_isr_handler.o
 .debug_macro   0x00000000      0xa42 os_exception_isr_handler.o
 .debug_macro   0x00000000       0x4c os_exception_isr_handler.o
 .debug_macro   0x00000000       0x82 os_exception_isr_handler.o
 .debug_macro   0x00000000       0x16 os_exception_isr_handler.o
 .debug_macro   0x00000000       0x28 os_exception_isr_handler.o
 .debug_macro   0x00000000       0x1c os_exception_isr_handler.o
 .debug_macro   0x00000000       0x46 os_exception_isr_handler.o
 .debug_macro   0x00000000       0x10 os_exception_isr_handler.o
 .debug_macro   0x00000000       0x28 os_exception_isr_handler.o
 .group         0x00000000        0xc os_init_task_system.o
 .group         0x00000000        0xc os_init_task_system.o
 .group         0x00000000        0xc os_init_task_system.o
 .group         0x00000000        0xc os_init_task_system.o
 .group         0x00000000        0xc os_init_task_system.o
 .group         0x00000000        0xc os_init_task_system.o
 .group         0x00000000        0xc os_init_task_system.o
 .group         0x00000000        0xc os_init_task_system.o
 .group         0x00000000        0xc os_init_task_system.o
 .debug_macro   0x00000000      0xa42 os_init_task_system.o
 .debug_macro   0x00000000       0x4c os_init_task_system.o
 .debug_macro   0x00000000       0x82 os_init_task_system.o
 .debug_macro   0x00000000       0x16 os_init_task_system.o
 .debug_macro   0x00000000       0x28 os_init_task_system.o
 .debug_macro   0x00000000       0x1c os_init_task_system.o
 .debug_macro   0x00000000       0x46 os_init_task_system.o
 .debug_macro   0x00000000       0x10 os_init_task_system.o
 .group         0x00000000        0xc os_main.o
 .group         0x00000000        0xc os_main.o
 .group         0x00000000        0xc os_main.o
 .group         0x00000000        0xc os_main.o
 .group         0x00000000        0xc os_main.o
 .group         0x00000000        0xc os_main.o
 .group         0x00000000        0xc os_main.o
 .group         0x00000000        0xc os_main.o
 .group         0x00000000        0xc os_main.o
 .debug_macro   0x00000000      0xa42 os_main.o
 .debug_macro   0x00000000       0x4c os_main.o
 .debug_macro   0x00000000       0x82 os_main.o
 .debug_macro   0x00000000       0x16 os_main.o
 .debug_macro   0x00000000       0x28 os_main.o
 .debug_macro   0x00000000       0x1c os_main.o
 .debug_macro   0x00000000       0x46 os_main.o
 .debug_macro   0x00000000       0x10 os_main.o
 .debug_macro   0x00000000       0x28 os_main.o
 .group         0x00000000        0xc os_memory_mmu_setup.o
 .group         0x00000000        0xc os_memory_mmu_setup.o
 .group         0x00000000        0xc os_memory_mmu_setup.o
 .group         0x00000000        0xc os_memory_mmu_setup.o
 .group         0x00000000        0xc os_memory_mmu_setup.o
 .group         0x00000000        0xc os_memory_mmu_setup.o
 .group         0x00000000        0xc os_memory_mmu_setup.o
 .group         0x00000000        0xc os_memory_mmu_setup.o
 .debug_macro   0x00000000      0xa42 os_memory_mmu_setup.o
 .debug_macro   0x00000000       0x4c os_memory_mmu_setup.o
 .debug_macro   0x00000000       0x82 os_memory_mmu_setup.o
 .debug_macro   0x00000000       0x16 os_memory_mmu_setup.o
 .debug_macro   0x00000000       0x28 os_memory_mmu_setup.o
 .debug_macro   0x00000000       0x1c os_memory_mmu_setup.o
 .debug_macro   0x00000000       0x46 os_memory_mmu_setup.o
 .debug_macro   0x00000000       0x10 os_memory_mmu_setup.o
 .group         0x00000000        0xc os_shutdown.o
 .group         0x00000000        0xc os_shutdown.o
 .group         0x00000000        0xc os_shutdown.o
 .group         0x00000000        0xc os_shutdown.o
 .group         0x00000000        0xc os_shutdown.o
 .group         0x00000000        0xc os_shutdown.o
 .group         0x00000000        0xc os_shutdown.o
 .group         0x00000000        0xc os_shutdown.o
 .debug_macro   0x00000000      0xa42 os_shutdown.o
 .debug_macro   0x00000000       0x4c os_shutdown.o
 .debug_macro   0x00000000       0x82 os_shutdown.o
 .debug_macro   0x00000000       0x16 os_shutdown.o
 .debug_macro   0x00000000       0x28 os_shutdown.o
 .debug_macro   0x00000000       0x1c os_shutdown.o
 .debug_macro   0x00000000       0x46 os_shutdown.o
 .debug_macro   0x00000000       0x10 os_shutdown.o
 .group         0x00000000        0xc os_start_ext_prg.o
 .group         0x00000000        0xc os_start_ext_prg.o
 .group         0x00000000        0xc os_start_ext_prg.o
 .group         0x00000000        0xc os_start_ext_prg.o
 .group         0x00000000        0xc os_start_ext_prg.o
 .group         0x00000000        0xc os_start_ext_prg.o
 .group         0x00000000        0xc os_start_ext_prg.o
 .group         0x00000000        0xc os_start_ext_prg.o
 .debug_macro   0x00000000      0xa42 os_start_ext_prg.o
 .debug_macro   0x00000000       0x4c os_start_ext_prg.o
 .debug_macro   0x00000000       0x82 os_start_ext_prg.o
 .debug_macro   0x00000000       0x16 os_start_ext_prg.o
 .debug_macro   0x00000000       0x28 os_start_ext_prg.o
 .debug_macro   0x00000000       0x1c os_start_ext_prg.o
 .debug_macro   0x00000000       0x46 os_start_ext_prg.o
 .debug_macro   0x00000000       0x10 os_start_ext_prg.o
 .group         0x00000000        0xc os_start_init_hw.o
 .group         0x00000000        0xc os_start_init_hw.o
 .group         0x00000000        0xc os_start_init_hw.o
 .group         0x00000000        0xc os_start_init_hw.o
 .group         0x00000000        0xc os_start_init_hw.o
 .group         0x00000000        0xc os_start_init_hw.o
 .group         0x00000000        0xc os_start_init_hw.o
 .group         0x00000000        0xc os_start_init_hw.o
 .debug_macro   0x00000000      0xa42 os_start_init_hw.o
 .debug_macro   0x00000000       0x4c os_start_init_hw.o
 .debug_macro   0x00000000       0x82 os_start_init_hw.o
 .debug_macro   0x00000000       0x16 os_start_init_hw.o
 .debug_macro   0x00000000       0x28 os_start_init_hw.o
 .debug_macro   0x00000000       0x1c os_start_init_hw.o
 .debug_macro   0x00000000       0x46 os_start_init_hw.o
 .debug_macro   0x00000000       0x10 os_start_init_hw.o
 .group         0x00000000        0xc os_start_init_mc.o
 .group         0x00000000        0xc os_start_init_mc.o
 .group         0x00000000        0xc os_start_init_mc.o
 .group         0x00000000        0xc os_start_init_mc.o
 .group         0x00000000        0xc os_start_init_mc.o
 .group         0x00000000        0xc os_start_init_mc.o
 .group         0x00000000        0xc os_start_init_mc.o
 .group         0x00000000        0xc os_start_init_mc.o
 .debug_macro   0x00000000      0xa42 os_start_init_mc.o
 .debug_macro   0x00000000       0x4c os_start_init_mc.o
 .debug_macro   0x00000000       0x82 os_start_init_mc.o
 .debug_macro   0x00000000       0x16 os_start_init_mc.o
 .debug_macro   0x00000000       0x28 os_start_init_mc.o
 .debug_macro   0x00000000       0x1c os_start_init_mc.o
 .debug_macro   0x00000000       0x46 os_start_init_mc.o
 .debug_macro   0x00000000       0x10 os_start_init_mc.o
 .group         0x00000000        0xc os_start_init_sw.o
 .group         0x00000000        0xc os_start_init_sw.o
 .group         0x00000000        0xc os_start_init_sw.o
 .group         0x00000000        0xc os_start_init_sw.o
 .group         0x00000000        0xc os_start_init_sw.o
 .group         0x00000000        0xc os_start_init_sw.o
 .group         0x00000000        0xc os_start_init_sw.o
 .group         0x00000000        0xc os_start_init_sw.o
 .debug_macro   0x00000000      0xa42 os_start_init_sw.o
 .debug_macro   0x00000000       0x4c os_start_init_sw.o
 .debug_macro   0x00000000       0x82 os_start_init_sw.o
 .debug_macro   0x00000000       0x16 os_start_init_sw.o
 .debug_macro   0x00000000       0x28 os_start_init_sw.o
 .debug_macro   0x00000000       0x1c os_start_init_sw.o
 .debug_macro   0x00000000       0x46 os_start_init_sw.o
 .debug_macro   0x00000000       0x10 os_start_init_sw.o
 .group         0x00000000        0xc os_start_os.o
 .group         0x00000000        0xc os_start_os.o
 .group         0x00000000        0xc os_start_os.o
 .group         0x00000000        0xc os_start_os.o
 .group         0x00000000        0xc os_start_os.o
 .group         0x00000000        0xc os_start_os.o
 .group         0x00000000        0xc os_start_os.o
 .group         0x00000000        0xc os_start_os.o
 .debug_macro   0x00000000      0xa42 os_start_os.o
 .debug_macro   0x00000000       0x4c os_start_os.o
 .debug_macro   0x00000000       0x82 os_start_os.o
 .debug_macro   0x00000000       0x16 os_start_os.o
 .debug_macro   0x00000000       0x28 os_start_os.o
 .debug_macro   0x00000000       0x1c os_start_os.o
 .debug_macro   0x00000000       0x46 os_start_os.o
 .debug_macro   0x00000000       0x10 os_start_os.o
 .group         0x00000000        0xc os_task_common.o
 .group         0x00000000        0xc os_task_common.o
 .group         0x00000000        0xc os_task_common.o
 .group         0x00000000        0xc os_task_common.o
 .group         0x00000000        0xc os_task_common.o
 .group         0x00000000        0xc os_task_common.o
 .group         0x00000000        0xc os_task_common.o
 .group         0x00000000        0xc os_task_common.o
 .group         0x00000000        0xc os_task_common.o
 .debug_macro   0x00000000      0xa42 os_task_common.o
 .debug_macro   0x00000000       0x4c os_task_common.o
 .debug_macro   0x00000000       0x82 os_task_common.o
 .debug_macro   0x00000000       0x16 os_task_common.o
 .debug_macro   0x00000000       0x28 os_task_common.o
 .debug_macro   0x00000000       0x1c os_task_common.o
 .debug_macro   0x00000000       0x46 os_task_common.o
 .debug_macro   0x00000000       0x10 os_task_common.o
 .debug_macro   0x00000000       0x28 os_task_common.o
 .group         0x00000000        0xc os_task_queue.o
 .group         0x00000000        0xc os_task_queue.o
 .group         0x00000000        0xc os_task_queue.o
 .group         0x00000000        0xc os_task_queue.o
 .group         0x00000000        0xc os_task_queue.o
 .group         0x00000000        0xc os_task_queue.o
 .group         0x00000000        0xc os_task_queue.o
 .group         0x00000000        0xc os_task_queue.o
 .group         0x00000000        0xc os_task_queue.o
 .group         0x00000000        0xc os_task_queue.o
 .debug_macro   0x00000000      0xa42 os_task_queue.o
 .debug_macro   0x00000000       0x4c os_task_queue.o
 .debug_macro   0x00000000       0x82 os_task_queue.o
 .debug_macro   0x00000000       0x16 os_task_queue.o
 .debug_macro   0x00000000       0x28 os_task_queue.o
 .debug_macro   0x00000000       0x1c os_task_queue.o
 .debug_macro   0x00000000       0x46 os_task_queue.o
 .debug_macro   0x00000000       0x10 os_task_queue.o
 .debug_macro   0x00000000       0x28 os_task_queue.o
 .group         0x00000000        0xc os_task_scheduler.o
 .group         0x00000000        0xc os_task_scheduler.o
 .group         0x00000000        0xc os_task_scheduler.o
 .group         0x00000000        0xc os_task_scheduler.o
 .group         0x00000000        0xc os_task_scheduler.o
 .group         0x00000000        0xc os_task_scheduler.o
 .group         0x00000000        0xc os_task_scheduler.o
 .group         0x00000000        0xc os_task_scheduler.o
 .group         0x00000000        0xc os_task_scheduler.o
 .group         0x00000000        0xc os_task_scheduler.o
 .debug_macro   0x00000000      0xa42 os_task_scheduler.o
 .debug_macro   0x00000000       0x4c os_task_scheduler.o
 .debug_macro   0x00000000       0x82 os_task_scheduler.o
 .debug_macro   0x00000000       0x16 os_task_scheduler.o
 .debug_macro   0x00000000       0x28 os_task_scheduler.o
 .debug_macro   0x00000000       0x1c os_task_scheduler.o
 .debug_macro   0x00000000       0x46 os_task_scheduler.o
 .debug_macro   0x00000000       0x10 os_task_scheduler.o
 .debug_macro   0x00000000       0x28 os_task_scheduler.o
 .debug_macro   0x00000000       0x1c os_task_scheduler.o
 .group         0x00000000        0xc os_stack.o
 .group         0x00000000        0xc os_stack.o
 .group         0x00000000        0xc os_stack.o
 .group         0x00000000        0xc os_stack.o
 .group         0x00000000        0xc os_stack.o
 .group         0x00000000        0xc os_stack.o
 .group         0x00000000        0xc os_stack.o
 .group         0x00000000        0xc os_stack.o
 .debug_macro   0x00000000      0xa42 os_stack.o
 .debug_macro   0x00000000       0x4c os_stack.o
 .debug_macro   0x00000000       0x82 os_stack.o
 .debug_macro   0x00000000       0x16 os_stack.o
 .debug_macro   0x00000000       0x28 os_stack.o
 .debug_macro   0x00000000       0x1c os_stack.o
 .debug_macro   0x00000000       0x46 os_stack.o
 .debug_macro   0x00000000       0x10 os_stack.o
 .group         0x00000000        0xc os_heap.o
 .group         0x00000000        0xc os_heap.o
 .group         0x00000000        0xc os_heap.o
 .group         0x00000000        0xc os_heap.o
 .group         0x00000000        0xc os_heap.o
 .group         0x00000000        0xc os_heap.o
 .group         0x00000000        0xc os_heap.o
 .group         0x00000000        0xc os_heap.o
 .debug_macro   0x00000000      0xa42 os_heap.o
 .debug_macro   0x00000000       0x4c os_heap.o
 .debug_macro   0x00000000       0x82 os_heap.o
 .debug_macro   0x00000000       0x16 os_heap.o
 .debug_macro   0x00000000       0x28 os_heap.o
 .debug_macro   0x00000000       0x1c os_heap.o
 .debug_macro   0x00000000       0x46 os_heap.o
 .debug_macro   0x00000000       0x10 os_heap.o
 .group         0x00000000        0xc led.o
 .group         0x00000000        0xc led.o
 .group         0x00000000        0xc led.o
 .group         0x00000000        0xc led.o
 .group         0x00000000        0xc led.o
 .group         0x00000000        0xc led.o
 .group         0x00000000        0xc led.o
 .group         0x00000000        0xc led.o
 .debug_macro   0x00000000      0xa42 led.o
 .debug_macro   0x00000000       0x4c led.o
 .debug_macro   0x00000000       0x82 led.o
 .debug_macro   0x00000000       0x16 led.o
 .debug_macro   0x00000000       0x28 led.o
 .debug_macro   0x00000000       0x1c led.o
 .debug_macro   0x00000000       0x46 led.o
 .debug_macro   0x00000000       0x10 led.o
 .group         0x00000000        0xc os_ram.o
 .group         0x00000000        0xc os_ram.o
 .group         0x00000000        0xc os_ram.o
 .group         0x00000000        0xc os_ram.o
 .group         0x00000000        0xc os_ram.o
 .group         0x00000000        0xc os_ram.o
 .group         0x00000000        0xc os_ram.o
 .group         0x00000000        0xc os_ram.o
 .debug_macro   0x00000000      0xa42 os_ram.o
 .debug_macro   0x00000000       0x4c os_ram.o
 .debug_macro   0x00000000       0x82 os_ram.o
 .debug_macro   0x00000000       0x16 os_ram.o
 .debug_macro   0x00000000       0x28 os_ram.o
 .debug_macro   0x00000000       0x1c os_ram.o
 .debug_macro   0x00000000       0x46 os_ram.o
 .debug_macro   0x00000000       0x10 os_ram.o
 .group         0x00000000        0xc os_shared_ram.o
 .group         0x00000000        0xc os_shared_ram.o
 .group         0x00000000        0xc os_shared_ram.o
 .group         0x00000000        0xc os_shared_ram.o
 .group         0x00000000        0xc os_shared_ram.o
 .group         0x00000000        0xc os_shared_ram.o
 .group         0x00000000        0xc os_shared_ram.o
 .group         0x00000000        0xc os_shared_ram.o
 .debug_macro   0x00000000      0xa42 os_shared_ram.o
 .debug_macro   0x00000000       0x4c os_shared_ram.o
 .debug_macro   0x00000000       0x82 os_shared_ram.o
 .debug_macro   0x00000000       0x16 os_shared_ram.o
 .debug_macro   0x00000000       0x28 os_shared_ram.o
 .debug_macro   0x00000000       0x1c os_shared_ram.o
 .debug_macro   0x00000000       0x46 os_shared_ram.o
 .debug_macro   0x00000000       0x10 os_shared_ram.o

Memory Configuration

Name             Origin             Length             Attributes
rom              0x08000000         0x00100000
ram              0x20000000         0x00030000
*default*        0x00000000         0xffffffff

Linker script and memory map


.text           0x08000000    0x164b4
                0x08000000                _ivec_start = .
 os_exception_table.o()
 .text          0x08000000        0x0 os_exception_table.o
 .data          0x08000000      0x400 os_exception_table.o
                0x08000000                isr_vec_table
 .bss           0x08000400        0x0 os_exception_table.o
 .debug_info    0x08000400      0x459 os_exception_table.o
 .debug_abbrev  0x08000859       0xff os_exception_table.o
 .debug_aranges
                0x08000958       0x18 os_exception_table.o
 .debug_macro   0x08000970       0xa3 os_exception_table.o
 .debug_macro   0x08000a13      0xa42 os_exception_table.o
 .debug_macro   0x08001455       0x4c os_exception_table.o
 .debug_macro   0x080014a1       0x82 os_exception_table.o
 .debug_macro   0x08001523       0x16 os_exception_table.o
 .debug_macro   0x08001539       0x28 os_exception_table.o
 .debug_macro   0x08001561       0x1c os_exception_table.o
 .debug_macro   0x0800157d       0x46 os_exception_table.o
 .debug_macro   0x080015c3       0x10 os_exception_table.o
 .debug_macro   0x080015d3       0x10 os_exception_table.o
 .debug_line    0x080015e3      0x1ec os_exception_table.o
 .debug_str     0x080017cf     0x3658 os_exception_table.o
                               0x36e8 (size before relaxing)
 .comment       0x08004e27       0x7f os_exception_table.o
                                 0x80 (size before relaxing)
 .ARM.attributes
                0x08004ea6       0x33 os_exception_table.o
 .iplt          0x08004ed9        0x0 os_exception_table.o
 .rel.iplt      0x08004ed9        0x0 os_exception_table.o
 .igot.plt      0x08004ed9        0x0 os_exception_table.o
                0x08004ed9                _ivec_end = .
                [!provide]                PROVIDE (ivec_start = .)
                [!provide]                PROVIDE (ivec_end = .)
                0x08004ed9                _const_start = .
 os_const.o()
 *fill*         0x08004ed9        0x1 
 .text          0x08004eda        0x0 os_const.o
 .data          0x08004eda        0x0 os_const.o
 .bss           0x08004eda        0x0 os_const.o
 .debug_info    0x08004eda      0x426 os_const.o
 .debug_abbrev  0x08005300       0xe7 os_const.o
 .debug_aranges
                0x080053e7       0x18 os_const.o
 .debug_macro   0x080053ff       0x9a os_const.o
 .debug_line    0x08005499      0x1c4 os_const.o
 .debug_str     0x0800565d       0x46 os_const.o
                               0x369e (size before relaxing)
 .comment       0x080056a3       0x80 os_const.o
 .ARM.attributes
                0x080056a3       0x33 os_const.o
                0x08005723                _const_end = .
                [!provide]                PROVIDE (const_start = .)
                [!provide]                PROVIDE (const_end = .)
                0x08005723                _code_start = .
 lld_global.o()
 *fill*         0x080056d6        0x2 
 .text          0x080056d8      0x14c E:\NeuOrga\Programmieren\c_cpp\github_os\output\os_drivers\obj_arm\lld_global.o
                0x080056d8                GET_CORE_ID
                0x080056de                LLF_SAVE_TASK_STACK
                0x080056e4                LLF_SAVE_REGISTERS
                0x0800571e                LLF_RESTORE_TASK_STACK
                0x08005724                LLF_RESTORE_REGISTERS
                0x08005746                LLF_RESTORE_SYSTEM_STACK
                0x0800574c                LLF_SAVE_SYSTEM_STACK
                0x08005752                LLF_CLEAR_ALL_GP_REGISTERS
                0x08005784                LLF_PERFORM_RAM_CHECK
                0x080057d0                LLF_CHANGE_TO_UNPRIVILIGED_THREAD_MODE
 .data          0x08005824        0x0 E:\NeuOrga\Programmieren\c_cpp\github_os\output\os_drivers\obj_arm\lld_global.o
 .bss           0x08005824        0x0 E:\NeuOrga\Programmieren\c_cpp\github_os\output\os_drivers\obj_arm\lld_global.o
 .debug_line    0x08005824       0xf6 E:\NeuOrga\Programmieren\c_cpp\github_os\output\os_drivers\obj_arm\lld_global.o
 .debug_info    0x0800591a       0x26 E:\NeuOrga\Programmieren\c_cpp\github_os\output\os_drivers\obj_arm\lld_global.o
 .debug_abbrev  0x08005940       0x14 E:\NeuOrga\Programmieren\c_cpp\github_os\output\os_drivers\obj_arm\lld_global.o
 *fill*         0x08005954        0x4 
 .debug_aranges
                0x08005958       0x20 E:\NeuOrga\Programmieren\c_cpp\github_os\output\os_drivers\obj_arm\lld_global.o
 .debug_str     0x08005978       0x59 E:\NeuOrga\Programmieren\c_cpp\github_os\output\os_drivers\obj_arm\lld_global.o
                                 0x91 (size before relaxing)
 .ARM.attributes
                0x080059d1       0x21 E:\NeuOrga\Programmieren\c_cpp\github_os\output\os_drivers\obj_arm\lld_global.o
 lld_interrupt.o()
 .text          0x080059f2       0x14 E:\NeuOrga\Programmieren\c_cpp\github_os\output\os_drivers\obj_arm\lld_interrupt.o
                0x080059f2                LLF_INT_DISABLE
                0x080059f8                LLF_INT_ENABLE
                0x080059fe                LLF_DISABLE_INTERRUPTS_ALL_CORES
                0x08005a04                LLF_WAIT_FOR_INTERRUPT
 .data          0x08005a06        0x0 E:\NeuOrga\Programmieren\c_cpp\github_os\output\os_drivers\obj_arm\lld_interrupt.o
 .bss           0x08005a06        0x0 E:\NeuOrga\Programmieren\c_cpp\github_os\output\os_drivers\obj_arm\lld_interrupt.o
 .debug_line    0x08005a06       0x85 E:\NeuOrga\Programmieren\c_cpp\github_os\output\os_drivers\obj_arm\lld_interrupt.o
 .debug_info    0x08005a8b       0x26 E:\NeuOrga\Programmieren\c_cpp\github_os\output\os_drivers\obj_arm\lld_interrupt.o
 .debug_abbrev  0x08005ab1       0x14 E:\NeuOrga\Programmieren\c_cpp\github_os\output\os_drivers\obj_arm\lld_interrupt.o
 *fill*         0x08005ac5        0x3 
 .debug_aranges
                0x08005ac8       0x20 E:\NeuOrga\Programmieren\c_cpp\github_os\output\os_drivers\obj_arm\lld_interrupt.o
 .debug_str     0x08005ae8       0x4e E:\NeuOrga\Programmieren\c_cpp\github_os\output\os_drivers\obj_arm\lld_interrupt.o
                                 0x94 (size before relaxing)
 .ARM.attributes
                0x08005b36       0x21 E:\NeuOrga\Programmieren\c_cpp\github_os\output\os_drivers\obj_arm\lld_interrupt.o
 lld_mmu.o()
 *fill*         0x08005b57        0x1 
 .text          0x08005b58        0xc E:\NeuOrga\Programmieren\c_cpp\github_os\output\os_drivers\obj_arm\lld_mmu.o
                0x08005b58                LLF_MPU_DISABLE
                0x08005b5c                LLF_MPU_SWITCH_OFF_ALL_REGIONS
                0x08005b5e                LLF_GET_MPU_PRESENT
 .data          0x08005b64        0x0 E:\NeuOrga\Programmieren\c_cpp\github_os\output\os_drivers\obj_arm\lld_mmu.o
 .bss           0x08005b64        0x0 E:\NeuOrga\Programmieren\c_cpp\github_os\output\os_drivers\obj_arm\lld_mmu.o
 .debug_line    0x08005b64       0x7d E:\NeuOrga\Programmieren\c_cpp\github_os\output\os_drivers\obj_arm\lld_mmu.o
 .debug_info    0x08005be1       0x26 E:\NeuOrga\Programmieren\c_cpp\github_os\output\os_drivers\obj_arm\lld_mmu.o
 .debug_abbrev  0x08005c07       0x14 E:\NeuOrga\Programmieren\c_cpp\github_os\output\os_drivers\obj_arm\lld_mmu.o
 *fill*         0x08005c1b        0x5 
 .debug_aranges
                0x08005c20       0x20 E:\NeuOrga\Programmieren\c_cpp\github_os\output\os_drivers\obj_arm\lld_mmu.o
 .debug_str     0x08005c40       0x48 E:\NeuOrga\Programmieren\c_cpp\github_os\output\os_drivers\obj_arm\lld_mmu.o
                                 0x8e (size before relaxing)
 .ARM.attributes
                0x08005c88       0x21 E:\NeuOrga\Programmieren\c_cpp\github_os\output\os_drivers\obj_arm\lld_mmu.o
 lld_ram.o()
 *fill*         0x08005ca9        0x1 
 .text          0x08005caa       0x80 E:\NeuOrga\Programmieren\c_cpp\github_os\output\os_drivers\obj_arm\lld_ram.o
                0x08005caa                LLF_CLEAR_ALL_RAM
 .data          0x08005d2a        0x0 E:\NeuOrga\Programmieren\c_cpp\github_os\output\os_drivers\obj_arm\lld_ram.o
 .bss           0x08005d2a        0x0 E:\NeuOrga\Programmieren\c_cpp\github_os\output\os_drivers\obj_arm\lld_ram.o
 .debug_line    0x08005d2a       0x9f E:\NeuOrga\Programmieren\c_cpp\github_os\output\os_drivers\obj_arm\lld_ram.o
 .debug_info    0x08005dc9       0x26 E:\NeuOrga\Programmieren\c_cpp\github_os\output\os_drivers\obj_arm\lld_ram.o
 .debug_abbrev  0x08005def       0x14 E:\NeuOrga\Programmieren\c_cpp\github_os\output\os_drivers\obj_arm\lld_ram.o
 *fill*         0x08005e03        0x5 
 .debug_aranges
                0x08005e08       0x20 E:\NeuOrga\Programmieren\c_cpp\github_os\output\os_drivers\obj_arm\lld_ram.o
 .debug_str     0x08005e28       0x48 E:\NeuOrga\Programmieren\c_cpp\github_os\output\os_drivers\obj_arm\lld_ram.o
                                 0x8e (size before relaxing)
 .ARM.attributes
                0x08005e70       0x21 E:\NeuOrga\Programmieren\c_cpp\github_os\output\os_drivers\obj_arm\lld_ram.o
 lld_timer.o()
 *fill*         0x08005e91        0x1 
 .text          0x08005e92        0xa E:\NeuOrga\Programmieren\c_cpp\github_os\output\os_drivers\obj_arm\lld_timer.o
                0x08005e92                LLF_UP_CNT_TIMER_32
                0x08005e98                LLF_ADD_2_TCMP
                0x08005e9a                LLF_TCMP1_CONFIG
 .data          0x08005e9c        0x0 E:\NeuOrga\Programmieren\c_cpp\github_os\output\os_drivers\obj_arm\lld_timer.o
 .bss           0x08005e9c        0x0 E:\NeuOrga\Programmieren\c_cpp\github_os\output\os_drivers\obj_arm\lld_timer.o
 .debug_line    0x08005e9c       0x7c E:\NeuOrga\Programmieren\c_cpp\github_os\output\os_drivers\obj_arm\lld_timer.o
 .debug_info    0x08005f18       0x26 E:\NeuOrga\Programmieren\c_cpp\github_os\output\os_drivers\obj_arm\lld_timer.o
 .debug_abbrev  0x08005f3e       0x14 E:\NeuOrga\Programmieren\c_cpp\github_os\output\os_drivers\obj_arm\lld_timer.o
 *fill*         0x08005f52        0x6 
 .debug_aranges
                0x08005f58       0x20 E:\NeuOrga\Programmieren\c_cpp\github_os\output\os_drivers\obj_arm\lld_timer.o
 .debug_str     0x08005f78       0x4a E:\NeuOrga\Programmieren\c_cpp\github_os\output\os_drivers\obj_arm\lld_timer.o
                                 0x90 (size before relaxing)
 .ARM.attributes
                0x08005fc2       0x21 E:\NeuOrga\Programmieren\c_cpp\github_os\output\os_drivers\obj_arm\lld_timer.o
 lld_power.o()
 *fill*         0x08005fe3        0x1 
 .text          0x08005fe4       0x20 E:\NeuOrga\Programmieren\c_cpp\github_os\output\os_drivers\obj_arm\lld_power.o
                0x08005fe4                LLF_MCU_SWITCH_OFF_POWER
                0x08005fea                LLF_MCU_RESET_POWER
 .data          0x08006004        0x0 E:\NeuOrga\Programmieren\c_cpp\github_os\output\os_drivers\obj_arm\lld_power.o
 .bss           0x08006004        0x0 E:\NeuOrga\Programmieren\c_cpp\github_os\output\os_drivers\obj_arm\lld_power.o
 .debug_line    0x08006004       0x87 E:\NeuOrga\Programmieren\c_cpp\github_os\output\os_drivers\obj_arm\lld_power.o
 .debug_info    0x0800608b       0x26 E:\NeuOrga\Programmieren\c_cpp\github_os\output\os_drivers\obj_arm\lld_power.o
 .debug_abbrev  0x080060b1       0x14 E:\NeuOrga\Programmieren\c_cpp\github_os\output\os_drivers\obj_arm\lld_power.o
 *fill*         0x080060c5        0x3 
 .debug_aranges
                0x080060c8       0x20 E:\NeuOrga\Programmieren\c_cpp\github_os\output\os_drivers\obj_arm\lld_power.o
 .debug_str     0x080060e8       0x4a E:\NeuOrga\Programmieren\c_cpp\github_os\output\os_drivers\obj_arm\lld_power.o
                                 0x90 (size before relaxing)
 .ARM.attributes
                0x08006132       0x21 E:\NeuOrga\Programmieren\c_cpp\github_os\output\os_drivers\obj_arm\lld_power.o
 os_exception_reset.o()
 *fill*         0x08006153        0x1 
 .text          0x08006154       0x24 E:\NeuOrga\Programmieren\c_cpp\github_os\output\os_drivers\obj_arm\os_exception_reset.o
                0x08006154                OS_Exception_RESET
                0x08006174                START_OS
 .data          0x08006178        0x0 E:\NeuOrga\Programmieren\c_cpp\github_os\output\os_drivers\obj_arm\os_exception_reset.o
 .bss           0x08006178        0x0 E:\NeuOrga\Programmieren\c_cpp\github_os\output\os_drivers\obj_arm\os_exception_reset.o
 .debug_line    0x08006178       0x8b E:\NeuOrga\Programmieren\c_cpp\github_os\output\os_drivers\obj_arm\os_exception_reset.o
 .debug_info    0x08006203       0x26 E:\NeuOrga\Programmieren\c_cpp\github_os\output\os_drivers\obj_arm\os_exception_reset.o
 .debug_abbrev  0x08006229       0x14 E:\NeuOrga\Programmieren\c_cpp\github_os\output\os_drivers\obj_arm\os_exception_reset.o
 *fill*         0x0800623d        0x3 
 .debug_aranges
                0x08006240       0x20 E:\NeuOrga\Programmieren\c_cpp\github_os\output\os_drivers\obj_arm\os_exception_reset.o
 .debug_str     0x08006260       0x50 E:\NeuOrga\Programmieren\c_cpp\github_os\output\os_drivers\obj_arm\os_exception_reset.o
                                 0x96 (size before relaxing)
 .ARM.attributes
                0x080062b0       0x21 E:\NeuOrga\Programmieren\c_cpp\github_os\output\os_drivers\obj_arm\os_exception_reset.o
 os_common.o()
 *fill*         0x080062d1        0x3 
 .text          0x080062d4       0x38 os_common.o
                0x080062d4                OS_SET_SW_BUG
                0x080062fc                Get_current_time
 .data          0x0800630c        0x0 os_common.o
 .bss           0x0800630c        0xf os_common.o
 .debug_info    0x0800631b      0x54a os_common.o
 .debug_abbrev  0x08006865      0x13b os_common.o
 .debug_aranges
                0x080069a0       0x20 os_common.o
 .debug_macro   0x080069c0       0x9e os_common.o
 .debug_line    0x08006a5e      0x1eb os_common.o
 .debug_str     0x08006c49      0x2a8 os_common.o
                               0x3900 (size before relaxing)
 .comment       0x08006ef1       0x80 os_common.o
 *fill*         0x08006ef1        0x3 
 .debug_frame   0x08006ef4       0x5c os_common.o
 .ARM.attributes
                0x08006f50       0x33 os_common.o
 os_exception.o()
 *fill*         0x08006f83        0x1 
 .text          0x08006f84      0x220 os_exception.o
                0x0800700c                OS_Exception_HARDFAULT
                0x08007024                OS_Exception_NMI
                0x0800703c                OS_Exception_SWI
                0x08007054                OS_Exception_BUS_FAULT
                0x0800706c                OS_Exception_DEBUG
                0x08007076                OS_Exception_MEM_MANAG_FAULT
                0x0800708c                OS_Exception_USAGE_FAULT
                0x080070a4                OS_Exception_PendSV
                0x080070aa                OS_Exception_Systick
                0x0800715c                OS_Exception_IRQ
                0x08007168                OS_Exception_FIQ
                0x08007174                TCMP1
                0x08007180                TCMP2
                0x0800718c                TCMP3
                0x08007198                TCMP4
 .data          0x080071a4        0x0 os_exception.o
 .bss           0x080071a4        0x0 os_exception.o
 .debug_info    0x080071a4      0x58b os_exception.o
 .debug_abbrev  0x0800772f      0x15a os_exception.o
 .debug_aranges
                0x08007889       0x20 os_exception.o
 .debug_macro   0x080078a9      0x12b os_exception.o
 .debug_macro   0x080079d4      0xa3c os_exception.o
 .debug_macro   0x08008410       0x16 os_exception.o
 .debug_macro   0x08008426       0x28 os_exception.o
 .debug_line    0x0800844e      0x2b2 os_exception.o
 .debug_str     0x08008700      0x5ca os_exception.o
                               0x3bca (size before relaxing)
 .comment       0x08008cca       0x80 os_exception.o
 *fill*         0x08008cca        0x2 
 .debug_frame   0x08008ccc      0x1fc os_exception.o
 .ARM.attributes
                0x08008ec8       0x33 os_exception.o
 os_exception_isr_handler.o()
 *fill*         0x08008efb        0x1 
 .text          0x08008efc        0xc os_exception_isr_handler.o
                0x08008efc                OS_ISRHANDLERC0
 .data          0x08008f08        0x0 os_exception_isr_handler.o
 .bss           0x08008f08        0x0 os_exception_isr_handler.o
 .debug_info    0x08008f08      0x43f os_exception_isr_handler.o
 .debug_abbrev  0x08009347      0x103 os_exception_isr_handler.o
 .debug_aranges
                0x0800944a       0x20 os_exception_isr_handler.o
 .debug_macro   0x0800946a       0xa7 os_exception_isr_handler.o
 .debug_line    0x08009511      0x20e os_exception_isr_handler.o
 .debug_str     0x0800971f       0x66 os_exception_isr_handler.o
                               0x372e (size before relaxing)
 .comment       0x08009785       0x80 os_exception_isr_handler.o
 *fill*         0x08009785        0x3 
 .debug_frame   0x08009788       0x2c os_exception_isr_handler.o
 .ARM.attributes
                0x080097b4       0x33 os_exception_isr_handler.o
 os_exception_table.o()
 os_init_task_system.o()
 *fill*         0x080097e7        0x1 
 .text          0x080097e8        0xc os_init_task_system.o
                0x080097e8                OS_INIT_TASK_SYSTEM
 .data          0x080097f4        0x0 os_init_task_system.o
 .bss           0x080097f4        0x0 os_init_task_system.o
 .debug_info    0x080097f4      0x43f os_init_task_system.o
 .debug_abbrev  0x08009c33      0x103 os_init_task_system.o
 .debug_aranges
                0x08009d36       0x20 os_init_task_system.o
 .debug_macro   0x08009d56       0xad os_init_task_system.o
 .debug_macro   0x08009e03       0x22 os_init_task_system.o
 .debug_line    0x08009e25      0x209 os_init_task_system.o
 .debug_str     0x0800a02e       0x65 os_init_task_system.o
                               0x372d (size before relaxing)
 .comment       0x0800a093       0x80 os_init_task_system.o
 *fill*         0x0800a093        0x1 
 .debug_frame   0x0800a094       0x2c os_init_task_system.o
 .ARM.attributes
                0x0800a0c0       0x33 os_init_task_system.o
 os_main.o()
 *fill*         0x0800a0f3        0x1 
 .text          0x0800a0f4       0x7c os_main.o
                0x0800a0f4                OS_STATE_HANDLER
 .data          0x0800a170        0x0 os_main.o
 .bss           0x0800a170        0x1 os_main.o
 .debug_info    0x0800a171      0x4a4 os_main.o
 .debug_abbrev  0x0800a615      0x112 os_main.o
 .debug_aranges
                0x0800a727       0x20 os_main.o
 .debug_macro   0x0800a747       0xcf os_main.o
 .debug_line    0x0800a816      0x272 os_main.o
 .debug_str     0x0800aa88       0xff os_main.o
                               0x381c (size before relaxing)
 .comment       0x0800ab87       0x80 os_main.o
 *fill*         0x0800ab87        0x1 
 .debug_frame   0x0800ab88       0x2c os_main.o
 .ARM.attributes
                0x0800abb4       0x33 os_main.o
 os_memory_mmu_setup.o()
 *fill*         0x0800abe7        0x1 
 .text          0x0800abe8        0xc os_memory_mmu_setup.o
                0x0800abe8                OS_MMU_SETUP
 .data          0x0800abf4        0x0 os_memory_mmu_setup.o
 .bss           0x0800abf4        0x0 os_memory_mmu_setup.o
 .debug_info    0x0800abf4      0x43f os_memory_mmu_setup.o
 .debug_abbrev  0x0800b033      0x103 os_memory_mmu_setup.o
 .debug_aranges
                0x0800b136       0x20 os_memory_mmu_setup.o
 .debug_macro   0x0800b156       0xd6 os_memory_mmu_setup.o
 .debug_line    0x0800b22c      0x1df os_memory_mmu_setup.o
 .debug_str     0x0800b40b      0x1cc os_memory_mmu_setup.o
                               0x3824 (size before relaxing)
 .comment       0x0800b5d7       0x80 os_memory_mmu_setup.o
 *fill*         0x0800b5d7        0x1 
 .debug_frame   0x0800b5d8       0x34 os_memory_mmu_setup.o
 .ARM.attributes
                0x0800b60c       0x33 os_memory_mmu_setup.o
 os_shutdown.o()
 *fill*         0x0800b63f        0x1 
 .text          0x0800b640       0x2a os_shutdown.o
                0x0800b640                OS_SHUTDOWN
 .data          0x0800b66a        0x0 os_shutdown.o
 .bss           0x0800b66a        0x0 os_shutdown.o
 .debug_info    0x0800b66a      0x47d os_shutdown.o
 .debug_abbrev  0x0800bae7      0x112 os_shutdown.o
 .debug_aranges
                0x0800bbf9       0x20 os_shutdown.o
 .debug_macro   0x0800bc19       0xa4 os_shutdown.o
 .debug_line    0x0800bcbd      0x1f2 os_shutdown.o
 .debug_str     0x0800beaf       0x6f os_shutdown.o
                               0x371c (size before relaxing)
 .comment       0x0800bf1e       0x80 os_shutdown.o
 *fill*         0x0800bf1e        0x2 
 .debug_frame   0x0800bf20       0x30 os_shutdown.o
 .ARM.attributes
                0x0800bf50       0x33 os_shutdown.o
 os_start_ext_prg.o()
 *fill*         0x0800bf83        0x1 
 .text          0x0800bf84       0x4a os_start_ext_prg.o
                0x0800bf9c                OS_StartExtPrg
 .data          0x0800bfce        0x0 os_start_ext_prg.o
 .bss           0x0800bfce        0x0 os_start_ext_prg.o
 .debug_info    0x0800bfce      0x4c0 os_start_ext_prg.o
 .debug_abbrev  0x0800c48e      0x133 os_start_ext_prg.o
 .debug_aranges
                0x0800c5c1       0x20 os_start_ext_prg.o
 .debug_macro   0x0800c5e1       0x9a os_start_ext_prg.o
 .debug_line    0x0800c67b      0x1ea os_start_ext_prg.o
 .debug_str     0x0800c865       0x90 os_start_ext_prg.o
                               0x36f3 (size before relaxing)
 .comment       0x0800c8f5       0x80 os_start_ext_prg.o
 *fill*         0x0800c8f5        0x3 
 .debug_frame   0x0800c8f8       0x60 os_start_ext_prg.o
 .ARM.attributes
                0x0800c958       0x33 os_start_ext_prg.o
 os_start_init_hw.o()
 *fill*         0x0800c98b        0x1 
 .text          0x0800c98c        0xc os_start_init_hw.o
                0x0800c98c                OS_INIT_HW
 .data          0x0800c998        0x0 os_start_init_hw.o
 .bss           0x0800c998        0x0 os_start_init_hw.o
 .debug_info    0x0800c998      0x43f os_start_init_hw.o
 .debug_abbrev  0x0800cdd7      0x103 os_start_init_hw.o
 .debug_aranges
                0x0800ceda       0x20 os_start_init_hw.o
 .debug_macro   0x0800cefa       0x9a os_start_init_hw.o
 .debug_line    0x0800cf94      0x1da os_start_init_hw.o
 .debug_str     0x0800d16e       0x59 os_start_init_hw.o
                               0x36b1 (size before relaxing)
 .comment       0x0800d1c7       0x80 os_start_init_hw.o
 *fill*         0x0800d1c7        0x1 
 .debug_frame   0x0800d1c8       0x34 os_start_init_hw.o
 .ARM.attributes
                0x0800d1fc       0x33 os_start_init_hw.o
 os_start_init_mc.o()
 *fill*         0x0800d22f        0x1 
 .text          0x0800d230        0xc os_start_init_mc.o
                0x0800d230                OS_INIT_MC
 .data          0x0800d23c        0x0 os_start_init_mc.o
 .bss           0x0800d23c        0x0 os_start_init_mc.o
 .debug_info    0x0800d23c      0x43f os_start_init_mc.o
 .debug_abbrev  0x0800d67b      0x103 os_start_init_mc.o
 .debug_aranges
                0x0800d77e       0x20 os_start_init_mc.o
 .debug_macro   0x0800d79e       0xa4 os_start_init_mc.o
 .debug_line    0x0800d842      0x1f0 os_start_init_mc.o
 .debug_str     0x0800da32       0x59 os_start_init_mc.o
                               0x36c7 (size before relaxing)
 .comment       0x0800da8b       0x80 os_start_init_mc.o
 *fill*         0x0800da8b        0x1 
 .debug_frame   0x0800da8c       0x34 os_start_init_mc.o
 .ARM.attributes
                0x0800dac0       0x33 os_start_init_mc.o
 os_start_init_sw.o()
 *fill*         0x0800daf3        0x1 
 .text          0x0800daf4        0xc os_start_init_sw.o
                0x0800daf4                OS_INIT_SW
 .data          0x0800db00        0x0 os_start_init_sw.o
 .bss           0x0800db00        0x0 os_start_init_sw.o
 .debug_info    0x0800db00      0x43f os_start_init_sw.o
 .debug_abbrev  0x0800df3f      0x103 os_start_init_sw.o
 .debug_aranges
                0x0800e042       0x20 os_start_init_sw.o
 .debug_macro   0x0800e062       0x9a os_start_init_sw.o
 .debug_line    0x0800e0fc      0x1db os_start_init_sw.o
 .debug_str     0x0800e2d7       0x59 os_start_init_sw.o
                               0x36b1 (size before relaxing)
 .comment       0x0800e330       0x80 os_start_init_sw.o
 .debug_frame   0x0800e330       0x2c os_start_init_sw.o
 .ARM.attributes
                0x0800e35c       0x33 os_start_init_sw.o
 os_start_os.o()
 *fill*         0x0800e38f        0x1 
 .text          0x0800e390       0x8c os_start_os.o
                0x0800e390                OS_START_OS
 .data          0x0800e41c        0x0 os_start_os.o
 .bss           0x0800e41c        0x0 os_start_os.o
 .debug_info    0x0800e41c      0x43f os_start_os.o
 .debug_abbrev  0x0800e85b      0x103 os_start_os.o
 .debug_aranges
                0x0800e95e       0x20 os_start_os.o
 .debug_macro   0x0800e97e       0xbc os_start_os.o
 .debug_line    0x0800ea3a      0x1f1 os_start_os.o
 .debug_str     0x0800ec2b      0x234 os_start_os.o
                               0x388c (size before relaxing)
 .comment       0x0800ee5f       0x80 os_start_os.o
 *fill*         0x0800ee5f        0x1 
 .debug_frame   0x0800ee60       0x2c os_start_os.o
 .ARM.attributes
                0x0800ee8c       0x33 os_start_os.o
 os_task_common.o()
 *fill*         0x0800eebf        0x1 
 .text          0x0800eec0      0x1dc os_task_common.o
                0x0800eec0                OS_TASK_SAVETASK_ENVIRONMENT
                0x0800eefe                OS_TASK_RESTORETASK_ENVIRONMENT
                0x0800ef2e                OS_TASK_RESTORE_SYSTEM_STACK
                0x0800ef44                OS_TASK_SAVE_SYSTEM_STACK
                0x0800ef5a                OS_Task_InitTaskEnvironment
                0x0800f040                OS_Task_DeleteTaskEnvironment
                0x0800f072                OS_Task_CreateTaskEnvironment
 .data          0x0800f09c        0x0 os_task_common.o
 .bss           0x0800f09c        0x0 os_task_common.o
 .debug_info    0x0800f09c      0x5ea os_task_common.o
 .debug_abbrev  0x0800f686      0x164 os_task_common.o
 .debug_aranges
                0x0800f7ea       0x20 os_task_common.o
 .debug_macro   0x0800f80a       0xab os_task_common.o
 .debug_line    0x0800f8b5      0x25a os_task_common.o
 .debug_str     0x0800fb0f      0x129 os_task_common.o
                               0x3a00 (size before relaxing)
 .comment       0x0800fc38       0x80 os_task_common.o
 .debug_frame   0x0800fc38      0x128 os_task_common.o
 .ARM.attributes
                0x0800fd60       0x33 os_task_common.o
 *fill*         0x0800fd93        0x1 
 COMMON         0x0800fd94       0x14 os_task_common.o
                0x0800fd94                TASK_PTR
 os_task_queue.o()
 .text          0x0800fda8      0xa84 os_task_queue.o
                0x0800fda8                SET_RUNNING_TASK
                0x0800ff2c                OS_INIT_TASK_QUEUE
                0x0800ff84                AddToTaskQueue
                0x0801035c                DeleteFromTaskQueue
                0x08010464                GetFromTaskQueue
                0x08010478                GetFromLinkList
                0x08010498                DeleteFromLinkList
                0x080104bc                AddToLinkList
                0x08010518                UpdateLinkList
                0x08010598                GetIdleTask
                0x080105ac                AddToIdleTaskQueue
                0x0801072c                GetRunningTask
                0x08010740                OS_INIT_TASK
 .data          0x0801082c        0x0 os_task_queue.o
 .bss           0x0801082c      0x3cd os_task_queue.o
 .debug_info    0x08010bf9      0x82c os_task_queue.o
 .debug_abbrev  0x08011425      0x1f5 os_task_queue.o
 .debug_aranges
                0x0801161a       0x20 os_task_queue.o
 .debug_macro   0x0801163a       0xb0 os_task_queue.o
 .debug_macro   0x080116ea       0x1c os_task_queue.o
 .debug_line    0x08011706      0x32b os_task_queue.o
 .debug_str     0x08011a31      0x204 os_task_queue.o
                               0x3b85 (size before relaxing)
 .comment       0x08011c35       0x80 os_task_queue.o
 *fill*         0x08011c35        0x3 
 .debug_frame   0x08011c38      0x214 os_task_queue.o
 .ARM.attributes
                0x08011e4c       0x33 os_task_queue.o
 os_task_scheduler.o()
 *fill*         0x08011e7f        0x1 
 .text          0x08011e80      0x698 os_task_scheduler.o
                0x08011e80                OS_ACTIVATE_DISPATCHER
                0x08011ebc                OS_SLEEPTASK
                0x08011edc                task_state_request
                0x08011fc0                OS_ActivateTask
                0x08012128                OS_TERMINATE_TASK
                0x080121bc                OS_TASK_DISPATCHER
                0x08012240                OS_INIT_TASKS
                0x0801250c                ISR_TASK_DISPATCH_C0
 .data          0x08012518        0x0 os_task_scheduler.o
 .bss           0x08012518      0x63d os_task_scheduler.o
 .debug_info    0x08012b55      0x872 os_task_scheduler.o
 .debug_abbrev  0x080133c7      0x209 os_task_scheduler.o
 .debug_aranges
                0x080135d0       0x20 os_task_scheduler.o
 .debug_macro   0x080135f0       0xdc os_task_scheduler.o
 .debug_line    0x080136cc      0x360 os_task_scheduler.o
 .debug_str     0x08013a2c      0x21c os_task_scheduler.o
                               0x3cba (size before relaxing)
 .comment       0x08013c48       0x80 os_task_scheduler.o
 .debug_frame   0x08013c48      0x234 os_task_scheduler.o
 .ARM.attributes
                0x08013e7c       0x33 os_task_scheduler.o
 os_stack.o()
 *fill*         0x08013eaf        0x1 
 .text          0x08013eb0        0x0 os_stack.o
 .data          0x08013eb0        0x0 os_stack.o
 .bss           0x08013eb0        0x0 os_stack.o
 .debug_info    0x08013eb0      0x426 os_stack.o
 .debug_abbrev  0x080142d6       0xe7 os_stack.o
 .debug_aranges
                0x080143bd       0x18 os_stack.o
 .debug_macro   0x080143d5       0x9a os_stack.o
 .debug_line    0x0801446f      0x1c4 os_stack.o
 .debug_str     0x08014633       0x46 os_stack.o
                               0x369e (size before relaxing)
 .comment       0x08014679       0x80 os_stack.o
 .ARM.attributes
                0x08014679       0x33 os_stack.o
 os_heap.o()
 .text          0x080146ac      0x22c os_heap.o
                0x080146ac                os_calloc
                0x080146f4                os_realloc
                0x08014766                os_malloc
                0x080147d0                os_free
 .data          0x080148d8        0x0 os_heap.o
 .bss           0x080148d8        0x0 os_heap.o
 .debug_info    0x080148d8      0x5fb os_heap.o
 .debug_abbrev  0x08014ed3      0x1b2 os_heap.o
 .debug_aranges
                0x08015085       0x20 os_heap.o
 .debug_macro   0x080150a5       0x9e os_heap.o
 .debug_line    0x08015143      0x252 os_heap.o
 .debug_str     0x08015395       0xe4 os_heap.o
                               0x374a (size before relaxing)
 .comment       0x08015479       0x80 os_heap.o
 *fill*         0x08015479        0x3 
 .debug_frame   0x0801547c      0x100 os_heap.o
 .ARM.attributes
                0x0801557c       0x33 os_heap.o
 led.o()
 *fill*         0x080155af        0x1 
 .text          0x080155b0       0x50 led.o
                0x080155b0                USER_LED_INIT
                0x080155c4                USER_LED_ON
                0x080155d8                USER_LED_OFF
                0x080155ec                USER_LED_TOGGLE
 .data          0x08015600        0x0 led.o
 .bss           0x08015600        0x0 led.o
 .debug_info    0x08015600      0x4eb led.o
 .debug_abbrev  0x08015aeb      0x13d led.o
 .debug_aranges
                0x08015c28       0x20 led.o
 .debug_macro   0x08015c48       0x9e led.o
 .debug_line    0x08015ce6      0x1cb led.o
 .debug_str     0x08015eb1       0x97 led.o
                               0x36ef (size before relaxing)
 .comment       0x08015f48       0x80 led.o
 .debug_frame   0x08015f48       0xb0 led.o
 .ARM.attributes
                0x08015ff8       0x33 led.o
                0x0801602b                _code_end = .
                [!provide]                PROVIDE (code_start = .)
                [!provide]                PROVIDE (code_end = .)
 *fill*         0x0801602b        0x1 
 .text          0x0801602c      0x378 d:/programm/gnu tools arm embedded/7 2018-q2-update/bin/../lib/gcc/arm-none-eabi/7.3.1/thumb/v7e-m\libgcc.a(_arm_addsubdf3.o)
                0x0801602c                __aeabi_drsub
                0x08016034                __aeabi_dsub
                0x08016034                __subdf3
                0x08016038                __aeabi_dadd
                0x08016038                __adddf3
                0x080162b0                __floatunsidf
                0x080162b0                __aeabi_ui2d
                0x080162d0                __floatsidf
                0x080162d0                __aeabi_i2d
                0x080162f4                __aeabi_f2d
                0x080162f4                __extendsfdf2
                0x08016338                __floatundidf
                0x08016338                __aeabi_ul2d
                0x08016348                __floatdidf
                0x08016348                __aeabi_l2d
 .text          0x080163a4      0x110 d:/programm/gnu tools arm embedded/7 2018-q2-update/bin/../lib/gcc/arm-none-eabi/7.3.1/thumb/v7e-m\libgcc.a(_arm_cmpdf2.o)
                0x080163a4                __gtdf2
                0x080163a4                __gedf2
                0x080163ac                __ltdf2
                0x080163ac                __ledf2
                0x080163b4                __nedf2
                0x080163b4                __eqdf2
                0x080163b4                __cmpdf2
                0x08016430                __aeabi_cdrcmple
                0x08016440                __aeabi_cdcmpeq
                0x08016440                __aeabi_cdcmple
                0x08016450                __aeabi_dcmpeq
                0x08016464                __aeabi_dcmplt
                0x08016478                __aeabi_dcmple
                0x0801648c                __aeabi_dcmpge
                0x080164a0                __aeabi_dcmpgt

.glue_7         0x080164b4        0x0
 .glue_7        0x080164b4        0x0 linker stubs

.glue_7t        0x080164b4        0x0
 .glue_7t       0x080164b4        0x0 linker stubs

.vfp11_veneer   0x080164b4        0x0
 .vfp11_veneer  0x080164b4        0x0 linker stubs

.v4_bx          0x080164b4        0x0
 .v4_bx         0x080164b4        0x0 linker stubs

.data           0x20000000     0x86e4
                0x20000000                _ram_start = .
 os_ram.o()
 .text          0x20000000        0x0 os_ram.o
 .data          0x20000000        0x0 os_ram.o
 .bss           0x20000000        0x0 os_ram.o
 .debug_info    0x20000000      0x5ca os_ram.o
 .debug_abbrev  0x200005ca      0x105 os_ram.o
 .debug_aranges
                0x200006cf       0x18 os_ram.o
 .debug_macro   0x200006e7       0xa2 os_ram.o
 .debug_line    0x20000789      0x1dd os_ram.o
 .debug_str     0x20000966     0x370d os_ram.o
                               0x3760 (size before relaxing)
 .comment       0x20004073       0x7f os_ram.o
                                 0x80 (size before relaxing)
 .ARM.attributes
                0x200040f2       0x33 os_ram.o
 *fill*         0x20004125        0x3 
 COMMON         0x20004128     0x2974 os_ram.o
                0x20004128                VAR_MEM_MANAG_FAULT_STATUS_REG
                0x2000412c                REGISTER_R2
                0x20004130                RAM_CHECK_FAILURE_ADDR
                0x20004134                REGISTER_R0
                0x20004138                OS_STACK
                0x20004238                REGISTER_R6
                0x2000423c                REGISTER_R7
                0x20004240                OS_STATE
                0x20004244                REGISTER_R9
                0x20004248                BACKUP_SYSTICK_CURRENT_VAL_REG
                0x2000424c                LINK_REGISTER_HANDLER
                0x20004250                VAR_AUX_FAULT_STATUS_REG
                0x20004254                REGISTER_R8
                0x20004258                REGISTER_R5
                0x2000425c                OS_MAIN_STACK
                0x2000435c                REGISTER_R4
                0x20004360                VAR_HARDFAULT_STATUS_REG
                0x20004364                REGISTER_R1
                0x20004368                VAR_BUS_FAULT_STATUS_REG
                0x2000436c                RAM_CHECK_FAILURE_DETECTED
                0x20004370                REGISTER_R10
                0x20004374                HEAP
                0x20006a84                VAR_FAULT_STATUS_REG
                0x20006a88                REGISTER_R11
                0x20006a8c                REGISTER_R3
                0x20006a90                VAR_MEM_FAULT_ADDR_REG
                0x20006a94                VAR_USAGE_FAULT_STATUS_REG
                0x20006a98                VAR_BUS_FAULT_ADDR_REG
 os_shared_ram.o()
 .text          0x20006a9c        0x0 os_shared_ram.o
 .data          0x20006a9c        0x0 os_shared_ram.o
 .bss           0x20006a9c        0x0 os_shared_ram.o
 .debug_info    0x20006a9c      0x536 os_shared_ram.o
 .debug_abbrev  0x20006fd2       0xf8 os_shared_ram.o
 .debug_aranges
                0x200070ca       0x18 os_shared_ram.o
 .debug_macro   0x200070e2       0xfa os_shared_ram.o
 .debug_line    0x200071dc      0x1c9 os_shared_ram.o
 .debug_str     0x200073a5      0x30b os_shared_ram.o
                               0x3963 (size before relaxing)
 .comment       0x200076b0       0x80 os_shared_ram.o
 .ARM.attributes
                0x200076b0       0x33 os_shared_ram.o
 *fill*         0x200076e3        0x1 
 COMMON         0x200076e4     0x1000 os_shared_ram.o
                0x200076e4                RAM_BLOCK_C01_C01
                0x200077e4                RAM_BLOCK_C01_C00
                0x200078e4                RAM_BLOCK_C00_C00
                0x200079e4                RAM_BLOCK_C01_C03
                0x20007ae4                RAM_BLOCK_C03_C01
                0x20007be4                RAM_BLOCK_C00_C01
                0x20007ce4                RAM_BLOCK_C02_C01
                0x20007de4                RAM_BLOCK_C01_C02
                0x20007ee4                RAM_BLOCK_C03_C00
                0x20007fe4                RAM_BLOCK_C02_C00
                0x200080e4                RAM_BLOCK_C02_C02
                0x200081e4                RAM_BLOCK_C03_C03
                0x200082e4                RAM_BLOCK_C03_C02
                0x200083e4                RAM_BLOCK_C00_C03
                0x200084e4                RAM_BLOCK_C00_C02
                0x200085e4                RAM_BLOCK_C02_C03
                0x200086e4                _ram_end = .
                [!provide]                PROVIDE (ram_start = .)
                [!provide]                PROVIDE (ram_end = .)
 .data          0x200086e4        0x0 d:/programm/gnu tools arm embedded/7 2018-q2-update/bin/../lib/gcc/arm-none-eabi/7.3.1/thumb/v7e-m\libgcc.a(_arm_addsubdf3.o)
 .data          0x200086e4        0x0 d:/programm/gnu tools arm embedded/7 2018-q2-update/bin/../lib/gcc/arm-none-eabi/7.3.1/thumb/v7e-m\libgcc.a(_arm_cmpdf2.o)
START GROUP
LOAD d:/programm/gnu tools arm embedded/7 2018-q2-update/bin/../lib/gcc/arm-none-eabi/7.3.1/thumb/v7e-m\libgcc.a
LOAD d:/programm/gnu tools arm embedded/7 2018-q2-update/bin/../lib/gcc/arm-none-eabi/7.3.1/../../../../arm-none-eabi/lib/thumb/v7e-m\libg.a
LOAD d:/programm/gnu tools arm embedded/7 2018-q2-update/bin/../lib/gcc/arm-none-eabi/7.3.1/../../../../arm-none-eabi/lib/thumb/v7e-m\libc.a
END GROUP
OUTPUT(E:\NeuOrga\Programmieren\c_cpp\github_os\output\VERSION_ARM\operating_system.elf elf32-littlearm)

.bss            0x200086e4        0x0
 .bss           0x200086e4        0x0 d:/programm/gnu tools arm embedded/7 2018-q2-update/bin/../lib/gcc/arm-none-eabi/7.3.1/thumb/v7e-m\libgcc.a(_arm_addsubdf3.o)
 .bss           0x200086e4        0x0 d:/programm/gnu tools arm embedded/7 2018-q2-update/bin/../lib/gcc/arm-none-eabi/7.3.1/thumb/v7e-m\libgcc.a(_arm_cmpdf2.o)

.ARM.attributes
                0x00000000       0x31
 .ARM.attributes
                0x00000000       0x1e d:/programm/gnu tools arm embedded/7 2018-q2-update/bin/../lib/gcc/arm-none-eabi/7.3.1/thumb/v7e-m\libgcc.a(_arm_addsubdf3.o)
 .ARM.attributes
                0x0000001e       0x1e d:/programm/gnu tools arm embedded/7 2018-q2-update/bin/../lib/gcc/arm-none-eabi/7.3.1/thumb/v7e-m\libgcc.a(_arm_cmpdf2.o)

.debug_frame    0x00000000      0x170
 .debug_frame   0x00000000       0xac d:/programm/gnu tools arm embedded/7 2018-q2-update/bin/../lib/gcc/arm-none-eabi/7.3.1/thumb/v7e-m\libgcc.a(_arm_addsubdf3.o)
 .debug_frame   0x000000ac       0xc4 d:/programm/gnu tools arm embedded/7 2018-q2-update/bin/../lib/gcc/arm-none-eabi/7.3.1/thumb/v7e-m\libgcc.a(_arm_cmpdf2.o)
