Archive member included to satisfy reference by file (symbol)

d:/programm/gnu tools arm embedded/7 2018-q2-update/bin/../lib/gcc/arm-none-eabi/7.3.1/thumb/v7e-m\libgcc.a(_arm_addsubdf3.o)
                              os_task_scheduler.o (__aeabi_ui2d)
d:/programm/gnu tools arm embedded/7 2018-q2-update/bin/../lib/gcc/arm-none-eabi/7.3.1/thumb/v7e-m\libgcc.a(_arm_cmpdf2.o)
                              os_task_scheduler.o (__aeabi_dcmpgt)

Allocating common symbols
Common symbol       size              file

RAM_BLOCK_C01_C01   0x100             os_shared_ram.o
VAR_MEM_MANAG_FAULT_STATUS_REG
                    0x4               os_ram.o
REGISTER_R2         0x4               os_ram.o
RAM_CHECK_FAILURE_ADDR
                    0x4               os_ram.o
REGISTER_R0         0x4               os_ram.o
OS_STACK            0x100             os_ram.o
RAM_BLOCK_C01_C00   0x100             os_shared_ram.o
REGISTER_R6         0x4               os_ram.o
REGISTER_R7         0x4               os_ram.o
RAM_BLOCK_C00_C00   0x100             os_shared_ram.o
OS_STATE            0x4               os_ram.o
REGISTER_R9         0x4               os_ram.o
BACKUP_SYSTICK_CURRENT_VAL_REG
                    0x4               os_ram.o
RAM_BLOCK_C01_C03   0x100             os_shared_ram.o
LINK_REGISTER_HANDLER
                    0x4               os_ram.o
VAR_AUX_FAULT_STATUS_REG
                    0x4               os_ram.o
REGISTER_R8         0x4               os_ram.o
RAM_BLOCK_C03_C01   0x100             os_shared_ram.o
RAM_BLOCK_C00_C01   0x100             os_shared_ram.o
TASK_PTR            0x14              os_task_common.o
REGISTER_R5         0x4               os_ram.o
OS_MAIN_STACK       0x100             os_ram.o
RAM_BLOCK_C02_C01   0x100             os_shared_ram.o
REGISTER_R4         0x4               os_ram.o
RAM_BLOCK_C01_C02   0x100             os_shared_ram.o
VAR_HARDFAULT_STATUS_REG
                    0x4               os_ram.o
RAM_BLOCK_C03_C00   0x100             os_shared_ram.o
REGISTER_R1         0x4               os_ram.o
RAM_BLOCK_C02_C00   0x100             os_shared_ram.o
VAR_BUS_FAULT_STATUS_REG
                    0x4               os_ram.o
RAM_BLOCK_C02_C02   0x100             os_shared_ram.o
RAM_CHECK_FAILURE_DETECTED
                    0x4               os_ram.o
REGISTER_R10        0x4               os_ram.o
RAM_BLOCK_C03_C03   0x100             os_shared_ram.o
RAM_BLOCK_C03_C02   0x100             os_shared_ram.o
RAM_BLOCK_C00_C03   0x100             os_shared_ram.o
HEAP                0x2710            os_ram.o
VAR_FAULT_STATUS_REG
                    0x4               os_ram.o
REGISTER_R11        0x4               os_ram.o
REGISTER_R3         0x4               os_ram.o
VAR_MEM_FAULT_ADDR_REG
                    0x4               os_ram.o
VAR_USAGE_FAULT_STATUS_REG
                    0x4               os_ram.o
VAR_BUS_FAULT_ADDR_REG
                    0x4               os_ram.o
RAM_BLOCK_C00_C02   0x100             os_shared_ram.o
RAM_BLOCK_C02_C03   0x100             os_shared_ram.o

Discarded input sections

 .group         0x00000000        0xc os_exception_table.o
 .group         0x00000000        0xc os_exception_table.o
 .group         0x00000000        0xc os_exception_table.o
 .group         0x00000000        0xc os_exception_table.o
 .group         0x00000000        0xc os_exception_table.o
 .group         0x00000000        0xc os_exception_table.o
 .group         0x00000000        0xc os_exception_table.o
 .group         0x00000000        0xc os_exception_table.o
 .group         0x00000000        0xc os_exception_table.o
 .group         0x00000000        0xc os_const.o
 .group         0x00000000        0xc os_const.o
 .group         0x00000000        0xc os_const.o
 .group         0x00000000        0xc os_const.o
 .group         0x00000000        0xc os_const.o
 .group         0x00000000        0xc os_const.o
 .group         0x00000000        0xc os_const.o
 .group         0x00000000        0xc os_const.o
 .debug_macro   0x00000000      0xa42 os_const.o
 .debug_macro   0x00000000       0x4c os_const.o
 .debug_macro   0x00000000       0x82 os_const.o
 .debug_macro   0x00000000       0x16 os_const.o
 .debug_macro   0x00000000       0x28 os_const.o
 .debug_macro   0x00000000       0x1c os_const.o
 .debug_macro   0x00000000       0x46 os_const.o
 .debug_macro   0x00000000       0x10 os_const.o
 .group         0x00000000        0xc os_common.o
 .group         0x00000000        0xc os_common.o
 .group         0x00000000        0xc os_common.o
 .group         0x00000000        0xc os_common.o
 .group         0x00000000        0xc os_common.o
 .group         0x00000000        0xc os_common.o
 .group         0x00000000        0xc os_common.o
 .group         0x00000000        0xc os_common.o
 .debug_macro   0x00000000      0xa42 os_common.o
 .debug_macro   0x00000000       0x4c os_common.o
 .debug_macro   0x00000000       0x82 os_common.o
 .debug_macro   0x00000000       0x16 os_common.o
 .debug_macro   0x00000000       0x28 os_common.o
 .debug_macro   0x00000000       0x1c os_common.o
 .debug_macro   0x00000000       0x46 os_common.o
 .debug_macro   0x00000000       0x10 os_common.o
 .group         0x00000000        0xc os_exception.o
 .group         0x00000000        0xc os_exception.o
 .group         0x00000000        0xc os_exception.o
 .group         0x00000000        0xc os_exception.o
 .group         0x00000000        0xc os_exception.o
 .group         0x00000000        0xc os_exception.o
 .group         0x00000000        0xc os_exception.o
 .group         0x00000000        0xc os_exception.o
 .group         0x00000000        0xc os_exception.o
 .group         0x00000000        0xc os_exception.o
 .group         0x00000000        0xc os_exception.o
 .debug_macro   0x00000000       0x4c os_exception.o
 .debug_macro   0x00000000       0x82 os_exception.o
 .debug_macro   0x00000000       0x16 os_exception.o
 .debug_macro   0x00000000       0x28 os_exception.o
 .debug_macro   0x00000000       0x1c os_exception.o
 .debug_macro   0x00000000       0x46 os_exception.o
 .debug_macro   0x00000000       0x10 os_exception.o
 .debug_macro   0x00000000       0x10 os_exception.o
 .group         0x00000000        0xc os_exception_isr_handler.o
 .group         0x00000000        0xc os_exception_isr_handler.o
 .group         0x00000000        0xc os_exception_isr_handler.o
 .group         0x00000000        0xc os_exception_isr_handler.o
 .group         0x00000000        0xc os_exception_isr_handler.o
 .group         0x00000000        0xc os_exception_isr_handler.o
 .group         0x00000000        0xc os_exception_isr_handler.o
 .group         0x00000000        0xc os_exception_isr_handler.o
 .group         0x00000000        0xc os_exception_isr_handler.o
 .debug_macro   0x00000000      0xa42 os_exception_isr_handler.o
 .debug_macro   0x00000000       0x4c os_exception_isr_handler.o
 .debug_macro   0x00000000       0x82 os_exception_isr_handler.o
 .debug_macro   0x00000000       0x16 os_exception_isr_handler.o
 .debug_macro   0x00000000       0x28 os_exception_isr_handler.o
 .debug_macro   0x00000000       0x1c os_exception_isr_handler.o
 .debug_macro   0x00000000       0x46 os_exception_isr_handler.o
 .debug_macro   0x00000000       0x10 os_exception_isr_handler.o
 .debug_macro   0x00000000       0x28 os_exception_isr_handler.o
 .group         0x00000000        0xc os_init_task_system.o
 .group         0x00000000        0xc os_init_task_system.o
 .group         0x00000000        0xc os_init_task_system.o
 .group         0x00000000        0xc os_init_task_system.o
 .group         0x00000000        0xc os_init_task_system.o
 .group         0x00000000        0xc os_init_task_system.o
 .group         0x00000000        0xc os_init_task_system.o
 .group         0x00000000        0xc os_init_task_system.o
 .group         0x00000000        0xc os_init_task_system.o
 .debug_macro   0x00000000      0xa42 os_init_task_system.o
 .debug_macro   0x00000000       0x4c os_init_task_system.o
 .debug_macro   0x00000000       0x82 os_init_task_system.o
 .debug_macro   0x00000000       0x16 os_init_task_system.o
 .debug_macro   0x00000000       0x28 os_init_task_system.o
 .debug_macro   0x00000000       0x1c os_init_task_system.o
 .debug_macro   0x00000000       0x46 os_init_task_system.o
 .debug_macro   0x00000000       0x10 os_init_task_system.o
 .group         0x00000000        0xc os_main.o
 .group         0x00000000        0xc os_main.o
 .group         0x00000000        0xc os_main.o
 .group         0x00000000        0xc os_main.o
 .group         0x00000000        0xc os_main.o
 .group         0x00000000        0xc os_main.o
 .group         0x00000000        0xc os_main.o
 .group         0x00000000        0xc os_main.o
 .group         0x00000000        0xc os_main.o
 .debug_macro   0x00000000      0xa42 os_main.o
 .debug_macro   0x00000000       0x4c os_main.o
 .debug_macro   0x00000000       0x82 os_main.o
 .debug_macro   0x00000000       0x16 os_main.o
 .debug_macro   0x00000000       0x28 os_main.o
 .debug_macro   0x00000000       0x1c os_main.o
 .debug_macro   0x00000000       0x46 os_main.o
 .debug_macro   0x00000000       0x10 os_main.o
 .debug_macro   0x00000000       0x28 os_main.o
 .group         0x00000000        0xc os_memory_mmu_setup.o
 .group         0x00000000        0xc os_memory_mmu_setup.o
 .group         0x00000000        0xc os_memory_mmu_setup.o
 .group         0x00000000        0xc os_memory_mmu_setup.o
 .group         0x00000000        0xc os_memory_mmu_setup.o
 .group         0x00000000        0xc os_memory_mmu_setup.o
 .group         0x00000000        0xc os_memory_mmu_setup.o
 .group         0x00000000        0xc os_memory_mmu_setup.o
 .debug_macro   0x00000000      0xa42 os_memory_mmu_setup.o
 .debug_macro   0x00000000       0x4c os_memory_mmu_setup.o
 .debug_macro   0x00000000       0x82 os_memory_mmu_setup.o
 .debug_macro   0x00000000       0x16 os_memory_mmu_setup.o
 .debug_macro   0x00000000       0x28 os_memory_mmu_setup.o
 .debug_macro   0x00000000       0x1c os_memory_mmu_setup.o
 .debug_macro   0x00000000       0x46 os_memory_mmu_setup.o
 .debug_macro   0x00000000       0x10 os_memory_mmu_setup.o
 .group         0x00000000        0xc os_shutdown.o
 .group         0x00000000        0xc os_shutdown.o
 .group         0x00000000        0xc os_shutdown.o
 .group         0x00000000        0xc os_shutdown.o
 .group         0x00000000        0xc os_shutdown.o
 .group         0x00000000        0xc os_shutdown.o
 .group         0x00000000        0xc os_shutdown.o
 .group         0x00000000        0xc os_shutdown.o
 .debug_macro   0x00000000      0xa42 os_shutdown.o
 .debug_macro   0x00000000       0x4c os_shutdown.o
 .debug_macro   0x00000000       0x82 os_shutdown.o
 .debug_macro   0x00000000       0x16 os_shutdown.o
 .debug_macro   0x00000000       0x28 os_shutdown.o
 .debug_macro   0x00000000       0x1c os_shutdown.o
 .debug_macro   0x00000000       0x46 os_shutdown.o
 .debug_macro   0x00000000       0x10 os_shutdown.o
 .group         0x00000000        0xc os_start_ext_prg.o
 .group         0x00000000        0xc os_start_ext_prg.o
 .group         0x00000000        0xc os_start_ext_prg.o
 .group         0x00000000        0xc os_start_ext_prg.o
 .group         0x00000000        0xc os_start_ext_prg.o
 .group         0x00000000        0xc os_start_ext_prg.o
 .group         0x00000000        0xc os_start_ext_prg.o
 .group         0x00000000        0xc os_start_ext_prg.o
 .debug_macro   0x00000000      0xa42 os_start_ext_prg.o
 .debug_macro   0x00000000       0x4c os_start_ext_prg.o
 .debug_macro   0x00000000       0x82 os_start_ext_prg.o
 .debug_macro   0x00000000       0x16 os_start_ext_prg.o
 .debug_macro   0x00000000       0x28 os_start_ext_prg.o
 .debug_macro   0x00000000       0x1c os_start_ext_prg.o
 .debug_macro   0x00000000       0x46 os_start_ext_prg.o
 .debug_macro   0x00000000       0x10 os_start_ext_prg.o
 .group         0x00000000        0xc os_start_init_hw.o
 .group         0x00000000        0xc os_start_init_hw.o
 .group         0x00000000        0xc os_start_init_hw.o
 .group         0x00000000        0xc os_start_init_hw.o
 .group         0x00000000        0xc os_start_init_hw.o
 .group         0x00000000        0xc os_start_init_hw.o
 .group         0x00000000        0xc os_start_init_hw.o
 .group         0x00000000        0xc os_start_init_hw.o
 .debug_macro   0x00000000      0xa42 os_start_init_hw.o
 .debug_macro   0x00000000       0x4c os_start_init_hw.o
 .debug_macro   0x00000000       0x82 os_start_init_hw.o
 .debug_macro   0x00000000       0x16 os_start_init_hw.o
 .debug_macro   0x00000000       0x28 os_start_init_hw.o
 .debug_macro   0x00000000       0x1c os_start_init_hw.o
 .debug_macro   0x00000000       0x46 os_start_init_hw.o
 .debug_macro   0x00000000       0x10 os_start_init_hw.o
 .group         0x00000000        0xc os_start_init_mc.o
 .group         0x00000000        0xc os_start_init_mc.o
 .group         0x00000000        0xc os_start_init_mc.o
 .group         0x00000000        0xc os_start_init_mc.o
 .group         0x00000000        0xc os_start_init_mc.o
 .group         0x00000000        0xc os_start_init_mc.o
 .group         0x00000000        0xc os_start_init_mc.o
 .group         0x00000000        0xc os_start_init_mc.o
 .debug_macro   0x00000000      0xa42 os_start_init_mc.o
 .debug_macro   0x00000000       0x4c os_start_init_mc.o
 .debug_macro   0x00000000       0x82 os_start_init_mc.o
 .debug_macro   0x00000000       0x16 os_start_init_mc.o
 .debug_macro   0x00000000       0x28 os_start_init_mc.o
 .debug_macro   0x00000000       0x1c os_start_init_mc.o
 .debug_macro   0x00000000       0x46 os_start_init_mc.o
 .debug_macro   0x00000000       0x10 os_start_init_mc.o
 .group         0x00000000        0xc os_start_init_sw.o
 .group         0x00000000        0xc os_start_init_sw.o
 .group         0x00000000        0xc os_start_init_sw.o
 .group         0x00000000        0xc os_start_init_sw.o
 .group         0x00000000        0xc os_start_init_sw.o
 .group         0x00000000        0xc os_start_init_sw.o
 .group         0x00000000        0xc os_start_init_sw.o
 .group         0x00000000        0xc os_start_init_sw.o
 .debug_macro   0x00000000      0xa42 os_start_init_sw.o
 .debug_macro   0x00000000       0x4c os_start_init_sw.o
 .debug_macro   0x00000000       0x82 os_start_init_sw.o
 .debug_macro   0x00000000       0x16 os_start_init_sw.o
 .debug_macro   0x00000000       0x28 os_start_init_sw.o
 .debug_macro   0x00000000       0x1c os_start_init_sw.o
 .debug_macro   0x00000000       0x46 os_start_init_sw.o
 .debug_macro   0x00000000       0x10 os_start_init_sw.o
 .group         0x00000000        0xc os_start_os.o
 .group         0x00000000        0xc os_start_os.o
 .group         0x00000000        0xc os_start_os.o
 .group         0x00000000        0xc os_start_os.o
 .group         0x00000000        0xc os_start_os.o
 .group         0x00000000        0xc os_start_os.o
 .group         0x00000000        0xc os_start_os.o
 .group         0x00000000        0xc os_start_os.o
 .debug_macro   0x00000000      0xa42 os_start_os.o
 .debug_macro   0x00000000       0x4c os_start_os.o
 .debug_macro   0x00000000       0x82 os_start_os.o
 .debug_macro   0x00000000       0x16 os_start_os.o
 .debug_macro   0x00000000       0x28 os_start_os.o
 .debug_macro   0x00000000       0x1c os_start_os.o
 .debug_macro   0x00000000       0x46 os_start_os.o
 .debug_macro   0x00000000       0x10 os_start_os.o
 .group         0x00000000        0xc os_task_common.o
 .group         0x00000000        0xc os_task_common.o
 .group         0x00000000        0xc os_task_common.o
 .group         0x00000000        0xc os_task_common.o
 .group         0x00000000        0xc os_task_common.o
 .group         0x00000000        0xc os_task_common.o
 .group         0x00000000        0xc os_task_common.o
 .group         0x00000000        0xc os_task_common.o
 .group         0x00000000        0xc os_task_common.o
 .debug_macro   0x00000000      0xa42 os_task_common.o
 .debug_macro   0x00000000       0x4c os_task_common.o
 .debug_macro   0x00000000       0x82 os_task_common.o
 .debug_macro   0x00000000       0x16 os_task_common.o
 .debug_macro   0x00000000       0x28 os_task_common.o
 .debug_macro   0x00000000       0x1c os_task_common.o
 .debug_macro   0x00000000       0x46 os_task_common.o
 .debug_macro   0x00000000       0x10 os_task_common.o
 .debug_macro   0x00000000       0x28 os_task_common.o
 .group         0x00000000        0xc os_task_queue.o
 .group         0x00000000        0xc os_task_queue.o
 .group         0x00000000        0xc os_task_queue.o
 .group         0x00000000        0xc os_task_queue.o
 .group         0x00000000        0xc os_task_queue.o
 .group         0x00000000        0xc os_task_queue.o
 .group         0x00000000        0xc os_task_queue.o
 .group         0x00000000        0xc os_task_queue.o
 .group         0x00000000        0xc os_task_queue.o
 .group         0x00000000        0xc os_task_queue.o
 .debug_macro   0x00000000      0xa42 os_task_queue.o
 .debug_macro   0x00000000       0x4c os_task_queue.o
 .debug_macro   0x00000000       0x82 os_task_queue.o
 .debug_macro   0x00000000       0x16 os_task_queue.o
 .debug_macro   0x00000000       0x28 os_task_queue.o
 .debug_macro   0x00000000       0x1c os_task_queue.o
 .debug_macro   0x00000000       0x46 os_task_queue.o
 .debug_macro   0x00000000       0x10 os_task_queue.o
 .debug_macro   0x00000000       0x28 os_task_queue.o
 .group         0x00000000        0xc os_task_scheduler.o
 .group         0x00000000        0xc os_task_scheduler.o
 .group         0x00000000        0xc os_task_scheduler.o
 .group         0x00000000        0xc os_task_scheduler.o
 .group         0x00000000        0xc os_task_scheduler.o
 .group         0x00000000        0xc os_task_scheduler.o
 .group         0x00000000        0xc os_task_scheduler.o
 .group         0x00000000        0xc os_task_scheduler.o
 .group         0x00000000        0xc os_task_scheduler.o
 .group         0x00000000        0xc os_task_scheduler.o
 .debug_macro   0x00000000      0xa42 os_task_scheduler.o
 .debug_macro   0x00000000       0x4c os_task_scheduler.o
 .debug_macro   0x00000000       0x82 os_task_scheduler.o
 .debug_macro   0x00000000       0x16 os_task_scheduler.o
 .debug_macro   0x00000000       0x28 os_task_scheduler.o
 .debug_macro   0x00000000       0x1c os_task_scheduler.o
 .debug_macro   0x00000000       0x46 os_task_scheduler.o
 .debug_macro   0x00000000       0x10 os_task_scheduler.o
 .debug_macro   0x00000000       0x28 os_task_scheduler.o
 .debug_macro   0x00000000       0x1c os_task_scheduler.o
 .group         0x00000000        0xc os_stack.o
 .group         0x00000000        0xc os_stack.o
 .group         0x00000000        0xc os_stack.o
 .group         0x00000000        0xc os_stack.o
 .group         0x00000000        0xc os_stack.o
 .group         0x00000000        0xc os_stack.o
 .group         0x00000000        0xc os_stack.o
 .group         0x00000000        0xc os_stack.o
 .debug_macro   0x00000000      0xa42 os_stack.o
 .debug_macro   0x00000000       0x4c os_stack.o
 .debug_macro   0x00000000       0x82 os_stack.o
 .debug_macro   0x00000000       0x16 os_stack.o
 .debug_macro   0x00000000       0x28 os_stack.o
 .debug_macro   0x00000000       0x1c os_stack.o
 .debug_macro   0x00000000       0x46 os_stack.o
 .debug_macro   0x00000000       0x10 os_stack.o
 .group         0x00000000        0xc os_heap.o
 .group         0x00000000        0xc os_heap.o
 .group         0x00000000        0xc os_heap.o
 .group         0x00000000        0xc os_heap.o
 .group         0x00000000        0xc os_heap.o
 .group         0x00000000        0xc os_heap.o
 .group         0x00000000        0xc os_heap.o
 .group         0x00000000        0xc os_heap.o
 .debug_macro   0x00000000      0xa42 os_heap.o
 .debug_macro   0x00000000       0x4c os_heap.o
 .debug_macro   0x00000000       0x82 os_heap.o
 .debug_macro   0x00000000       0x16 os_heap.o
 .debug_macro   0x00000000       0x28 os_heap.o
 .debug_macro   0x00000000       0x1c os_heap.o
 .debug_macro   0x00000000       0x46 os_heap.o
 .debug_macro   0x00000000       0x10 os_heap.o
 .group         0x00000000        0xc led.o
 .group         0x00000000        0xc led.o
 .group         0x00000000        0xc led.o
 .group         0x00000000        0xc led.o
 .group         0x00000000        0xc led.o
 .group         0x00000000        0xc led.o
 .group         0x00000000        0xc led.o
 .group         0x00000000        0xc led.o
 .debug_macro   0x00000000      0xa42 led.o
 .debug_macro   0x00000000       0x4c led.o
 .debug_macro   0x00000000       0x82 led.o
 .debug_macro   0x00000000       0x16 led.o
 .debug_macro   0x00000000       0x28 led.o
 .debug_macro   0x00000000       0x1c led.o
 .debug_macro   0x00000000       0x46 led.o
 .debug_macro   0x00000000       0x10 led.o
 .group         0x00000000        0xc os_ram.o
 .group         0x00000000        0xc os_ram.o
 .group         0x00000000        0xc os_ram.o
 .group         0x00000000        0xc os_ram.o
 .group         0x00000000        0xc os_ram.o
 .group         0x00000000        0xc os_ram.o
 .group         0x00000000        0xc os_ram.o
 .group         0x00000000        0xc os_ram.o
 .debug_macro   0x00000000      0xa42 os_ram.o
 .debug_macro   0x00000000       0x4c os_ram.o
 .debug_macro   0x00000000       0x82 os_ram.o
 .debug_macro   0x00000000       0x16 os_ram.o
 .debug_macro   0x00000000       0x28 os_ram.o
 .debug_macro   0x00000000       0x1c os_ram.o
 .debug_macro   0x00000000       0x46 os_ram.o
 .debug_macro   0x00000000       0x10 os_ram.o
 .group         0x00000000        0xc os_shared_ram.o
 .group         0x00000000        0xc os_shared_ram.o
 .group         0x00000000        0xc os_shared_ram.o
 .group         0x00000000        0xc os_shared_ram.o
 .group         0x00000000        0xc os_shared_ram.o
 .group         0x00000000        0xc os_shared_ram.o
 .group         0x00000000        0xc os_shared_ram.o
 .group         0x00000000        0xc os_shared_ram.o
 .debug_macro   0x00000000      0xa42 os_shared_ram.o
 .debug_macro   0x00000000       0x4c os_shared_ram.o
 .debug_macro   0x00000000       0x82 os_shared_ram.o
 .debug_macro   0x00000000       0x16 os_shared_ram.o
 .debug_macro   0x00000000       0x28 os_shared_ram.o
 .debug_macro   0x00000000       0x1c os_shared_ram.o
 .debug_macro   0x00000000       0x46 os_shared_ram.o
 .debug_macro   0x00000000       0x10 os_shared_ram.o

Memory Configuration

Name             Origin             Length             Attributes
rom              0x08000000         0x00100000
ram              0x20000000         0x00030000
*default*        0x00000000         0xffffffff

Linker script and memory map


.text           0x08000000    0x16518
                0x08000000                _ivec_start = .
 os_exception_table.o()
 .text          0x08000000        0x0 os_exception_table.o
 .data          0x08000000      0x400 os_exception_table.o
                0x08000000                isr_vec_table
 .bss           0x08000400        0x0 os_exception_table.o
 .debug_info    0x08000400      0x459 os_exception_table.o
 .debug_abbrev  0x08000859       0xff os_exception_table.o
 .debug_aranges
                0x08000958       0x18 os_exception_table.o
 .debug_macro   0x08000970       0xa3 os_exception_table.o
 .debug_macro   0x08000a13      0xa42 os_exception_table.o
 .debug_macro   0x08001455       0x4c os_exception_table.o
 .debug_macro   0x080014a1       0x82 os_exception_table.o
 .debug_macro   0x08001523       0x16 os_exception_table.o
 .debug_macro   0x08001539       0x28 os_exception_table.o
 .debug_macro   0x08001561       0x1c os_exception_table.o
 .debug_macro   0x0800157d       0x46 os_exception_table.o
 .debug_macro   0x080015c3       0x10 os_exception_table.o
 .debug_macro   0x080015d3       0x10 os_exception_table.o
 .debug_line    0x080015e3      0x1ec os_exception_table.o
 .debug_str     0x080017cf     0x3658 os_exception_table.o
                               0x36e8 (size before relaxing)
 .comment       0x08004e27       0x7f os_exception_table.o
                                 0x80 (size before relaxing)
 .ARM.attributes
                0x08004ea6       0x33 os_exception_table.o
 .iplt          0x08004ed9        0x0 os_exception_table.o
 .rel.iplt      0x08004ed9        0x0 os_exception_table.o
 .igot.plt      0x08004ed9        0x0 os_exception_table.o
                0x08004ed9                _ivec_end = .
                [!provide]                PROVIDE (ivec_start = .)
                [!provide]                PROVIDE (ivec_end = .)
                0x08004ed9                _const_start = .
 os_const.o()
 *fill*         0x08004ed9        0x1 
 .text          0x08004eda        0x0 os_const.o
 .data          0x08004eda        0x0 os_const.o
 .bss           0x08004eda        0x0 os_const.o
 .debug_info    0x08004eda      0x426 os_const.o
 .debug_abbrev  0x08005300       0xe7 os_const.o
 .debug_aranges
                0x080053e7       0x18 os_const.o
 .debug_macro   0x080053ff       0x9a os_const.o
 .debug_line    0x08005499      0x1c4 os_const.o
 .debug_str     0x0800565d       0x46 os_const.o
                               0x369e (size before relaxing)
 .comment       0x080056a3       0x80 os_const.o
 .ARM.attributes
                0x080056a3       0x33 os_const.o
                0x08005723                _const_end = .
                [!provide]                PROVIDE (const_start = .)
                [!provide]                PROVIDE (const_end = .)
                0x08005723                _code_start = .
 lld_global.o()
 *fill*         0x080056d6        0x2 
 .text          0x080056d8      0x14c E:\NeuOrga\Programmieren\c_cpp\github_os\output\os_drivers\obj_arm\lld_global.o
                0x080056d8                GET_CORE_ID
                0x080056de                LLF_SAVE_TASK_STACK
                0x080056e4                LLF_SAVE_REGISTERS
                0x0800571e                LLF_RESTORE_TASK_STACK
                0x08005724                LLF_RESTORE_REGISTERS
                0x08005746                LLF_RESTORE_SYSTEM_STACK
                0x0800574c                LLF_SAVE_SYSTEM_STACK
                0x08005752                LLF_CLEAR_ALL_GP_REGISTERS
                0x08005784                LLF_PERFORM_RAM_CHECK
                0x080057d0                LLF_CHANGE_TO_UNPRIVILIGED_THREAD_MODE
 .data          0x08005824        0x0 E:\NeuOrga\Programmieren\c_cpp\github_os\output\os_drivers\obj_arm\lld_global.o
 .bss           0x08005824        0x0 E:\NeuOrga\Programmieren\c_cpp\github_os\output\os_drivers\obj_arm\lld_global.o
 .debug_line    0x08005824       0xf6 E:\NeuOrga\Programmieren\c_cpp\github_os\output\os_drivers\obj_arm\lld_global.o
 .debug_info    0x0800591a       0x26 E:\NeuOrga\Programmieren\c_cpp\github_os\output\os_drivers\obj_arm\lld_global.o
 .debug_abbrev  0x08005940       0x14 E:\NeuOrga\Programmieren\c_cpp\github_os\output\os_drivers\obj_arm\lld_global.o
 *fill*         0x08005954        0x4 
 .debug_aranges
                0x08005958       0x20 E:\NeuOrga\Programmieren\c_cpp\github_os\output\os_drivers\obj_arm\lld_global.o
 .debug_str     0x08005978       0x59 E:\NeuOrga\Programmieren\c_cpp\github_os\output\os_drivers\obj_arm\lld_global.o
                                 0x91 (size before relaxing)
 .ARM.attributes
                0x080059d1       0x21 E:\NeuOrga\Programmieren\c_cpp\github_os\output\os_drivers\obj_arm\lld_global.o
 lld_interrupt.o()
 .text          0x080059f2       0x14 E:\NeuOrga\Programmieren\c_cpp\github_os\output\os_drivers\obj_arm\lld_interrupt.o
                0x080059f2                LLF_INT_DISABLE
                0x080059f8                LLF_INT_ENABLE
                0x080059fe                LLF_DISABLE_INTERRUPTS_ALL_CORES
                0x08005a04                LLF_WAIT_FOR_INTERRUPT
 .data          0x08005a06        0x0 E:\NeuOrga\Programmieren\c_cpp\github_os\output\os_drivers\obj_arm\lld_interrupt.o
 .bss           0x08005a06        0x0 E:\NeuOrga\Programmieren\c_cpp\github_os\output\os_drivers\obj_arm\lld_interrupt.o
 .debug_line    0x08005a06       0x85 E:\NeuOrga\Programmieren\c_cpp\github_os\output\os_drivers\obj_arm\lld_interrupt.o
 .debug_info    0x08005a8b       0x26 E:\NeuOrga\Programmieren\c_cpp\github_os\output\os_drivers\obj_arm\lld_interrupt.o
 .debug_abbrev  0x08005ab1       0x14 E:\NeuOrga\Programmieren\c_cpp\github_os\output\os_drivers\obj_arm\lld_interrupt.o
 *fill*         0x08005ac5        0x3 
 .debug_aranges
                0x08005ac8       0x20 E:\NeuOrga\Programmieren\c_cpp\github_os\output\os_drivers\obj_arm\lld_interrupt.o
 .debug_str     0x08005ae8       0x4e E:\NeuOrga\Programmieren\c_cpp\github_os\output\os_drivers\obj_arm\lld_interrupt.o
                                 0x94 (size before relaxing)
 .ARM.attributes
                0x08005b36       0x21 E:\NeuOrga\Programmieren\c_cpp\github_os\output\os_drivers\obj_arm\lld_interrupt.o
 lld_mmu.o()
 *fill*         0x08005b57        0x1 
 .text          0x08005b58        0xc E:\NeuOrga\Programmieren\c_cpp\github_os\output\os_drivers\obj_arm\lld_mmu.o
                0x08005b58                LLF_MPU_DISABLE
                0x08005b5c                LLF_MPU_SWITCH_OFF_ALL_REGIONS
                0x08005b5e                LLF_GET_MPU_PRESENT
 .data          0x08005b64        0x0 E:\NeuOrga\Programmieren\c_cpp\github_os\output\os_drivers\obj_arm\lld_mmu.o
 .bss           0x08005b64        0x0 E:\NeuOrga\Programmieren\c_cpp\github_os\output\os_drivers\obj_arm\lld_mmu.o
 .debug_line    0x08005b64       0x7d E:\NeuOrga\Programmieren\c_cpp\github_os\output\os_drivers\obj_arm\lld_mmu.o
 .debug_info    0x08005be1       0x26 E:\NeuOrga\Programmieren\c_cpp\github_os\output\os_drivers\obj_arm\lld_mmu.o
 .debug_abbrev  0x08005c07       0x14 E:\NeuOrga\Programmieren\c_cpp\github_os\output\os_drivers\obj_arm\lld_mmu.o
 *fill*         0x08005c1b        0x5 
 .debug_aranges
                0x08005c20       0x20 E:\NeuOrga\Programmieren\c_cpp\github_os\output\os_drivers\obj_arm\lld_mmu.o
 .debug_str     0x08005c40       0x48 E:\NeuOrga\Programmieren\c_cpp\github_os\output\os_drivers\obj_arm\lld_mmu.o
                                 0x8e (size before relaxing)
 .ARM.attributes
                0x08005c88       0x21 E:\NeuOrga\Programmieren\c_cpp\github_os\output\os_drivers\obj_arm\lld_mmu.o
 lld_ram.o()
 *fill*         0x08005ca9        0x1 
 .text          0x08005caa       0x80 E:\NeuOrga\Programmieren\c_cpp\github_os\output\os_drivers\obj_arm\lld_ram.o
                0x08005caa                LLF_CLEAR_ALL_RAM
 .data          0x08005d2a        0x0 E:\NeuOrga\Programmieren\c_cpp\github_os\output\os_drivers\obj_arm\lld_ram.o
 .bss           0x08005d2a        0x0 E:\NeuOrga\Programmieren\c_cpp\github_os\output\os_drivers\obj_arm\lld_ram.o
 .debug_line    0x08005d2a       0x9f E:\NeuOrga\Programmieren\c_cpp\github_os\output\os_drivers\obj_arm\lld_ram.o
 .debug_info    0x08005dc9       0x26 E:\NeuOrga\Programmieren\c_cpp\github_os\output\os_drivers\obj_arm\lld_ram.o
 .debug_abbrev  0x08005def       0x14 E:\NeuOrga\Programmieren\c_cpp\github_os\output\os_drivers\obj_arm\lld_ram.o
 *fill*         0x08005e03        0x5 
 .debug_aranges
                0x08005e08       0x20 E:\NeuOrga\Programmieren\c_cpp\github_os\output\os_drivers\obj_arm\lld_ram.o
 .debug_str     0x08005e28       0x48 E:\NeuOrga\Programmieren\c_cpp\github_os\output\os_drivers\obj_arm\lld_ram.o
                                 0x8e (size before relaxing)
 .ARM.attributes
                0x08005e70       0x21 E:\NeuOrga\Programmieren\c_cpp\github_os\output\os_drivers\obj_arm\lld_ram.o
 lld_timer.o()
 .text          0x08005e91        0x0 E:\NeuOrga\Programmieren\c_cpp\github_os\output\os_drivers\obj_arm\lld_timer.o
 .data          0x08005e91        0x0 E:\NeuOrga\Programmieren\c_cpp\github_os\output\os_drivers\obj_arm\lld_timer.o
 .bss           0x08005e91        0x0 E:\NeuOrga\Programmieren\c_cpp\github_os\output\os_drivers\obj_arm\lld_timer.o
 .ARM.attributes
                0x08005e91       0x21 E:\NeuOrga\Programmieren\c_cpp\github_os\output\os_drivers\obj_arm\lld_timer.o
 lld_power.o()
 *fill*         0x08005eb2        0x2 
 .text          0x08005eb4       0x20 E:\NeuOrga\Programmieren\c_cpp\github_os\output\os_drivers\obj_arm\lld_power.o
                0x08005eb4                LLF_MCU_SWITCH_OFF_POWER
                0x08005eba                LLF_MCU_RESET_POWER
 .data          0x08005ed4        0x0 E:\NeuOrga\Programmieren\c_cpp\github_os\output\os_drivers\obj_arm\lld_power.o
 .bss           0x08005ed4        0x0 E:\NeuOrga\Programmieren\c_cpp\github_os\output\os_drivers\obj_arm\lld_power.o
 .debug_line    0x08005ed4       0x87 E:\NeuOrga\Programmieren\c_cpp\github_os\output\os_drivers\obj_arm\lld_power.o
 .debug_info    0x08005f5b       0x26 E:\NeuOrga\Programmieren\c_cpp\github_os\output\os_drivers\obj_arm\lld_power.o
 .debug_abbrev  0x08005f81       0x14 E:\NeuOrga\Programmieren\c_cpp\github_os\output\os_drivers\obj_arm\lld_power.o
 *fill*         0x08005f95        0x3 
 .debug_aranges
                0x08005f98       0x20 E:\NeuOrga\Programmieren\c_cpp\github_os\output\os_drivers\obj_arm\lld_power.o
 .debug_str     0x08005fb8       0x4a E:\NeuOrga\Programmieren\c_cpp\github_os\output\os_drivers\obj_arm\lld_power.o
                                 0x90 (size before relaxing)
 .ARM.attributes
                0x08006002       0x21 E:\NeuOrga\Programmieren\c_cpp\github_os\output\os_drivers\obj_arm\lld_power.o
 os_exception_reset.o()
 *fill*         0x08006023        0x1 
 .text          0x08006024       0x24 E:\NeuOrga\Programmieren\c_cpp\github_os\output\os_drivers\obj_arm\os_exception_reset.o
                0x08006024                OS_Exception_RESET
                0x08006044                START_OS
 .data          0x08006048        0x0 E:\NeuOrga\Programmieren\c_cpp\github_os\output\os_drivers\obj_arm\os_exception_reset.o
 .bss           0x08006048        0x0 E:\NeuOrga\Programmieren\c_cpp\github_os\output\os_drivers\obj_arm\os_exception_reset.o
 .debug_line    0x08006048       0x8b E:\NeuOrga\Programmieren\c_cpp\github_os\output\os_drivers\obj_arm\os_exception_reset.o
 .debug_info    0x080060d3       0x26 E:\NeuOrga\Programmieren\c_cpp\github_os\output\os_drivers\obj_arm\os_exception_reset.o
 .debug_abbrev  0x080060f9       0x14 E:\NeuOrga\Programmieren\c_cpp\github_os\output\os_drivers\obj_arm\os_exception_reset.o
 *fill*         0x0800610d        0x3 
 .debug_aranges
                0x08006110       0x20 E:\NeuOrga\Programmieren\c_cpp\github_os\output\os_drivers\obj_arm\os_exception_reset.o
 .debug_str     0x08006130       0x50 E:\NeuOrga\Programmieren\c_cpp\github_os\output\os_drivers\obj_arm\os_exception_reset.o
                                 0x96 (size before relaxing)
 .ARM.attributes
                0x08006180       0x21 E:\NeuOrga\Programmieren\c_cpp\github_os\output\os_drivers\obj_arm\os_exception_reset.o
 os_common.o()
 *fill*         0x080061a1        0x3 
 .text          0x080061a4       0x38 os_common.o
                0x080061a4                OS_SET_SW_BUG
                0x080061cc                Get_current_time
 .data          0x080061dc        0x0 os_common.o
 .bss           0x080061dc        0xf os_common.o
 .debug_info    0x080061eb      0x54a os_common.o
 .debug_abbrev  0x08006735      0x13b os_common.o
 .debug_aranges
                0x08006870       0x20 os_common.o
 .debug_macro   0x08006890       0x9e os_common.o
 .debug_line    0x0800692e      0x1eb os_common.o
 .debug_str     0x08006b19      0x2a8 os_common.o
                               0x3900 (size before relaxing)
 .comment       0x08006dc1       0x80 os_common.o
 *fill*         0x08006dc1        0x3 
 .debug_frame   0x08006dc4       0x5c os_common.o
 .ARM.attributes
                0x08006e20       0x33 os_common.o
 os_exception.o()
 *fill*         0x08006e53        0x1 
 .text          0x08006e54      0x220 os_exception.o
                0x08006edc                OS_Exception_HARDFAULT
                0x08006ef4                OS_Exception_NMI
                0x08006f0c                OS_Exception_SWI
                0x08006f24                OS_Exception_BUS_FAULT
                0x08006f3c                OS_Exception_DEBUG
                0x08006f46                OS_Exception_MEM_MANAG_FAULT
                0x08006f5c                OS_Exception_USAGE_FAULT
                0x08006f74                OS_Exception_PendSV
                0x08006f7a                OS_Exception_Systick
                0x0800702c                OS_Exception_IRQ
                0x08007038                OS_Exception_FIQ
                0x08007044                TCMP1
                0x08007050                TCMP2
                0x0800705c                TCMP3
                0x08007068                TCMP4
 .data          0x08007074        0x0 os_exception.o
 .bss           0x08007074        0x0 os_exception.o
 .debug_info    0x08007074      0x58b os_exception.o
 .debug_abbrev  0x080075ff      0x15a os_exception.o
 .debug_aranges
                0x08007759       0x20 os_exception.o
 .debug_macro   0x08007779      0x12b os_exception.o
 .debug_macro   0x080078a4      0xa3c os_exception.o
 .debug_macro   0x080082e0       0x16 os_exception.o
 .debug_macro   0x080082f6       0x28 os_exception.o
 .debug_line    0x0800831e      0x2b2 os_exception.o
 .debug_str     0x080085d0      0x5ca os_exception.o
                               0x3bca (size before relaxing)
 .comment       0x08008b9a       0x80 os_exception.o
 *fill*         0x08008b9a        0x2 
 .debug_frame   0x08008b9c      0x1fc os_exception.o
 .ARM.attributes
                0x08008d98       0x33 os_exception.o
 os_exception_isr_handler.o()
 *fill*         0x08008dcb        0x1 
 .text          0x08008dcc        0xc os_exception_isr_handler.o
                0x08008dcc                OS_ISRHANDLERC0
 .data          0x08008dd8        0x0 os_exception_isr_handler.o
 .bss           0x08008dd8        0x0 os_exception_isr_handler.o
 .debug_info    0x08008dd8      0x43f os_exception_isr_handler.o
 .debug_abbrev  0x08009217      0x103 os_exception_isr_handler.o
 .debug_aranges
                0x0800931a       0x20 os_exception_isr_handler.o
 .debug_macro   0x0800933a       0xa7 os_exception_isr_handler.o
 .debug_line    0x080093e1      0x20e os_exception_isr_handler.o
 .debug_str     0x080095ef       0x66 os_exception_isr_handler.o
                               0x372e (size before relaxing)
 .comment       0x08009655       0x80 os_exception_isr_handler.o
 *fill*         0x08009655        0x3 
 .debug_frame   0x08009658       0x2c os_exception_isr_handler.o
 .ARM.attributes
                0x08009684       0x33 os_exception_isr_handler.o
 os_exception_table.o()
 os_init_task_system.o()
 *fill*         0x080096b7        0x1 
 .text          0x080096b8        0xc os_init_task_system.o
                0x080096b8                OS_INIT_TASK_SYSTEM
 .data          0x080096c4        0x0 os_init_task_system.o
 .bss           0x080096c4        0x0 os_init_task_system.o
 .debug_info    0x080096c4      0x43f os_init_task_system.o
 .debug_abbrev  0x08009b03      0x103 os_init_task_system.o
 .debug_aranges
                0x08009c06       0x20 os_init_task_system.o
 .debug_macro   0x08009c26       0xad os_init_task_system.o
 .debug_macro   0x08009cd3       0x22 os_init_task_system.o
 .debug_line    0x08009cf5      0x209 os_init_task_system.o
 .debug_str     0x08009efe       0x65 os_init_task_system.o
                               0x372d (size before relaxing)
 .comment       0x08009f63       0x80 os_init_task_system.o
 *fill*         0x08009f63        0x1 
 .debug_frame   0x08009f64       0x2c os_init_task_system.o
 .ARM.attributes
                0x08009f90       0x33 os_init_task_system.o
 os_main.o()
 *fill*         0x08009fc3        0x1 
 .text          0x08009fc4       0x7c os_main.o
                0x08009fc4                OS_STATE_HANDLER
 .data          0x0800a040        0x0 os_main.o
 .bss           0x0800a040        0x1 os_main.o
 .debug_info    0x0800a041      0x4a4 os_main.o
 .debug_abbrev  0x0800a4e5      0x112 os_main.o
 .debug_aranges
                0x0800a5f7       0x20 os_main.o
 .debug_macro   0x0800a617       0xcf os_main.o
 .debug_line    0x0800a6e6      0x272 os_main.o
 .debug_str     0x0800a958       0xff os_main.o
                               0x381c (size before relaxing)
 .comment       0x0800aa57       0x80 os_main.o
 *fill*         0x0800aa57        0x1 
 .debug_frame   0x0800aa58       0x2c os_main.o
 .ARM.attributes
                0x0800aa84       0x33 os_main.o
 os_memory_mmu_setup.o()
 *fill*         0x0800aab7        0x1 
 .text          0x0800aab8        0xc os_memory_mmu_setup.o
                0x0800aab8                OS_MMU_SETUP
 .data          0x0800aac4        0x0 os_memory_mmu_setup.o
 .bss           0x0800aac4        0x0 os_memory_mmu_setup.o
 .debug_info    0x0800aac4      0x43f os_memory_mmu_setup.o
 .debug_abbrev  0x0800af03      0x103 os_memory_mmu_setup.o
 .debug_aranges
                0x0800b006       0x20 os_memory_mmu_setup.o
 .debug_macro   0x0800b026       0xd6 os_memory_mmu_setup.o
 .debug_line    0x0800b0fc      0x1df os_memory_mmu_setup.o
 .debug_str     0x0800b2db      0x1cc os_memory_mmu_setup.o
                               0x3824 (size before relaxing)
 .comment       0x0800b4a7       0x80 os_memory_mmu_setup.o
 *fill*         0x0800b4a7        0x1 
 .debug_frame   0x0800b4a8       0x34 os_memory_mmu_setup.o
 .ARM.attributes
                0x0800b4dc       0x33 os_memory_mmu_setup.o
 os_shutdown.o()
 *fill*         0x0800b50f        0x1 
 .text          0x0800b510       0x6c os_shutdown.o
                0x0800b528                OS_DEINIT_MC
                0x0800b534                OS_SHUTDOWN
 .data          0x0800b57c        0x0 os_shutdown.o
 .bss           0x0800b57c        0x0 os_shutdown.o
 .debug_info    0x0800b57c      0x4c6 os_shutdown.o
 .debug_abbrev  0x0800ba42      0x149 os_shutdown.o
 .debug_aranges
                0x0800bb8b       0x20 os_shutdown.o
 .debug_macro   0x0800bbab       0xae os_shutdown.o
 .debug_line    0x0800bc59      0x211 os_shutdown.o
 .debug_str     0x0800be6a       0xac os_shutdown.o
                               0x3764 (size before relaxing)
 .comment       0x0800bf16       0x80 os_shutdown.o
 *fill*         0x0800bf16        0x2 
 .debug_frame   0x0800bf18       0x9c os_shutdown.o
 .ARM.attributes
                0x0800bfb4       0x33 os_shutdown.o
 os_start_ext_prg.o()
 *fill*         0x0800bfe7        0x1 
 .text          0x0800bfe8       0x4a os_start_ext_prg.o
                0x0800c000                OS_StartExtPrg
 .data          0x0800c032        0x0 os_start_ext_prg.o
 .bss           0x0800c032        0x0 os_start_ext_prg.o
 .debug_info    0x0800c032      0x4c0 os_start_ext_prg.o
 .debug_abbrev  0x0800c4f2      0x133 os_start_ext_prg.o
 .debug_aranges
                0x0800c625       0x20 os_start_ext_prg.o
 .debug_macro   0x0800c645       0x9a os_start_ext_prg.o
 .debug_line    0x0800c6df      0x1ea os_start_ext_prg.o
 .debug_str     0x0800c8c9       0x90 os_start_ext_prg.o
                               0x36f3 (size before relaxing)
 .comment       0x0800c959       0x80 os_start_ext_prg.o
 *fill*         0x0800c959        0x3 
 .debug_frame   0x0800c95c       0x60 os_start_ext_prg.o
 .ARM.attributes
                0x0800c9bc       0x33 os_start_ext_prg.o
 os_start_init_hw.o()
 *fill*         0x0800c9ef        0x1 
 .text          0x0800c9f0        0xc os_start_init_hw.o
                0x0800c9f0                OS_INIT_HW
 .data          0x0800c9fc        0x0 os_start_init_hw.o
 .bss           0x0800c9fc        0x0 os_start_init_hw.o
 .debug_info    0x0800c9fc      0x43f os_start_init_hw.o
 .debug_abbrev  0x0800ce3b      0x103 os_start_init_hw.o
 .debug_aranges
                0x0800cf3e       0x20 os_start_init_hw.o
 .debug_macro   0x0800cf5e       0x9a os_start_init_hw.o
 .debug_line    0x0800cff8      0x1da os_start_init_hw.o
 .debug_str     0x0800d1d2       0x59 os_start_init_hw.o
                               0x36b1 (size before relaxing)
 .comment       0x0800d22b       0x80 os_start_init_hw.o
 *fill*         0x0800d22b        0x1 
 .debug_frame   0x0800d22c       0x34 os_start_init_hw.o
 .ARM.attributes
                0x0800d260       0x33 os_start_init_hw.o
 os_start_init_mc.o()
 *fill*         0x0800d293        0x1 
 .text          0x0800d294        0xc os_start_init_mc.o
                0x0800d294                OS_INIT_MC
 .data          0x0800d2a0        0x0 os_start_init_mc.o
 .bss           0x0800d2a0        0x0 os_start_init_mc.o
 .debug_info    0x0800d2a0      0x43f os_start_init_mc.o
 .debug_abbrev  0x0800d6df      0x103 os_start_init_mc.o
 .debug_aranges
                0x0800d7e2       0x20 os_start_init_mc.o
 .debug_macro   0x0800d802       0xa4 os_start_init_mc.o
 .debug_line    0x0800d8a6      0x1f0 os_start_init_mc.o
 .debug_str     0x0800da96       0x59 os_start_init_mc.o
                               0x36c7 (size before relaxing)
 .comment       0x0800daef       0x80 os_start_init_mc.o
 *fill*         0x0800daef        0x1 
 .debug_frame   0x0800daf0       0x34 os_start_init_mc.o
 .ARM.attributes
                0x0800db24       0x33 os_start_init_mc.o
 os_start_init_sw.o()
 *fill*         0x0800db57        0x1 
 .text          0x0800db58        0xc os_start_init_sw.o
                0x0800db58                OS_INIT_SW
 .data          0x0800db64        0x0 os_start_init_sw.o
 .bss           0x0800db64        0x0 os_start_init_sw.o
 .debug_info    0x0800db64      0x43f os_start_init_sw.o
 .debug_abbrev  0x0800dfa3      0x103 os_start_init_sw.o
 .debug_aranges
                0x0800e0a6       0x20 os_start_init_sw.o
 .debug_macro   0x0800e0c6       0x9a os_start_init_sw.o
 .debug_line    0x0800e160      0x1db os_start_init_sw.o
 .debug_str     0x0800e33b       0x59 os_start_init_sw.o
                               0x36b1 (size before relaxing)
 .comment       0x0800e394       0x80 os_start_init_sw.o
 .debug_frame   0x0800e394       0x2c os_start_init_sw.o
 .ARM.attributes
                0x0800e3c0       0x33 os_start_init_sw.o
 os_start_os.o()
 *fill*         0x0800e3f3        0x1 
 .text          0x0800e3f4       0x8c os_start_os.o
                0x0800e3f4                OS_START_OS
 .data          0x0800e480        0x0 os_start_os.o
 .bss           0x0800e480        0x0 os_start_os.o
 .debug_info    0x0800e480      0x43f os_start_os.o
 .debug_abbrev  0x0800e8bf      0x103 os_start_os.o
 .debug_aranges
                0x0800e9c2       0x20 os_start_os.o
 .debug_macro   0x0800e9e2       0xbc os_start_os.o
 .debug_line    0x0800ea9e      0x1f1 os_start_os.o
 .debug_str     0x0800ec8f      0x234 os_start_os.o
                               0x388c (size before relaxing)
 .comment       0x0800eec3       0x80 os_start_os.o
 *fill*         0x0800eec3        0x1 
 .debug_frame   0x0800eec4       0x2c os_start_os.o
 .ARM.attributes
                0x0800eef0       0x33 os_start_os.o
 os_task_common.o()
 *fill*         0x0800ef23        0x1 
 .text          0x0800ef24      0x1dc os_task_common.o
                0x0800ef24                OS_TASK_SAVETASK_ENVIRONMENT
                0x0800ef62                OS_TASK_RESTORETASK_ENVIRONMENT
                0x0800ef92                OS_TASK_RESTORE_SYSTEM_STACK
                0x0800efa8                OS_TASK_SAVE_SYSTEM_STACK
                0x0800efbe                OS_Task_InitTaskEnvironment
                0x0800f0a4                OS_Task_DeleteTaskEnvironment
                0x0800f0d6                OS_Task_CreateTaskEnvironment
 .data          0x0800f100        0x0 os_task_common.o
 .bss           0x0800f100        0x0 os_task_common.o
 .debug_info    0x0800f100      0x5ea os_task_common.o
 .debug_abbrev  0x0800f6ea      0x164 os_task_common.o
 .debug_aranges
                0x0800f84e       0x20 os_task_common.o
 .debug_macro   0x0800f86e       0xab os_task_common.o
 .debug_line    0x0800f919      0x25a os_task_common.o
 .debug_str     0x0800fb73      0x129 os_task_common.o
                               0x3a00 (size before relaxing)
 .comment       0x0800fc9c       0x80 os_task_common.o
 .debug_frame   0x0800fc9c      0x128 os_task_common.o
 .ARM.attributes
                0x0800fdc4       0x33 os_task_common.o
 *fill*         0x0800fdf7        0x1 
 COMMON         0x0800fdf8       0x14 os_task_common.o
                0x0800fdf8                TASK_PTR
 os_task_queue.o()
 .text          0x0800fe0c      0xa84 os_task_queue.o
                0x0800fe0c                SET_RUNNING_TASK
                0x0800ff90                OS_INIT_TASK_QUEUE
                0x0800ffe8                AddToTaskQueue
                0x080103c0                DeleteFromTaskQueue
                0x080104c8                GetFromTaskQueue
                0x080104dc                GetFromLinkList
                0x080104fc                DeleteFromLinkList
                0x08010520                AddToLinkList
                0x0801057c                UpdateLinkList
                0x080105fc                GetIdleTask
                0x08010610                AddToIdleTaskQueue
                0x08010790                GetRunningTask
                0x080107a4                OS_INIT_TASK
 .data          0x08010890        0x0 os_task_queue.o
 .bss           0x08010890      0x3cd os_task_queue.o
 .debug_info    0x08010c5d      0x82c os_task_queue.o
 .debug_abbrev  0x08011489      0x1f5 os_task_queue.o
 .debug_aranges
                0x0801167e       0x20 os_task_queue.o
 .debug_macro   0x0801169e       0xb0 os_task_queue.o
 .debug_macro   0x0801174e       0x1c os_task_queue.o
 .debug_line    0x0801176a      0x32b os_task_queue.o
 .debug_str     0x08011a95      0x204 os_task_queue.o
                               0x3b85 (size before relaxing)
 .comment       0x08011c99       0x80 os_task_queue.o
 *fill*         0x08011c99        0x3 
 .debug_frame   0x08011c9c      0x214 os_task_queue.o
 .ARM.attributes
                0x08011eb0       0x33 os_task_queue.o
 os_task_scheduler.o()
 *fill*         0x08011ee3        0x1 
 .text          0x08011ee4      0x698 os_task_scheduler.o
                0x08011ee4                OS_ACTIVATE_DISPATCHER
                0x08011f20                OS_SLEEPTASK
                0x08011f40                task_state_request
                0x08012024                OS_ActivateTask
                0x0801218c                OS_TERMINATE_TASK
                0x08012220                OS_TASK_DISPATCHER
                0x080122a4                OS_INIT_TASKS
                0x08012570                ISR_TASK_DISPATCH_C0
 .data          0x0801257c        0x0 os_task_scheduler.o
 .bss           0x0801257c      0x63d os_task_scheduler.o
 .debug_info    0x08012bb9      0x872 os_task_scheduler.o
 .debug_abbrev  0x0801342b      0x209 os_task_scheduler.o
 .debug_aranges
                0x08013634       0x20 os_task_scheduler.o
 .debug_macro   0x08013654       0xdc os_task_scheduler.o
 .debug_line    0x08013730      0x360 os_task_scheduler.o
 .debug_str     0x08013a90      0x21c os_task_scheduler.o
                               0x3cba (size before relaxing)
 .comment       0x08013cac       0x80 os_task_scheduler.o
 .debug_frame   0x08013cac      0x234 os_task_scheduler.o
 .ARM.attributes
                0x08013ee0       0x33 os_task_scheduler.o
 os_stack.o()
 *fill*         0x08013f13        0x1 
 .text          0x08013f14        0x0 os_stack.o
 .data          0x08013f14        0x0 os_stack.o
 .bss           0x08013f14        0x0 os_stack.o
 .debug_info    0x08013f14      0x426 os_stack.o
 .debug_abbrev  0x0801433a       0xe7 os_stack.o
 .debug_aranges
                0x08014421       0x18 os_stack.o
 .debug_macro   0x08014439       0x9a os_stack.o
 .debug_line    0x080144d3      0x1c4 os_stack.o
 .debug_str     0x08014697       0x46 os_stack.o
                               0x369e (size before relaxing)
 .comment       0x080146dd       0x80 os_stack.o
 .ARM.attributes
                0x080146dd       0x33 os_stack.o
 os_heap.o()
 .text          0x08014710      0x22c os_heap.o
                0x08014710                os_calloc
                0x08014758                os_realloc
                0x080147ca                os_malloc
                0x08014834                os_free
 .data          0x0801493c        0x0 os_heap.o
 .bss           0x0801493c        0x0 os_heap.o
 .debug_info    0x0801493c      0x5fb os_heap.o
 .debug_abbrev  0x08014f37      0x1b2 os_heap.o
 .debug_aranges
                0x080150e9       0x20 os_heap.o
 .debug_macro   0x08015109       0x9e os_heap.o
 .debug_line    0x080151a7      0x252 os_heap.o
 .debug_str     0x080153f9       0xe4 os_heap.o
                               0x374a (size before relaxing)
 .comment       0x080154dd       0x80 os_heap.o
 *fill*         0x080154dd        0x3 
 .debug_frame   0x080154e0      0x100 os_heap.o
 .ARM.attributes
                0x080155e0       0x33 os_heap.o
 led.o()
 *fill*         0x08015613        0x1 
 .text          0x08015614       0x50 led.o
                0x08015614                USER_LED_INIT
                0x08015628                USER_LED_ON
                0x0801563c                USER_LED_OFF
                0x08015650                USER_LED_TOGGLE
 .data          0x08015664        0x0 led.o
 .bss           0x08015664        0x0 led.o
 .debug_info    0x08015664      0x4eb led.o
 .debug_abbrev  0x08015b4f      0x13d led.o
 .debug_aranges
                0x08015c8c       0x20 led.o
 .debug_macro   0x08015cac       0x9e led.o
 .debug_line    0x08015d4a      0x1cb led.o
 .debug_str     0x08015f15       0x97 led.o
                               0x36ef (size before relaxing)
 .comment       0x08015fac       0x80 led.o
 .debug_frame   0x08015fac       0xb0 led.o
 .ARM.attributes
                0x0801605c       0x33 led.o
                0x0801608f                _code_end = .
                [!provide]                PROVIDE (code_start = .)
                [!provide]                PROVIDE (code_end = .)
 *fill*         0x0801608f        0x1 
 .text          0x08016090      0x378 d:/programm/gnu tools arm embedded/7 2018-q2-update/bin/../lib/gcc/arm-none-eabi/7.3.1/thumb/v7e-m\libgcc.a(_arm_addsubdf3.o)
                0x08016090                __aeabi_drsub
                0x08016098                __aeabi_dsub
                0x08016098                __subdf3
                0x0801609c                __aeabi_dadd
                0x0801609c                __adddf3
                0x08016314                __floatunsidf
                0x08016314                __aeabi_ui2d
                0x08016334                __floatsidf
                0x08016334                __aeabi_i2d
                0x08016358                __aeabi_f2d
                0x08016358                __extendsfdf2
                0x0801639c                __floatundidf
                0x0801639c                __aeabi_ul2d
                0x080163ac                __floatdidf
                0x080163ac                __aeabi_l2d
 .text          0x08016408      0x110 d:/programm/gnu tools arm embedded/7 2018-q2-update/bin/../lib/gcc/arm-none-eabi/7.3.1/thumb/v7e-m\libgcc.a(_arm_cmpdf2.o)
                0x08016408                __gtdf2
                0x08016408                __gedf2
                0x08016410                __ltdf2
                0x08016410                __ledf2
                0x08016418                __nedf2
                0x08016418                __eqdf2
                0x08016418                __cmpdf2
                0x08016494                __aeabi_cdrcmple
                0x080164a4                __aeabi_cdcmpeq
                0x080164a4                __aeabi_cdcmple
                0x080164b4                __aeabi_dcmpeq
                0x080164c8                __aeabi_dcmplt
                0x080164dc                __aeabi_dcmple
                0x080164f0                __aeabi_dcmpge
                0x08016504                __aeabi_dcmpgt

.glue_7         0x08016518        0x0
 .glue_7        0x08016518        0x0 linker stubs

.glue_7t        0x08016518        0x0
 .glue_7t       0x08016518        0x0 linker stubs

.vfp11_veneer   0x08016518        0x0
 .vfp11_veneer  0x08016518        0x0 linker stubs

.v4_bx          0x08016518        0x0
 .v4_bx         0x08016518        0x0 linker stubs

.data           0x20000000     0x86e4
                0x20000000                _ram_start = .
 os_ram.o()
 .text          0x20000000        0x0 os_ram.o
 .data          0x20000000        0x0 os_ram.o
 .bss           0x20000000        0x0 os_ram.o
 .debug_info    0x20000000      0x5ca os_ram.o
 .debug_abbrev  0x200005ca      0x105 os_ram.o
 .debug_aranges
                0x200006cf       0x18 os_ram.o
 .debug_macro   0x200006e7       0xa2 os_ram.o
 .debug_line    0x20000789      0x1dd os_ram.o
 .debug_str     0x20000966     0x370d os_ram.o
                               0x3760 (size before relaxing)
 .comment       0x20004073       0x7f os_ram.o
                                 0x80 (size before relaxing)
 .ARM.attributes
                0x200040f2       0x33 os_ram.o
 *fill*         0x20004125        0x3 
 COMMON         0x20004128     0x2974 os_ram.o
                0x20004128                VAR_MEM_MANAG_FAULT_STATUS_REG
                0x2000412c                REGISTER_R2
                0x20004130                RAM_CHECK_FAILURE_ADDR
                0x20004134                REGISTER_R0
                0x20004138                OS_STACK
                0x20004238                REGISTER_R6
                0x2000423c                REGISTER_R7
                0x20004240                OS_STATE
                0x20004244                REGISTER_R9
                0x20004248                BACKUP_SYSTICK_CURRENT_VAL_REG
                0x2000424c                LINK_REGISTER_HANDLER
                0x20004250                VAR_AUX_FAULT_STATUS_REG
                0x20004254                REGISTER_R8
                0x20004258                REGISTER_R5
                0x2000425c                OS_MAIN_STACK
                0x2000435c                REGISTER_R4
                0x20004360                VAR_HARDFAULT_STATUS_REG
                0x20004364                REGISTER_R1
                0x20004368                VAR_BUS_FAULT_STATUS_REG
                0x2000436c                RAM_CHECK_FAILURE_DETECTED
                0x20004370                REGISTER_R10
                0x20004374                HEAP
                0x20006a84                VAR_FAULT_STATUS_REG
                0x20006a88                REGISTER_R11
                0x20006a8c                REGISTER_R3
                0x20006a90                VAR_MEM_FAULT_ADDR_REG
                0x20006a94                VAR_USAGE_FAULT_STATUS_REG
                0x20006a98                VAR_BUS_FAULT_ADDR_REG
 os_shared_ram.o()
 .text          0x20006a9c        0x0 os_shared_ram.o
 .data          0x20006a9c        0x0 os_shared_ram.o
 .bss           0x20006a9c        0x0 os_shared_ram.o
 .debug_info    0x20006a9c      0x536 os_shared_ram.o
 .debug_abbrev  0x20006fd2       0xf8 os_shared_ram.o
 .debug_aranges
                0x200070ca       0x18 os_shared_ram.o
 .debug_macro   0x200070e2       0xfa os_shared_ram.o
 .debug_line    0x200071dc      0x1c9 os_shared_ram.o
 .debug_str     0x200073a5      0x30b os_shared_ram.o
                               0x3963 (size before relaxing)
 .comment       0x200076b0       0x80 os_shared_ram.o
 .ARM.attributes
                0x200076b0       0x33 os_shared_ram.o
 *fill*         0x200076e3        0x1 
 COMMON         0x200076e4     0x1000 os_shared_ram.o
                0x200076e4                RAM_BLOCK_C01_C01
                0x200077e4                RAM_BLOCK_C01_C00
                0x200078e4                RAM_BLOCK_C00_C00
                0x200079e4                RAM_BLOCK_C01_C03
                0x20007ae4                RAM_BLOCK_C03_C01
                0x20007be4                RAM_BLOCK_C00_C01
                0x20007ce4                RAM_BLOCK_C02_C01
                0x20007de4                RAM_BLOCK_C01_C02
                0x20007ee4                RAM_BLOCK_C03_C00
                0x20007fe4                RAM_BLOCK_C02_C00
                0x200080e4                RAM_BLOCK_C02_C02
                0x200081e4                RAM_BLOCK_C03_C03
                0x200082e4                RAM_BLOCK_C03_C02
                0x200083e4                RAM_BLOCK_C00_C03
                0x200084e4                RAM_BLOCK_C00_C02
                0x200085e4                RAM_BLOCK_C02_C03
                0x200086e4                _ram_end = .
                [!provide]                PROVIDE (ram_start = .)
                [!provide]                PROVIDE (ram_end = .)
 .data          0x200086e4        0x0 d:/programm/gnu tools arm embedded/7 2018-q2-update/bin/../lib/gcc/arm-none-eabi/7.3.1/thumb/v7e-m\libgcc.a(_arm_addsubdf3.o)
 .data          0x200086e4        0x0 d:/programm/gnu tools arm embedded/7 2018-q2-update/bin/../lib/gcc/arm-none-eabi/7.3.1/thumb/v7e-m\libgcc.a(_arm_cmpdf2.o)
START GROUP
LOAD d:/programm/gnu tools arm embedded/7 2018-q2-update/bin/../lib/gcc/arm-none-eabi/7.3.1/thumb/v7e-m\libgcc.a
LOAD d:/programm/gnu tools arm embedded/7 2018-q2-update/bin/../lib/gcc/arm-none-eabi/7.3.1/../../../../arm-none-eabi/lib/thumb/v7e-m\libg.a
LOAD d:/programm/gnu tools arm embedded/7 2018-q2-update/bin/../lib/gcc/arm-none-eabi/7.3.1/../../../../arm-none-eabi/lib/thumb/v7e-m\libc.a
END GROUP
OUTPUT(E:\NeuOrga\Programmieren\c_cpp\github_os\output\VERSION_ARM\operating_system.elf elf32-littlearm)

.bss            0x200086e4        0x0
 .bss           0x200086e4        0x0 d:/programm/gnu tools arm embedded/7 2018-q2-update/bin/../lib/gcc/arm-none-eabi/7.3.1/thumb/v7e-m\libgcc.a(_arm_addsubdf3.o)
 .bss           0x200086e4        0x0 d:/programm/gnu tools arm embedded/7 2018-q2-update/bin/../lib/gcc/arm-none-eabi/7.3.1/thumb/v7e-m\libgcc.a(_arm_cmpdf2.o)

.ARM.attributes
                0x00000000       0x31
 .ARM.attributes
                0x00000000       0x1e d:/programm/gnu tools arm embedded/7 2018-q2-update/bin/../lib/gcc/arm-none-eabi/7.3.1/thumb/v7e-m\libgcc.a(_arm_addsubdf3.o)
 .ARM.attributes
                0x0000001e       0x1e d:/programm/gnu tools arm embedded/7 2018-q2-update/bin/../lib/gcc/arm-none-eabi/7.3.1/thumb/v7e-m\libgcc.a(_arm_cmpdf2.o)

.debug_frame    0x00000000      0x170
 .debug_frame   0x00000000       0xac d:/programm/gnu tools arm embedded/7 2018-q2-update/bin/../lib/gcc/arm-none-eabi/7.3.1/thumb/v7e-m\libgcc.a(_arm_addsubdf3.o)
 .debug_frame   0x000000ac       0xc4 d:/programm/gnu tools arm embedded/7 2018-q2-update/bin/../lib/gcc/arm-none-eabi/7.3.1/thumb/v7e-m\libgcc.a(_arm_cmpdf2.o)
