Archive member included because of file (symbol)

d:/programm/gnu tools arm embedded/4.9 2015q1/bin/../lib/gcc/arm-none-eabi/4.9.3/armv7e-m\libgcc.a(_arm_addsubdf3.o)
                              os_task_scheduler.o (__aeabi_ui2d)
d:/programm/gnu tools arm embedded/4.9 2015q1/bin/../lib/gcc/arm-none-eabi/4.9.3/armv7e-m\libgcc.a(_arm_cmpdf2.o)
                              os_task_scheduler.o (__aeabi_dcmpgt)

Allocating common symbols
Common symbol       size              file

RAM_BLOCK_C01_C01   0x100             os_shared_ram.o
REGISTER_R2         0x4               os_task_common.o
REGISTER_R0         0x4               os_task_common.o
OS_STACK            0x100             os_ram.o
RAM_BLOCK_C01_C00   0x100             os_shared_ram.o
RAM_BLOCK_C00_C00   0x100             os_shared_ram.o
RAM_BLOCK_C01_C03   0x100             os_shared_ram.o
RAM_BLOCK_C03_C01   0x100             os_shared_ram.o
RAM_BLOCK_C00_C01   0x100             os_shared_ram.o
TASK_PTR            0x14              os_task_common.o
OS_MAIN_STACK       0x100             os_ram.o
RAM_BLOCK_C02_C01   0x100             os_shared_ram.o
RAM_BLOCK_C01_C02   0x100             os_shared_ram.o
RAM_BLOCK_C03_C00   0x100             os_shared_ram.o
REGISTER_R1         0x4               os_task_common.o
RAM_BLOCK_C02_C00   0x100             os_shared_ram.o
RAM_BLOCK_C02_C02   0x100             os_shared_ram.o
RAM_BLOCK_C03_C03   0x100             os_shared_ram.o
RAM_BLOCK_C03_C02   0x100             os_shared_ram.o
RAM_BLOCK_C00_C03   0x100             os_shared_ram.o
HEAP                0x2710            os_ram.o
REGISTER_R3         0x4               os_task_common.o
RAM_BLOCK_C00_C02   0x100             os_shared_ram.o
RAM_BLOCK_C02_C03   0x100             os_shared_ram.o

Discarded input sections

 .group         0x00000000        0x8 os_exception_table.o
 .group         0x00000000        0x8 os_exception_table.o
 .group         0x00000000        0x8 os_exception_table.o
 .group         0x00000000        0x8 os_exception_table.o
 .group         0x00000000        0x8 os_exception_table.o
 .group         0x00000000        0x8 os_exception_table.o
 .group         0x00000000        0x8 os_exception_table.o
 .group         0x00000000        0x8 os_exception_table.o
 .group         0x00000000        0x8 os_const.o
 .group         0x00000000        0x8 os_const.o
 .group         0x00000000        0x8 os_const.o
 .group         0x00000000        0x8 os_const.o
 .group         0x00000000        0x8 os_const.o
 .group         0x00000000        0x8 os_const.o
 .group         0x00000000        0x8 os_const.o
 .debug_macro   0x00000000      0x86e os_const.o
 .debug_macro   0x00000000       0x4c os_const.o
 .debug_macro   0x00000000       0x88 os_const.o
 .debug_macro   0x00000000       0x10 os_const.o
 .debug_macro   0x00000000       0x28 os_const.o
 .debug_macro   0x00000000       0x46 os_const.o
 .debug_macro   0x00000000       0x10 os_const.o
 .group         0x00000000        0x8 lld_global.o
 .group         0x00000000        0x8 lld_global.o
 .group         0x00000000        0x8 lld_global.o
 .group         0x00000000        0x8 lld_global.o
 .group         0x00000000        0x8 lld_global.o
 .group         0x00000000        0x8 lld_global.o
 .debug_macro   0x00000000      0x86e lld_global.o
 .debug_macro   0x00000000       0x4c lld_global.o
 .debug_macro   0x00000000       0x46 lld_global.o
 .debug_macro   0x00000000       0x10 lld_global.o
 .group         0x00000000        0x8 lld_interrupt.o
 .group         0x00000000        0x8 lld_interrupt.o
 .group         0x00000000        0x8 lld_interrupt.o
 .group         0x00000000        0x8 lld_interrupt.o
 .group         0x00000000        0x8 lld_interrupt.o
 .group         0x00000000        0x8 lld_interrupt.o
 .debug_macro   0x00000000      0x86e lld_interrupt.o
 .debug_macro   0x00000000       0x4c lld_interrupt.o
 .debug_macro   0x00000000       0x7c lld_interrupt.o
 .debug_macro   0x00000000       0x28 lld_interrupt.o
 .debug_macro   0x00000000       0x46 lld_interrupt.o
 .debug_macro   0x00000000       0x10 lld_interrupt.o
 .group         0x00000000        0x8 lld_mmu.o
 .group         0x00000000        0x8 lld_mmu.o
 .group         0x00000000        0x8 lld_mmu.o
 .group         0x00000000        0x8 lld_mmu.o
 .group         0x00000000        0x8 lld_mmu.o
 .group         0x00000000        0x8 lld_mmu.o
 .debug_macro   0x00000000      0x86e lld_mmu.o
 .debug_macro   0x00000000       0x4c lld_mmu.o
 .debug_macro   0x00000000       0x7c lld_mmu.o
 .debug_macro   0x00000000       0x28 lld_mmu.o
 .debug_macro   0x00000000       0x46 lld_mmu.o
 .debug_macro   0x00000000       0x10 lld_mmu.o
 .group         0x00000000        0x8 lld_ram.o
 .group         0x00000000        0x8 lld_ram.o
 .group         0x00000000        0x8 lld_ram.o
 .group         0x00000000        0x8 lld_ram.o
 .group         0x00000000        0x8 lld_ram.o
 .group         0x00000000        0x8 lld_ram.o
 .debug_macro   0x00000000      0x86e lld_ram.o
 .debug_macro   0x00000000       0x4c lld_ram.o
 .debug_macro   0x00000000       0x7c lld_ram.o
 .debug_macro   0x00000000       0x28 lld_ram.o
 .debug_macro   0x00000000       0x46 lld_ram.o
 .debug_macro   0x00000000       0x10 lld_ram.o
 .group         0x00000000        0x8 lld_timer.o
 .group         0x00000000        0x8 lld_timer.o
 .group         0x00000000        0x8 lld_timer.o
 .group         0x00000000        0x8 lld_timer.o
 .group         0x00000000        0x8 lld_timer.o
 .group         0x00000000        0x8 lld_timer.o
 .debug_macro   0x00000000      0x86e lld_timer.o
 .debug_macro   0x00000000       0x4c lld_timer.o
 .debug_macro   0x00000000       0x7c lld_timer.o
 .debug_macro   0x00000000       0x28 lld_timer.o
 .debug_macro   0x00000000       0x46 lld_timer.o
 .debug_macro   0x00000000       0x10 lld_timer.o
 .group         0x00000000        0x8 lld_power.o
 .group         0x00000000        0x8 lld_power.o
 .group         0x00000000        0x8 lld_power.o
 .group         0x00000000        0x8 lld_power.o
 .group         0x00000000        0x8 lld_power.o
 .group         0x00000000        0x8 lld_power.o
 .debug_macro   0x00000000      0x86e lld_power.o
 .debug_macro   0x00000000       0x4c lld_power.o
 .debug_macro   0x00000000       0x7c lld_power.o
 .debug_macro   0x00000000       0x28 lld_power.o
 .debug_macro   0x00000000       0x46 lld_power.o
 .debug_macro   0x00000000       0x10 lld_power.o
 .group         0x00000000        0x8 os_common.o
 .group         0x00000000        0x8 os_common.o
 .group         0x00000000        0x8 os_common.o
 .group         0x00000000        0x8 os_common.o
 .group         0x00000000        0x8 os_common.o
 .group         0x00000000        0x8 os_common.o
 .group         0x00000000        0x8 os_common.o
 .debug_macro   0x00000000      0x86e os_common.o
 .debug_macro   0x00000000       0x4c os_common.o
 .debug_macro   0x00000000       0x88 os_common.o
 .debug_macro   0x00000000       0x10 os_common.o
 .debug_macro   0x00000000       0x28 os_common.o
 .debug_macro   0x00000000       0x46 os_common.o
 .debug_macro   0x00000000       0x10 os_common.o
 .group         0x00000000        0x8 os_driver_hook.o
 .group         0x00000000        0x8 os_driver_hook.o
 .group         0x00000000        0x8 os_driver_hook.o
 .group         0x00000000        0x8 os_driver_hook.o
 .group         0x00000000        0x8 os_driver_hook.o
 .group         0x00000000        0x8 os_driver_hook.o
 .group         0x00000000        0x8 os_driver_hook.o
 .debug_macro   0x00000000      0x86e os_driver_hook.o
 .debug_macro   0x00000000       0x4c os_driver_hook.o
 .debug_macro   0x00000000       0x88 os_driver_hook.o
 .debug_macro   0x00000000       0x10 os_driver_hook.o
 .debug_macro   0x00000000       0x28 os_driver_hook.o
 .debug_macro   0x00000000       0x46 os_driver_hook.o
 .debug_macro   0x00000000       0x10 os_driver_hook.o
 .group         0x00000000        0x8 os_exception.o
 .group         0x00000000        0x8 os_exception.o
 .group         0x00000000        0x8 os_exception.o
 .group         0x00000000        0x8 os_exception.o
 .group         0x00000000        0x8 os_exception.o
 .group         0x00000000        0x8 os_exception.o
 .group         0x00000000        0x8 os_exception.o
 .group         0x00000000        0x8 os_exception.o
 .debug_macro   0x00000000       0x4c os_exception.o
 .debug_macro   0x00000000       0x88 os_exception.o
 .debug_macro   0x00000000       0x10 os_exception.o
 .debug_macro   0x00000000       0x28 os_exception.o
 .debug_macro   0x00000000       0x46 os_exception.o
 .debug_macro   0x00000000       0x10 os_exception.o
 .debug_macro   0x00000000       0x10 os_exception.o
 .group         0x00000000        0x8 os_exception_isr_handler.o
 .group         0x00000000        0x8 os_exception_isr_handler.o
 .group         0x00000000        0x8 os_exception_isr_handler.o
 .group         0x00000000        0x8 os_exception_isr_handler.o
 .group         0x00000000        0x8 os_exception_isr_handler.o
 .group         0x00000000        0x8 os_exception_isr_handler.o
 .group         0x00000000        0x8 os_exception_isr_handler.o
 .group         0x00000000        0x8 os_exception_isr_handler.o
 .debug_macro   0x00000000      0x86e os_exception_isr_handler.o
 .debug_macro   0x00000000       0x4c os_exception_isr_handler.o
 .debug_macro   0x00000000       0x88 os_exception_isr_handler.o
 .debug_macro   0x00000000       0x10 os_exception_isr_handler.o
 .debug_macro   0x00000000       0x28 os_exception_isr_handler.o
 .debug_macro   0x00000000       0x46 os_exception_isr_handler.o
 .debug_macro   0x00000000       0x10 os_exception_isr_handler.o
 .group         0x00000000        0x8 os_init_task_system.o
 .group         0x00000000        0x8 os_init_task_system.o
 .group         0x00000000        0x8 os_init_task_system.o
 .group         0x00000000        0x8 os_init_task_system.o
 .group         0x00000000        0x8 os_init_task_system.o
 .group         0x00000000        0x8 os_init_task_system.o
 .group         0x00000000        0x8 os_init_task_system.o
 .group         0x00000000        0x8 os_init_task_system.o
 .debug_macro   0x00000000      0x86e os_init_task_system.o
 .debug_macro   0x00000000       0x4c os_init_task_system.o
 .debug_macro   0x00000000       0x88 os_init_task_system.o
 .debug_macro   0x00000000       0x10 os_init_task_system.o
 .debug_macro   0x00000000       0x28 os_init_task_system.o
 .debug_macro   0x00000000       0x46 os_init_task_system.o
 .debug_macro   0x00000000       0x10 os_init_task_system.o
 .group         0x00000000        0x8 os_main.o
 .group         0x00000000        0x8 os_main.o
 .group         0x00000000        0x8 os_main.o
 .group         0x00000000        0x8 os_main.o
 .group         0x00000000        0x8 os_main.o
 .group         0x00000000        0x8 os_main.o
 .group         0x00000000        0x8 os_main.o
 .group         0x00000000        0x8 os_main.o
 .debug_macro   0x00000000      0x86e os_main.o
 .debug_macro   0x00000000       0x4c os_main.o
 .debug_macro   0x00000000       0x88 os_main.o
 .debug_macro   0x00000000       0x10 os_main.o
 .debug_macro   0x00000000       0x28 os_main.o
 .debug_macro   0x00000000       0x46 os_main.o
 .debug_macro   0x00000000       0x10 os_main.o
 .debug_macro   0x00000000       0x28 os_main.o
 .group         0x00000000        0x8 os_memory_mmu_setup.o
 .group         0x00000000        0x8 os_memory_mmu_setup.o
 .group         0x00000000        0x8 os_memory_mmu_setup.o
 .group         0x00000000        0x8 os_memory_mmu_setup.o
 .group         0x00000000        0x8 os_memory_mmu_setup.o
 .group         0x00000000        0x8 os_memory_mmu_setup.o
 .group         0x00000000        0x8 os_memory_mmu_setup.o
 .debug_macro   0x00000000      0x86e os_memory_mmu_setup.o
 .debug_macro   0x00000000       0x4c os_memory_mmu_setup.o
 .debug_macro   0x00000000       0x88 os_memory_mmu_setup.o
 .debug_macro   0x00000000       0x10 os_memory_mmu_setup.o
 .debug_macro   0x00000000       0x28 os_memory_mmu_setup.o
 .debug_macro   0x00000000       0x46 os_memory_mmu_setup.o
 .debug_macro   0x00000000       0x10 os_memory_mmu_setup.o
 .group         0x00000000        0x8 os_memory_virtualisation.o
 .group         0x00000000        0x8 os_memory_virtualisation.o
 .group         0x00000000        0x8 os_memory_virtualisation.o
 .debug_macro   0x00000000      0x86e os_memory_virtualisation.o
 .debug_macro   0x00000000       0x4c os_memory_virtualisation.o
 .group         0x00000000        0x8 os_rte_common.o
 .group         0x00000000        0x8 os_rte_common.o
 .group         0x00000000        0x8 os_rte_common.o
 .group         0x00000000        0x8 os_rte_common.o
 .group         0x00000000        0x8 os_rte_common.o
 .group         0x00000000        0x8 os_rte_common.o
 .group         0x00000000        0x8 os_rte_common.o
 .debug_macro   0x00000000      0x86e os_rte_common.o
 .debug_macro   0x00000000       0x4c os_rte_common.o
 .debug_macro   0x00000000       0x88 os_rte_common.o
 .debug_macro   0x00000000       0x10 os_rte_common.o
 .debug_macro   0x00000000       0x28 os_rte_common.o
 .debug_macro   0x00000000       0x46 os_rte_common.o
 .debug_macro   0x00000000       0x10 os_rte_common.o
 .group         0x00000000        0x8 os_rte_icc.o
 .group         0x00000000        0x8 os_rte_icc.o
 .group         0x00000000        0x8 os_rte_icc.o
 .group         0x00000000        0x8 os_rte_icc.o
 .group         0x00000000        0x8 os_rte_icc.o
 .group         0x00000000        0x8 os_rte_icc.o
 .group         0x00000000        0x8 os_rte_icc.o
 .debug_macro   0x00000000      0x86e os_rte_icc.o
 .debug_macro   0x00000000       0x4c os_rte_icc.o
 .debug_macro   0x00000000       0x88 os_rte_icc.o
 .debug_macro   0x00000000       0x10 os_rte_icc.o
 .debug_macro   0x00000000       0x28 os_rte_icc.o
 .debug_macro   0x00000000       0x46 os_rte_icc.o
 .debug_macro   0x00000000       0x10 os_rte_icc.o
 .group         0x00000000        0x8 os_shutdown.o
 .group         0x00000000        0x8 os_shutdown.o
 .group         0x00000000        0x8 os_shutdown.o
 .group         0x00000000        0x8 os_shutdown.o
 .group         0x00000000        0x8 os_shutdown.o
 .group         0x00000000        0x8 os_shutdown.o
 .group         0x00000000        0x8 os_shutdown.o
 .debug_macro   0x00000000      0x86e os_shutdown.o
 .debug_macro   0x00000000       0x4c os_shutdown.o
 .debug_macro   0x00000000       0x88 os_shutdown.o
 .debug_macro   0x00000000       0x10 os_shutdown.o
 .debug_macro   0x00000000       0x28 os_shutdown.o
 .debug_macro   0x00000000       0x46 os_shutdown.o
 .debug_macro   0x00000000       0x10 os_shutdown.o
 .group         0x00000000        0x8 os_start_ext_prg.o
 .group         0x00000000        0x8 os_start_ext_prg.o
 .group         0x00000000        0x8 os_start_ext_prg.o
 .group         0x00000000        0x8 os_start_ext_prg.o
 .group         0x00000000        0x8 os_start_ext_prg.o
 .group         0x00000000        0x8 os_start_ext_prg.o
 .group         0x00000000        0x8 os_start_ext_prg.o
 .debug_macro   0x00000000      0x86e os_start_ext_prg.o
 .debug_macro   0x00000000       0x4c os_start_ext_prg.o
 .debug_macro   0x00000000       0x88 os_start_ext_prg.o
 .debug_macro   0x00000000       0x10 os_start_ext_prg.o
 .debug_macro   0x00000000       0x28 os_start_ext_prg.o
 .debug_macro   0x00000000       0x46 os_start_ext_prg.o
 .debug_macro   0x00000000       0x10 os_start_ext_prg.o
 .group         0x00000000        0x8 os_start_init_hw.o
 .group         0x00000000        0x8 os_start_init_hw.o
 .group         0x00000000        0x8 os_start_init_hw.o
 .group         0x00000000        0x8 os_start_init_hw.o
 .group         0x00000000        0x8 os_start_init_hw.o
 .group         0x00000000        0x8 os_start_init_hw.o
 .group         0x00000000        0x8 os_start_init_hw.o
 .debug_macro   0x00000000      0x86e os_start_init_hw.o
 .debug_macro   0x00000000       0x4c os_start_init_hw.o
 .debug_macro   0x00000000       0x88 os_start_init_hw.o
 .debug_macro   0x00000000       0x10 os_start_init_hw.o
 .debug_macro   0x00000000       0x28 os_start_init_hw.o
 .debug_macro   0x00000000       0x46 os_start_init_hw.o
 .debug_macro   0x00000000       0x10 os_start_init_hw.o
 .group         0x00000000        0x8 os_start_init_mc.o
 .group         0x00000000        0x8 os_start_init_mc.o
 .group         0x00000000        0x8 os_start_init_mc.o
 .group         0x00000000        0x8 os_start_init_mc.o
 .group         0x00000000        0x8 os_start_init_mc.o
 .group         0x00000000        0x8 os_start_init_mc.o
 .group         0x00000000        0x8 os_start_init_mc.o
 .debug_macro   0x00000000      0x86e os_start_init_mc.o
 .debug_macro   0x00000000       0x4c os_start_init_mc.o
 .debug_macro   0x00000000       0x88 os_start_init_mc.o
 .debug_macro   0x00000000       0x10 os_start_init_mc.o
 .debug_macro   0x00000000       0x28 os_start_init_mc.o
 .debug_macro   0x00000000       0x46 os_start_init_mc.o
 .debug_macro   0x00000000       0x10 os_start_init_mc.o
 .group         0x00000000        0x8 os_start_init_sw.o
 .group         0x00000000        0x8 os_start_init_sw.o
 .group         0x00000000        0x8 os_start_init_sw.o
 .group         0x00000000        0x8 os_start_init_sw.o
 .group         0x00000000        0x8 os_start_init_sw.o
 .group         0x00000000        0x8 os_start_init_sw.o
 .group         0x00000000        0x8 os_start_init_sw.o
 .debug_macro   0x00000000      0x86e os_start_init_sw.o
 .debug_macro   0x00000000       0x4c os_start_init_sw.o
 .debug_macro   0x00000000       0x88 os_start_init_sw.o
 .debug_macro   0x00000000       0x10 os_start_init_sw.o
 .debug_macro   0x00000000       0x28 os_start_init_sw.o
 .debug_macro   0x00000000       0x46 os_start_init_sw.o
 .debug_macro   0x00000000       0x10 os_start_init_sw.o
 .group         0x00000000        0x8 os_start_os.o
 .group         0x00000000        0x8 os_start_os.o
 .group         0x00000000        0x8 os_start_os.o
 .group         0x00000000        0x8 os_start_os.o
 .group         0x00000000        0x8 os_start_os.o
 .group         0x00000000        0x8 os_start_os.o
 .group         0x00000000        0x8 os_start_os.o
 .debug_macro   0x00000000      0x86e os_start_os.o
 .debug_macro   0x00000000       0x4c os_start_os.o
 .debug_macro   0x00000000       0x88 os_start_os.o
 .debug_macro   0x00000000       0x10 os_start_os.o
 .debug_macro   0x00000000       0x28 os_start_os.o
 .debug_macro   0x00000000       0x46 os_start_os.o
 .debug_macro   0x00000000       0x10 os_start_os.o
 .group         0x00000000        0x8 os_task_common.o
 .group         0x00000000        0x8 os_task_common.o
 .group         0x00000000        0x8 os_task_common.o
 .group         0x00000000        0x8 os_task_common.o
 .group         0x00000000        0x8 os_task_common.o
 .group         0x00000000        0x8 os_task_common.o
 .group         0x00000000        0x8 os_task_common.o
 .group         0x00000000        0x8 os_task_common.o
 .debug_macro   0x00000000      0x86e os_task_common.o
 .debug_macro   0x00000000       0x4c os_task_common.o
 .debug_macro   0x00000000       0x88 os_task_common.o
 .debug_macro   0x00000000       0x10 os_task_common.o
 .debug_macro   0x00000000       0x28 os_task_common.o
 .debug_macro   0x00000000       0x46 os_task_common.o
 .debug_macro   0x00000000       0x10 os_task_common.o
 .debug_macro   0x00000000       0x28 os_task_common.o
 .group         0x00000000        0x8 os_task_queue.o
 .group         0x00000000        0x8 os_task_queue.o
 .group         0x00000000        0x8 os_task_queue.o
 .group         0x00000000        0x8 os_task_queue.o
 .group         0x00000000        0x8 os_task_queue.o
 .group         0x00000000        0x8 os_task_queue.o
 .group         0x00000000        0x8 os_task_queue.o
 .group         0x00000000        0x8 os_task_queue.o
 .group         0x00000000        0x8 os_task_queue.o
 .debug_macro   0x00000000      0x86e os_task_queue.o
 .debug_macro   0x00000000       0x4c os_task_queue.o
 .debug_macro   0x00000000       0x88 os_task_queue.o
 .debug_macro   0x00000000       0x10 os_task_queue.o
 .debug_macro   0x00000000       0x28 os_task_queue.o
 .debug_macro   0x00000000       0x46 os_task_queue.o
 .debug_macro   0x00000000       0x10 os_task_queue.o
 .debug_macro   0x00000000       0x28 os_task_queue.o
 .group         0x00000000        0x8 os_task_scheduler.o
 .group         0x00000000        0x8 os_task_scheduler.o
 .group         0x00000000        0x8 os_task_scheduler.o
 .group         0x00000000        0x8 os_task_scheduler.o
 .group         0x00000000        0x8 os_task_scheduler.o
 .group         0x00000000        0x8 os_task_scheduler.o
 .group         0x00000000        0x8 os_task_scheduler.o
 .group         0x00000000        0x8 os_task_scheduler.o
 .group         0x00000000        0x8 os_task_scheduler.o
 .debug_macro   0x00000000      0x86e os_task_scheduler.o
 .debug_macro   0x00000000       0x4c os_task_scheduler.o
 .debug_macro   0x00000000       0x88 os_task_scheduler.o
 .debug_macro   0x00000000       0x10 os_task_scheduler.o
 .debug_macro   0x00000000       0x28 os_task_scheduler.o
 .debug_macro   0x00000000       0x46 os_task_scheduler.o
 .debug_macro   0x00000000       0x10 os_task_scheduler.o
 .debug_macro   0x00000000       0x28 os_task_scheduler.o
 .debug_macro   0x00000000       0x1c os_task_scheduler.o
 .group         0x00000000        0x8 os_stack.o
 .group         0x00000000        0x8 os_stack.o
 .group         0x00000000        0x8 os_stack.o
 .group         0x00000000        0x8 os_stack.o
 .group         0x00000000        0x8 os_stack.o
 .group         0x00000000        0x8 os_stack.o
 .group         0x00000000        0x8 os_stack.o
 .debug_macro   0x00000000      0x86e os_stack.o
 .debug_macro   0x00000000       0x4c os_stack.o
 .debug_macro   0x00000000       0x88 os_stack.o
 .debug_macro   0x00000000       0x10 os_stack.o
 .debug_macro   0x00000000       0x28 os_stack.o
 .debug_macro   0x00000000       0x46 os_stack.o
 .debug_macro   0x00000000       0x10 os_stack.o
 .group         0x00000000        0x8 os_heap.o
 .group         0x00000000        0x8 os_heap.o
 .group         0x00000000        0x8 os_heap.o
 .group         0x00000000        0x8 os_heap.o
 .group         0x00000000        0x8 os_heap.o
 .group         0x00000000        0x8 os_heap.o
 .group         0x00000000        0x8 os_heap.o
 .debug_macro   0x00000000      0x86e os_heap.o
 .debug_macro   0x00000000       0x4c os_heap.o
 .debug_macro   0x00000000       0x88 os_heap.o
 .debug_macro   0x00000000       0x10 os_heap.o
 .debug_macro   0x00000000       0x28 os_heap.o
 .debug_macro   0x00000000       0x46 os_heap.o
 .debug_macro   0x00000000       0x10 os_heap.o
 .group         0x00000000        0x8 os_diagnostic_main.o
 .group         0x00000000        0x8 os_diagnostic_main.o
 .group         0x00000000        0x8 os_diagnostic_main.o
 .group         0x00000000        0x8 os_diagnostic_main.o
 .group         0x00000000        0x8 os_diagnostic_main.o
 .group         0x00000000        0x8 os_diagnostic_main.o
 .group         0x00000000        0x8 os_diagnostic_main.o
 .debug_macro   0x00000000      0x86e os_diagnostic_main.o
 .debug_macro   0x00000000       0x4c os_diagnostic_main.o
 .debug_macro   0x00000000       0x88 os_diagnostic_main.o
 .debug_macro   0x00000000       0x10 os_diagnostic_main.o
 .debug_macro   0x00000000       0x28 os_diagnostic_main.o
 .debug_macro   0x00000000       0x46 os_diagnostic_main.o
 .debug_macro   0x00000000       0x10 os_diagnostic_main.o
 .group         0x00000000        0x8 led.o
 .group         0x00000000        0x8 led.o
 .group         0x00000000        0x8 led.o
 .group         0x00000000        0x8 led.o
 .group         0x00000000        0x8 led.o
 .group         0x00000000        0x8 led.o
 .group         0x00000000        0x8 led.o
 .debug_macro   0x00000000      0x86e led.o
 .debug_macro   0x00000000       0x4c led.o
 .debug_macro   0x00000000       0x88 led.o
 .debug_macro   0x00000000       0x10 led.o
 .debug_macro   0x00000000       0x28 led.o
 .debug_macro   0x00000000       0x46 led.o
 .debug_macro   0x00000000       0x10 led.o
 .group         0x00000000        0x8 os_ram.o
 .group         0x00000000        0x8 os_ram.o
 .group         0x00000000        0x8 os_ram.o
 .group         0x00000000        0x8 os_ram.o
 .group         0x00000000        0x8 os_ram.o
 .group         0x00000000        0x8 os_ram.o
 .group         0x00000000        0x8 os_ram.o
 .debug_macro   0x00000000      0x86e os_ram.o
 .debug_macro   0x00000000       0x4c os_ram.o
 .debug_macro   0x00000000       0x88 os_ram.o
 .debug_macro   0x00000000       0x10 os_ram.o
 .debug_macro   0x00000000       0x28 os_ram.o
 .debug_macro   0x00000000       0x46 os_ram.o
 .debug_macro   0x00000000       0x10 os_ram.o
 .group         0x00000000        0x8 os_shared_ram.o
 .group         0x00000000        0x8 os_shared_ram.o
 .group         0x00000000        0x8 os_shared_ram.o
 .group         0x00000000        0x8 os_shared_ram.o
 .group         0x00000000        0x8 os_shared_ram.o
 .group         0x00000000        0x8 os_shared_ram.o
 .group         0x00000000        0x8 os_shared_ram.o
 .debug_macro   0x00000000      0x86e os_shared_ram.o
 .debug_macro   0x00000000       0x4c os_shared_ram.o
 .debug_macro   0x00000000       0x88 os_shared_ram.o
 .debug_macro   0x00000000       0x10 os_shared_ram.o
 .debug_macro   0x00000000       0x28 os_shared_ram.o
 .debug_macro   0x00000000       0x46 os_shared_ram.o
 .debug_macro   0x00000000       0x10 os_shared_ram.o

Memory Configuration

Name             Origin             Length             Attributes
rom              0x08000000         0x00100000
ram              0x20000000         0x00030000
*default*        0x00000000         0xffffffff

Linker script and memory map


.text           0x08000000    0x12904
                0x08000000                _ivec_start = .
 os_exception_table.o()
 .text          0x08000000        0x0 os_exception_table.o
 .data          0x08000000       0x40 os_exception_table.o
                0x08000000                isr_vec_table
 .bss           0x08000040        0x0 os_exception_table.o
 .debug_info    0x08000040       0x9a os_exception_table.o
 .debug_abbrev  0x080000da       0x6d os_exception_table.o
 .debug_aranges
                0x08000147       0x18 os_exception_table.o
 .debug_macro   0x0800015f       0x9a os_exception_table.o
 .debug_macro   0x080001f9      0x86e os_exception_table.o
 .debug_macro   0x08000a67       0x4c os_exception_table.o
 .debug_macro   0x08000ab3       0x88 os_exception_table.o
 .debug_macro   0x08000b3b       0x10 os_exception_table.o
 .debug_macro   0x08000b4b       0x28 os_exception_table.o
 .debug_macro   0x08000b73       0x46 os_exception_table.o
 .debug_macro   0x08000bb9       0x10 os_exception_table.o
 .debug_macro   0x08000bc9       0x10 os_exception_table.o
 .debug_line    0x08000bd9      0x1df os_exception_table.o
 .debug_str     0x08000db8     0x2a42 os_exception_table.o
                               0x2a82 (size before relaxing)
 .comment       0x080037fa       0x70 os_exception_table.o
                                 0x71 (size before relaxing)
 .ARM.attributes
                0x0800386a       0x33 os_exception_table.o
 .iplt          0x00000000        0x0 os_exception_table.o
 .rel.iplt      0x00000000        0x0 os_exception_table.o
 .igot.plt      0x00000000        0x0 os_exception_table.o
                0x0800389d                _ivec_end = .
                0x0800389d                PROVIDE (ivec_start, .)
                0x0800389d                PROVIDE (ivec_end, .)
                0x0800389d                _const_start = .
 os_const.o()
 *fill*         0x0800389d        0x1 
 .text          0x0800389e        0x0 os_const.o
 .data          0x0800389e        0x0 os_const.o
 .bss           0x0800389e        0x0 os_const.o
 .debug_info    0x0800389e       0x3a os_const.o
 .debug_abbrev  0x080038d8       0x1c os_const.o
 .debug_aranges
                0x080038f4       0x18 os_const.o
 .debug_macro   0x0800390c       0x91 os_const.o
 .debug_line    0x0800399d      0x1b7 os_const.o
 .debug_str     0x08003b54       0x46 os_const.o
                               0x2a11 (size before relaxing)
 .comment       0x00000000       0x71 os_const.o
 .ARM.attributes
                0x08003b9a       0x33 os_const.o
                0x08003bcd                _const_end = .
                0x08003bcd                PROVIDE (const_start, .)
                0x08003bcd                PROVIDE (const_end, .)
                0x08003bcd                _code_start = .
 lld_global.o()
 *fill*         0x08003bcd        0x3 
 .text          0x08003bd0       0xc8 lld_global.o
                0x08003bd0                Get_core_id
                0x08003be8                LLF_SAVE_TASK_STACK
                0x08003c04                LLF_SAVE_REGISTERS
                0x08003c18                LLF_RESTORE_TASK_STACK
                0x08003c34                LLF_RESTORE_REGISTERS
                0x08003c48                LLF_RESTORE_SYSTEM_STACK
                0x08003c64                LLF_SAVE_SYSTEM_STACK
                0x08003c80                LLF_CLEAR_ALL_GP_REGISTERS
                0x08003c8c                LLF_PERFORM_RAM_CHECK
 .data          0x08003c98        0x0 lld_global.o
 .bss           0x08003c98        0x0 lld_global.o
 .debug_info    0x08003c98      0x451 lld_global.o
 .debug_abbrev  0x080040e9      0x11e lld_global.o
 .debug_aranges
                0x08004207       0x20 lld_global.o
 .debug_macro   0x08004227       0xc4 lld_global.o
 .debug_macro   0x080042eb       0x7c lld_global.o
 .debug_macro   0x08004367       0x28 lld_global.o
 .debug_line    0x0800438f      0x1e3 lld_global.o
 .debug_str     0x08004572      0x432 lld_global.o
                               0x2da4 (size before relaxing)
 .comment       0x00000000       0x71 lld_global.o
 .debug_frame   0x080049a4      0x170 lld_global.o
 .ARM.attributes
                0x08004b14       0x33 lld_global.o
 lld_interrupt.o()
 *fill*         0x08004b47        0x1 
 .text          0x08004b48       0x2c lld_interrupt.o
                0x08004b48                LLF_INT_DISABLE
                0x08004b58                LLF_INT_ENABLE
                0x08004b68                LLF_DISABLE_INTERRUPTS_ALL_CORES
 .data          0x08004b74        0x0 lld_interrupt.o
 .bss           0x08004b74        0x0 lld_interrupt.o
 .debug_info    0x08004b74       0x75 lld_interrupt.o
 .debug_abbrev  0x08004be9       0x50 lld_interrupt.o
 .debug_aranges
                0x08004c39       0x20 lld_interrupt.o
 .debug_macro   0x08004c59       0xc8 lld_interrupt.o
 .debug_line    0x08004d21      0x1d5 lld_interrupt.o
 .debug_str     0x08004ef6       0x8e lld_interrupt.o
                               0x2ab3 (size before relaxing)
 .comment       0x00000000       0x71 lld_interrupt.o
 .debug_frame   0x08004f84       0x74 lld_interrupt.o
 .ARM.attributes
                0x08004ff8       0x33 lld_interrupt.o
 lld_mmu.o()
 *fill*         0x0800502b        0x1 
 .text          0x0800502c       0x50 lld_mmu.o
                0x0800502c                LLF_MPU_DISABLE
                0x08005038                LLF_MPU_ENABLE
                0x08005044                LLF_MPU_SWITCH_OFF_ALL_REGIONS
                0x08005050                LLF_GET_MPU_PRESENT
 .data          0x0800507c        0x0 lld_mmu.o
 .bss           0x0800507c        0x0 lld_mmu.o
 .debug_info    0x0800507c       0xa4 lld_mmu.o
 .debug_abbrev  0x08005120       0x6e lld_mmu.o
 .debug_aranges
                0x0800518e       0x20 lld_mmu.o
 .debug_macro   0x080051ae       0xca lld_mmu.o
 .debug_line    0x08005278      0x1d2 lld_mmu.o
 .debug_str     0x0800544a       0xc2 lld_mmu.o
                               0x2aff (size before relaxing)
 .comment       0x00000000       0x71 lld_mmu.o
 .debug_frame   0x0800550c       0xa4 lld_mmu.o
 .ARM.attributes
                0x080055b0       0x33 lld_mmu.o
 lld_ram.o()
 *fill*         0x080055e3        0x1 
 .text          0x080055e4       0x28 lld_ram.o
                0x080055e4                LLF_CLEAR_ALL_RAM
 .data          0x0800560c        0x0 lld_ram.o
 .bss           0x0800560c        0x0 lld_ram.o
 .debug_info    0x0800560c       0x53 lld_ram.o
 .debug_abbrev  0x0800565f       0x38 lld_ram.o
 .debug_aranges
                0x08005697       0x20 lld_ram.o
 .debug_macro   0x080056b7       0xc4 lld_ram.o
 .debug_line    0x0800577b      0x1cb lld_ram.o
 .debug_str     0x08005946       0x5a lld_ram.o
                               0x2a7f (size before relaxing)
 .comment       0x00000000       0x71 lld_ram.o
 .debug_frame   0x080059a0       0x34 lld_ram.o
 .ARM.attributes
                0x080059d4       0x33 lld_ram.o
 lld_timer.o()
 *fill*         0x08005a07        0x1 
 .text          0x08005a08       0x30 lld_timer.o
                0x08005a08                LLF_UP_CNT_TIMER_32
                0x08005a18                LLF_ADD_2_TCMP
                0x08005a2c                LLF_TCMP1_CONFIG
 .data          0x08005a38        0x0 lld_timer.o
 .bss           0x08005a38        0x0 lld_timer.o
 .debug_info    0x08005a38       0xa2 lld_timer.o
 .debug_abbrev  0x08005ada       0x88 lld_timer.o
 .debug_aranges
                0x08005b62       0x20 lld_timer.o
 .debug_macro   0x08005b82       0xc4 lld_timer.o
 .debug_line    0x08005c46      0x1cf lld_timer.o
 .debug_str     0x08005e15       0x8e lld_timer.o
                               0x2ac4 (size before relaxing)
 .comment       0x00000000       0x71 lld_timer.o
 *fill*         0x08005ea3        0x1 
 .debug_frame   0x08005ea4       0x80 lld_timer.o
 .ARM.attributes
                0x08005f24       0x33 lld_timer.o
 lld_power.o()
 *fill*         0x08005f57        0x1 
 .text          0x08005f58       0x28 lld_power.o
                0x08005f58                LLF_MCU_SWITCH_OFF_POWER
                0x08005f64                LLF_MCU_RESET_POWER
 .data          0x08005f80        0x0 lld_power.o
 .bss           0x08005f80        0x0 lld_power.o
 .debug_info    0x08005f80       0x6f lld_power.o
 .debug_abbrev  0x08005fef       0x5d lld_power.o
 .debug_aranges
                0x0800604c       0x20 lld_power.o
 .debug_macro   0x0800606c       0xd0 lld_power.o
 .debug_line    0x0800613c      0x1ce lld_power.o
 .debug_str     0x0800630a       0xbb lld_power.o
                               0x2ae7 (size before relaxing)
 .comment       0x00000000       0x71 lld_power.o
 *fill*         0x080063c5        0x3 
 .debug_frame   0x080063c8       0x50 lld_power.o
 .ARM.attributes
                0x08006418       0x33 lld_power.o
 os_exception_reset.o()
 *fill*         0x0800644b        0x1 
 .text          0x0800644c       0x80 E:\NeuOrga\Programmieren\c_cpp\github_os\output\os_drivers\obj_arm\os_exception_reset.o
                0x0800644c                OS_Exception_RESET
 .data          0x080064cc        0x0 E:\NeuOrga\Programmieren\c_cpp\github_os\output\os_drivers\obj_arm\os_exception_reset.o
 .bss           0x080064cc        0x0 E:\NeuOrga\Programmieren\c_cpp\github_os\output\os_drivers\obj_arm\os_exception_reset.o
 .ARM.attributes
                0x080064cc       0x14 E:\NeuOrga\Programmieren\c_cpp\github_os\output\os_drivers\obj_arm\os_exception_reset.o
 os_common.o()
 .text          0x080064e0       0x38 os_common.o
                0x080064e0                OS_SET_SW_BUG
                0x08006508                Get_current_time
 .data          0x08006518        0x0 os_common.o
 .bss           0x08006518       0x10 os_common.o
 .debug_info    0x08006528      0x16a os_common.o
 .debug_abbrev  0x08006692       0xa9 os_common.o
 .debug_aranges
                0x0800673b       0x20 os_common.o
 .debug_macro   0x0800675b       0x95 os_common.o
 .debug_line    0x080067f0      0x1de os_common.o
 .debug_str     0x080069ce      0x2a8 os_common.o
                               0x2c8d (size before relaxing)
 .comment       0x00000000       0x71 os_common.o
 *fill*         0x08006c76        0x2 
 .debug_frame   0x08006c78       0x5c os_common.o
 .ARM.attributes
                0x08006cd4       0x33 os_common.o
 os_driver_hook.o()
 *fill*         0x08006d07        0x1 
 .text          0x08006d08        0x0 os_driver_hook.o
 .data          0x08006d08        0x0 os_driver_hook.o
 .bss           0x08006d08        0x0 os_driver_hook.o
 .debug_info    0x08006d08       0x3a os_driver_hook.o
 .debug_abbrev  0x08006d42       0x1c os_driver_hook.o
 .debug_aranges
                0x08006d5e       0x18 os_driver_hook.o
 .debug_macro   0x08006d76       0x91 os_driver_hook.o
 .debug_line    0x08006e07      0x1bd os_driver_hook.o
 .debug_str     0x08006fc4       0x4c os_driver_hook.o
                               0x2a17 (size before relaxing)
 .comment       0x00000000       0x71 os_driver_hook.o
 .ARM.attributes
                0x08007010       0x33 os_driver_hook.o
 os_exception.o()
 *fill*         0x08007043        0x1 
 .text          0x08007044       0x84 os_exception.o
                0x08007044                OS_Exception_HARDFAULT
                0x0800705c                OS_Exception_NMI
                0x08007064                OS_Exception_SWI
                0x08007070                OS_Exception_BUS_FAULT
                0x08007078                OS_Exception_MEM_MANAG_FAULT
                0x08007080                OS_Exception_IRQ
                0x0800708c                OS_Exception_FIQ
                0x08007098                TCMP1
                0x080070a4                TCMP2
                0x080070b0                TCMP3
                0x080070bc                TCMP4
 .data          0x080070c8        0x0 os_exception.o
 .bss           0x080070c8        0x0 os_exception.o
 .debug_info    0x080070c8      0x139 os_exception.o
 .debug_abbrev  0x08007201       0xa5 os_exception.o
 .debug_aranges
                0x080072a6       0x20 os_exception.o
 .debug_macro   0x080072c6       0xb2 os_exception.o
 .debug_macro   0x08007378      0x868 os_exception.o
 .debug_line    0x08007be0      0x244 os_exception.o
 .debug_str     0x08007e24      0x1cd os_exception.o
                               0x2b42 (size before relaxing)
 .comment       0x00000000       0x71 os_exception.o
 *fill*         0x08007ff1        0x3 
 .debug_frame   0x08007ff4      0x144 os_exception.o
 .ARM.attributes
                0x08008138       0x33 os_exception.o
 os_exception_isr_handler.o()
 *fill*         0x0800816b        0x1 
 .text          0x0800816c       0x30 os_exception_isr_handler.o
                0x0800816c                OS_ISRHANDLERC0
                0x08008178                OS_ISRHANDLERC1
                0x08008184                OS_ISRHANDLERC2
                0x08008190                OS_ISRHANDLERC3
 .data          0x0800819c        0x0 os_exception_isr_handler.o
 .bss           0x0800819c        0x0 os_exception_isr_handler.o
 .debug_info    0x0800819c       0x86 os_exception_isr_handler.o
 .debug_abbrev  0x08008222       0x38 os_exception_isr_handler.o
 .debug_aranges
                0x0800825a       0x20 os_exception_isr_handler.o
 .debug_macro   0x0800827a       0x9e os_exception_isr_handler.o
 .debug_macro   0x08008318       0x28 os_exception_isr_handler.o
 .debug_line    0x08008340      0x20a os_exception_isr_handler.o
 .debug_str     0x0800854a      0x106 os_exception_isr_handler.o
                               0x2ad1 (size before relaxing)
 .comment       0x00000000       0x71 os_exception_isr_handler.o
 .debug_frame   0x08008650       0x80 os_exception_isr_handler.o
 .ARM.attributes
                0x080086d0       0x33 os_exception_isr_handler.o
 os_exception_table.o()
 os_init_task_system.o()
 *fill*         0x08008703        0x1 
 .text          0x08008704        0xc os_init_task_system.o
                0x08008704                OS_INIT_TASK_SYSTEM
 .data          0x08008710        0x0 os_init_task_system.o
 .bss           0x08008710        0x0 os_init_task_system.o
 .debug_info    0x08008710       0x53 os_init_task_system.o
 .debug_abbrev  0x08008763       0x38 os_init_task_system.o
 .debug_aranges
                0x0800879b       0x20 os_init_task_system.o
 .debug_macro   0x080087bb       0xa4 os_init_task_system.o
 .debug_macro   0x0800885f       0x22 os_init_task_system.o
 .debug_line    0x08008881      0x1fc os_init_task_system.o
 .debug_str     0x08008a7d       0x65 os_init_task_system.o
                               0x2aa0 (size before relaxing)
 .comment       0x00000000       0x71 os_init_task_system.o
 *fill*         0x08008ae2        0x2 
 .debug_frame   0x08008ae4       0x2c os_init_task_system.o
 .ARM.attributes
                0x08008b10       0x33 os_init_task_system.o
 os_main.o()
 *fill*         0x08008b43        0x1 
 .text          0x08008b44       0x6c os_main.o
                0x08008b44                OS_STATE_HANDLER
 .data          0x08008bb0        0x0 os_main.o
 .bss           0x08008bb0        0x2 os_main.o
 .debug_info    0x08008bb2       0xdd os_main.o
 .debug_abbrev  0x08008c8f       0x6c os_main.o
 .debug_aranges
                0x08008cfb       0x20 os_main.o
 .debug_macro   0x08008d1b       0xc6 os_main.o
 .debug_line    0x08008de1      0x260 os_main.o
 .debug_str     0x08009041      0x132 os_main.o
                               0x2bb4 (size before relaxing)
 .comment       0x00000000       0x71 os_main.o
 *fill*         0x08009173        0x1 
 .debug_frame   0x08009174       0x2c os_main.o
 .ARM.attributes
                0x080091a0       0x33 os_main.o
 os_memory_mmu_setup.o()
 *fill*         0x080091d3        0x1 
 .text          0x080091d4        0xc os_memory_mmu_setup.o
                0x080091d4                OS_MMU_SETUP
 .data          0x080091e0        0x0 os_memory_mmu_setup.o
 .bss           0x080091e0        0x0 os_memory_mmu_setup.o
 .debug_info    0x080091e0       0x53 os_memory_mmu_setup.o
 .debug_abbrev  0x08009233       0x38 os_memory_mmu_setup.o
 .debug_aranges
                0x0800926b       0x20 os_memory_mmu_setup.o
 .debug_macro   0x0800928b       0xcd os_memory_mmu_setup.o
 .debug_line    0x08009358      0x1d2 os_memory_mmu_setup.o
 .debug_str     0x0800952a      0x1cc os_memory_mmu_setup.o
                               0x2b97 (size before relaxing)
 .comment       0x00000000       0x71 os_memory_mmu_setup.o
 *fill*         0x080096f6        0x2 
 .debug_frame   0x080096f8       0x34 os_memory_mmu_setup.o
 .ARM.attributes
                0x0800972c       0x33 os_memory_mmu_setup.o
 os_memory_virtualisation.o()
 *fill*         0x0800975f        0x1 
 .text          0x08009760       0x3c os_memory_virtualisation.o
                0x08009778                OS_MALLOC
 .data          0x0800979c        0x0 os_memory_virtualisation.o
 .bss           0x0800979c        0x0 os_memory_virtualisation.o
 .debug_info    0x0800979c       0xee os_memory_virtualisation.o
 .debug_abbrev  0x0800988a       0x9e os_memory_virtualisation.o
 .debug_aranges
                0x08009928       0x20 os_memory_virtualisation.o
 .debug_macro   0x08009948       0x91 os_memory_virtualisation.o
 .debug_macro   0x080099d9       0x6a os_memory_virtualisation.o
 .debug_line    0x08009a43      0x1c6 os_memory_virtualisation.o
 .debug_str     0x08009c09       0xd7 os_memory_virtualisation.o
                               0x281d (size before relaxing)
 .comment       0x00000000       0x71 os_memory_virtualisation.o
 .debug_frame   0x08009ce0       0x60 os_memory_virtualisation.o
 .ARM.attributes
                0x08009d40       0x33 os_memory_virtualisation.o
 os_rte_common.o()
 *fill*         0x08009d73        0x1 
 .text          0x08009d74        0x0 os_rte_common.o
 .data          0x08009d74        0x0 os_rte_common.o
 .bss           0x08009d74        0x0 os_rte_common.o
 .debug_info    0x08009d74       0x3a os_rte_common.o
 .debug_abbrev  0x08009dae       0x1c os_rte_common.o
 .debug_aranges
                0x08009dca       0x18 os_rte_common.o
 .debug_macro   0x08009de2       0x91 os_rte_common.o
 .debug_line    0x08009e73      0x1bc os_rte_common.o
 .debug_str     0x0800a02f       0x4b os_rte_common.o
                               0x2a16 (size before relaxing)
 .comment       0x00000000       0x71 os_rte_common.o
 .ARM.attributes
                0x0800a07a       0x33 os_rte_common.o
 os_rte_icc.o()
 *fill*         0x0800a0ad        0x3 
 .text          0x0800a0b0       0x60 os_rte_icc.o
                0x0800a0b0                SEND_DATA
                0x0800a0d0                SEND_PACKAGE
                0x0800a0f0                SEND_FRAME
 .data          0x0800a110        0x0 os_rte_icc.o
 .bss           0x0800a110        0x0 os_rte_icc.o
 .debug_info    0x0800a110      0x180 os_rte_icc.o
 .debug_abbrev  0x0800a290       0x93 os_rte_icc.o
 .debug_aranges
                0x0800a323       0x20 os_rte_icc.o
 .debug_macro   0x0800a343       0x95 os_rte_icc.o
 .debug_line    0x0800a3d8      0x1e4 os_rte_icc.o
 .debug_str     0x0800a5bc       0xa9 os_rte_icc.o
                               0x2aab (size before relaxing)
 .comment       0x00000000       0x71 os_rte_icc.o
 *fill*         0x0800a665        0x3 
 .debug_frame   0x0800a668       0x88 os_rte_icc.o
 .ARM.attributes
                0x0800a6f0       0x33 os_rte_icc.o
 os_shutdown.o()
 *fill*         0x0800a723        0x1 
 .text          0x0800a724       0x24 os_shutdown.o
                0x0800a724                OS_SHUTDOWN
 .data          0x0800a748        0x0 os_shutdown.o
 .bss           0x0800a748        0x0 os_shutdown.o
 .debug_info    0x0800a748       0x86 os_shutdown.o
 .debug_abbrev  0x0800a7ce       0x6c os_shutdown.o
 .debug_aranges
                0x0800a83a       0x20 os_shutdown.o
 .debug_macro   0x0800a85a       0x9b os_shutdown.o
 .debug_line    0x0800a8f5      0x1e2 os_shutdown.o
 .debug_str     0x0800aad7       0x6f os_shutdown.o
                               0x2a81 (size before relaxing)
 .comment       0x00000000       0x71 os_shutdown.o
 *fill*         0x0800ab46        0x2 
 .debug_frame   0x0800ab48       0x30 os_shutdown.o
 .ARM.attributes
                0x0800ab78       0x33 os_shutdown.o
 os_start_ext_prg.o()
 *fill*         0x0800abab        0x1 
 .text          0x0800abac       0x4c os_start_ext_prg.o
                0x0800abc8                OS_StartExtPrg
 .data          0x0800abf8        0x0 os_start_ext_prg.o
 .bss           0x0800abf8        0x0 os_start_ext_prg.o
 .debug_info    0x0800abf8       0xea os_start_ext_prg.o
 .debug_abbrev  0x0800ace2       0x7e os_start_ext_prg.o
 .debug_aranges
                0x0800ad60       0x20 os_start_ext_prg.o
 .debug_macro   0x0800ad80       0x91 os_start_ext_prg.o
 .debug_line    0x0800ae11      0x1d9 os_start_ext_prg.o
 .debug_str     0x0800afea       0x90 os_start_ext_prg.o
                               0x2a7d (size before relaxing)
 .comment       0x00000000       0x71 os_start_ext_prg.o
 *fill*         0x0800b07a        0x2 
 .debug_frame   0x0800b07c       0x60 os_start_ext_prg.o
 .ARM.attributes
                0x0800b0dc       0x33 os_start_ext_prg.o
 os_start_init_hw.o()
 *fill*         0x0800b10f        0x1 
 .text          0x0800b110        0xc os_start_init_hw.o
                0x0800b110                OS_INIT_HW
 .data          0x0800b11c        0x0 os_start_init_hw.o
 .bss           0x0800b11c        0x0 os_start_init_hw.o
 .debug_info    0x0800b11c       0x53 os_start_init_hw.o
 .debug_abbrev  0x0800b16f       0x38 os_start_init_hw.o
 .debug_aranges
                0x0800b1a7       0x20 os_start_init_hw.o
 .debug_macro   0x0800b1c7       0x91 os_start_init_hw.o
 .debug_line    0x0800b258      0x1cd os_start_init_hw.o
 .debug_str     0x0800b425       0x59 os_start_init_hw.o
                               0x2a24 (size before relaxing)
 .comment       0x00000000       0x71 os_start_init_hw.o
 *fill*         0x0800b47e        0x2 
 .debug_frame   0x0800b480       0x34 os_start_init_hw.o
 .ARM.attributes
                0x0800b4b4       0x33 os_start_init_hw.o
 os_start_init_mc.o()
 *fill*         0x0800b4e7        0x1 
 .text          0x0800b4e8        0xc os_start_init_mc.o
                0x0800b4e8                OS_INIT_MC
 .data          0x0800b4f4        0x0 os_start_init_mc.o
 .bss           0x0800b4f4        0x0 os_start_init_mc.o
 .debug_info    0x0800b4f4       0x53 os_start_init_mc.o
 .debug_abbrev  0x0800b547       0x38 os_start_init_mc.o
 .debug_aranges
                0x0800b57f       0x20 os_start_init_mc.o
 .debug_macro   0x0800b59f       0x91 os_start_init_mc.o
 .debug_line    0x0800b630      0x1d0 os_start_init_mc.o
 .debug_str     0x0800b800       0x59 os_start_init_mc.o
                               0x2a24 (size before relaxing)
 .comment       0x00000000       0x71 os_start_init_mc.o
 *fill*         0x0800b859        0x3 
 .debug_frame   0x0800b85c       0x2c os_start_init_mc.o
 .ARM.attributes
                0x0800b888       0x33 os_start_init_mc.o
 os_start_init_sw.o()
 *fill*         0x0800b8bb        0x1 
 .text          0x0800b8bc        0xc os_start_init_sw.o
                0x0800b8bc                OS_INIT_SW
 .data          0x0800b8c8        0x0 os_start_init_sw.o
 .bss           0x0800b8c8        0x0 os_start_init_sw.o
 .debug_info    0x0800b8c8       0x53 os_start_init_sw.o
 .debug_abbrev  0x0800b91b       0x38 os_start_init_sw.o
 .debug_aranges
                0x0800b953       0x20 os_start_init_sw.o
 .debug_macro   0x0800b973       0x91 os_start_init_sw.o
 .debug_line    0x0800ba04      0x1cd os_start_init_sw.o
 .debug_str     0x0800bbd1       0x59 os_start_init_sw.o
                               0x2a24 (size before relaxing)
 .comment       0x00000000       0x71 os_start_init_sw.o
 *fill*         0x0800bc2a        0x2 
 .debug_frame   0x0800bc2c       0x34 os_start_init_sw.o
 .ARM.attributes
                0x0800bc60       0x33 os_start_init_sw.o
 os_start_os.o()
 *fill*         0x0800bc93        0x1 
 .text          0x0800bc94        0xc os_start_os.o
                0x0800bc94                OS_START_OS
 .data          0x0800bca0        0x0 os_start_os.o
 .bss           0x0800bca0        0x0 os_start_os.o
 .debug_info    0x0800bca0       0x53 os_start_os.o
 .debug_abbrev  0x0800bcf3       0x38 os_start_os.o
 .debug_aranges
                0x0800bd2b       0x20 os_start_os.o
 .debug_macro   0x0800bd4b       0x9b os_start_os.o
 .debug_line    0x0800bde6      0x1d6 os_start_os.o
 .debug_str     0x0800bfbc       0x62 os_start_os.o
                               0x2a2d (size before relaxing)
 .comment       0x00000000       0x71 os_start_os.o
 *fill*         0x0800c01e        0x2 
 .debug_frame   0x0800c020       0x2c os_start_os.o
 .ARM.attributes
                0x0800c04c       0x33 os_start_os.o
 os_task_common.o()
 *fill*         0x0800c07f        0x1 
 .text          0x0800c080      0x1d8 os_task_common.o
                0x0800c080                OS_TASK_SAVETASK_ENVIRONMENT
                0x0800c0c0                OS_TASK_RESTORETASK_ENVIRONMENT
                0x0800c0f0                OS_TASK_RESTORE_SYSTEM_STACK
                0x0800c104                OS_TASK_SAVE_SYSTEM_STACK
                0x0800c118                OS_Task_InitTaskEnvironment
                0x0800c1fc                OS_Task_DeleteTaskEnvironment
                0x0800c22c                OS_Task_CreateTaskEnvironment
 .data          0x0800c258        0x0 os_task_common.o
 .bss           0x0800c258        0x0 os_task_common.o
 .debug_info    0x0800c258      0x503 os_task_common.o
 .debug_abbrev  0x0800c75b      0x129 os_task_common.o
 .debug_aranges
                0x0800c884       0x20 os_task_common.o
 .debug_macro   0x0800c8a4       0xa2 os_task_common.o
 .debug_line    0x0800c946      0x24a os_task_common.o
 .debug_str     0x0800cb90      0x151 os_task_common.o
                               0x2fce (size before relaxing)
 .comment       0x00000000       0x71 os_task_common.o
 *fill*         0x0800cce1        0x3 
 .debug_frame   0x0800cce4      0x128 os_task_common.o
 .ARM.attributes
                0x0800ce0c       0x33 os_task_common.o
 *fill*         0x0800ce3f        0x1 
 COMMON         0x0800ce40       0x24 os_task_common.o
                0x0800ce40                REGISTER_R2
                0x0800ce44                REGISTER_R0
                0x0800ce48                TASK_PTR
                0x0800ce5c                REGISTER_R1
                0x0800ce60                REGISTER_R3
 os_task_queue.o()
 .text          0x0800ce64      0xa54 os_task_queue.o
                0x0800ce64                SET_RUNNING_TASK
                0x0800cfdc                OS_INIT_TASK_QUEUE
                0x0800d034                AddToTaskQueue
                0x0800d3f4                DeleteFromTaskQueue
                0x0800d4f4                GetFromTaskQueue
                0x0800d50c                GetFromLinkList
                0x0800d530                DeleteFromLinkList
                0x0800d554                AddToLinkList
                0x0800d5b4                UpdateLinkList
                0x0800d634                GetIdleTask
                0x0800d648                AddToIdleTaskQueue
                0x0800d7c4                GetRunningTask
                0x0800d7d8                OS_INIT_TASK
 .data          0x0800d8b8        0x0 os_task_queue.o
 .bss           0x0800d8b8      0x3b4 os_task_queue.o
 .debug_info    0x0800dc6c      0x6a8 os_task_queue.o
 .debug_abbrev  0x0800e314      0x1a7 os_task_queue.o
 .debug_aranges
                0x0800e4bb       0x20 os_task_queue.o
 .debug_macro   0x0800e4db       0xa7 os_task_queue.o
 .debug_macro   0x0800e582       0x1c os_task_queue.o
 .debug_line    0x0800e59e      0x319 os_task_queue.o
 .debug_str     0x0800e8b7      0x26c os_task_queue.o
                               0x30f6 (size before relaxing)
 .comment       0x00000000       0x71 os_task_queue.o
 *fill*         0x0800eb23        0x1 
 .debug_frame   0x0800eb24      0x214 os_task_queue.o
 .ARM.attributes
                0x0800ed38       0x33 os_task_queue.o
 os_task_scheduler.o()
 *fill*         0x0800ed6b        0x1 
 .text          0x0800ed6c      0x6e0 os_task_scheduler.o
                0x0800ed6c                OS_ACTIVATE_DISPATCHER
                0x0800ed7c                OS_SLEEPTASK
                0x0800ed9c                task_state_request
                0x0800ee80                OS_ActivateTask
                0x0800f148                OS_INIT_TASKS
                0x0800f3fc                ISR_TASK_DISPATCH_C0
                0x0800f410                ISR_TASK_DISPATCH_C1
                0x0800f424                ISR_TASK_DISPATCH_C2
                0x0800f438                ISR_TASK_DISPATCH_C3
 .data          0x0800f44c        0x0 os_task_scheduler.o
 .bss           0x0800f44c      0x630 os_task_scheduler.o
 .debug_info    0x0800fa7c      0x76a os_task_scheduler.o
 .debug_abbrev  0x080101e6      0x1f3 os_task_scheduler.o
 .debug_aranges
                0x080103d9       0x20 os_task_scheduler.o
 .debug_macro   0x080103f9       0xaf os_task_scheduler.o
 .debug_line    0x080104a8      0x357 os_task_scheduler.o
 .debug_str     0x080107ff      0x264 os_task_scheduler.o
                               0x3180 (size before relaxing)
 .comment       0x00000000       0x71 os_task_scheduler.o
 *fill*         0x08010a63        0x1 
 .debug_frame   0x08010a64      0x280 os_task_scheduler.o
 .ARM.attributes
                0x08010ce4       0x33 os_task_scheduler.o
 os_stack.o()
 *fill*         0x08010d17        0x1 
 .text          0x08010d18        0x0 os_stack.o
 .data          0x08010d18        0x0 os_stack.o
 .bss           0x08010d18        0x0 os_stack.o
 .debug_info    0x08010d18       0x3a os_stack.o
 .debug_abbrev  0x08010d52       0x1c os_stack.o
 .debug_aranges
                0x08010d6e       0x18 os_stack.o
 .debug_macro   0x08010d86       0x91 os_stack.o
 .debug_line    0x08010e17      0x1b7 os_stack.o
 .debug_str     0x08010fce       0x46 os_stack.o
                               0x2a11 (size before relaxing)
 .comment       0x00000000       0x71 os_stack.o
 .ARM.attributes
                0x08011014       0x33 os_stack.o
 os_heap.o()
 *fill*         0x08011047        0x1 
 .text          0x08011048      0x22c os_heap.o
                0x08011048                os_calloc
                0x08011090                os_realloc
                0x08011104                os_malloc
                0x0801116c                os_free
 .data          0x08011274        0x0 os_heap.o
 .bss           0x08011274        0x0 os_heap.o
 .debug_info    0x08011274      0x24e os_heap.o
 .debug_abbrev  0x080114c2      0x10d os_heap.o
 .debug_aranges
                0x080115cf       0x20 os_heap.o
 .debug_macro   0x080115ef       0x95 os_heap.o
 .debug_line    0x08011684      0x245 os_heap.o
 .debug_str     0x080118c9       0xe4 os_heap.o
                               0x2ae2 (size before relaxing)
 .comment       0x00000000       0x71 os_heap.o
 *fill*         0x080119ad        0x3 
 .debug_frame   0x080119b0      0x100 os_heap.o
 .ARM.attributes
                0x08011ab0       0x33 os_heap.o
 os_diagnostic_main.o()
 *fill*         0x08011ae3        0x1 
 .text          0x08011ae4        0xc os_diagnostic_main.o
                0x08011ae4                OS_DIAGNOSTIC_MAIN
 .data          0x08011af0        0x0 os_diagnostic_main.o
 .bss           0x08011af0        0x0 os_diagnostic_main.o
 .debug_info    0x08011af0       0x53 os_diagnostic_main.o
 .debug_abbrev  0x08011b43       0x38 os_diagnostic_main.o
 .debug_aranges
                0x08011b7b       0x20 os_diagnostic_main.o
 .debug_macro   0x08011b9b       0x91 os_diagnostic_main.o
 .debug_line    0x08011c2c      0x1cf os_diagnostic_main.o
 .debug_str     0x08011dfb       0x63 os_diagnostic_main.o
                               0x2a2e (size before relaxing)
 .comment       0x00000000       0x71 os_diagnostic_main.o
 *fill*         0x08011e5e        0x2 
 .debug_frame   0x08011e60       0x34 os_diagnostic_main.o
 .ARM.attributes
                0x08011e94       0x33 os_diagnostic_main.o
 led.o()
 *fill*         0x08011ec7        0x1 
 .text          0x08011ec8       0x50 led.o
                0x08011ec8                USER_LED_INIT
                0x08011edc                USER_LED_ON
                0x08011ef0                USER_LED_OFF
                0x08011f04                USER_LED_TOGGLE
 .data          0x08011f18        0x0 led.o
 .bss           0x08011f18        0x0 led.o
 .debug_info    0x08011f18       0xfa led.o
 .debug_abbrev  0x08012012       0x84 led.o
 .debug_aranges
                0x08012096       0x20 led.o
 .debug_macro   0x080120b6       0x95 led.o
 .debug_line    0x0801214b      0x1be led.o
 .debug_str     0x08012309       0x97 led.o
                               0x2a62 (size before relaxing)
 .comment       0x00000000       0x71 led.o
 .debug_frame   0x080123a0       0xb0 led.o
 .ARM.attributes
                0x08012450       0x33 led.o
                0x08012483                _code_end = .
                0x08012483                PROVIDE (code_start, .)
                0x08012483                PROVIDE (code_end, .)
 *fill*         0x08012483        0x1 
 .text          0x08012484      0x370 d:/programm/gnu tools arm embedded/4.9 2015q1/bin/../lib/gcc/arm-none-eabi/4.9.3/armv7e-m\libgcc.a(_arm_addsubdf3.o)
                0x08012484                __aeabi_drsub
                0x0801248c                __aeabi_dsub
                0x0801248c                __subdf3
                0x08012490                __aeabi_dadd
                0x08012490                __adddf3
                0x08012708                __floatunsidf
                0x08012708                __aeabi_ui2d
                0x08012728                __floatsidf
                0x08012728                __aeabi_i2d
                0x0801274c                __aeabi_f2d
                0x0801274c                __extendsfdf2
                0x08012788                __floatundidf
                0x08012788                __aeabi_ul2d
                0x08012798                __floatdidf
                0x08012798                __aeabi_l2d
 .text          0x080127f4      0x110 d:/programm/gnu tools arm embedded/4.9 2015q1/bin/../lib/gcc/arm-none-eabi/4.9.3/armv7e-m\libgcc.a(_arm_cmpdf2.o)
                0x080127f4                __gtdf2
                0x080127f4                __gedf2
                0x080127fc                __ltdf2
                0x080127fc                __ledf2
                0x08012804                __nedf2
                0x08012804                __eqdf2
                0x08012804                __cmpdf2
                0x08012880                __aeabi_cdrcmple
                0x08012890                __aeabi_cdcmpeq
                0x08012890                __aeabi_cdcmple
                0x080128a0                __aeabi_dcmpeq
                0x080128b4                __aeabi_dcmplt
                0x080128c8                __aeabi_dcmple
                0x080128dc                __aeabi_dcmpge
                0x080128f0                __aeabi_dcmpgt

.glue_7         0x08012904        0x0
 .glue_7        0x00000000        0x0 linker stubs

.glue_7t        0x08012904        0x0
 .glue_7t       0x00000000        0x0 linker stubs

.vfp11_veneer   0x08012904        0x0
 .vfp11_veneer  0x00000000        0x0 linker stubs

.v4_bx          0x08012904        0x0
 .v4_bx         0x00000000        0x0 linker stubs

.data           0x20000000     0x6f00
                0x20000000                _ram_start = .
 os_ram.o()
 .text          0x20000000        0x0 os_ram.o
 .data          0x20000000        0x0 os_ram.o
 .bss           0x20000000        0x0 os_ram.o
 .debug_info    0x20000000       0xb6 os_ram.o
 .debug_abbrev  0x200000b6       0x55 os_ram.o
 .debug_aranges
                0x2000010b       0x18 os_ram.o
 .debug_macro   0x20000123       0x99 os_ram.o
 .debug_line    0x200001bc      0x1d0 os_ram.o
 .debug_str     0x2000038c     0x2a04 os_ram.o
                               0x2a44 (size before relaxing)
 .comment       0x20002d90       0x70 os_ram.o
                                 0x71 (size before relaxing)
 .ARM.attributes
                0x20002e00       0x33 os_ram.o
 *fill*         0x20002e33        0x1 
 COMMON         0x20002e34     0x2910 os_ram.o
                0x20002e34                OS_STACK
                0x20002f34                OS_MAIN_STACK
                0x20003034                HEAP
 os_shared_ram.o()
 .text          0x20005744        0x0 os_shared_ram.o
 .data          0x20005744        0x0 os_shared_ram.o
 .bss           0x20005744        0x0 os_shared_ram.o
 .debug_info    0x20005744      0x16c os_shared_ram.o
 .debug_abbrev  0x200058b0       0x4c os_shared_ram.o
 .debug_aranges
                0x200058fc       0x18 os_shared_ram.o
 .debug_macro   0x20005914       0xf1 os_shared_ram.o
 .debug_line    0x20005a05      0x1bc os_shared_ram.o
 .debug_str     0x20005bc1      0x30b os_shared_ram.o
                               0x2cef (size before relaxing)
 .comment       0x00000000       0x71 os_shared_ram.o
 .ARM.attributes
                0x20005ecc       0x33 os_shared_ram.o
 *fill*         0x20005eff        0x1 
 COMMON         0x20005f00     0x1000 os_shared_ram.o
                0x20005f00                RAM_BLOCK_C01_C01
                0x20006000                RAM_BLOCK_C01_C00
                0x20006100                RAM_BLOCK_C00_C00
                0x20006200                RAM_BLOCK_C01_C03
                0x20006300                RAM_BLOCK_C03_C01
                0x20006400                RAM_BLOCK_C00_C01
                0x20006500                RAM_BLOCK_C02_C01
                0x20006600                RAM_BLOCK_C01_C02
                0x20006700                RAM_BLOCK_C03_C00
                0x20006800                RAM_BLOCK_C02_C00
                0x20006900                RAM_BLOCK_C02_C02
                0x20006a00                RAM_BLOCK_C03_C03
                0x20006b00                RAM_BLOCK_C03_C02
                0x20006c00                RAM_BLOCK_C00_C03
                0x20006d00                RAM_BLOCK_C00_C02
                0x20006e00                RAM_BLOCK_C02_C03
                0x20006f00                _ram_end = .
                0x20006f00                PROVIDE (ram_start, .)
                0x20006f00                PROVIDE (ram_end, .)
 .data          0x20006f00        0x0 d:/programm/gnu tools arm embedded/4.9 2015q1/bin/../lib/gcc/arm-none-eabi/4.9.3/armv7e-m\libgcc.a(_arm_addsubdf3.o)
 .data          0x20006f00        0x0 d:/programm/gnu tools arm embedded/4.9 2015q1/bin/../lib/gcc/arm-none-eabi/4.9.3/armv7e-m\libgcc.a(_arm_cmpdf2.o)
START GROUP
LOAD d:/programm/gnu tools arm embedded/4.9 2015q1/bin/../lib/gcc/arm-none-eabi/4.9.3/armv7e-m\libgcc.a
LOAD d:/programm/gnu tools arm embedded/4.9 2015q1/bin/../lib/gcc/arm-none-eabi/4.9.3/../../../../arm-none-eabi/lib/armv7e-m\libg.a
LOAD d:/programm/gnu tools arm embedded/4.9 2015q1/bin/../lib/gcc/arm-none-eabi/4.9.3/../../../../arm-none-eabi/lib/armv7e-m\libc.a
END GROUP
OUTPUT(E:\NeuOrga\Programmieren\c_cpp\github_os\output\VERSION_ARM\operating_system.elf elf32-littlearm)

.bss            0x20006f00        0x0
 .bss           0x20006f00        0x0 d:/programm/gnu tools arm embedded/4.9 2015q1/bin/../lib/gcc/arm-none-eabi/4.9.3/armv7e-m\libgcc.a(_arm_addsubdf3.o)
 .bss           0x20006f00        0x0 d:/programm/gnu tools arm embedded/4.9 2015q1/bin/../lib/gcc/arm-none-eabi/4.9.3/armv7e-m\libgcc.a(_arm_cmpdf2.o)

.ARM.attributes
                0x00000000       0x31
 .ARM.attributes
                0x00000000       0x1e d:/programm/gnu tools arm embedded/4.9 2015q1/bin/../lib/gcc/arm-none-eabi/4.9.3/armv7e-m\libgcc.a(_arm_addsubdf3.o)
 .ARM.attributes
                0x0000001e       0x1e d:/programm/gnu tools arm embedded/4.9 2015q1/bin/../lib/gcc/arm-none-eabi/4.9.3/armv7e-m\libgcc.a(_arm_cmpdf2.o)
