Archive member included to satisfy reference by file (symbol)

d:/programm/gnu tools arm embedded/7 2018-q2-update/bin/../lib/gcc/arm-none-eabi/7.3.1/thumb/v7e-m\libgcc.a(_arm_addsubdf3.o)
                              os_task_scheduler.o (__aeabi_ui2d)
d:/programm/gnu tools arm embedded/7 2018-q2-update/bin/../lib/gcc/arm-none-eabi/7.3.1/thumb/v7e-m\libgcc.a(_arm_cmpdf2.o)
                              os_task_scheduler.o (__aeabi_dcmpgt)

Allocating common symbols
Common symbol       size              file

TASK_STACK          0x3e8             os_ram.o
RAM_BLOCK_C01_C01   0x100             os_shared_ram.o
VAR_MEM_MANAG_FAULT_STATUS_REG
                    0x4               os_ram.o
REGISTER_R2         0x4               os_ram.o
TASK_GROUP_3        0x8               os_ram.o
RAM_CHECK_FAILURE_ADDR
                    0x4               os_ram.o
REGISTER_R0         0x4               os_ram.o
OS_STACK            0x100             os_ram.o
RAM_BLOCK_C01_C00   0x100             os_shared_ram.o
REGISTER_R6         0x4               os_ram.o
REGISTER_R7         0x4               os_ram.o
DBG_CALIB_VALUE     0x4               os_ram.o
RAM_BLOCK_C00_C00   0x100             os_shared_ram.o
OS_STATE            0x4               os_ram.o
TASK_IDLE_QUEUE     0x88              os_ram.o
REGISTER_R9         0x4               os_ram.o
TASK1_CALL_NR       0x4               os_ram.o
bTASK_QUEUE_INITIALIZED
                    0x1               os_ram.o
BACKUP_SYSTICK_CURRENT_VAL_REG
                    0x4               os_ram.o
RAM_BLOCK_C01_C03   0x100             os_shared_ram.o
TASK2_CALL_NR       0x4               os_ram.o
LAST_CURRENT_TIME   0x4               os_ram.o
LINK_REGISTER_HANDLER
                    0x4               os_ram.o
VAR_AUX_FAULT_STATUS_REG
                    0x4               os_ram.o
REGISTER_R8         0x4               os_ram.o
TASK_3_VAR          0x88              os_ram.o
RAM_BLOCK_C03_C01   0x100             os_shared_ram.o
TASK_0_VAR          0x88              os_ram.o
RAM_BLOCK_C00_C01   0x100             os_shared_ram.o
TASK4_CALL_NR       0x4               os_ram.o
TASK_GROUP_2        0x8               os_ram.o
TASK_PTR            0x14              os_task_common.o
REGISTER_R5         0x4               os_ram.o
OS_MAIN_STACK       0x100             os_ram.o
RAM_BLOCK_C02_C01   0x100             os_shared_ram.o
DBG_RLD_VALUE       0x4               os_ram.o
REGISTER_R4         0x4               os_ram.o
RAM_BLOCK_C01_C02   0x100             os_shared_ram.o
RUNNING_TASK        0x88              os_ram.o
TASK_RUN_QUEUE      0x2a8             os_ram.o
VAR_HARDFAULT_STATUS_REG
                    0x4               os_ram.o
RAM_BLOCK_C03_C00   0x100             os_shared_ram.o
RUNNING_SCHEDULING_QUEUE_ENTRY
                    0x4               os_ram.o
TASK_GROUP_5        0x8               os_ram.o
REGISTER_R1         0x4               os_ram.o
RAM_BLOCK_C02_C00   0x100             os_shared_ram.o
DBG_CTRL_VALUE      0x4               os_ram.o
TASK_2_VAR          0x88              os_ram.o
VAR_BUS_FAULT_STATUS_REG
                    0x4               os_ram.o
RAM_BLOCK_C02_C02   0x100             os_shared_ram.o
RAM_CHECK_FAILURE_DETECTED
                    0x4               os_ram.o
REGISTER_R10        0x4               os_ram.o
RAM_BLOCK_C03_C03   0x100             os_shared_ram.o
RAM_BLOCK_C03_C02   0x100             os_shared_ram.o
RAM_BLOCK_C00_C03   0x100             os_shared_ram.o
HEAP                0x2710            os_ram.o
DBG_CURR_VAL        0x4               os_ram.o
TASK_GROUP_1        0x8               os_ram.o
VAR_FAULT_STATUS_REG
                    0x4               os_ram.o
TASK_GROUP_4        0x8               os_ram.o
REGISTER_R11        0x4               os_ram.o
REGISTER_R3         0x4               os_ram.o
TASK_SCHEDULING_QUEUE
                    0x14              os_ram.o
TASK3_CALL_NR       0x4               os_ram.o
VAR_MEM_FAULT_ADDR_REG
                    0x4               os_ram.o
VAR_USAGE_FAULT_STATUS_REG
                    0x4               os_ram.o
VAR_BUS_FAULT_ADDR_REG
                    0x4               os_ram.o
RAM_BLOCK_C00_C02   0x100             os_shared_ram.o
OS_SW_BUG           0xf               os_ram.o
RAM_BLOCK_C02_C03   0x100             os_shared_ram.o
TASK_1_VAR          0x88              os_ram.o

Discarded input sections

 .group         0x00000000        0xc os_exception_table.o
 .group         0x00000000        0xc os_exception_table.o
 .group         0x00000000        0xc os_exception_table.o
 .group         0x00000000        0xc os_exception_table.o
 .group         0x00000000        0xc os_exception_table.o
 .group         0x00000000        0xc os_exception_table.o
 .group         0x00000000        0xc os_exception_table.o
 .group         0x00000000        0xc os_exception_table.o
 .group         0x00000000        0xc os_exception_table.o
 .group         0x00000000        0xc os_const.o
 .group         0x00000000        0xc os_const.o
 .group         0x00000000        0xc os_const.o
 .group         0x00000000        0xc os_const.o
 .group         0x00000000        0xc os_const.o
 .group         0x00000000        0xc os_const.o
 .group         0x00000000        0xc os_const.o
 .group         0x00000000        0xc os_const.o
 .debug_macro   0x00000000      0xa42 os_const.o
 .debug_macro   0x00000000       0x4c os_const.o
 .debug_macro   0x00000000       0x82 os_const.o
 .debug_macro   0x00000000       0x46 os_const.o
 .debug_macro   0x00000000       0x10 os_const.o
 .debug_macro   0x00000000       0x16 os_const.o
 .debug_macro   0x00000000       0x28 os_const.o
 .debug_macro   0x00000000       0x1c os_const.o
 .group         0x00000000        0xc os_common.o
 .group         0x00000000        0xc os_common.o
 .group         0x00000000        0xc os_common.o
 .group         0x00000000        0xc os_common.o
 .group         0x00000000        0xc os_common.o
 .group         0x00000000        0xc os_common.o
 .group         0x00000000        0xc os_common.o
 .group         0x00000000        0xc os_common.o
 .debug_macro   0x00000000      0xa42 os_common.o
 .debug_macro   0x00000000       0x4c os_common.o
 .debug_macro   0x00000000       0x82 os_common.o
 .debug_macro   0x00000000       0x46 os_common.o
 .debug_macro   0x00000000       0x10 os_common.o
 .debug_macro   0x00000000       0x16 os_common.o
 .debug_macro   0x00000000       0x28 os_common.o
 .debug_macro   0x00000000       0x1c os_common.o
 .group         0x00000000        0xc os_exception.o
 .group         0x00000000        0xc os_exception.o
 .group         0x00000000        0xc os_exception.o
 .group         0x00000000        0xc os_exception.o
 .group         0x00000000        0xc os_exception.o
 .group         0x00000000        0xc os_exception.o
 .group         0x00000000        0xc os_exception.o
 .group         0x00000000        0xc os_exception.o
 .group         0x00000000        0xc os_exception.o
 .group         0x00000000        0xc os_exception.o
 .group         0x00000000        0xc os_exception.o
 .debug_macro   0x00000000       0x4c os_exception.o
 .debug_macro   0x00000000       0x82 os_exception.o
 .debug_macro   0x00000000       0x46 os_exception.o
 .debug_macro   0x00000000       0x10 os_exception.o
 .debug_macro   0x00000000       0x16 os_exception.o
 .debug_macro   0x00000000       0x28 os_exception.o
 .debug_macro   0x00000000       0x1c os_exception.o
 .debug_macro   0x00000000       0x10 os_exception.o
 .group         0x00000000        0xc os_exception_isr_handler.o
 .group         0x00000000        0xc os_exception_isr_handler.o
 .group         0x00000000        0xc os_exception_isr_handler.o
 .group         0x00000000        0xc os_exception_isr_handler.o
 .group         0x00000000        0xc os_exception_isr_handler.o
 .group         0x00000000        0xc os_exception_isr_handler.o
 .group         0x00000000        0xc os_exception_isr_handler.o
 .group         0x00000000        0xc os_exception_isr_handler.o
 .group         0x00000000        0xc os_exception_isr_handler.o
 .debug_macro   0x00000000      0xa42 os_exception_isr_handler.o
 .debug_macro   0x00000000       0x4c os_exception_isr_handler.o
 .debug_macro   0x00000000       0x82 os_exception_isr_handler.o
 .debug_macro   0x00000000       0x46 os_exception_isr_handler.o
 .debug_macro   0x00000000       0x10 os_exception_isr_handler.o
 .debug_macro   0x00000000       0x16 os_exception_isr_handler.o
 .debug_macro   0x00000000       0x28 os_exception_isr_handler.o
 .debug_macro   0x00000000       0x1c os_exception_isr_handler.o
 .debug_macro   0x00000000       0x28 os_exception_isr_handler.o
 .group         0x00000000        0xc os_init_task_system.o
 .group         0x00000000        0xc os_init_task_system.o
 .group         0x00000000        0xc os_init_task_system.o
 .group         0x00000000        0xc os_init_task_system.o
 .group         0x00000000        0xc os_init_task_system.o
 .group         0x00000000        0xc os_init_task_system.o
 .group         0x00000000        0xc os_init_task_system.o
 .group         0x00000000        0xc os_init_task_system.o
 .group         0x00000000        0xc os_init_task_system.o
 .debug_macro   0x00000000      0xa42 os_init_task_system.o
 .debug_macro   0x00000000       0x4c os_init_task_system.o
 .debug_macro   0x00000000       0x82 os_init_task_system.o
 .debug_macro   0x00000000       0x46 os_init_task_system.o
 .debug_macro   0x00000000       0x10 os_init_task_system.o
 .debug_macro   0x00000000       0x16 os_init_task_system.o
 .debug_macro   0x00000000       0x28 os_init_task_system.o
 .debug_macro   0x00000000       0x1c os_init_task_system.o
 .group         0x00000000        0xc os_main.o
 .group         0x00000000        0xc os_main.o
 .group         0x00000000        0xc os_main.o
 .group         0x00000000        0xc os_main.o
 .group         0x00000000        0xc os_main.o
 .group         0x00000000        0xc os_main.o
 .group         0x00000000        0xc os_main.o
 .group         0x00000000        0xc os_main.o
 .group         0x00000000        0xc os_main.o
 .group         0x00000000        0xc os_main.o
 .debug_macro   0x00000000      0xa42 os_main.o
 .debug_macro   0x00000000       0x4c os_main.o
 .debug_macro   0x00000000       0x82 os_main.o
 .debug_macro   0x00000000       0x46 os_main.o
 .debug_macro   0x00000000       0x10 os_main.o
 .debug_macro   0x00000000       0x16 os_main.o
 .debug_macro   0x00000000       0x28 os_main.o
 .debug_macro   0x00000000       0x1c os_main.o
 .debug_macro   0x00000000       0x28 os_main.o
 .debug_macro   0x00000000       0x1c os_main.o
 .group         0x00000000        0xc os_memory_mmu_setup.o
 .group         0x00000000        0xc os_memory_mmu_setup.o
 .group         0x00000000        0xc os_memory_mmu_setup.o
 .group         0x00000000        0xc os_memory_mmu_setup.o
 .group         0x00000000        0xc os_memory_mmu_setup.o
 .group         0x00000000        0xc os_memory_mmu_setup.o
 .group         0x00000000        0xc os_memory_mmu_setup.o
 .group         0x00000000        0xc os_memory_mmu_setup.o
 .debug_macro   0x00000000      0xa42 os_memory_mmu_setup.o
 .debug_macro   0x00000000       0x4c os_memory_mmu_setup.o
 .debug_macro   0x00000000       0x82 os_memory_mmu_setup.o
 .debug_macro   0x00000000       0x46 os_memory_mmu_setup.o
 .debug_macro   0x00000000       0x10 os_memory_mmu_setup.o
 .debug_macro   0x00000000       0x16 os_memory_mmu_setup.o
 .debug_macro   0x00000000       0x28 os_memory_mmu_setup.o
 .debug_macro   0x00000000       0x1c os_memory_mmu_setup.o
 .group         0x00000000        0xc os_shutdown.o
 .group         0x00000000        0xc os_shutdown.o
 .group         0x00000000        0xc os_shutdown.o
 .group         0x00000000        0xc os_shutdown.o
 .group         0x00000000        0xc os_shutdown.o
 .group         0x00000000        0xc os_shutdown.o
 .group         0x00000000        0xc os_shutdown.o
 .group         0x00000000        0xc os_shutdown.o
 .debug_macro   0x00000000      0xa42 os_shutdown.o
 .debug_macro   0x00000000       0x4c os_shutdown.o
 .debug_macro   0x00000000       0x82 os_shutdown.o
 .debug_macro   0x00000000       0x46 os_shutdown.o
 .debug_macro   0x00000000       0x10 os_shutdown.o
 .debug_macro   0x00000000       0x16 os_shutdown.o
 .debug_macro   0x00000000       0x28 os_shutdown.o
 .debug_macro   0x00000000       0x1c os_shutdown.o
 .group         0x00000000        0xc os_start_ext_prg.o
 .group         0x00000000        0xc os_start_ext_prg.o
 .group         0x00000000        0xc os_start_ext_prg.o
 .group         0x00000000        0xc os_start_ext_prg.o
 .group         0x00000000        0xc os_start_ext_prg.o
 .group         0x00000000        0xc os_start_ext_prg.o
 .group         0x00000000        0xc os_start_ext_prg.o
 .group         0x00000000        0xc os_start_ext_prg.o
 .debug_macro   0x00000000      0xa42 os_start_ext_prg.o
 .debug_macro   0x00000000       0x4c os_start_ext_prg.o
 .debug_macro   0x00000000       0x82 os_start_ext_prg.o
 .debug_macro   0x00000000       0x46 os_start_ext_prg.o
 .debug_macro   0x00000000       0x10 os_start_ext_prg.o
 .debug_macro   0x00000000       0x16 os_start_ext_prg.o
 .debug_macro   0x00000000       0x28 os_start_ext_prg.o
 .debug_macro   0x00000000       0x1c os_start_ext_prg.o
 .group         0x00000000        0xc os_start_init_hw.o
 .group         0x00000000        0xc os_start_init_hw.o
 .group         0x00000000        0xc os_start_init_hw.o
 .group         0x00000000        0xc os_start_init_hw.o
 .group         0x00000000        0xc os_start_init_hw.o
 .group         0x00000000        0xc os_start_init_hw.o
 .group         0x00000000        0xc os_start_init_hw.o
 .group         0x00000000        0xc os_start_init_hw.o
 .debug_macro   0x00000000      0xa42 os_start_init_hw.o
 .debug_macro   0x00000000       0x4c os_start_init_hw.o
 .debug_macro   0x00000000       0x82 os_start_init_hw.o
 .debug_macro   0x00000000       0x46 os_start_init_hw.o
 .debug_macro   0x00000000       0x10 os_start_init_hw.o
 .debug_macro   0x00000000       0x16 os_start_init_hw.o
 .debug_macro   0x00000000       0x28 os_start_init_hw.o
 .debug_macro   0x00000000       0x1c os_start_init_hw.o
 .group         0x00000000        0xc os_start_init_mc.o
 .group         0x00000000        0xc os_start_init_mc.o
 .group         0x00000000        0xc os_start_init_mc.o
 .group         0x00000000        0xc os_start_init_mc.o
 .group         0x00000000        0xc os_start_init_mc.o
 .group         0x00000000        0xc os_start_init_mc.o
 .group         0x00000000        0xc os_start_init_mc.o
 .group         0x00000000        0xc os_start_init_mc.o
 .debug_macro   0x00000000      0xa42 os_start_init_mc.o
 .debug_macro   0x00000000       0x4c os_start_init_mc.o
 .debug_macro   0x00000000       0x82 os_start_init_mc.o
 .debug_macro   0x00000000       0x46 os_start_init_mc.o
 .debug_macro   0x00000000       0x10 os_start_init_mc.o
 .debug_macro   0x00000000       0x16 os_start_init_mc.o
 .debug_macro   0x00000000       0x28 os_start_init_mc.o
 .debug_macro   0x00000000       0x1c os_start_init_mc.o
 .group         0x00000000        0xc os_start_init_sw.o
 .group         0x00000000        0xc os_start_init_sw.o
 .group         0x00000000        0xc os_start_init_sw.o
 .group         0x00000000        0xc os_start_init_sw.o
 .group         0x00000000        0xc os_start_init_sw.o
 .group         0x00000000        0xc os_start_init_sw.o
 .group         0x00000000        0xc os_start_init_sw.o
 .group         0x00000000        0xc os_start_init_sw.o
 .debug_macro   0x00000000      0xa42 os_start_init_sw.o
 .debug_macro   0x00000000       0x4c os_start_init_sw.o
 .debug_macro   0x00000000       0x82 os_start_init_sw.o
 .debug_macro   0x00000000       0x46 os_start_init_sw.o
 .debug_macro   0x00000000       0x10 os_start_init_sw.o
 .debug_macro   0x00000000       0x16 os_start_init_sw.o
 .debug_macro   0x00000000       0x28 os_start_init_sw.o
 .debug_macro   0x00000000       0x1c os_start_init_sw.o
 .group         0x00000000        0xc os_start_os.o
 .group         0x00000000        0xc os_start_os.o
 .group         0x00000000        0xc os_start_os.o
 .group         0x00000000        0xc os_start_os.o
 .group         0x00000000        0xc os_start_os.o
 .group         0x00000000        0xc os_start_os.o
 .group         0x00000000        0xc os_start_os.o
 .group         0x00000000        0xc os_start_os.o
 .debug_macro   0x00000000      0xa42 os_start_os.o
 .debug_macro   0x00000000       0x4c os_start_os.o
 .debug_macro   0x00000000       0x82 os_start_os.o
 .debug_macro   0x00000000       0x46 os_start_os.o
 .debug_macro   0x00000000       0x10 os_start_os.o
 .debug_macro   0x00000000       0x16 os_start_os.o
 .debug_macro   0x00000000       0x28 os_start_os.o
 .debug_macro   0x00000000       0x1c os_start_os.o
 .group         0x00000000        0xc os_task_common.o
 .group         0x00000000        0xc os_task_common.o
 .group         0x00000000        0xc os_task_common.o
 .group         0x00000000        0xc os_task_common.o
 .group         0x00000000        0xc os_task_common.o
 .group         0x00000000        0xc os_task_common.o
 .group         0x00000000        0xc os_task_common.o
 .group         0x00000000        0xc os_task_common.o
 .group         0x00000000        0xc os_task_common.o
 .debug_macro   0x00000000      0xa42 os_task_common.o
 .debug_macro   0x00000000       0x4c os_task_common.o
 .debug_macro   0x00000000       0x82 os_task_common.o
 .debug_macro   0x00000000       0x46 os_task_common.o
 .debug_macro   0x00000000       0x10 os_task_common.o
 .debug_macro   0x00000000       0x16 os_task_common.o
 .debug_macro   0x00000000       0x28 os_task_common.o
 .debug_macro   0x00000000       0x1c os_task_common.o
 .debug_macro   0x00000000       0x28 os_task_common.o
 .group         0x00000000        0xc os_task_queue.o
 .group         0x00000000        0xc os_task_queue.o
 .group         0x00000000        0xc os_task_queue.o
 .group         0x00000000        0xc os_task_queue.o
 .group         0x00000000        0xc os_task_queue.o
 .group         0x00000000        0xc os_task_queue.o
 .group         0x00000000        0xc os_task_queue.o
 .group         0x00000000        0xc os_task_queue.o
 .group         0x00000000        0xc os_task_queue.o
 .group         0x00000000        0xc os_task_queue.o
 .debug_macro   0x00000000      0xa42 os_task_queue.o
 .debug_macro   0x00000000       0x4c os_task_queue.o
 .debug_macro   0x00000000       0x82 os_task_queue.o
 .debug_macro   0x00000000       0x46 os_task_queue.o
 .debug_macro   0x00000000       0x10 os_task_queue.o
 .debug_macro   0x00000000       0x16 os_task_queue.o
 .debug_macro   0x00000000       0x28 os_task_queue.o
 .debug_macro   0x00000000       0x1c os_task_queue.o
 .debug_macro   0x00000000       0x1c os_task_queue.o
 .debug_macro   0x00000000       0x28 os_task_queue.o
 .group         0x00000000        0xc os_task_scheduler.o
 .group         0x00000000        0xc os_task_scheduler.o
 .group         0x00000000        0xc os_task_scheduler.o
 .group         0x00000000        0xc os_task_scheduler.o
 .group         0x00000000        0xc os_task_scheduler.o
 .group         0x00000000        0xc os_task_scheduler.o
 .group         0x00000000        0xc os_task_scheduler.o
 .group         0x00000000        0xc os_task_scheduler.o
 .group         0x00000000        0xc os_task_scheduler.o
 .group         0x00000000        0xc os_task_scheduler.o
 .debug_macro   0x00000000      0xa42 os_task_scheduler.o
 .debug_macro   0x00000000       0x4c os_task_scheduler.o
 .debug_macro   0x00000000       0x82 os_task_scheduler.o
 .debug_macro   0x00000000       0x46 os_task_scheduler.o
 .debug_macro   0x00000000       0x10 os_task_scheduler.o
 .debug_macro   0x00000000       0x16 os_task_scheduler.o
 .debug_macro   0x00000000       0x28 os_task_scheduler.o
 .debug_macro   0x00000000       0x1c os_task_scheduler.o
 .debug_macro   0x00000000       0x28 os_task_scheduler.o
 .debug_macro   0x00000000       0x1c os_task_scheduler.o
 .group         0x00000000        0xc os_stack.o
 .group         0x00000000        0xc os_stack.o
 .group         0x00000000        0xc os_stack.o
 .group         0x00000000        0xc os_stack.o
 .group         0x00000000        0xc os_stack.o
 .group         0x00000000        0xc os_stack.o
 .group         0x00000000        0xc os_stack.o
 .group         0x00000000        0xc os_stack.o
 .debug_macro   0x00000000      0xa42 os_stack.o
 .debug_macro   0x00000000       0x4c os_stack.o
 .debug_macro   0x00000000       0x82 os_stack.o
 .debug_macro   0x00000000       0x46 os_stack.o
 .debug_macro   0x00000000       0x10 os_stack.o
 .debug_macro   0x00000000       0x16 os_stack.o
 .debug_macro   0x00000000       0x28 os_stack.o
 .debug_macro   0x00000000       0x1c os_stack.o
 .group         0x00000000        0xc os_heap.o
 .group         0x00000000        0xc os_heap.o
 .group         0x00000000        0xc os_heap.o
 .group         0x00000000        0xc os_heap.o
 .group         0x00000000        0xc os_heap.o
 .group         0x00000000        0xc os_heap.o
 .group         0x00000000        0xc os_heap.o
 .group         0x00000000        0xc os_heap.o
 .debug_macro   0x00000000      0xa42 os_heap.o
 .debug_macro   0x00000000       0x4c os_heap.o
 .debug_macro   0x00000000       0x82 os_heap.o
 .debug_macro   0x00000000       0x46 os_heap.o
 .debug_macro   0x00000000       0x10 os_heap.o
 .debug_macro   0x00000000       0x16 os_heap.o
 .debug_macro   0x00000000       0x28 os_heap.o
 .debug_macro   0x00000000       0x1c os_heap.o
 .group         0x00000000        0xc led.o
 .group         0x00000000        0xc led.o
 .group         0x00000000        0xc led.o
 .group         0x00000000        0xc led.o
 .group         0x00000000        0xc led.o
 .group         0x00000000        0xc led.o
 .group         0x00000000        0xc led.o
 .group         0x00000000        0xc led.o
 .debug_macro   0x00000000      0xa42 led.o
 .debug_macro   0x00000000       0x4c led.o
 .debug_macro   0x00000000       0x82 led.o
 .debug_macro   0x00000000       0x46 led.o
 .debug_macro   0x00000000       0x10 led.o
 .debug_macro   0x00000000       0x16 led.o
 .debug_macro   0x00000000       0x28 led.o
 .debug_macro   0x00000000       0x1c led.o
 .group         0x00000000        0xc os_ram.o
 .group         0x00000000        0xc os_ram.o
 .group         0x00000000        0xc os_ram.o
 .group         0x00000000        0xc os_ram.o
 .group         0x00000000        0xc os_ram.o
 .group         0x00000000        0xc os_ram.o
 .group         0x00000000        0xc os_ram.o
 .group         0x00000000        0xc os_ram.o
 .debug_macro   0x00000000      0xa42 os_ram.o
 .debug_macro   0x00000000       0x4c os_ram.o
 .debug_macro   0x00000000       0x82 os_ram.o
 .debug_macro   0x00000000       0x46 os_ram.o
 .debug_macro   0x00000000       0x10 os_ram.o
 .debug_macro   0x00000000       0x16 os_ram.o
 .debug_macro   0x00000000       0x28 os_ram.o
 .debug_macro   0x00000000       0x1c os_ram.o
 .group         0x00000000        0xc os_shared_ram.o
 .group         0x00000000        0xc os_shared_ram.o
 .group         0x00000000        0xc os_shared_ram.o
 .group         0x00000000        0xc os_shared_ram.o
 .group         0x00000000        0xc os_shared_ram.o
 .group         0x00000000        0xc os_shared_ram.o
 .group         0x00000000        0xc os_shared_ram.o
 .group         0x00000000        0xc os_shared_ram.o
 .debug_macro   0x00000000      0xa42 os_shared_ram.o
 .debug_macro   0x00000000       0x4c os_shared_ram.o
 .debug_macro   0x00000000       0x82 os_shared_ram.o
 .debug_macro   0x00000000       0x46 os_shared_ram.o
 .debug_macro   0x00000000       0x10 os_shared_ram.o
 .debug_macro   0x00000000       0x16 os_shared_ram.o
 .debug_macro   0x00000000       0x28 os_shared_ram.o
 .debug_macro   0x00000000       0x1c os_shared_ram.o

Memory Configuration

Name             Origin             Length             Attributes
rom              0x08000000         0x00100000
ram              0x20000000         0x00030000
*default*        0x00000000         0xffffffff

Linker script and memory map


.text           0x08000000    0x182dc
                0x08000000                _ivec_start = .
 os_exception_table.o()
 .text          0x08000000        0x0 os_exception_table.o
 .data          0x08000000      0x400 os_exception_table.o
                0x08000000                isr_vec_table
 .bss           0x08000400        0x0 os_exception_table.o
 .debug_info    0x08000400      0x640 os_exception_table.o
 .debug_abbrev  0x08000a40       0xff os_exception_table.o
 .debug_aranges
                0x08000b3f       0x18 os_exception_table.o
 .debug_macro   0x08000b57       0xa7 os_exception_table.o
 .debug_macro   0x08000bfe      0xa42 os_exception_table.o
 .debug_macro   0x08001640       0x4c os_exception_table.o
 .debug_macro   0x0800168c       0x82 os_exception_table.o
 .debug_macro   0x0800170e       0x46 os_exception_table.o
 .debug_macro   0x08001754       0x10 os_exception_table.o
 .debug_macro   0x08001764       0x16 os_exception_table.o
 .debug_macro   0x0800177a       0x28 os_exception_table.o
 .debug_macro   0x080017a2       0x1c os_exception_table.o
 .debug_macro   0x080017be       0x10 os_exception_table.o
 .debug_line    0x080017ce      0x1ec os_exception_table.o
 .debug_str     0x080019ba     0x38da os_exception_table.o
                               0x3977 (size before relaxing)
 .comment       0x08005294       0x7f os_exception_table.o
                                 0x80 (size before relaxing)
 .ARM.attributes
                0x08005313       0x33 os_exception_table.o
 .iplt          0x08005346        0x0 os_exception_table.o
 .rel.iplt      0x08005346        0x0 os_exception_table.o
 .igot.plt      0x08005346        0x0 os_exception_table.o
                0x08005346                _ivec_end = .
                [!provide]                PROVIDE (ivec_start = .)
                [!provide]                PROVIDE (ivec_end = .)
                0x08005346                _const_start = .
 os_const.o()
 .text          0x08005346        0x0 os_const.o
 .data          0x08005346        0x0 os_const.o
 .bss           0x08005346        0x0 os_const.o
 .debug_info    0x08005346      0x60d os_const.o
 .debug_abbrev  0x08005953       0xe7 os_const.o
 .debug_aranges
                0x08005a3a       0x18 os_const.o
 .debug_macro   0x08005a52       0x9e os_const.o
 .debug_line    0x08005af0      0x1c4 os_const.o
 .debug_str     0x08005cb4       0x46 os_const.o
                               0x392d (size before relaxing)
 .comment       0x08005cfa       0x80 os_const.o
 .ARM.attributes
                0x08005cfa       0x33 os_const.o
                0x08005d7a                _const_end = .
                [!provide]                PROVIDE (const_start = .)
                [!provide]                PROVIDE (const_end = .)
                0x08005d7a                _code_start = .
 lld_global.o()
 *fill*         0x08005d2d        0x3 
 .text          0x08005d30      0x14c E:\NeuOrga\Programmieren\c_cpp\github_os\output\os_drivers\obj_arm\lld_global.o
                0x08005d30                GET_CORE_ID
                0x08005d36                LLF_SAVE_TASK_STACK
                0x08005d3c                LLF_SAVE_REGISTERS
                0x08005d76                LLF_RESTORE_TASK_STACK
                0x08005d7c                LLF_RESTORE_REGISTERS
                0x08005d9e                LLF_RESTORE_SYSTEM_STACK
                0x08005da4                LLF_SAVE_SYSTEM_STACK
                0x08005daa                LLF_CLEAR_ALL_GP_REGISTERS
                0x08005ddc                LLF_PERFORM_RAM_CHECK
                0x08005e28                LLF_CHANGE_TO_UNPRIVILIGED_THREAD_MODE
 .data          0x08005e7c        0x0 E:\NeuOrga\Programmieren\c_cpp\github_os\output\os_drivers\obj_arm\lld_global.o
 .bss           0x08005e7c        0x0 E:\NeuOrga\Programmieren\c_cpp\github_os\output\os_drivers\obj_arm\lld_global.o
 .debug_line    0x08005e7c       0xf6 E:\NeuOrga\Programmieren\c_cpp\github_os\output\os_drivers\obj_arm\lld_global.o
 .debug_info    0x08005f72       0x26 E:\NeuOrga\Programmieren\c_cpp\github_os\output\os_drivers\obj_arm\lld_global.o
 .debug_abbrev  0x08005f98       0x14 E:\NeuOrga\Programmieren\c_cpp\github_os\output\os_drivers\obj_arm\lld_global.o
 *fill*         0x08005fac        0x4 
 .debug_aranges
                0x08005fb0       0x20 E:\NeuOrga\Programmieren\c_cpp\github_os\output\os_drivers\obj_arm\lld_global.o
 .debug_str     0x08005fd0       0x59 E:\NeuOrga\Programmieren\c_cpp\github_os\output\os_drivers\obj_arm\lld_global.o
                                 0x91 (size before relaxing)
 .ARM.attributes
                0x08006029       0x21 E:\NeuOrga\Programmieren\c_cpp\github_os\output\os_drivers\obj_arm\lld_global.o
 lld_interrupt.o()
 .text          0x0800604a       0x14 E:\NeuOrga\Programmieren\c_cpp\github_os\output\os_drivers\obj_arm\lld_interrupt.o
                0x0800604a                LLF_INT_DISABLE
                0x08006050                LLF_INT_ENABLE
                0x08006056                LLF_DISABLE_INTERRUPTS_ALL_CORES
                0x0800605c                LLF_WAIT_FOR_INTERRUPT
 .data          0x0800605e        0x0 E:\NeuOrga\Programmieren\c_cpp\github_os\output\os_drivers\obj_arm\lld_interrupt.o
 .bss           0x0800605e        0x0 E:\NeuOrga\Programmieren\c_cpp\github_os\output\os_drivers\obj_arm\lld_interrupt.o
 .debug_line    0x0800605e       0x85 E:\NeuOrga\Programmieren\c_cpp\github_os\output\os_drivers\obj_arm\lld_interrupt.o
 .debug_info    0x080060e3       0x26 E:\NeuOrga\Programmieren\c_cpp\github_os\output\os_drivers\obj_arm\lld_interrupt.o
 .debug_abbrev  0x08006109       0x14 E:\NeuOrga\Programmieren\c_cpp\github_os\output\os_drivers\obj_arm\lld_interrupt.o
 *fill*         0x0800611d        0x3 
 .debug_aranges
                0x08006120       0x20 E:\NeuOrga\Programmieren\c_cpp\github_os\output\os_drivers\obj_arm\lld_interrupt.o
 .debug_str     0x08006140       0x4e E:\NeuOrga\Programmieren\c_cpp\github_os\output\os_drivers\obj_arm\lld_interrupt.o
                                 0x94 (size before relaxing)
 .ARM.attributes
                0x0800618e       0x21 E:\NeuOrga\Programmieren\c_cpp\github_os\output\os_drivers\obj_arm\lld_interrupt.o
 lld_mmu.o()
 *fill*         0x080061af        0x1 
 .text          0x080061b0        0xc E:\NeuOrga\Programmieren\c_cpp\github_os\output\os_drivers\obj_arm\lld_mmu.o
                0x080061b0                LLF_MPU_DISABLE
                0x080061b4                LLF_MPU_SWITCH_OFF_ALL_REGIONS
                0x080061b6                LLF_GET_MPU_PRESENT
 .data          0x080061bc        0x0 E:\NeuOrga\Programmieren\c_cpp\github_os\output\os_drivers\obj_arm\lld_mmu.o
 .bss           0x080061bc        0x0 E:\NeuOrga\Programmieren\c_cpp\github_os\output\os_drivers\obj_arm\lld_mmu.o
 .debug_line    0x080061bc       0x7d E:\NeuOrga\Programmieren\c_cpp\github_os\output\os_drivers\obj_arm\lld_mmu.o
 .debug_info    0x08006239       0x26 E:\NeuOrga\Programmieren\c_cpp\github_os\output\os_drivers\obj_arm\lld_mmu.o
 .debug_abbrev  0x0800625f       0x14 E:\NeuOrga\Programmieren\c_cpp\github_os\output\os_drivers\obj_arm\lld_mmu.o
 *fill*         0x08006273        0x5 
 .debug_aranges
                0x08006278       0x20 E:\NeuOrga\Programmieren\c_cpp\github_os\output\os_drivers\obj_arm\lld_mmu.o
 .debug_str     0x08006298       0x48 E:\NeuOrga\Programmieren\c_cpp\github_os\output\os_drivers\obj_arm\lld_mmu.o
                                 0x8e (size before relaxing)
 .ARM.attributes
                0x080062e0       0x21 E:\NeuOrga\Programmieren\c_cpp\github_os\output\os_drivers\obj_arm\lld_mmu.o
 lld_ram.o()
 *fill*         0x08006301        0x1 
 .text          0x08006302       0x80 E:\NeuOrga\Programmieren\c_cpp\github_os\output\os_drivers\obj_arm\lld_ram.o
                0x08006302                LLF_CLEAR_ALL_RAM
 .data          0x08006382        0x0 E:\NeuOrga\Programmieren\c_cpp\github_os\output\os_drivers\obj_arm\lld_ram.o
 .bss           0x08006382        0x0 E:\NeuOrga\Programmieren\c_cpp\github_os\output\os_drivers\obj_arm\lld_ram.o
 .debug_line    0x08006382       0x9f E:\NeuOrga\Programmieren\c_cpp\github_os\output\os_drivers\obj_arm\lld_ram.o
 .debug_info    0x08006421       0x26 E:\NeuOrga\Programmieren\c_cpp\github_os\output\os_drivers\obj_arm\lld_ram.o
 .debug_abbrev  0x08006447       0x14 E:\NeuOrga\Programmieren\c_cpp\github_os\output\os_drivers\obj_arm\lld_ram.o
 *fill*         0x0800645b        0x5 
 .debug_aranges
                0x08006460       0x20 E:\NeuOrga\Programmieren\c_cpp\github_os\output\os_drivers\obj_arm\lld_ram.o
 .debug_str     0x08006480       0x48 E:\NeuOrga\Programmieren\c_cpp\github_os\output\os_drivers\obj_arm\lld_ram.o
                                 0x8e (size before relaxing)
 .ARM.attributes
                0x080064c8       0x21 E:\NeuOrga\Programmieren\c_cpp\github_os\output\os_drivers\obj_arm\lld_ram.o
 lld_timer.o()
 .text          0x080064e9        0x0 E:\NeuOrga\Programmieren\c_cpp\github_os\output\os_drivers\obj_arm\lld_timer.o
 .data          0x080064e9        0x0 E:\NeuOrga\Programmieren\c_cpp\github_os\output\os_drivers\obj_arm\lld_timer.o
 .bss           0x080064e9        0x0 E:\NeuOrga\Programmieren\c_cpp\github_os\output\os_drivers\obj_arm\lld_timer.o
 .ARM.attributes
                0x080064e9       0x21 E:\NeuOrga\Programmieren\c_cpp\github_os\output\os_drivers\obj_arm\lld_timer.o
 lld_power.o()
 *fill*         0x0800650a        0x2 
 .text          0x0800650c       0x20 E:\NeuOrga\Programmieren\c_cpp\github_os\output\os_drivers\obj_arm\lld_power.o
                0x0800650c                LLF_MCU_SWITCH_OFF_POWER
                0x08006512                LLF_MCU_RESET_POWER
 .data          0x0800652c        0x0 E:\NeuOrga\Programmieren\c_cpp\github_os\output\os_drivers\obj_arm\lld_power.o
 .bss           0x0800652c        0x0 E:\NeuOrga\Programmieren\c_cpp\github_os\output\os_drivers\obj_arm\lld_power.o
 .debug_line    0x0800652c       0x87 E:\NeuOrga\Programmieren\c_cpp\github_os\output\os_drivers\obj_arm\lld_power.o
 .debug_info    0x080065b3       0x26 E:\NeuOrga\Programmieren\c_cpp\github_os\output\os_drivers\obj_arm\lld_power.o
 .debug_abbrev  0x080065d9       0x14 E:\NeuOrga\Programmieren\c_cpp\github_os\output\os_drivers\obj_arm\lld_power.o
 *fill*         0x080065ed        0x3 
 .debug_aranges
                0x080065f0       0x20 E:\NeuOrga\Programmieren\c_cpp\github_os\output\os_drivers\obj_arm\lld_power.o
 .debug_str     0x08006610       0x4a E:\NeuOrga\Programmieren\c_cpp\github_os\output\os_drivers\obj_arm\lld_power.o
                                 0x90 (size before relaxing)
 .ARM.attributes
                0x0800665a       0x21 E:\NeuOrga\Programmieren\c_cpp\github_os\output\os_drivers\obj_arm\lld_power.o
 os_exception_reset.o()
 *fill*         0x0800667b        0x1 
 .text          0x0800667c       0x24 E:\NeuOrga\Programmieren\c_cpp\github_os\output\os_drivers\obj_arm\os_exception_reset.o
                0x0800667c                OS_Exception_RESET
                0x0800669c                START_OS
 .data          0x080066a0        0x0 E:\NeuOrga\Programmieren\c_cpp\github_os\output\os_drivers\obj_arm\os_exception_reset.o
 .bss           0x080066a0        0x0 E:\NeuOrga\Programmieren\c_cpp\github_os\output\os_drivers\obj_arm\os_exception_reset.o
 .debug_line    0x080066a0       0x8b E:\NeuOrga\Programmieren\c_cpp\github_os\output\os_drivers\obj_arm\os_exception_reset.o
 .debug_info    0x0800672b       0x26 E:\NeuOrga\Programmieren\c_cpp\github_os\output\os_drivers\obj_arm\os_exception_reset.o
 .debug_abbrev  0x08006751       0x14 E:\NeuOrga\Programmieren\c_cpp\github_os\output\os_drivers\obj_arm\os_exception_reset.o
 *fill*         0x08006765        0x3 
 .debug_aranges
                0x08006768       0x20 E:\NeuOrga\Programmieren\c_cpp\github_os\output\os_drivers\obj_arm\os_exception_reset.o
 .debug_str     0x08006788       0x50 E:\NeuOrga\Programmieren\c_cpp\github_os\output\os_drivers\obj_arm\os_exception_reset.o
                                 0x96 (size before relaxing)
 .ARM.attributes
                0x080067d8       0x21 E:\NeuOrga\Programmieren\c_cpp\github_os\output\os_drivers\obj_arm\os_exception_reset.o
 os_common.o()
 *fill*         0x080067f9        0x3 
 .text          0x080067fc       0x38 os_common.o
                0x080067fc                OS_SET_SW_BUG
                0x08006824                Get_current_time
 .data          0x08006834        0x0 os_common.o
 .bss           0x08006834        0x0 os_common.o
 .debug_info    0x08006834      0x6cf os_common.o
 .debug_abbrev  0x08006f03      0x12c os_common.o
 .debug_aranges
                0x0800702f       0x20 os_common.o
 .debug_macro   0x0800704f       0xa2 os_common.o
 .debug_line    0x080070f1      0x1eb os_common.o
 .debug_str     0x080072dc      0x1e7 os_common.o
                               0x3ace (size before relaxing)
 .comment       0x080074c3       0x80 os_common.o
 *fill*         0x080074c3        0x1 
 .debug_frame   0x080074c4       0x5c os_common.o
 .ARM.attributes
                0x08007520       0x33 os_common.o
 os_exception.o()
 *fill*         0x08007553        0x1 
 .text          0x08007554      0x27c os_exception.o
                0x080075dc                OS_Exception_HARDFAULT
                0x080075f4                OS_Exception_NMI
                0x0800760c                OS_Exception_SWI
                0x08007624                OS_Exception_BUS_FAULT
                0x0800763c                OS_Exception_DEBUG
                0x08007646                OS_Exception_MEM_MANAG_FAULT
                0x0800765c                OS_Exception_USAGE_FAULT
                0x08007674                OS_Exception_PendSV
                0x0800767a                OS_Exception_Systick
                0x08007788                OS_Exception_IRQ
                0x08007794                OS_Exception_FIQ
                0x080077a0                TCMP1
                0x080077ac                TCMP2
                0x080077b8                TCMP3
                0x080077c4                TCMP4
 .data          0x080077d0        0x0 os_exception.o
 .bss           0x080077d0        0x0 os_exception.o
 .debug_info    0x080077d0      0x774 os_exception.o
 .debug_abbrev  0x08007f44      0x172 os_exception.o
 .debug_aranges
                0x080080b6       0x20 os_exception.o
 .debug_macro   0x080080d6      0x13a os_exception.o
 .debug_macro   0x08008210      0xa3c os_exception.o
 .debug_macro   0x08008c4c       0x1c os_exception.o
 .debug_macro   0x08008c68       0x28 os_exception.o
 .debug_line    0x08008c90      0x2bb os_exception.o
 .debug_str     0x08008f4b      0x65a os_exception.o
                               0x3ee9 (size before relaxing)
 .comment       0x080095a5       0x80 os_exception.o
 *fill*         0x080095a5        0x3 
 .debug_frame   0x080095a8      0x1fc os_exception.o
 .ARM.attributes
                0x080097a4       0x33 os_exception.o
 os_exception_isr_handler.o()
 *fill*         0x080097d7        0x1 
 .text          0x080097d8        0xc os_exception_isr_handler.o
                0x080097d8                OS_ISRHANDLERC0
 .data          0x080097e4        0x0 os_exception_isr_handler.o
 .bss           0x080097e4        0x0 os_exception_isr_handler.o
 .debug_info    0x080097e4      0x626 os_exception_isr_handler.o
 .debug_abbrev  0x08009e0a      0x103 os_exception_isr_handler.o
 .debug_aranges
                0x08009f0d       0x20 os_exception_isr_handler.o
 .debug_macro   0x08009f2d       0xab os_exception_isr_handler.o
 .debug_line    0x08009fd8      0x20e os_exception_isr_handler.o
 .debug_str     0x0800a1e6       0x66 os_exception_isr_handler.o
                               0x39bd (size before relaxing)
 .comment       0x0800a24c       0x80 os_exception_isr_handler.o
 .debug_frame   0x0800a24c       0x2c os_exception_isr_handler.o
 .ARM.attributes
                0x0800a278       0x33 os_exception_isr_handler.o
 os_exception_table.o()
 os_init_task_system.o()
 *fill*         0x0800a2ab        0x1 
 .text          0x0800a2ac        0xc os_init_task_system.o
                0x0800a2ac                OS_INIT_TASK_SYSTEM
 .data          0x0800a2b8        0x0 os_init_task_system.o
 .bss           0x0800a2b8        0x0 os_init_task_system.o
 .debug_info    0x0800a2b8      0x626 os_init_task_system.o
 .debug_abbrev  0x0800a8de      0x103 os_init_task_system.o
 .debug_aranges
                0x0800a9e1       0x20 os_init_task_system.o
 .debug_macro   0x0800aa01       0xb1 os_init_task_system.o
 .debug_macro   0x0800aab2       0x22 os_init_task_system.o
 .debug_line    0x0800aad4      0x209 os_init_task_system.o
 .debug_str     0x0800acdd       0x65 os_init_task_system.o
                               0x39bc (size before relaxing)
 .comment       0x0800ad42       0x80 os_init_task_system.o
 *fill*         0x0800ad42        0x2 
 .debug_frame   0x0800ad44       0x2c os_init_task_system.o
 .ARM.attributes
                0x0800ad70       0x33 os_init_task_system.o
 os_main.o()
 *fill*         0x0800ada3        0x1 
 .text          0x0800ada4      0x158 os_main.o
                0x0800ae3c                OS_STATE_HANDLER
 .data          0x0800aefc        0x0 os_main.o
 .bss           0x0800aefc        0x9 os_main.o
 .debug_info    0x0800af05      0x6c3 os_main.o
 .debug_abbrev  0x0800b5c8      0x12a os_main.o
 .debug_aranges
                0x0800b6f2       0x20 os_main.o
 .debug_macro   0x0800b712       0xdc os_main.o
 .debug_line    0x0800b7ee      0x29f os_main.o
 .debug_str     0x0800ba8d      0x129 os_main.o
                               0x3b69 (size before relaxing)
 .comment       0x0800bbb6       0x80 os_main.o
 *fill*         0x0800bbb6        0x2 
 .debug_frame   0x0800bbb8       0x48 os_main.o
 .ARM.attributes
                0x0800bc00       0x33 os_main.o
 os_memory_mmu_setup.o()
 *fill*         0x0800bc33        0x1 
 .text          0x0800bc34        0xc os_memory_mmu_setup.o
                0x0800bc34                OS_MMU_SETUP
 .data          0x0800bc40        0x0 os_memory_mmu_setup.o
 .bss           0x0800bc40        0x0 os_memory_mmu_setup.o
 .debug_info    0x0800bc40      0x626 os_memory_mmu_setup.o
 .debug_abbrev  0x0800c266      0x103 os_memory_mmu_setup.o
 .debug_aranges
                0x0800c369       0x20 os_memory_mmu_setup.o
 .debug_macro   0x0800c389       0xda os_memory_mmu_setup.o
 .debug_line    0x0800c463      0x1df os_memory_mmu_setup.o
 .debug_str     0x0800c642      0x1cc os_memory_mmu_setup.o
                               0x3ab3 (size before relaxing)
 .comment       0x0800c80e       0x80 os_memory_mmu_setup.o
 *fill*         0x0800c80e        0x2 
 .debug_frame   0x0800c810       0x34 os_memory_mmu_setup.o
 .ARM.attributes
                0x0800c844       0x33 os_memory_mmu_setup.o
 os_shutdown.o()
 *fill*         0x0800c877        0x1 
 .text          0x0800c878       0x6c os_shutdown.o
                0x0800c890                OS_DEINIT_MC
                0x0800c89c                OS_SHUTDOWN
 .data          0x0800c8e4        0x0 os_shutdown.o
 .bss           0x0800c8e4        0x0 os_shutdown.o
 .debug_info    0x0800c8e4      0x6ad os_shutdown.o
 .debug_abbrev  0x0800cf91      0x149 os_shutdown.o
 .debug_aranges
                0x0800d0da       0x20 os_shutdown.o
 .debug_macro   0x0800d0fa       0xb2 os_shutdown.o
 .debug_line    0x0800d1ac      0x211 os_shutdown.o
 .debug_str     0x0800d3bd       0xac os_shutdown.o
                               0x39f3 (size before relaxing)
 .comment       0x0800d469       0x80 os_shutdown.o
 *fill*         0x0800d469        0x3 
 .debug_frame   0x0800d46c       0x9c os_shutdown.o
 .ARM.attributes
                0x0800d508       0x33 os_shutdown.o
 os_start_ext_prg.o()
 *fill*         0x0800d53b        0x1 
 .text          0x0800d53c       0x4a os_start_ext_prg.o
                0x0800d554                OS_StartExtPrg
 .data          0x0800d586        0x0 os_start_ext_prg.o
 .bss           0x0800d586        0x0 os_start_ext_prg.o
 .debug_info    0x0800d586      0x6a7 os_start_ext_prg.o
 .debug_abbrev  0x0800dc2d      0x133 os_start_ext_prg.o
 .debug_aranges
                0x0800dd60       0x20 os_start_ext_prg.o
 .debug_macro   0x0800dd80       0x9e os_start_ext_prg.o
 .debug_line    0x0800de1e      0x1ea os_start_ext_prg.o
 .debug_str     0x0800e008       0x90 os_start_ext_prg.o
                               0x3982 (size before relaxing)
 .comment       0x0800e098       0x80 os_start_ext_prg.o
 .debug_frame   0x0800e098       0x60 os_start_ext_prg.o
 .ARM.attributes
                0x0800e0f8       0x33 os_start_ext_prg.o
 os_start_init_hw.o()
 *fill*         0x0800e12b        0x1 
 .text          0x0800e12c        0xc os_start_init_hw.o
                0x0800e12c                OS_INIT_HW
 .data          0x0800e138        0x0 os_start_init_hw.o
 .bss           0x0800e138        0x0 os_start_init_hw.o
 .debug_info    0x0800e138      0x626 os_start_init_hw.o
 .debug_abbrev  0x0800e75e      0x103 os_start_init_hw.o
 .debug_aranges
                0x0800e861       0x20 os_start_init_hw.o
 .debug_macro   0x0800e881       0x9e os_start_init_hw.o
 .debug_line    0x0800e91f      0x1da os_start_init_hw.o
 .debug_str     0x0800eaf9       0x59 os_start_init_hw.o
                               0x3940 (size before relaxing)
 .comment       0x0800eb52       0x80 os_start_init_hw.o
 *fill*         0x0800eb52        0x2 
 .debug_frame   0x0800eb54       0x34 os_start_init_hw.o
 .ARM.attributes
                0x0800eb88       0x33 os_start_init_hw.o
 os_start_init_mc.o()
 *fill*         0x0800ebbb        0x1 
 .text          0x0800ebbc        0xc os_start_init_mc.o
                0x0800ebbc                OS_INIT_MC
 .data          0x0800ebc8        0x0 os_start_init_mc.o
 .bss           0x0800ebc8        0x0 os_start_init_mc.o
 .debug_info    0x0800ebc8      0x626 os_start_init_mc.o
 .debug_abbrev  0x0800f1ee      0x103 os_start_init_mc.o
 .debug_aranges
                0x0800f2f1       0x20 os_start_init_mc.o
 .debug_macro   0x0800f311       0xa8 os_start_init_mc.o
 .debug_line    0x0800f3b9      0x1f0 os_start_init_mc.o
 .debug_str     0x0800f5a9       0x59 os_start_init_mc.o
                               0x3956 (size before relaxing)
 .comment       0x0800f602       0x80 os_start_init_mc.o
 *fill*         0x0800f602        0x2 
 .debug_frame   0x0800f604       0x34 os_start_init_mc.o
 .ARM.attributes
                0x0800f638       0x33 os_start_init_mc.o
 os_start_init_sw.o()
 *fill*         0x0800f66b        0x1 
 .text          0x0800f66c       0x40 os_start_init_sw.o
                0x0800f66c                OS_INIT_SW
 .data          0x0800f6ac        0x0 os_start_init_sw.o
 .bss           0x0800f6ac        0x0 os_start_init_sw.o
 .debug_info    0x0800f6ac      0x5b4 os_start_init_sw.o
 .debug_abbrev  0x0800fc60      0x103 os_start_init_sw.o
 .debug_aranges
                0x0800fd63       0x20 os_start_init_sw.o
 .debug_macro   0x0800fd83       0x9e os_start_init_sw.o
 .debug_line    0x0800fe21      0x1e0 os_start_init_sw.o
 .debug_str     0x08010001       0x59 os_start_init_sw.o
                               0x3844 (size before relaxing)
 .comment       0x0801005a       0x80 os_start_init_sw.o
 *fill*         0x0801005a        0x2 
 .debug_frame   0x0801005c       0x2c os_start_init_sw.o
 .ARM.attributes
                0x08010088       0x33 os_start_init_sw.o
 os_start_os.o()
 *fill*         0x080100bb        0x1 
 .text          0x080100bc       0x8c os_start_os.o
                0x080100bc                OS_START_OS
 .data          0x08010148        0x0 os_start_os.o
 .bss           0x08010148        0x0 os_start_os.o
 .debug_info    0x08010148      0x626 os_start_os.o
 .debug_abbrev  0x0801076e      0x103 os_start_os.o
 .debug_aranges
                0x08010871       0x20 os_start_os.o
 .debug_macro   0x08010891       0xc0 os_start_os.o
 .debug_line    0x08010951      0x1f1 os_start_os.o
 .debug_str     0x08010b42      0x234 os_start_os.o
                               0x3b1b (size before relaxing)
 .comment       0x08010d76       0x80 os_start_os.o
 *fill*         0x08010d76        0x2 
 .debug_frame   0x08010d78       0x2c os_start_os.o
 .ARM.attributes
                0x08010da4       0x33 os_start_os.o
 os_task_common.o()
 *fill*         0x08010dd7        0x1 
 .text          0x08010dd8      0x1e0 os_task_common.o
                0x08010dd8                OS_TASK_SAVETASK_ENVIRONMENT
                0x08010e16                OS_TASK_RESTORETASK_ENVIRONMENT
                0x08010e46                OS_TASK_RESTORE_SYSTEM_STACK
                0x08010e5c                OS_TASK_SAVE_SYSTEM_STACK
                0x08010e72                OS_Task_InitTaskEnvironment
                0x08010f5c                OS_Task_DeleteTaskEnvironment
                0x08010f8e                OS_Task_CreateTaskEnvironment
 .data          0x08010fb8        0x0 os_task_common.o
 .bss           0x08010fb8        0x0 os_task_common.o
 .debug_info    0x08010fb8      0x79b os_task_common.o
 .debug_abbrev  0x08011753      0x164 os_task_common.o
 .debug_aranges
                0x080118b7       0x20 os_task_common.o
 .debug_macro   0x080118d7       0xaf os_task_common.o
 .debug_line    0x08011986      0x25a os_task_common.o
 .debug_str     0x08011be0      0x129 os_task_common.o
                               0x3be2 (size before relaxing)
 .comment       0x08011d09       0x80 os_task_common.o
 *fill*         0x08011d09        0x3 
 .debug_frame   0x08011d0c      0x128 os_task_common.o
 .ARM.attributes
                0x08011e34       0x33 os_task_common.o
 *fill*         0x08011e67        0x1 
 COMMON         0x08011e68       0x14 os_task_common.o
                0x08011e68                TASK_PTR
 os_task_queue.o()
 .text          0x08011e7c      0xa84 os_task_queue.o
                0x08011e7c                SET_RUNNING_TASK
                0x0801200c                OS_INIT_TASK_QUEUE
                0x08012064                AddToTaskQueue
                0x0801243c                DeleteFromTaskQueue
                0x08012548                GetFromTaskQueue
                0x0801255e                GetFromSchedulingQueue
                0x08012580                DeleteFromSchedulingQueue
                0x08012598                AddToSchedulingQueue
                0x080125e8                UpdateSchedulingQueue
                0x08012668                GetIdleTask
                0x0801267c                AddToIdleTaskQueue
                0x080127fc                GetRunningTask
                0x08012810                GetRunningSchedulingQueueElementPtr
                0x08012824                OS_INIT_TASK
 .data          0x08012900        0x0 os_task_queue.o
 .bss           0x08012900        0x0 os_task_queue.o
 .debug_info    0x08012900      0x96d os_task_queue.o
 .debug_abbrev  0x0801326d      0x1e6 os_task_queue.o
 .debug_aranges
                0x08013453       0x20 os_task_queue.o
 .debug_macro   0x08013473       0xb4 os_task_queue.o
 .debug_line    0x08013527      0x329 os_task_queue.o
 .debug_str     0x08013850      0x21c os_task_queue.o
                               0x3d63 (size before relaxing)
 .comment       0x08013a6c       0x80 os_task_queue.o
 .debug_frame   0x08013a6c      0x238 os_task_queue.o
 .ARM.attributes
                0x08013ca4       0x33 os_task_queue.o
 os_task_scheduler.o()
 *fill*         0x08013cd7        0x1 
 .text          0x08013cd8      0x678 os_task_scheduler.o
                0x08013cd8                OS_ACTIVATE_DISPATCHER
                0x08013d18                OS_SLEEPTASK
                0x08013d38                task_state_request
                0x08013e2e                OS_ActivateTask
                0x08013ebe                OS_STARTTASK
                0x08013f88                OS_TERMINATE_TASK
                0x0801401c                OS_TASK_DISPATCHER
                0x080140dc                OS_INIT_TASKS
                0x08014344                ISR_TASK_DISPATCH_C0
 .data          0x08014350        0x0 os_task_scheduler.o
 .bss           0x08014350        0x0 os_task_scheduler.o
 .debug_info    0x08014350      0x965 os_task_scheduler.o
 .debug_abbrev  0x08014cb5      0x1f1 os_task_scheduler.o
 .debug_aranges
                0x08014ea6       0x20 os_task_scheduler.o
 .debug_macro   0x08014ec6       0xe0 os_task_scheduler.o
 .debug_line    0x08014fa6      0x377 os_task_scheduler.o
 .debug_str     0x0801531d      0x1aa os_task_scheduler.o
                               0x3e4f (size before relaxing)
 .comment       0x080154c7       0x80 os_task_scheduler.o
 *fill*         0x080154c7        0x1 
 .debug_frame   0x080154c8      0x214 os_task_scheduler.o
 .ARM.attributes
                0x080156dc       0x33 os_task_scheduler.o
 os_stack.o()
 *fill*         0x0801570f        0x1 
 .text          0x08015710        0x0 os_stack.o
 .data          0x08015710        0x0 os_stack.o
 .bss           0x08015710        0x0 os_stack.o
 .debug_info    0x08015710      0x60d os_stack.o
 .debug_abbrev  0x08015d1d       0xe7 os_stack.o
 .debug_aranges
                0x08015e04       0x18 os_stack.o
 .debug_macro   0x08015e1c       0x9e os_stack.o
 .debug_line    0x08015eba      0x1c4 os_stack.o
 .debug_str     0x0801607e       0x46 os_stack.o
                               0x392d (size before relaxing)
 .comment       0x080160c4       0x80 os_stack.o
 .ARM.attributes
                0x080160c4       0x33 os_stack.o
 os_heap.o()
 *fill*         0x080160f7        0x1 
 .text          0x080160f8      0x22c os_heap.o
                0x080160f8                os_calloc
                0x08016140                os_realloc
                0x080161b2                os_malloc
                0x0801621c                os_free
 .data          0x08016324        0x0 os_heap.o
 .bss           0x08016324        0x0 os_heap.o
 .debug_info    0x08016324      0x7e2 os_heap.o
 .debug_abbrev  0x08016b06      0x1b2 os_heap.o
 .debug_aranges
                0x08016cb8       0x20 os_heap.o
 .debug_macro   0x08016cd8       0xa2 os_heap.o
 .debug_line    0x08016d7a      0x252 os_heap.o
 .debug_str     0x08016fcc       0xec os_heap.o
                               0x39d9 (size before relaxing)
 .comment       0x080170b8       0x80 os_heap.o
 .debug_frame   0x080170b8      0x100 os_heap.o
 .ARM.attributes
                0x080171b8       0x33 os_heap.o
 led.o()
 *fill*         0x080171eb        0x1 
 .text          0x080171ec       0x50 led.o
                0x080171ec                USER_LED_INIT
                0x08017200                USER_LED_ON
                0x08017214                USER_LED_OFF
                0x08017228                USER_LED_TOGGLE
 .data          0x0801723c        0x0 led.o
 .bss           0x0801723c        0x0 led.o
 .debug_info    0x0801723c      0x6d2 led.o
 .debug_abbrev  0x0801790e      0x13d led.o
 .debug_aranges
                0x08017a4b       0x20 led.o
 .debug_macro   0x08017a6b       0xa2 led.o
 .debug_line    0x08017b0d      0x1cb led.o
 .debug_str     0x08017cd8       0x97 led.o
                               0x397e (size before relaxing)
 .comment       0x08017d6f       0x80 led.o
 *fill*         0x08017d6f        0x1 
 .debug_frame   0x08017d70       0xb0 led.o
 .ARM.attributes
                0x08017e20       0x33 led.o
                0x08017e53                _code_end = .
                [!provide]                PROVIDE (code_start = .)
                [!provide]                PROVIDE (code_end = .)
 *fill*         0x08017e53        0x1 
 .text          0x08017e54      0x378 d:/programm/gnu tools arm embedded/7 2018-q2-update/bin/../lib/gcc/arm-none-eabi/7.3.1/thumb/v7e-m\libgcc.a(_arm_addsubdf3.o)
                0x08017e54                __aeabi_drsub
                0x08017e5c                __aeabi_dsub
                0x08017e5c                __subdf3
                0x08017e60                __aeabi_dadd
                0x08017e60                __adddf3
                0x080180d8                __floatunsidf
                0x080180d8                __aeabi_ui2d
                0x080180f8                __floatsidf
                0x080180f8                __aeabi_i2d
                0x0801811c                __aeabi_f2d
                0x0801811c                __extendsfdf2
                0x08018160                __floatundidf
                0x08018160                __aeabi_ul2d
                0x08018170                __floatdidf
                0x08018170                __aeabi_l2d
 .text          0x080181cc      0x110 d:/programm/gnu tools arm embedded/7 2018-q2-update/bin/../lib/gcc/arm-none-eabi/7.3.1/thumb/v7e-m\libgcc.a(_arm_cmpdf2.o)
                0x080181cc                __gtdf2
                0x080181cc                __gedf2
                0x080181d4                __ltdf2
                0x080181d4                __ledf2
                0x080181dc                __nedf2
                0x080181dc                __eqdf2
                0x080181dc                __cmpdf2
                0x08018258                __aeabi_cdrcmple
                0x08018268                __aeabi_cdcmpeq
                0x08018268                __aeabi_cdcmple
                0x08018278                __aeabi_dcmpeq
                0x0801828c                __aeabi_dcmplt
                0x080182a0                __aeabi_dcmple
                0x080182b4                __aeabi_dcmpge
                0x080182c8                __aeabi_dcmpgt

.glue_7         0x080182dc        0x0
 .glue_7        0x080182dc        0x0 linker stubs

.glue_7t        0x080182dc        0x0
 .glue_7t       0x080182dc        0x0 linker stubs

.vfp11_veneer   0x080182dc        0x0
 .vfp11_veneer  0x080182dc        0x0 linker stubs

.v4_bx          0x080182dc        0x0
 .v4_bx         0x080182dc        0x0 linker stubs

.data           0x20000000     0x98c0
                0x20000000                _ram_start = .
 os_ram.o()
 .text          0x20000000        0x0 os_ram.o
 .data          0x20000000        0x0 os_ram.o
 .bss           0x20000000        0x0 os_ram.o
 .debug_info    0x20000000      0x903 os_ram.o
 .debug_abbrev  0x20000903      0x105 os_ram.o
 .debug_aranges
                0x20000a08       0x18 os_ram.o
 .debug_macro   0x20000a20       0xa6 os_ram.o
 .debug_line    0x20000ac6      0x1dd os_ram.o
 .debug_str     0x20000ca3     0x398b os_ram.o
                               0x39ef (size before relaxing)
 .comment       0x2000462e       0x7f os_ram.o
                                 0x80 (size before relaxing)
 .ARM.attributes
                0x200046ad       0x33 os_ram.o
 COMMON         0x200046e0     0x33ac os_ram.o
                0x200046e0                TASK_STACK
                0x20004ac8                VAR_MEM_MANAG_FAULT_STATUS_REG
                0x20004acc                REGISTER_R2
                0x20004ad0                TASK_GROUP_3
                0x20004ad8                RAM_CHECK_FAILURE_ADDR
                0x20004adc                REGISTER_R0
                0x20004ae0                OS_STACK
                0x20004be0                REGISTER_R6
                0x20004be4                REGISTER_R7
                0x20004be8                DBG_CALIB_VALUE
                0x20004bec                OS_STATE
                0x20004bf0                TASK_IDLE_QUEUE
                0x20004c78                REGISTER_R9
                0x20004c7c                TASK1_CALL_NR
                0x20004c80                bTASK_QUEUE_INITIALIZED
                0x20004c84                BACKUP_SYSTICK_CURRENT_VAL_REG
                0x20004c88                TASK2_CALL_NR
                0x20004c8c                LAST_CURRENT_TIME
                0x20004c90                LINK_REGISTER_HANDLER
                0x20004c94                VAR_AUX_FAULT_STATUS_REG
                0x20004c98                REGISTER_R8
                0x20004c9c                TASK_3_VAR
                0x20004d24                TASK_0_VAR
                0x20004dac                TASK4_CALL_NR
                0x20004db0                TASK_GROUP_2
                0x20004db8                REGISTER_R5
                0x20004dbc                OS_MAIN_STACK
                0x20004ebc                DBG_RLD_VALUE
                0x20004ec0                REGISTER_R4
                0x20004ec4                RUNNING_TASK
                0x20004f4c                TASK_RUN_QUEUE
                0x200051f4                VAR_HARDFAULT_STATUS_REG
                0x200051f8                RUNNING_SCHEDULING_QUEUE_ENTRY
                0x200051fc                TASK_GROUP_5
                0x20005204                REGISTER_R1
                0x20005208                DBG_CTRL_VALUE
                0x2000520c                TASK_2_VAR
                0x20005294                VAR_BUS_FAULT_STATUS_REG
                0x20005298                RAM_CHECK_FAILURE_DETECTED
                0x2000529c                REGISTER_R10
                0x200052a0                HEAP
                0x200079b0                DBG_CURR_VAL
                0x200079b4                TASK_GROUP_1
                0x200079bc                VAR_FAULT_STATUS_REG
                0x200079c0                TASK_GROUP_4
                0x200079c8                REGISTER_R11
                0x200079cc                REGISTER_R3
                0x200079d0                TASK_SCHEDULING_QUEUE
                0x200079e4                TASK3_CALL_NR
                0x200079e8                VAR_MEM_FAULT_ADDR_REG
                0x200079ec                VAR_USAGE_FAULT_STATUS_REG
                0x200079f0                VAR_BUS_FAULT_ADDR_REG
                0x200079f4                OS_SW_BUG
                0x20007a04                TASK_1_VAR
 os_shared_ram.o()
 .text          0x20007a8c        0x0 os_shared_ram.o
 .data          0x20007a8c        0x0 os_shared_ram.o
 .bss           0x20007a8c        0x0 os_shared_ram.o
 .debug_info    0x20007a8c      0x71d os_shared_ram.o
 .debug_abbrev  0x200081a9       0xf8 os_shared_ram.o
 .debug_aranges
                0x200082a1       0x18 os_shared_ram.o
 .debug_macro   0x200082b9       0xfe os_shared_ram.o
 .debug_line    0x200083b7      0x1c9 os_shared_ram.o
 .debug_str     0x20008580      0x30b os_shared_ram.o
                               0x3bf2 (size before relaxing)
 .comment       0x2000888b       0x80 os_shared_ram.o
 .ARM.attributes
                0x2000888b       0x33 os_shared_ram.o
 *fill*         0x200088be        0x2 
 COMMON         0x200088c0     0x1000 os_shared_ram.o
                0x200088c0                RAM_BLOCK_C01_C01
                0x200089c0                RAM_BLOCK_C01_C00
                0x20008ac0                RAM_BLOCK_C00_C00
                0x20008bc0                RAM_BLOCK_C01_C03
                0x20008cc0                RAM_BLOCK_C03_C01
                0x20008dc0                RAM_BLOCK_C00_C01
                0x20008ec0                RAM_BLOCK_C02_C01
                0x20008fc0                RAM_BLOCK_C01_C02
                0x200090c0                RAM_BLOCK_C03_C00
                0x200091c0                RAM_BLOCK_C02_C00
                0x200092c0                RAM_BLOCK_C02_C02
                0x200093c0                RAM_BLOCK_C03_C03
                0x200094c0                RAM_BLOCK_C03_C02
                0x200095c0                RAM_BLOCK_C00_C03
                0x200096c0                RAM_BLOCK_C00_C02
                0x200097c0                RAM_BLOCK_C02_C03
                0x200098c0                _ram_end = .
                [!provide]                PROVIDE (ram_start = .)
                [!provide]                PROVIDE (ram_end = .)
 .data          0x200098c0        0x0 d:/programm/gnu tools arm embedded/7 2018-q2-update/bin/../lib/gcc/arm-none-eabi/7.3.1/thumb/v7e-m\libgcc.a(_arm_addsubdf3.o)
 .data          0x200098c0        0x0 d:/programm/gnu tools arm embedded/7 2018-q2-update/bin/../lib/gcc/arm-none-eabi/7.3.1/thumb/v7e-m\libgcc.a(_arm_cmpdf2.o)
START GROUP
LOAD d:/programm/gnu tools arm embedded/7 2018-q2-update/bin/../lib/gcc/arm-none-eabi/7.3.1/thumb/v7e-m\libgcc.a
LOAD d:/programm/gnu tools arm embedded/7 2018-q2-update/bin/../lib/gcc/arm-none-eabi/7.3.1/../../../../arm-none-eabi/lib/thumb/v7e-m\libg.a
LOAD d:/programm/gnu tools arm embedded/7 2018-q2-update/bin/../lib/gcc/arm-none-eabi/7.3.1/../../../../arm-none-eabi/lib/thumb/v7e-m\libc.a
END GROUP
OUTPUT(E:\NeuOrga\Programmieren\c_cpp\github_os\output\VERSION_ARM\operating_system.elf elf32-littlearm)

.bss            0x200098c0        0x0
 .bss           0x200098c0        0x0 d:/programm/gnu tools arm embedded/7 2018-q2-update/bin/../lib/gcc/arm-none-eabi/7.3.1/thumb/v7e-m\libgcc.a(_arm_addsubdf3.o)
 .bss           0x200098c0        0x0 d:/programm/gnu tools arm embedded/7 2018-q2-update/bin/../lib/gcc/arm-none-eabi/7.3.1/thumb/v7e-m\libgcc.a(_arm_cmpdf2.o)

.ARM.attributes
                0x00000000       0x31
 .ARM.attributes
                0x00000000       0x1e d:/programm/gnu tools arm embedded/7 2018-q2-update/bin/../lib/gcc/arm-none-eabi/7.3.1/thumb/v7e-m\libgcc.a(_arm_addsubdf3.o)
 .ARM.attributes
                0x0000001e       0x1e d:/programm/gnu tools arm embedded/7 2018-q2-update/bin/../lib/gcc/arm-none-eabi/7.3.1/thumb/v7e-m\libgcc.a(_arm_cmpdf2.o)

.debug_frame    0x00000000      0x170
 .debug_frame   0x00000000       0xac d:/programm/gnu tools arm embedded/7 2018-q2-update/bin/../lib/gcc/arm-none-eabi/7.3.1/thumb/v7e-m\libgcc.a(_arm_addsubdf3.o)
 .debug_frame   0x000000ac       0xc4 d:/programm/gnu tools arm embedded/7 2018-q2-update/bin/../lib/gcc/arm-none-eabi/7.3.1/thumb/v7e-m\libgcc.a(_arm_cmpdf2.o)
