Archive member included to satisfy reference by file (symbol)

d:/programm/gnu tools arm embedded/7 2018-q2-update/bin/../lib/gcc/arm-none-eabi/7.3.1/thumb/v7e-m\libgcc.a(_arm_addsubdf3.o)
                              os_task_scheduler.o (__aeabi_ui2d)
d:/programm/gnu tools arm embedded/7 2018-q2-update/bin/../lib/gcc/arm-none-eabi/7.3.1/thumb/v7e-m\libgcc.a(_arm_cmpdf2.o)
                              os_task_scheduler.o (__aeabi_dcmpgt)

Allocating common symbols
Common symbol       size              file

TASK_STACK          0x4e20            os_ram.o
RAM_BLOCK_C01_C01   0x100             os_shared_ram.o
VAR_MEM_MANAG_FAULT_STATUS_REG
                    0x4               os_ram.o
REGISTER_R2         0x4               os_ram.o
TASK_GROUP_3        0x8               os_ram.o
RAM_CHECK_FAILURE_ADDR
                    0x4               os_ram.o
REGISTER_R0         0x4               os_ram.o
OS_STACK            0x5000            os_ram.o
RAM_BLOCK_C01_C00   0x100             os_shared_ram.o
REGISTER_R6         0x4               os_ram.o
REGISTER_R7         0x4               os_ram.o
DBG_CALIB_VALUE     0x4               os_ram.o
RAM_BLOCK_C00_C00   0x100             os_shared_ram.o
OS_STATE            0x4               os_ram.o
TASK_IDLE_QUEUE     0x88              os_ram.o
REGISTER_R9         0x4               os_ram.o
TASK1_CALL_NR       0x4               os_ram.o
bTASK_QUEUE_INITIALIZED
                    0x1               os_ram.o
BACKUP_SYSTICK_CURRENT_VAL_REG
                    0x4               os_ram.o
RAM_BLOCK_C01_C03   0x100             os_shared_ram.o
TASK2_CALL_NR       0x4               os_ram.o
LAST_CURRENT_TIME   0x4               os_ram.o
LINK_REGISTER_HANDLER
                    0x4               os_ram.o
VAR_AUX_FAULT_STATUS_REG
                    0x4               os_ram.o
REGISTER_R8         0x4               os_ram.o
TASK_3_VAR          0x88              os_ram.o
RAM_BLOCK_C03_C01   0x100             os_shared_ram.o
TASK_0_VAR          0x88              os_ram.o
RAM_BLOCK_C00_C01   0x100             os_shared_ram.o
TASK4_CALL_NR       0x4               os_ram.o
TASK_GROUP_2        0x8               os_ram.o
TASK_PTR            0x28              os_task_common.o
REGISTER_R5         0x4               os_ram.o
OS_MAIN_STACK       0x5000            os_ram.o
SAVED_STACK_POINTER
                    0x4               os_ram.o
RAM_BLOCK_C02_C01   0x100             os_shared_ram.o
DBG_RLD_VALUE       0x4               os_ram.o
REGISTER_R4         0x4               os_ram.o
RAM_BLOCK_C01_C02   0x100             os_shared_ram.o
RUNNING_TASK        0x88              os_ram.o
TASK_RUN_QUEUE      0x550             os_ram.o
VAR_HARDFAULT_STATUS_REG
                    0x4               os_ram.o
RAM_BLOCK_C03_C00   0x100             os_shared_ram.o
RUNNING_SCHEDULING_QUEUE_ENTRY
                    0x4               os_ram.o
TASK_GROUP_5        0x8               os_ram.o
REGISTER_R1         0x4               os_ram.o
RAM_BLOCK_C02_C00   0x100             os_shared_ram.o
DBG_CTRL_VALUE      0x4               os_ram.o
TASK_2_VAR          0x88              os_ram.o
VAR_BUS_FAULT_STATUS_REG
                    0x4               os_ram.o
RAM_BLOCK_C02_C02   0x100             os_shared_ram.o
RAM_CHECK_FAILURE_DETECTED
                    0x4               os_ram.o
REGISTER_R10        0x4               os_ram.o
RAM_BLOCK_C03_C03   0x100             os_shared_ram.o
RAM_BLOCK_C03_C02   0x100             os_shared_ram.o
RAM_BLOCK_C00_C03   0x100             os_shared_ram.o
DBG_CURR_VAL        0x4               os_ram.o
TASK_GROUP_1        0x8               os_ram.o
VAR_FAULT_STATUS_REG
                    0x4               os_ram.o
TASK_GROUP_4        0x8               os_ram.o
REGISTER_R11        0x4               os_ram.o
TASK_TRANSITION_REJECTED_STATE
                    0x1               os_ram.o
TASK_TRANSITION_CURRENT_STATE
                    0x1               os_ram.o
REGISTER_R3         0x4               os_ram.o
TASK_SCHEDULING_QUEUE
                    0x28              os_ram.o
TASK3_CALL_NR       0x4               os_ram.o
VAR_MEM_FAULT_ADDR_REG
                    0x4               os_ram.o
VAR_USAGE_FAULT_STATUS_REG
                    0x4               os_ram.o
VAR_BUS_FAULT_ADDR_REG
                    0x4               os_ram.o
RAM_BLOCK_C00_C02   0x100             os_shared_ram.o
TASK_TRANSITION_REJECTED_TASK_ADDR
                    0x4               os_ram.o
OS_SW_BUG           0xf               os_ram.o
RAM_BLOCK_C02_C03   0x100             os_shared_ram.o
TASK_1_VAR          0x88              os_ram.o

Discarded input sections

 .group         0x00000000        0xc os_exception_table.o
 .group         0x00000000        0xc os_exception_table.o
 .group         0x00000000        0xc os_exception_table.o
 .group         0x00000000        0xc os_exception_table.o
 .group         0x00000000        0xc os_exception_table.o
 .group         0x00000000        0xc os_exception_table.o
 .group         0x00000000        0xc os_exception_table.o
 .group         0x00000000        0xc os_exception_table.o
 .group         0x00000000        0xc os_const.o
 .group         0x00000000        0xc os_const.o
 .group         0x00000000        0xc os_const.o
 .group         0x00000000        0xc os_const.o
 .group         0x00000000        0xc os_const.o
 .group         0x00000000        0xc os_const.o
 .group         0x00000000        0xc os_const.o
 .group         0x00000000        0xc os_const.o
 .debug_macro   0x00000000      0xa42 os_const.o
 .debug_macro   0x00000000       0x4c os_const.o
 .debug_macro   0x00000000       0x8e os_const.o
 .debug_macro   0x00000000       0x46 os_const.o
 .debug_macro   0x00000000       0x10 os_const.o
 .debug_macro   0x00000000       0x10 os_const.o
 .debug_macro   0x00000000       0x28 os_const.o
 .debug_macro   0x00000000       0x1c os_const.o
 .group         0x00000000        0xc os_common.o
 .group         0x00000000        0xc os_common.o
 .group         0x00000000        0xc os_common.o
 .group         0x00000000        0xc os_common.o
 .group         0x00000000        0xc os_common.o
 .group         0x00000000        0xc os_common.o
 .group         0x00000000        0xc os_common.o
 .group         0x00000000        0xc os_common.o
 .debug_macro   0x00000000      0xa42 os_common.o
 .debug_macro   0x00000000       0x4c os_common.o
 .debug_macro   0x00000000       0x8e os_common.o
 .debug_macro   0x00000000       0x46 os_common.o
 .debug_macro   0x00000000       0x10 os_common.o
 .debug_macro   0x00000000       0x10 os_common.o
 .debug_macro   0x00000000       0x28 os_common.o
 .debug_macro   0x00000000       0x1c os_common.o
 .group         0x00000000        0xc os_exception.o
 .group         0x00000000        0xc os_exception.o
 .group         0x00000000        0xc os_exception.o
 .group         0x00000000        0xc os_exception.o
 .group         0x00000000        0xc os_exception.o
 .group         0x00000000        0xc os_exception.o
 .group         0x00000000        0xc os_exception.o
 .group         0x00000000        0xc os_exception.o
 .group         0x00000000        0xc os_exception.o
 .group         0x00000000        0xc os_exception.o
 .debug_macro   0x00000000       0x4c os_exception.o
 .debug_macro   0x00000000       0x8e os_exception.o
 .debug_macro   0x00000000       0x46 os_exception.o
 .debug_macro   0x00000000       0x10 os_exception.o
 .debug_macro   0x00000000       0x10 os_exception.o
 .debug_macro   0x00000000       0x28 os_exception.o
 .debug_macro   0x00000000       0x1c os_exception.o
 .group         0x00000000        0xc os_exception_isr_handler.o
 .group         0x00000000        0xc os_exception_isr_handler.o
 .group         0x00000000        0xc os_exception_isr_handler.o
 .group         0x00000000        0xc os_exception_isr_handler.o
 .group         0x00000000        0xc os_exception_isr_handler.o
 .group         0x00000000        0xc os_exception_isr_handler.o
 .group         0x00000000        0xc os_exception_isr_handler.o
 .group         0x00000000        0xc os_exception_isr_handler.o
 .group         0x00000000        0xc os_exception_isr_handler.o
 .debug_macro   0x00000000      0xa42 os_exception_isr_handler.o
 .debug_macro   0x00000000       0x4c os_exception_isr_handler.o
 .debug_macro   0x00000000       0x8e os_exception_isr_handler.o
 .debug_macro   0x00000000       0x46 os_exception_isr_handler.o
 .debug_macro   0x00000000       0x10 os_exception_isr_handler.o
 .debug_macro   0x00000000       0x10 os_exception_isr_handler.o
 .debug_macro   0x00000000       0x28 os_exception_isr_handler.o
 .debug_macro   0x00000000       0x1c os_exception_isr_handler.o
 .debug_macro   0x00000000       0x28 os_exception_isr_handler.o
 .group         0x00000000        0xc os_init_task_system.o
 .group         0x00000000        0xc os_init_task_system.o
 .group         0x00000000        0xc os_init_task_system.o
 .group         0x00000000        0xc os_init_task_system.o
 .group         0x00000000        0xc os_init_task_system.o
 .group         0x00000000        0xc os_init_task_system.o
 .group         0x00000000        0xc os_init_task_system.o
 .group         0x00000000        0xc os_init_task_system.o
 .group         0x00000000        0xc os_init_task_system.o
 .debug_macro   0x00000000      0xa42 os_init_task_system.o
 .debug_macro   0x00000000       0x4c os_init_task_system.o
 .debug_macro   0x00000000       0x8e os_init_task_system.o
 .debug_macro   0x00000000       0x46 os_init_task_system.o
 .debug_macro   0x00000000       0x10 os_init_task_system.o
 .debug_macro   0x00000000       0x10 os_init_task_system.o
 .debug_macro   0x00000000       0x28 os_init_task_system.o
 .debug_macro   0x00000000       0x1c os_init_task_system.o
 .group         0x00000000        0xc os_main.o
 .group         0x00000000        0xc os_main.o
 .group         0x00000000        0xc os_main.o
 .group         0x00000000        0xc os_main.o
 .group         0x00000000        0xc os_main.o
 .group         0x00000000        0xc os_main.o
 .group         0x00000000        0xc os_main.o
 .group         0x00000000        0xc os_main.o
 .group         0x00000000        0xc os_main.o
 .group         0x00000000        0xc os_main.o
 .debug_macro   0x00000000      0xa42 os_main.o
 .debug_macro   0x00000000       0x4c os_main.o
 .debug_macro   0x00000000       0x8e os_main.o
 .debug_macro   0x00000000       0x46 os_main.o
 .debug_macro   0x00000000       0x10 os_main.o
 .debug_macro   0x00000000       0x10 os_main.o
 .debug_macro   0x00000000       0x28 os_main.o
 .debug_macro   0x00000000       0x1c os_main.o
 .debug_macro   0x00000000       0x28 os_main.o
 .debug_macro   0x00000000       0x1c os_main.o
 .group         0x00000000        0xc os_memory_mmu_setup.o
 .group         0x00000000        0xc os_memory_mmu_setup.o
 .group         0x00000000        0xc os_memory_mmu_setup.o
 .group         0x00000000        0xc os_memory_mmu_setup.o
 .group         0x00000000        0xc os_memory_mmu_setup.o
 .group         0x00000000        0xc os_memory_mmu_setup.o
 .group         0x00000000        0xc os_memory_mmu_setup.o
 .group         0x00000000        0xc os_memory_mmu_setup.o
 .debug_macro   0x00000000      0xa42 os_memory_mmu_setup.o
 .debug_macro   0x00000000       0x4c os_memory_mmu_setup.o
 .debug_macro   0x00000000       0x8e os_memory_mmu_setup.o
 .debug_macro   0x00000000       0x46 os_memory_mmu_setup.o
 .debug_macro   0x00000000       0x10 os_memory_mmu_setup.o
 .debug_macro   0x00000000       0x10 os_memory_mmu_setup.o
 .debug_macro   0x00000000       0x28 os_memory_mmu_setup.o
 .debug_macro   0x00000000       0x1c os_memory_mmu_setup.o
 .group         0x00000000        0xc os_shutdown.o
 .group         0x00000000        0xc os_shutdown.o
 .group         0x00000000        0xc os_shutdown.o
 .group         0x00000000        0xc os_shutdown.o
 .group         0x00000000        0xc os_shutdown.o
 .group         0x00000000        0xc os_shutdown.o
 .group         0x00000000        0xc os_shutdown.o
 .group         0x00000000        0xc os_shutdown.o
 .debug_macro   0x00000000      0xa42 os_shutdown.o
 .debug_macro   0x00000000       0x4c os_shutdown.o
 .debug_macro   0x00000000       0x8e os_shutdown.o
 .debug_macro   0x00000000       0x46 os_shutdown.o
 .debug_macro   0x00000000       0x10 os_shutdown.o
 .debug_macro   0x00000000       0x10 os_shutdown.o
 .debug_macro   0x00000000       0x28 os_shutdown.o
 .debug_macro   0x00000000       0x1c os_shutdown.o
 .group         0x00000000        0xc os_start_ext_prg.o
 .group         0x00000000        0xc os_start_ext_prg.o
 .group         0x00000000        0xc os_start_ext_prg.o
 .group         0x00000000        0xc os_start_ext_prg.o
 .group         0x00000000        0xc os_start_ext_prg.o
 .group         0x00000000        0xc os_start_ext_prg.o
 .group         0x00000000        0xc os_start_ext_prg.o
 .group         0x00000000        0xc os_start_ext_prg.o
 .debug_macro   0x00000000      0xa42 os_start_ext_prg.o
 .debug_macro   0x00000000       0x4c os_start_ext_prg.o
 .debug_macro   0x00000000       0x8e os_start_ext_prg.o
 .debug_macro   0x00000000       0x46 os_start_ext_prg.o
 .debug_macro   0x00000000       0x10 os_start_ext_prg.o
 .debug_macro   0x00000000       0x10 os_start_ext_prg.o
 .debug_macro   0x00000000       0x28 os_start_ext_prg.o
 .debug_macro   0x00000000       0x1c os_start_ext_prg.o
 .group         0x00000000        0xc os_start_init_hw.o
 .group         0x00000000        0xc os_start_init_hw.o
 .group         0x00000000        0xc os_start_init_hw.o
 .group         0x00000000        0xc os_start_init_hw.o
 .group         0x00000000        0xc os_start_init_hw.o
 .group         0x00000000        0xc os_start_init_hw.o
 .group         0x00000000        0xc os_start_init_hw.o
 .group         0x00000000        0xc os_start_init_hw.o
 .debug_macro   0x00000000      0xa42 os_start_init_hw.o
 .debug_macro   0x00000000       0x4c os_start_init_hw.o
 .debug_macro   0x00000000       0x8e os_start_init_hw.o
 .debug_macro   0x00000000       0x46 os_start_init_hw.o
 .debug_macro   0x00000000       0x10 os_start_init_hw.o
 .debug_macro   0x00000000       0x10 os_start_init_hw.o
 .debug_macro   0x00000000       0x28 os_start_init_hw.o
 .debug_macro   0x00000000       0x1c os_start_init_hw.o
 .group         0x00000000        0xc os_start_init_mc.o
 .group         0x00000000        0xc os_start_init_mc.o
 .group         0x00000000        0xc os_start_init_mc.o
 .group         0x00000000        0xc os_start_init_mc.o
 .group         0x00000000        0xc os_start_init_mc.o
 .group         0x00000000        0xc os_start_init_mc.o
 .group         0x00000000        0xc os_start_init_mc.o
 .group         0x00000000        0xc os_start_init_mc.o
 .debug_macro   0x00000000      0xa42 os_start_init_mc.o
 .debug_macro   0x00000000       0x4c os_start_init_mc.o
 .debug_macro   0x00000000       0x8e os_start_init_mc.o
 .debug_macro   0x00000000       0x46 os_start_init_mc.o
 .debug_macro   0x00000000       0x10 os_start_init_mc.o
 .debug_macro   0x00000000       0x10 os_start_init_mc.o
 .debug_macro   0x00000000       0x28 os_start_init_mc.o
 .debug_macro   0x00000000       0x1c os_start_init_mc.o
 .group         0x00000000        0xc os_start_init_sw.o
 .group         0x00000000        0xc os_start_init_sw.o
 .group         0x00000000        0xc os_start_init_sw.o
 .group         0x00000000        0xc os_start_init_sw.o
 .group         0x00000000        0xc os_start_init_sw.o
 .group         0x00000000        0xc os_start_init_sw.o
 .group         0x00000000        0xc os_start_init_sw.o
 .group         0x00000000        0xc os_start_init_sw.o
 .debug_macro   0x00000000      0xa42 os_start_init_sw.o
 .debug_macro   0x00000000       0x4c os_start_init_sw.o
 .debug_macro   0x00000000       0x8e os_start_init_sw.o
 .debug_macro   0x00000000       0x46 os_start_init_sw.o
 .debug_macro   0x00000000       0x10 os_start_init_sw.o
 .debug_macro   0x00000000       0x10 os_start_init_sw.o
 .debug_macro   0x00000000       0x28 os_start_init_sw.o
 .debug_macro   0x00000000       0x1c os_start_init_sw.o
 .group         0x00000000        0xc os_start_os.o
 .group         0x00000000        0xc os_start_os.o
 .group         0x00000000        0xc os_start_os.o
 .group         0x00000000        0xc os_start_os.o
 .group         0x00000000        0xc os_start_os.o
 .group         0x00000000        0xc os_start_os.o
 .group         0x00000000        0xc os_start_os.o
 .group         0x00000000        0xc os_start_os.o
 .debug_macro   0x00000000      0xa42 os_start_os.o
 .debug_macro   0x00000000       0x4c os_start_os.o
 .debug_macro   0x00000000       0x8e os_start_os.o
 .debug_macro   0x00000000       0x46 os_start_os.o
 .debug_macro   0x00000000       0x10 os_start_os.o
 .debug_macro   0x00000000       0x10 os_start_os.o
 .debug_macro   0x00000000       0x28 os_start_os.o
 .debug_macro   0x00000000       0x1c os_start_os.o
 .group         0x00000000        0xc os_task_common.o
 .group         0x00000000        0xc os_task_common.o
 .group         0x00000000        0xc os_task_common.o
 .group         0x00000000        0xc os_task_common.o
 .group         0x00000000        0xc os_task_common.o
 .group         0x00000000        0xc os_task_common.o
 .group         0x00000000        0xc os_task_common.o
 .group         0x00000000        0xc os_task_common.o
 .group         0x00000000        0xc os_task_common.o
 .debug_macro   0x00000000      0xa42 os_task_common.o
 .debug_macro   0x00000000       0x4c os_task_common.o
 .debug_macro   0x00000000       0x8e os_task_common.o
 .debug_macro   0x00000000       0x46 os_task_common.o
 .debug_macro   0x00000000       0x10 os_task_common.o
 .debug_macro   0x00000000       0x10 os_task_common.o
 .debug_macro   0x00000000       0x28 os_task_common.o
 .debug_macro   0x00000000       0x1c os_task_common.o
 .debug_macro   0x00000000       0x28 os_task_common.o
 .group         0x00000000        0xc os_task_queue.o
 .group         0x00000000        0xc os_task_queue.o
 .group         0x00000000        0xc os_task_queue.o
 .group         0x00000000        0xc os_task_queue.o
 .group         0x00000000        0xc os_task_queue.o
 .group         0x00000000        0xc os_task_queue.o
 .group         0x00000000        0xc os_task_queue.o
 .group         0x00000000        0xc os_task_queue.o
 .group         0x00000000        0xc os_task_queue.o
 .group         0x00000000        0xc os_task_queue.o
 .debug_macro   0x00000000      0xa42 os_task_queue.o
 .debug_macro   0x00000000       0x4c os_task_queue.o
 .debug_macro   0x00000000       0x8e os_task_queue.o
 .debug_macro   0x00000000       0x46 os_task_queue.o
 .debug_macro   0x00000000       0x10 os_task_queue.o
 .debug_macro   0x00000000       0x10 os_task_queue.o
 .debug_macro   0x00000000       0x28 os_task_queue.o
 .debug_macro   0x00000000       0x1c os_task_queue.o
 .debug_macro   0x00000000       0x1c os_task_queue.o
 .debug_macro   0x00000000       0x28 os_task_queue.o
 .group         0x00000000        0xc os_task_scheduler.o
 .group         0x00000000        0xc os_task_scheduler.o
 .group         0x00000000        0xc os_task_scheduler.o
 .group         0x00000000        0xc os_task_scheduler.o
 .group         0x00000000        0xc os_task_scheduler.o
 .group         0x00000000        0xc os_task_scheduler.o
 .group         0x00000000        0xc os_task_scheduler.o
 .group         0x00000000        0xc os_task_scheduler.o
 .group         0x00000000        0xc os_task_scheduler.o
 .group         0x00000000        0xc os_task_scheduler.o
 .debug_macro   0x00000000      0xa42 os_task_scheduler.o
 .debug_macro   0x00000000       0x4c os_task_scheduler.o
 .debug_macro   0x00000000       0x8e os_task_scheduler.o
 .debug_macro   0x00000000       0x46 os_task_scheduler.o
 .debug_macro   0x00000000       0x10 os_task_scheduler.o
 .debug_macro   0x00000000       0x10 os_task_scheduler.o
 .debug_macro   0x00000000       0x28 os_task_scheduler.o
 .debug_macro   0x00000000       0x1c os_task_scheduler.o
 .debug_macro   0x00000000       0x28 os_task_scheduler.o
 .debug_macro   0x00000000       0x1c os_task_scheduler.o
 .group         0x00000000        0xc os_stack.o
 .group         0x00000000        0xc os_stack.o
 .group         0x00000000        0xc os_stack.o
 .group         0x00000000        0xc os_stack.o
 .group         0x00000000        0xc os_stack.o
 .group         0x00000000        0xc os_stack.o
 .group         0x00000000        0xc os_stack.o
 .group         0x00000000        0xc os_stack.o
 .debug_macro   0x00000000      0xa42 os_stack.o
 .debug_macro   0x00000000       0x4c os_stack.o
 .debug_macro   0x00000000       0x8e os_stack.o
 .debug_macro   0x00000000       0x46 os_stack.o
 .debug_macro   0x00000000       0x10 os_stack.o
 .debug_macro   0x00000000       0x10 os_stack.o
 .debug_macro   0x00000000       0x28 os_stack.o
 .debug_macro   0x00000000       0x1c os_stack.o
 .group         0x00000000        0xc os_heap.o
 .group         0x00000000        0xc os_heap.o
 .group         0x00000000        0xc os_heap.o
 .group         0x00000000        0xc os_heap.o
 .group         0x00000000        0xc os_heap.o
 .group         0x00000000        0xc os_heap.o
 .group         0x00000000        0xc os_heap.o
 .group         0x00000000        0xc os_heap.o
 .debug_macro   0x00000000      0xa42 os_heap.o
 .debug_macro   0x00000000       0x4c os_heap.o
 .debug_macro   0x00000000       0x8e os_heap.o
 .debug_macro   0x00000000       0x46 os_heap.o
 .debug_macro   0x00000000       0x10 os_heap.o
 .debug_macro   0x00000000       0x10 os_heap.o
 .debug_macro   0x00000000       0x28 os_heap.o
 .debug_macro   0x00000000       0x1c os_heap.o
 .group         0x00000000        0xc led.o
 .group         0x00000000        0xc led.o
 .group         0x00000000        0xc led.o
 .group         0x00000000        0xc led.o
 .group         0x00000000        0xc led.o
 .group         0x00000000        0xc led.o
 .group         0x00000000        0xc led.o
 .group         0x00000000        0xc led.o
 .debug_macro   0x00000000      0xa42 led.o
 .debug_macro   0x00000000       0x4c led.o
 .debug_macro   0x00000000       0x8e led.o
 .debug_macro   0x00000000       0x46 led.o
 .debug_macro   0x00000000       0x10 led.o
 .debug_macro   0x00000000       0x10 led.o
 .debug_macro   0x00000000       0x28 led.o
 .debug_macro   0x00000000       0x1c led.o
 .group         0x00000000        0xc os_ram.o
 .group         0x00000000        0xc os_ram.o
 .group         0x00000000        0xc os_ram.o
 .group         0x00000000        0xc os_ram.o
 .group         0x00000000        0xc os_ram.o
 .group         0x00000000        0xc os_ram.o
 .group         0x00000000        0xc os_ram.o
 .group         0x00000000        0xc os_ram.o
 .debug_macro   0x00000000      0xa42 os_ram.o
 .debug_macro   0x00000000       0x4c os_ram.o
 .debug_macro   0x00000000       0x8e os_ram.o
 .debug_macro   0x00000000       0x46 os_ram.o
 .debug_macro   0x00000000       0x10 os_ram.o
 .debug_macro   0x00000000       0x10 os_ram.o
 .debug_macro   0x00000000       0x28 os_ram.o
 .debug_macro   0x00000000       0x1c os_ram.o
 .group         0x00000000        0xc os_shared_ram.o
 .group         0x00000000        0xc os_shared_ram.o
 .group         0x00000000        0xc os_shared_ram.o
 .group         0x00000000        0xc os_shared_ram.o
 .group         0x00000000        0xc os_shared_ram.o
 .group         0x00000000        0xc os_shared_ram.o
 .group         0x00000000        0xc os_shared_ram.o
 .group         0x00000000        0xc os_shared_ram.o
 .debug_macro   0x00000000      0xa42 os_shared_ram.o
 .debug_macro   0x00000000       0x4c os_shared_ram.o
 .debug_macro   0x00000000       0x8e os_shared_ram.o
 .debug_macro   0x00000000       0x46 os_shared_ram.o
 .debug_macro   0x00000000       0x10 os_shared_ram.o
 .debug_macro   0x00000000       0x10 os_shared_ram.o
 .debug_macro   0x00000000       0x28 os_shared_ram.o
 .debug_macro   0x00000000       0x1c os_shared_ram.o

Memory Configuration

Name             Origin             Length             Attributes
rom              0x08000000         0x00100000
ram              0x20000000         0x00030000
*default*        0x00000000         0xffffffff

Linker script and memory map


.text           0x08000000    0x1ca50
                0x08000000                _ivec_start = .
 os_exception_table.o()
 .text          0x08000000        0x0 os_exception_table.o
 .data          0x08000000      0x400 os_exception_table.o
                0x08000000                isr_vec_table
 .bss           0x08000400        0x0 os_exception_table.o
 .debug_info    0x08000400      0x6a2 os_exception_table.o
 .debug_abbrev  0x08000aa2      0x104 os_exception_table.o
 .debug_aranges
                0x08000ba6       0x18 os_exception_table.o
 .debug_macro   0x08000bbe       0xa8 os_exception_table.o
 .debug_macro   0x08000c66      0xa42 os_exception_table.o
 .debug_macro   0x080016a8       0x4c os_exception_table.o
 .debug_macro   0x080016f4       0x8e os_exception_table.o
 .debug_macro   0x08001782       0x46 os_exception_table.o
 .debug_macro   0x080017c8       0x10 os_exception_table.o
 .debug_macro   0x080017d8       0x10 os_exception_table.o
 .debug_macro   0x080017e8       0x28 os_exception_table.o
 .debug_macro   0x08001810       0x1c os_exception_table.o
 .debug_line    0x0800182c      0x1ec os_exception_table.o
 .debug_str     0x08001a18     0x3992 os_exception_table.o
                               0x3a59 (size before relaxing)
 .comment       0x080053aa       0x7f os_exception_table.o
                                 0x80 (size before relaxing)
 .ARM.attributes
                0x08005429       0x33 os_exception_table.o
 .iplt          0x0800545c        0x0 os_exception_table.o
 .rel.iplt      0x0800545c        0x0 os_exception_table.o
 .igot.plt      0x0800545c        0x0 os_exception_table.o
                0x0800545c                _ivec_end = .
                [!provide]                PROVIDE (ivec_start = .)
                [!provide]                PROVIDE (ivec_end = .)
                0x0800545c                _const_start = .
 os_const.o()
 .text          0x0800545c        0x0 os_const.o
 .data          0x0800545c        0x0 os_const.o
 .bss           0x0800545c        0x0 os_const.o
 .debug_info    0x0800545c      0x664 os_const.o
 .debug_abbrev  0x08005ac0       0xec os_const.o
 .debug_aranges
                0x08005bac       0x18 os_const.o
 .debug_macro   0x08005bc4       0x9e os_const.o
 .debug_line    0x08005c62      0x1c4 os_const.o
 .debug_str     0x08005e26       0x46 os_const.o
                               0x3a12 (size before relaxing)
 .comment       0x08005e6c       0x80 os_const.o
 .ARM.attributes
                0x08005e6c       0x33 os_const.o
                0x08005eec                _const_end = .
                [!provide]                PROVIDE (const_start = .)
                [!provide]                PROVIDE (const_end = .)
                0x08005eec                _code_start = .
 lld_global.o()
 *fill*         0x08005e9f        0x1 
 .text          0x08005ea0      0x14c E:\NeuOrga\Programmieren\c_cpp\github_os\output\os_drivers\obj_arm\lld_global.o
                0x08005ea0                OS_GetCoreId
                0x08005ea6                LLF_SAVE_TASK_STACK
                0x08005eac                LLF_SAVE_REGISTERS
                0x08005ee6                LLF_RESTORE_TASK_STACK
                0x08005eec                LLF_RESTORE_REGISTERS
                0x08005f0e                LLF_RESTORE_SYSTEM_STACK
                0x08005f14                LLF_SAVE_SYSTEM_STACK
                0x08005f1a                LLF_CLEAR_ALL_GP_REGISTERS
                0x08005f4c                LLF_PERFORM_RAM_CHECK
                0x08005f98                LLF_CHANGE_TO_UNPRIVILIGED_THREAD_MODE
 .data          0x08005fec        0x0 E:\NeuOrga\Programmieren\c_cpp\github_os\output\os_drivers\obj_arm\lld_global.o
 .bss           0x08005fec        0x0 E:\NeuOrga\Programmieren\c_cpp\github_os\output\os_drivers\obj_arm\lld_global.o
 .debug_line    0x08005fec       0xf6 E:\NeuOrga\Programmieren\c_cpp\github_os\output\os_drivers\obj_arm\lld_global.o
 .debug_info    0x080060e2       0x26 E:\NeuOrga\Programmieren\c_cpp\github_os\output\os_drivers\obj_arm\lld_global.o
 .debug_abbrev  0x08006108       0x14 E:\NeuOrga\Programmieren\c_cpp\github_os\output\os_drivers\obj_arm\lld_global.o
 *fill*         0x0800611c        0x4 
 .debug_aranges
                0x08006120       0x20 E:\NeuOrga\Programmieren\c_cpp\github_os\output\os_drivers\obj_arm\lld_global.o
 .debug_str     0x08006140       0x59 E:\NeuOrga\Programmieren\c_cpp\github_os\output\os_drivers\obj_arm\lld_global.o
                                 0x91 (size before relaxing)
 .ARM.attributes
                0x08006199       0x21 E:\NeuOrga\Programmieren\c_cpp\github_os\output\os_drivers\obj_arm\lld_global.o
 lld_interrupt.o()
 .text          0x080061ba       0x14 E:\NeuOrga\Programmieren\c_cpp\github_os\output\os_drivers\obj_arm\lld_interrupt.o
                0x080061ba                LLF_INT_DISABLE
                0x080061c0                LLF_INT_ENABLE
                0x080061c6                LLF_DISABLE_INTERRUPTS_ALL_CORES
                0x080061cc                LLF_WAIT_FOR_INTERRUPT
 .data          0x080061ce        0x0 E:\NeuOrga\Programmieren\c_cpp\github_os\output\os_drivers\obj_arm\lld_interrupt.o
 .bss           0x080061ce        0x0 E:\NeuOrga\Programmieren\c_cpp\github_os\output\os_drivers\obj_arm\lld_interrupt.o
 .debug_line    0x080061ce       0x85 E:\NeuOrga\Programmieren\c_cpp\github_os\output\os_drivers\obj_arm\lld_interrupt.o
 .debug_info    0x08006253       0x26 E:\NeuOrga\Programmieren\c_cpp\github_os\output\os_drivers\obj_arm\lld_interrupt.o
 .debug_abbrev  0x08006279       0x14 E:\NeuOrga\Programmieren\c_cpp\github_os\output\os_drivers\obj_arm\lld_interrupt.o
 *fill*         0x0800628d        0x3 
 .debug_aranges
                0x08006290       0x20 E:\NeuOrga\Programmieren\c_cpp\github_os\output\os_drivers\obj_arm\lld_interrupt.o
 .debug_str     0x080062b0       0x4e E:\NeuOrga\Programmieren\c_cpp\github_os\output\os_drivers\obj_arm\lld_interrupt.o
                                 0x94 (size before relaxing)
 .ARM.attributes
                0x080062fe       0x21 E:\NeuOrga\Programmieren\c_cpp\github_os\output\os_drivers\obj_arm\lld_interrupt.o
 lld_mmu.o()
 *fill*         0x0800631f        0x1 
 .text          0x08006320       0xb4 E:\NeuOrga\Programmieren\c_cpp\github_os\output\os_drivers\obj_arm\lld_mmu.o
                0x08006320                LLF_MPU_DISABLE
                0x0800635e                LLF_MPU_ENABLE
                0x0800639c                LLF_GET_MPU_PRESENT
 .data          0x080063d4        0x0 E:\NeuOrga\Programmieren\c_cpp\github_os\output\os_drivers\obj_arm\lld_mmu.o
 .bss           0x080063d4        0x0 E:\NeuOrga\Programmieren\c_cpp\github_os\output\os_drivers\obj_arm\lld_mmu.o
 .debug_line    0x080063d4       0xad E:\NeuOrga\Programmieren\c_cpp\github_os\output\os_drivers\obj_arm\lld_mmu.o
 .debug_info    0x08006481       0x26 E:\NeuOrga\Programmieren\c_cpp\github_os\output\os_drivers\obj_arm\lld_mmu.o
 .debug_abbrev  0x080064a7       0x14 E:\NeuOrga\Programmieren\c_cpp\github_os\output\os_drivers\obj_arm\lld_mmu.o
 *fill*         0x080064bb        0x5 
 .debug_aranges
                0x080064c0       0x20 E:\NeuOrga\Programmieren\c_cpp\github_os\output\os_drivers\obj_arm\lld_mmu.o
 .debug_str     0x080064e0       0x48 E:\NeuOrga\Programmieren\c_cpp\github_os\output\os_drivers\obj_arm\lld_mmu.o
                                 0x8e (size before relaxing)
 .ARM.attributes
                0x08006528       0x21 E:\NeuOrga\Programmieren\c_cpp\github_os\output\os_drivers\obj_arm\lld_mmu.o
 lld_ram.o()
 *fill*         0x08006549        0x3 
 .text          0x0800654c       0xa0 E:\NeuOrga\Programmieren\c_cpp\github_os\output\os_drivers\obj_arm\lld_ram.o
                0x0800654c                INIT_OS_STACK
                0x08006566                LLF_CLEAR_ALL_RAM
 .data          0x080065ec        0x0 E:\NeuOrga\Programmieren\c_cpp\github_os\output\os_drivers\obj_arm\lld_ram.o
 .bss           0x080065ec        0x0 E:\NeuOrga\Programmieren\c_cpp\github_os\output\os_drivers\obj_arm\lld_ram.o
 .debug_line    0x080065ec       0xad E:\NeuOrga\Programmieren\c_cpp\github_os\output\os_drivers\obj_arm\lld_ram.o
 .debug_info    0x08006699       0x26 E:\NeuOrga\Programmieren\c_cpp\github_os\output\os_drivers\obj_arm\lld_ram.o
 .debug_abbrev  0x080066bf       0x14 E:\NeuOrga\Programmieren\c_cpp\github_os\output\os_drivers\obj_arm\lld_ram.o
 *fill*         0x080066d3        0x5 
 .debug_aranges
                0x080066d8       0x20 E:\NeuOrga\Programmieren\c_cpp\github_os\output\os_drivers\obj_arm\lld_ram.o
 .debug_str     0x080066f8       0x48 E:\NeuOrga\Programmieren\c_cpp\github_os\output\os_drivers\obj_arm\lld_ram.o
                                 0x8e (size before relaxing)
 .ARM.attributes
                0x08006740       0x21 E:\NeuOrga\Programmieren\c_cpp\github_os\output\os_drivers\obj_arm\lld_ram.o
 lld_timer.o()
 .text          0x08006761        0x0 E:\NeuOrga\Programmieren\c_cpp\github_os\output\os_drivers\obj_arm\lld_timer.o
 .data          0x08006761        0x0 E:\NeuOrga\Programmieren\c_cpp\github_os\output\os_drivers\obj_arm\lld_timer.o
 .bss           0x08006761        0x0 E:\NeuOrga\Programmieren\c_cpp\github_os\output\os_drivers\obj_arm\lld_timer.o
 .ARM.attributes
                0x08006761       0x21 E:\NeuOrga\Programmieren\c_cpp\github_os\output\os_drivers\obj_arm\lld_timer.o
 lld_power.o()
 *fill*         0x08006782        0x2 
 .text          0x08006784       0x20 E:\NeuOrga\Programmieren\c_cpp\github_os\output\os_drivers\obj_arm\lld_power.o
                0x08006784                LLF_MCU_SWITCH_OFF_POWER
                0x0800678a                LLF_MCU_RESET_POWER
 .data          0x080067a4        0x0 E:\NeuOrga\Programmieren\c_cpp\github_os\output\os_drivers\obj_arm\lld_power.o
 .bss           0x080067a4        0x0 E:\NeuOrga\Programmieren\c_cpp\github_os\output\os_drivers\obj_arm\lld_power.o
 .debug_line    0x080067a4       0x87 E:\NeuOrga\Programmieren\c_cpp\github_os\output\os_drivers\obj_arm\lld_power.o
 .debug_info    0x0800682b       0x26 E:\NeuOrga\Programmieren\c_cpp\github_os\output\os_drivers\obj_arm\lld_power.o
 .debug_abbrev  0x08006851       0x14 E:\NeuOrga\Programmieren\c_cpp\github_os\output\os_drivers\obj_arm\lld_power.o
 *fill*         0x08006865        0x3 
 .debug_aranges
                0x08006868       0x20 E:\NeuOrga\Programmieren\c_cpp\github_os\output\os_drivers\obj_arm\lld_power.o
 .debug_str     0x08006888       0x4a E:\NeuOrga\Programmieren\c_cpp\github_os\output\os_drivers\obj_arm\lld_power.o
                                 0x90 (size before relaxing)
 .ARM.attributes
                0x080068d2       0x21 E:\NeuOrga\Programmieren\c_cpp\github_os\output\os_drivers\obj_arm\lld_power.o
 os_exception_reset.o()
 *fill*         0x080068f3        0x1 
 .text          0x080068f4       0xbc E:\NeuOrga\Programmieren\c_cpp\github_os\output\os_drivers\obj_arm\os_exception_reset.o
                0x080068f4                OS_Exception_RESET
 .data          0x080069b0        0x0 E:\NeuOrga\Programmieren\c_cpp\github_os\output\os_drivers\obj_arm\os_exception_reset.o
 .bss           0x080069b0        0x0 E:\NeuOrga\Programmieren\c_cpp\github_os\output\os_drivers\obj_arm\os_exception_reset.o
 .debug_line    0x080069b0       0xbe E:\NeuOrga\Programmieren\c_cpp\github_os\output\os_drivers\obj_arm\os_exception_reset.o
 .debug_info    0x08006a6e       0x26 E:\NeuOrga\Programmieren\c_cpp\github_os\output\os_drivers\obj_arm\os_exception_reset.o
 .debug_abbrev  0x08006a94       0x14 E:\NeuOrga\Programmieren\c_cpp\github_os\output\os_drivers\obj_arm\os_exception_reset.o
 .debug_aranges
                0x08006aa8       0x20 E:\NeuOrga\Programmieren\c_cpp\github_os\output\os_drivers\obj_arm\os_exception_reset.o
 .debug_str     0x08006ac8       0x50 E:\NeuOrga\Programmieren\c_cpp\github_os\output\os_drivers\obj_arm\os_exception_reset.o
                                 0x96 (size before relaxing)
 .ARM.attributes
                0x08006b18       0x21 E:\NeuOrga\Programmieren\c_cpp\github_os\output\os_drivers\obj_arm\os_exception_reset.o
 os_common.o()
 *fill*         0x08006b39        0x3 
 .text          0x08006b3c      0x890 os_common.o
                0x08006b3c                OS_SetSwBug
                0x08006b48                OS_GetCurrentTime
                0x08006b54                OS_ResetCurrentTime
                0x08006b90                IntAdd
                0x08006c8c                IntSub
                0x08006df8                IsLess
                0x08006ea4                IsLessOrEqual
                0x08007014                IsEqual
                0x080070a0                IsGreater
                0x08007150                IsGreaterOrEqual
                0x080072c0                Assign
                0x080073c0                AssignNull
 .data          0x080073cc        0x0 os_common.o
 .bss           0x080073cc        0x0 os_common.o
 .debug_info    0x080073cc      0xb8b os_common.o
 .debug_abbrev  0x08007f57      0x269 os_common.o
 .debug_loc     0x080081c0      0xcff os_common.o
 .debug_aranges
                0x08008ebf       0x20 os_common.o
 .debug_ranges  0x08008edf       0x80 os_common.o
 .debug_macro   0x08008f5f       0xba os_common.o
 .debug_line    0x08009019      0x38a os_common.o
 .debug_str     0x080093a3      0x3c3 os_common.o
                               0x3d95 (size before relaxing)
 .comment       0x08009766       0x80 os_common.o
 *fill*         0x08009766        0x2 
 .debug_frame   0x08009768      0x174 os_common.o
 .ARM.attributes
                0x080098dc       0x33 os_common.o
 os_exception.o()
 *fill*         0x0800990f        0x1 
 .text          0x08009910      0x3f8 os_exception.o
                0x08009910                OS_Exception_HARDFAULT
                0x08009990                OS_Exception_NMI
                0x08009a10                OS_Exception_SWI
                0x08009a20                OS_Exception_BUS_FAULT
                0x08009aa0                OS_Exception_DEBUG
                0x08009b14                OS_Exception_MEM_MANAG_FAULT
                0x08009b94                OS_Exception_USAGE_FAULT
                0x08009c14                OS_Exception_PendSV
                0x08009c1c                OS_Exception_Systick
                0x08009d00                OS_Exception_IRQ
                0x08009d04                OS_Exception_FIQ
 .data          0x08009d08        0x0 os_exception.o
 .bss           0x08009d08        0x0 os_exception.o
 .debug_info    0x08009d08      0x8bf os_exception.o
 .debug_abbrev  0x0800a5c7      0x1c9 os_exception.o
 .debug_loc     0x0800a790       0x2a os_exception.o
 .debug_aranges
                0x0800a7ba       0x20 os_exception.o
 .debug_macro   0x0800a7da      0x13b os_exception.o
 .debug_macro   0x0800a915      0xa3c os_exception.o
 .debug_macro   0x0800b351       0x1c os_exception.o
 .debug_macro   0x0800b36d       0x28 os_exception.o
 .debug_line    0x0800b395      0x2cd os_exception.o
 .debug_str     0x0800b662      0x701 os_exception.o
                               0x408b (size before relaxing)
 .comment       0x0800bd63       0x80 os_exception.o
 *fill*         0x0800bd63        0x1 
 .debug_frame   0x0800bd64      0x138 os_exception.o
 .ARM.attributes
                0x0800be9c       0x33 os_exception.o
 os_exception_isr_handler.o()
 *fill*         0x0800becf        0x1 
 .text          0x0800bed0        0x4 os_exception_isr_handler.o
                0x0800bed0                OS_ISRHANDLERC0
 .data          0x0800bed4        0x0 os_exception_isr_handler.o
 .bss           0x0800bed4        0x0 os_exception_isr_handler.o
 .debug_info    0x0800bed4      0x67d os_exception_isr_handler.o
 .debug_abbrev  0x0800c551      0x108 os_exception_isr_handler.o
 .debug_aranges
                0x0800c659       0x20 os_exception_isr_handler.o
 .debug_macro   0x0800c679       0xab os_exception_isr_handler.o
 .debug_line    0x0800c724      0x20d os_exception_isr_handler.o
 .debug_str     0x0800c931       0x56 os_exception_isr_handler.o
                               0x3aa2 (size before relaxing)
 .comment       0x0800c987       0x80 os_exception_isr_handler.o
 *fill*         0x0800c987        0x1 
 .debug_frame   0x0800c988       0x20 os_exception_isr_handler.o
 .ARM.attributes
                0x0800c9a8       0x33 os_exception_isr_handler.o
 os_exception_table.o()
 os_init_task_system.o()
 *fill*         0x0800c9db        0x1 
 .text          0x0800c9dc        0x4 os_init_task_system.o
                0x0800c9dc                OS_InitTaskSystem
 .data          0x0800c9e0        0x0 os_init_task_system.o
 .bss           0x0800c9e0        0x0 os_init_task_system.o
 .debug_info    0x0800c9e0      0x696 os_init_task_system.o
 .debug_abbrev  0x0800d076      0x129 os_init_task_system.o
 .debug_aranges
                0x0800d19f       0x20 os_init_task_system.o
 .debug_macro   0x0800d1bf       0xb1 os_init_task_system.o
 .debug_macro   0x0800d270       0x22 os_init_task_system.o
 .debug_line    0x0800d292      0x208 os_init_task_system.o
 .debug_str     0x0800d49a       0x70 os_init_task_system.o
                               0x3aac (size before relaxing)
 .comment       0x0800d50a       0x80 os_init_task_system.o
 *fill*         0x0800d50a        0x2 
 .debug_frame   0x0800d50c       0x20 os_init_task_system.o
 .ARM.attributes
                0x0800d52c       0x33 os_init_task_system.o
 os_main.o()
 *fill*         0x0800d55f        0x1 
 .text          0x0800d560       0xc8 os_main.o
                0x0800d560                OS_StateHandler
 .data          0x0800d628        0x0 os_main.o
 .bss           0x0800d628        0x8 os_main.o
 .debug_info    0x0800d630      0x861 os_main.o
 .debug_abbrev  0x0800de91      0x188 os_main.o
 .debug_aranges
                0x0800e019       0x20 os_main.o
 .debug_macro   0x0800e039       0xdc os_main.o
 .debug_line    0x0800e115      0x28d os_main.o
 .debug_str     0x0800e3a2      0x1c8 os_main.o
                               0x3d09 (size before relaxing)
 .comment       0x0800e56a       0x80 os_main.o
 *fill*         0x0800e56a        0x2 
 .debug_frame   0x0800e56c       0x2c os_main.o
 .ARM.attributes
                0x0800e598       0x33 os_main.o
 os_memory_mmu_setup.o()
 *fill*         0x0800e5cb        0x1 
 .text          0x0800e5cc       0x5c os_memory_mmu_setup.o
                0x0800e5cc                OS_MmuSetup
 .data          0x0800e628        0x0 os_memory_mmu_setup.o
 .bss           0x0800e628        0x0 os_memory_mmu_setup.o
 .debug_info    0x0800e628      0x696 os_memory_mmu_setup.o
 .debug_abbrev  0x0800ecbe      0x129 os_memory_mmu_setup.o
 .debug_aranges
                0x0800ede7       0x20 os_memory_mmu_setup.o
 .debug_macro   0x0800ee07       0xe6 os_memory_mmu_setup.o
 .debug_line    0x0800eeed      0x201 os_memory_mmu_setup.o
 .debug_str     0x0800f0ee      0x244 os_memory_mmu_setup.o
                               0x3c10 (size before relaxing)
 .comment       0x0800f332       0x80 os_memory_mmu_setup.o
 *fill*         0x0800f332        0x2 
 .debug_frame   0x0800f334       0x38 os_memory_mmu_setup.o
 .ARM.attributes
                0x0800f36c       0x33 os_memory_mmu_setup.o
 os_shutdown.o()
 *fill*         0x0800f39f        0x1 
 .text          0x0800f3a0       0x50 os_shutdown.o
                0x0800f3a0                OS_DeinitMc
                0x0800f3b0                OS_Shutdown
 .data          0x0800f3f0        0x0 os_shutdown.o
 .bss           0x0800f3f0        0x0 os_shutdown.o
 .debug_info    0x0800f3f0      0x84f os_shutdown.o
 .debug_abbrev  0x0800fc3f      0x1a6 os_shutdown.o
 .debug_loc     0x0800fde5       0x21 os_shutdown.o
 .debug_aranges
                0x0800fe06       0x20 os_shutdown.o
 .debug_macro   0x0800fe26       0xb2 os_shutdown.o
 .debug_line    0x0800fed8      0x214 os_shutdown.o
 .debug_str     0x080100ec      0x10a os_shutdown.o
                               0x3cc6 (size before relaxing)
 .comment       0x080101f6       0x80 os_shutdown.o
 *fill*         0x080101f6        0x2 
 .debug_frame   0x080101f8       0x4c os_shutdown.o
 .ARM.attributes
                0x08010244       0x33 os_shutdown.o
 os_start_ext_prg.o()
 *fill*         0x08010277        0x1 
 .text          0x08010278       0x10 os_start_ext_prg.o
                0x08010278                OS_StartExtPrg
 .data          0x08010288        0x0 os_start_ext_prg.o
 .bss           0x08010288        0x0 os_start_ext_prg.o
 .debug_info    0x08010288      0x710 os_start_ext_prg.o
 .debug_abbrev  0x08010998      0x16b os_start_ext_prg.o
 .debug_loc     0x08010b03       0x79 os_start_ext_prg.o
 .debug_aranges
                0x08010b7c       0x20 os_start_ext_prg.o
 .debug_macro   0x08010b9c       0x9e os_start_ext_prg.o
 .debug_line    0x08010c3a      0x1e0 os_start_ext_prg.o
 .debug_str     0x08010e1a       0x81 os_start_ext_prg.o
                               0x3a77 (size before relaxing)
 .comment       0x08010e9b       0x80 os_start_ext_prg.o
 *fill*         0x08010e9b        0x1 
 .debug_frame   0x08010e9c       0x30 os_start_ext_prg.o
 .ARM.attributes
                0x08010ecc       0x33 os_start_ext_prg.o
 os_start_init_hw.o()
 *fill*         0x08010eff        0x1 
 .text          0x08010f00        0x4 os_start_init_hw.o
                0x08010f00                OS_InitHw
 .data          0x08010f04        0x0 os_start_init_hw.o
 .bss           0x08010f04        0x0 os_start_init_hw.o
 .debug_info    0x08010f04      0x67d os_start_init_hw.o
 .debug_abbrev  0x08011581      0x108 os_start_init_hw.o
 .debug_aranges
                0x08011689       0x20 os_start_init_hw.o
 .debug_macro   0x080116a9       0x9e os_start_init_hw.o
 .debug_line    0x08011747      0x1da os_start_init_hw.o
 .debug_str     0x08011921       0x4e os_start_init_hw.o
                               0x3a24 (size before relaxing)
 .comment       0x0801196f       0x80 os_start_init_hw.o
 *fill*         0x0801196f        0x1 
 .debug_frame   0x08011970       0x20 os_start_init_hw.o
 .ARM.attributes
                0x08011990       0x33 os_start_init_hw.o
 os_start_init_mc.o()
 *fill*         0x080119c3        0x1 
 .text          0x080119c4        0x4 os_start_init_mc.o
                0x080119c4                OS_InitMc
 .data          0x080119c8        0x0 os_start_init_mc.o
 .bss           0x080119c8        0x0 os_start_init_mc.o
 .debug_info    0x080119c8      0x696 os_start_init_mc.o
 .debug_abbrev  0x0801205e      0x129 os_start_init_mc.o
 .debug_aranges
                0x08012187       0x20 os_start_init_mc.o
 .debug_macro   0x080121a7       0xb2 os_start_init_mc.o
 .debug_line    0x08012259      0x209 os_start_init_mc.o
 .debug_str     0x08012462       0x67 os_start_init_mc.o
                               0x3a5f (size before relaxing)
 .comment       0x080124c9       0x80 os_start_init_mc.o
 *fill*         0x080124c9        0x3 
 .debug_frame   0x080124cc       0x20 os_start_init_mc.o
 .ARM.attributes
                0x080124ec       0x33 os_start_init_mc.o
 os_start_init_sw.o()
 *fill*         0x0801251f        0x1 
 .text          0x08012520       0x64 os_start_init_sw.o
                0x08012520                OS_InitSw
 .data          0x08012584        0x0 os_start_init_sw.o
 .bss           0x08012584        0x0 os_start_init_sw.o
 .debug_info    0x08012584      0x6a3 os_start_init_sw.o
 .debug_abbrev  0x08012c27      0x135 os_start_init_sw.o
 .debug_loc     0x08012d5c       0xbc os_start_init_sw.o
 .debug_aranges
                0x08012e18       0x20 os_start_init_sw.o
 .debug_macro   0x08012e38       0x9e os_start_init_sw.o
 .debug_line    0x08012ed6      0x1ee os_start_init_sw.o
 .debug_str     0x080130c4       0x4e os_start_init_sw.o
                               0x3a36 (size before relaxing)
 .comment       0x08013112       0x80 os_start_init_sw.o
 *fill*         0x08013112        0x2 
 .debug_frame   0x08013114       0x30 os_start_init_sw.o
 .ARM.attributes
                0x08013144       0x33 os_start_init_sw.o
 os_start_os.o()
 *fill*         0x08013177        0x1 
 .text          0x08013178       0x70 os_start_os.o
                0x08013178                OS_StartOs
 .data          0x080131e8        0x0 os_start_os.o
 .bss           0x080131e8        0x0 os_start_os.o
 .debug_info    0x080131e8      0x696 os_start_os.o
 .debug_abbrev  0x0801387e      0x129 os_start_os.o
 .debug_aranges
                0x080139a7       0x20 os_start_os.o
 .debug_macro   0x080139c7       0xc0 os_start_os.o
 .debug_line    0x08013a87      0x202 os_start_os.o
 .debug_str     0x08013c89      0x233 os_start_os.o
                               0x3c0f (size before relaxing)
 .comment       0x08013ebc       0x80 os_start_os.o
 .debug_frame   0x08013ebc       0x3c os_start_os.o
 .ARM.attributes
                0x08013ef8       0x33 os_start_os.o
 os_task_common.o()
 *fill*         0x08013f2b        0x1 
 .text          0x08013f2c       0xb8 os_task_common.o
                0x08013f2c                OS_TaskSaveTaskEnvironment
                0x08013f50                OS_TASK_RESTORETASK_ENVIRONMENT
                0x08013f70                OS_TASK_RESTORE_SYSTEM_STACK
                0x08013f74                OS_TASK_SAVE_SYSTEM_STACK
                0x08013f78                OS_Task_InitTaskEnvironment
 .data          0x08013fe4        0x0 os_task_common.o
 .bss           0x08013fe4        0x0 os_task_common.o
 .debug_info    0x08013fe4      0x89c os_task_common.o
 .debug_abbrev  0x08014880      0x17a os_task_common.o
 .debug_loc     0x080149fa       0xf8 os_task_common.o
 .debug_aranges
                0x08014af2       0x20 os_task_common.o
 .debug_macro   0x08014b12       0xaf os_task_common.o
 .debug_line    0x08014bc1      0x25f os_task_common.o
 .debug_str     0x08014e20      0x136 os_task_common.o
                               0x3d39 (size before relaxing)
 .comment       0x08014f56       0x80 os_task_common.o
 *fill*         0x08014f56        0x2 
 .debug_frame   0x08014f58       0x90 os_task_common.o
 .ARM.attributes
                0x08014fe8       0x33 os_task_common.o
 *fill*         0x0801501b        0x1 
 COMMON         0x0801501c       0x28 os_task_common.o
                0x0801501c                TASK_PTR
 os_task_queue.o()
 .text          0x08015044      0x538 os_task_queue.o
                0x08015044                SET_RUNNING_TASK
                0x08015124                OS_InitTaskQueue
                0x08015164                AddToTaskQueue
                0x080152c0                DeleteFromTaskQueue
                0x08015310                GetFromTaskQueue
                0x08015314                GetFromSchedulingQueue
                0x08015320                DeleteFromSchedulingQueue
                0x08015328                AddToSchedulingQueue
                0x08015380                UpdateSchedulingQueue
                0x08015410                GetIdleTask
                0x08015418                AddToIdleTaskQueue
                0x080154e8                GetRunningTask
                0x080154f0                GetRunningSchedulingQueueElementPtr
                0x080154fc                OS_InitTask
 .data          0x0801557c        0x0 os_task_queue.o
 .bss           0x0801557c        0x0 os_task_queue.o
 .debug_info    0x0801557c      0xa71 os_task_queue.o
 .debug_abbrev  0x08015fed      0x20d os_task_queue.o
 .debug_loc     0x080161fa      0x573 os_task_queue.o
 .debug_aranges
                0x0801676d       0x20 os_task_queue.o
 .debug_macro   0x0801678d       0xb4 os_task_queue.o
 .debug_line    0x08016841      0x391 os_task_queue.o
 .debug_str     0x08016bd2      0x1f3 os_task_queue.o
                               0x3eb8 (size before relaxing)
 .comment       0x08016dc5       0x80 os_task_queue.o
 *fill*         0x08016dc5        0x3 
 .debug_frame   0x08016dc8      0x1a0 os_task_queue.o
 .ARM.attributes
                0x08016f68       0x33 os_task_queue.o
 os_task_scheduler.o()
 *fill*         0x08016f9b        0x1 
 .text          0x08016f9c      0x694 os_task_scheduler.o
                0x08017108                OS_ActivateDispatcher
                0x0801713c                OS_SleepTask
                0x080171a0                task_state_request
                0x08017224                OS_CreateTask
                0x08017258                OS_ActivateTask
                0x080172cc                OS_StartTask
                0x08017358                OS_TerminateTask
                0x080173c8                OS_TaskDispatcher
                0x08017530                OS_InitTasks
 .data          0x08017630        0x0 os_task_scheduler.o
 .bss           0x08017630        0x0 os_task_scheduler.o
 .debug_info    0x08017630     0x133b os_task_scheduler.o
 .debug_abbrev  0x0801896b      0x348 os_task_scheduler.o
 .debug_loc     0x08018cb3      0xa65 os_task_scheduler.o
 .debug_aranges
                0x08019718       0x20 os_task_scheduler.o
 .debug_ranges  0x08019738       0xb8 os_task_scheduler.o
 .debug_macro   0x080197f0       0xe0 os_task_scheduler.o
 .debug_line    0x080198d0      0x435 os_task_scheduler.o
 .debug_str     0x08019d05      0x150 os_task_scheduler.o
                               0x4136 (size before relaxing)
 .comment       0x08019e55       0x80 os_task_scheduler.o
 *fill*         0x08019e55        0x3 
 .debug_frame   0x08019e58      0x324 os_task_scheduler.o
 .ARM.attributes
                0x0801a17c       0x33 os_task_scheduler.o
 os_stack.o()
 *fill*         0x0801a1af        0x1 
 .text          0x0801a1b0       0xc8 os_stack.o
                0x0801a1b0                OS_StackCheck
                0x0801a220                OS_StackChkPatternInit
 .data          0x0801a278        0x0 os_stack.o
 .bss           0x0801a278       0x14 os_stack.o
 .debug_info    0x0801a28c      0x796 os_stack.o
 .debug_abbrev  0x0801aa22      0x14c os_stack.o
 .debug_aranges
                0x0801ab6e       0x20 os_stack.o
 .debug_macro   0x0801ab8e       0x9e os_stack.o
 .debug_line    0x0801ac2c      0x222 os_stack.o
 .debug_str     0x0801ae4e       0x5c os_stack.o
                               0x3bd8 (size before relaxing)
 .comment       0x0801aeaa       0x80 os_stack.o
 *fill*         0x0801aeaa        0x2 
 .debug_frame   0x0801aeac       0x5c os_stack.o
 .ARM.attributes
                0x0801af08       0x33 os_stack.o
 os_heap.o()
 *fill*         0x0801af3b        0x1 
 .text          0x0801af3c        0x0 os_heap.o
 .data          0x0801af3c        0x0 os_heap.o
 .bss           0x0801af3c        0x0 os_heap.o
 .debug_info    0x0801af3c      0x664 os_heap.o
 .debug_abbrev  0x0801b5a0       0xec os_heap.o
 .debug_aranges
                0x0801b68c       0x18 os_heap.o
 .debug_macro   0x0801b6a4       0xa2 os_heap.o
 .debug_line    0x0801b746      0x1c3 os_heap.o
 .debug_str     0x0801b909       0x45 os_heap.o
                               0x3a11 (size before relaxing)
 .comment       0x0801b94e       0x80 os_heap.o
 .ARM.attributes
                0x0801b94e       0x33 os_heap.o
 led.o()
 *fill*         0x0801b981        0x3 
 .text          0x0801b984       0x10 led.o
                0x0801b984                USER_LED_INIT
                0x0801b988                USER_LED_ON
                0x0801b98c                USER_LED_OFF
                0x0801b990                USER_LED_TOGGLE
 .data          0x0801b994        0x0 led.o
 .bss           0x0801b994        0x0 led.o
 .debug_info    0x0801b994      0x713 led.o
 .debug_abbrev  0x0801c0a7      0x14b led.o
 .debug_loc     0x0801c1f2       0x21 led.o
 .debug_aranges
                0x0801c213       0x20 led.o
 .debug_ranges  0x0801c233       0x10 led.o
 .debug_macro   0x0801c243       0xa2 led.o
 .debug_line    0x0801c2e5      0x1c5 led.o
 .debug_str     0x0801c4aa       0x97 led.o
                               0x3a63 (size before relaxing)
 .comment       0x0801c541       0x80 led.o
 *fill*         0x0801c541        0x3 
 .debug_frame   0x0801c544       0x50 led.o
 .ARM.attributes
                0x0801c594       0x33 led.o
                0x0801c5c7                _code_end = .
                [!provide]                PROVIDE (code_start = .)
                [!provide]                PROVIDE (code_end = .)
 *fill*         0x0801c5c7        0x1 
 .text          0x0801c5c8      0x378 d:/programm/gnu tools arm embedded/7 2018-q2-update/bin/../lib/gcc/arm-none-eabi/7.3.1/thumb/v7e-m\libgcc.a(_arm_addsubdf3.o)
                0x0801c5c8                __aeabi_drsub
                0x0801c5d0                __aeabi_dsub
                0x0801c5d0                __subdf3
                0x0801c5d4                __aeabi_dadd
                0x0801c5d4                __adddf3
                0x0801c84c                __floatunsidf
                0x0801c84c                __aeabi_ui2d
                0x0801c86c                __floatsidf
                0x0801c86c                __aeabi_i2d
                0x0801c890                __aeabi_f2d
                0x0801c890                __extendsfdf2
                0x0801c8d4                __floatundidf
                0x0801c8d4                __aeabi_ul2d
                0x0801c8e4                __floatdidf
                0x0801c8e4                __aeabi_l2d
 .text          0x0801c940      0x110 d:/programm/gnu tools arm embedded/7 2018-q2-update/bin/../lib/gcc/arm-none-eabi/7.3.1/thumb/v7e-m\libgcc.a(_arm_cmpdf2.o)
                0x0801c940                __gtdf2
                0x0801c940                __gedf2
                0x0801c948                __ltdf2
                0x0801c948                __ledf2
                0x0801c950                __nedf2
                0x0801c950                __eqdf2
                0x0801c950                __cmpdf2
                0x0801c9cc                __aeabi_cdrcmple
                0x0801c9dc                __aeabi_cdcmpeq
                0x0801c9dc                __aeabi_cdcmple
                0x0801c9ec                __aeabi_dcmpeq
                0x0801ca00                __aeabi_dcmplt
                0x0801ca14                __aeabi_dcmple
                0x0801ca28                __aeabi_dcmpge
                0x0801ca3c                __aeabi_dcmpgt

.glue_7         0x0801ca50        0x0
 .glue_7        0x0801ca50        0x0 linker stubs

.glue_7t        0x0801ca50        0x0
 .glue_7t       0x0801ca50        0x0 linker stubs

.vfp11_veneer   0x0801ca50        0x0
 .vfp11_veneer  0x0801ca50        0x0 linker stubs

.v4_bx          0x0801ca50        0x0
 .v4_bx         0x0801ca50        0x0 linker stubs

.data           0x20000000    0x15e64
                0x20000000                _ram_start = .
 os_ram.o()
 .text          0x20000000        0x0 os_ram.o
 .data          0x20000000        0x0 os_ram.o
 .bss           0x20000000        0x0 os_ram.o
 .debug_info    0x20000000      0x973 os_ram.o
 .debug_abbrev  0x20000973      0x115 os_ram.o
 .debug_aranges
                0x20000a88       0x18 os_ram.o
 .debug_macro   0x20000aa0       0xa6 os_ram.o
 .debug_line    0x20000b46      0x1dd os_ram.o
 .debug_str     0x20000d23     0x3a51 os_ram.o
                               0x3ad4 (size before relaxing)
 .comment       0x20004774       0x7f os_ram.o
                                 0x80 (size before relaxing)
 .ARM.attributes
                0x200047f3       0x33 os_ram.o
 *fill*         0x20004826        0x2 
 COMMON         0x20004828     0xf79c os_ram.o
                0x20004828                TASK_STACK
                0x20009648                VAR_MEM_MANAG_FAULT_STATUS_REG
                0x2000964c                REGISTER_R2
                0x20009650                TASK_GROUP_3
                0x20009658                RAM_CHECK_FAILURE_ADDR
                0x2000965c                REGISTER_R0
                0x20009660                OS_STACK
                0x2000e660                REGISTER_R6
                0x2000e664                REGISTER_R7
                0x2000e668                DBG_CALIB_VALUE
                0x2000e66c                OS_STATE
                0x2000e670                TASK_IDLE_QUEUE
                0x2000e6f8                REGISTER_R9
                0x2000e6fc                TASK1_CALL_NR
                0x2000e700                bTASK_QUEUE_INITIALIZED
                0x2000e704                BACKUP_SYSTICK_CURRENT_VAL_REG
                0x2000e708                TASK2_CALL_NR
                0x2000e70c                LAST_CURRENT_TIME
                0x2000e710                LINK_REGISTER_HANDLER
                0x2000e714                VAR_AUX_FAULT_STATUS_REG
                0x2000e718                REGISTER_R8
                0x2000e71c                TASK_3_VAR
                0x2000e7a4                TASK_0_VAR
                0x2000e82c                TASK4_CALL_NR
                0x2000e830                TASK_GROUP_2
                0x2000e838                REGISTER_R5
                0x2000e83c                OS_MAIN_STACK
                0x2001383c                SAVED_STACK_POINTER
                0x20013840                DBG_RLD_VALUE
                0x20013844                REGISTER_R4
                0x20013848                RUNNING_TASK
                0x200138d0                TASK_RUN_QUEUE
                0x20013e20                VAR_HARDFAULT_STATUS_REG
                0x20013e24                RUNNING_SCHEDULING_QUEUE_ENTRY
                0x20013e28                TASK_GROUP_5
                0x20013e30                REGISTER_R1
                0x20013e34                DBG_CTRL_VALUE
                0x20013e38                TASK_2_VAR
                0x20013ec0                VAR_BUS_FAULT_STATUS_REG
                0x20013ec4                RAM_CHECK_FAILURE_DETECTED
                0x20013ec8                REGISTER_R10
                0x20013ecc                DBG_CURR_VAL
                0x20013ed0                TASK_GROUP_1
                0x20013ed8                VAR_FAULT_STATUS_REG
                0x20013edc                TASK_GROUP_4
                0x20013ee4                REGISTER_R11
                0x20013ee8                TASK_TRANSITION_REJECTED_STATE
                0x20013ee9                TASK_TRANSITION_CURRENT_STATE
                0x20013eec                REGISTER_R3
                0x20013ef0                TASK_SCHEDULING_QUEUE
                0x20013f18                TASK3_CALL_NR
                0x20013f1c                VAR_MEM_FAULT_ADDR_REG
                0x20013f20                VAR_USAGE_FAULT_STATUS_REG
                0x20013f24                VAR_BUS_FAULT_ADDR_REG
                0x20013f28                TASK_TRANSITION_REJECTED_TASK_ADDR
                0x20013f2c                OS_SW_BUG
                0x20013f3c                TASK_1_VAR
 os_shared_ram.o()
 .text          0x20013fc4        0x0 os_shared_ram.o
 .data          0x20013fc4        0x0 os_shared_ram.o
 .bss           0x20013fc4        0x0 os_shared_ram.o
 .debug_info    0x20013fc4      0x784 os_shared_ram.o
 .debug_abbrev  0x20014748       0xfd os_shared_ram.o
 .debug_aranges
                0x20014845       0x18 os_shared_ram.o
 .debug_macro   0x2001485d       0xfe os_shared_ram.o
 .debug_line    0x2001495b      0x1c9 os_shared_ram.o
 .debug_str     0x20014b24      0x30b os_shared_ram.o
                               0x3cd7 (size before relaxing)
 .comment       0x20014e2f       0x80 os_shared_ram.o
 .ARM.attributes
                0x20014e2f       0x33 os_shared_ram.o
 *fill*         0x20014e62        0x2 
 COMMON         0x20014e64     0x1000 os_shared_ram.o
                0x20014e64                RAM_BLOCK_C01_C01
                0x20014f64                RAM_BLOCK_C01_C00
                0x20015064                RAM_BLOCK_C00_C00
                0x20015164                RAM_BLOCK_C01_C03
                0x20015264                RAM_BLOCK_C03_C01
                0x20015364                RAM_BLOCK_C00_C01
                0x20015464                RAM_BLOCK_C02_C01
                0x20015564                RAM_BLOCK_C01_C02
                0x20015664                RAM_BLOCK_C03_C00
                0x20015764                RAM_BLOCK_C02_C00
                0x20015864                RAM_BLOCK_C02_C02
                0x20015964                RAM_BLOCK_C03_C03
                0x20015a64                RAM_BLOCK_C03_C02
                0x20015b64                RAM_BLOCK_C00_C03
                0x20015c64                RAM_BLOCK_C00_C02
                0x20015d64                RAM_BLOCK_C02_C03
                0x20015e64                _ram_end = .
                [!provide]                PROVIDE (ram_start = .)
                [!provide]                PROVIDE (ram_end = .)
 .data          0x20015e64        0x0 d:/programm/gnu tools arm embedded/7 2018-q2-update/bin/../lib/gcc/arm-none-eabi/7.3.1/thumb/v7e-m\libgcc.a(_arm_addsubdf3.o)
 .data          0x20015e64        0x0 d:/programm/gnu tools arm embedded/7 2018-q2-update/bin/../lib/gcc/arm-none-eabi/7.3.1/thumb/v7e-m\libgcc.a(_arm_cmpdf2.o)
START GROUP
LOAD d:/programm/gnu tools arm embedded/7 2018-q2-update/bin/../lib/gcc/arm-none-eabi/7.3.1/thumb/v7e-m\libgcc.a
LOAD d:/programm/gnu tools arm embedded/7 2018-q2-update/bin/../lib/gcc/arm-none-eabi/7.3.1/../../../../arm-none-eabi/lib/thumb/v7e-m\libg.a
LOAD d:/programm/gnu tools arm embedded/7 2018-q2-update/bin/../lib/gcc/arm-none-eabi/7.3.1/../../../../arm-none-eabi/lib/thumb/v7e-m\libc.a
END GROUP
OUTPUT(E:\NeuOrga\Programmieren\c_cpp\github_os\output\VERSION_ARM\operating_system.elf elf32-littlearm)

.bss            0x20015e64        0x0
 .bss           0x20015e64        0x0 d:/programm/gnu tools arm embedded/7 2018-q2-update/bin/../lib/gcc/arm-none-eabi/7.3.1/thumb/v7e-m\libgcc.a(_arm_addsubdf3.o)
 .bss           0x20015e64        0x0 d:/programm/gnu tools arm embedded/7 2018-q2-update/bin/../lib/gcc/arm-none-eabi/7.3.1/thumb/v7e-m\libgcc.a(_arm_cmpdf2.o)

.ARM.attributes
                0x00000000       0x31
 .ARM.attributes
                0x00000000       0x1e d:/programm/gnu tools arm embedded/7 2018-q2-update/bin/../lib/gcc/arm-none-eabi/7.3.1/thumb/v7e-m\libgcc.a(_arm_addsubdf3.o)
 .ARM.attributes
                0x0000001e       0x1e d:/programm/gnu tools arm embedded/7 2018-q2-update/bin/../lib/gcc/arm-none-eabi/7.3.1/thumb/v7e-m\libgcc.a(_arm_cmpdf2.o)

.debug_frame    0x00000000      0x170
 .debug_frame   0x00000000       0xac d:/programm/gnu tools arm embedded/7 2018-q2-update/bin/../lib/gcc/arm-none-eabi/7.3.1/thumb/v7e-m\libgcc.a(_arm_addsubdf3.o)
 .debug_frame   0x000000ac       0xc4 d:/programm/gnu tools arm embedded/7 2018-q2-update/bin/../lib/gcc/arm-none-eabi/7.3.1/thumb/v7e-m\libgcc.a(_arm_cmpdf2.o)
