E:\NeuOrga\Programmieren\c_cpp\github_os\input\src\os_base\os_common.c:19:6: warning: conflicting types for 'OS_UpdateCurrentTime'
 void OS_UpdateCurrentTime(void)
      ^~~~~~~~~~~~~~~~~~~~
E:\NeuOrga\Programmieren\c_cpp\github_os\input\src\os_base\os_common.c:14:4: note: previous implicit declaration of 'OS_UpdateCurrentTime' was here
    OS_UpdateCurrentTime();
    ^~~~~~~~~~~~~~~~~~~~
E:\NeuOrga\Programmieren\c_cpp\github_os\input\src\os_base\os_common.c: In function 'OS_UpdateCurrentTime':
E:\NeuOrga\Programmieren\c_cpp\github_os\input\src\os_base\os_common.c:28:12: error: incompatible type for argument 1 of 'INT_ADD'
    INT_ADD(LOCAL_SYSTEM_TIME, LOCAL_SYSTEM_TIME, &tmp_time);
            ^~~~~~~~~~~~~~~~~
In file included from E:\NeuOrga\Programmieren\c_cpp\github_os\input\src\os_base\os_firstinc.h:6:0,
                 from E:\NeuOrga\Programmieren\c_cpp\github_os\input\src\os_base\os_common.c:1:
e:\neuorga\programmieren\c_cpp\github_os\input\src\os_base\os_common.h:110:13: note: expected 'big_int * {aka struct big_int_s *}' but argument is of type 'timebig_t {aka struct big_int_s}'
 extern void INT_ADD(big_int* Summe, big_int* ErsterSummand, big_int* ZweiterSummand);
             ^~~~~~~
E:\NeuOrga\Programmieren\c_cpp\github_os\input\src\os_base\os_common.c:28:31: error: incompatible type for argument 2 of 'INT_ADD'
    INT_ADD(LOCAL_SYSTEM_TIME, LOCAL_SYSTEM_TIME, &tmp_time);
                               ^~~~~~~~~~~~~~~~~
In file included from E:\NeuOrga\Programmieren\c_cpp\github_os\input\src\os_base\os_firstinc.h:6:0,
                 from E:\NeuOrga\Programmieren\c_cpp\github_os\input\src\os_base\os_common.c:1:
e:\neuorga\programmieren\c_cpp\github_os\input\src\os_base\os_common.h:110:13: note: expected 'big_int * {aka struct big_int_s *}' but argument is of type 'timebig_t {aka struct big_int_s}'
 extern void INT_ADD(big_int* Summe, big_int* ErsterSummand, big_int* ZweiterSummand);
             ^~~~~~~
E:\NeuOrga\Programmieren\c_cpp\github_os\input\src\os_base\os_common.c: At top level:
E:\NeuOrga\Programmieren\c_cpp\github_os\input\src\os_base\os_common.c:31:6: warning: conflicting types for 'OS_ReadAndResetCurrentTime'
 void OS_ReadAndResetCurrentTime(timebig_t* timebig)
      ^~~~~~~~~~~~~~~~~~~~~~~~~~
E:\NeuOrga\Programmieren\c_cpp\github_os\input\src\os_base\os_common.c:25:4: note: previous implicit declaration of 'OS_ReadAndResetCurrentTime' was here
    OS_ReadAndResetCurrentTime(&tmp_time);
    ^~~~~~~~~~~~~~~~~~~~~~~~~~
