ARM GAS  C:\Users\PRESID~1\AppData\Local\Temp\ccWHyBKh.s 			page 1


   1              		.syntax unified
   2              		.cpu cortex-m4
   3              		.fpu softvfp
   4              		.eabi_attribute 20, 1
   5              		.eabi_attribute 21, 1
   6              		.eabi_attribute 23, 3
   7              		.eabi_attribute 24, 1
   8              		.eabi_attribute 25, 1
   9              		.eabi_attribute 26, 1
  10              		.eabi_attribute 30, 6
  11              		.eabi_attribute 34, 1
  12              		.eabi_attribute 18, 4
  13              		.thumb
  14              		.file	"os_driver_hook.c"
  15              		.text
  16              	.Ltext0:
  17              		.cfi_sections	.debug_frame
  18              	.Letext0:
ARM GAS  C:\Users\PRESID~1\AppData\Local\Temp\ccWHyBKh.s 			page 2


DEFINED SYMBOLS
                            *ABS*:00000000 os_driver_hook.c
                           .group:00000000 wm4.0.718a663455c795daf5c6dd176ef70bbe
                           .group:00000000 wm4.os_base_types.h.2.f3c0267f175f5cbacca6b71710665a02
                           .group:00000000 wm4.os_common.h.2.d75289bcbcba9f0e2c2ffeda9394ea88
                           .group:00000000 wm4.os_stack.h.2.19e5f67d3b2f1e569581f0c055512986
                           .group:00000000 wm4.os_heap.h.2.89074aae455d2462b5952479e3530dd1
                           .group:00000000 wm4.os_task_config.h.2.7cfaa082f19f6144d85c64ce1f04b914
                           .group:00000000 wm4.os_task_common.h.92.310ae0de7be5874c80e3c1d4bf919b37

NO UNDEFINED SYMBOLS
