ARM GAS  C:\Users\PRESID~1\AppData\Local\Temp\ccRYzoQe.s 			page 1


   1              		.syntax unified
   2              		.cpu cortex-m4
   3              		.fpu softvfp
   4              		.eabi_attribute 20, 1
   5              		.eabi_attribute 21, 1
   6              		.eabi_attribute 23, 3
   7              		.eabi_attribute 24, 1
   8              		.eabi_attribute 25, 1
   9              		.eabi_attribute 26, 1
  10              		.eabi_attribute 30, 6
  11              		.eabi_attribute 34, 1
  12              		.eabi_attribute 18, 4
  13              		.thumb
  14              		.file	"os_diagnostic_main.c"
  15              		.text
  16              	.Ltext0:
  17              		.cfi_sections	.debug_frame
  18              		.align	2
  19              		.global	OS_DIAGNOSTIC_MAIN
  20              		.thumb
  21              		.thumb_func
  23              	OS_DIAGNOSTIC_MAIN:
  24              	.LFB0:
  25              		.file 1 "E:\\NeuOrga\\Programmieren\\c_cpp\\github_os\\input\\src\\os_base\\os_diagnostic_main.c"
   1:E:\NeuOrga\Programmieren\c_cpp\github_os\input\src\os_base\os_diagnostic_main.c **** #include "os_firstinc.h"
   2:E:\NeuOrga\Programmieren\c_cpp\github_os\input\src\os_base\os_diagnostic_main.c **** 
   3:E:\NeuOrga\Programmieren\c_cpp\github_os\input\src\os_base\os_diagnostic_main.c **** void OS_DIAGNOSTIC_MAIN(void)
   4:E:\NeuOrga\Programmieren\c_cpp\github_os\input\src\os_base\os_diagnostic_main.c **** {
  26              		.loc 1 4 0
  27              		.cfi_startproc
  28              		@ args = 0, pretend = 0, frame = 0
  29              		@ frame_needed = 1, uses_anonymous_args = 0
  30              		@ link register save eliminated.
  31 0000 80B4     		push	{r7}
  32              		.cfi_def_cfa_offset 4
  33              		.cfi_offset 7, -4
  34 0002 00AF     		add	r7, sp, #0
  35              		.cfi_def_cfa_register 7
   5:E:\NeuOrga\Programmieren\c_cpp\github_os\input\src\os_base\os_diagnostic_main.c ****    /*#warn "OS_DIAGNOSTIC_MAIN() not yet implemented"*/
   6:E:\NeuOrga\Programmieren\c_cpp\github_os\input\src\os_base\os_diagnostic_main.c **** }...
  36              		.loc 1 6 0
  37 0004 BD46     		mov	sp, r7
  38              		.cfi_def_cfa_register 13
  39              		@ sp needed
  40 0006 5DF8047B 		ldr	r7, [sp], #4
  41              		.cfi_restore 7
  42              		.cfi_def_cfa_offset 0
  43 000a 7047     		bx	lr
  44              		.cfi_endproc
  45              	.LFE0:
  47              	.Letext0:
ARM GAS  C:\Users\PRESID~1\AppData\Local\Temp\ccRYzoQe.s 			page 2


DEFINED SYMBOLS
                            *ABS*:00000000 os_diagnostic_main.c
C:\Users\PRESID~1\AppData\Local\Temp\ccRYzoQe.s:18     .text:00000000 $t
C:\Users\PRESID~1\AppData\Local\Temp\ccRYzoQe.s:23     .text:00000000 OS_DIAGNOSTIC_MAIN
                     .debug_frame:00000010 $d
                           .group:00000000 wm4.0.718a663455c795daf5c6dd176ef70bbe
                           .group:00000000 wm4.os_base_types.h.2.f3c0267f175f5cbacca6b71710665a02
                           .group:00000000 wm4.os_common.h.2.dc27b9b2168d1784dc01b241752b07b2
                           .group:00000000 wm4.os_stack.h.2.19e5f67d3b2f1e569581f0c055512986
                           .group:00000000 wm4.os_heap.h.2.89074aae455d2462b5952479e3530dd1
                           .group:00000000 wm4.os_main.h.2.1f66ae3841c27bd36097fa1d2e1fe6a7
                           .group:00000000 wm4.os_task_config.h.2.7cfaa082f19f6144d85c64ce1f04b914
                           .group:00000000 wm4.os_task_common.h.93.9db5c540899793a03f331176d195d033

NO UNDEFINED SYMBOLS
