ARM GAS  C:\Users\PRESID~1\AppData\Local\Temp\ccLHddFq.s 			page 1


   1              		.cpu cortex-m4
   2              		.eabi_attribute 20, 1
   3              		.eabi_attribute 21, 1
   4              		.eabi_attribute 23, 3
   5              		.eabi_attribute 24, 1
   6              		.eabi_attribute 25, 1
   7              		.eabi_attribute 26, 1
   8              		.eabi_attribute 30, 2
   9              		.eabi_attribute 34, 1
  10              		.eabi_attribute 18, 4
  11              		.file	"os_exception.c"
  12              		.text
  13              	.Ltext0:
  14              		.cfi_sections	.debug_frame
  15              		.align	1
  16              		.p2align 2,,3
  17              		.global	OS_Exception_HARDFAULT
  18              		.syntax unified
  19              		.thumb
  20              		.thumb_func
  21              		.fpu softvfp
  23              	OS_Exception_HARDFAULT:
  24              	.LFB13:
  25              		.cfi_startproc
  26              		@ args = 0, pretend = 0, frame = 0
  27              		@ frame_needed = 0, uses_anonymous_args = 0
  28              		@ link register save eliminated.
  29 0000 30B4     		push	{r4, r5}
  30              		.cfi_def_cfa_offset 8
  31              		.cfi_offset 4, -8
  32              		.cfi_offset 5, -4
  33 0002 134B     		ldr	r3, .L4
  34              		.syntax unified
  35              	@ 48 "E:\NeuOrga\Programmieren\c_cpp\github_os\input\src\os_base\os_exception.c" 1
  36 0004 1868C0F8 		LDR r0,[r3];                          STR r14,[r0];
  36      00E0
  37              	@ 0 "" 2
  38              		.thumb
  39              		.syntax unified
  40 000a 124B     		ldr	r3, .L4+4
  41 000c 124A     		ldr	r2, .L4+8
  42 000e 1968     		ldr	r1, [r3]
  43 0010 1160     		str	r1, [r2]
  44 0012 043B     		subs	r3, r3, #4
  45 0014 114C     		ldr	r4, .L4+12
  46 0016 1B78     		ldrb	r3, [r3]	@ zero_extendqisi2
  47 0018 1148     		ldr	r0, .L4+16
  48 001a 1249     		ldr	r1, .L4+20
  49 001c 124A     		ldr	r2, .L4+24
  50 001e 134D     		ldr	r5, .L4+28
  51 0020 DBB2     		uxtb	r3, r3
  52 0022 2360     		str	r3, [r4]
  53 0024 0378     		ldrb	r3, [r0]	@ zero_extendqisi2
  54 0026 124C     		ldr	r4, .L4+32
  55 0028 1248     		ldr	r0, .L4+36
  56 002a DBB2     		uxtb	r3, r3
  57 002c 0B60     		str	r3, [r1]
ARM GAS  C:\Users\PRESID~1\AppData\Local\Temp\ccLHddFq.s 			page 2


  58 002e 1388     		ldrh	r3, [r2]
  59 0030 1149     		ldr	r1, .L4+40
  60 0032 9BB2     		uxth	r3, r3
  61 0034 2B60     		str	r3, [r5]
  62 0036 2368     		ldr	r3, [r4]
  63 0038 0360     		str	r3, [r0]
  64 003a D2F80E30 		ldr	r3, [r2, #14]
  65 003e 0B60     		str	r3, [r1]
  66 0040 1232     		adds	r2, r2, #18
  67 0042 0E4B     		ldr	r3, .L4+44
  68 0044 1268     		ldr	r2, [r2]
  69 0046 1A60     		str	r2, [r3]
  70 0048 0020     		movs	r0, #0
  71 004a 30BC     		pop	{r4, r5}
  72              		.cfi_restore 5
  73              		.cfi_restore 4
  74              		.cfi_def_cfa_offset 0
  75 004c FFF7FEBF 		b	OS_Shutdown
  76              	.L5:
  77              		.align	2
  78              	.L4:
  79 0050 00000000 		.word	LINK_REGISTER_HANDLER
  80 0054 2CED00E0 		.word	-536810196
  81 0058 00000000 		.word	VAR_HARDFAULT_STATUS_REG
  82 005c 00000000 		.word	VAR_MEM_MANAG_FAULT_STATUS_REG
  83 0060 29ED00E0 		.word	-536810199
  84 0064 00000000 		.word	VAR_BUS_FAULT_STATUS_REG
  85 0068 2AED00E0 		.word	-536810198
  86 006c 00000000 		.word	VAR_USAGE_FAULT_STATUS_REG
  87 0070 34ED00E0 		.word	-536810188
  88 0074 00000000 		.word	VAR_MEM_FAULT_ADDR_REG
  89 0078 00000000 		.word	VAR_BUS_FAULT_ADDR_REG
  90 007c 00000000 		.word	VAR_AUX_FAULT_STATUS_REG
  91              		.cfi_endproc
  92              	.LFE13:
  94              		.align	1
  95              		.p2align 2,,3
  96              		.global	OS_Exception_NMI
  97              		.syntax unified
  98              		.thumb
  99              		.thumb_func
 100              		.fpu softvfp
 102              	OS_Exception_NMI:
 103              	.LFB2:
 104              		.file 1 "E:\\NeuOrga\\Programmieren\\c_cpp\\github_os\\input\\src\\os_base\\os_exception.c"
   1:E:\NeuOrga\Programmieren\c_cpp\github_os\input\src\os_base\os_exception.c **** #include "os_firstinc.h"
   2:E:\NeuOrga\Programmieren\c_cpp\github_os\input\src\os_base\os_exception.c **** #include "os_exception_isr_handler.h"
   3:E:\NeuOrga\Programmieren\c_cpp\github_os\input\src\os_base\os_exception.c **** #include "os_shutdown.h"
   4:E:\NeuOrga\Programmieren\c_cpp\github_os\input\src\os_base\os_exception.c **** #include "os_start_os.h"
   5:E:\NeuOrga\Programmieren\c_cpp\github_os\input\src\os_base\os_exception.c **** #include "os_ram.h"
   6:E:\NeuOrga\Programmieren\c_cpp\github_os\input\src\os_base\os_exception.c **** #include "..\os_base\os_task_queue.h"
   7:E:\NeuOrga\Programmieren\c_cpp\github_os\input\src\os_base\os_exception.c **** #include "..\os_base\os_task_scheduler.h"
   8:E:\NeuOrga\Programmieren\c_cpp\github_os\input\src\os_base\os_exception.c **** /* the Interrupt table is set via the code linked to 0x00 and following ...   */
   9:E:\NeuOrga\Programmieren\c_cpp\github_os\input\src\os_base\os_exception.c **** /* interrupts are disabled during RESET exception and will be enabled by task system */
  10:E:\NeuOrga\Programmieren\c_cpp\github_os\input\src\os_base\os_exception.c **** #if(CFG_PROCESSOR == cMCU_CORTEX_M4)
  11:E:\NeuOrga\Programmieren\c_cpp\github_os\input\src\os_base\os_exception.c **** Local __inline__ void OS_Exception_Read_Status_Registers(void)
  12:E:\NeuOrga\Programmieren\c_cpp\github_os\input\src\os_base\os_exception.c **** {
ARM GAS  C:\Users\PRESID~1\AppData\Local\Temp\ccLHddFq.s 			page 3


  13:E:\NeuOrga\Programmieren\c_cpp\github_os\input\src\os_base\os_exception.c ****    #define HARDFAULT_STATUS_REG ((volatile uint32*)0xE000ED2Cu)
  14:E:\NeuOrga\Programmieren\c_cpp\github_os\input\src\os_base\os_exception.c ****    #define MEM_MANAG_FAULT_STATUS_REG     ((volatile uint8*)0xE000ED28u)
  15:E:\NeuOrga\Programmieren\c_cpp\github_os\input\src\os_base\os_exception.c ****    #define BUS_FAULT_STATUS_REG     ((volatile uint8*)0xE000ED29u)
  16:E:\NeuOrga\Programmieren\c_cpp\github_os\input\src\os_base\os_exception.c ****    #define USAGE_FAULT_STATUS_REG     ((volatile uint16*)0xE000ED2Au)
  17:E:\NeuOrga\Programmieren\c_cpp\github_os\input\src\os_base\os_exception.c ****    #define MEM_FAULT_ADDR_REG   ((volatile uint32*)0xE000ED34u)
  18:E:\NeuOrga\Programmieren\c_cpp\github_os\input\src\os_base\os_exception.c ****    #define BUS_FAULT_ADDR_REG   ((volatile uint32*)0xE000ED38u)
  19:E:\NeuOrga\Programmieren\c_cpp\github_os\input\src\os_base\os_exception.c ****    #define AUX_FAULT_STATUS_REG ((volatile uint32*)0xE000ED3Cu)
  20:E:\NeuOrga\Programmieren\c_cpp\github_os\input\src\os_base\os_exception.c ****    VAR_HARDFAULT_STATUS_REG = *HARDFAULT_STATUS_REG;
  21:E:\NeuOrga\Programmieren\c_cpp\github_os\input\src\os_base\os_exception.c ****    VAR_MEM_MANAG_FAULT_STATUS_REG     = *MEM_MANAG_FAULT_STATUS_REG;
  22:E:\NeuOrga\Programmieren\c_cpp\github_os\input\src\os_base\os_exception.c ****    VAR_BUS_FAULT_STATUS_REG   = *BUS_FAULT_STATUS_REG;
  23:E:\NeuOrga\Programmieren\c_cpp\github_os\input\src\os_base\os_exception.c ****    VAR_USAGE_FAULT_STATUS_REG = *USAGE_FAULT_STATUS_REG;
  24:E:\NeuOrga\Programmieren\c_cpp\github_os\input\src\os_base\os_exception.c ****    VAR_MEM_FAULT_ADDR_REG   = *MEM_FAULT_ADDR_REG;
  25:E:\NeuOrga\Programmieren\c_cpp\github_os\input\src\os_base\os_exception.c ****    VAR_BUS_FAULT_ADDR_REG   = *BUS_FAULT_ADDR_REG;
  26:E:\NeuOrga\Programmieren\c_cpp\github_os\input\src\os_base\os_exception.c ****    VAR_AUX_FAULT_STATUS_REG = *AUX_FAULT_STATUS_REG;
  27:E:\NeuOrga\Programmieren\c_cpp\github_os\input\src\os_base\os_exception.c **** }
  28:E:\NeuOrga\Programmieren\c_cpp\github_os\input\src\os_base\os_exception.c **** #endif
  29:E:\NeuOrga\Programmieren\c_cpp\github_os\input\src\os_base\os_exception.c **** 
  30:E:\NeuOrga\Programmieren\c_cpp\github_os\input\src\os_base\os_exception.c **** void OS_Exception_HARDFAULT(void)
  31:E:\NeuOrga\Programmieren\c_cpp\github_os\input\src\os_base\os_exception.c **** {
  32:E:\NeuOrga\Programmieren\c_cpp\github_os\input\src\os_base\os_exception.c **** #if(CFG_PROCESSOR == cMCU_CORTEX_M4)
  33:E:\NeuOrga\Programmieren\c_cpp\github_os\input\src\os_base\os_exception.c ****    __asm__ __volatile__ ("LDR r0,%0;\
  34:E:\NeuOrga\Programmieren\c_cpp\github_os\input\src\os_base\os_exception.c ****                           STR r14,[r0];"
  35:E:\NeuOrga\Programmieren\c_cpp\github_os\input\src\os_base\os_exception.c ****                         :"=m"(LINK_REGISTER_HANDLER)
  36:E:\NeuOrga\Programmieren\c_cpp\github_os\input\src\os_base\os_exception.c ****                         :
  37:E:\NeuOrga\Programmieren\c_cpp\github_os\input\src\os_base\os_exception.c ****                         :"r0"
  38:E:\NeuOrga\Programmieren\c_cpp\github_os\input\src\os_base\os_exception.c ****                         );
  39:E:\NeuOrga\Programmieren\c_cpp\github_os\input\src\os_base\os_exception.c ****    OS_Exception_Read_Status_Registers();
  40:E:\NeuOrga\Programmieren\c_cpp\github_os\input\src\os_base\os_exception.c ****    OS_Shutdown(os_reset_hardreset);
  41:E:\NeuOrga\Programmieren\c_cpp\github_os\input\src\os_base\os_exception.c **** #endif
  42:E:\NeuOrga\Programmieren\c_cpp\github_os\input\src\os_base\os_exception.c **** }
  43:E:\NeuOrga\Programmieren\c_cpp\github_os\input\src\os_base\os_exception.c **** 
  44:E:\NeuOrga\Programmieren\c_cpp\github_os\input\src\os_base\os_exception.c **** 
  45:E:\NeuOrga\Programmieren\c_cpp\github_os\input\src\os_base\os_exception.c **** void OS_Exception_NMI(void)
  46:E:\NeuOrga\Programmieren\c_cpp\github_os\input\src\os_base\os_exception.c **** {
 105              		.loc 1 46 0
 106              		.cfi_startproc
 107              		@ args = 0, pretend = 0, frame = 0
 108              		@ frame_needed = 0, uses_anonymous_args = 0
 109              		@ link register save eliminated.
 110              		.loc 1 46 0
 111 0080 30B4     		push	{r4, r5}
 112              		.cfi_def_cfa_offset 8
 113              		.cfi_offset 4, -8
 114              		.cfi_offset 5, -4
  47:E:\NeuOrga\Programmieren\c_cpp\github_os\input\src\os_base\os_exception.c **** #if(CFG_PROCESSOR == cMCU_CORTEX_M4)
  48:E:\NeuOrga\Programmieren\c_cpp\github_os\input\src\os_base\os_exception.c ****    __asm__ __volatile__ ("LDR r0,%0;\
 115              		.loc 1 48 0
 116 0082 134B     		ldr	r3, .L8
 117              		.syntax unified
 118              	@ 48 "E:\NeuOrga\Programmieren\c_cpp\github_os\input\src\os_base\os_exception.c" 1
 119 0084 1868C0F8 		LDR r0,[r3];                          STR r14,[r0];
 119      00E0
 120              	@ 0 "" 2
 121              		.thumb
 122              		.syntax unified
 123              	.LBB16:
 124              	.LBB17:
ARM GAS  C:\Users\PRESID~1\AppData\Local\Temp\ccLHddFq.s 			page 4


  20:E:\NeuOrga\Programmieren\c_cpp\github_os\input\src\os_base\os_exception.c ****    VAR_MEM_MANAG_FAULT_STATUS_REG     = *MEM_MANAG_FAULT_STATUS_REG;
 125              		.loc 1 20 0
 126 008a 124B     		ldr	r3, .L8+4
 127 008c 124A     		ldr	r2, .L8+8
 128 008e 1968     		ldr	r1, [r3]
 129 0090 1160     		str	r1, [r2]
  21:E:\NeuOrga\Programmieren\c_cpp\github_os\input\src\os_base\os_exception.c ****    VAR_BUS_FAULT_STATUS_REG   = *BUS_FAULT_STATUS_REG;
 130              		.loc 1 21 0
 131 0092 043B     		subs	r3, r3, #4
 132 0094 114C     		ldr	r4, .L8+12
 133 0096 1B78     		ldrb	r3, [r3]	@ zero_extendqisi2
  22:E:\NeuOrga\Programmieren\c_cpp\github_os\input\src\os_base\os_exception.c ****    VAR_USAGE_FAULT_STATUS_REG = *USAGE_FAULT_STATUS_REG;
 134              		.loc 1 22 0
 135 0098 1148     		ldr	r0, .L8+16
 136 009a 1249     		ldr	r1, .L8+20
  23:E:\NeuOrga\Programmieren\c_cpp\github_os\input\src\os_base\os_exception.c ****    VAR_MEM_FAULT_ADDR_REG   = *MEM_FAULT_ADDR_REG;
 137              		.loc 1 23 0
 138 009c 124A     		ldr	r2, .L8+24
 139 009e 134D     		ldr	r5, .L8+28
  21:E:\NeuOrga\Programmieren\c_cpp\github_os\input\src\os_base\os_exception.c ****    VAR_BUS_FAULT_STATUS_REG   = *BUS_FAULT_STATUS_REG;
 140              		.loc 1 21 0
 141 00a0 DBB2     		uxtb	r3, r3
 142 00a2 2360     		str	r3, [r4]
  22:E:\NeuOrga\Programmieren\c_cpp\github_os\input\src\os_base\os_exception.c ****    VAR_USAGE_FAULT_STATUS_REG = *USAGE_FAULT_STATUS_REG;
 143              		.loc 1 22 0
 144 00a4 0378     		ldrb	r3, [r0]	@ zero_extendqisi2
  24:E:\NeuOrga\Programmieren\c_cpp\github_os\input\src\os_base\os_exception.c ****    VAR_BUS_FAULT_ADDR_REG   = *BUS_FAULT_ADDR_REG;
 145              		.loc 1 24 0
 146 00a6 124C     		ldr	r4, .L8+32
 147 00a8 1248     		ldr	r0, .L8+36
  22:E:\NeuOrga\Programmieren\c_cpp\github_os\input\src\os_base\os_exception.c ****    VAR_USAGE_FAULT_STATUS_REG = *USAGE_FAULT_STATUS_REG;
 148              		.loc 1 22 0
 149 00aa DBB2     		uxtb	r3, r3
 150 00ac 0B60     		str	r3, [r1]
  23:E:\NeuOrga\Programmieren\c_cpp\github_os\input\src\os_base\os_exception.c ****    VAR_MEM_FAULT_ADDR_REG   = *MEM_FAULT_ADDR_REG;
 151              		.loc 1 23 0
 152 00ae 1388     		ldrh	r3, [r2]
  25:E:\NeuOrga\Programmieren\c_cpp\github_os\input\src\os_base\os_exception.c ****    VAR_AUX_FAULT_STATUS_REG = *AUX_FAULT_STATUS_REG;
 153              		.loc 1 25 0
 154 00b0 1149     		ldr	r1, .L8+40
  23:E:\NeuOrga\Programmieren\c_cpp\github_os\input\src\os_base\os_exception.c ****    VAR_MEM_FAULT_ADDR_REG   = *MEM_FAULT_ADDR_REG;
 155              		.loc 1 23 0
 156 00b2 9BB2     		uxth	r3, r3
 157 00b4 2B60     		str	r3, [r5]
  24:E:\NeuOrga\Programmieren\c_cpp\github_os\input\src\os_base\os_exception.c ****    VAR_BUS_FAULT_ADDR_REG   = *BUS_FAULT_ADDR_REG;
 158              		.loc 1 24 0
 159 00b6 2368     		ldr	r3, [r4]
 160 00b8 0360     		str	r3, [r0]
  25:E:\NeuOrga\Programmieren\c_cpp\github_os\input\src\os_base\os_exception.c ****    VAR_AUX_FAULT_STATUS_REG = *AUX_FAULT_STATUS_REG;
 161              		.loc 1 25 0
 162 00ba D2F80E30 		ldr	r3, [r2, #14]
 163 00be 0B60     		str	r3, [r1]
  26:E:\NeuOrga\Programmieren\c_cpp\github_os\input\src\os_base\os_exception.c **** }
 164              		.loc 1 26 0
 165 00c0 1232     		adds	r2, r2, #18
 166 00c2 0E4B     		ldr	r3, .L8+44
 167 00c4 1268     		ldr	r2, [r2]
ARM GAS  C:\Users\PRESID~1\AppData\Local\Temp\ccLHddFq.s 			page 5


 168 00c6 1A60     		str	r2, [r3]
 169              	.LBE17:
 170              	.LBE16:
  49:E:\NeuOrga\Programmieren\c_cpp\github_os\input\src\os_base\os_exception.c ****                           STR r14,[r0];"
  50:E:\NeuOrga\Programmieren\c_cpp\github_os\input\src\os_base\os_exception.c ****                         :"=m"(LINK_REGISTER_HANDLER)
  51:E:\NeuOrga\Programmieren\c_cpp\github_os\input\src\os_base\os_exception.c ****                         :
  52:E:\NeuOrga\Programmieren\c_cpp\github_os\input\src\os_base\os_exception.c ****                         :"r0"
  53:E:\NeuOrga\Programmieren\c_cpp\github_os\input\src\os_base\os_exception.c ****                         );
  54:E:\NeuOrga\Programmieren\c_cpp\github_os\input\src\os_base\os_exception.c ****    OS_Exception_Read_Status_Registers();
  55:E:\NeuOrga\Programmieren\c_cpp\github_os\input\src\os_base\os_exception.c ****    OS_Shutdown(os_reset_hardreset);
 171              		.loc 1 55 0
 172 00c8 0020     		movs	r0, #0
  56:E:\NeuOrga\Programmieren\c_cpp\github_os\input\src\os_base\os_exception.c **** #endif
  57:E:\NeuOrga\Programmieren\c_cpp\github_os\input\src\os_base\os_exception.c **** }
 173              		.loc 1 57 0
 174 00ca 30BC     		pop	{r4, r5}
 175              		.cfi_restore 5
 176              		.cfi_restore 4
 177              		.cfi_def_cfa_offset 0
  55:E:\NeuOrga\Programmieren\c_cpp\github_os\input\src\os_base\os_exception.c **** #endif
 178              		.loc 1 55 0
 179 00cc FFF7FEBF 		b	OS_Shutdown
 180              	.LVL0:
 181              	.L9:
 182              		.align	2
 183              	.L8:
 184 00d0 00000000 		.word	LINK_REGISTER_HANDLER
 185 00d4 2CED00E0 		.word	-536810196
 186 00d8 00000000 		.word	VAR_HARDFAULT_STATUS_REG
 187 00dc 00000000 		.word	VAR_MEM_MANAG_FAULT_STATUS_REG
 188 00e0 29ED00E0 		.word	-536810199
 189 00e4 00000000 		.word	VAR_BUS_FAULT_STATUS_REG
 190 00e8 2AED00E0 		.word	-536810198
 191 00ec 00000000 		.word	VAR_USAGE_FAULT_STATUS_REG
 192 00f0 34ED00E0 		.word	-536810188
 193 00f4 00000000 		.word	VAR_MEM_FAULT_ADDR_REG
 194 00f8 00000000 		.word	VAR_BUS_FAULT_ADDR_REG
 195 00fc 00000000 		.word	VAR_AUX_FAULT_STATUS_REG
 196              		.cfi_endproc
 197              	.LFE2:
 199              		.align	1
 200              		.p2align 2,,3
 201              		.global	OS_Exception_SWI
 202              		.syntax unified
 203              		.thumb
 204              		.thumb_func
 205              		.fpu softvfp
 207              	OS_Exception_SWI:
 208              	.LFB3:
  58:E:\NeuOrga\Programmieren\c_cpp\github_os\input\src\os_base\os_exception.c **** void OS_Exception_SWI(void)
  59:E:\NeuOrga\Programmieren\c_cpp\github_os\input\src\os_base\os_exception.c **** {
 209              		.loc 1 59 0
 210              		.cfi_startproc
 211              		@ args = 0, pretend = 0, frame = 0
 212              		@ frame_needed = 0, uses_anonymous_args = 0
 213              		@ link register save eliminated.
  60:E:\NeuOrga\Programmieren\c_cpp\github_os\input\src\os_base\os_exception.c **** #if(CFG_PROCESSOR == cMCU_CORTEX_M4)
ARM GAS  C:\Users\PRESID~1\AppData\Local\Temp\ccLHddFq.s 			page 6


  61:E:\NeuOrga\Programmieren\c_cpp\github_os\input\src\os_base\os_exception.c ****    __asm__ __volatile__ ("LDR r0,%0;\
 214              		.loc 1 61 0
 215 0100 024B     		ldr	r3, .L11
 216              		.syntax unified
 217              	@ 61 "E:\NeuOrga\Programmieren\c_cpp\github_os\input\src\os_base\os_exception.c" 1
 218 0102 1868C0F8 		LDR r0,[r3];                          STR r14,[r0];
 218      00E0
 219              	@ 0 "" 2
  62:E:\NeuOrga\Programmieren\c_cpp\github_os\input\src\os_base\os_exception.c ****                           STR r14,[r0];"
  63:E:\NeuOrga\Programmieren\c_cpp\github_os\input\src\os_base\os_exception.c ****                         :"=m"(LINK_REGISTER_HANDLER)
  64:E:\NeuOrga\Programmieren\c_cpp\github_os\input\src\os_base\os_exception.c ****                         :
  65:E:\NeuOrga\Programmieren\c_cpp\github_os\input\src\os_base\os_exception.c ****                         :"r0"
  66:E:\NeuOrga\Programmieren\c_cpp\github_os\input\src\os_base\os_exception.c ****                         );
  67:E:\NeuOrga\Programmieren\c_cpp\github_os\input\src\os_base\os_exception.c ****    /* Mode: Supervisor:
  68:E:\NeuOrga\Programmieren\c_cpp\github_os\input\src\os_base\os_exception.c ****      Exception SWI is entered, in case a user mode program executed the assembler code "SWI" (SoftW
  69:E:\NeuOrga\Programmieren\c_cpp\github_os\input\src\os_base\os_exception.c ****    OS_ISRHANDLERC0();
 220              		.loc 1 69 0
 221              		.thumb
 222              		.syntax unified
 223 0108 FFF7FEBF 		b	OS_ISRHANDLERC0
 224              	.LVL1:
 225              	.L12:
 226              		.align	2
 227              	.L11:
 228 010c 00000000 		.word	LINK_REGISTER_HANDLER
 229              		.cfi_endproc
 230              	.LFE3:
 232              		.align	1
 233              		.p2align 2,,3
 234              		.global	OS_Exception_BUS_FAULT
 235              		.syntax unified
 236              		.thumb
 237              		.thumb_func
 238              		.fpu softvfp
 240              	OS_Exception_BUS_FAULT:
 241              	.LFB15:
 242              		.cfi_startproc
 243              		@ args = 0, pretend = 0, frame = 0
 244              		@ frame_needed = 0, uses_anonymous_args = 0
 245              		@ link register save eliminated.
 246 0110 30B4     		push	{r4, r5}
 247              		.cfi_def_cfa_offset 8
 248              		.cfi_offset 4, -8
 249              		.cfi_offset 5, -4
 250 0112 134B     		ldr	r3, .L15
 251              		.syntax unified
 252              	@ 48 "E:\NeuOrga\Programmieren\c_cpp\github_os\input\src\os_base\os_exception.c" 1
 253 0114 1868C0F8 		LDR r0,[r3];                          STR r14,[r0];
 253      00E0
 254              	@ 0 "" 2
 255              		.thumb
 256              		.syntax unified
 257 011a 124B     		ldr	r3, .L15+4
 258 011c 124A     		ldr	r2, .L15+8
 259 011e 1968     		ldr	r1, [r3]
 260 0120 1160     		str	r1, [r2]
 261 0122 043B     		subs	r3, r3, #4
ARM GAS  C:\Users\PRESID~1\AppData\Local\Temp\ccLHddFq.s 			page 7


 262 0124 114C     		ldr	r4, .L15+12
 263 0126 1B78     		ldrb	r3, [r3]	@ zero_extendqisi2
 264 0128 1148     		ldr	r0, .L15+16
 265 012a 1249     		ldr	r1, .L15+20
 266 012c 124A     		ldr	r2, .L15+24
 267 012e 134D     		ldr	r5, .L15+28
 268 0130 DBB2     		uxtb	r3, r3
 269 0132 2360     		str	r3, [r4]
 270 0134 0378     		ldrb	r3, [r0]	@ zero_extendqisi2
 271 0136 124C     		ldr	r4, .L15+32
 272 0138 1248     		ldr	r0, .L15+36
 273 013a DBB2     		uxtb	r3, r3
 274 013c 0B60     		str	r3, [r1]
 275 013e 1388     		ldrh	r3, [r2]
 276 0140 1149     		ldr	r1, .L15+40
 277 0142 9BB2     		uxth	r3, r3
 278 0144 2B60     		str	r3, [r5]
 279 0146 2368     		ldr	r3, [r4]
 280 0148 0360     		str	r3, [r0]
 281 014a D2F80E30 		ldr	r3, [r2, #14]
 282 014e 0B60     		str	r3, [r1]
 283 0150 1232     		adds	r2, r2, #18
 284 0152 0E4B     		ldr	r3, .L15+44
 285 0154 1268     		ldr	r2, [r2]
 286 0156 1A60     		str	r2, [r3]
 287 0158 0020     		movs	r0, #0
 288 015a 30BC     		pop	{r4, r5}
 289              		.cfi_restore 5
 290              		.cfi_restore 4
 291              		.cfi_def_cfa_offset 0
 292 015c FFF7FEBF 		b	OS_Shutdown
 293              	.L16:
 294              		.align	2
 295              	.L15:
 296 0160 00000000 		.word	LINK_REGISTER_HANDLER
 297 0164 2CED00E0 		.word	-536810196
 298 0168 00000000 		.word	VAR_HARDFAULT_STATUS_REG
 299 016c 00000000 		.word	VAR_MEM_MANAG_FAULT_STATUS_REG
 300 0170 29ED00E0 		.word	-536810199
 301 0174 00000000 		.word	VAR_BUS_FAULT_STATUS_REG
 302 0178 2AED00E0 		.word	-536810198
 303 017c 00000000 		.word	VAR_USAGE_FAULT_STATUS_REG
 304 0180 34ED00E0 		.word	-536810188
 305 0184 00000000 		.word	VAR_MEM_FAULT_ADDR_REG
 306 0188 00000000 		.word	VAR_BUS_FAULT_ADDR_REG
 307 018c 00000000 		.word	VAR_AUX_FAULT_STATUS_REG
 308              		.cfi_endproc
 309              	.LFE15:
 311              		.align	1
 312              		.p2align 2,,3
 313              		.global	OS_Exception_DEBUG
 314              		.syntax unified
 315              		.thumb
 316              		.thumb_func
 317              		.fpu softvfp
 319              	OS_Exception_DEBUG:
 320              	.LFB5:
ARM GAS  C:\Users\PRESID~1\AppData\Local\Temp\ccLHddFq.s 			page 8


  70:E:\NeuOrga\Programmieren\c_cpp\github_os\input\src\os_base\os_exception.c **** #endif
  71:E:\NeuOrga\Programmieren\c_cpp\github_os\input\src\os_base\os_exception.c **** }
  72:E:\NeuOrga\Programmieren\c_cpp\github_os\input\src\os_base\os_exception.c **** void OS_Exception_BUS_FAULT(void)
  73:E:\NeuOrga\Programmieren\c_cpp\github_os\input\src\os_base\os_exception.c **** {
  74:E:\NeuOrga\Programmieren\c_cpp\github_os\input\src\os_base\os_exception.c **** #if(CFG_PROCESSOR == cMCU_CORTEX_M4)
  75:E:\NeuOrga\Programmieren\c_cpp\github_os\input\src\os_base\os_exception.c ****    __asm__ __volatile__ ("LDR r0,%0;\
  76:E:\NeuOrga\Programmieren\c_cpp\github_os\input\src\os_base\os_exception.c ****                           STR r14,[r0];"
  77:E:\NeuOrga\Programmieren\c_cpp\github_os\input\src\os_base\os_exception.c ****                         :"=m"(LINK_REGISTER_HANDLER)
  78:E:\NeuOrga\Programmieren\c_cpp\github_os\input\src\os_base\os_exception.c ****                         :
  79:E:\NeuOrga\Programmieren\c_cpp\github_os\input\src\os_base\os_exception.c ****                         :"r0"
  80:E:\NeuOrga\Programmieren\c_cpp\github_os\input\src\os_base\os_exception.c ****                         );
  81:E:\NeuOrga\Programmieren\c_cpp\github_os\input\src\os_base\os_exception.c ****    OS_Exception_Read_Status_Registers();
  82:E:\NeuOrga\Programmieren\c_cpp\github_os\input\src\os_base\os_exception.c ****    OS_Shutdown(os_reset_hardreset);
  83:E:\NeuOrga\Programmieren\c_cpp\github_os\input\src\os_base\os_exception.c **** #endif
  84:E:\NeuOrga\Programmieren\c_cpp\github_os\input\src\os_base\os_exception.c **** }
  85:E:\NeuOrga\Programmieren\c_cpp\github_os\input\src\os_base\os_exception.c **** 
  86:E:\NeuOrga\Programmieren\c_cpp\github_os\input\src\os_base\os_exception.c **** void OS_Exception_DEBUG(void)
  87:E:\NeuOrga\Programmieren\c_cpp\github_os\input\src\os_base\os_exception.c **** {
 321              		.loc 1 87 0
 322              		.cfi_startproc
 323              		@ args = 0, pretend = 0, frame = 0
 324              		@ frame_needed = 0, uses_anonymous_args = 0
 325              		@ link register save eliminated.
 326              		.loc 1 87 0
 327 0190 30B4     		push	{r4, r5}
 328              		.cfi_def_cfa_offset 8
 329              		.cfi_offset 4, -8
 330              		.cfi_offset 5, -4
 331              	.LBB18:
 332              	.LBB19:
  20:E:\NeuOrga\Programmieren\c_cpp\github_os\input\src\os_base\os_exception.c ****    VAR_MEM_MANAG_FAULT_STATUS_REG     = *MEM_MANAG_FAULT_STATUS_REG;
 333              		.loc 1 20 0
 334 0192 114B     		ldr	r3, .L19
 335 0194 114A     		ldr	r2, .L19+4
 336 0196 1968     		ldr	r1, [r3]
 337 0198 1160     		str	r1, [r2]
  21:E:\NeuOrga\Programmieren\c_cpp\github_os\input\src\os_base\os_exception.c ****    VAR_BUS_FAULT_STATUS_REG   = *BUS_FAULT_STATUS_REG;
 338              		.loc 1 21 0
 339 019a 043B     		subs	r3, r3, #4
 340 019c 104C     		ldr	r4, .L19+8
 341 019e 1B78     		ldrb	r3, [r3]	@ zero_extendqisi2
  22:E:\NeuOrga\Programmieren\c_cpp\github_os\input\src\os_base\os_exception.c ****    VAR_USAGE_FAULT_STATUS_REG = *USAGE_FAULT_STATUS_REG;
 342              		.loc 1 22 0
 343 01a0 1048     		ldr	r0, .L19+12
 344 01a2 1149     		ldr	r1, .L19+16
  23:E:\NeuOrga\Programmieren\c_cpp\github_os\input\src\os_base\os_exception.c ****    VAR_MEM_FAULT_ADDR_REG   = *MEM_FAULT_ADDR_REG;
 345              		.loc 1 23 0
 346 01a4 114A     		ldr	r2, .L19+20
 347 01a6 124D     		ldr	r5, .L19+24
  21:E:\NeuOrga\Programmieren\c_cpp\github_os\input\src\os_base\os_exception.c ****    VAR_BUS_FAULT_STATUS_REG   = *BUS_FAULT_STATUS_REG;
 348              		.loc 1 21 0
 349 01a8 DBB2     		uxtb	r3, r3
 350 01aa 2360     		str	r3, [r4]
  22:E:\NeuOrga\Programmieren\c_cpp\github_os\input\src\os_base\os_exception.c ****    VAR_USAGE_FAULT_STATUS_REG = *USAGE_FAULT_STATUS_REG;
 351              		.loc 1 22 0
 352 01ac 0378     		ldrb	r3, [r0]	@ zero_extendqisi2
  24:E:\NeuOrga\Programmieren\c_cpp\github_os\input\src\os_base\os_exception.c ****    VAR_BUS_FAULT_ADDR_REG   = *BUS_FAULT_ADDR_REG;
ARM GAS  C:\Users\PRESID~1\AppData\Local\Temp\ccLHddFq.s 			page 9


 353              		.loc 1 24 0
 354 01ae 114C     		ldr	r4, .L19+28
 355 01b0 1148     		ldr	r0, .L19+32
  22:E:\NeuOrga\Programmieren\c_cpp\github_os\input\src\os_base\os_exception.c ****    VAR_USAGE_FAULT_STATUS_REG = *USAGE_FAULT_STATUS_REG;
 356              		.loc 1 22 0
 357 01b2 DBB2     		uxtb	r3, r3
 358 01b4 0B60     		str	r3, [r1]
  23:E:\NeuOrga\Programmieren\c_cpp\github_os\input\src\os_base\os_exception.c ****    VAR_MEM_FAULT_ADDR_REG   = *MEM_FAULT_ADDR_REG;
 359              		.loc 1 23 0
 360 01b6 1388     		ldrh	r3, [r2]
  25:E:\NeuOrga\Programmieren\c_cpp\github_os\input\src\os_base\os_exception.c ****    VAR_AUX_FAULT_STATUS_REG = *AUX_FAULT_STATUS_REG;
 361              		.loc 1 25 0
 362 01b8 1049     		ldr	r1, .L19+36
  23:E:\NeuOrga\Programmieren\c_cpp\github_os\input\src\os_base\os_exception.c ****    VAR_MEM_FAULT_ADDR_REG   = *MEM_FAULT_ADDR_REG;
 363              		.loc 1 23 0
 364 01ba 9BB2     		uxth	r3, r3
 365 01bc 2B60     		str	r3, [r5]
  24:E:\NeuOrga\Programmieren\c_cpp\github_os\input\src\os_base\os_exception.c ****    VAR_BUS_FAULT_ADDR_REG   = *BUS_FAULT_ADDR_REG;
 366              		.loc 1 24 0
 367 01be 2368     		ldr	r3, [r4]
 368 01c0 0360     		str	r3, [r0]
  25:E:\NeuOrga\Programmieren\c_cpp\github_os\input\src\os_base\os_exception.c ****    VAR_AUX_FAULT_STATUS_REG = *AUX_FAULT_STATUS_REG;
 369              		.loc 1 25 0
 370 01c2 D2F80E30 		ldr	r3, [r2, #14]
 371 01c6 0B60     		str	r3, [r1]
  26:E:\NeuOrga\Programmieren\c_cpp\github_os\input\src\os_base\os_exception.c **** }
 372              		.loc 1 26 0
 373 01c8 1232     		adds	r2, r2, #18
 374 01ca 0D4B     		ldr	r3, .L19+40
 375 01cc 1268     		ldr	r2, [r2]
 376 01ce 1A60     		str	r2, [r3]
 377              	.LBE19:
 378              	.LBE18:
  88:E:\NeuOrga\Programmieren\c_cpp\github_os\input\src\os_base\os_exception.c **** #if(CFG_PROCESSOR == cMCU_CORTEX_M4)
  89:E:\NeuOrga\Programmieren\c_cpp\github_os\input\src\os_base\os_exception.c ****    OS_Exception_Read_Status_Registers();
  90:E:\NeuOrga\Programmieren\c_cpp\github_os\input\src\os_base\os_exception.c ****    OS_Shutdown(os_reset_hardreset);
 379              		.loc 1 90 0
 380 01d0 0020     		movs	r0, #0
  91:E:\NeuOrga\Programmieren\c_cpp\github_os\input\src\os_base\os_exception.c **** #endif
  92:E:\NeuOrga\Programmieren\c_cpp\github_os\input\src\os_base\os_exception.c **** }
 381              		.loc 1 92 0
 382 01d2 30BC     		pop	{r4, r5}
 383              		.cfi_restore 5
 384              		.cfi_restore 4
 385              		.cfi_def_cfa_offset 0
  90:E:\NeuOrga\Programmieren\c_cpp\github_os\input\src\os_base\os_exception.c **** #endif
 386              		.loc 1 90 0
 387 01d4 FFF7FEBF 		b	OS_Shutdown
 388              	.LVL2:
 389              	.L20:
 390              		.align	2
 391              	.L19:
 392 01d8 2CED00E0 		.word	-536810196
 393 01dc 00000000 		.word	VAR_HARDFAULT_STATUS_REG
 394 01e0 00000000 		.word	VAR_MEM_MANAG_FAULT_STATUS_REG
 395 01e4 29ED00E0 		.word	-536810199
 396 01e8 00000000 		.word	VAR_BUS_FAULT_STATUS_REG
ARM GAS  C:\Users\PRESID~1\AppData\Local\Temp\ccLHddFq.s 			page 10


 397 01ec 2AED00E0 		.word	-536810198
 398 01f0 00000000 		.word	VAR_USAGE_FAULT_STATUS_REG
 399 01f4 34ED00E0 		.word	-536810188
 400 01f8 00000000 		.word	VAR_MEM_FAULT_ADDR_REG
 401 01fc 00000000 		.word	VAR_BUS_FAULT_ADDR_REG
 402 0200 00000000 		.word	VAR_AUX_FAULT_STATUS_REG
 403              		.cfi_endproc
 404              	.LFE5:
 406              		.align	1
 407              		.p2align 2,,3
 408              		.global	OS_Exception_MEM_MANAG_FAULT
 409              		.syntax unified
 410              		.thumb
 411              		.thumb_func
 412              		.fpu softvfp
 414              	OS_Exception_MEM_MANAG_FAULT:
 415              	.LFB17:
 416              		.cfi_startproc
 417              		@ args = 0, pretend = 0, frame = 0
 418              		@ frame_needed = 0, uses_anonymous_args = 0
 419              		@ link register save eliminated.
 420 0204 30B4     		push	{r4, r5}
 421              		.cfi_def_cfa_offset 8
 422              		.cfi_offset 4, -8
 423              		.cfi_offset 5, -4
 424 0206 134B     		ldr	r3, .L23
 425              		.syntax unified
 426              	@ 48 "E:\NeuOrga\Programmieren\c_cpp\github_os\input\src\os_base\os_exception.c" 1
 427 0208 1868C0F8 		LDR r0,[r3];                          STR r14,[r0];
 427      00E0
 428              	@ 0 "" 2
 429              		.thumb
 430              		.syntax unified
 431 020e 124B     		ldr	r3, .L23+4
 432 0210 124A     		ldr	r2, .L23+8
 433 0212 1968     		ldr	r1, [r3]
 434 0214 1160     		str	r1, [r2]
 435 0216 043B     		subs	r3, r3, #4
 436 0218 114C     		ldr	r4, .L23+12
 437 021a 1B78     		ldrb	r3, [r3]	@ zero_extendqisi2
 438 021c 1148     		ldr	r0, .L23+16
 439 021e 1249     		ldr	r1, .L23+20
 440 0220 124A     		ldr	r2, .L23+24
 441 0222 134D     		ldr	r5, .L23+28
 442 0224 DBB2     		uxtb	r3, r3
 443 0226 2360     		str	r3, [r4]
 444 0228 0378     		ldrb	r3, [r0]	@ zero_extendqisi2
 445 022a 124C     		ldr	r4, .L23+32
 446 022c 1248     		ldr	r0, .L23+36
 447 022e DBB2     		uxtb	r3, r3
 448 0230 0B60     		str	r3, [r1]
 449 0232 1388     		ldrh	r3, [r2]
 450 0234 1149     		ldr	r1, .L23+40
 451 0236 9BB2     		uxth	r3, r3
 452 0238 2B60     		str	r3, [r5]
 453 023a 2368     		ldr	r3, [r4]
 454 023c 0360     		str	r3, [r0]
ARM GAS  C:\Users\PRESID~1\AppData\Local\Temp\ccLHddFq.s 			page 11


 455 023e D2F80E30 		ldr	r3, [r2, #14]
 456 0242 0B60     		str	r3, [r1]
 457 0244 1232     		adds	r2, r2, #18
 458 0246 0E4B     		ldr	r3, .L23+44
 459 0248 1268     		ldr	r2, [r2]
 460 024a 1A60     		str	r2, [r3]
 461 024c 0020     		movs	r0, #0
 462 024e 30BC     		pop	{r4, r5}
 463              		.cfi_restore 5
 464              		.cfi_restore 4
 465              		.cfi_def_cfa_offset 0
 466 0250 FFF7FEBF 		b	OS_Shutdown
 467              	.L24:
 468              		.align	2
 469              	.L23:
 470 0254 00000000 		.word	LINK_REGISTER_HANDLER
 471 0258 2CED00E0 		.word	-536810196
 472 025c 00000000 		.word	VAR_HARDFAULT_STATUS_REG
 473 0260 00000000 		.word	VAR_MEM_MANAG_FAULT_STATUS_REG
 474 0264 29ED00E0 		.word	-536810199
 475 0268 00000000 		.word	VAR_BUS_FAULT_STATUS_REG
 476 026c 2AED00E0 		.word	-536810198
 477 0270 00000000 		.word	VAR_USAGE_FAULT_STATUS_REG
 478 0274 34ED00E0 		.word	-536810188
 479 0278 00000000 		.word	VAR_MEM_FAULT_ADDR_REG
 480 027c 00000000 		.word	VAR_BUS_FAULT_ADDR_REG
 481 0280 00000000 		.word	VAR_AUX_FAULT_STATUS_REG
 482              		.cfi_endproc
 483              	.LFE17:
 485              		.align	1
 486              		.p2align 2,,3
 487              		.global	OS_Exception_USAGE_FAULT
 488              		.syntax unified
 489              		.thumb
 490              		.thumb_func
 491              		.fpu softvfp
 493              	OS_Exception_USAGE_FAULT:
 494              	.LFB19:
 495              		.cfi_startproc
 496              		@ args = 0, pretend = 0, frame = 0
 497              		@ frame_needed = 0, uses_anonymous_args = 0
 498              		@ link register save eliminated.
 499 0284 30B4     		push	{r4, r5}
 500              		.cfi_def_cfa_offset 8
 501              		.cfi_offset 4, -8
 502              		.cfi_offset 5, -4
 503 0286 134B     		ldr	r3, .L27
 504              		.syntax unified
 505              	@ 48 "E:\NeuOrga\Programmieren\c_cpp\github_os\input\src\os_base\os_exception.c" 1
 506 0288 1868C0F8 		LDR r0,[r3];                          STR r14,[r0];
 506      00E0
 507              	@ 0 "" 2
 508              		.thumb
 509              		.syntax unified
 510 028e 124B     		ldr	r3, .L27+4
 511 0290 124A     		ldr	r2, .L27+8
 512 0292 1968     		ldr	r1, [r3]
ARM GAS  C:\Users\PRESID~1\AppData\Local\Temp\ccLHddFq.s 			page 12


 513 0294 1160     		str	r1, [r2]
 514 0296 043B     		subs	r3, r3, #4
 515 0298 114C     		ldr	r4, .L27+12
 516 029a 1B78     		ldrb	r3, [r3]	@ zero_extendqisi2
 517 029c 1148     		ldr	r0, .L27+16
 518 029e 1249     		ldr	r1, .L27+20
 519 02a0 124A     		ldr	r2, .L27+24
 520 02a2 134D     		ldr	r5, .L27+28
 521 02a4 DBB2     		uxtb	r3, r3
 522 02a6 2360     		str	r3, [r4]
 523 02a8 0378     		ldrb	r3, [r0]	@ zero_extendqisi2
 524 02aa 124C     		ldr	r4, .L27+32
 525 02ac 1248     		ldr	r0, .L27+36
 526 02ae DBB2     		uxtb	r3, r3
 527 02b0 0B60     		str	r3, [r1]
 528 02b2 1388     		ldrh	r3, [r2]
 529 02b4 1149     		ldr	r1, .L27+40
 530 02b6 9BB2     		uxth	r3, r3
 531 02b8 2B60     		str	r3, [r5]
 532 02ba 2368     		ldr	r3, [r4]
 533 02bc 0360     		str	r3, [r0]
 534 02be D2F80E30 		ldr	r3, [r2, #14]
 535 02c2 0B60     		str	r3, [r1]
 536 02c4 1232     		adds	r2, r2, #18
 537 02c6 0E4B     		ldr	r3, .L27+44
 538 02c8 1268     		ldr	r2, [r2]
 539 02ca 1A60     		str	r2, [r3]
 540 02cc 0020     		movs	r0, #0
 541 02ce 30BC     		pop	{r4, r5}
 542              		.cfi_restore 5
 543              		.cfi_restore 4
 544              		.cfi_def_cfa_offset 0
 545 02d0 FFF7FEBF 		b	OS_Shutdown
 546              	.L28:
 547              		.align	2
 548              	.L27:
 549 02d4 00000000 		.word	LINK_REGISTER_HANDLER
 550 02d8 2CED00E0 		.word	-536810196
 551 02dc 00000000 		.word	VAR_HARDFAULT_STATUS_REG
 552 02e0 00000000 		.word	VAR_MEM_MANAG_FAULT_STATUS_REG
 553 02e4 29ED00E0 		.word	-536810199
 554 02e8 00000000 		.word	VAR_BUS_FAULT_STATUS_REG
 555 02ec 2AED00E0 		.word	-536810198
 556 02f0 00000000 		.word	VAR_USAGE_FAULT_STATUS_REG
 557 02f4 34ED00E0 		.word	-536810188
 558 02f8 00000000 		.word	VAR_MEM_FAULT_ADDR_REG
 559 02fc 00000000 		.word	VAR_BUS_FAULT_ADDR_REG
 560 0300 00000000 		.word	VAR_AUX_FAULT_STATUS_REG
 561              		.cfi_endproc
 562              	.LFE19:
 564              		.align	1
 565              		.p2align 2,,3
 566              		.global	OS_Exception_PendSV
 567              		.syntax unified
 568              		.thumb
 569              		.thumb_func
 570              		.fpu softvfp
ARM GAS  C:\Users\PRESID~1\AppData\Local\Temp\ccLHddFq.s 			page 13


 572              	OS_Exception_PendSV:
 573              	.LFB8:
  93:E:\NeuOrga\Programmieren\c_cpp\github_os\input\src\os_base\os_exception.c **** 
  94:E:\NeuOrga\Programmieren\c_cpp\github_os\input\src\os_base\os_exception.c **** void OS_Exception_MEM_MANAG_FAULT(void)
  95:E:\NeuOrga\Programmieren\c_cpp\github_os\input\src\os_base\os_exception.c **** {
  96:E:\NeuOrga\Programmieren\c_cpp\github_os\input\src\os_base\os_exception.c **** #if(CFG_PROCESSOR == cMCU_CORTEX_M4)
  97:E:\NeuOrga\Programmieren\c_cpp\github_os\input\src\os_base\os_exception.c ****    __asm__ __volatile__ ("LDR r0,%0;\
  98:E:\NeuOrga\Programmieren\c_cpp\github_os\input\src\os_base\os_exception.c ****                           STR r14,[r0];"
  99:E:\NeuOrga\Programmieren\c_cpp\github_os\input\src\os_base\os_exception.c ****                         :"=m"(LINK_REGISTER_HANDLER)
 100:E:\NeuOrga\Programmieren\c_cpp\github_os\input\src\os_base\os_exception.c ****                         :
 101:E:\NeuOrga\Programmieren\c_cpp\github_os\input\src\os_base\os_exception.c ****                         :"r0"
 102:E:\NeuOrga\Programmieren\c_cpp\github_os\input\src\os_base\os_exception.c ****                         );
 103:E:\NeuOrga\Programmieren\c_cpp\github_os\input\src\os_base\os_exception.c ****    OS_Exception_Read_Status_Registers();
 104:E:\NeuOrga\Programmieren\c_cpp\github_os\input\src\os_base\os_exception.c ****    OS_Shutdown(os_reset_hardreset);
 105:E:\NeuOrga\Programmieren\c_cpp\github_os\input\src\os_base\os_exception.c **** #endif
 106:E:\NeuOrga\Programmieren\c_cpp\github_os\input\src\os_base\os_exception.c **** }
 107:E:\NeuOrga\Programmieren\c_cpp\github_os\input\src\os_base\os_exception.c **** 
 108:E:\NeuOrga\Programmieren\c_cpp\github_os\input\src\os_base\os_exception.c **** void OS_Exception_USAGE_FAULT(void)
 109:E:\NeuOrga\Programmieren\c_cpp\github_os\input\src\os_base\os_exception.c **** {
 110:E:\NeuOrga\Programmieren\c_cpp\github_os\input\src\os_base\os_exception.c **** #if(CFG_PROCESSOR == cMCU_CORTEX_M4)
 111:E:\NeuOrga\Programmieren\c_cpp\github_os\input\src\os_base\os_exception.c ****    __asm__ __volatile__ ("LDR r0,%0;\
 112:E:\NeuOrga\Programmieren\c_cpp\github_os\input\src\os_base\os_exception.c ****                           STR r14,[r0];"
 113:E:\NeuOrga\Programmieren\c_cpp\github_os\input\src\os_base\os_exception.c ****                         :"=m"(LINK_REGISTER_HANDLER)
 114:E:\NeuOrga\Programmieren\c_cpp\github_os\input\src\os_base\os_exception.c ****                         :
 115:E:\NeuOrga\Programmieren\c_cpp\github_os\input\src\os_base\os_exception.c ****                         :"r0"
 116:E:\NeuOrga\Programmieren\c_cpp\github_os\input\src\os_base\os_exception.c ****                         );
 117:E:\NeuOrga\Programmieren\c_cpp\github_os\input\src\os_base\os_exception.c ****    OS_Exception_Read_Status_Registers();
 118:E:\NeuOrga\Programmieren\c_cpp\github_os\input\src\os_base\os_exception.c ****    OS_Shutdown(os_reset_hardreset);
 119:E:\NeuOrga\Programmieren\c_cpp\github_os\input\src\os_base\os_exception.c **** #endif
 120:E:\NeuOrga\Programmieren\c_cpp\github_os\input\src\os_base\os_exception.c **** }
 121:E:\NeuOrga\Programmieren\c_cpp\github_os\input\src\os_base\os_exception.c **** 
 122:E:\NeuOrga\Programmieren\c_cpp\github_os\input\src\os_base\os_exception.c **** void OS_Exception_PendSV(void)
 123:E:\NeuOrga\Programmieren\c_cpp\github_os\input\src\os_base\os_exception.c **** {
 574              		.loc 1 123 0
 575              		.cfi_startproc
 576              		@ args = 0, pretend = 0, frame = 0
 577              		@ frame_needed = 0, uses_anonymous_args = 0
 578              		@ link register save eliminated.
 124:E:\NeuOrga\Programmieren\c_cpp\github_os\input\src\os_base\os_exception.c **** #if(CFG_PROCESSOR == cMCU_CORTEX_M4)
 125:E:\NeuOrga\Programmieren\c_cpp\github_os\input\src\os_base\os_exception.c ****    OS_Shutdown(os_reset_hardreset);
 579              		.loc 1 125 0
 580 0304 0020     		movs	r0, #0
 581 0306 FFF7FEBF 		b	OS_Shutdown
 582              	.LVL3:
 583              		.cfi_endproc
 584              	.LFE8:
 586              		.align	1
 587 030a 00BF     		.p2align 2,,3
 588              		.global	OS_Exception_Systick
 589              		.syntax unified
 590              		.thumb
 591              		.thumb_func
 592              		.fpu softvfp
 594              	OS_Exception_Systick:
 595              	.LFB9:
 126:E:\NeuOrga\Programmieren\c_cpp\github_os\input\src\os_base\os_exception.c **** #endif
 127:E:\NeuOrga\Programmieren\c_cpp\github_os\input\src\os_base\os_exception.c **** }
ARM GAS  C:\Users\PRESID~1\AppData\Local\Temp\ccLHddFq.s 			page 14


 128:E:\NeuOrga\Programmieren\c_cpp\github_os\input\src\os_base\os_exception.c **** 
 129:E:\NeuOrga\Programmieren\c_cpp\github_os\input\src\os_base\os_exception.c **** void OS_Exception_Systick(void)
 130:E:\NeuOrga\Programmieren\c_cpp\github_os\input\src\os_base\os_exception.c **** {
 596              		.loc 1 130 0
 597              		.cfi_startproc
 598              		@ args = 0, pretend = 0, frame = 8
 599              		@ frame_needed = 0, uses_anonymous_args = 0
 600 030c F0B5     		push	{r4, r5, r6, r7, lr}
 601              		.cfi_def_cfa_offset 20
 602              		.cfi_offset 4, -20
 603              		.cfi_offset 5, -16
 604              		.cfi_offset 6, -12
 605              		.cfi_offset 7, -8
 606              		.cfi_offset 14, -4
 131:E:\NeuOrga\Programmieren\c_cpp\github_os\input\src\os_base\os_exception.c **** #if(CFG_PROCESSOR == cMCU_CORTEX_M4)
 132:E:\NeuOrga\Programmieren\c_cpp\github_os\input\src\os_base\os_exception.c ****    task_t* task;
 133:E:\NeuOrga\Programmieren\c_cpp\github_os\input\src\os_base\os_exception.c ****    scheduling_t* scheduling_task_ptr;
 134:E:\NeuOrga\Programmieren\c_cpp\github_os\input\src\os_base\os_exception.c **** 
 135:E:\NeuOrga\Programmieren\c_cpp\github_os\input\src\os_base\os_exception.c ****    DBG_RLD_VALUE = 0xFFFFFFFF;
 136:E:\NeuOrga\Programmieren\c_cpp\github_os\input\src\os_base\os_exception.c ****    DBG_CURR_VAL = 0xFFFFFFFF;
 137:E:\NeuOrga\Programmieren\c_cpp\github_os\input\src\os_base\os_exception.c ****    DBG_CTRL_VALUE = 0xFFFFFFFF;
 138:E:\NeuOrga\Programmieren\c_cpp\github_os\input\src\os_base\os_exception.c ****    DBG_CALIB_VALUE = 0xFFFFFFFF;
 607              		.loc 1 138 0
 608 030e 2E48     		ldr	r0, .L37
 137:E:\NeuOrga\Programmieren\c_cpp\github_os\input\src\os_base\os_exception.c ****    DBG_CALIB_VALUE = 0xFFFFFFFF;
 609              		.loc 1 137 0
 610 0310 2E4C     		ldr	r4, .L37+4
 135:E:\NeuOrga\Programmieren\c_cpp\github_os\input\src\os_base\os_exception.c ****    DBG_CURR_VAL = 0xFFFFFFFF;
 611              		.loc 1 135 0
 612 0312 2F4F     		ldr	r7, .L37+8
 136:E:\NeuOrga\Programmieren\c_cpp\github_os\input\src\os_base\os_exception.c ****    DBG_CTRL_VALUE = 0xFFFFFFFF;
 613              		.loc 1 136 0
 614 0314 2F4D     		ldr	r5, .L37+12
 139:E:\NeuOrga\Programmieren\c_cpp\github_os\input\src\os_base\os_exception.c ****    /* the systick timer is stopped during debug... see CorteM4 manual */
 140:E:\NeuOrga\Programmieren\c_cpp\github_os\input\src\os_base\os_exception.c **** 
 141:E:\NeuOrga\Programmieren\c_cpp\github_os\input\src\os_base\os_exception.c ****    task = 0u;
 142:E:\NeuOrga\Programmieren\c_cpp\github_os\input\src\os_base\os_exception.c ****    /* configure the TCMP */
 143:E:\NeuOrga\Programmieren\c_cpp\github_os\input\src\os_base\os_exception.c ****    /*
 144:E:\NeuOrga\Programmieren\c_cpp\github_os\input\src\os_base\os_exception.c ****    Dispatcher function for Core 0:
 145:E:\NeuOrga\Programmieren\c_cpp\github_os\input\src\os_base\os_exception.c ****     Write Adresse into the config register (interrupts are requested by SWI/SVC???)
 146:E:\NeuOrga\Programmieren\c_cpp\github_os\input\src\os_base\os_exception.c ****    */
 147:E:\NeuOrga\Programmieren\c_cpp\github_os\input\src\os_base\os_exception.c ****    #define SYSTICK_CTRL_STAT_REG ((uint32*)0xE000E010)
 148:E:\NeuOrga\Programmieren\c_cpp\github_os\input\src\os_base\os_exception.c ****    #define SYSTICK_RLD_VAL_REG   ((uint32*)0xE000E014)
 149:E:\NeuOrga\Programmieren\c_cpp\github_os\input\src\os_base\os_exception.c ****    #define SYSTICK_CURRENT_VAL_REG ((uint32*)0xE000E018)
 150:E:\NeuOrga\Programmieren\c_cpp\github_os\input\src\os_base\os_exception.c ****    #define SYSTICK_CALIB_VAL_REG ((uint32*)0xE000E01C)
 151:E:\NeuOrga\Programmieren\c_cpp\github_os\input\src\os_base\os_exception.c ****    #define SYSTICK_STAT_REG_CLKSRC_AHB ((uint32)0x00000004)
 152:E:\NeuOrga\Programmieren\c_cpp\github_os\input\src\os_base\os_exception.c ****    #define SYSTICK_STAT_REG_CLKSRC_AHB_8 ((uint32)0x00000000)
 153:E:\NeuOrga\Programmieren\c_cpp\github_os\input\src\os_base\os_exception.c ****    #define SYSTICK_STAT_REG_TICKINT ((uint32)0x00000002)
 154:E:\NeuOrga\Programmieren\c_cpp\github_os\input\src\os_base\os_exception.c ****    #define SYSTICK_STAT_REG_ENABLE  ((uint32)0x00000001)
 155:E:\NeuOrga\Programmieren\c_cpp\github_os\input\src\os_base\os_exception.c ****    #define LOOPTIME_IN_USEC ((uint32)10000u)
 156:E:\NeuOrga\Programmieren\c_cpp\github_os\input\src\os_base\os_exception.c ****    /*
 157:E:\NeuOrga\Programmieren\c_cpp\github_os\input\src\os_base\os_exception.c ****    CLOCK = HCLK / 8
 158:E:\NeuOrga\Programmieren\c_cpp\github_os\input\src\os_base\os_exception.c ****    vermutlich: CLOCK = 150Mhz / 8 = 18,75 Mhz
 159:E:\NeuOrga\Programmieren\c_cpp\github_os\input\src\os_base\os_exception.c ****    */
 160:E:\NeuOrga\Programmieren\c_cpp\github_os\input\src\os_base\os_exception.c ****    #if(CFG_PROCESSOR == cMCU_CORTEX_M4)
 161:E:\NeuOrga\Programmieren\c_cpp\github_os\input\src\os_base\os_exception.c ****    *SYSTICK_RLD_VAL_REG = (*SYSTICK_RLD_VAL_REG & 0xFF000000 )| (((uint32)MCU_CLOCK_IN_HZ / ((uint3
 615              		.loc 1 161 0
ARM GAS  C:\Users\PRESID~1\AppData\Local\Temp\ccLHddFq.s 			page 15


 616 0316 DFF8D0C0 		ldr	ip, .L37+32
 162:E:\NeuOrga\Programmieren\c_cpp\github_os\input\src\os_base\os_exception.c ****    *SYSTICK_CURRENT_VAL_REG = ((uint32)0x00000000);
 163:E:\NeuOrga\Programmieren\c_cpp\github_os\input\src\os_base\os_exception.c ****    *SYSTICK_CTRL_STAT_REG = *SYSTICK_CTRL_STAT_REG | SYSTICK_STAT_REG_TICKINT | SYSTICK_STAT_REG_EN
 617              		.loc 1 163 0
 618 031a 2F4A     		ldr	r2, .L37+16
 162:E:\NeuOrga\Programmieren\c_cpp\github_os\input\src\os_base\os_exception.c ****    *SYSTICK_CURRENT_VAL_REG = ((uint32)0x00000000);
 619              		.loc 1 162 0
 620 031c 2F4E     		ldr	r6, .L37+20
 164:E:\NeuOrga\Programmieren\c_cpp\github_os\input\src\os_base\os_exception.c **** 
 165:E:\NeuOrga\Programmieren\c_cpp\github_os\input\src\os_base\os_exception.c ****    DBG_RLD_VALUE  = *SYSTICK_RLD_VAL_REG;
 166:E:\NeuOrga\Programmieren\c_cpp\github_os\input\src\os_base\os_exception.c ****    DBG_CURR_VAL   = *SYSTICK_CURRENT_VAL_REG;
 167:E:\NeuOrga\Programmieren\c_cpp\github_os\input\src\os_base\os_exception.c ****    DBG_CTRL_VALUE = *SYSTICK_CTRL_STAT_REG;
 168:E:\NeuOrga\Programmieren\c_cpp\github_os\input\src\os_base\os_exception.c ****    DBG_CALIB_VALUE = *SYSTICK_CALIB_VAL_REG;
 169:E:\NeuOrga\Programmieren\c_cpp\github_os\input\src\os_base\os_exception.c ****    #endif
 170:E:\NeuOrga\Programmieren\c_cpp\github_os\input\src\os_base\os_exception.c ****    /*
 171:E:\NeuOrga\Programmieren\c_cpp\github_os\input\src\os_base\os_exception.c ****    4.4.1. SysTick Control and Status Register
 172:E:\NeuOrga\Programmieren\c_cpp\github_os\input\src\os_base\os_exception.c **** 
 173:E:\NeuOrga\Programmieren\c_cpp\github_os\input\src\os_base\os_exception.c **** The SysTick SYST_CSR register enables the SysTick features. The register resets to 0x00000000, or t
 174:E:\NeuOrga\Programmieren\c_cpp\github_os\input\src\os_base\os_exception.c **** 
 175:E:\NeuOrga\Programmieren\c_cpp\github_os\input\src\os_base\os_exception.c **** Table 4.33. SysTick SYST_CSR register bit assignments
 176:E:\NeuOrga\Programmieren\c_cpp\github_os\input\src\os_base\os_exception.c **** Bits	Name	Function
 177:E:\NeuOrga\Programmieren\c_cpp\github_os\input\src\os_base\os_exception.c **** [31:17]	-	Reserved.
 178:E:\NeuOrga\Programmieren\c_cpp\github_os\input\src\os_base\os_exception.c **** [16]	COUNTFLAG
 179:E:\NeuOrga\Programmieren\c_cpp\github_os\input\src\os_base\os_exception.c **** 
 180:E:\NeuOrga\Programmieren\c_cpp\github_os\input\src\os_base\os_exception.c **** Returns 1 if timer counted to 0 since last time this was read.
 181:E:\NeuOrga\Programmieren\c_cpp\github_os\input\src\os_base\os_exception.c **** [15:3]	-	Reserved.
 182:E:\NeuOrga\Programmieren\c_cpp\github_os\input\src\os_base\os_exception.c **** [2]	CLKSOURCE
 183:E:\NeuOrga\Programmieren\c_cpp\github_os\input\src\os_base\os_exception.c **** 
 184:E:\NeuOrga\Programmieren\c_cpp\github_os\input\src\os_base\os_exception.c **** Indicates the clock source:
 185:E:\NeuOrga\Programmieren\c_cpp\github_os\input\src\os_base\os_exception.c **** 
 186:E:\NeuOrga\Programmieren\c_cpp\github_os\input\src\os_base\os_exception.c **** 0 = external clock
 187:E:\NeuOrga\Programmieren\c_cpp\github_os\input\src\os_base\os_exception.c **** 
 188:E:\NeuOrga\Programmieren\c_cpp\github_os\input\src\os_base\os_exception.c **** 1 = processor clock.
 189:E:\NeuOrga\Programmieren\c_cpp\github_os\input\src\os_base\os_exception.c **** [1]	TICKINT
 190:E:\NeuOrga\Programmieren\c_cpp\github_os\input\src\os_base\os_exception.c **** 
 191:E:\NeuOrga\Programmieren\c_cpp\github_os\input\src\os_base\os_exception.c **** Enables SysTick exception request:
 192:E:\NeuOrga\Programmieren\c_cpp\github_os\input\src\os_base\os_exception.c **** 
 193:E:\NeuOrga\Programmieren\c_cpp\github_os\input\src\os_base\os_exception.c **** 0 = counting down to zero does not assert the SysTick exception request
 194:E:\NeuOrga\Programmieren\c_cpp\github_os\input\src\os_base\os_exception.c **** 
 195:E:\NeuOrga\Programmieren\c_cpp\github_os\input\src\os_base\os_exception.c **** 1 = counting down to zero asserts the SysTick exception request.
 196:E:\NeuOrga\Programmieren\c_cpp\github_os\input\src\os_base\os_exception.c **** 
 197:E:\NeuOrga\Programmieren\c_cpp\github_os\input\src\os_base\os_exception.c **** Software can use COUNTFLAG to determine if SysTick has ever counted to zero.
 198:E:\NeuOrga\Programmieren\c_cpp\github_os\input\src\os_base\os_exception.c **** [0]	ENABLE
 199:E:\NeuOrga\Programmieren\c_cpp\github_os\input\src\os_base\os_exception.c **** 
 200:E:\NeuOrga\Programmieren\c_cpp\github_os\input\src\os_base\os_exception.c **** Enables the counter:
 201:E:\NeuOrga\Programmieren\c_cpp\github_os\input\src\os_base\os_exception.c **** 
 202:E:\NeuOrga\Programmieren\c_cpp\github_os\input\src\os_base\os_exception.c **** 0 = counter disabled
 203:E:\NeuOrga\Programmieren\c_cpp\github_os\input\src\os_base\os_exception.c **** 
 204:E:\NeuOrga\Programmieren\c_cpp\github_os\input\src\os_base\os_exception.c **** 1 = counter enabled.
 205:E:\NeuOrga\Programmieren\c_cpp\github_os\input\src\os_base\os_exception.c **** 
 206:E:\NeuOrga\Programmieren\c_cpp\github_os\input\src\os_base\os_exception.c **** When ENABLE is set to 1, the counter loads the RELOAD value from the SYST_RVR register and then cou
 207:E:\NeuOrga\Programmieren\c_cpp\github_os\input\src\os_base\os_exception.c ****    */
 208:E:\NeuOrga\Programmieren\c_cpp\github_os\input\src\os_base\os_exception.c ****    /*stack check*/
 209:E:\NeuOrga\Programmieren\c_cpp\github_os\input\src\os_base\os_exception.c ****    if(((void*)&scheduling_task_ptr) < SAVED_STACK_POINTER)
 621              		.loc 1 209 0
 622 031e DFF8CCE0 		ldr	lr, .L37+36
 135:E:\NeuOrga\Programmieren\c_cpp\github_os\input\src\os_base\os_exception.c ****    DBG_CURR_VAL = 0xFFFFFFFF;
ARM GAS  C:\Users\PRESID~1\AppData\Local\Temp\ccLHddFq.s 			page 16


 623              		.loc 1 135 0
 624 0322 4FF0FF33 		mov	r3, #-1
 625 0326 3B60     		str	r3, [r7]
 136:E:\NeuOrga\Programmieren\c_cpp\github_os\input\src\os_base\os_exception.c ****    DBG_CTRL_VALUE = 0xFFFFFFFF;
 626              		.loc 1 136 0
 627 0328 2B60     		str	r3, [r5]
 137:E:\NeuOrga\Programmieren\c_cpp\github_os\input\src\os_base\os_exception.c ****    DBG_CALIB_VALUE = 0xFFFFFFFF;
 628              		.loc 1 137 0
 629 032a 2360     		str	r3, [r4]
 138:E:\NeuOrga\Programmieren\c_cpp\github_os\input\src\os_base\os_exception.c ****    /* the systick timer is stopped during debug... see CorteM4 manual */
 630              		.loc 1 138 0
 631 032c 0360     		str	r3, [r0]
 632              	.LVL4:
 161:E:\NeuOrga\Programmieren\c_cpp\github_os\input\src\os_base\os_exception.c ****    *SYSTICK_CURRENT_VAL_REG = ((uint32)0x00000000);
 633              		.loc 1 161 0
 634 032e DCF80030 		ldr	r3, [ip]
 163:E:\NeuOrga\Programmieren\c_cpp\github_os\input\src\os_base\os_exception.c **** 
 635              		.loc 1 163 0
 636 0332 1168     		ldr	r1, [r2]
 161:E:\NeuOrga\Programmieren\c_cpp\github_os\input\src\os_base\os_exception.c ****    *SYSTICK_CURRENT_VAL_REG = ((uint32)0x00000000);
 637              		.loc 1 161 0
 638 0334 03F07F43 		and	r3, r3, #-16777216
 639 0338 43F4CD13 		orr	r3, r3, #1679360
 640 033c 43F42073 		orr	r3, r3, #640
 163:E:\NeuOrga\Programmieren\c_cpp\github_os\input\src\os_base\os_exception.c **** 
 641              		.loc 1 163 0
 642 0340 41F00301 		orr	r1, r1, #3
 161:E:\NeuOrga\Programmieren\c_cpp\github_os\input\src\os_base\os_exception.c ****    *SYSTICK_CURRENT_VAL_REG = ((uint32)0x00000000);
 643              		.loc 1 161 0
 644 0344 CCF80030 		str	r3, [ip]
 163:E:\NeuOrga\Programmieren\c_cpp\github_os\input\src\os_base\os_exception.c **** 
 645              		.loc 1 163 0
 646 0348 1160     		str	r1, [r2]
 162:E:\NeuOrga\Programmieren\c_cpp\github_os\input\src\os_base\os_exception.c ****    *SYSTICK_CTRL_STAT_REG = *SYSTICK_CTRL_STAT_REG | SYSTICK_STAT_REG_TICKINT | SYSTICK_STAT_REG_EN
 647              		.loc 1 162 0
 648 034a 0021     		movs	r1, #0
 649 034c 3160     		str	r1, [r6]
 165:E:\NeuOrga\Programmieren\c_cpp\github_os\input\src\os_base\os_exception.c ****    DBG_CURR_VAL   = *SYSTICK_CURRENT_VAL_REG;
 650              		.loc 1 165 0
 651 034e 3B60     		str	r3, [r7]
 166:E:\NeuOrga\Programmieren\c_cpp\github_os\input\src\os_base\os_exception.c ****    DBG_CTRL_VALUE = *SYSTICK_CTRL_STAT_REG;
 652              		.loc 1 166 0
 653 0350 3368     		ldr	r3, [r6]
 654 0352 2B60     		str	r3, [r5]
 167:E:\NeuOrga\Programmieren\c_cpp\github_os\input\src\os_base\os_exception.c ****    DBG_CALIB_VALUE = *SYSTICK_CALIB_VAL_REG;
 655              		.loc 1 167 0
 656 0354 1268     		ldr	r2, [r2]
 168:E:\NeuOrga\Programmieren\c_cpp\github_os\input\src\os_base\os_exception.c ****    #endif
 657              		.loc 1 168 0
 658 0356 224B     		ldr	r3, .L37+24
 167:E:\NeuOrga\Programmieren\c_cpp\github_os\input\src\os_base\os_exception.c ****    DBG_CALIB_VALUE = *SYSTICK_CALIB_VAL_REG;
 659              		.loc 1 167 0
 660 0358 2260     		str	r2, [r4]
 130:E:\NeuOrga\Programmieren\c_cpp\github_os\input\src\os_base\os_exception.c **** #if(CFG_PROCESSOR == cMCU_CORTEX_M4)
 661              		.loc 1 130 0
 662 035a 83B0     		sub	sp, sp, #12
 663              		.cfi_def_cfa_offset 32
ARM GAS  C:\Users\PRESID~1\AppData\Local\Temp\ccLHddFq.s 			page 17


 664              		.loc 1 209 0
 665 035c DEF80020 		ldr	r2, [lr]
 168:E:\NeuOrga\Programmieren\c_cpp\github_os\input\src\os_base\os_exception.c ****    #endif
 666              		.loc 1 168 0
 667 0360 1B68     		ldr	r3, [r3]
 668 0362 0360     		str	r3, [r0]
 669              		.loc 1 209 0
 670 0364 01AB     		add	r3, sp, #4
 671 0366 9A42     		cmp	r2, r3
 210:E:\NeuOrga\Programmieren\c_cpp\github_os\input\src\os_base\os_exception.c ****    {
 211:E:\NeuOrga\Programmieren\c_cpp\github_os\input\src\os_base\os_exception.c ****       SAVED_STACK_POINTER = (void*)&scheduling_task_ptr;
 672              		.loc 1 211 0
 673 0368 88BF     		it	hi
 674 036a CEF80030 		strhi	r3, [lr]
 212:E:\NeuOrga\Programmieren\c_cpp\github_os\input\src\os_base\os_exception.c ****    }
 213:E:\NeuOrga\Programmieren\c_cpp\github_os\input\src\os_base\os_exception.c **** 
 214:E:\NeuOrga\Programmieren\c_cpp\github_os\input\src\os_base\os_exception.c ****    /* disable running task */
 215:E:\NeuOrga\Programmieren\c_cpp\github_os\input\src\os_base\os_exception.c ****    task = GetRunningTask();
 675              		.loc 1 215 0
 676 036e FFF7FEFF 		bl	GetRunningTask
 677              	.LVL5:
 678 0372 0446     		mov	r4, r0
 679              	.LVL6:
 216:E:\NeuOrga\Programmieren\c_cpp\github_os\input\src\os_base\os_exception.c ****    scheduling_task_ptr = GetRunningSchedulingQueueElementPtr();
 680              		.loc 1 216 0
 681 0374 FFF7FEFF 		bl	GetRunningSchedulingQueueElementPtr
 682              	.LVL7:
 683 0378 0190     		str	r0, [sp, #4]
 217:E:\NeuOrga\Programmieren\c_cpp\github_os\input\src\os_base\os_exception.c ****    if(task != 0u)
 684              		.loc 1 217 0
 685 037a 04B3     		cbz	r4, .L32
 218:E:\NeuOrga\Programmieren\c_cpp\github_os\input\src\os_base\os_exception.c ****    {
 219:E:\NeuOrga\Programmieren\c_cpp\github_os\input\src\os_base\os_exception.c ****       OS_TaskSaveTaskEnvironment(task);
 686              		.loc 1 219 0
 687 037c 2046     		mov	r0, r4
 688 037e FFF7FEFF 		bl	OS_TaskSaveTaskEnvironment
 689              	.LVL8:
 220:E:\NeuOrga\Programmieren\c_cpp\github_os\input\src\os_base\os_exception.c ****       OS_TASK_RESTORE_SYSTEM_STACK((uint8*)&OS_MAIN_STACK);
 690              		.loc 1 220 0
 691 0382 1848     		ldr	r0, .L37+28
 692 0384 FFF7FEFF 		bl	OS_TASK_RESTORE_SYSTEM_STACK
 693              	.LVL9:
 221:E:\NeuOrga\Programmieren\c_cpp\github_os\input\src\os_base\os_exception.c ****       task->active = False;
 694              		.loc 1 221 0
 695 0388 2378     		ldrb	r3, [r4]	@ zero_extendqisi2
 696 038a 6FF30003 		bfc	r3, #0, #1
 697 038e 2370     		strb	r3, [r4]
 222:E:\NeuOrga\Programmieren\c_cpp\github_os\input\src\os_base\os_exception.c ****       task->exe_time += (OS_GetCurrentTime() - task->start_time);
 698              		.loc 1 222 0
 699 0390 FFF7FEFF 		bl	OS_GetCurrentTime
 700              	.LVL10:
 701 0394 D4E90732 		ldrd	r3, r2, [r4, #28]
 702 0398 9B1A     		subs	r3, r3, r2
 703 039a 0344     		add	r3, r3, r0
 704 039c E361     		str	r3, [r4, #28]
 223:E:\NeuOrga\Programmieren\c_cpp\github_os\input\src\os_base\os_exception.c ****       task->task_group->exe_time += (OS_GetCurrentTime() - task->start_time);
 705              		.loc 1 223 0
ARM GAS  C:\Users\PRESID~1\AppData\Local\Temp\ccLHddFq.s 			page 18


 706 039e FFF7FEFF 		bl	OS_GetCurrentTime
 707              	.LVL11:
 708 03a2 A26B     		ldr	r2, [r4, #56]
 709 03a4 216A     		ldr	r1, [r4, #32]
 710 03a6 1368     		ldr	r3, [r2]
 711 03a8 5B1A     		subs	r3, r3, r1
 712 03aa 1844     		add	r0, r0, r3
 224:E:\NeuOrga\Programmieren\c_cpp\github_os\input\src\os_base\os_exception.c ****       SET_RUNNING_TASK(0,0);
 713              		.loc 1 224 0
 714 03ac 0021     		movs	r1, #0
 223:E:\NeuOrga\Programmieren\c_cpp\github_os\input\src\os_base\os_exception.c ****       task->task_group->exe_time += (OS_GetCurrentTime() - task->start_time);
 715              		.loc 1 223 0
 716 03ae 1060     		str	r0, [r2]
 717              		.loc 1 224 0
 718 03b0 0846     		mov	r0, r1
 719 03b2 FFF7FEFF 		bl	SET_RUNNING_TASK
 720              	.LVL12:
 225:E:\NeuOrga\Programmieren\c_cpp\github_os\input\src\os_base\os_exception.c ****       OS_TerminateTask(task,scheduling_task_ptr);
 721              		.loc 1 225 0
 722 03b6 2046     		mov	r0, r4
 723 03b8 0199     		ldr	r1, [sp, #4]
 724 03ba FFF7FEFF 		bl	OS_TerminateTask
 725              	.LVL13:
 726              	.L32:
 226:E:\NeuOrga\Programmieren\c_cpp\github_os\input\src\os_base\os_exception.c ****    }
 227:E:\NeuOrga\Programmieren\c_cpp\github_os\input\src\os_base\os_exception.c ****    OS_StateHandler();
 727              		.loc 1 227 0
 728 03be FFF7FEFF 		bl	OS_StateHandler
 729              	.LVL14:
 228:E:\NeuOrga\Programmieren\c_cpp\github_os\input\src\os_base\os_exception.c **** #endif
 229:E:\NeuOrga\Programmieren\c_cpp\github_os\input\src\os_base\os_exception.c **** }
 730              		.loc 1 229 0
 731 03c2 03B0     		add	sp, sp, #12
 732              		.cfi_def_cfa_offset 20
 733              		@ sp needed
 734 03c4 F0BD     		pop	{r4, r5, r6, r7, pc}
 735              	.LVL15:
 736              	.L38:
 737 03c6 00BF     		.align	2
 738              	.L37:
 739 03c8 00000000 		.word	DBG_CALIB_VALUE
 740 03cc 00000000 		.word	DBG_CTRL_VALUE
 741 03d0 00000000 		.word	DBG_RLD_VALUE
 742 03d4 00000000 		.word	DBG_CURR_VAL
 743 03d8 10E000E0 		.word	-536813552
 744 03dc 18E000E0 		.word	-536813544
 745 03e0 1CE000E0 		.word	-536813540
 746 03e4 00000000 		.word	OS_MAIN_STACK
 747 03e8 14E000E0 		.word	-536813548
 748 03ec 00000000 		.word	SAVED_STACK_POINTER
 749              		.cfi_endproc
 750              	.LFE9:
 752              		.align	1
 753              		.p2align 2,,3
 754              		.global	OS_Exception_IRQ
 755              		.syntax unified
 756              		.thumb
ARM GAS  C:\Users\PRESID~1\AppData\Local\Temp\ccLHddFq.s 			page 19


 757              		.thumb_func
 758              		.fpu softvfp
 760              	OS_Exception_IRQ:
 761              	.LFB10:
 230:E:\NeuOrga\Programmieren\c_cpp\github_os\input\src\os_base\os_exception.c **** 
 231:E:\NeuOrga\Programmieren\c_cpp\github_os\input\src\os_base\os_exception.c **** void OS_Exception_IRQ(void)
 232:E:\NeuOrga\Programmieren\c_cpp\github_os\input\src\os_base\os_exception.c **** {
 762              		.loc 1 232 0
 763              		.cfi_startproc
 764              		@ args = 0, pretend = 0, frame = 0
 765              		@ frame_needed = 0, uses_anonymous_args = 0
 766              		@ link register save eliminated.
 233:E:\NeuOrga\Programmieren\c_cpp\github_os\input\src\os_base\os_exception.c **** #if(CFG_PROCESSOR == cMCU_CORTEX_M4)
 234:E:\NeuOrga\Programmieren\c_cpp\github_os\input\src\os_base\os_exception.c ****    OS_ISRHANDLERC0();
 767              		.loc 1 234 0
 768 03f0 FFF7FEBF 		b	OS_ISRHANDLERC0
 769              	.LVL16:
 770              		.cfi_endproc
 771              	.LFE10:
 773              		.align	1
 774              		.p2align 2,,3
 775              		.global	OS_Exception_FIQ
 776              		.syntax unified
 777              		.thumb
 778              		.thumb_func
 779              		.fpu softvfp
 781              	OS_Exception_FIQ:
 782              	.LFB21:
 783              		.cfi_startproc
 784              		@ args = 0, pretend = 0, frame = 0
 785              		@ frame_needed = 0, uses_anonymous_args = 0
 786              		@ link register save eliminated.
 787 03f4 FFF7FEBF 		b	OS_ISRHANDLERC0
 788              		.cfi_endproc
 789              	.LFE21:
 791              	.Letext0:
 792              		.file 2 "e:\\neuorga\\programmieren\\c_cpp\\github_os\\input\\src\\os_base\\os_base_types.h"
 793              		.file 3 "e:\\neuorga\\programmieren\\c_cpp\\github_os\\input\\src\\os_base\\os_common.h"
 794              		.file 4 "e:\\neuorga\\programmieren\\c_cpp\\github_os\\input\\src\\os_drivers\\lld_core.h"
 795              		.file 5 "e:\\neuorga\\programmieren\\c_cpp\\github_os\\input\\src\\os_base\\os_task_common.h"
 796              		.file 6 "e:\\neuorga\\programmieren\\c_cpp\\github_os\\input\\src\\os_base\\os_ram.h"
 797              		.file 7 "E:\\NeuOrga\\Programmieren\\c_cpp\\github_os\\input\\src\\os_base\\os_shutdown.h"
 798              		.file 8 "e:\\neuorga\\programmieren\\c_cpp\\github_os\\input\\src\\os_base\\os_task_queue.h"
 799              		.file 9 "e:\\neuorga\\programmieren\\c_cpp\\github_os\\input\\src\\os_base\\os_task_scheduler.h"
 800              		.file 10 "e:\\neuorga\\programmieren\\c_cpp\\github_os\\input\\src\\os_base\\os_main.h"
 801              		.file 11 "E:\\NeuOrga\\Programmieren\\c_cpp\\github_os\\input\\src\\os_base\\os_exception_isr_hand
ARM GAS  C:\Users\PRESID~1\AppData\Local\Temp\ccLHddFq.s 			page 20


DEFINED SYMBOLS
                            *ABS*:00000000 os_exception.c
C:\Users\PRESID~1\AppData\Local\Temp\ccLHddFq.s:15     .text:00000000 $t
C:\Users\PRESID~1\AppData\Local\Temp\ccLHddFq.s:23     .text:00000000 OS_Exception_HARDFAULT
C:\Users\PRESID~1\AppData\Local\Temp\ccLHddFq.s:79     .text:00000050 $d
C:\Users\PRESID~1\AppData\Local\Temp\ccLHddFq.s:94     .text:00000080 $t
C:\Users\PRESID~1\AppData\Local\Temp\ccLHddFq.s:102    .text:00000080 OS_Exception_NMI
C:\Users\PRESID~1\AppData\Local\Temp\ccLHddFq.s:184    .text:000000d0 $d
C:\Users\PRESID~1\AppData\Local\Temp\ccLHddFq.s:199    .text:00000100 $t
C:\Users\PRESID~1\AppData\Local\Temp\ccLHddFq.s:207    .text:00000100 OS_Exception_SWI
C:\Users\PRESID~1\AppData\Local\Temp\ccLHddFq.s:228    .text:0000010c $d
C:\Users\PRESID~1\AppData\Local\Temp\ccLHddFq.s:232    .text:00000110 $t
C:\Users\PRESID~1\AppData\Local\Temp\ccLHddFq.s:240    .text:00000110 OS_Exception_BUS_FAULT
C:\Users\PRESID~1\AppData\Local\Temp\ccLHddFq.s:296    .text:00000160 $d
C:\Users\PRESID~1\AppData\Local\Temp\ccLHddFq.s:311    .text:00000190 $t
C:\Users\PRESID~1\AppData\Local\Temp\ccLHddFq.s:319    .text:00000190 OS_Exception_DEBUG
C:\Users\PRESID~1\AppData\Local\Temp\ccLHddFq.s:392    .text:000001d8 $d
C:\Users\PRESID~1\AppData\Local\Temp\ccLHddFq.s:406    .text:00000204 $t
C:\Users\PRESID~1\AppData\Local\Temp\ccLHddFq.s:414    .text:00000204 OS_Exception_MEM_MANAG_FAULT
C:\Users\PRESID~1\AppData\Local\Temp\ccLHddFq.s:470    .text:00000254 $d
C:\Users\PRESID~1\AppData\Local\Temp\ccLHddFq.s:485    .text:00000284 $t
C:\Users\PRESID~1\AppData\Local\Temp\ccLHddFq.s:493    .text:00000284 OS_Exception_USAGE_FAULT
C:\Users\PRESID~1\AppData\Local\Temp\ccLHddFq.s:549    .text:000002d4 $d
C:\Users\PRESID~1\AppData\Local\Temp\ccLHddFq.s:564    .text:00000304 $t
C:\Users\PRESID~1\AppData\Local\Temp\ccLHddFq.s:572    .text:00000304 OS_Exception_PendSV
C:\Users\PRESID~1\AppData\Local\Temp\ccLHddFq.s:594    .text:0000030c OS_Exception_Systick
C:\Users\PRESID~1\AppData\Local\Temp\ccLHddFq.s:739    .text:000003c8 $d
C:\Users\PRESID~1\AppData\Local\Temp\ccLHddFq.s:752    .text:000003f0 $t
C:\Users\PRESID~1\AppData\Local\Temp\ccLHddFq.s:760    .text:000003f0 OS_Exception_IRQ
C:\Users\PRESID~1\AppData\Local\Temp\ccLHddFq.s:781    .text:000003f4 OS_Exception_FIQ
                           .group:00000000 wm4.0.c0793757704d250d57c533755ef2cd77
                           .group:00000000 wm4.os_base_types.h.2.f3c0267f175f5cbacca6b71710665a02
                           .group:00000000 wm4.os_common.h.2.7d3083dfb0b17ee9cbe20f6fe4481cd9
                           .group:00000000 wm4.os_task_config.h.2.a73335dbec9f276504b3b94e79d1d898
                           .group:00000000 wm4.os_task_common.h.95.eb4fc951d6d8ca08a3f35501d742a960
                           .group:00000000 wm4.os_stack.h.2.f736ad9941e78e3f128684d765efeb27
                           .group:00000000 wm4.os_heap.h.2.89074aae455d2462b5952479e3530dd1
                           .group:00000000 wm4.os_main.h.2.1f66ae3841c27bd36097fa1d2e1fe6a7
                           .group:00000000 wm4.os_task_queue.h.2.9428c7964838a07bb4b1cac6c50ee9b2
                           .group:00000000 wm4.os_task_scheduler.h.2.125feba674fa85672711aed1ca8ea199

UNDEFINED SYMBOLS
OS_Shutdown
LINK_REGISTER_HANDLER
VAR_HARDFAULT_STATUS_REG
VAR_MEM_MANAG_FAULT_STATUS_REG
VAR_BUS_FAULT_STATUS_REG
VAR_USAGE_FAULT_STATUS_REG
VAR_MEM_FAULT_ADDR_REG
VAR_BUS_FAULT_ADDR_REG
VAR_AUX_FAULT_STATUS_REG
OS_ISRHANDLERC0
GetRunningTask
GetRunningSchedulingQueueElementPtr
OS_TaskSaveTaskEnvironment
OS_TASK_RESTORE_SYSTEM_STACK
OS_GetCurrentTime
ARM GAS  C:\Users\PRESID~1\AppData\Local\Temp\ccLHddFq.s 			page 21


SET_RUNNING_TASK
OS_TerminateTask
OS_StateHandler
DBG_CALIB_VALUE
DBG_CTRL_VALUE
DBG_RLD_VALUE
DBG_CURR_VAL
OS_MAIN_STACK
SAVED_STACK_POINTER
