ARM GAS  C:\Users\PRESID~1\AppData\Local\Temp\cc5wf8zd.s 			page 1


   1              		.syntax unified
   2              		.cpu cortex-m4
   3              		.fpu softvfp
   4              		.eabi_attribute 20, 1
   5              		.eabi_attribute 21, 1
   6              		.eabi_attribute 23, 3
   7              		.eabi_attribute 24, 1
   8              		.eabi_attribute 25, 1
   9              		.eabi_attribute 26, 1
  10              		.eabi_attribute 30, 6
  11              		.eabi_attribute 34, 1
  12              		.eabi_attribute 18, 4
  13              		.thumb
  14              		.file	"os_memory_mmu_setup.c"
  15              		.text
  16              	.Ltext0:
  17              		.cfi_sections	.debug_frame
  18              		.align	2
  19              		.global	OS_MMU_SETUP
  20              		.thumb
  21              		.thumb_func
  23              	OS_MMU_SETUP:
  24              	.LFB0:
  25              		.file 1 "E:\\NeuOrga\\Programmieren\\c_cpp\\github_os\\input\\src\\os_base\\os_memory_mmu_setup.c"
   1:E:\NeuOrga\Programmieren\c_cpp\github_os\input\src\os_base\os_memory_mmu_setup.c **** #include "os_firstinc.h"
   2:E:\NeuOrga\Programmieren\c_cpp\github_os\input\src\os_base\os_memory_mmu_setup.c **** 
   3:E:\NeuOrga\Programmieren\c_cpp\github_os\input\src\os_base\os_memory_mmu_setup.c **** /*
   4:E:\NeuOrga\Programmieren\c_cpp\github_os\input\src\os_base\os_memory_mmu_setup.c **** RQ: the MMU might be configured for every task, because every task has own ACL / access rights!!
   5:E:\NeuOrga\Programmieren\c_cpp\github_os\input\src\os_base\os_memory_mmu_setup.c **** for documentation of the MPU please read:
   6:E:\NeuOrga\Programmieren\c_cpp\github_os\input\src\os_base\os_memory_mmu_setup.c ****    ST  AN4838
   7:E:\NeuOrga\Programmieren\c_cpp\github_os\input\src\os_base\os_memory_mmu_setup.c ****    Application note
   8:E:\NeuOrga\Programmieren\c_cpp\github_os\input\src\os_base\os_memory_mmu_setup.c ****    Managing memory protection unit (MPU) in STM32 MCUs 
   9:E:\NeuOrga\Programmieren\c_cpp\github_os\input\src\os_base\os_memory_mmu_setup.c **** 
  10:E:\NeuOrga\Programmieren\c_cpp\github_os\input\src\os_base\os_memory_mmu_setup.c ****    
  11:E:\NeuOrga\Programmieren\c_cpp\github_os\input\src\os_base\os_memory_mmu_setup.c **** */
  12:E:\NeuOrga\Programmieren\c_cpp\github_os\input\src\os_base\os_memory_mmu_setup.c **** 
  13:E:\NeuOrga\Programmieren\c_cpp\github_os\input\src\os_base\os_memory_mmu_setup.c **** #define StartAddresseC0   ((void*)0x00000000)
  14:E:\NeuOrga\Programmieren\c_cpp\github_os\input\src\os_base\os_memory_mmu_setup.c **** #define StartAddresseC0T0 ((void*)0x00000000)
  15:E:\NeuOrga\Programmieren\c_cpp\github_os\input\src\os_base\os_memory_mmu_setup.c **** #define StartAddresseC0T1 ((void*)0x00000000)
  16:E:\NeuOrga\Programmieren\c_cpp\github_os\input\src\os_base\os_memory_mmu_setup.c **** #define StartAddresseC1T0 ((void*)0x00000000)
  17:E:\NeuOrga\Programmieren\c_cpp\github_os\input\src\os_base\os_memory_mmu_setup.c **** #define StartAddresseC1T1 ((void*)0x00000000)
  18:E:\NeuOrga\Programmieren\c_cpp\github_os\input\src\os_base\os_memory_mmu_setup.c **** #define EndAddresseC0     ((void*)0x00000000)
  19:E:\NeuOrga\Programmieren\c_cpp\github_os\input\src\os_base\os_memory_mmu_setup.c **** #define EndAddresseC0T0   ((void*)0x00000000)
  20:E:\NeuOrga\Programmieren\c_cpp\github_os\input\src\os_base\os_memory_mmu_setup.c **** #define EndAddresseC0T1   ((void*)0x00000000)
  21:E:\NeuOrga\Programmieren\c_cpp\github_os\input\src\os_base\os_memory_mmu_setup.c **** #define EndAddresseC1T0   ((void*)0x00000000)
  22:E:\NeuOrga\Programmieren\c_cpp\github_os\input\src\os_base\os_memory_mmu_setup.c **** #define EndAddresseC1T1   ((void*)0x00000000)
  23:E:\NeuOrga\Programmieren\c_cpp\github_os\input\src\os_base\os_memory_mmu_setup.c **** 
  24:E:\NeuOrga\Programmieren\c_cpp\github_os\input\src\os_base\os_memory_mmu_setup.c **** void OS_MMU_SETUP(void)
  25:E:\NeuOrga\Programmieren\c_cpp\github_os\input\src\os_base\os_memory_mmu_setup.c **** {
  26              		.loc 1 25 0
  27              		.cfi_startproc
  28              		@ args = 0, pretend = 0, frame = 0
  29              		@ frame_needed = 1, uses_anonymous_args = 0
  30              		@ link register save eliminated.
  31 0000 80B4     		push	{r7}
  32              		.cfi_def_cfa_offset 4
  33              		.cfi_offset 7, -4
ARM GAS  C:\Users\PRESID~1\AppData\Local\Temp\cc5wf8zd.s 			page 2


  34 0002 00AF     		add	r7, sp, #0
  35              		.cfi_def_cfa_register 7
  26:E:\NeuOrga\Programmieren\c_cpp\github_os\input\src\os_base\os_memory_mmu_setup.c ****    /*#warn "OS_MMU_SETUP not yet implemented"*/
  27:E:\NeuOrga\Programmieren\c_cpp\github_os\input\src\os_base\os_memory_mmu_setup.c ****    /* assign every task a mmu region + the scheduler an own region */
  28:E:\NeuOrga\Programmieren\c_cpp\github_os\input\src\os_base\os_memory_mmu_setup.c ****    /* the mmu needs to be reconfigured before and after every task switch, because the tasks might 
  29:E:\NeuOrga\Programmieren\c_cpp\github_os\input\src\os_base\os_memory_mmu_setup.c ****       hardware register access shall be only possible in supervisor / kernel mode via system call..
  30:E:\NeuOrga\Programmieren\c_cpp\github_os\input\src\os_base\os_memory_mmu_setup.c **** }
  36              		.loc 1 30 0
  37 0004 BD46     		mov	sp, r7
  38              		.cfi_def_cfa_register 13
  39              		@ sp needed
  40 0006 5DF8047B 		ldr	r7, [sp], #4
  41              		.cfi_restore 7
  42              		.cfi_def_cfa_offset 0
  43 000a 7047     		bx	lr
  44              		.cfi_endproc
  45              	.LFE0:
  47              	.Letext0:
ARM GAS  C:\Users\PRESID~1\AppData\Local\Temp\cc5wf8zd.s 			page 3


DEFINED SYMBOLS
                            *ABS*:00000000 os_memory_mmu_setup.c
C:\Users\PRESID~1\AppData\Local\Temp\cc5wf8zd.s:18     .text:00000000 $t
C:\Users\PRESID~1\AppData\Local\Temp\cc5wf8zd.s:23     .text:00000000 OS_MMU_SETUP
                     .debug_frame:00000010 $d
                           .group:00000000 wm4.0.718a663455c795daf5c6dd176ef70bbe
                           .group:00000000 wm4.os_base_types.h.2.f3c0267f175f5cbacca6b71710665a02
                           .group:00000000 wm4.os_common.h.2.9521b3e5c1199f549394d32eec33a9c8
                           .group:00000000 wm4.lld_interrupt.h.2.b1b940a31d6b49628a13b8fe5e920a88
                           .group:00000000 wm4.os_task_config.h.2.7cfaa082f19f6144d85c64ce1f04b914
                           .group:00000000 wm4.os_task_common.h.92.310ae0de7be5874c80e3c1d4bf919b37

NO UNDEFINED SYMBOLS
