Archive member included to satisfy reference by file (symbol)

d:/programm/mingw/bin/../lib/gcc/mingw32/4.9.3/../../..\libmingw32.a(CRTglob.o)
                              d:/programm/mingw/bin/../lib/gcc/mingw32/4.9.3/../../../crt2.o (_CRT_glob)
d:/programm/mingw/bin/../lib/gcc/mingw32/4.9.3/../../..\libmingw32.a(setargv.o)
                              d:/programm/mingw/bin/../lib/gcc/mingw32/4.9.3/../../../crt2.o (_setargv)
d:/programm/mingw/bin/../lib/gcc/mingw32/4.9.3/../../..\libmingw32.a(CRTfmode.o)
                              d:/programm/mingw/bin/../lib/gcc/mingw32/4.9.3/../../../crt2.o (_CRT_fmode)
d:/programm/mingw/bin/../lib/gcc/mingw32/4.9.3/../../..\libmingw32.a(cpu_features.o)
                              d:/programm/mingw/bin/../lib/gcc/mingw32/4.9.3/../../../crt2.o (__cpu_features_init)
d:/programm/mingw/bin/../lib/gcc/mingw32/4.9.3/../../..\libmingw32.a(CRT_fp10.o)
                              d:/programm/mingw/bin/../lib/gcc/mingw32/4.9.3/../../../crt2.o (_fpreset)
d:/programm/mingw/bin/../lib/gcc/mingw32/4.9.3/../../..\libmingw32.a(txtmode.o)
                              d:/programm/mingw/bin/../lib/gcc/mingw32/4.9.3/../../../crt2.o (_fmode)
d:/programm/mingw/bin/../lib/gcc/mingw32/4.9.3/../../..\libmingw32.a(gccmain.o)
                              d:/programm/mingw/bin/../lib/gcc/mingw32/4.9.3/../../../crt2.o (__main)
d:/programm/mingw/bin/../lib/gcc/mingw32/4.9.3/../../..\libmingw32.a(tlssup.o)
                              d:/programm/mingw/bin/../lib/gcc/mingw32/4.9.3/../../../crt2.o (__dyn_tls_init_callback)
d:/programm/mingw/bin/../lib/gcc/mingw32/4.9.3/../../..\libmingw32.a(tlsthrd.o)
                              d:/programm/mingw/bin/../lib/gcc/mingw32/4.9.3/../../..\libmingw32.a(tlssup.o) (__mingw_TLScallback)
d:/programm/mingw/bin/../lib/gcc/mingw32/4.9.3/../../..\libmingw32.a(pseudo-reloc.o)
                              d:/programm/mingw/bin/../lib/gcc/mingw32/4.9.3/../../../crt2.o (_pei386_runtime_relocator)
d:/programm/mingw/bin/../lib/gcc/mingw32/4.9.3/../../..\libmingw32.a(pseudo-reloc-list.o)
                              d:/programm/mingw/bin/../lib/gcc/mingw32/4.9.3/../../..\libmingw32.a(pseudo-reloc.o) (__RUNTIME_PSEUDO_RELOC_LIST__)
d:/programm/mingw/bin/../lib/gcc/mingw32/4.9.3/../../..\libmingw32.a(crtst.o)
                              d:/programm/mingw/bin/../lib/gcc/mingw32/4.9.3/../../..\libmingw32.a(tlssup.o) (_CRT_MT)
d:/programm/mingw/bin/../lib/gcc/mingw32/4.9.3\libgcc.a(_chkstk_ms.o)
                              d:/programm/mingw/bin/../lib/gcc/mingw32/4.9.3/../../..\libmingw32.a(setargv.o) (__chkstk_ms)
d:/programm/mingw/bin/../lib/gcc/mingw32/4.9.3\libgcc.a(_ctors.o)
                              d:/programm/mingw/bin/../lib/gcc/mingw32/4.9.3/../../..\libmingw32.a(gccmain.o) (__DTOR_LIST__)
d:/programm/mingw/bin/../lib/gcc/mingw32/4.9.3/../../..\libmingwex.a(vprintf.o)
                              E:\NeuOrga\Programmieren\c_cpp\github_os\output\os_sim\obj_x86\os_sim_main.o (__mingw_vprintf)
d:/programm/mingw/bin/../lib/gcc/mingw32/4.9.3/../../..\libmingwex.a(glob.o)
                              d:/programm/mingw/bin/../lib/gcc/mingw32/4.9.3/../../..\libmingw32.a(setargv.o) (__mingw_glob)
d:/programm/mingw/bin/../lib/gcc/mingw32/4.9.3/../../..\libmingwex.a(dirname.o)
                              d:/programm/mingw/bin/../lib/gcc/mingw32/4.9.3/../../..\libmingwex.a(glob.o) (__mingw_dirname)
d:/programm/mingw/bin/../lib/gcc/mingw32/4.9.3/../../..\libmingwex.a(dirent.o)
                              d:/programm/mingw/bin/../lib/gcc/mingw32/4.9.3/../../..\libmingwex.a(glob.o) (__mingw_opendir)
d:/programm/mingw/bin/../lib/gcc/mingw32/4.9.3/../../..\libmingwex.a(pformat.o)
                              d:/programm/mingw/bin/../lib/gcc/mingw32/4.9.3/../../..\libmingwex.a(vprintf.o) (__mingw_pformat)
d:/programm/mingw/bin/../lib/gcc/mingw32/4.9.3/../../..\libmingwex.a(snprintf.o)
                              d:/programm/mingw/bin/../lib/gcc/mingw32/4.9.3/../../..\libmingwex.a(dirent.o) (snprintf)
d:/programm/mingw/bin/../lib/gcc/mingw32/4.9.3/../../..\libmingwex.a(vsnprintf.o)
                              d:/programm/mingw/bin/../lib/gcc/mingw32/4.9.3/../../..\libmingwex.a(snprintf.o) (__mingw_vsnprintf)
d:/programm/mingw/bin/../lib/gcc/mingw32/4.9.3/../../..\libmingwex.a(varofmt.o)
                              d:/programm/mingw/bin/../lib/gcc/mingw32/4.9.3/../../..\libmingwex.a(pformat.o) (__mingw_output_format_flag)
d:/programm/mingw/bin/../lib/gcc/mingw32/4.9.3/../../..\libmingwex.a(mbrtowc.o)
                              d:/programm/mingw/bin/../lib/gcc/mingw32/4.9.3/../../..\libmingwex.a(pformat.o) (mbrtowc)
d:/programm/mingw/bin/../lib/gcc/mingw32/4.9.3/../../..\libmingwex.a(wcrtomb.o)
                              d:/programm/mingw/bin/../lib/gcc/mingw32/4.9.3/../../..\libmingwex.a(pformat.o) (wcrtomb)
d:/programm/mingw/bin/../lib/gcc/mingw32/4.9.3/../../..\libmingwex.a(gdtoa.o)
[...]
Memory Configuration

Name             Origin             Length             Attributes
*default*        0x00000000         0xffffffff

Linker script and memory map

                0x00400000                __image_base__ = 0x400000
                0x00000000                __dll__ = 0x0
                0x00400000                ___ImageBase = 0x400000
                0x00001000                __section_alignment__ = 0x1000
                0x00000200                __file_alignment__ = 0x200
                0x00000004                __major_os_version__ = 0x4
                0x00000000                __minor_os_version__ = 0x0
                0x00000001                __major_image_version__ = 0x1
                0x00000000                __minor_image_version__ = 0x0
                0x00000004                __major_subsystem_version__ = 0x4
                0x00000000                __minor_subsystem_version__ = 0x0
                0x00000003                __subsystem__ = 0x3
                0x00200000                __size_of_stack_reserve__ = 0x200000
                0x00001000                __size_of_stack_commit__ = 0x1000
                0x00100000                __size_of_heap_reserve__ = 0x100000
                0x00001000                __size_of_heap_commit__ = 0x1000
                0x00000000                __loader_flags__ = 0x0
                0x00000000                __dll_characteristics__ = 0x0
LOAD d:/programm/mingw/bin/../lib/gcc/mingw32/4.9.3/../../../crt2.o
LOAD d:/programm/mingw/bin/../lib/gcc/mingw32/4.9.3/crtbegin.o
LOAD E:\NeuOrga\Programmieren\c_cpp\github_os\output\os_base\obj_x86\os_common.o
LOAD E:\NeuOrga\Programmieren\c_cpp\github_os\output\os_base\obj_x86\os_exception.o
LOAD E:\NeuOrga\Programmieren\c_cpp\github_os\output\os_base\obj_x86\os_exception_isr_handler.o
LOAD E:\NeuOrga\Programmieren\c_cpp\github_os\output\os_base\obj_x86\os_init_task_system.o
LOAD E:\NeuOrga\Programmieren\c_cpp\github_os\output\os_base\obj_x86\os_main.o
LOAD E:\NeuOrga\Programmieren\c_cpp\github_os\output\os_base\obj_x86\os_memory_mmu_setup.o
LOAD E:\NeuOrga\Programmieren\c_cpp\github_os\output\os_base\obj_x86\os_shutdown.o
LOAD E:\NeuOrga\Programmieren\c_cpp\github_os\output\os_base\obj_x86\os_start_ext_prg.o
LOAD E:\NeuOrga\Programmieren\c_cpp\github_os\output\os_base\obj_x86\os_start_init_hw.o
LOAD E:\NeuOrga\Programmieren\c_cpp\github_os\output\os_base\obj_x86\os_start_init_mc.o
LOAD E:\NeuOrga\Programmieren\c_cpp\github_os\output\os_base\obj_x86\os_start_init_sw.o
LOAD E:\NeuOrga\Programmieren\c_cpp\github_os\output\os_base\obj_x86\os_start_os.o
LOAD E:\NeuOrga\Programmieren\c_cpp\github_os\output\os_base\obj_x86\os_task_common.o
LOAD E:\NeuOrga\Programmieren\c_cpp\github_os\output\os_base\obj_x86\os_task_queue.o
LOAD E:\NeuOrga\Programmieren\c_cpp\github_os\output\os_base\obj_x86\os_task_scheduler.o
LOAD E:\NeuOrga\Programmieren\c_cpp\github_os\output\os_sim\obj_x86\os_sim_main.o
LOAD E:\NeuOrga\Programmieren\c_cpp\github_os\output\os_base\obj_x86\os_ram.o
LOAD E:\NeuOrga\Programmieren\c_cpp\github_os\output\os_base\obj_x86\os_shared_ram.o
LOAD E:\NeuOrga\Programmieren\c_cpp\github_os\output\os_sim\obj_x86\os_stack.o
LOAD E:\NeuOrga\Programmieren\c_cpp\github_os\output\os_sim\obj_x86\os_heap.o
LOAD E:\NeuOrga\Programmieren\c_cpp\github_os\output\os_drivers\obj_x86\lld_global.o
LOAD E:\NeuOrga\Programmieren\c_cpp\github_os\output\os_drivers\obj_x86\lld_interrupt.o
LOAD E:\NeuOrga\Programmieren\c_cpp\github_os\output\os_drivers\obj_x86\lld_mmu.o
LOAD E:\NeuOrga\Programmieren\c_cpp\github_os\output\os_drivers\obj_x86\lld_ram.o
LOAD E:\NeuOrga\Programmieren\c_cpp\github_os\output\os_drivers\obj_x86\lld_timer.o
LOAD E:\NeuOrga\Programmieren\c_cpp\github_os\output\os_drivers\obj_x86\lld_power.o
LOAD E:\NeuOrga\Programmieren\c_cpp\github_os\output\os_user_code\obj_x86\led.o
LOAD d:/programm/mingw/bin/../lib/gcc/mingw32/4.9.3\libstdc++.a
LOAD d:/programm/mingw/bin/../lib/gcc/mingw32/4.9.3/../../..\libmingw32.a
LOAD d:/programm/mingw/bin/../lib/gcc/mingw32/4.9.3\libgcc.a
LOAD d:/programm/mingw/bin/../lib/gcc/mingw32/4.9.3\libgcc_eh.a
LOAD d:/programm/mingw/bin/../lib/gcc/mingw32/4.9.3/../../..\libmoldname.a
LOAD d:/programm/mingw/bin/../lib/gcc/mingw32/4.9.3/../../..\libmingwex.a
LOAD d:/programm/mingw/bin/../lib/gcc/mingw32/4.9.3/../../..\libmsvcrt.a
LOAD d:/programm/mingw/bin/../lib/gcc/mingw32/4.9.3/../../..\libadvapi32.a
LOAD d:/programm/mingw/bin/../lib/gcc/mingw32/4.9.3/../../..\libshell32.a
LOAD d:/programm/mingw/bin/../lib/gcc/mingw32/4.9.3/../../..\libuser32.a
LOAD d:/programm/mingw/bin/../lib/gcc/mingw32/4.9.3/../../..\libkernel32.a
LOAD d:/programm/mingw/bin/../lib/gcc/mingw32/4.9.3/../../..\libmingw32.a
LOAD d:/programm/mingw/bin/../lib/gcc/mingw32/4.9.3\libgcc.a
LOAD d:/programm/mingw/bin/../lib/gcc/mingw32/4.9.3\libgcc_eh.a
LOAD d:/programm/mingw/bin/../lib/gcc/mingw32/4.9.3/../../..\libmoldname.a
LOAD d:/programm/mingw/bin/../lib/gcc/mingw32/4.9.3/../../..\libmingwex.a
LOAD d:/programm/mingw/bin/../lib/gcc/mingw32/4.9.3/../../..\libmsvcrt.a
LOAD d:/programm/mingw/bin/../lib/gcc/mingw32/4.9.3/crtend.o
                0x000003a8                . = SIZEOF_HEADERS
                0x00001000                . = ALIGN (__section_alignment__)

.text           0x00401000     0x9800
 *(.init)
 *(.text)
 .text          0x00401000      0x300 d:/programm/mingw/bin/../lib/gcc/mingw32/4.9.3/../../../crt2.o
                0x00401260                _mingw32_init_mainargs
                0x004012a0                mainCRTStartup
                0x004012c0                WinMainCRTStartup
                0x004012e0                atexit
                0x004012f0                _onexit
 .text          0x00401300      0x110 d:/programm/mingw/bin/../lib/gcc/mingw32/4.9.3/crtbegin.o
                0x00401300                __gcc_register_frame
                0x004013b0                __gcc_deregister_frame
 .text          0x00401410      0x3f0 E:\NeuOrga\Programmieren\c_cpp\github_os\output\os_base\obj_x86\os_common.o
                0x00401410                OS_SetSwBug
                0x00401422                OS_GetCurrentTime
                0x0040143d                OS_ResetCurrentTime
                0x0040148c                IntAdd
                0x004014ec                IntSub
                0x004015ca                IsLess
                0x00401628                IsLessOrEqual
                0x00401668                IsEqual
                0x004016a8                IsGreater
                0x00401706                IsGreaterOrEqual
                0x00401746                Assign
                0x00401775                AssignNull
                0x0040179b                AssignUint32
 .text          0x00401800       0x38 E:\NeuOrga\Programmieren\c_cpp\github_os\output\os_base\obj_x86\os_exception.o
                0x00401800                OS_Exception_HARDFAULT
                0x00401805                OS_Exception_NMI
                0x0040180a                OS_Exception_SWI
                0x0040180f                OS_Exception_BUS_FAULT
                0x00401814                OS_Exception_DEBUG
                0x00401819                OS_Exception_MEM_MANAG_FAULT
                0x0040181e                OS_Exception_USAGE_FAULT
                0x00401823                OS_Exception_PendSV
                0x00401828                OS_Exception_Systick
                0x0040182d                OS_Exception_IRQ
                0x00401832                OS_Exception_FIQ
 .text          0x00401838        0x8 E:\NeuOrga\Programmieren\c_cpp\github_os\output\os_base\obj_x86\os_exception_isr_handler.o
                0x00401838                OS_ISRHANDLERC0
 .text          0x00401840       0x10 E:\NeuOrga\Programmieren\c_cpp\github_os\output\os_base\obj_x86\os_init_task_system.o
                0x00401840                OS_InitTaskSystem
 .text          0x00401850      0x178 E:\NeuOrga\Programmieren\c_cpp\github_os\output\os_base\obj_x86\os_main.o
                0x004018d0                OS_StateHandler
 .text          0x004019c8       0x10 E:\NeuOrga\Programmieren\c_cpp\github_os\output\os_base\obj_x86\os_memory_mmu_setup.o
                0x004019c8                OS_MmuSetup
 .text          0x004019d8       0x90 E:\NeuOrga\Programmieren\c_cpp\github_os\output\os_base\obj_x86\os_shutdown.o
                0x004019f4                OS_Shutdown
 .text          0x00401a68       0x38 E:\NeuOrga\Programmieren\c_cpp\github_os\output\os_base\obj_x86\os_start_ext_prg.o
                0x00401a6f                OS_StartExtPrg
 .text          0x00401aa0        0x8 E:\NeuOrga\Programmieren\c_cpp\github_os\output\os_base\obj_x86\os_start_init_hw.o
                0x00401aa0                OS_InitHw
 .text          0x00401aa8       0x10 E:\NeuOrga\Programmieren\c_cpp\github_os\output\os_base\obj_x86\os_start_init_mc.o
                0x00401aa8                OS_InitMc
 .text          0x00401ab8       0x60 E:\NeuOrga\Programmieren\c_cpp\github_os\output\os_base\obj_x86\os_start_init_sw.o
                0x00401ab8                OS_InitSw
 .text          0x00401b18       0x7c E:\NeuOrga\Programmieren\c_cpp\github_os\output\os_base\obj_x86\os_start_os.o
                0x00401b18                OS_StartOs
 .text          0x00401b94      0x1f0 E:\NeuOrga\Programmieren\c_cpp\github_os\output\os_base\obj_x86\os_task_common.o
                0x00401b94                OS_TaskSaveTaskEnvironment
                0x00401c07                OS_TASK_RESTORETASK_ENVIRONMENT
                0x00401c47                OS_TASK_RESTORE_SYSTEM_STACK
                0x00401c5a                OS_TASK_SAVE_SYSTEM_STACK
                0x00401c6d                OS_Task_InitTaskEnvironment
 .text          0x00401d84      0xd2c E:\NeuOrga\Programmieren\c_cpp\github_os\output\os_base\obj_x86\os_task_queue.o
                0x00401d84                SET_RUNNING_TASK
                0x00401f83                OS_InitTaskQueue
                0x00401fe4                AddToTaskQueue
                0x0040259b                DeleteFromTaskQueue
                0x004026e5                GetFromTaskQueue
                0x004026ef                GetFromSchedulingQueue
                0x00402709                DeleteFromSchedulingQueue
                0x00402717                AddToSchedulingQueue
                0x0040275e                GetIdleTask
                0x00402768                AddToIdleTaskQueue
                0x0040294e                GetRunningTask
                0x00402958                GetRunningSchedulingQueueElementPtr
                0x00402962                OS_InitTask
 .text          0x00402ab0      0xa60 E:\NeuOrga\Programmieren\c_cpp\github_os\output\os_base\obj_x86\os_task_scheduler.o
                0x00402ab0                OS_ActivateDispatcher
                0x00402ab5                OS_SleepTask
                0x00402af6                task_state_request
                0x00402c33                OS_CreateTask
                0x00402d50                OS_ActivateTask
                0x00402e37                OS_StartTask
                0x00402f54                OS_TerminateTask
                0x00403019                OS_TaskDispatcher
                0x00403131                OS_InitTasks
 .text          0x00403510       0xcc E:\NeuOrga\Programmieren\c_cpp\github_os\output\os_sim\obj_x86\os_sim_main.o
                0x00403539                main
 .text          0x004035dc        0x0 E:\NeuOrga\Programmieren\c_cpp\github_os\output\os_base\obj_x86\os_ram.o
 .text          0x004035dc        0x0 E:\NeuOrga\Programmieren\c_cpp\github_os\output\os_base\obj_x86\os_shared_ram.o
 .text          0x004035dc       0x3c E:\NeuOrga\Programmieren\c_cpp\github_os\output\os_sim\obj_x86\os_stack.o
                0x004035dc                OS_StackCheck
                0x004035e1                OS_StackChkPatternInit
 .text          0x00403618        0x0 E:\NeuOrga\Programmieren\c_cpp\github_os\output\os_sim\obj_x86\os_heap.o
 .text          0x00403618       0x40 E:\NeuOrga\Programmieren\c_cpp\github_os\output\os_drivers\obj_x86\lld_global.o
                0x00403618                OS_GetCoreId
                0x0040362a                LLF_SAVE_TASK_STACK
                0x0040362f                LLF_SAVE_REGISTERS
                0x00403634                LLF_RESTORE_TASK_STACK
                0x00403639                LLF_RESTORE_REGISTERS
                0x0040363e                LLF_RESTORE_SYSTEM_STACK
                0x00403643                LLF_SAVE_SYSTEM_STACK
                0x00403648                LLF_CLEAR_ALL_GP_REGISTERS
                0x0040364d                LLF_PERFORM_RAM_CHECK
                0x00403652                LLF_CHANGE_TO_UNPRIVILIGED_THREAD_MODE
 .text          0x00403658       0x14 E:\NeuOrga\Programmieren\c_cpp\github_os\output\os_drivers\obj_x86\lld_interrupt.o
                0x00403658                LLF_INT_DISABLE
                0x0040365d                LLF_INT_ENABLE
                0x00403662                LLF_DISABLE_INTERRUPTS_ALL_CORES
 .text          0x0040366c       0x14 E:\NeuOrga\Programmieren\c_cpp\github_os\output\os_drivers\obj_x86\lld_mmu.o
                0x0040366c                LLF_MPU_DISABLE
                0x00403671                LLF_MPU_ENABLE
                0x00403676                LLF_GET_MPU_PRESENT
 .text          0x00403680        0x8 E:\NeuOrga\Programmieren\c_cpp\github_os\output\os_drivers\obj_x86\lld_ram.o
                0x00403680                LLF_CLEAR_ALL_RAM
 .text          0x00403688        0x0 E:\NeuOrga\Programmieren\c_cpp\github_os\output\os_drivers\obj_x86\lld_timer.o
 .text          0x00403688        0xc E:\NeuOrga\Programmieren\c_cpp\github_os\output\os_drivers\obj_x86\lld_power.o
                0x00403688                LLF_MCU_SWITCH_OFF_POWER
                0x0040368e                LLF_MCU_RESET_POWER
 .text          0x00403694       0x14 E:\NeuOrga\Programmieren\c_cpp\github_os\output\os_user_code\obj_x86\led.o
                0x00403694                USER_LED_INIT
                0x00403699                USER_LED_ON
                0x0040369e                USER_LED_OFF
                0x004036a3                USER_LED_TOGGLE
 .text          0x004036a8        0x0 d:/programm/mingw/bin/../lib/gcc/mingw32/4.9.3/../../..\libmingw32.a(CRTglob.o)
 *fill*         0x004036a8        0x8 
 .text          0x004036b0      0x310 d:/programm/mingw/bin/../lib/gcc/mingw32/4.9.3/../../..\libmingw32.a(setargv.o)
                0x004036b0                _setargv
 .text          0x004039c0        0x0 d:/programm/mingw/bin/../lib/gcc/mingw32/4.9.3/../../..\libmingw32.a(CRTfmode.o)
 .text          0x004039c0       0xe0 d:/programm/mingw/bin/../lib/gcc/mingw32/4.9.3/../../..\libmingw32.a(cpu_features.o)
                0x004039c0                __cpu_features_init
 .text          0x00403aa0       0x10 d:/programm/mingw/bin/../lib/gcc/mingw32/4.9.3/../../..\libmingw32.a(CRT_fp10.o)
                0x00403aa0                fpreset
                0x00403aa0                _fpreset
 .text          0x00403ab0        0x0 d:/programm/mingw/bin/../lib/gcc/mingw32/4.9.3/../../..\libmingw32.a(txtmode.o)
 .text          0x00403ab0       0xa0 d:/programm/mingw/bin/../lib/gcc/mingw32/4.9.3/../../..\libmingw32.a(gccmain.o)
                0x00403ab0                __do_global_dtors
                0x00403ae0                __do_global_ctors
                0x00403b30                __main
 .text          0x00403b50       0xf0 d:/programm/mingw/bin/../lib/gcc/mingw32/4.9.3/../../..\libmingw32.a(tlssup.o)
                0x00403ba0                __dyn_tls_init@12
                0x00403c30                __tlregdtor
 .text          0x00403c40      0x240 d:/programm/mingw/bin/../lib/gcc/mingw32/4.9.3/../../..\libmingw32.a(tlsthrd.o)
                0x00403cb0                ___w64_mingwthr_add_key_dtor
                0x00403d40                ___w64_mingwthr_remove_key_dtor
                0x00403de0                __mingw_TLScallback
 .text          0x00403e80      0x320 d:/programm/mingw/bin/../lib/gcc/mingw32/4.9.3/../../..\libmingw32.a(pseudo-reloc.o)
                0x00403fc0                _pei386_runtime_relocator
 .text          0x004041a0        0x0 d:/programm/mingw/bin/../lib/gcc/mingw32/4.9.3/../../..\libmingw32.a(pseudo-reloc-list.o)
 .text          0x004041a0        0x0 d:/programm/mingw/bin/../lib/gcc/mingw32/4.9.3/../../..\libmingw32.a(crtst.o)
 .text          0x004041a0       0x2c d:/programm/mingw/bin/../lib/gcc/mingw32/4.9.3\libgcc.a(_chkstk_ms.o)
                0x004041a0                __chkstk_ms
 .text          0x004041cc        0x0 d:/programm/mingw/bin/../lib/gcc/mingw32/4.9.3\libgcc.a(_ctors.o)
 *fill*         0x004041cc        0x4 
 .text          0x004041d0       0x40 d:/programm/mingw/bin/../lib/gcc/mingw32/4.9.3/../../..\libmingwex.a(vprintf.o)
                0x004041d0                __mingw_vprintf
 .text          0x00404210      0xd00 d:/programm/mingw/bin/../lib/gcc/mingw32/4.9.3/../../..\libmingwex.a(glob.o)
                0x00404e10                __mingw_glob
                0x00404ef0                __mingw_globfree
 .text          0x00404f10      0x400 d:/programm/mingw/bin/../lib/gcc/mingw32/4.9.3/../../..\libmingwex.a(dirname.o)
                0x00404f10                __mingw_dirname
 .text          0x00405310      0x4b0 d:/programm/mingw/bin/../lib/gcc/mingw32/4.9.3/../../..\libmingwex.a(dirent.o)
                0x00405480                __mingw_opendir
                0x00405620                __mingw_readdir
                0x00405670                __mingw_closedir
                0x004056c0                __mingw_rewinddir
                0x00405720                __mingw_telldir
                0x00405750                __mingw_seekdir
 .text          0x004057c0     0x1f10 d:/programm/mingw/bin/../lib/gcc/mingw32/4.9.3/../../..\libmingwex.a(pformat.o)
                0x00406d60                __mingw_pformat
 .text          0x004076d0       0x30 d:/programm/mingw/bin/../lib/gcc/mingw32/4.9.3/../../..\libmingwex.a(snprintf.o)
                0x004076d0                snprintf
                0x004076d0                __mingw_snprintf
 .text          0x00407700       0x80 d:/programm/mingw/bin/../lib/gcc/mingw32/4.9.3/../../..\libmingwex.a(vsnprintf.o)
                0x00407700                __mingw_vsnprintf
                0x00407700                vsnprintf
 .text          0x00407780        0x0 d:/programm/mingw/bin/../lib/gcc/mingw32/4.9.3/../../..\libmingwex.a(varofmt.o)
 .text          0x00407780      0x420 d:/programm/mingw/bin/../lib/gcc/mingw32/4.9.3/../../..\libmingwex.a(mbrtowc.o)
                0x00407900                mbrtowc
                0x004079a0                mbsrtowcs
                0x00407b10                mbrlen
 .text          0x00407ba0      0x260 d:/programm/mingw/bin/../lib/gcc/mingw32/4.9.3/../../..\libmingwex.a(wcrtomb.o)
                0x00407c30                wcrtomb
                0x00407cb0                wcsrtombs
 .text          0x00407e00     0x14a0 d:/programm/mingw/bin/../lib/gcc/mingw32/4.9.3/../../..\libmingwex.a(gdtoa.o)
                0x00407e00                __gdtoa
 .text          0x004092a0      0x160 d:/programm/mingw/bin/../lib/gcc/mingw32/4.9.3/../../..\libmingwex.a(gmisc.o)
                0x004092a0                __rshift_D2A
                0x004093c0                __trailz_D2A
 .text          0x00409400      0x2b0 d:/programm/mingw/bin/../lib/gcc/mingw32/4.9.3/../../..\libmingwex.a(dmisc.o)
                0x00409400                __rv_alloc_D2A
                0x00409440                __nrv_alloc_D2A
                0x00409490                __freedtoa
                0x004094b0                __quorem_D2A
 .text          0x004096b0      0xb50 d:/programm/mingw/bin/../lib/gcc/mingw32/4.9.3/../../..\libmingwex.a(misc.o)
                0x004097d0                __Balloc_D2A
                0x004098a0                __Bfree_D2A
                0x00409910                __multadd_D2A
                0x004099f0                __i2b_D2A
                0x00409a20                __mult_D2A
                0x00409b80                __pow5mult_D2A
                0x00409d10                __lshift_D2A
                0x00409e20                __cmp_D2A
                0x00409e70                __diff_D2A
                0x00409ff0                __b2d_D2A
                0x0040a0e0                __d2b_D2A
                0x0040a1d0                __strcp_D2A
 .text          0x0040a200        0x8 d:/programm/mingw/bin/../lib/gcc/mingw32/4.9.3/../../..\libmsvcrt.a(dczfs00772.o)
                0x0040a200                wcstombs
 .text          0x0040a208        0x8 d:/programm/mingw/bin/../lib/gcc/mingw32/4.9.3/../../..\libmsvcrt.a(dczfs00761.o)
                0x0040a208                wcslen
 .text          0x0040a210        0x8 d:/programm/mingw/bin/../lib/gcc/mingw32/4.9.3/../../..\libmsvcrt.a(dczfs00748.o)
                0x0040a210                vfprintf
 .text          0x0040a218        0x8 d:/programm/mingw/bin/../lib/gcc/mingw32/4.9.3/../../..\libmsvcrt.a(dczfs00742.o)
                0x0040a218                tolower
 .text          0x0040a220        0x8 d:/programm/mingw/bin/../lib/gcc/mingw32/4.9.3/../../..\libmsvcrt.a(dczfs00739.o)
                0x0040a220                time
 .text          0x0040a228        0x8 d:/programm/mingw/bin/../lib/gcc/mingw32/4.9.3/../../..\libmsvcrt.a(dczfs00721.o)
                0x0040a228                strlen
 .text          0x0040a230        0x8 d:/programm/mingw/bin/../lib/gcc/mingw32/4.9.3/../../..\libmsvcrt.a(dczfs00716.o)
                0x0040a230                strcoll
 .text          0x0040a238        0x8 d:/programm/mingw/bin/../lib/gcc/mingw32/4.9.3/../../..\libmsvcrt.a(dczfs00714.o)
                0x0040a238                strchr
 .text          0x0040a240        0x8 d:/programm/mingw/bin/../lib/gcc/mingw32/4.9.3/../../..\libmsvcrt.a(dczfs00706.o)
                0x0040a240                signal
 .text          0x0040a248        0x8 d:/programm/mingw/bin/../lib/gcc/mingw32/4.9.3/../../..\libmsvcrt.a(dczfs00704.o)
                0x0040a248                setlocale
 .text          0x0040a250        0x8 d:/programm/mingw/bin/../lib/gcc/mingw32/4.9.3/../../..\libmsvcrt.a(dczfs00698.o)
                0x0040a250                realloc
 .text          0x0040a258        0x8 d:/programm/mingw/bin/../lib/gcc/mingw32/4.9.3/../../..\libmsvcrt.a(dczfs00682.o)
                0x0040a258                memcpy
 .text          0x0040a260        0x8 d:/programm/mingw/bin/../lib/gcc/mingw32/4.9.3/../../..\libmsvcrt.a(dczfs00678.o)
                0x0040a260                mbstowcs
 .text          0x0040a268        0x8 d:/programm/mingw/bin/../lib/gcc/mingw32/4.9.3/../../..\libmsvcrt.a(dczfs00676.o)
                0x0040a268                malloc
 .text          0x0040a270        0x8 d:/programm/mingw/bin/../lib/gcc/mingw32/4.9.3/../../..\libmsvcrt.a(dczfs00671.o)
                0x0040a270                localeconv
 .text          0x0040a278        0x8 d:/programm/mingw/bin/../lib/gcc/mingw32/4.9.3/../../..\libmsvcrt.a(dczfs00652.o)
                0x0040a278                isspace
 .text          0x0040a280        0x8 d:/programm/mingw/bin/../lib/gcc/mingw32/4.9.3/../../..\libmsvcrt.a(dczfs00637.o)
                0x0040a280                getenv
 .text          0x0040a288        0x8 d:/programm/mingw/bin/../lib/gcc/mingw32/4.9.3/../../..\libmsvcrt.a(dczfs00636.o)
                0x0040a288                getchar
 .text          0x0040a290        0x8 d:/programm/mingw/bin/../lib/gcc/mingw32/4.9.3/../../..\libmsvcrt.a(dczfs00633.o)
                0x0040a290                fwrite
 .text          0x0040a298        0x8 d:/programm/mingw/bin/../lib/gcc/mingw32/4.9.3/../../..\libmsvcrt.a(dczfs00625.o)
                0x0040a298                free
 .text          0x0040a2a0        0x8 d:/programm/mingw/bin/../lib/gcc/mingw32/4.9.3/../../..\libmsvcrt.a(dczfs00620.o)
                0x0040a2a0                fputc
 .text          0x0040a2a8        0x8 d:/programm/mingw/bin/../lib/gcc/mingw32/4.9.3/../../..\libmsvcrt.a(dczfs00595.o)
                0x0040a2a8                calloc
 .text          0x0040a2b0        0x8 d:/programm/mingw/bin/../lib/gcc/mingw32/4.9.3/../../..\libmsvcrt.a(dczfs00592.o)
                0x0040a2b0                atoi
 .text          0x0040a2b8        0x0 d:/programm/mingw/bin/../lib/gcc/mingw32/4.9.3/../../..\libmsvcrt.a(dczfs00590.o)
 .text          0x0040a2b8        0x8 d:/programm/mingw/bin/../lib/gcc/mingw32/4.9.3/../../..\libmsvcrt.a(dczfs00583.o)
                0x0040a2b8                abort
 .text          0x0040a2c0        0x8 d:/programm/mingw/bin/../lib/gcc/mingw32/4.9.3/../../..\libmsvcrt.a(dczfs00426.o)
                0x0040a2c0                _setmode
 .text          0x0040a2c8        0x0 d:/programm/mingw/bin/../lib/gcc/mingw32/4.9.3/../../..\libmsvcrt.a(dczfs00383.o)
 .text          0x0040a2c8        0x0 d:/programm/mingw/bin/../lib/gcc/mingw32/4.9.3/../../..\libmsvcrt.a(dczfs00266.o)
 .text          0x0040a2c8        0x8 d:/programm/mingw/bin/../lib/gcc/mingw32/4.9.3/../../..\libmsvcrt.a(dczfs00228.o)
                0x0040a2c8                _fullpath
 .text          0x0040a2d0        0x8 d:/programm/mingw/bin/../lib/gcc/mingw32/4.9.3/../../..\libmsvcrt.a(dczfs00182.o)
                0x0040a2d0                _errno
 .text          0x0040a2d8        0x8 d:/programm/mingw/bin/../lib/gcc/mingw32/4.9.3/../../..\libmsvcrt.a(dczfs00147.o)
                0x0040a2d8                _cexit
 .text          0x0040a2e0        0x8 d:/programm/mingw/bin/../lib/gcc/mingw32/4.9.3/../../..\libmsvcrt.a(dczfs00079.o)
                0x0040a2e0                __p__fmode
 .text          0x0040a2e8        0x8 d:/programm/mingw/bin/../lib/gcc/mingw32/4.9.3/../../..\libmsvcrt.a(dczfs00077.o)
                0x0040a2e8                __p__environ
 .text          0x0040a2f0        0x0 d:/programm/mingw/bin/../lib/gcc/mingw32/4.9.3/../../..\libmsvcrt.a(dczfs00065.o)
 .text          0x0040a2f0        0x8 d:/programm/mingw/bin/../lib/gcc/mingw32/4.9.3/../../..\libmsvcrt.a(dczfs00055.o)
                0x0040a2f0                __getmainargs
 .text          0x0040a2f8        0x0 d:/programm/mingw/bin/../lib/gcc/mingw32/4.9.3/../../..\libmsvcrt.a(dczfh.o)
 .text          0x0040a2f8        0x0 d:/programm/mingw/bin/../lib/gcc/mingw32/4.9.3/../../..\libmsvcrt.a(dczft.o)
 .text          0x0040a2f8        0x8 d:/programm/mingw/bin/../lib/gcc/mingw32/4.9.3/../../..\libkernel32.a(dchds01247.o)
                0x0040a2f8                WideCharToMultiByte@32
 .text          0x0040a300        0x8 d:/programm/mingw/bin/../lib/gcc/mingw32/4.9.3/../../..\libkernel32.a(dchds01215.o)
                0x0040a300                VirtualQuery@12
 .text          0x0040a308        0x8 d:/programm/mingw/bin/../lib/gcc/mingw32/4.9.3/../../..\libkernel32.a(dchds01213.o)
                0x0040a308                VirtualProtect@16
 .text          0x0040a310        0x8 d:/programm/mingw/bin/../lib/gcc/mingw32/4.9.3/../../..\libkernel32.a(dchds01173.o)
                0x0040a310                TlsGetValue@4
 .text          0x0040a318        0x8 d:/programm/mingw/bin/../lib/gcc/mingw32/4.9.3/../../..\libkernel32.a(dchds01152.o)
                0x0040a318                Sleep@4
 .text          0x0040a320        0x8 d:/programm/mingw/bin/../lib/gcc/mingw32/4.9.3/../../..\libkernel32.a(dchds01140.o)
                0x0040a320                SetUnhandledExceptionFilter@4
 .text          0x0040a328        0x8 d:/programm/mingw/bin/../lib/gcc/mingw32/4.9.3/../../..\libkernel32.a(dchds00860.o)
                0x0040a328                MultiByteToWideChar@24
 .text          0x0040a330        0x8 d:/programm/mingw/bin/../lib/gcc/mingw32/4.9.3/../../..\libkernel32.a(dchds00817.o)
                0x0040a330                LoadLibraryA@4
 .text          0x0040a338        0x8 d:/programm/mingw/bin/../lib/gcc/mingw32/4.9.3/../../..\libkernel32.a(dchds00814.o)
                0x0040a338                LeaveCriticalSection@4
 .text          0x0040a340        0x8 d:/programm/mingw/bin/../lib/gcc/mingw32/4.9.3/../../..\libkernel32.a(dchds00763.o)
                0x0040a340                IsDBCSLeadByteEx@8
 .text          0x0040a348        0x8 d:/programm/mingw/bin/../lib/gcc/mingw32/4.9.3/../../..\libkernel32.a(dchds00744.o)
                0x0040a348                InterlockedExchange@8
 .text          0x0040a350        0x8 d:/programm/mingw/bin/../lib/gcc/mingw32/4.9.3/../../..\libkernel32.a(dchds00734.o)
                0x0040a350                InitializeCriticalSection@4
 .text          0x0040a358        0x8 d:/programm/mingw/bin/../lib/gcc/mingw32/4.9.3/../../..\libkernel32.a(dchds00577.o)
                0x0040a358                GetProcAddress@8
 .text          0x0040a360        0x8 d:/programm/mingw/bin/../lib/gcc/mingw32/4.9.3/../../..\libkernel32.a(dchds00529.o)
                0x0040a360                GetModuleHandleA@4
 .text          0x0040a368        0x8 d:/programm/mingw/bin/../lib/gcc/mingw32/4.9.3/../../..\libkernel32.a(dchds00510.o)
                0x0040a368                GetLastError@0
 .text          0x0040a370        0x8 d:/programm/mingw/bin/../lib/gcc/mingw32/4.9.3/../../..\libkernel32.a(dchds00388.o)
                0x0040a370                GetCommandLineA@0
 .text          0x0040a378        0x8 d:/programm/mingw/bin/../lib/gcc/mingw32/4.9.3/../../..\libkernel32.a(dchds00352.o)
                0x0040a378                FreeLibrary@4
 .text          0x0040a380        0x8 d:/programm/mingw/bin/../lib/gcc/mingw32/4.9.3/../../..\libkernel32.a(dchds00321.o)
                0x0040a380                FindNextFileA@8
 .text          0x0040a388        0x8 d:/programm/mingw/bin/../lib/gcc/mingw32/4.9.3/../../..\libkernel32.a(dchds00304.o)
                0x0040a388                FindFirstFileA@8
 .text          0x0040a390        0x8 d:/programm/mingw/bin/../lib/gcc/mingw32/4.9.3/../../..\libkernel32.a(dchds00300.o)
                0x0040a390                FindClose@4
 .text          0x0040a398        0x8 d:/programm/mingw/bin/../lib/gcc/mingw32/4.9.3/../../..\libkernel32.a(dchds00279.o)
                0x0040a398                ExitProcess@4
 .text          0x0040a3a0        0x8 d:/programm/mingw/bin/../lib/gcc/mingw32/4.9.3/../../..\libkernel32.a(dchds00236.o)
                0x0040a3a0                EnterCriticalSection@4
 .text          0x0040a3a8        0x8 d:/programm/mingw/bin/../lib/gcc/mingw32/4.9.3/../../..\libkernel32.a(dchds00207.o)
                0x0040a3a8                DeleteCriticalSection@4
 .text          0x0040a3b0        0x0 d:/programm/mingw/bin/../lib/gcc/mingw32/4.9.3/../../..\libkernel32.a(dchdh.o)
 .text          0x0040a3b0        0x0 d:/programm/mingw/bin/../lib/gcc/mingw32/4.9.3/../../..\libkernel32.a(dchdt.o)
 .text          0x0040a3b0      0x110 d:/programm/mingw/bin/../lib/gcc/mingw32/4.9.3\libgcc.a(_udivdi3.o)
                0x0040a3b0                __udivdi3
 .text          0x0040a4c0      0x160 d:/programm/mingw/bin/../lib/gcc/mingw32/4.9.3\libgcc.a(_umoddi3.o)
                0x0040a4c0                __umoddi3
 .text          0x0040a620        0x8 d:/programm/mingw/bin/../lib/gcc/mingw32/4.9.3/../../..\libmoldname.a(dxpgs00082.o)
                0x0040a620                stricoll
 .text          0x0040a628        0x8 d:/programm/mingw/bin/../lib/gcc/mingw32/4.9.3/../../..\libmoldname.a(dxpgs00080.o)
                0x0040a628                strdup
 .text          0x0040a630        0x0 d:/programm/mingw/bin/../lib/gcc/mingw32/4.9.3/../../..\libmoldname.a(dxpgh.o)
 .text          0x0040a630        0x0 d:/programm/mingw/bin/../lib/gcc/mingw32/4.9.3/../../..\libmoldname.a(dxpgt.o)
 .text          0x0040a630        0x0 d:/programm/mingw/bin/../lib/gcc/mingw32/4.9.3/crtend.o
 *(SORT(.text$*))
 *(.text.*)
 .text.unlikely
                0x0040a630        0x0 d:/programm/mingw/bin/../lib/gcc/mingw32/4.9.3/crtbegin.o
 .text.unlikely
                0x0040a630        0x0 d:/programm/mingw/bin/../lib/gcc/mingw32/4.9.3\libgcc.a(_udivdi3.o)
 .text.unlikely
                0x0040a630        0x0 d:/programm/mingw/bin/../lib/gcc/mingw32/4.9.3\libgcc.a(_umoddi3.o)
 .text.unlikely
                0x0040a630        0x0 d:/programm/mingw/bin/../lib/gcc/mingw32/4.9.3/crtend.o
 .text.startup  0x0040a630       0x20 d:/programm/mingw/bin/../lib/gcc/mingw32/4.9.3/crtend.o
 *(.gnu.linkonce.t.*)
 *(.glue_7t)
 *(.glue_7)
                0x0040a650                ___CTOR_LIST__ = .
                0x0040a650                __CTOR_LIST__ = .
                0x0040a650        0x4 LONG 0xffffffff
 *(.ctors)
 *(.ctor)
 *(SORT(.ctors.*))
 .ctors.65535   0x0040a654        0x4 d:/programm/mingw/bin/../lib/gcc/mingw32/4.9.3/crtend.o
                0x0040a658        0x4 LONG 0x0
                0x0040a65c                ___DTOR_LIST__ = .
                0x0040a65c                __DTOR_LIST__ = .
                0x0040a65c        0x4 LONG 0xffffffff
 *(.dtors)
 *(.dtor)
 *(SORT(.dtors.*))
                0x0040a660        0x4 LONG 0x0
 *(.fini)
 *(.gcc_exc)
                [!provide]                PROVIDE (etext, .)
                [!provide]                PROVIDE (_etext, .)
 *(.gcc_except_table)

.data           0x0040b000      0x200
                0x0040b000                __data_start__ = .
 *(.data)
 .data          0x0040b000        0x0 d:/programm/mingw/bin/../lib/gcc/mingw32/4.9.3/../../../crt2.o
 .data          0x0040b000        0x0 d:/programm/mingw/bin/../lib/gcc/mingw32/4.9.3/crtbegin.o
 .data          0x0040b000        0x0 E:\NeuOrga\Programmieren\c_cpp\github_os\output\os_base\obj_x86\os_common.o
 .data          0x0040b000        0x0 E:\NeuOrga\Programmieren\c_cpp\github_os\output\os_base\obj_x86\os_exception.o
 .data          0x0040b000        0x0 E:\NeuOrga\Programmieren\c_cpp\github_os\output\os_base\obj_x86\os_exception_isr_handler.o
 .data          0x0040b000        0x0 E:\NeuOrga\Programmieren\c_cpp\github_os\output\os_base\obj_x86\os_init_task_system.o
 .data          0x0040b000        0x0 E:\NeuOrga\Programmieren\c_cpp\github_os\output\os_base\obj_x86\os_main.o
 .data          0x0040b000        0x0 E:\NeuOrga\Programmieren\c_cpp\github_os\output\os_base\obj_x86\os_memory_mmu_setup.o
 .data          0x0040b000        0x0 E:\NeuOrga\Programmieren\c_cpp\github_os\output\os_base\obj_x86\os_shutdown.o
 .data          0x0040b000        0x0 E:\NeuOrga\Programmieren\c_cpp\github_os\output\os_base\obj_x86\os_start_ext_prg.o
 .data          0x0040b000        0x0 E:\NeuOrga\Programmieren\c_cpp\github_os\output\os_base\obj_x86\os_start_init_hw.o
 .data          0x0040b000        0x0 E:\NeuOrga\Programmieren\c_cpp\github_os\output\os_base\obj_x86\os_start_init_mc.o
 .data          0x0040b000        0x0 E:\NeuOrga\Programmieren\c_cpp\github_os\output\os_base\obj_x86\os_start_init_sw.o
 .data          0x0040b000        0x0 E:\NeuOrga\Programmieren\c_cpp\github_os\output\os_base\obj_x86\os_start_os.o
 .data          0x0040b000        0x0 E:\NeuOrga\Programmieren\c_cpp\github_os\output\os_base\obj_x86\os_task_common.o
 .data          0x0040b000        0x0 E:\NeuOrga\Programmieren\c_cpp\github_os\output\os_base\obj_x86\os_task_queue.o
 .data          0x0040b000        0x0 E:\NeuOrga\Programmieren\c_cpp\github_os\output\os_base\obj_x86\os_task_scheduler.o
 .data          0x0040b000        0x0 E:\NeuOrga\Programmieren\c_cpp\github_os\output\os_sim\obj_x86\os_sim_main.o
 .data          0x0040b000        0x0 E:\NeuOrga\Programmieren\c_cpp\github_os\output\os_base\obj_x86\os_ram.o
 .data          0x0040b000        0x0 E:\NeuOrga\Programmieren\c_cpp\github_os\output\os_base\obj_x86\os_shared_ram.o
 .data          0x0040b000        0x0 E:\NeuOrga\Programmieren\c_cpp\github_os\output\os_sim\obj_x86\os_stack.o
 .data          0x0040b000        0x0 E:\NeuOrga\Programmieren\c_cpp\github_os\output\os_sim\obj_x86\os_heap.o
 .data          0x0040b000        0x0 E:\NeuOrga\Programmieren\c_cpp\github_os\output\os_drivers\obj_x86\lld_global.o
 .data          0x0040b000        0x0 E:\NeuOrga\Programmieren\c_cpp\github_os\output\os_drivers\obj_x86\lld_interrupt.o
 .data          0x0040b000        0x0 E:\NeuOrga\Programmieren\c_cpp\github_os\output\os_drivers\obj_x86\lld_mmu.o
 .data          0x0040b000        0x0 E:\NeuOrga\Programmieren\c_cpp\github_os\output\os_drivers\obj_x86\lld_ram.o
 .data          0x0040b000        0x0 E:\NeuOrga\Programmieren\c_cpp\github_os\output\os_drivers\obj_x86\lld_timer.o
 .data          0x0040b000        0x0 E:\NeuOrga\Programmieren\c_cpp\github_os\output\os_drivers\obj_x86\lld_power.o
 .data          0x0040b000        0x0 E:\NeuOrga\Programmieren\c_cpp\github_os\output\os_user_code\obj_x86\led.o
 .data          0x0040b000        0x4 d:/programm/mingw/bin/../lib/gcc/mingw32/4.9.3/../../..\libmingw32.a(CRTglob.o)
                0x0040b000                _CRT_glob
 .data          0x0040b004        0x0 d:/programm/mingw/bin/../lib/gcc/mingw32/4.9.3/../../..\libmingw32.a(setargv.o)
 .data          0x0040b004        0x0 d:/programm/mingw/bin/../lib/gcc/mingw32/4.9.3/../../..\libmingw32.a(CRTfmode.o)
 .data          0x0040b004        0x0 d:/programm/mingw/bin/../lib/gcc/mingw32/4.9.3/../../..\libmingw32.a(cpu_features.o)
 .data          0x0040b004        0x0 d:/programm/mingw/bin/../lib/gcc/mingw32/4.9.3/../../..\libmingw32.a(CRT_fp10.o)
 .data          0x0040b004        0x4 d:/programm/mingw/bin/../lib/gcc/mingw32/4.9.3/../../..\libmingw32.a(txtmode.o)
                0x0040b004                _fmode
 .data          0x0040b008        0x4 d:/programm/mingw/bin/../lib/gcc/mingw32/4.9.3/../../..\libmingw32.a(gccmain.o)
 .data          0x0040b00c        0x0 d:/programm/mingw/bin/../lib/gcc/mingw32/4.9.3/../../..\libmingw32.a(tlssup.o)
 .data          0x0040b00c        0x0 d:/programm/mingw/bin/../lib/gcc/mingw32/4.9.3/../../..\libmingw32.a(tlsthrd.o)
 .data          0x0040b00c        0x0 d:/programm/mingw/bin/../lib/gcc/mingw32/4.9.3/../../..\libmingw32.a(pseudo-reloc.o)
 .data          0x0040b00c        0x0 d:/programm/mingw/bin/../lib/gcc/mingw32/4.9.3/../../..\libmingw32.a(pseudo-reloc-list.o)
 .data          0x0040b00c        0x0 d:/programm/mingw/bin/../lib/gcc/mingw32/4.9.3/../../..\libmingw32.a(crtst.o)
 .data          0x0040b00c        0x0 d:/programm/mingw/bin/../lib/gcc/mingw32/4.9.3\libgcc.a(_chkstk_ms.o)
 .data          0x0040b00c        0x0 d:/programm/mingw/bin/../lib/gcc/mingw32/4.9.3\libgcc.a(_ctors.o)
 .data          0x0040b00c        0x0 d:/programm/mingw/bin/../lib/gcc/mingw32/4.9.3/../../..\libmingwex.a(vprintf.o)
 .data          0x0040b00c        0x0 d:/programm/mingw/bin/../lib/gcc/mingw32/4.9.3/../../..\libmingwex.a(glob.o)
 .data          0x0040b00c        0x0 d:/programm/mingw/bin/../lib/gcc/mingw32/4.9.3/../../..\libmingwex.a(dirname.o)
 .data          0x0040b00c        0x0 d:/programm/mingw/bin/../lib/gcc/mingw32/4.9.3/../../..\libmingwex.a(dirent.o)
 .data          0x0040b00c       0x14 d:/programm/mingw/bin/../lib/gcc/mingw32/4.9.3/../../..\libmingwex.a(pformat.o)
 .data          0x0040b020        0x0 d:/programm/mingw/bin/../lib/gcc/mingw32/4.9.3/../../..\libmingwex.a(snprintf.o)
 .data          0x0040b020        0x0 d:/programm/mingw/bin/../lib/gcc/mingw32/4.9.3/../../..\libmingwex.a(vsnprintf.o)
 .data          0x0040b020        0x0 d:/programm/mingw/bin/../lib/gcc/mingw32/4.9.3/../../..\libmingwex.a(varofmt.o)
 .data          0x0040b020        0x0 d:/programm/mingw/bin/../lib/gcc/mingw32/4.9.3/../../..\libmingwex.a(mbrtowc.o)
 .data          0x0040b020        0x0 d:/programm/mingw/bin/../lib/gcc/mingw32/4.9.3/../../..\libmingwex.a(wcrtomb.o)
 .data          0x0040b020        0x0 d:/programm/mingw/bin/../lib/gcc/mingw32/4.9.3/../../..\libmingwex.a(gdtoa.o)
 .data          0x0040b020        0x0 d:/programm/mingw/bin/../lib/gcc/mingw32/4.9.3/../../..\libmingwex.a(gmisc.o)
 .data          0x0040b020        0x0 d:/programm/mingw/bin/../lib/gcc/mingw32/4.9.3/../../..\libmingwex.a(dmisc.o)
 .data          0x0040b020        0x4 d:/programm/mingw/bin/../lib/gcc/mingw32/4.9.3/../../..\libmingwex.a(misc.o)
 .data          0x0040b024        0x0 d:/programm/mingw/bin/../lib/gcc/mingw32/4.9.3/../../..\libmsvcrt.a(dczfs00772.o)
 .data          0x0040b024        0x0 d:/programm/mingw/bin/../lib/gcc/mingw32/4.9.3/../../..\libmsvcrt.a(dczfs00761.o)
 .data          0x0040b024        0x0 d:/programm/mingw/bin/../lib/gcc/mingw32/4.9.3/../../..\libmsvcrt.a(dczfs00748.o)
 .data          0x0040b024        0x0 d:/programm/mingw/bin/../lib/gcc/mingw32/4.9.3/../../..\libmsvcrt.a(dczfs00742.o)
 .data          0x0040b024        0x0 d:/programm/mingw/bin/../lib/gcc/mingw32/4.9.3/../../..\libmsvcrt.a(dczfs00739.o)
 .data          0x0040b024        0x0 d:/programm/mingw/bin/../lib/gcc/mingw32/4.9.3/../../..\libmsvcrt.a(dczfs00721.o)
 .data          0x0040b024        0x0 d:/programm/mingw/bin/../lib/gcc/mingw32/4.9.3/../../..\libmsvcrt.a(dczfs00716.o)
 .data          0x0040b024        0x0 d:/programm/mingw/bin/../lib/gcc/mingw32/4.9.3/../../..\libmsvcrt.a(dczfs00714.o)
 .data          0x0040b024        0x0 d:/programm/mingw/bin/../lib/gcc/mingw32/4.9.3/../../..\libmsvcrt.a(dczfs00706.o)
 .data          0x0040b024        0x0 d:/programm/mingw/bin/../lib/gcc/mingw32/4.9.3/../../..\libmsvcrt.a(dczfs00704.o)
 .data          0x0040b024        0x0 d:/programm/mingw/bin/../lib/gcc/mingw32/4.9.3/../../..\libmsvcrt.a(dczfs00698.o)
 .data          0x0040b024        0x0 d:/programm/mingw/bin/../lib/gcc/mingw32/4.9.3/../../..\libmsvcrt.a(dczfs00682.o)
 .data          0x0040b024        0x0 d:/programm/mingw/bin/../lib/gcc/mingw32/4.9.3/../../..\libmsvcrt.a(dczfs00678.o)
 .data          0x0040b024        0x0 d:/programm/mingw/bin/../lib/gcc/mingw32/4.9.3/../../..\libmsvcrt.a(dczfs00676.o)
 .data          0x0040b024        0x0 d:/programm/mingw/bin/../lib/gcc/mingw32/4.9.3/../../..\libmsvcrt.a(dczfs00671.o)
 .data          0x0040b024        0x0 d:/programm/mingw/bin/../lib/gcc/mingw32/4.9.3/../../..\libmsvcrt.a(dczfs00652.o)
 .data          0x0040b024        0x0 d:/programm/mingw/bin/../lib/gcc/mingw32/4.9.3/../../..\libmsvcrt.a(dczfs00637.o)
 .data          0x0040b024        0x0 d:/programm/mingw/bin/../lib/gcc/mingw32/4.9.3/../../..\libmsvcrt.a(dczfs00636.o)
 .data          0x0040b024        0x0 d:/programm/mingw/bin/../lib/gcc/mingw32/4.9.3/../../..\libmsvcrt.a(dczfs00633.o)
 .data          0x0040b024        0x0 d:/programm/mingw/bin/../lib/gcc/mingw32/4.9.3/../../..\libmsvcrt.a(dczfs00625.o)
 .data          0x0040b024        0x0 d:/programm/mingw/bin/../lib/gcc/mingw32/4.9.3/../../..\libmsvcrt.a(dczfs00620.o)
 .data          0x0040b024        0x0 d:/programm/mingw/bin/../lib/gcc/mingw32/4.9.3/../../..\libmsvcrt.a(dczfs00595.o)
 .data          0x0040b024        0x0 d:/programm/mingw/bin/../lib/gcc/mingw32/4.9.3/../../..\libmsvcrt.a(dczfs00592.o)
 .data          0x0040b024        0x0 d:/programm/mingw/bin/../lib/gcc/mingw32/4.9.3/../../..\libmsvcrt.a(dczfs00590.o)
 .data          0x0040b024        0x0 d:/programm/mingw/bin/../lib/gcc/mingw32/4.9.3/../../..\libmsvcrt.a(dczfs00583.o)
 .data          0x0040b024        0x0 d:/programm/mingw/bin/../lib/gcc/mingw32/4.9.3/../../..\libmsvcrt.a(dczfs00426.o)
 .data          0x0040b024        0x0 d:/programm/mingw/bin/../lib/gcc/mingw32/4.9.3/../../..\libmsvcrt.a(dczfs00383.o)
 .data          0x0040b024        0x0 d:/programm/mingw/bin/../lib/gcc/mingw32/4.9.3/../../..\libmsvcrt.a(dczfs00266.o)
 .data          0x0040b024        0x0 d:/programm/mingw/bin/../lib/gcc/mingw32/4.9.3/../../..\libmsvcrt.a(dczfs00228.o)
 .data          0x0040b024        0x0 d:/programm/mingw/bin/../lib/gcc/mingw32/4.9.3/../../..\libmsvcrt.a(dczfs00182.o)
 .data          0x0040b024        0x0 d:/programm/mingw/bin/../lib/gcc/mingw32/4.9.3/../../..\libmsvcrt.a(dczfs00147.o)
 .data          0x0040b024        0x0 d:/programm/mingw/bin/../lib/gcc/mingw32/4.9.3/../../..\libmsvcrt.a(dczfs00099.o)
 .data          0x0040b024        0x0 d:/programm/mingw/bin/../lib/gcc/mingw32/4.9.3/../../..\libmsvcrt.a(dczfs00079.o)
 .data          0x0040b024        0x0 d:/programm/mingw/bin/../lib/gcc/mingw32/4.9.3/../../..\libmsvcrt.a(dczfs00077.o)
 .data          0x0040b024        0x0 d:/programm/mingw/bin/../lib/gcc/mingw32/4.9.3/../../..\libmsvcrt.a(dczfs00065.o)
 .data          0x0040b024        0x0 d:/programm/mingw/bin/../lib/gcc/mingw32/4.9.3/../../..\libmsvcrt.a(dczfs00055.o)
 .data          0x0040b024        0x0 d:/programm/mingw/bin/../lib/gcc/mingw32/4.9.3/../../..\libmsvcrt.a(dczfh.o)
 .data          0x0040b024        0x0 d:/programm/mingw/bin/../lib/gcc/mingw32/4.9.3/../../..\libmsvcrt.a(dczft.o)
 .data          0x0040b024        0x0 d:/programm/mingw/bin/../lib/gcc/mingw32/4.9.3/../../..\libkernel32.a(dchds01247.o)
 .data          0x0040b024        0x0 d:/programm/mingw/bin/../lib/gcc/mingw32/4.9.3/../../..\libkernel32.a(dchds01215.o)
 .data          0x0040b024        0x0 d:/programm/mingw/bin/../lib/gcc/mingw32/4.9.3/../../..\libkernel32.a(dchds01213.o)
 .data          0x0040b024        0x0 d:/programm/mingw/bin/../lib/gcc/mingw32/4.9.3/../../..\libkernel32.a(dchds01173.o)
 .data          0x0040b024        0x0 d:/programm/mingw/bin/../lib/gcc/mingw32/4.9.3/../../..\libkernel32.a(dchds01152.o)
 .data          0x0040b024        0x0 d:/programm/mingw/bin/../lib/gcc/mingw32/4.9.3/../../..\libkernel32.a(dchds01140.o)
 .data          0x0040b024        0x0 d:/programm/mingw/bin/../lib/gcc/mingw32/4.9.3/../../..\libkernel32.a(dchds00860.o)
 .data          0x0040b024        0x0 d:/programm/mingw/bin/../lib/gcc/mingw32/4.9.3/../../..\libkernel32.a(dchds00817.o)
 .data          0x0040b024        0x0 d:/programm/mingw/bin/../lib/gcc/mingw32/4.9.3/../../..\libkernel32.a(dchds00814.o)
 .data          0x0040b024        0x0 d:/programm/mingw/bin/../lib/gcc/mingw32/4.9.3/../../..\libkernel32.a(dchds00763.o)
 .data          0x0040b024        0x0 d:/programm/mingw/bin/../lib/gcc/mingw32/4.9.3/../../..\libkernel32.a(dchds00744.o)
 .data          0x0040b024        0x0 d:/programm/mingw/bin/../lib/gcc/mingw32/4.9.3/../../..\libkernel32.a(dchds00734.o)
 .data          0x0040b024        0x0 d:/programm/mingw/bin/../lib/gcc/mingw32/4.9.3/../../..\libkernel32.a(dchds00577.o)
 .data          0x0040b024        0x0 d:/programm/mingw/bin/../lib/gcc/mingw32/4.9.3/../../..\libkernel32.a(dchds00529.o)
 .data          0x0040b024        0x0 d:/programm/mingw/bin/../lib/gcc/mingw32/4.9.3/../../..\libkernel32.a(dchds00510.o)
 .data          0x0040b024        0x0 d:/programm/mingw/bin/../lib/gcc/mingw32/4.9.3/../../..\libkernel32.a(dchds00388.o)
 .data          0x0040b024        0x0 d:/programm/mingw/bin/../lib/gcc/mingw32/4.9.3/../../..\libkernel32.a(dchds00352.o)
 .data          0x0040b024        0x0 d:/programm/mingw/bin/../lib/gcc/mingw32/4.9.3/../../..\libkernel32.a(dchds00321.o)
 .data          0x0040b024        0x0 d:/programm/mingw/bin/../lib/gcc/mingw32/4.9.3/../../..\libkernel32.a(dchds00304.o)
 .data          0x0040b024        0x0 d:/programm/mingw/bin/../lib/gcc/mingw32/4.9.3/../../..\libkernel32.a(dchds00300.o)
 .data          0x0040b024        0x0 d:/programm/mingw/bin/../lib/gcc/mingw32/4.9.3/../../..\libkernel32.a(dchds00279.o)
 .data          0x0040b024        0x0 d:/programm/mingw/bin/../lib/gcc/mingw32/4.9.3/../../..\libkernel32.a(dchds00236.o)
 .data          0x0040b024        0x0 d:/programm/mingw/bin/../lib/gcc/mingw32/4.9.3/../../..\libkernel32.a(dchds00207.o)
 .data          0x0040b024        0x0 d:/programm/mingw/bin/../lib/gcc/mingw32/4.9.3/../../..\libkernel32.a(dchdh.o)
 .data          0x0040b024        0x0 d:/programm/mingw/bin/../lib/gcc/mingw32/4.9.3/../../..\libkernel32.a(dchdt.o)
 .data          0x0040b024        0x0 d:/programm/mingw/bin/../lib/gcc/mingw32/4.9.3\libgcc.a(_udivdi3.o)
 .data          0x0040b024        0x0 d:/programm/mingw/bin/../lib/gcc/mingw32/4.9.3\libgcc.a(_umoddi3.o)
 .data          0x0040b024        0x0 d:/programm/mingw/bin/../lib/gcc/mingw32/4.9.3/../../..\libmoldname.a(dxpgs00082.o)
 .data          0x0040b024        0x0 d:/programm/mingw/bin/../lib/gcc/mingw32/4.9.3/../../..\libmoldname.a(dxpgs00080.o)
 .data          0x0040b024        0x0 d:/programm/mingw/bin/../lib/gcc/mingw32/4.9.3/../../..\libmoldname.a(dxpgh.o)
 .data          0x0040b024        0x0 d:/programm/mingw/bin/../lib/gcc/mingw32/4.9.3/../../..\libmoldname.a(dxpgt.o)
 .data          0x0040b024        0x0 d:/programm/mingw/bin/../lib/gcc/mingw32/4.9.3/crtend.o
 *(.data2)
 *(SORT(.data$*))
 *(.jcr)
 .jcr           0x0040b024        0x0 d:/programm/mingw/bin/../lib/gcc/mingw32/4.9.3/crtbegin.o
 .jcr           0x0040b024        0x4 d:/programm/mingw/bin/../lib/gcc/mingw32/4.9.3/crtend.o
                0x0040b028                __data_end__ = .
 *(.data_cygwin_nocopy)

.rdata          0x0040c000      0xc00
 *(.rdata)
 .rdata         0x0040c000       0xc0 d:/programm/mingw/bin/../lib/gcc/mingw32/4.9.3/crtbegin.o
 .rdata         0x0040c0c0       0x14 E:\NeuOrga\Programmieren\c_cpp\github_os\output\os_base\obj_x86\os_main.o
 *fill*         0x0040c0d4        0xc 
 .rdata         0x0040c0e0       0x20 E:\NeuOrga\Programmieren\c_cpp\github_os\output\os_sim\obj_x86\os_sim_main.o
 .rdata         0x0040c100        0x4 d:/programm/mingw/bin/../lib/gcc/mingw32/4.9.3/../../..\libmingw32.a(tlssup.o)
                0x0040c100                __dyn_tls_init_callback
 .rdata         0x0040c104       0xac d:/programm/mingw/bin/../lib/gcc/mingw32/4.9.3/../../..\libmingw32.a(pseudo-reloc.o)
 .rdata         0x0040c1b0       0x14 d:/programm/mingw/bin/../lib/gcc/mingw32/4.9.3/../../..\libmingwex.a(glob.o)
 .rdata         0x0040c1c4        0x8 d:/programm/mingw/bin/../lib/gcc/mingw32/4.9.3/../../..\libmingwex.a(dirname.o)
 .rdata         0x0040c1cc        0x4 d:/programm/mingw/bin/../lib/gcc/mingw32/4.9.3/../../..\libmingwex.a(dirent.o)
 .rdata         0x0040c1d0      0x1a0 d:/programm/mingw/bin/../lib/gcc/mingw32/4.9.3/../../..\libmingwex.a(pformat.o)
 .rdata         0x0040c370       0x68 d:/programm/mingw/bin/../lib/gcc/mingw32/4.9.3/../../..\libmingwex.a(gdtoa.o)
 *fill*         0x0040c3d8        0x8 
 .rdata         0x0040c3e0      0x160 d:/programm/mingw/bin/../lib/gcc/mingw32/4.9.3/../../..\libmingwex.a(misc.o)
                0x0040c400                __tens_D2A
                0x0040c4c0                __tinytens_D2A
                0x0040c500                __bigtens_D2A
 .rdata         0x0040c540       0x5c d:/programm/mingw/bin/../lib/gcc/mingw32/4.9.3/crtend.o
 *(SORT(.rdata$*))
 .rdata$zzz     0x0040c59c       0x14 d:/programm/mingw/bin/../lib/gcc/mingw32/4.9.3/../../../crt2.o
 .rdata$zzz     0x0040c5b0       0x14 d:/programm/mingw/bin/../lib/gcc/mingw32/4.9.3/crtbegin.o
 .rdata$zzz     0x0040c5c4       0x14 E:\NeuOrga\Programmieren\c_cpp\github_os\output\os_base\obj_x86\os_common.o
 .rdata$zzz     0x0040c5d8       0x14 E:\NeuOrga\Programmieren\c_cpp\github_os\output\os_base\obj_x86\os_exception.o
 .rdata$zzz     0x0040c5ec       0x14 E:\NeuOrga\Programmieren\c_cpp\github_os\output\os_base\obj_x86\os_exception_isr_handler.o
 .rdata$zzz     0x0040c600       0x14 E:\NeuOrga\Programmieren\c_cpp\github_os\output\os_base\obj_x86\os_init_task_system.o
 .rdata$zzz     0x0040c614       0x14 E:\NeuOrga\Programmieren\c_cpp\github_os\output\os_base\obj_x86\os_main.o
 .rdata$zzz     0x0040c628       0x14 E:\NeuOrga\Programmieren\c_cpp\github_os\output\os_base\obj_x86\os_memory_mmu_setup.o
 .rdata$zzz     0x0040c63c       0x14 E:\NeuOrga\Programmieren\c_cpp\github_os\output\os_base\obj_x86\os_shutdown.o
 .rdata$zzz     0x0040c650       0x14 E:\NeuOrga\Programmieren\c_cpp\github_os\output\os_base\obj_x86\os_start_ext_prg.o
 .rdata$zzz     0x0040c664       0x14 E:\NeuOrga\Programmieren\c_cpp\github_os\output\os_base\obj_x86\os_start_init_hw.o
 .rdata$zzz     0x0040c678       0x14 E:\NeuOrga\Programmieren\c_cpp\github_os\output\os_base\obj_x86\os_start_init_mc.o
 .rdata$zzz     0x0040c68c       0x14 E:\NeuOrga\Programmieren\c_cpp\github_os\output\os_base\obj_x86\os_start_init_sw.o
 .rdata$zzz     0x0040c6a0       0x14 E:\NeuOrga\Programmieren\c_cpp\github_os\output\os_base\obj_x86\os_start_os.o
 .rdata$zzz     0x0040c6b4       0x14 E:\NeuOrga\Programmieren\c_cpp\github_os\output\os_base\obj_x86\os_task_common.o
 .rdata$zzz     0x0040c6c8       0x14 E:\NeuOrga\Programmieren\c_cpp\github_os\output\os_base\obj_x86\os_task_queue.o
 .rdata$zzz     0x0040c6dc       0x14 E:\NeuOrga\Programmieren\c_cpp\github_os\output\os_base\obj_x86\os_task_scheduler.o
 .rdata$zzz     0x0040c6f0       0x14 E:\NeuOrga\Programmieren\c_cpp\github_os\output\os_sim\obj_x86\os_sim_main.o
 .rdata$zzz     0x0040c704       0x14 E:\NeuOrga\Programmieren\c_cpp\github_os\output\os_base\obj_x86\os_ram.o
 .rdata$zzz     0x0040c718       0x14 E:\NeuOrga\Programmieren\c_cpp\github_os\output\os_base\obj_x86\os_shared_ram.o
 .rdata$zzz     0x0040c72c       0x14 E:\NeuOrga\Programmieren\c_cpp\github_os\output\os_sim\obj_x86\os_stack.o
 .rdata$zzz     0x0040c740       0x14 E:\NeuOrga\Programmieren\c_cpp\github_os\output\os_sim\obj_x86\os_heap.o
 .rdata$zzz     0x0040c754       0x14 E:\NeuOrga\Programmieren\c_cpp\github_os\output\os_drivers\obj_x86\lld_global.o
 .rdata$zzz     0x0040c768       0x14 E:\NeuOrga\Programmieren\c_cpp\github_os\output\os_drivers\obj_x86\lld_interrupt.o
 .rdata$zzz     0x0040c77c       0x14 E:\NeuOrga\Programmieren\c_cpp\github_os\output\os_drivers\obj_x86\lld_mmu.o
 .rdata$zzz     0x0040c790       0x14 E:\NeuOrga\Programmieren\c_cpp\github_os\output\os_drivers\obj_x86\lld_ram.o
 .rdata$zzz     0x0040c7a4       0x14 E:\NeuOrga\Programmieren\c_cpp\github_os\output\os_drivers\obj_x86\lld_timer.o
 .rdata$zzz     0x0040c7b8       0x14 E:\NeuOrga\Programmieren\c_cpp\github_os\output\os_drivers\obj_x86\lld_power.o
 .rdata$zzz     0x0040c7cc       0x14 E:\NeuOrga\Programmieren\c_cpp\github_os\output\os_user_code\obj_x86\led.o
 .rdata$zzz     0x0040c7e0       0x14 d:/programm/mingw/bin/../lib/gcc/mingw32/4.9.3/../../..\libmingw32.a(CRTglob.o)
 .rdata$zzz     0x0040c7f4       0x14 d:/programm/mingw/bin/../lib/gcc/mingw32/4.9.3/../../..\libmingw32.a(setargv.o)
 .rdata$zzz     0x0040c808       0x14 d:/programm/mingw/bin/../lib/gcc/mingw32/4.9.3/../../..\libmingw32.a(CRTfmode.o)
 .rdata$zzz     0x0040c81c       0x14 d:/programm/mingw/bin/../lib/gcc/mingw32/4.9.3/../../..\libmingw32.a(cpu_features.o)
 .rdata$zzz     0x0040c830       0x14 d:/programm/mingw/bin/../lib/gcc/mingw32/4.9.3/../../..\libmingw32.a(CRT_fp10.o)
 .rdata$zzz     0x0040c844       0x14 d:/programm/mingw/bin/../lib/gcc/mingw32/4.9.3/../../..\libmingw32.a(txtmode.o)
 .rdata$zzz     0x0040c858       0x14 d:/programm/mingw/bin/../lib/gcc/mingw32/4.9.3/../../..\libmingw32.a(gccmain.o)
 .rdata$zzz     0x0040c86c       0x14 d:/programm/mingw/bin/../lib/gcc/mingw32/4.9.3/../../..\libmingw32.a(tlssup.o)
 .rdata$zzz     0x0040c880       0x14 d:/programm/mingw/bin/../lib/gcc/mingw32/4.9.3/../../..\libmingw32.a(tlsthrd.o)
 .rdata$zzz     0x0040c894       0x14 d:/programm/mingw/bin/../lib/gcc/mingw32/4.9.3/../../..\libmingw32.a(pseudo-reloc.o)
 .rdata$zzz     0x0040c8a8       0x14 d:/programm/mingw/bin/../lib/gcc/mingw32/4.9.3/../../..\libmingw32.a(pseudo-reloc-list.o)
 .rdata$zzz     0x0040c8bc       0x14 d:/programm/mingw/bin/../lib/gcc/mingw32/4.9.3/../../..\libmingw32.a(crtst.o)
 .rdata$zzz     0x0040c8d0       0x14 d:/programm/mingw/bin/../lib/gcc/mingw32/4.9.3\libgcc.a(_ctors.o)
 .rdata$zzz     0x0040c8e4       0x14 d:/programm/mingw/bin/../lib/gcc/mingw32/4.9.3/../../..\libmingwex.a(vprintf.o)
 .rdata$zzz     0x0040c8f8       0x14 d:/programm/mingw/bin/../lib/gcc/mingw32/4.9.3/../../..\libmingwex.a(glob.o)
 .rdata$zzz     0x0040c90c       0x14 d:/programm/mingw/bin/../lib/gcc/mingw32/4.9.3/../../..\libmingwex.a(dirname.o)
 .rdata$zzz     0x0040c920       0x14 d:/programm/mingw/bin/../lib/gcc/mingw32/4.9.3/../../..\libmingwex.a(dirent.o)
 .rdata$zzz     0x0040c934       0x14 d:/programm/mingw/bin/../lib/gcc/mingw32/4.9.3/../../..\libmingwex.a(pformat.o)
 .rdata$zzz     0x0040c948       0x14 d:/programm/mingw/bin/../lib/gcc/mingw32/4.9.3/../../..\libmingwex.a(snprintf.o)
 .rdata$zzz     0x0040c95c       0x14 d:/programm/mingw/bin/../lib/gcc/mingw32/4.9.3/../../..\libmingwex.a(vsnprintf.o)
 .rdata$zzz     0x0040c970       0x14 d:/programm/mingw/bin/../lib/gcc/mingw32/4.9.3/../../..\libmingwex.a(varofmt.o)
 .rdata$zzz     0x0040c984       0x14 d:/programm/mingw/bin/../lib/gcc/mingw32/4.9.3/../../..\libmingwex.a(mbrtowc.o)
 .rdata$zzz     0x0040c998       0x14 d:/programm/mingw/bin/../lib/gcc/mingw32/4.9.3/../../..\libmingwex.a(wcrtomb.o)
 .rdata$zzz     0x0040c9ac       0x14 d:/programm/mingw/bin/../lib/gcc/mingw32/4.9.3/../../..\libmingwex.a(gdtoa.o)
 .rdata$zzz     0x0040c9c0       0x14 d:/programm/mingw/bin/../lib/gcc/mingw32/4.9.3/../../..\libmingwex.a(gmisc.o)
 .rdata$zzz     0x0040c9d4       0x14 d:/programm/mingw/bin/../lib/gcc/mingw32/4.9.3/../../..\libmingwex.a(dmisc.o)
 .rdata$zzz     0x0040c9e8       0x14 d:/programm/mingw/bin/../lib/gcc/mingw32/4.9.3/../../..\libmingwex.a(misc.o)
 .rdata$zzz     0x0040c9fc       0x14 d:/programm/mingw/bin/../lib/gcc/mingw32/4.9.3\libgcc.a(_udivdi3.o)
 .rdata$zzz     0x0040ca10       0x14 d:/programm/mingw/bin/../lib/gcc/mingw32/4.9.3\libgcc.a(_umoddi3.o)
 .rdata$zzz     0x0040ca24       0x14 d:/programm/mingw/bin/../lib/gcc/mingw32/4.9.3/crtend.o
                0x0040ca38                __rt_psrelocs_start = .
 *(.rdata_runtime_pseudo_reloc)
                0x0040ca38                __rt_psrelocs_end = .
                0x00000000                __rt_psrelocs_size = (__rt_psrelocs_end - __rt_psrelocs_start)
                0x0040ca38                ___RUNTIME_PSEUDO_RELOC_LIST_END__ = .
                0x0040ca38                __RUNTIME_PSEUDO_RELOC_LIST_END__ = .
                0x0040ca38                ___RUNTIME_PSEUDO_RELOC_LIST__ = (. - __rt_psrelocs_size)
                0x0040ca38                __RUNTIME_PSEUDO_RELOC_LIST__ = (. - __rt_psrelocs_size)

.eh_frame       0x0040d000     0x2600
 *(.eh_frame*)
 .eh_frame      0x0040d000       0xc0 d:/programm/mingw/bin/../lib/gcc/mingw32/4.9.3/../../../crt2.o
 .eh_frame      0x0040d0c0       0x5c d:/programm/mingw/bin/../lib/gcc/mingw32/4.9.3/crtbegin.o
 .eh_frame      0x0040d11c      0x1bc E:\NeuOrga\Programmieren\c_cpp\github_os\output\os_base\obj_x86\os_common.o
 .eh_frame      0x0040d2d8      0x178 E:\NeuOrga\Programmieren\c_cpp\github_os\output\os_base\obj_x86\os_exception.o
 .eh_frame      0x0040d450       0x38 E:\NeuOrga\Programmieren\c_cpp\github_os\output\os_base\obj_x86\os_exception_isr_handler.o
 .eh_frame      0x0040d488       0x38 E:\NeuOrga\Programmieren\c_cpp\github_os\output\os_base\obj_x86\os_init_task_system.o
 .eh_frame      0x0040d4c0       0x58 E:\NeuOrga\Programmieren\c_cpp\github_os\output\os_base\obj_x86\os_main.o
 .eh_frame      0x0040d518       0x38 E:\NeuOrga\Programmieren\c_cpp\github_os\output\os_base\obj_x86\os_memory_mmu_setup.o
 .eh_frame      0x0040d550       0x94 E:\NeuOrga\Programmieren\c_cpp\github_os\output\os_base\obj_x86\os_shutdown.o
 .eh_frame      0x0040d5e4       0x58 E:\NeuOrga\Programmieren\c_cpp\github_os\output\os_base\obj_x86\os_start_ext_prg.o
 .eh_frame      0x0040d63c       0x38 E:\NeuOrga\Programmieren\c_cpp\github_os\output\os_base\obj_x86\os_start_init_hw.o
 .eh_frame      0x0040d674       0x38 E:\NeuOrga\Programmieren\c_cpp\github_os\output\os_base\obj_x86\os_start_init_mc.o
 .eh_frame      0x0040d6ac       0x38 E:\NeuOrga\Programmieren\c_cpp\github_os\output\os_base\obj_x86\os_start_init_sw.o
 .eh_frame      0x0040d6e4       0x38 E:\NeuOrga\Programmieren\c_cpp\github_os\output\os_base\obj_x86\os_start_os.o
 .eh_frame      0x0040d71c       0xbc E:\NeuOrga\Programmieren\c_cpp\github_os\output\os_base\obj_x86\os_task_common.o
 .eh_frame      0x0040d7d8      0x1c0 E:\NeuOrga\Programmieren\c_cpp\github_os\output\os_base\obj_x86\os_task_queue.o
 .eh_frame      0x0040d998      0x1f8 E:\NeuOrga\Programmieren\c_cpp\github_os\output\os_base\obj_x86\os_task_scheduler.o
 .eh_frame      0x0040db90       0x5c E:\NeuOrga\Programmieren\c_cpp\github_os\output\os_sim\obj_x86\os_sim_main.o
 .eh_frame      0x0040dbec       0x58 E:\NeuOrga\Programmieren\c_cpp\github_os\output\os_sim\obj_x86\os_stack.o
 .eh_frame      0x0040dc44      0x158 E:\NeuOrga\Programmieren\c_cpp\github_os\output\os_drivers\obj_x86\lld_global.o
 .eh_frame      0x0040dd9c       0x78 E:\NeuOrga\Programmieren\c_cpp\github_os\output\os_drivers\obj_x86\lld_interrupt.o
 .eh_frame      0x0040de14       0x78 E:\NeuOrga\Programmieren\c_cpp\github_os\output\os_drivers\obj_x86\lld_mmu.o
 .eh_frame      0x0040de8c       0x38 E:\NeuOrga\Programmieren\c_cpp\github_os\output\os_drivers\obj_x86\lld_ram.o
 .eh_frame      0x0040dec4       0x58 E:\NeuOrga\Programmieren\c_cpp\github_os\output\os_drivers\obj_x86\lld_power.o
 .eh_frame      0x0040df1c       0x98 E:\NeuOrga\Programmieren\c_cpp\github_os\output\os_user_code\obj_x86\led.o
 .eh_frame      0x0040dfb4       0x58 d:/programm/mingw/bin/../lib/gcc/mingw32/4.9.3/../../..\libmingw32.a(setargv.o)
 .eh_frame      0x0040e00c       0x38 d:/programm/mingw/bin/../lib/gcc/mingw32/4.9.3/../../..\libmingw32.a(cpu_features.o)
 .eh_frame      0x0040e044       0x2c d:/programm/mingw/bin/../lib/gcc/mingw32/4.9.3/../../..\libmingw32.a(CRT_fp10.o)
 .eh_frame      0x0040e070       0x68 d:/programm/mingw/bin/../lib/gcc/mingw32/4.9.3/../../..\libmingw32.a(gccmain.o)
 .eh_frame      0x0040e0d8       0x88 d:/programm/mingw/bin/../lib/gcc/mingw32/4.9.3/../../..\libmingw32.a(tlssup.o)
 .eh_frame      0x0040e160       0xd4 d:/programm/mingw/bin/../lib/gcc/mingw32/4.9.3/../../..\libmingw32.a(tlsthrd.o)
 .eh_frame      0x0040e234       0xb0 d:/programm/mingw/bin/../lib/gcc/mingw32/4.9.3/../../..\libmingw32.a(pseudo-reloc.o)
 .eh_frame      0x0040e2e4       0x30 d:/programm/mingw/bin/../lib/gcc/mingw32/4.9.3/../../..\libmingwex.a(vprintf.o)
 .eh_frame      0x0040e314      0x2a4 d:/programm/mingw/bin/../lib/gcc/mingw32/4.9.3/../../..\libmingwex.a(glob.o)
 .eh_frame      0x0040e5b8       0x58 d:/programm/mingw/bin/../lib/gcc/mingw32/4.9.3/../../..\libmingwex.a(dirname.o)
 .eh_frame      0x0040e610      0x198 d:/programm/mingw/bin/../lib/gcc/mingw32/4.9.3/../../..\libmingwex.a(dirent.o)
 .eh_frame      0x0040e7a8      0x330 d:/programm/mingw/bin/../lib/gcc/mingw32/4.9.3/../../..\libmingwex.a(pformat.o)
 .eh_frame      0x0040ead8       0x30 d:/programm/mingw/bin/../lib/gcc/mingw32/4.9.3/../../..\libmingwex.a(snprintf.o)
 .eh_frame      0x0040eb08       0x50 d:/programm/mingw/bin/../lib/gcc/mingw32/4.9.3/../../..\libmingwex.a(vsnprintf.o)
 .eh_frame      0x0040eb58      0x128 d:/programm/mingw/bin/../lib/gcc/mingw32/4.9.3/../../..\libmingwex.a(mbrtowc.o)
 .eh_frame      0x0040ec80       0xfc d:/programm/mingw/bin/../lib/gcc/mingw32/4.9.3/../../..\libmingwex.a(wcrtomb.o)
 .eh_frame      0x0040ed7c       0xa0 d:/programm/mingw/bin/../lib/gcc/mingw32/4.9.3/../../..\libmingwex.a(gdtoa.o)
 .eh_frame      0x0040ee1c       0x98 d:/programm/mingw/bin/../lib/gcc/mingw32/4.9.3/../../..\libmingwex.a(gmisc.o)
 .eh_frame      0x0040eeb4       0xb8 d:/programm/mingw/bin/../lib/gcc/mingw32/4.9.3/../../..\libmingwex.a(dmisc.o)
 .eh_frame      0x0040ef6c      0x340 d:/programm/mingw/bin/../lib/gcc/mingw32/4.9.3/../../..\libmingwex.a(misc.o)
 .eh_frame      0x0040f2ac       0x9c d:/programm/mingw/bin/../lib/gcc/mingw32/4.9.3\libgcc.a(_udivdi3.o)
 .eh_frame      0x0040f348       0x9c d:/programm/mingw/bin/../lib/gcc/mingw32/4.9.3\libgcc.a(_umoddi3.o)
 .eh_frame      0x0040f3e4       0x3c d:/programm/mingw/bin/../lib/gcc/mingw32/4.9.3/crtend.o

.pdata
 *(.pdata)

.bss            0x00410000     0x7850
                0x00410000                __bss_start__ = .
 *(.bss)
 .bss           0x00410000        0x8 d:/programm/mingw/bin/../lib/gcc/mingw32/4.9.3/../../../crt2.o
                0x00410000                _argv
                0x00410004                _argc
 .bss           0x00410008       0x18 d:/programm/mingw/bin/../lib/gcc/mingw32/4.9.3/crtbegin.o
 .bss           0x00410020       0x10 E:\NeuOrga\Programmieren\c_cpp\github_os\output\os_base\obj_x86\os_common.o
 .bss           0x00410030        0x0 E:\NeuOrga\Programmieren\c_cpp\github_os\output\os_base\obj_x86\os_exception.o
 .bss           0x00410030        0x0 E:\NeuOrga\Programmieren\c_cpp\github_os\output\os_base\obj_x86\os_exception_isr_handler.o
 .bss           0x00410030        0x0 E:\NeuOrga\Programmieren\c_cpp\github_os\output\os_base\obj_x86\os_init_task_system.o
 .bss           0x00410030        0xc E:\NeuOrga\Programmieren\c_cpp\github_os\output\os_base\obj_x86\os_main.o
 .bss           0x0041003c        0x0 E:\NeuOrga\Programmieren\c_cpp\github_os\output\os_base\obj_x86\os_memory_mmu_setup.o
 .bss           0x0041003c        0x0 E:\NeuOrga\Programmieren\c_cpp\github_os\output\os_base\obj_x86\os_shutdown.o
 .bss           0x0041003c        0x0 E:\NeuOrga\Programmieren\c_cpp\github_os\output\os_base\obj_x86\os_start_ext_prg.o
 .bss           0x0041003c        0x0 E:\NeuOrga\Programmieren\c_cpp\github_os\output\os_base\obj_x86\os_start_init_hw.o
 .bss           0x0041003c        0x0 E:\NeuOrga\Programmieren\c_cpp\github_os\output\os_base\obj_x86\os_start_init_mc.o
 .bss           0x0041003c        0x0 E:\NeuOrga\Programmieren\c_cpp\github_os\output\os_base\obj_x86\os_start_init_sw.o
 .bss           0x0041003c        0x0 E:\NeuOrga\Programmieren\c_cpp\github_os\output\os_base\obj_x86\os_start_os.o
 .bss           0x0041003c        0x0 E:\NeuOrga\Programmieren\c_cpp\github_os\output\os_base\obj_x86\os_task_common.o
 .bss           0x0041003c        0x0 E:\NeuOrga\Programmieren\c_cpp\github_os\output\os_base\obj_x86\os_task_queue.o
 .bss           0x0041003c        0x0 E:\NeuOrga\Programmieren\c_cpp\github_os\output\os_base\obj_x86\os_task_scheduler.o
 .bss           0x0041003c        0x0 E:\NeuOrga\Programmieren\c_cpp\github_os\output\os_sim\obj_x86\os_sim_main.o
 .bss           0x0041003c        0x0 E:\NeuOrga\Programmieren\c_cpp\github_os\output\os_base\obj_x86\os_ram.o
 .bss           0x0041003c        0x0 E:\NeuOrga\Programmieren\c_cpp\github_os\output\os_base\obj_x86\os_shared_ram.o
 .bss           0x0041003c        0x0 E:\NeuOrga\Programmieren\c_cpp\github_os\output\os_sim\obj_x86\os_stack.o
 .bss           0x0041003c        0x0 E:\NeuOrga\Programmieren\c_cpp\github_os\output\os_sim\obj_x86\os_heap.o
 .bss           0x0041003c        0x0 E:\NeuOrga\Programmieren\c_cpp\github_os\output\os_drivers\obj_x86\lld_global.o
 .bss           0x0041003c        0x0 E:\NeuOrga\Programmieren\c_cpp\github_os\output\os_drivers\obj_x86\lld_interrupt.o
 .bss           0x0041003c        0x0 E:\NeuOrga\Programmieren\c_cpp\github_os\output\os_drivers\obj_x86\lld_mmu.o
 .bss           0x0041003c        0x0 E:\NeuOrga\Programmieren\c_cpp\github_os\output\os_drivers\obj_x86\lld_ram.o
 .bss           0x0041003c        0x0 E:\NeuOrga\Programmieren\c_cpp\github_os\output\os_drivers\obj_x86\lld_timer.o
 .bss           0x0041003c        0x0 E:\NeuOrga\Programmieren\c_cpp\github_os\output\os_drivers\obj_x86\lld_power.o
 .bss           0x0041003c        0x0 E:\NeuOrga\Programmieren\c_cpp\github_os\output\os_user_code\obj_x86\led.o
 .bss           0x0041003c        0x0 d:/programm/mingw/bin/../lib/gcc/mingw32/4.9.3/../../..\libmingw32.a(CRTglob.o)
 .bss           0x0041003c        0x0 d:/programm/mingw/bin/../lib/gcc/mingw32/4.9.3/../../..\libmingw32.a(setargv.o)
 .bss           0x0041003c        0x4 d:/programm/mingw/bin/../lib/gcc/mingw32/4.9.3/../../..\libmingw32.a(CRTfmode.o)
                0x0041003c                _CRT_fmode
 .bss           0x00410040        0x4 d:/programm/mingw/bin/../lib/gcc/mingw32/4.9.3/../../..\libmingw32.a(cpu_features.o)
                0x00410040                __cpu_features
 .bss           0x00410044        0x0 d:/programm/mingw/bin/../lib/gcc/mingw32/4.9.3/../../..\libmingw32.a(CRT_fp10.o)
 .bss           0x00410044        0x0 d:/programm/mingw/bin/../lib/gcc/mingw32/4.9.3/../../..\libmingw32.a(txtmode.o)
 .bss           0x00410044        0x4 d:/programm/mingw/bin/../lib/gcc/mingw32/4.9.3/../../..\libmingw32.a(gccmain.o)
 .bss           0x00410048       0x10 d:/programm/mingw/bin/../lib/gcc/mingw32/4.9.3/../../..\libmingw32.a(tlssup.o)
                0x00410048                mingw_initltssuo_force
                0x0041004c                mingw_initltsdyn_force
                0x00410050                mingw_initltsdrot_force
                0x00410054                _tls_index
 .bss           0x00410058       0x20 d:/programm/mingw/bin/../lib/gcc/mingw32/4.9.3/../../..\libmingw32.a(tlsthrd.o)
 .bss           0x00410078        0x4 d:/programm/mingw/bin/../lib/gcc/mingw32/4.9.3/../../..\libmingw32.a(pseudo-reloc.o)
 .bss           0x0041007c        0x4 d:/programm/mingw/bin/../lib/gcc/mingw32/4.9.3/../../..\libmingw32.a(pseudo-reloc-list.o)
 .bss           0x00410080        0x4 d:/programm/mingw/bin/../lib/gcc/mingw32/4.9.3/../../..\libmingw32.a(crtst.o)
                0x00410080                _CRT_MT
 .bss           0x00410084        0x0 d:/programm/mingw/bin/../lib/gcc/mingw32/4.9.3\libgcc.a(_chkstk_ms.o)
 .bss           0x00410084        0x0 d:/programm/mingw/bin/../lib/gcc/mingw32/4.9.3\libgcc.a(_ctors.o)
 .bss           0x00410084        0x0 d:/programm/mingw/bin/../lib/gcc/mingw32/4.9.3/../../..\libmingwex.a(vprintf.o)
 .bss           0x00410084        0x0 d:/programm/mingw/bin/../lib/gcc/mingw32/4.9.3/../../..\libmingwex.a(glob.o)
 .bss           0x00410084        0x4 d:/programm/mingw/bin/../lib/gcc/mingw32/4.9.3/../../..\libmingwex.a(dirname.o)
 .bss           0x00410088        0x0 d:/programm/mingw/bin/../lib/gcc/mingw32/4.9.3/../../..\libmingwex.a(dirent.o)
 .bss           0x00410088        0x0 d:/programm/mingw/bin/../lib/gcc/mingw32/4.9.3/../../..\libmingwex.a(pformat.o)
 .bss           0x00410088        0x0 d:/programm/mingw/bin/../lib/gcc/mingw32/4.9.3/../../..\libmingwex.a(snprintf.o)
 .bss           0x00410088        0x0 d:/programm/mingw/bin/../lib/gcc/mingw32/4.9.3/../../..\libmingwex.a(vsnprintf.o)
 .bss           0x00410088        0x4 d:/programm/mingw/bin/../lib/gcc/mingw32/4.9.3/../../..\libmingwex.a(varofmt.o)
                0x00410088                __mingw_output_format_flag
 .bss           0x0041008c        0xc d:/programm/mingw/bin/../lib/gcc/mingw32/4.9.3/../../..\libmingwex.a(mbrtowc.o)
 .bss           0x00410098        0x0 d:/programm/mingw/bin/../lib/gcc/mingw32/4.9.3/../../..\libmingwex.a(wcrtomb.o)
 .bss           0x00410098        0x0 d:/programm/mingw/bin/../lib/gcc/mingw32/4.9.3/../../..\libmingwex.a(gdtoa.o)
 .bss           0x00410098        0x0 d:/programm/mingw/bin/../lib/gcc/mingw32/4.9.3/../../..\libmingwex.a(gmisc.o)
 .bss           0x00410098        0x0 d:/programm/mingw/bin/../lib/gcc/mingw32/4.9.3/../../..\libmingwex.a(dmisc.o)
 *fill*         0x00410098        0x8 
 .bss           0x004100a0      0x9a0 d:/programm/mingw/bin/../lib/gcc/mingw32/4.9.3/../../..\libmingwex.a(misc.o)
 .bss           0x00410a40        0x0 d:/programm/mingw/bin/../lib/gcc/mingw32/4.9.3/../../..\libmsvcrt.a(dczfs00772.o)
 .bss           0x00410a40        0x0 d:/programm/mingw/bin/../lib/gcc/mingw32/4.9.3/../../..\libmsvcrt.a(dczfs00761.o)
 .bss           0x00410a40        0x0 d:/programm/mingw/bin/../lib/gcc/mingw32/4.9.3/../../..\libmsvcrt.a(dczfs00748.o)
 .bss           0x00410a40        0x0 d:/programm/mingw/bin/../lib/gcc/mingw32/4.9.3/../../..\libmsvcrt.a(dczfs00742.o)
 .bss           0x00410a40        0x0 d:/programm/mingw/bin/../lib/gcc/mingw32/4.9.3/../../..\libmsvcrt.a(dczfs00739.o)
 .bss           0x00410a40        0x0 d:/programm/mingw/bin/../lib/gcc/mingw32/4.9.3/../../..\libmsvcrt.a(dczfs00721.o)
 .bss           0x00410a40        0x0 d:/programm/mingw/bin/../lib/gcc/mingw32/4.9.3/../../..\libmsvcrt.a(dczfs00716.o)
 .bss           0x00410a40        0x0 d:/programm/mingw/bin/../lib/gcc/mingw32/4.9.3/../../..\libmsvcrt.a(dczfs00714.o)
 .bss           0x00410a40        0x0 d:/programm/mingw/bin/../lib/gcc/mingw32/4.9.3/../../..\libmsvcrt.a(dczfs00706.o)
 .bss           0x00410a40        0x0 d:/programm/mingw/bin/../lib/gcc/mingw32/4.9.3/../../..\libmsvcrt.a(dczfs00704.o)
 .bss           0x00410a40        0x0 d:/programm/mingw/bin/../lib/gcc/mingw32/4.9.3/../../..\libmsvcrt.a(dczfs00698.o)
 .bss           0x00410a40        0x0 d:/programm/mingw/bin/../lib/gcc/mingw32/4.9.3/../../..\libmsvcrt.a(dczfs00682.o)
 .bss           0x00410a40        0x0 d:/programm/mingw/bin/../lib/gcc/mingw32/4.9.3/../../..\libmsvcrt.a(dczfs00678.o)
 .bss           0x00410a40        0x0 d:/programm/mingw/bin/../lib/gcc/mingw32/4.9.3/../../..\libmsvcrt.a(dczfs00676.o)
 .bss           0x00410a40        0x0 d:/programm/mingw/bin/../lib/gcc/mingw32/4.9.3/../../..\libmsvcrt.a(dczfs00671.o)
 .bss           0x00410a40        0x0 d:/programm/mingw/bin/../lib/gcc/mingw32/4.9.3/../../..\libmsvcrt.a(dczfs00652.o)
 .bss           0x00410a40        0x0 d:/programm/mingw/bin/../lib/gcc/mingw32/4.9.3/../../..\libmsvcrt.a(dczfs00637.o)
 .bss           0x00410a40        0x0 d:/programm/mingw/bin/../lib/gcc/mingw32/4.9.3/../../..\libmsvcrt.a(dczfs00636.o)
 .bss           0x00410a40        0x0 d:/programm/mingw/bin/../lib/gcc/mingw32/4.9.3/../../..\libmsvcrt.a(dczfs00633.o)
 .bss           0x00410a40        0x0 d:/programm/mingw/bin/../lib/gcc/mingw32/4.9.3/../../..\libmsvcrt.a(dczfs00625.o)
 .bss           0x00410a40        0x0 d:/programm/mingw/bin/../lib/gcc/mingw32/4.9.3/../../..\libmsvcrt.a(dczfs00620.o)
 .bss           0x00410a40        0x0 d:/programm/mingw/bin/../lib/gcc/mingw32/4.9.3/../../..\libmsvcrt.a(dczfs00595.o)
 .bss           0x00410a40        0x0 d:/programm/mingw/bin/../lib/gcc/mingw32/4.9.3/../../..\libmsvcrt.a(dczfs00592.o)
 .bss           0x00410a40        0x0 d:/programm/mingw/bin/../lib/gcc/mingw32/4.9.3/../../..\libmsvcrt.a(dczfs00590.o)
 .bss           0x00410a40        0x0 d:/programm/mingw/bin/../lib/gcc/mingw32/4.9.3/../../..\libmsvcrt.a(dczfs00583.o)
 .bss           0x00410a40        0x0 d:/programm/mingw/bin/../lib/gcc/mingw32/4.9.3/../../..\libmsvcrt.a(dczfs00426.o)
 .bss           0x00410a40        0x0 d:/programm/mingw/bin/../lib/gcc/mingw32/4.9.3/../../..\libmsvcrt.a(dczfs00383.o)
 .bss           0x00410a40        0x0 d:/programm/mingw/bin/../lib/gcc/mingw32/4.9.3/../../..\libmsvcrt.a(dczfs00266.o)
 .bss           0x00410a40        0x0 d:/programm/mingw/bin/../lib/gcc/mingw32/4.9.3/../../..\libmsvcrt.a(dczfs00228.o)
 .bss           0x00410a40        0x0 d:/programm/mingw/bin/../lib/gcc/mingw32/4.9.3/../../..\libmsvcrt.a(dczfs00182.o)
 .bss           0x00410a40        0x0 d:/programm/mingw/bin/../lib/gcc/mingw32/4.9.3/../../..\libmsvcrt.a(dczfs00147.o)
 .bss           0x00410a40        0x0 d:/programm/mingw/bin/../lib/gcc/mingw32/4.9.3/../../..\libmsvcrt.a(dczfs00099.o)
 .bss           0x00410a40        0x0 d:/programm/mingw/bin/../lib/gcc/mingw32/4.9.3/../../..\libmsvcrt.a(dczfs00079.o)
 .bss           0x00410a40        0x0 d:/programm/mingw/bin/../lib/gcc/mingw32/4.9.3/../../..\libmsvcrt.a(dczfs00077.o)
 .bss           0x00410a40        0x0 d:/programm/mingw/bin/../lib/gcc/mingw32/4.9.3/../../..\libmsvcrt.a(dczfs00065.o)
 .bss           0x00410a40        0x0 d:/programm/mingw/bin/../lib/gcc/mingw32/4.9.3/../../..\libmsvcrt.a(dczfs00055.o)
 .bss           0x00410a40        0x0 d:/programm/mingw/bin/../lib/gcc/mingw32/4.9.3/../../..\libmsvcrt.a(dczfh.o)
 .bss           0x00410a40        0x0 d:/programm/mingw/bin/../lib/gcc/mingw32/4.9.3/../../..\libmsvcrt.a(dczft.o)
 .bss           0x00410a40        0x0 d:/programm/mingw/bin/../lib/gcc/mingw32/4.9.3/../../..\libkernel32.a(dchds01247.o)
 .bss           0x00410a40        0x0 d:/programm/mingw/bin/../lib/gcc/mingw32/4.9.3/../../..\libkernel32.a(dchds01215.o)
 .bss           0x00410a40        0x0 d:/programm/mingw/bin/../lib/gcc/mingw32/4.9.3/../../..\libkernel32.a(dchds01213.o)
 .bss           0x00410a40        0x0 d:/programm/mingw/bin/../lib/gcc/mingw32/4.9.3/../../..\libkernel32.a(dchds01173.o)
 .bss           0x00410a40        0x0 d:/programm/mingw/bin/../lib/gcc/mingw32/4.9.3/../../..\libkernel32.a(dchds01152.o)
 .bss           0x00410a40        0x0 d:/programm/mingw/bin/../lib/gcc/mingw32/4.9.3/../../..\libkernel32.a(dchds01140.o)
 .bss           0x00410a40        0x0 d:/programm/mingw/bin/../lib/gcc/mingw32/4.9.3/../../..\libkernel32.a(dchds00860.o)
 .bss           0x00410a40        0x0 d:/programm/mingw/bin/../lib/gcc/mingw32/4.9.3/../../..\libkernel32.a(dchds00817.o)
 .bss           0x00410a40        0x0 d:/programm/mingw/bin/../lib/gcc/mingw32/4.9.3/../../..\libkernel32.a(dchds00814.o)
 .bss           0x00410a40        0x0 d:/programm/mingw/bin/../lib/gcc/mingw32/4.9.3/../../..\libkernel32.a(dchds00763.o)
 .bss           0x00410a40        0x0 d:/programm/mingw/bin/../lib/gcc/mingw32/4.9.3/../../..\libkernel32.a(dchds00744.o)
 .bss           0x00410a40        0x0 d:/programm/mingw/bin/../lib/gcc/mingw32/4.9.3/../../..\libkernel32.a(dchds00734.o)
 .bss           0x00410a40        0x0 d:/programm/mingw/bin/../lib/gcc/mingw32/4.9.3/../../..\libkernel32.a(dchds00577.o)
 .bss           0x00410a40        0x0 d:/programm/mingw/bin/../lib/gcc/mingw32/4.9.3/../../..\libkernel32.a(dchds00529.o)
 .bss           0x00410a40        0x0 d:/programm/mingw/bin/../lib/gcc/mingw32/4.9.3/../../..\libkernel32.a(dchds00510.o)
 .bss           0x00410a40        0x0 d:/programm/mingw/bin/../lib/gcc/mingw32/4.9.3/../../..\libkernel32.a(dchds00388.o)
 .bss           0x00410a40        0x0 d:/programm/mingw/bin/../lib/gcc/mingw32/4.9.3/../../..\libkernel32.a(dchds00352.o)
 .bss           0x00410a40        0x0 d:/programm/mingw/bin/../lib/gcc/mingw32/4.9.3/../../..\libkernel32.a(dchds00321.o)
 .bss           0x00410a40        0x0 d:/programm/mingw/bin/../lib/gcc/mingw32/4.9.3/../../..\libkernel32.a(dchds00304.o)
 .bss           0x00410a40        0x0 d:/programm/mingw/bin/../lib/gcc/mingw32/4.9.3/../../..\libkernel32.a(dchds00300.o)
 .bss           0x00410a40        0x0 d:/programm/mingw/bin/../lib/gcc/mingw32/4.9.3/../../..\libkernel32.a(dchds00279.o)
 .bss           0x00410a40        0x0 d:/programm/mingw/bin/../lib/gcc/mingw32/4.9.3/../../..\libkernel32.a(dchds00236.o)
 .bss           0x00410a40        0x0 d:/programm/mingw/bin/../lib/gcc/mingw32/4.9.3/../../..\libkernel32.a(dchds00207.o)
 .bss           0x00410a40        0x0 d:/programm/mingw/bin/../lib/gcc/mingw32/4.9.3/../../..\libkernel32.a(dchdh.o)
 .bss           0x00410a40        0x0 d:/programm/mingw/bin/../lib/gcc/mingw32/4.9.3/../../..\libkernel32.a(dchdt.o)
 .bss           0x00410a40        0x0 d:/programm/mingw/bin/../lib/gcc/mingw32/4.9.3\libgcc.a(_udivdi3.o)
 .bss           0x00410a40        0x0 d:/programm/mingw/bin/../lib/gcc/mingw32/4.9.3\libgcc.a(_umoddi3.o)
 .bss           0x00410a40        0x0 d:/programm/mingw/bin/../lib/gcc/mingw32/4.9.3/../../..\libmoldname.a(dxpgs00082.o)
 .bss           0x00410a40        0x0 d:/programm/mingw/bin/../lib/gcc/mingw32/4.9.3/../../..\libmoldname.a(dxpgs00080.o)
 .bss           0x00410a40        0x0 d:/programm/mingw/bin/../lib/gcc/mingw32/4.9.3/../../..\libmoldname.a(dxpgh.o)
 .bss           0x00410a40        0x0 d:/programm/mingw/bin/../lib/gcc/mingw32/4.9.3/../../..\libmoldname.a(dxpgt.o)
 .bss           0x00410a40        0x0 d:/programm/mingw/bin/../lib/gcc/mingw32/4.9.3/crtend.o
 *(COMMON)
 COMMON         0x00410a40        0x4 d:/programm/mingw/bin/../lib/gcc/mingw32/4.9.3/crtbegin.o
                0x00410a40                hmod_libgcc
 *fill*         0x00410a44       0x1c 
 COMMON         0x00410a60       0x28 E:\NeuOrga\Programmieren\c_cpp\github_os\output\os_base\obj_x86\os_task_common.o
                0x00410a60                TASK_PTR
 *fill*         0x00410a88       0x18 
 COMMON         0x00410aa0     0x5d90 E:\NeuOrga\Programmieren\c_cpp\github_os\output\os_base\obj_x86\os_ram.o
                0x00410aa0                TASK_2_VAR
                0x00410b4c                LAST_CURRENT_TIME
                0x00410b5c                REGISTER_R10
                0x00410b60                RAM_CHECK_FAILURE_ADDR
                0x00410b80                TASK_3_VAR
                0x00410c2c                VAR_USAGE_FAULT_STATUS_REG
                0x00410c30                TASK2_CALL_NR
                0x00410c40                TASK_GROUP_1
                0x00410c60                TASK_TRANSITION_CURRENT_STATE
                0x00410c64                TASK_TRANSITION_REJECTED_TASK_ADDR
                0x00410c68                VAR_MEM_MANAG_FAULT_STATUS_REG
                0x00410c6c                REGISTER_R6
                0x00410c70                REGISTER_R1
                0x00410c80                TASK_IDLE_QUEUE
                0x00410d2c                VAR_BUS_FAULT_ADDR_REG
                0x00410d30                REGISTER_R9
                0x00410d40                TASK_GROUP_5
                0x00410d60                TASK1_CALL_NR
                0x00410d64                TASK4_CALL_NR
                0x00410d68                REGISTER_R11
                0x00410d6c                VAR_AUX_FAULT_STATUS_REG
                0x00410d70                OS_STATE
                0x00410d74                TASK3_CALL_NR
                0x00410d78                VAR_HARDFAULT_STATUS_REG
                0x00410d7c                REGISTER_R4
                0x00410d80                VAR_FAULT_STATUS_REG
                0x00410da0                OS_SW_BUG
                0x00410de0                TASK_GROUP_2
                0x00410e00                REGISTER_R7
                0x00410e20                TASK_RUN_QUEUE
                0x004114d8                DBG_CTRL_VALUE
                0x004114dc                REGISTER_R0
                0x004114e0                VAR_MEM_FAULT_ADDR_REG
                0x004114e4                SAVED_STACK_POINTER
                0x004114e8                bTASK_QUEUE_INITIALIZED
                0x004114ec                REGISTER_R5
                0x004114f0                CRITICAL_STACK_USAGE_PERCENT
                0x004114f4                DBG_RLD_VALUE
                0x004114f8                CRITICAL_POS
                0x00411500                OS_MAIN_STACK
                0x00411700                TASK_GROUP_4
                0x00411720                VAR_BUS_FAULT_STATUS_REG
                0x00411724                LINK_REGISTER_HANDLER
                0x00411728                DBG_CURR_VAL
                0x0041172c                RAM_CHECK_FAILURE_DETECTED
                0x00411730                CRITICAL_ADDR
                0x00411734                DBG_CALIB_VALUE
                0x00411738                BACKUP_SYSTICK_CURRENT_VAL_REG
                0x0041173c                RUNNING_SCHEDULING_QUEUE_ENTRY
                0x00411740                TASK_GROUP_3
                0x00411760                TASK_TRANSITION_REJECTED_STATE
                0x00411780                RUNNING_TASK
                0x00411840                TASK_1_VAR
                0x00411900                TASK_STACK
                0x00416720                REGISTER_R8
                0x00416724                REGISTER_R3
                0x00416740                TASK_SCHEDULING_QUEUE
                0x00416780                TASK_0_VAR
                0x0041682c                REGISTER_R2
 *fill*         0x00416830       0x10 
 COMMON         0x00416840     0x1000 E:\NeuOrga\Programmieren\c_cpp\github_os\output\os_base\obj_x86\os_shared_ram.o
                0x00416840                RAM_BLOCK_C03_C02
                0x00416940                RAM_BLOCK_C01_C02
                0x00416a40                RAM_BLOCK_C02_C02
                0x00416b40                RAM_BLOCK_C00_C02
                0x00416c40                RAM_BLOCK_C00_C03
                0x00416d40                RAM_BLOCK_C01_C01
                0x00416e40                RAM_BLOCK_C03_C03
                0x00416f40                RAM_BLOCK_C01_C03
                0x00417040                RAM_BLOCK_C02_C00
                0x00417140                RAM_BLOCK_C00_C01
                0x00417240                RAM_BLOCK_C03_C00
                0x00417340                RAM_BLOCK_C02_C01
                0x00417440                RAM_BLOCK_C01_C00
                0x00417540                RAM_BLOCK_C02_C03
                0x00417640                RAM_BLOCK_C03_C01
                0x00417740                RAM_BLOCK_C00_C00
 COMMON         0x00417840       0x10 d:/programm/mingw/bin/../lib/gcc/mingw32/4.9.3\libgcc.a(_ctors.o)
                0x00417850                __bss_end__ = .

.edata
 *(.edata)

/DISCARD/
 *(.debug$S)
 *(.debug$T)
 *(.debug$F)
 *(.drectve)
 *(.note.GNU-stack)
 *(.gnu.lto_*)

.idata          0x00418000      0x800
 SORT(*)(.idata$2)
 .idata$2       0x00418000       0x14 d:/programm/mingw/bin/../lib/gcc/mingw32/4.9.3/../../..\libkernel32.a(dchdh.o)
                0x00418000                _head_libkernel32_a
 .idata$2       0x00418014       0x14 d:/programm/mingw/bin/../lib/gcc/mingw32/4.9.3/../../..\libmoldname.a(dxpgh.o)
                0x00418014                _head_libmoldname_a
 .idata$2       0x00418028       0x14 d:/programm/mingw/bin/../lib/gcc/mingw32/4.9.3/../../..\libmsvcrt.a(dczfh.o)
                0x00418028                _head_libmsvcrt_a
 SORT(*)(.idata$3)
                0x0041803c        0x4 LONG 0x0
                0x00418040        0x4 LONG 0x0
                0x00418044        0x4 LONG 0x0
                0x00418048        0x4 LONG 0x0
                0x0041804c        0x4 LONG 0x0
 SORT(*)(.idata$4)
 .idata$4       0x00418050        0x0 d:/programm/mingw/bin/../lib/gcc/mingw32/4.9.3/../../..\libkernel32.a(dchdh.o)
 .idata$4       0x00418050        0x4 d:/programm/mingw/bin/../lib/gcc/mingw32/4.9.3/../../..\libkernel32.a(dchds00207.o)
 .idata$4       0x00418054        0x4 d:/programm/mingw/bin/../lib/gcc/mingw32/4.9.3/../../..\libkernel32.a(dchds00236.o)
 .idata$4       0x00418058        0x4 d:/programm/mingw/bin/../lib/gcc/mingw32/4.9.3/../../..\libkernel32.a(dchds00279.o)
 .idata$4       0x0041805c        0x4 d:/programm/mingw/bin/../lib/gcc/mingw32/4.9.3/../../..\libkernel32.a(dchds00300.o)
 .idata$4       0x00418060        0x4 d:/programm/mingw/bin/../lib/gcc/mingw32/4.9.3/../../..\libkernel32.a(dchds00304.o)
 .idata$4       0x00418064        0x4 d:/programm/mingw/bin/../lib/gcc/mingw32/4.9.3/../../..\libkernel32.a(dchds00321.o)
 .idata$4       0x00418068        0x4 d:/programm/mingw/bin/../lib/gcc/mingw32/4.9.3/../../..\libkernel32.a(dchds00352.o)
 .idata$4       0x0041806c        0x4 d:/programm/mingw/bin/../lib/gcc/mingw32/4.9.3/../../..\libkernel32.a(dchds00388.o)
 .idata$4       0x00418070        0x4 d:/programm/mingw/bin/../lib/gcc/mingw32/4.9.3/../../..\libkernel32.a(dchds00510.o)
 .idata$4       0x00418074        0x4 d:/programm/mingw/bin/../lib/gcc/mingw32/4.9.3/../../..\libkernel32.a(dchds00529.o)
 .idata$4       0x00418078        0x4 d:/programm/mingw/bin/../lib/gcc/mingw32/4.9.3/../../..\libkernel32.a(dchds00577.o)
 .idata$4       0x0041807c        0x4 d:/programm/mingw/bin/../lib/gcc/mingw32/4.9.3/../../..\libkernel32.a(dchds00734.o)
 .idata$4       0x00418080        0x4 d:/programm/mingw/bin/../lib/gcc/mingw32/4.9.3/../../..\libkernel32.a(dchds00744.o)
 .idata$4       0x00418084        0x4 d:/programm/mingw/bin/../lib/gcc/mingw32/4.9.3/../../..\libkernel32.a(dchds00763.o)
 .idata$4       0x00418088        0x4 d:/programm/mingw/bin/../lib/gcc/mingw32/4.9.3/../../..\libkernel32.a(dchds00814.o)
 .idata$4       0x0041808c        0x4 d:/programm/mingw/bin/../lib/gcc/mingw32/4.9.3/../../..\libkernel32.a(dchds00817.o)
 .idata$4       0x00418090        0x4 d:/programm/mingw/bin/../lib/gcc/mingw32/4.9.3/../../..\libkernel32.a(dchds00860.o)
 .idata$4       0x00418094        0x4 d:/programm/mingw/bin/../lib/gcc/mingw32/4.9.3/../../..\libkernel32.a(dchds01140.o)
 .idata$4       0x00418098        0x4 d:/programm/mingw/bin/../lib/gcc/mingw32/4.9.3/../../..\libkernel32.a(dchds01152.o)
 .idata$4       0x0041809c        0x4 d:/programm/mingw/bin/../lib/gcc/mingw32/4.9.3/../../..\libkernel32.a(dchds01173.o)
 .idata$4       0x004180a0        0x4 d:/programm/mingw/bin/../lib/gcc/mingw32/4.9.3/../../..\libkernel32.a(dchds01213.o)
 .idata$4       0x004180a4        0x4 d:/programm/mingw/bin/../lib/gcc/mingw32/4.9.3/../../..\libkernel32.a(dchds01215.o)
 .idata$4       0x004180a8        0x4 d:/programm/mingw/bin/../lib/gcc/mingw32/4.9.3/../../..\libkernel32.a(dchds01247.o)
 .idata$4       0x004180ac        0x4 d:/programm/mingw/bin/../lib/gcc/mingw32/4.9.3/../../..\libkernel32.a(dchdt.o)
 .idata$4       0x004180b0        0x0 d:/programm/mingw/bin/../lib/gcc/mingw32/4.9.3/../../..\libmoldname.a(dxpgh.o)
 .idata$4       0x004180b0        0x4 d:/programm/mingw/bin/../lib/gcc/mingw32/4.9.3/../../..\libmoldname.a(dxpgs00080.o)
 .idata$4       0x004180b4        0x4 d:/programm/mingw/bin/../lib/gcc/mingw32/4.9.3/../../..\libmoldname.a(dxpgs00082.o)
 .idata$4       0x004180b8        0x4 d:/programm/mingw/bin/../lib/gcc/mingw32/4.9.3/../../..\libmoldname.a(dxpgt.o)
 .idata$4       0x004180bc        0x0 d:/programm/mingw/bin/../lib/gcc/mingw32/4.9.3/../../..\libmsvcrt.a(dczfh.o)
 .idata$4       0x004180bc        0x4 d:/programm/mingw/bin/../lib/gcc/mingw32/4.9.3/../../..\libmsvcrt.a(dczfs00055.o)
 .idata$4       0x004180c0        0x4 d:/programm/mingw/bin/../lib/gcc/mingw32/4.9.3/../../..\libmsvcrt.a(dczfs00065.o)
 .idata$4       0x004180c4        0x4 d:/programm/mingw/bin/../lib/gcc/mingw32/4.9.3/../../..\libmsvcrt.a(dczfs00077.o)
 .idata$4       0x004180c8        0x4 d:/programm/mingw/bin/../lib/gcc/mingw32/4.9.3/../../..\libmsvcrt.a(dczfs00079.o)
 .idata$4       0x004180cc        0x4 d:/programm/mingw/bin/../lib/gcc/mingw32/4.9.3/../../..\libmsvcrt.a(dczfs00099.o)
 .idata$4       0x004180d0        0x4 d:/programm/mingw/bin/../lib/gcc/mingw32/4.9.3/../../..\libmsvcrt.a(dczfs00147.o)
 .idata$4       0x004180d4        0x4 d:/programm/mingw/bin/../lib/gcc/mingw32/4.9.3/../../..\libmsvcrt.a(dczfs00182.o)
 .idata$4       0x004180d8        0x4 d:/programm/mingw/bin/../lib/gcc/mingw32/4.9.3/../../..\libmsvcrt.a(dczfs00228.o)
 .idata$4       0x004180dc        0x4 d:/programm/mingw/bin/../lib/gcc/mingw32/4.9.3/../../..\libmsvcrt.a(dczfs00266.o)
 .idata$4       0x004180e0        0x4 d:/programm/mingw/bin/../lib/gcc/mingw32/4.9.3/../../..\libmsvcrt.a(dczfs00383.o)
 .idata$4       0x004180e4        0x4 d:/programm/mingw/bin/../lib/gcc/mingw32/4.9.3/../../..\libmsvcrt.a(dczfs00426.o)
 .idata$4       0x004180e8        0x4 d:/programm/mingw/bin/../lib/gcc/mingw32/4.9.3/../../..\libmsvcrt.a(dczfs00583.o)
 .idata$4       0x004180ec        0x4 d:/programm/mingw/bin/../lib/gcc/mingw32/4.9.3/../../..\libmsvcrt.a(dczfs00590.o)
 .idata$4       0x004180f0        0x4 d:/programm/mingw/bin/../lib/gcc/mingw32/4.9.3/../../..\libmsvcrt.a(dczfs00592.o)
 .idata$4       0x004180f4        0x4 d:/programm/mingw/bin/../lib/gcc/mingw32/4.9.3/../../..\libmsvcrt.a(dczfs00595.o)
 .idata$4       0x004180f8        0x4 d:/programm/mingw/bin/../lib/gcc/mingw32/4.9.3/../../..\libmsvcrt.a(dczfs00620.o)
 .idata$4       0x004180fc        0x4 d:/programm/mingw/bin/../lib/gcc/mingw32/4.9.3/../../..\libmsvcrt.a(dczfs00625.o)
 .idata$4       0x00418100        0x4 d:/programm/mingw/bin/../lib/gcc/mingw32/4.9.3/../../..\libmsvcrt.a(dczfs00633.o)
 .idata$4       0x00418104        0x4 d:/programm/mingw/bin/../lib/gcc/mingw32/4.9.3/../../..\libmsvcrt.a(dczfs00636.o)
 .idata$4       0x00418108        0x4 d:/programm/mingw/bin/../lib/gcc/mingw32/4.9.3/../../..\libmsvcrt.a(dczfs00637.o)
 .idata$4       0x0041810c        0x4 d:/programm/mingw/bin/../lib/gcc/mingw32/4.9.3/../../..\libmsvcrt.a(dczfs00652.o)
 .idata$4       0x00418110        0x4 d:/programm/mingw/bin/../lib/gcc/mingw32/4.9.3/../../..\libmsvcrt.a(dczfs00671.o)
 .idata$4       0x00418114        0x4 d:/programm/mingw/bin/../lib/gcc/mingw32/4.9.3/../../..\libmsvcrt.a(dczfs00676.o)
 .idata$4       0x00418118        0x4 d:/programm/mingw/bin/../lib/gcc/mingw32/4.9.3/../../..\libmsvcrt.a(dczfs00678.o)
 .idata$4       0x0041811c        0x4 d:/programm/mingw/bin/../lib/gcc/mingw32/4.9.3/../../..\libmsvcrt.a(dczfs00682.o)
 .idata$4       0x00418120        0x4 d:/programm/mingw/bin/../lib/gcc/mingw32/4.9.3/../../..\libmsvcrt.a(dczfs00698.o)
 .idata$4       0x00418124        0x4 d:/programm/mingw/bin/../lib/gcc/mingw32/4.9.3/../../..\libmsvcrt.a(dczfs00704.o)
 .idata$4       0x00418128        0x4 d:/programm/mingw/bin/../lib/gcc/mingw32/4.9.3/../../..\libmsvcrt.a(dczfs00706.o)
 .idata$4       0x0041812c        0x4 d:/programm/mingw/bin/../lib/gcc/mingw32/4.9.3/../../..\libmsvcrt.a(dczfs00714.o)
 .idata$4       0x00418130        0x4 d:/programm/mingw/bin/../lib/gcc/mingw32/4.9.3/../../..\libmsvcrt.a(dczfs00716.o)
 .idata$4       0x00418134        0x4 d:/programm/mingw/bin/../lib/gcc/mingw32/4.9.3/../../..\libmsvcrt.a(dczfs00721.o)
 .idata$4       0x00418138        0x4 d:/programm/mingw/bin/../lib/gcc/mingw32/4.9.3/../../..\libmsvcrt.a(dczfs00739.o)
 .idata$4       0x0041813c        0x4 d:/programm/mingw/bin/../lib/gcc/mingw32/4.9.3/../../..\libmsvcrt.a(dczfs00742.o)
 .idata$4       0x00418140        0x4 d:/programm/mingw/bin/../lib/gcc/mingw32/4.9.3/../../..\libmsvcrt.a(dczfs00748.o)
 .idata$4       0x00418144        0x4 d:/programm/mingw/bin/../lib/gcc/mingw32/4.9.3/../../..\libmsvcrt.a(dczfs00761.o)
 .idata$4       0x00418148        0x4 d:/programm/mingw/bin/../lib/gcc/mingw32/4.9.3/../../..\libmsvcrt.a(dczfs00772.o)
 .idata$4       0x0041814c        0x4 d:/programm/mingw/bin/../lib/gcc/mingw32/4.9.3/../../..\libmsvcrt.a(dczft.o)
                0x00418150                __IAT_start__ = .
 SORT(*)(.idata$5)
 .idata$5       0x00418150        0x0 d:/programm/mingw/bin/../lib/gcc/mingw32/4.9.3/../../..\libkernel32.a(dchdh.o)
 .idata$5       0x00418150        0x4 d:/programm/mingw/bin/../lib/gcc/mingw32/4.9.3/../../..\libkernel32.a(dchds00207.o)
                0x00418150                _imp__DeleteCriticalSection@4
 .idata$5       0x00418154        0x4 d:/programm/mingw/bin/../lib/gcc/mingw32/4.9.3/../../..\libkernel32.a(dchds00236.o)
                0x00418154                _imp__EnterCriticalSection@4
 .idata$5       0x00418158        0x4 d:/programm/mingw/bin/../lib/gcc/mingw32/4.9.3/../../..\libkernel32.a(dchds00279.o)
                0x00418158                _imp__ExitProcess@4
 .idata$5       0x0041815c        0x4 d:/programm/mingw/bin/../lib/gcc/mingw32/4.9.3/../../..\libkernel32.a(dchds00300.o)
                0x0041815c                _imp__FindClose@4