Archive member included to satisfy reference by file (symbol)

d:/programm/mingw/bin/../lib/gcc/mingw32/4.9.3/../../..\libmingw32.a(CRTglob.o)
                              d:/programm/mingw/bin/../lib/gcc/mingw32/4.9.3/../../../crt2.o (_CRT_glob)
d:/programm/mingw/bin/../lib/gcc/mingw32/4.9.3/../../..\libmingw32.a(setargv.o)
                              d:/programm/mingw/bin/../lib/gcc/mingw32/4.9.3/../../../crt2.o (_setargv)
d:/programm/mingw/bin/../lib/gcc/mingw32/4.9.3/../../..\libmingw32.a(CRTfmode.o)
                              d:/programm/mingw/bin/../lib/gcc/mingw32/4.9.3/../../../crt2.o (_CRT_fmode)
d:/programm/mingw/bin/../lib/gcc/mingw32/4.9.3/../../..\libmingw32.a(cpu_features.o)
                              d:/programm/mingw/bin/../lib/gcc/mingw32/4.9.3/../../../crt2.o (__cpu_features_init)
d:/programm/mingw/bin/../lib/gcc/mingw32/4.9.3/../../..\libmingw32.a(CRT_fp10.o)
                              d:/programm/mingw/bin/../lib/gcc/mingw32/4.9.3/../../../crt2.o (_fpreset)
d:/programm/mingw/bin/../lib/gcc/mingw32/4.9.3/../../..\libmingw32.a(txtmode.o)
                              d:/programm/mingw/bin/../lib/gcc/mingw32/4.9.3/../../../crt2.o (_fmode)
d:/programm/mingw/bin/../lib/gcc/mingw32/4.9.3/../../..\libmingw32.a(gccmain.o)
                              d:/programm/mingw/bin/../lib/gcc/mingw32/4.9.3/../../../crt2.o (__main)
d:/programm/mingw/bin/../lib/gcc/mingw32/4.9.3/../../..\libmingw32.a(tlssup.o)
                              d:/programm/mingw/bin/../lib/gcc/mingw32/4.9.3/../../../crt2.o (__dyn_tls_init_callback)
d:/programm/mingw/bin/../lib/gcc/mingw32/4.9.3/../../..\libmingw32.a(tlsthrd.o)
                              d:/programm/mingw/bin/../lib/gcc/mingw32/4.9.3/../../..\libmingw32.a(tlssup.o) (__mingw_TLScallback)
d:/programm/mingw/bin/../lib/gcc/mingw32/4.9.3/../../..\libmingw32.a(pseudo-reloc.o)
                              d:/programm/mingw/bin/../lib/gcc/mingw32/4.9.3/../../../crt2.o (_pei386_runtime_relocator)
d:/programm/mingw/bin/../lib/gcc/mingw32/4.9.3/../../..\libmingw32.a(pseudo-reloc-list.o)
                              d:/programm/mingw/bin/../lib/gcc/mingw32/4.9.3/../../..\libmingw32.a(pseudo-reloc.o) (__RUNTIME_PSEUDO_RELOC_LIST__)
d:/programm/mingw/bin/../lib/gcc/mingw32/4.9.3/../../..\libmingw32.a(crtst.o)
                              d:/programm/mingw/bin/../lib/gcc/mingw32/4.9.3/../../..\libmingw32.a(tlssup.o) (_CRT_MT)
d:/programm/mingw/bin/../lib/gcc/mingw32/4.9.3\libgcc.a(_chkstk_ms.o)
                              d:/programm/mingw/bin/../lib/gcc/mingw32/4.9.3/../../..\libmingw32.a(setargv.o) (__chkstk_ms)
d:/programm/mingw/bin/../lib/gcc/mingw32/4.9.3\libgcc.a(_ctors.o)
                              d:/programm/mingw/bin/../lib/gcc/mingw32/4.9.3/../../..\libmingw32.a(gccmain.o) (__DTOR_LIST__)
d:/programm/mingw/bin/../lib/gcc/mingw32/4.9.3/../../..\libmingwex.a(vfprintf.o)
                              E:\NeuOrga\Programmieren\c_cpp\github_os\output\os_base\obj_x86\os_common_test.o (__mingw_vfprintf)
d:/programm/mingw/bin/../lib/gcc/mingw32/4.9.3/../../..\libmingwex.a(glob.o)
                              d:/programm/mingw/bin/../lib/gcc/mingw32/4.9.3/../../..\libmingw32.a(setargv.o) (__mingw_glob)
d:/programm/mingw/bin/../lib/gcc/mingw32/4.9.3/../../..\libmingwex.a(dirname.o)
                              d:/programm/mingw/bin/../lib/gcc/mingw32/4.9.3/../../..\libmingwex.a(glob.o) (__mingw_dirname)
d:/programm/mingw/bin/../lib/gcc/mingw32/4.9.3/../../..\libmingwex.a(dirent.o)
                              d:/programm/mingw/bin/../lib/gcc/mingw32/4.9.3/../../..\libmingwex.a(glob.o) (__mingw_opendir)
d:/programm/mingw/bin/../lib/gcc/mingw32/4.9.3/../../..\libmingwex.a(pformat.o)
                              d:/programm/mingw/bin/../lib/gcc/mingw32/4.9.3/../../..\libmingwex.a(vfprintf.o) (__mingw_pformat)
d:/programm/mingw/bin/../lib/gcc/mingw32/4.9.3/../../..\libmingwex.a(snprintf.o)
                              d:/programm/mingw/bin/../lib/gcc/mingw32/4.9.3/../../..\libmingwex.a(dirent.o) (snprintf)
d:/programm/mingw/bin/../lib/gcc/mingw32/4.9.3/../../..\libmingwex.a(vsnprintf.o)
                              d:/programm/mingw/bin/../lib/gcc/mingw32/4.9.3/../../..\libmingwex.a(snprintf.o) (__mingw_vsnprintf)
d:/programm/mingw/bin/../lib/gcc/mingw32/4.9.3/../../..\libmingwex.a(varofmt.o)
                              d:/programm/mingw/bin/../lib/gcc/mingw32/4.9.3/../../..\libmingwex.a(pformat.o) (__mingw_output_format_flag)
d:/programm/mingw/bin/../lib/gcc/mingw32/4.9.3/../../..\libmingwex.a(mbrtowc.o)
                              d:/programm/mingw/bin/../lib/gcc/mingw32/4.9.3/../../..\libmingwex.a(pformat.o) (mbrtowc)
d:/programm/mingw/bin/../lib/gcc/mingw32/4.9.3/../../..\libmingwex.a(wcrtomb.o)
                              d:/programm/mingw/bin/../lib/gcc/mingw32/4.9.3/../../..\libmingwex.a(pformat.o) (wcrtomb)
d:/programm/mingw/bin/../lib/gcc/mingw32/4.9.3/../../..\libmingwex.a(gdtoa.o)
[...]
Memory Configuration

Name             Origin             Length             Attributes
*default*        0x00000000         0xffffffff

Linker script and memory map

                0x00400000                __image_base__ = 0x400000
                0x00000000                __dll__ = 0x0
                0x00400000                ___ImageBase = 0x400000
                0x00001000                __section_alignment__ = 0x1000
                0x00000200                __file_alignment__ = 0x200
                0x00000004                __major_os_version__ = 0x4
                0x00000000                __minor_os_version__ = 0x0
                0x00000001                __major_image_version__ = 0x1
                0x00000000                __minor_image_version__ = 0x0
                0x00000004                __major_subsystem_version__ = 0x4
                0x00000000                __minor_subsystem_version__ = 0x0
                0x00000003                __subsystem__ = 0x3
                0x00200000                __size_of_stack_reserve__ = 0x200000
                0x00001000                __size_of_stack_commit__ = 0x1000
                0x00100000                __size_of_heap_reserve__ = 0x100000
                0x00001000                __size_of_heap_commit__ = 0x1000
                0x00000000                __loader_flags__ = 0x0
                0x00000000                __dll_characteristics__ = 0x0
LOAD d:/programm/mingw/bin/../lib/gcc/mingw32/4.9.3/../../../crt2.o
LOAD d:/programm/mingw/bin/../lib/gcc/mingw32/4.9.3/crtbegin.o
LOAD E:\NeuOrga\Programmieren\c_cpp\github_os\output\os_base\obj_x86\os_common_test.o
LOAD E:\NeuOrga\Programmieren\c_cpp\github_os\output\os_base\obj_x86\os_exception_test.o
LOAD E:\NeuOrga\Programmieren\c_cpp\github_os\output\os_base\obj_x86\os_exception_isr_handler_test.o
LOAD E:\NeuOrga\Programmieren\c_cpp\github_os\output\os_base\obj_x86\os_init_task_system_test.o
LOAD E:\NeuOrga\Programmieren\c_cpp\github_os\output\os_base\obj_x86\os_main_test.o
LOAD E:\NeuOrga\Programmieren\c_cpp\github_os\output\os_base\obj_x86\os_memory_mmu_setup_test.o
LOAD E:\NeuOrga\Programmieren\c_cpp\github_os\output\os_base\obj_x86\os_shutdown_test.o
LOAD E:\NeuOrga\Programmieren\c_cpp\github_os\output\os_base\obj_x86\os_start_ext_prg_test.o
LOAD E:\NeuOrga\Programmieren\c_cpp\github_os\output\os_base\obj_x86\os_start_init_hw_test.o
LOAD E:\NeuOrga\Programmieren\c_cpp\github_os\output\os_base\obj_x86\os_start_init_mc_test.o
LOAD E:\NeuOrga\Programmieren\c_cpp\github_os\output\os_base\obj_x86\os_start_init_sw_test.o
LOAD E:\NeuOrga\Programmieren\c_cpp\github_os\output\os_base\obj_x86\os_start_os_test.o
LOAD E:\NeuOrga\Programmieren\c_cpp\github_os\output\os_base\obj_x86\os_task_common_test.o
LOAD E:\NeuOrga\Programmieren\c_cpp\github_os\output\os_base\obj_x86\os_task_queue_test.o
LOAD E:\NeuOrga\Programmieren\c_cpp\github_os\output\os_base\obj_x86\os_task_scheduler_test.o
LOAD E:\NeuOrga\Programmieren\c_cpp\github_os\output\os_sim\obj_x86\os_sim_main_test.o
LOAD E:\NeuOrga\Programmieren\c_cpp\github_os\output\os_base\obj_x86\os_ram_test.o
LOAD E:\NeuOrga\Programmieren\c_cpp\github_os\output\os_base\obj_x86\os_ram_stack_test.o
LOAD E:\NeuOrga\Programmieren\c_cpp\github_os\output\os_base\obj_x86\os_ram_shared_test.o
LOAD E:\NeuOrga\Programmieren\c_cpp\github_os\output\os_base\obj_x86\os_stack_test.o
LOAD E:\NeuOrga\Programmieren\c_cpp\github_os\output\os_base\obj_x86\os_heap_test.o
LOAD E:\NeuOrga\Programmieren\c_cpp\github_os\output\os_sim\obj_x86\lld_global_test.o
LOAD E:\NeuOrga\Programmieren\c_cpp\github_os\output\os_sim\obj_x86\lld_interrupt_test.o
LOAD E:\NeuOrga\Programmieren\c_cpp\github_os\output\os_sim\obj_x86\lld_mmu_test.o
LOAD E:\NeuOrga\Programmieren\c_cpp\github_os\output\os_sim\obj_x86\lld_ram_test.o
LOAD E:\NeuOrga\Programmieren\c_cpp\github_os\output\os_sim\obj_x86\lld_timer_test.o
LOAD E:\NeuOrga\Programmieren\c_cpp\github_os\output\os_sim\obj_x86\lld_power_test.o
LOAD E:\NeuOrga\Programmieren\c_cpp\github_os\output\os_user_code\obj_x86\led_test.o
LOAD d:/programm/mingw/bin/../lib/gcc/mingw32/4.9.3\libstdc++.a
LOAD d:/programm/mingw/bin/../lib/gcc/mingw32/4.9.3/../../..\libmingw32.a
LOAD d:/programm/mingw/bin/../lib/gcc/mingw32/4.9.3\libgcc.a
LOAD d:/programm/mingw/bin/../lib/gcc/mingw32/4.9.3\libgcc_eh.a
LOAD d:/programm/mingw/bin/../lib/gcc/mingw32/4.9.3/../../..\libmoldname.a
LOAD d:/programm/mingw/bin/../lib/gcc/mingw32/4.9.3/../../..\libmingwex.a
LOAD d:/programm/mingw/bin/../lib/gcc/mingw32/4.9.3/../../..\libmsvcrt.a
LOAD d:/programm/mingw/bin/../lib/gcc/mingw32/4.9.3/../../..\libadvapi32.a
LOAD d:/programm/mingw/bin/../lib/gcc/mingw32/4.9.3/../../..\libshell32.a
LOAD d:/programm/mingw/bin/../lib/gcc/mingw32/4.9.3/../../..\libuser32.a
LOAD d:/programm/mingw/bin/../lib/gcc/mingw32/4.9.3/../../..\libkernel32.a
LOAD d:/programm/mingw/bin/../lib/gcc/mingw32/4.9.3/../../..\libmingw32.a
LOAD d:/programm/mingw/bin/../lib/gcc/mingw32/4.9.3\libgcc.a
LOAD d:/programm/mingw/bin/../lib/gcc/mingw32/4.9.3\libgcc_eh.a
LOAD d:/programm/mingw/bin/../lib/gcc/mingw32/4.9.3/../../..\libmoldname.a
LOAD d:/programm/mingw/bin/../lib/gcc/mingw32/4.9.3/../../..\libmingwex.a
LOAD d:/programm/mingw/bin/../lib/gcc/mingw32/4.9.3/../../..\libmsvcrt.a
LOAD d:/programm/mingw/bin/../lib/gcc/mingw32/4.9.3/crtend.o
                0x000003a8                . = SIZEOF_HEADERS
                0x00001000                . = ALIGN (__section_alignment__)

.text           0x00401000    0x48800
 *(.init)
 *(.text)
 .text          0x00401000      0x300 d:/programm/mingw/bin/../lib/gcc/mingw32/4.9.3/../../../crt2.o
                0x00401260                _mingw32_init_mainargs
                0x004012a0                mainCRTStartup
                0x004012c0                WinMainCRTStartup
                0x004012e0                atexit
                0x004012f0                _onexit
 .text          0x00401300      0x110 d:/programm/mingw/bin/../lib/gcc/mingw32/4.9.3/crtbegin.o
                0x00401300                __gcc_register_frame
                0x004013b0                __gcc_deregister_frame
 .text          0x00401410     0x2544 E:\NeuOrga\Programmieren\c_cpp\github_os\output\os_base\obj_x86\os_common_test.o
                0x00403097                main
 .text          0x00403954     0x2544 E:\NeuOrga\Programmieren\c_cpp\github_os\output\os_base\obj_x86\os_exception_test.o
 .text          0x00405e98     0x2544 E:\NeuOrga\Programmieren\c_cpp\github_os\output\os_base\obj_x86\os_exception_isr_handler_test.o
 .text          0x004083dc     0x2544 E:\NeuOrga\Programmieren\c_cpp\github_os\output\os_base\obj_x86\os_init_task_system_test.o
 .text          0x0040a920     0x2544 E:\NeuOrga\Programmieren\c_cpp\github_os\output\os_base\obj_x86\os_main_test.o
 .text          0x0040ce64     0x2544 E:\NeuOrga\Programmieren\c_cpp\github_os\output\os_base\obj_x86\os_memory_mmu_setup_test.o
 .text          0x0040f3a8     0x2544 E:\NeuOrga\Programmieren\c_cpp\github_os\output\os_base\obj_x86\os_shutdown_test.o
 .text          0x004118ec     0x2544 E:\NeuOrga\Programmieren\c_cpp\github_os\output\os_base\obj_x86\os_start_ext_prg_test.o
 .text          0x00413e30     0x2544 E:\NeuOrga\Programmieren\c_cpp\github_os\output\os_base\obj_x86\os_start_init_hw_test.o
 .text          0x00416374     0x2544 E:\NeuOrga\Programmieren\c_cpp\github_os\output\os_base\obj_x86\os_start_init_mc_test.o
 .text          0x004188b8     0x2544 E:\NeuOrga\Programmieren\c_cpp\github_os\output\os_base\obj_x86\os_start_init_sw_test.o
 .text          0x0041adfc     0x2544 E:\NeuOrga\Programmieren\c_cpp\github_os\output\os_base\obj_x86\os_start_os_test.o
 .text          0x0041d340     0x2544 E:\NeuOrga\Programmieren\c_cpp\github_os\output\os_base\obj_x86\os_task_common_test.o
 .text          0x0041f884     0x2544 E:\NeuOrga\Programmieren\c_cpp\github_os\output\os_base\obj_x86\os_task_queue_test.o
 .text          0x00421dc8     0x2544 E:\NeuOrga\Programmieren\c_cpp\github_os\output\os_base\obj_x86\os_task_scheduler_test.o
 .text          0x0042430c     0x2544 E:\NeuOrga\Programmieren\c_cpp\github_os\output\os_sim\obj_x86\os_sim_main_test.o
 .text          0x00426850     0x2544 E:\NeuOrga\Programmieren\c_cpp\github_os\output\os_base\obj_x86\os_ram_test.o
 .text          0x00428d94     0x2544 E:\NeuOrga\Programmieren\c_cpp\github_os\output\os_base\obj_x86\os_ram_stack_test.o
 .text          0x0042b2d8     0x2544 E:\NeuOrga\Programmieren\c_cpp\github_os\output\os_base\obj_x86\os_ram_shared_test.o
 .text          0x0042d81c     0x2544 E:\NeuOrga\Programmieren\c_cpp\github_os\output\os_base\obj_x86\os_stack_test.o
 .text          0x0042fd60     0x2544 E:\NeuOrga\Programmieren\c_cpp\github_os\output\os_base\obj_x86\os_heap_test.o
 .text          0x004322a4     0x2544 E:\NeuOrga\Programmieren\c_cpp\github_os\output\os_sim\obj_x86\lld_global_test.o
 .text          0x004347e8     0x2544 E:\NeuOrga\Programmieren\c_cpp\github_os\output\os_sim\obj_x86\lld_interrupt_test.o
 .text          0x00436d2c     0x2544 E:\NeuOrga\Programmieren\c_cpp\github_os\output\os_sim\obj_x86\lld_mmu_test.o
 .text          0x00439270     0x2544 E:\NeuOrga\Programmieren\c_cpp\github_os\output\os_sim\obj_x86\lld_ram_test.o
 .text          0x0043b7b4     0x2544 E:\NeuOrga\Programmieren\c_cpp\github_os\output\os_sim\obj_x86\lld_timer_test.o
 .text          0x0043dcf8     0x2544 E:\NeuOrga\Programmieren\c_cpp\github_os\output\os_sim\obj_x86\lld_power_test.o
 .text          0x0044023c     0x2544 E:\NeuOrga\Programmieren\c_cpp\github_os\output\os_user_code\obj_x86\led_test.o
 .text          0x00442780        0x0 d:/programm/mingw/bin/../lib/gcc/mingw32/4.9.3/../../..\libmingw32.a(CRTglob.o)
 .text          0x00442780      0x310 d:/programm/mingw/bin/../lib/gcc/mingw32/4.9.3/../../..\libmingw32.a(setargv.o)
                0x00442780                _setargv
 .text          0x00442a90        0x0 d:/programm/mingw/bin/../lib/gcc/mingw32/4.9.3/../../..\libmingw32.a(CRTfmode.o)
 .text          0x00442a90       0xe0 d:/programm/mingw/bin/../lib/gcc/mingw32/4.9.3/../../..\libmingw32.a(cpu_features.o)
                0x00442a90                __cpu_features_init
 .text          0x00442b70       0x10 d:/programm/mingw/bin/../lib/gcc/mingw32/4.9.3/../../..\libmingw32.a(CRT_fp10.o)
                0x00442b70                fpreset
                0x00442b70                _fpreset
 .text          0x00442b80        0x0 d:/programm/mingw/bin/../lib/gcc/mingw32/4.9.3/../../..\libmingw32.a(txtmode.o)
 .text          0x00442b80       0xa0 d:/programm/mingw/bin/../lib/gcc/mingw32/4.9.3/../../..\libmingw32.a(gccmain.o)
                0x00442b80                __do_global_dtors
                0x00442bb0                __do_global_ctors
                0x00442c00                __main
 .text          0x00442c20       0xf0 d:/programm/mingw/bin/../lib/gcc/mingw32/4.9.3/../../..\libmingw32.a(tlssup.o)
                0x00442c70                __dyn_tls_init@12
                0x00442d00                __tlregdtor
 .text          0x00442d10      0x240 d:/programm/mingw/bin/../lib/gcc/mingw32/4.9.3/../../..\libmingw32.a(tlsthrd.o)
                0x00442d80                ___w64_mingwthr_add_key_dtor
                0x00442e10                ___w64_mingwthr_remove_key_dtor
                0x00442eb0                __mingw_TLScallback
 .text          0x00442f50      0x320 d:/programm/mingw/bin/../lib/gcc/mingw32/4.9.3/../../..\libmingw32.a(pseudo-reloc.o)
                0x00443090                _pei386_runtime_relocator
 .text          0x00443270        0x0 d:/programm/mingw/bin/../lib/gcc/mingw32/4.9.3/../../..\libmingw32.a(pseudo-reloc-list.o)
 .text          0x00443270        0x0 d:/programm/mingw/bin/../lib/gcc/mingw32/4.9.3/../../..\libmingw32.a(crtst.o)
 .text          0x00443270       0x2c d:/programm/mingw/bin/../lib/gcc/mingw32/4.9.3\libgcc.a(_chkstk_ms.o)
                0x00443270                __chkstk_ms
 .text          0x0044329c        0x0 d:/programm/mingw/bin/../lib/gcc/mingw32/4.9.3\libgcc.a(_ctors.o)
 *fill*         0x0044329c        0x4 
 .text          0x004432a0       0x40 d:/programm/mingw/bin/../lib/gcc/mingw32/4.9.3/../../..\libmingwex.a(vfprintf.o)
                0x004432a0                __mingw_vfprintf
 .text          0x004432e0      0xd00 d:/programm/mingw/bin/../lib/gcc/mingw32/4.9.3/../../..\libmingwex.a(glob.o)
                0x00443ee0                __mingw_glob
                0x00443fc0                __mingw_globfree
 .text          0x00443fe0      0x400 d:/programm/mingw/bin/../lib/gcc/mingw32/4.9.3/../../..\libmingwex.a(dirname.o)
                0x00443fe0                __mingw_dirname
 .text          0x004443e0      0x4b0 d:/programm/mingw/bin/../lib/gcc/mingw32/4.9.3/../../..\libmingwex.a(dirent.o)
                0x00444550                __mingw_opendir
                0x004446f0                __mingw_readdir
                0x00444740                __mingw_closedir
                0x00444790                __mingw_rewinddir
                0x004447f0                __mingw_telldir
                0x00444820                __mingw_seekdir
 .text          0x00444890     0x1f10 d:/programm/mingw/bin/../lib/gcc/mingw32/4.9.3/../../..\libmingwex.a(pformat.o)
                0x00445e30                __mingw_pformat
 .text          0x004467a0       0x30 d:/programm/mingw/bin/../lib/gcc/mingw32/4.9.3/../../..\libmingwex.a(snprintf.o)
                0x004467a0                snprintf
                0x004467a0                __mingw_snprintf
 .text          0x004467d0       0x80 d:/programm/mingw/bin/../lib/gcc/mingw32/4.9.3/../../..\libmingwex.a(vsnprintf.o)
                0x004467d0                __mingw_vsnprintf
                0x004467d0                vsnprintf
 .text          0x00446850        0x0 d:/programm/mingw/bin/../lib/gcc/mingw32/4.9.3/../../..\libmingwex.a(varofmt.o)
 .text          0x00446850      0x420 d:/programm/mingw/bin/../lib/gcc/mingw32/4.9.3/../../..\libmingwex.a(mbrtowc.o)
                0x004469d0                mbrtowc
                0x00446a70                mbsrtowcs
                0x00446be0                mbrlen
 .text          0x00446c70      0x260 d:/programm/mingw/bin/../lib/gcc/mingw32/4.9.3/../../..\libmingwex.a(wcrtomb.o)
                0x00446d00                wcrtomb
                0x00446d80                wcsrtombs
 .text          0x00446ed0     0x14a0 d:/programm/mingw/bin/../lib/gcc/mingw32/4.9.3/../../..\libmingwex.a(gdtoa.o)
                0x00446ed0                __gdtoa
 .text          0x00448370      0x160 d:/programm/mingw/bin/../lib/gcc/mingw32/4.9.3/../../..\libmingwex.a(gmisc.o)
                0x00448370                __rshift_D2A
                0x00448490                __trailz_D2A
 .text          0x004484d0      0x2b0 d:/programm/mingw/bin/../lib/gcc/mingw32/4.9.3/../../..\libmingwex.a(dmisc.o)
                0x004484d0                __rv_alloc_D2A
                0x00448510                __nrv_alloc_D2A
                0x00448560                __freedtoa
                0x00448580                __quorem_D2A
 .text          0x00448780      0xb50 d:/programm/mingw/bin/../lib/gcc/mingw32/4.9.3/../../..\libmingwex.a(misc.o)
                0x004488a0                __Balloc_D2A
                0x00448970                __Bfree_D2A
                0x004489e0                __multadd_D2A
                0x00448ac0                __i2b_D2A
                0x00448af0                __mult_D2A
                0x00448c50                __pow5mult_D2A
                0x00448de0                __lshift_D2A
                0x00448ef0                __cmp_D2A
                0x00448f40                __diff_D2A
                0x004490c0                __b2d_D2A
                0x004491b0                __d2b_D2A
                0x004492a0                __strcp_D2A
 .text          0x004492d0        0x8 d:/programm/mingw/bin/../lib/gcc/mingw32/4.9.3/../../..\libmsvcrt.a(dczfs00772.o)
                0x004492d0                wcstombs
 .text          0x004492d8        0x8 d:/programm/mingw/bin/../lib/gcc/mingw32/4.9.3/../../..\libmsvcrt.a(dczfs00761.o)
                0x004492d8                wcslen
 .text          0x004492e0        0x8 d:/programm/mingw/bin/../lib/gcc/mingw32/4.9.3/../../..\libmsvcrt.a(dczfs00748.o)
                0x004492e0                vfprintf
 .text          0x004492e8        0x8 d:/programm/mingw/bin/../lib/gcc/mingw32/4.9.3/../../..\libmsvcrt.a(dczfs00742.o)
                0x004492e8                tolower
 .text          0x004492f0        0x8 d:/programm/mingw/bin/../lib/gcc/mingw32/4.9.3/../../..\libmsvcrt.a(dczfs00739.o)
                0x004492f0                time
 .text          0x004492f8        0x8 d:/programm/mingw/bin/../lib/gcc/mingw32/4.9.3/../../..\libmsvcrt.a(dczfs00721.o)
                0x004492f8                strlen
 .text          0x00449300        0x8 d:/programm/mingw/bin/../lib/gcc/mingw32/4.9.3/../../..\libmsvcrt.a(dczfs00716.o)
                0x00449300                strcoll
 .text          0x00449308        0x8 d:/programm/mingw/bin/../lib/gcc/mingw32/4.9.3/../../..\libmsvcrt.a(dczfs00714.o)
                0x00449308                strchr
 .text          0x00449310        0x8 d:/programm/mingw/bin/../lib/gcc/mingw32/4.9.3/../../..\libmsvcrt.a(dczfs00706.o)
                0x00449310                signal
 .text          0x00449318        0x8 d:/programm/mingw/bin/../lib/gcc/mingw32/4.9.3/../../..\libmsvcrt.a(dczfs00704.o)
                0x00449318                setlocale
 .text          0x00449320        0x8 d:/programm/mingw/bin/../lib/gcc/mingw32/4.9.3/../../..\libmsvcrt.a(dczfs00698.o)
                0x00449320                realloc
 .text          0x00449328        0x8 d:/programm/mingw/bin/../lib/gcc/mingw32/4.9.3/../../..\libmsvcrt.a(dczfs00684.o)
                0x00449328                memset
 .text          0x00449330        0x8 d:/programm/mingw/bin/../lib/gcc/mingw32/4.9.3/../../..\libmsvcrt.a(dczfs00682.o)
                0x00449330                memcpy
 .text          0x00449338        0x8 d:/programm/mingw/bin/../lib/gcc/mingw32/4.9.3/../../..\libmsvcrt.a(dczfs00678.o)
                0x00449338                mbstowcs
 .text          0x00449340        0x8 d:/programm/mingw/bin/../lib/gcc/mingw32/4.9.3/../../..\libmsvcrt.a(dczfs00676.o)
                0x00449340                malloc
 .text          0x00449348        0x8 d:/programm/mingw/bin/../lib/gcc/mingw32/4.9.3/../../..\libmsvcrt.a(dczfs00671.o)
                0x00449348                localeconv
 .text          0x00449350        0x8 d:/programm/mingw/bin/../lib/gcc/mingw32/4.9.3/../../..\libmsvcrt.a(dczfs00652.o)
                0x00449350                isspace
 .text          0x00449358        0x8 d:/programm/mingw/bin/../lib/gcc/mingw32/4.9.3/../../..\libmsvcrt.a(dczfs00637.o)
                0x00449358                getenv
 .text          0x00449360        0x8 d:/programm/mingw/bin/../lib/gcc/mingw32/4.9.3/../../..\libmsvcrt.a(dczfs00633.o)
                0x00449360                fwrite
 .text          0x00449368        0x8 d:/programm/mingw/bin/../lib/gcc/mingw32/4.9.3/../../..\libmsvcrt.a(dczfs00625.o)
                0x00449368                free
 .text          0x00449370        0x8 d:/programm/mingw/bin/../lib/gcc/mingw32/4.9.3/../../..\libmsvcrt.a(dczfs00620.o)
                0x00449370                fputc
 .text          0x00449378        0x8 d:/programm/mingw/bin/../lib/gcc/mingw32/4.9.3/../../..\libmsvcrt.a(dczfs00604.o)
                0x00449378                exit
 .text          0x00449380        0x8 d:/programm/mingw/bin/../lib/gcc/mingw32/4.9.3/../../..\libmsvcrt.a(dczfs00602.o)
                0x00449380                difftime
 .text          0x00449388        0x8 d:/programm/mingw/bin/../lib/gcc/mingw32/4.9.3/../../..\libmsvcrt.a(dczfs00595.o)
                0x00449388                calloc
 .text          0x00449390        0x8 d:/programm/mingw/bin/../lib/gcc/mingw32/4.9.3/../../..\libmsvcrt.a(dczfs00592.o)
                0x00449390                atoi
 .text          0x00449398        0x0 d:/programm/mingw/bin/../lib/gcc/mingw32/4.9.3/../../..\libmsvcrt.a(dczfs00590.o)
 .text          0x00449398        0x8 d:/programm/mingw/bin/../lib/gcc/mingw32/4.9.3/../../..\libmsvcrt.a(dczfs00583.o)
                0x00449398                abort
 .text          0x004493a0        0x8 d:/programm/mingw/bin/../lib/gcc/mingw32/4.9.3/../../..\libmsvcrt.a(dczfs00426.o)
                0x004493a0                _setmode
 .text          0x004493a8        0x0 d:/programm/mingw/bin/../lib/gcc/mingw32/4.9.3/../../..\libmsvcrt.a(dczfs00383.o)
 .text          0x004493a8        0x0 d:/programm/mingw/bin/../lib/gcc/mingw32/4.9.3/../../..\libmsvcrt.a(dczfs00266.o)
 .text          0x004493a8        0x8 d:/programm/mingw/bin/../lib/gcc/mingw32/4.9.3/../../..\libmsvcrt.a(dczfs00228.o)
                0x004493a8                _fullpath
 .text          0x004493b0        0x8 d:/programm/mingw/bin/../lib/gcc/mingw32/4.9.3/../../..\libmsvcrt.a(dczfs00182.o)
                0x004493b0                _errno
 .text          0x004493b8        0x8 d:/programm/mingw/bin/../lib/gcc/mingw32/4.9.3/../../..\libmsvcrt.a(dczfs00147.o)
                0x004493b8                _cexit
 .text          0x004493c0        0x8 d:/programm/mingw/bin/../lib/gcc/mingw32/4.9.3/../../..\libmsvcrt.a(dczfs00079.o)
                0x004493c0                __p__fmode
 .text          0x004493c8        0x8 d:/programm/mingw/bin/../lib/gcc/mingw32/4.9.3/../../..\libmsvcrt.a(dczfs00077.o)
                0x004493c8                __p__environ
 .text          0x004493d0        0x0 d:/programm/mingw/bin/../lib/gcc/mingw32/4.9.3/../../..\libmsvcrt.a(dczfs00065.o)
 .text          0x004493d0        0x8 d:/programm/mingw/bin/../lib/gcc/mingw32/4.9.3/../../..\libmsvcrt.a(dczfs00055.o)
                0x004493d0                __getmainargs
 .text          0x004493d8        0x0 d:/programm/mingw/bin/../lib/gcc/mingw32/4.9.3/../../..\libmsvcrt.a(dczfh.o)
 .text          0x004493d8        0x0 d:/programm/mingw/bin/../lib/gcc/mingw32/4.9.3/../../..\libmsvcrt.a(dczft.o)
 .text          0x004493d8        0x8 d:/programm/mingw/bin/../lib/gcc/mingw32/4.9.3/../../..\libkernel32.a(dchds01247.o)
                0x004493d8                WideCharToMultiByte@32
 .text          0x004493e0        0x8 d:/programm/mingw/bin/../lib/gcc/mingw32/4.9.3/../../..\libkernel32.a(dchds01215.o)
                0x004493e0                VirtualQuery@12
 .text          0x004493e8        0x8 d:/programm/mingw/bin/../lib/gcc/mingw32/4.9.3/../../..\libkernel32.a(dchds01213.o)
                0x004493e8                VirtualProtect@16
 .text          0x004493f0        0x8 d:/programm/mingw/bin/../lib/gcc/mingw32/4.9.3/../../..\libkernel32.a(dchds01173.o)
                0x004493f0                TlsGetValue@4
 .text          0x004493f8        0x8 d:/programm/mingw/bin/../lib/gcc/mingw32/4.9.3/../../..\libkernel32.a(dchds01152.o)
                0x004493f8                Sleep@4
 .text          0x00449400        0x8 d:/programm/mingw/bin/../lib/gcc/mingw32/4.9.3/../../..\libkernel32.a(dchds01140.o)
                0x00449400                SetUnhandledExceptionFilter@4
 .text          0x00449408        0x8 d:/programm/mingw/bin/../lib/gcc/mingw32/4.9.3/../../..\libkernel32.a(dchds00860.o)
                0x00449408                MultiByteToWideChar@24
 .text          0x00449410        0x8 d:/programm/mingw/bin/../lib/gcc/mingw32/4.9.3/../../..\libkernel32.a(dchds00817.o)
                0x00449410                LoadLibraryA@4
 .text          0x00449418        0x8 d:/programm/mingw/bin/../lib/gcc/mingw32/4.9.3/../../..\libkernel32.a(dchds00814.o)
                0x00449418                LeaveCriticalSection@4
 .text          0x00449420        0x8 d:/programm/mingw/bin/../lib/gcc/mingw32/4.9.3/../../..\libkernel32.a(dchds00763.o)
                0x00449420                IsDBCSLeadByteEx@8
 .text          0x00449428        0x8 d:/programm/mingw/bin/../lib/gcc/mingw32/4.9.3/../../..\libkernel32.a(dchds00744.o)
                0x00449428                InterlockedExchange@8
 .text          0x00449430        0x8 d:/programm/mingw/bin/../lib/gcc/mingw32/4.9.3/../../..\libkernel32.a(dchds00734.o)
                0x00449430                InitializeCriticalSection@4
 .text          0x00449438        0x8 d:/programm/mingw/bin/../lib/gcc/mingw32/4.9.3/../../..\libkernel32.a(dchds00577.o)
                0x00449438                GetProcAddress@8
 .text          0x00449440        0x8 d:/programm/mingw/bin/../lib/gcc/mingw32/4.9.3/../../..\libkernel32.a(dchds00529.o)
                0x00449440                GetModuleHandleA@4
 .text          0x00449448        0x8 d:/programm/mingw/bin/../lib/gcc/mingw32/4.9.3/../../..\libkernel32.a(dchds00510.o)
                0x00449448                GetLastError@0
 .text          0x00449450        0x8 d:/programm/mingw/bin/../lib/gcc/mingw32/4.9.3/../../..\libkernel32.a(dchds00388.o)
                0x00449450                GetCommandLineA@0
 .text          0x00449458        0x8 d:/programm/mingw/bin/../lib/gcc/mingw32/4.9.3/../../..\libkernel32.a(dchds00352.o)
                0x00449458                FreeLibrary@4
 .text          0x00449460        0x8 d:/programm/mingw/bin/../lib/gcc/mingw32/4.9.3/../../..\libkernel32.a(dchds00321.o)
                0x00449460                FindNextFileA@8
 .text          0x00449468        0x8 d:/programm/mingw/bin/../lib/gcc/mingw32/4.9.3/../../..\libkernel32.a(dchds00304.o)
                0x00449468                FindFirstFileA@8
 .text          0x00449470        0x8 d:/programm/mingw/bin/../lib/gcc/mingw32/4.9.3/../../..\libkernel32.a(dchds00300.o)
                0x00449470                FindClose@4
 .text          0x00449478        0x8 d:/programm/mingw/bin/../lib/gcc/mingw32/4.9.3/../../..\libkernel32.a(dchds00279.o)
                0x00449478                ExitProcess@4
 .text          0x00449480        0x8 d:/programm/mingw/bin/../lib/gcc/mingw32/4.9.3/../../..\libkernel32.a(dchds00236.o)
                0x00449480                EnterCriticalSection@4
 .text          0x00449488        0x8 d:/programm/mingw/bin/../lib/gcc/mingw32/4.9.3/../../..\libkernel32.a(dchds00207.o)
                0x00449488                DeleteCriticalSection@4
 .text          0x00449490        0x0 d:/programm/mingw/bin/../lib/gcc/mingw32/4.9.3/../../..\libkernel32.a(dchdh.o)
 .text          0x00449490        0x0 d:/programm/mingw/bin/../lib/gcc/mingw32/4.9.3/../../..\libkernel32.a(dchdt.o)
 .text          0x00449490      0x110 d:/programm/mingw/bin/../lib/gcc/mingw32/4.9.3\libgcc.a(_udivdi3.o)
                0x00449490                __udivdi3
 .text          0x004495a0      0x160 d:/programm/mingw/bin/../lib/gcc/mingw32/4.9.3\libgcc.a(_umoddi3.o)
                0x004495a0                __umoddi3
 .text          0x00449700        0x8 d:/programm/mingw/bin/../lib/gcc/mingw32/4.9.3/../../..\libmoldname.a(dxpgs00082.o)
                0x00449700                stricoll
 .text          0x00449708        0x8 d:/programm/mingw/bin/../lib/gcc/mingw32/4.9.3/../../..\libmoldname.a(dxpgs00080.o)
                0x00449708                strdup
 .text          0x00449710        0x0 d:/programm/mingw/bin/../lib/gcc/mingw32/4.9.3/../../..\libmoldname.a(dxpgh.o)
 .text          0x00449710        0x0 d:/programm/mingw/bin/../lib/gcc/mingw32/4.9.3/../../..\libmoldname.a(dxpgt.o)
 .text          0x00449710        0x0 d:/programm/mingw/bin/../lib/gcc/mingw32/4.9.3/crtend.o
 *(SORT(.text$*))
 *(.text.*)
 .text.unlikely
                0x00449710        0x0 d:/programm/mingw/bin/../lib/gcc/mingw32/4.9.3/crtbegin.o
 .text.unlikely
                0x00449710        0x0 d:/programm/mingw/bin/../lib/gcc/mingw32/4.9.3\libgcc.a(_udivdi3.o)
 .text.unlikely
                0x00449710        0x0 d:/programm/mingw/bin/../lib/gcc/mingw32/4.9.3\libgcc.a(_umoddi3.o)
 .text.unlikely
                0x00449710        0x0 d:/programm/mingw/bin/../lib/gcc/mingw32/4.9.3/crtend.o
 .text.startup  0x00449710       0x20 d:/programm/mingw/bin/../lib/gcc/mingw32/4.9.3/crtend.o
 *(.gnu.linkonce.t.*)
 *(.glue_7t)
 *(.glue_7)
                0x00449730                ___CTOR_LIST__ = .
                0x00449730                __CTOR_LIST__ = .
                0x00449730        0x4 LONG 0xffffffff
 *(.ctors)
 *(.ctor)
 *(SORT(.ctors.*))
 .ctors.65535   0x00449734        0x4 d:/programm/mingw/bin/../lib/gcc/mingw32/4.9.3/crtend.o
                0x00449738        0x4 LONG 0x0
                0x0044973c                ___DTOR_LIST__ = .
                0x0044973c                __DTOR_LIST__ = .
                0x0044973c        0x4 LONG 0xffffffff
 *(.dtors)
 *(.dtor)
 *(SORT(.dtors.*))
                0x00449740        0x4 LONG 0x0
 *(.fini)
 *(.gcc_exc)
                [!provide]                PROVIDE (etext, .)
                [!provide]                PROVIDE (_etext, .)
 *(.gcc_except_table)

.data           0x0044a000      0x200
                0x0044a000                __data_start__ = .
 *(.data)
 .data          0x0044a000        0x0 d:/programm/mingw/bin/../lib/gcc/mingw32/4.9.3/../../../crt2.o
 .data          0x0044a000        0x0 d:/programm/mingw/bin/../lib/gcc/mingw32/4.9.3/crtbegin.o
 .data          0x0044a000        0x0 E:\NeuOrga\Programmieren\c_cpp\github_os\output\os_base\obj_x86\os_common_test.o
 .data          0x0044a000        0x0 E:\NeuOrga\Programmieren\c_cpp\github_os\output\os_base\obj_x86\os_exception_test.o
 .data          0x0044a000        0x0 E:\NeuOrga\Programmieren\c_cpp\github_os\output\os_base\obj_x86\os_exception_isr_handler_test.o
 .data          0x0044a000        0x0 E:\NeuOrga\Programmieren\c_cpp\github_os\output\os_base\obj_x86\os_init_task_system_test.o
 .data          0x0044a000        0x0 E:\NeuOrga\Programmieren\c_cpp\github_os\output\os_base\obj_x86\os_main_test.o
 .data          0x0044a000        0x0 E:\NeuOrga\Programmieren\c_cpp\github_os\output\os_base\obj_x86\os_memory_mmu_setup_test.o
 .data          0x0044a000        0x0 E:\NeuOrga\Programmieren\c_cpp\github_os\output\os_base\obj_x86\os_shutdown_test.o
 .data          0x0044a000        0x0 E:\NeuOrga\Programmieren\c_cpp\github_os\output\os_base\obj_x86\os_start_ext_prg_test.o
 .data          0x0044a000        0x0 E:\NeuOrga\Programmieren\c_cpp\github_os\output\os_base\obj_x86\os_start_init_hw_test.o
 .data          0x0044a000        0x0 E:\NeuOrga\Programmieren\c_cpp\github_os\output\os_base\obj_x86\os_start_init_mc_test.o
 .data          0x0044a000        0x0 E:\NeuOrga\Programmieren\c_cpp\github_os\output\os_base\obj_x86\os_start_init_sw_test.o
 .data          0x0044a000        0x0 E:\NeuOrga\Programmieren\c_cpp\github_os\output\os_base\obj_x86\os_start_os_test.o
 .data          0x0044a000        0x0 E:\NeuOrga\Programmieren\c_cpp\github_os\output\os_base\obj_x86\os_task_common_test.o
 .data          0x0044a000        0x0 E:\NeuOrga\Programmieren\c_cpp\github_os\output\os_base\obj_x86\os_task_queue_test.o
 .data          0x0044a000        0x0 E:\NeuOrga\Programmieren\c_cpp\github_os\output\os_base\obj_x86\os_task_scheduler_test.o
 .data          0x0044a000        0x0 E:\NeuOrga\Programmieren\c_cpp\github_os\output\os_sim\obj_x86\os_sim_main_test.o
 .data          0x0044a000        0x0 E:\NeuOrga\Programmieren\c_cpp\github_os\output\os_base\obj_x86\os_ram_test.o
 .data          0x0044a000        0x0 E:\NeuOrga\Programmieren\c_cpp\github_os\output\os_base\obj_x86\os_ram_stack_test.o
 .data          0x0044a000        0x0 E:\NeuOrga\Programmieren\c_cpp\github_os\output\os_base\obj_x86\os_ram_shared_test.o
 .data          0x0044a000        0x0 E:\NeuOrga\Programmieren\c_cpp\github_os\output\os_base\obj_x86\os_stack_test.o
 .data          0x0044a000        0x0 E:\NeuOrga\Programmieren\c_cpp\github_os\output\os_base\obj_x86\os_heap_test.o
 .data          0x0044a000        0x0 E:\NeuOrga\Programmieren\c_cpp\github_os\output\os_sim\obj_x86\lld_global_test.o
 .data          0x0044a000        0x0 E:\NeuOrga\Programmieren\c_cpp\github_os\output\os_sim\obj_x86\lld_interrupt_test.o
 .data          0x0044a000        0x0 E:\NeuOrga\Programmieren\c_cpp\github_os\output\os_sim\obj_x86\lld_mmu_test.o
 .data          0x0044a000        0x0 E:\NeuOrga\Programmieren\c_cpp\github_os\output\os_sim\obj_x86\lld_ram_test.o
 .data          0x0044a000        0x0 E:\NeuOrga\Programmieren\c_cpp\github_os\output\os_sim\obj_x86\lld_timer_test.o
 .data          0x0044a000        0x0 E:\NeuOrga\Programmieren\c_cpp\github_os\output\os_sim\obj_x86\lld_power_test.o
 .data          0x0044a000        0x0 E:\NeuOrga\Programmieren\c_cpp\github_os\output\os_user_code\obj_x86\led_test.o
 .data          0x0044a000        0x4 d:/programm/mingw/bin/../lib/gcc/mingw32/4.9.3/../../..\libmingw32.a(CRTglob.o)
                0x0044a000                _CRT_glob
 .data          0x0044a004        0x0 d:/programm/mingw/bin/../lib/gcc/mingw32/4.9.3/../../..\libmingw32.a(setargv.o)
 .data          0x0044a004        0x0 d:/programm/mingw/bin/../lib/gcc/mingw32/4.9.3/../../..\libmingw32.a(CRTfmode.o)
 .data          0x0044a004        0x0 d:/programm/mingw/bin/../lib/gcc/mingw32/4.9.3/../../..\libmingw32.a(cpu_features.o)
 .data          0x0044a004        0x0 d:/programm/mingw/bin/../lib/gcc/mingw32/4.9.3/../../..\libmingw32.a(CRT_fp10.o)
 .data          0x0044a004        0x4 d:/programm/mingw/bin/../lib/gcc/mingw32/4.9.3/../../..\libmingw32.a(txtmode.o)
                0x0044a004                _fmode
 .data          0x0044a008        0x4 d:/programm/mingw/bin/../lib/gcc/mingw32/4.9.3/../../..\libmingw32.a(gccmain.o)
 .data          0x0044a00c        0x0 d:/programm/mingw/bin/../lib/gcc/mingw32/4.9.3/../../..\libmingw32.a(tlssup.o)
 .data          0x0044a00c        0x0 d:/programm/mingw/bin/../lib/gcc/mingw32/4.9.3/../../..\libmingw32.a(tlsthrd.o)
 .data          0x0044a00c        0x0 d:/programm/mingw/bin/../lib/gcc/mingw32/4.9.3/../../..\libmingw32.a(pseudo-reloc.o)
 .data          0x0044a00c        0x0 d:/programm/mingw/bin/../lib/gcc/mingw32/4.9.3/../../..\libmingw32.a(pseudo-reloc-list.o)
 .data          0x0044a00c        0x0 d:/programm/mingw/bin/../lib/gcc/mingw32/4.9.3/../../..\libmingw32.a(crtst.o)
 .data          0x0044a00c        0x0 d:/programm/mingw/bin/../lib/gcc/mingw32/4.9.3\libgcc.a(_chkstk_ms.o)
 .data          0x0044a00c        0x0 d:/programm/mingw/bin/../lib/gcc/mingw32/4.9.3\libgcc.a(_ctors.o)
 .data          0x0044a00c        0x0 d:/programm/mingw/bin/../lib/gcc/mingw32/4.9.3/../../..\libmingwex.a(vfprintf.o)
 .data          0x0044a00c        0x0 d:/programm/mingw/bin/../lib/gcc/mingw32/4.9.3/../../..\libmingwex.a(glob.o)
 .data          0x0044a00c        0x0 d:/programm/mingw/bin/../lib/gcc/mingw32/4.9.3/../../..\libmingwex.a(dirname.o)
 .data          0x0044a00c        0x0 d:/programm/mingw/bin/../lib/gcc/mingw32/4.9.3/../../..\libmingwex.a(dirent.o)
 .data          0x0044a00c       0x14 d:/programm/mingw/bin/../lib/gcc/mingw32/4.9.3/../../..\libmingwex.a(pformat.o)
 .data          0x0044a020        0x0 d:/programm/mingw/bin/../lib/gcc/mingw32/4.9.3/../../..\libmingwex.a(snprintf.o)
 .data          0x0044a020        0x0 d:/programm/mingw/bin/../lib/gcc/mingw32/4.9.3/../../..\libmingwex.a(vsnprintf.o)
 .data          0x0044a020        0x0 d:/programm/mingw/bin/../lib/gcc/mingw32/4.9.3/../../..\libmingwex.a(varofmt.o)
 .data          0x0044a020        0x0 d:/programm/mingw/bin/../lib/gcc/mingw32/4.9.3/../../..\libmingwex.a(mbrtowc.o)
 .data          0x0044a020        0x0 d:/programm/mingw/bin/../lib/gcc/mingw32/4.9.3/../../..\libmingwex.a(wcrtomb.o)
 .data          0x0044a020        0x0 d:/programm/mingw/bin/../lib/gcc/mingw32/4.9.3/../../..\libmingwex.a(gdtoa.o)
 .data          0x0044a020        0x0 d:/programm/mingw/bin/../lib/gcc/mingw32/4.9.3/../../..\libmingwex.a(gmisc.o)
 .data          0x0044a020        0x0 d:/programm/mingw/bin/../lib/gcc/mingw32/4.9.3/../../..\libmingwex.a(dmisc.o)
 .data          0x0044a020        0x4 d:/programm/mingw/bin/../lib/gcc/mingw32/4.9.3/../../..\libmingwex.a(misc.o)
 .data          0x0044a024        0x0 d:/programm/mingw/bin/../lib/gcc/mingw32/4.9.3/../../..\libmsvcrt.a(dczfs00772.o)
 .data          0x0044a024        0x0 d:/programm/mingw/bin/../lib/gcc/mingw32/4.9.3/../../..\libmsvcrt.a(dczfs00761.o)
 .data          0x0044a024        0x0 d:/programm/mingw/bin/../lib/gcc/mingw32/4.9.3/../../..\libmsvcrt.a(dczfs00748.o)
 .data          0x0044a024        0x0 d:/programm/mingw/bin/../lib/gcc/mingw32/4.9.3/../../..\libmsvcrt.a(dczfs00742.o)
 .data          0x0044a024        0x0 d:/programm/mingw/bin/../lib/gcc/mingw32/4.9.3/../../..\libmsvcrt.a(dczfs00739.o)
 .data          0x0044a024        0x0 d:/programm/mingw/bin/../lib/gcc/mingw32/4.9.3/../../..\libmsvcrt.a(dczfs00721.o)
 .data          0x0044a024        0x0 d:/programm/mingw/bin/../lib/gcc/mingw32/4.9.3/../../..\libmsvcrt.a(dczfs00716.o)
 .data          0x0044a024        0x0 d:/programm/mingw/bin/../lib/gcc/mingw32/4.9.3/../../..\libmsvcrt.a(dczfs00714.o)
 .data          0x0044a024        0x0 d:/programm/mingw/bin/../lib/gcc/mingw32/4.9.3/../../..\libmsvcrt.a(dczfs00706.o)
 .data          0x0044a024        0x0 d:/programm/mingw/bin/../lib/gcc/mingw32/4.9.3/../../..\libmsvcrt.a(dczfs00704.o)
 .data          0x0044a024        0x0 d:/programm/mingw/bin/../lib/gcc/mingw32/4.9.3/../../..\libmsvcrt.a(dczfs00698.o)
 .data          0x0044a024        0x0 d:/programm/mingw/bin/../lib/gcc/mingw32/4.9.3/../../..\libmsvcrt.a(dczfs00684.o)
 .data          0x0044a024        0x0 d:/programm/mingw/bin/../lib/gcc/mingw32/4.9.3/../../..\libmsvcrt.a(dczfs00682.o)
 .data          0x0044a024        0x0 d:/programm/mingw/bin/../lib/gcc/mingw32/4.9.3/../../..\libmsvcrt.a(dczfs00678.o)
 .data          0x0044a024        0x0 d:/programm/mingw/bin/../lib/gcc/mingw32/4.9.3/../../..\libmsvcrt.a(dczfs00676.o)
 .data          0x0044a024        0x0 d:/programm/mingw/bin/../lib/gcc/mingw32/4.9.3/../../..\libmsvcrt.a(dczfs00671.o)
 .data          0x0044a024        0x0 d:/programm/mingw/bin/../lib/gcc/mingw32/4.9.3/../../..\libmsvcrt.a(dczfs00652.o)
 .data          0x0044a024        0x0 d:/programm/mingw/bin/../lib/gcc/mingw32/4.9.3/../../..\libmsvcrt.a(dczfs00637.o)
 .data          0x0044a024        0x0 d:/programm/mingw/bin/../lib/gcc/mingw32/4.9.3/../../..\libmsvcrt.a(dczfs00633.o)
 .data          0x0044a024        0x0 d:/programm/mingw/bin/../lib/gcc/mingw32/4.9.3/../../..\libmsvcrt.a(dczfs00625.o)
 .data          0x0044a024        0x0 d:/programm/mingw/bin/../lib/gcc/mingw32/4.9.3/../../..\libmsvcrt.a(dczfs00620.o)
 .data          0x0044a024        0x0 d:/programm/mingw/bin/../lib/gcc/mingw32/4.9.3/../../..\libmsvcrt.a(dczfs00604.o)
 .data          0x0044a024        0x0 d:/programm/mingw/bin/../lib/gcc/mingw32/4.9.3/../../..\libmsvcrt.a(dczfs00602.o)
 .data          0x0044a024        0x0 d:/programm/mingw/bin/../lib/gcc/mingw32/4.9.3/../../..\libmsvcrt.a(dczfs00595.o)
 .data          0x0044a024        0x0 d:/programm/mingw/bin/../lib/gcc/mingw32/4.9.3/../../..\libmsvcrt.a(dczfs00592.o)
 .data          0x0044a024        0x0 d:/programm/mingw/bin/../lib/gcc/mingw32/4.9.3/../../..\libmsvcrt.a(dczfs00590.o)
 .data          0x0044a024        0x0 d:/programm/mingw/bin/../lib/gcc/mingw32/4.9.3/../../..\libmsvcrt.a(dczfs00583.o)
 .data          0x0044a024        0x0 d:/programm/mingw/bin/../lib/gcc/mingw32/4.9.3/../../..\libmsvcrt.a(dczfs00426.o)
 .data          0x0044a024        0x0 d:/programm/mingw/bin/../lib/gcc/mingw32/4.9.3/../../..\libmsvcrt.a(dczfs00383.o)
 .data          0x0044a024        0x0 d:/programm/mingw/bin/../lib/gcc/mingw32/4.9.3/../../..\libmsvcrt.a(dczfs00266.o)
 .data          0x0044a024        0x0 d:/programm/mingw/bin/../lib/gcc/mingw32/4.9.3/../../..\libmsvcrt.a(dczfs00228.o)
 .data          0x0044a024        0x0 d:/programm/mingw/bin/../lib/gcc/mingw32/4.9.3/../../..\libmsvcrt.a(dczfs00182.o)
 .data          0x0044a024        0x0 d:/programm/mingw/bin/../lib/gcc/mingw32/4.9.3/../../..\libmsvcrt.a(dczfs00147.o)
 .data          0x0044a024        0x0 d:/programm/mingw/bin/../lib/gcc/mingw32/4.9.3/../../..\libmsvcrt.a(dczfs00099.o)
 .data          0x0044a024        0x0 d:/programm/mingw/bin/../lib/gcc/mingw32/4.9.3/../../..\libmsvcrt.a(dczfs00079.o)
 .data          0x0044a024        0x0 d:/programm/mingw/bin/../lib/gcc/mingw32/4.9.3/../../..\libmsvcrt.a(dczfs00077.o)
 .data          0x0044a024        0x0 d:/programm/mingw/bin/../lib/gcc/mingw32/4.9.3/../../..\libmsvcrt.a(dczfs00065.o)
 .data          0x0044a024        0x0 d:/programm/mingw/bin/../lib/gcc/mingw32/4.9.3/../../..\libmsvcrt.a(dczfs00055.o)
 .data          0x0044a024        0x0 d:/programm/mingw/bin/../lib/gcc/mingw32/4.9.3/../../..\libmsvcrt.a(dczfh.o)
 .data          0x0044a024        0x0 d:/programm/mingw/bin/../lib/gcc/mingw32/4.9.3/../../..\libmsvcrt.a(dczft.o)
 .data          0x0044a024        0x0 d:/programm/mingw/bin/../lib/gcc/mingw32/4.9.3/../../..\libkernel32.a(dchds01247.o)
 .data          0x0044a024        0x0 d:/programm/mingw/bin/../lib/gcc/mingw32/4.9.3/../../..\libkernel32.a(dchds01215.o)
 .data          0x0044a024        0x0 d:/programm/mingw/bin/../lib/gcc/mingw32/4.9.3/../../..\libkernel32.a(dchds01213.o)
 .data          0x0044a024        0x0 d:/programm/mingw/bin/../lib/gcc/mingw32/4.9.3/../../..\libkernel32.a(dchds01173.o)
 .data          0x0044a024        0x0 d:/programm/mingw/bin/../lib/gcc/mingw32/4.9.3/../../..\libkernel32.a(dchds01152.o)
 .data          0x0044a024        0x0 d:/programm/mingw/bin/../lib/gcc/mingw32/4.9.3/../../..\libkernel32.a(dchds01140.o)
 .data          0x0044a024        0x0 d:/programm/mingw/bin/../lib/gcc/mingw32/4.9.3/../../..\libkernel32.a(dchds00860.o)
 .data          0x0044a024        0x0 d:/programm/mingw/bin/../lib/gcc/mingw32/4.9.3/../../..\libkernel32.a(dchds00817.o)
 .data          0x0044a024        0x0 d:/programm/mingw/bin/../lib/gcc/mingw32/4.9.3/../../..\libkernel32.a(dchds00814.o)
 .data          0x0044a024        0x0 d:/programm/mingw/bin/../lib/gcc/mingw32/4.9.3/../../..\libkernel32.a(dchds00763.o)
 .data          0x0044a024        0x0 d:/programm/mingw/bin/../lib/gcc/mingw32/4.9.3/../../..\libkernel32.a(dchds00744.o)
 .data          0x0044a024        0x0 d:/programm/mingw/bin/../lib/gcc/mingw32/4.9.3/../../..\libkernel32.a(dchds00734.o)
 .data          0x0044a024        0x0 d:/programm/mingw/bin/../lib/gcc/mingw32/4.9.3/../../..\libkernel32.a(dchds00577.o)
 .data          0x0044a024        0x0 d:/programm/mingw/bin/../lib/gcc/mingw32/4.9.3/../../..\libkernel32.a(dchds00529.o)
 .data          0x0044a024        0x0 d:/programm/mingw/bin/../lib/gcc/mingw32/4.9.3/../../..\libkernel32.a(dchds00510.o)
 .data          0x0044a024        0x0 d:/programm/mingw/bin/../lib/gcc/mingw32/4.9.3/../../..\libkernel32.a(dchds00388.o)
 .data          0x0044a024        0x0 d:/programm/mingw/bin/../lib/gcc/mingw32/4.9.3/../../..\libkernel32.a(dchds00352.o)
 .data          0x0044a024        0x0 d:/programm/mingw/bin/../lib/gcc/mingw32/4.9.3/../../..\libkernel32.a(dchds00321.o)
 .data          0x0044a024        0x0 d:/programm/mingw/bin/../lib/gcc/mingw32/4.9.3/../../..\libkernel32.a(dchds00304.o)
 .data          0x0044a024        0x0 d:/programm/mingw/bin/../lib/gcc/mingw32/4.9.3/../../..\libkernel32.a(dchds00300.o)
 .data          0x0044a024        0x0 d:/programm/mingw/bin/../lib/gcc/mingw32/4.9.3/../../..\libkernel32.a(dchds00279.o)
 .data          0x0044a024        0x0 d:/programm/mingw/bin/../lib/gcc/mingw32/4.9.3/../../..\libkernel32.a(dchds00236.o)
 .data          0x0044a024        0x0 d:/programm/mingw/bin/../lib/gcc/mingw32/4.9.3/../../..\libkernel32.a(dchds00207.o)
 .data          0x0044a024        0x0 d:/programm/mingw/bin/../lib/gcc/mingw32/4.9.3/../../..\libkernel32.a(dchdh.o)
 .data          0x0044a024        0x0 d:/programm/mingw/bin/../lib/gcc/mingw32/4.9.3/../../..\libkernel32.a(dchdt.o)
 .data          0x0044a024        0x0 d:/programm/mingw/bin/../lib/gcc/mingw32/4.9.3\libgcc.a(_udivdi3.o)
 .data          0x0044a024        0x0 d:/programm/mingw/bin/../lib/gcc/mingw32/4.9.3\libgcc.a(_umoddi3.o)
 .data          0x0044a024        0x0 d:/programm/mingw/bin/../lib/gcc/mingw32/4.9.3/../../..\libmoldname.a(dxpgs00082.o)
 .data          0x0044a024        0x0 d:/programm/mingw/bin/../lib/gcc/mingw32/4.9.3/../../..\libmoldname.a(dxpgs00080.o)
 .data          0x0044a024        0x0 d:/programm/mingw/bin/../lib/gcc/mingw32/4.9.3/../../..\libmoldname.a(dxpgh.o)
 .data          0x0044a024        0x0 d:/programm/mingw/bin/../lib/gcc/mingw32/4.9.3/../../..\libmoldname.a(dxpgt.o)
 .data          0x0044a024        0x0 d:/programm/mingw/bin/../lib/gcc/mingw32/4.9.3/crtend.o
 *(.data2)
 *(SORT(.data$*))
 *(.jcr)
 .jcr           0x0044a024        0x0 d:/programm/mingw/bin/../lib/gcc/mingw32/4.9.3/crtbegin.o
 .jcr           0x0044a024        0x4 d:/programm/mingw/bin/../lib/gcc/mingw32/4.9.3/crtend.o
                0x0044a028                __data_end__ = .
 *(.data_cygwin_nocopy)

.rdata          0x0044b000     0x7600
 *(.rdata)
 .rdata         0x0044b000       0xc0 d:/programm/mingw/bin/../lib/gcc/mingw32/4.9.3/crtbegin.o
 .rdata         0x0044b0c0      0x3d0 E:\NeuOrga\Programmieren\c_cpp\github_os\output\os_base\obj_x86\os_common_test.o
 .rdata         0x0044b490      0x3d0 E:\NeuOrga\Programmieren\c_cpp\github_os\output\os_base\obj_x86\os_exception_test.o
 .rdata         0x0044b860      0x3d0 E:\NeuOrga\Programmieren\c_cpp\github_os\output\os_base\obj_x86\os_exception_isr_handler_test.o
 .rdata         0x0044bc30      0x3d0 E:\NeuOrga\Programmieren\c_cpp\github_os\output\os_base\obj_x86\os_init_task_system_test.o
 .rdata         0x0044c000      0x3d0 E:\NeuOrga\Programmieren\c_cpp\github_os\output\os_base\obj_x86\os_main_test.o
 .rdata         0x0044c3d0      0x3d0 E:\NeuOrga\Programmieren\c_cpp\github_os\output\os_base\obj_x86\os_memory_mmu_setup_test.o
 .rdata         0x0044c7a0      0x3d0 E:\NeuOrga\Programmieren\c_cpp\github_os\output\os_base\obj_x86\os_shutdown_test.o
 .rdata         0x0044cb70      0x3d0 E:\NeuOrga\Programmieren\c_cpp\github_os\output\os_base\obj_x86\os_start_ext_prg_test.o
 .rdata         0x0044cf40      0x3d0 E:\NeuOrga\Programmieren\c_cpp\github_os\output\os_base\obj_x86\os_start_init_hw_test.o
 .rdata         0x0044d310      0x3d0 E:\NeuOrga\Programmieren\c_cpp\github_os\output\os_base\obj_x86\os_start_init_mc_test.o
 .rdata         0x0044d6e0      0x3d0 E:\NeuOrga\Programmieren\c_cpp\github_os\output\os_base\obj_x86\os_start_init_sw_test.o
 .rdata         0x0044dab0      0x3d0 E:\NeuOrga\Programmieren\c_cpp\github_os\output\os_base\obj_x86\os_start_os_test.o
 .rdata         0x0044de80      0x3d0 E:\NeuOrga\Programmieren\c_cpp\github_os\output\os_base\obj_x86\os_task_common_test.o
 .rdata         0x0044e250      0x3d0 E:\NeuOrga\Programmieren\c_cpp\github_os\output\os_base\obj_x86\os_task_queue_test.o
 .rdata         0x0044e620      0x3d0 E:\NeuOrga\Programmieren\c_cpp\github_os\output\os_base\obj_x86\os_task_scheduler_test.o
 .rdata         0x0044e9f0      0x3d0 E:\NeuOrga\Programmieren\c_cpp\github_os\output\os_sim\obj_x86\os_sim_main_test.o
 .rdata         0x0044edc0      0x3d0 E:\NeuOrga\Programmieren\c_cpp\github_os\output\os_base\obj_x86\os_ram_test.o
 .rdata         0x0044f190      0x3d0 E:\NeuOrga\Programmieren\c_cpp\github_os\output\os_base\obj_x86\os_ram_stack_test.o
 .rdata         0x0044f560      0x3d0 E:\NeuOrga\Programmieren\c_cpp\github_os\output\os_base\obj_x86\os_ram_shared_test.o
 .rdata         0x0044f930      0x3d0 E:\NeuOrga\Programmieren\c_cpp\github_os\output\os_base\obj_x86\os_stack_test.o
 .rdata         0x0044fd00      0x3d0 E:\NeuOrga\Programmieren\c_cpp\github_os\output\os_base\obj_x86\os_heap_test.o
 .rdata         0x004500d0      0x3d0 E:\NeuOrga\Programmieren\c_cpp\github_os\output\os_sim\obj_x86\lld_global_test.o
 .rdata         0x004504a0      0x3d0 E:\NeuOrga\Programmieren\c_cpp\github_os\output\os_sim\obj_x86\lld_interrupt_test.o
 .rdata         0x00450870      0x3d0 E:\NeuOrga\Programmieren\c_cpp\github_os\output\os_sim\obj_x86\lld_mmu_test.o
 .rdata         0x00450c40      0x3d0 E:\NeuOrga\Programmieren\c_cpp\github_os\output\os_sim\obj_x86\lld_ram_test.o
 .rdata         0x00451010      0x3d0 E:\NeuOrga\Programmieren\c_cpp\github_os\output\os_sim\obj_x86\lld_timer_test.o
 .rdata         0x004513e0      0x3d0 E:\NeuOrga\Programmieren\c_cpp\github_os\output\os_sim\obj_x86\lld_power_test.o
 .rdata         0x004517b0      0x3d0 E:\NeuOrga\Programmieren\c_cpp\github_os\output\os_user_code\obj_x86\led_test.o
 .rdata         0x00451b80        0x4 d:/programm/mingw/bin/../lib/gcc/mingw32/4.9.3/../../..\libmingw32.a(tlssup.o)
                0x00451b80                __dyn_tls_init_callback
 .rdata         0x00451b84       0xac d:/programm/mingw/bin/../lib/gcc/mingw32/4.9.3/../../..\libmingw32.a(pseudo-reloc.o)
 .rdata         0x00451c30       0x14 d:/programm/mingw/bin/../lib/gcc/mingw32/4.9.3/../../..\libmingwex.a(glob.o)
 .rdata         0x00451c44        0x8 d:/programm/mingw/bin/../lib/gcc/mingw32/4.9.3/../../..\libmingwex.a(dirname.o)
 .rdata         0x00451c4c        0x4 d:/programm/mingw/bin/../lib/gcc/mingw32/4.9.3/../../..\libmingwex.a(dirent.o)
 .rdata         0x00451c50      0x1a0 d:/programm/mingw/bin/../lib/gcc/mingw32/4.9.3/../../..\libmingwex.a(pformat.o)
 .rdata         0x00451df0       0x68 d:/programm/mingw/bin/../lib/gcc/mingw32/4.9.3/../../..\libmingwex.a(gdtoa.o)
 *fill*         0x00451e58        0x8 
 .rdata         0x00451e60      0x160 d:/programm/mingw/bin/../lib/gcc/mingw32/4.9.3/../../..\libmingwex.a(misc.o)
                0x00451e80                __tens_D2A
                0x00451f40                __tinytens_D2A
                0x00451f80                __bigtens_D2A
 .rdata         0x00451fc0       0x5c d:/programm/mingw/bin/../lib/gcc/mingw32/4.9.3/crtend.o
 *(SORT(.rdata$*))
 .rdata$zzz     0x0045201c       0x14 d:/programm/mingw/bin/../lib/gcc/mingw32/4.9.3/../../../crt2.o
 .rdata$zzz     0x00452030       0x14 d:/programm/mingw/bin/../lib/gcc/mingw32/4.9.3/crtbegin.o
 .rdata$zzz     0x00452044       0x14 E:\NeuOrga\Programmieren\c_cpp\github_os\output\os_base\obj_x86\os_common_test.o
 .rdata$zzz     0x00452058       0x14 E:\NeuOrga\Programmieren\c_cpp\github_os\output\os_base\obj_x86\os_exception_test.o
 .rdata$zzz     0x0045206c       0x14 E:\NeuOrga\Programmieren\c_cpp\github_os\output\os_base\obj_x86\os_exception_isr_handler_test.o
 .rdata$zzz     0x00452080       0x14 E:\NeuOrga\Programmieren\c_cpp\github_os\output\os_base\obj_x86\os_init_task_system_test.o
 .rdata$zzz     0x00452094       0x14 E:\NeuOrga\Programmieren\c_cpp\github_os\output\os_base\obj_x86\os_main_test.o
 .rdata$zzz     0x004520a8       0x14 E:\NeuOrga\Programmieren\c_cpp\github_os\output\os_base\obj_x86\os_memory_mmu_setup_test.o
 .rdata$zzz     0x004520bc       0x14 E:\NeuOrga\Programmieren\c_cpp\github_os\output\os_base\obj_x86\os_shutdown_test.o
 .rdata$zzz     0x004520d0       0x14 E:\NeuOrga\Programmieren\c_cpp\github_os\output\os_base\obj_x86\os_start_ext_prg_test.o
 .rdata$zzz     0x004520e4       0x14 E:\NeuOrga\Programmieren\c_cpp\github_os\output\os_base\obj_x86\os_start_init_hw_test.o
 .rdata$zzz     0x004520f8       0x14 E:\NeuOrga\Programmieren\c_cpp\github_os\output\os_base\obj_x86\os_start_init_mc_test.o
 .rdata$zzz     0x0045210c       0x14 E:\NeuOrga\Programmieren\c_cpp\github_os\output\os_base\obj_x86\os_start_init_sw_test.o
 .rdata$zzz     0x00452120       0x14 E:\NeuOrga\Programmieren\c_cpp\github_os\output\os_base\obj_x86\os_start_os_test.o
 .rdata$zzz     0x00452134       0x14 E:\NeuOrga\Programmieren\c_cpp\github_os\output\os_base\obj_x86\os_task_common_test.o
 .rdata$zzz     0x00452148       0x14 E:\NeuOrga\Programmieren\c_cpp\github_os\output\os_base\obj_x86\os_task_queue_test.o
 .rdata$zzz     0x0045215c       0x14 E:\NeuOrga\Programmieren\c_cpp\github_os\output\os_base\obj_x86\os_task_scheduler_test.o
 .rdata$zzz     0x00452170       0x14 E:\NeuOrga\Programmieren\c_cpp\github_os\output\os_sim\obj_x86\os_sim_main_test.o
 .rdata$zzz     0x00452184       0x14 E:\NeuOrga\Programmieren\c_cpp\github_os\output\os_base\obj_x86\os_ram_test.o
 .rdata$zzz     0x00452198       0x14 E:\NeuOrga\Programmieren\c_cpp\github_os\output\os_base\obj_x86\os_ram_stack_test.o
 .rdata$zzz     0x004521ac       0x14 E:\NeuOrga\Programmieren\c_cpp\github_os\output\os_base\obj_x86\os_ram_shared_test.o
 .rdata$zzz     0x004521c0       0x14 E:\NeuOrga\Programmieren\c_cpp\github_os\output\os_base\obj_x86\os_stack_test.o
 .rdata$zzz     0x004521d4       0x14 E:\NeuOrga\Programmieren\c_cpp\github_os\output\os_base\obj_x86\os_heap_test.o
 .rdata$zzz     0x004521e8       0x14 E:\NeuOrga\Programmieren\c_cpp\github_os\output\os_sim\obj_x86\lld_global_test.o
 .rdata$zzz     0x004521fc       0x14 E:\NeuOrga\Programmieren\c_cpp\github_os\output\os_sim\obj_x86\lld_interrupt_test.o
 .rdata$zzz     0x00452210       0x14 E:\NeuOrga\Programmieren\c_cpp\github_os\output\os_sim\obj_x86\lld_mmu_test.o
 .rdata$zzz     0x00452224       0x14 E:\NeuOrga\Programmieren\c_cpp\github_os\output\os_sim\obj_x86\lld_ram_test.o
 .rdata$zzz     0x00452238       0x14 E:\NeuOrga\Programmieren\c_cpp\github_os\output\os_sim\obj_x86\lld_timer_test.o
 .rdata$zzz     0x0045224c       0x14 E:\NeuOrga\Programmieren\c_cpp\github_os\output\os_sim\obj_x86\lld_power_test.o
 .rdata$zzz     0x00452260       0x14 E:\NeuOrga\Programmieren\c_cpp\github_os\output\os_user_code\obj_x86\led_test.o
 .rdata$zzz     0x00452274       0x14 d:/programm/mingw/bin/../lib/gcc/mingw32/4.9.3/../../..\libmingw32.a(CRTglob.o)
 .rdata$zzz     0x00452288       0x14 d:/programm/mingw/bin/../lib/gcc/mingw32/4.9.3/../../..\libmingw32.a(setargv.o)
 .rdata$zzz     0x0045229c       0x14 d:/programm/mingw/bin/../lib/gcc/mingw32/4.9.3/../../..\libmingw32.a(CRTfmode.o)
 .rdata$zzz     0x004522b0       0x14 d:/programm/mingw/bin/../lib/gcc/mingw32/4.9.3/../../..\libmingw32.a(cpu_features.o)
 .rdata$zzz     0x004522c4       0x14 d:/programm/mingw/bin/../lib/gcc/mingw32/4.9.3/../../..\libmingw32.a(CRT_fp10.o)
 .rdata$zzz     0x004522d8       0x14 d:/programm/mingw/bin/../lib/gcc/mingw32/4.9.3/../../..\libmingw32.a(txtmode.o)
 .rdata$zzz     0x004522ec       0x14 d:/programm/mingw/bin/../lib/gcc/mingw32/4.9.3/../../..\libmingw32.a(gccmain.o)
 .rdata$zzz     0x00452300       0x14 d:/programm/mingw/bin/../lib/gcc/mingw32/4.9.3/../../..\libmingw32.a(tlssup.o)
 .rdata$zzz     0x00452314       0x14 d:/programm/mingw/bin/../lib/gcc/mingw32/4.9.3/../../..\libmingw32.a(tlsthrd.o)
 .rdata$zzz     0x00452328       0x14 d:/programm/mingw/bin/../lib/gcc/mingw32/4.9.3/../../..\libmingw32.a(pseudo-reloc.o)
 .rdata$zzz     0x0045233c       0x14 d:/programm/mingw/bin/../lib/gcc/mingw32/4.9.3/../../..\libmingw32.a(pseudo-reloc-list.o)
 .rdata$zzz     0x00452350       0x14 d:/programm/mingw/bin/../lib/gcc/mingw32/4.9.3/../../..\libmingw32.a(crtst.o)
 .rdata$zzz     0x00452364       0x14 d:/programm/mingw/bin/../lib/gcc/mingw32/4.9.3\libgcc.a(_ctors.o)
 .rdata$zzz     0x00452378       0x14 d:/programm/mingw/bin/../lib/gcc/mingw32/4.9.3/../../..\libmingwex.a(vfprintf.o)
 .rdata$zzz     0x0045238c       0x14 d:/programm/mingw/bin/../lib/gcc/mingw32/4.9.3/../../..\libmingwex.a(glob.o)
 .rdata$zzz     0x004523a0       0x14 d:/programm/mingw/bin/../lib/gcc/mingw32/4.9.3/../../..\libmingwex.a(dirname.o)
 .rdata$zzz     0x004523b4       0x14 d:/programm/mingw/bin/../lib/gcc/mingw32/4.9.3/../../..\libmingwex.a(dirent.o)
 .rdata$zzz     0x004523c8       0x14 d:/programm/mingw/bin/../lib/gcc/mingw32/4.9.3/../../..\libmingwex.a(pformat.o)
 .rdata$zzz     0x004523dc       0x14 d:/programm/mingw/bin/../lib/gcc/mingw32/4.9.3/../../..\libmingwex.a(snprintf.o)
 .rdata$zzz     0x004523f0       0x14 d:/programm/mingw/bin/../lib/gcc/mingw32/4.9.3/../../..\libmingwex.a(vsnprintf.o)
 .rdata$zzz     0x00452404       0x14 d:/programm/mingw/bin/../lib/gcc/mingw32/4.9.3/../../..\libmingwex.a(varofmt.o)
 .rdata$zzz     0x00452418       0x14 d:/programm/mingw/bin/../lib/gcc/mingw32/4.9.3/../../..\libmingwex.a(mbrtowc.o)
 .rdata$zzz     0x0045242c       0x14 d:/programm/mingw/bin/../lib/gcc/mingw32/4.9.3/../../..\libmingwex.a(wcrtomb.o)
 .rdata$zzz     0x00452440       0x14 d:/programm/mingw/bin/../lib/gcc/mingw32/4.9.3/../../..\libmingwex.a(gdtoa.o)
 .rdata$zzz     0x00452454       0x14 d:/programm/mingw/bin/../lib/gcc/mingw32/4.9.3/../../..\libmingwex.a(gmisc.o)
 .rdata$zzz     0x00452468       0x14 d:/programm/mingw/bin/../lib/gcc/mingw32/4.9.3/../../..\libmingwex.a(dmisc.o)
 .rdata$zzz     0x0045247c       0x14 d:/programm/mingw/bin/../lib/gcc/mingw32/4.9.3/../../..\libmingwex.a(misc.o)
 .rdata$zzz     0x00452490       0x14 d:/programm/mingw/bin/../lib/gcc/mingw32/4.9.3\libgcc.a(_udivdi3.o)
 .rdata$zzz     0x004524a4       0x14 d:/programm/mingw/bin/../lib/gcc/mingw32/4.9.3\libgcc.a(_umoddi3.o)
 .rdata$zzz     0x004524b8       0x14 d:/programm/mingw/bin/../lib/gcc/mingw32/4.9.3/crtend.o
                0x004524cc                __rt_psrelocs_start = .
 *(.rdata_runtime_pseudo_reloc)
                0x004524cc                __rt_psrelocs_end = .
                0x00000000                __rt_psrelocs_size = (__rt_psrelocs_end - __rt_psrelocs_start)
                0x004524cc                ___RUNTIME_PSEUDO_RELOC_LIST_END__ = .
                0x004524cc                __RUNTIME_PSEUDO_RELOC_LIST_END__ = .
                0x004524cc                ___RUNTIME_PSEUDO_RELOC_LIST__ = (. - __rt_psrelocs_size)
                0x004524cc                __RUNTIME_PSEUDO_RELOC_LIST__ = (. - __rt_psrelocs_size)

.eh_frame       0x00453000     0x3000
 *(.eh_frame*)
 .eh_frame      0x00453000       0xc0 d:/programm/mingw/bin/../lib/gcc/mingw32/4.9.3/../../../crt2.o
 .eh_frame      0x004530c0       0x5c d:/programm/mingw/bin/../lib/gcc/mingw32/4.9.3/crtbegin.o
 .eh_frame      0x0045311c       0xec E:\NeuOrga\Programmieren\c_cpp\github_os\output\os_base\obj_x86\os_common_test.o
 .eh_frame      0x00453208       0xec E:\NeuOrga\Programmieren\c_cpp\github_os\output\os_base\obj_x86\os_exception_test.o
 .eh_frame      0x004532f4       0xec E:\NeuOrga\Programmieren\c_cpp\github_os\output\os_base\obj_x86\os_exception_isr_handler_test.o
 .eh_frame      0x004533e0       0xec E:\NeuOrga\Programmieren\c_cpp\github_os\output\os_base\obj_x86\os_init_task_system_test.o
 .eh_frame      0x004534cc       0xec E:\NeuOrga\Programmieren\c_cpp\github_os\output\os_base\obj_x86\os_main_test.o
 .eh_frame      0x004535b8       0xec E:\NeuOrga\Programmieren\c_cpp\github_os\output\os_base\obj_x86\os_memory_mmu_setup_test.o
 .eh_frame      0x004536a4       0xec E:\NeuOrga\Programmieren\c_cpp\github_os\output\os_base\obj_x86\os_shutdown_test.o
 .eh_frame      0x00453790       0xec E:\NeuOrga\Programmieren\c_cpp\github_os\output\os_base\obj_x86\os_start_ext_prg_test.o
 .eh_frame      0x0045387c       0xec E:\NeuOrga\Programmieren\c_cpp\github_os\output\os_base\obj_x86\os_start_init_hw_test.o
 .eh_frame      0x00453968       0xec E:\NeuOrga\Programmieren\c_cpp\github_os\output\os_base\obj_x86\os_start_init_mc_test.o
 .eh_frame      0x00453a54       0xec E:\NeuOrga\Programmieren\c_cpp\github_os\output\os_base\obj_x86\os_start_init_sw_test.o
 .eh_frame      0x00453b40       0xec E:\NeuOrga\Programmieren\c_cpp\github_os\output\os_base\obj_x86\os_start_os_test.o
 .eh_frame      0x00453c2c       0xec E:\NeuOrga\Programmieren\c_cpp\github_os\output\os_base\obj_x86\os_task_common_test.o
 .eh_frame      0x00453d18       0xec E:\NeuOrga\Programmieren\c_cpp\github_os\output\os_base\obj_x86\os_task_queue_test.o
 .eh_frame      0x00453e04       0xec E:\NeuOrga\Programmieren\c_cpp\github_os\output\os_base\obj_x86\os_task_scheduler_test.o
 .eh_frame      0x00453ef0       0xec E:\NeuOrga\Programmieren\c_cpp\github_os\output\os_sim\obj_x86\os_sim_main_test.o
 .eh_frame      0x00453fdc       0xec E:\NeuOrga\Programmieren\c_cpp\github_os\output\os_base\obj_x86\os_ram_test.o
 .eh_frame      0x004540c8       0xec E:\NeuOrga\Programmieren\c_cpp\github_os\output\os_base\obj_x86\os_ram_stack_test.o
 .eh_frame      0x004541b4       0xec E:\NeuOrga\Programmieren\c_cpp\github_os\output\os_base\obj_x86\os_ram_shared_test.o
 .eh_frame      0x004542a0       0xec E:\NeuOrga\Programmieren\c_cpp\github_os\output\os_base\obj_x86\os_stack_test.o
 .eh_frame      0x0045438c       0xec E:\NeuOrga\Programmieren\c_cpp\github_os\output\os_base\obj_x86\os_heap_test.o
 .eh_frame      0x00454478       0xec E:\NeuOrga\Programmieren\c_cpp\github_os\output\os_sim\obj_x86\lld_global_test.o
 .eh_frame      0x00454564       0xec E:\NeuOrga\Programmieren\c_cpp\github_os\output\os_sim\obj_x86\lld_interrupt_test.o
 .eh_frame      0x00454650       0xec E:\NeuOrga\Programmieren\c_cpp\github_os\output\os_sim\obj_x86\lld_mmu_test.o
 .eh_frame      0x0045473c       0xec E:\NeuOrga\Programmieren\c_cpp\github_os\output\os_sim\obj_x86\lld_ram_test.o
 .eh_frame      0x00454828       0xec E:\NeuOrga\Programmieren\c_cpp\github_os\output\os_sim\obj_x86\lld_timer_test.o
 .eh_frame      0x00454914       0xec E:\NeuOrga\Programmieren\c_cpp\github_os\output\os_sim\obj_x86\lld_power_test.o
 .eh_frame      0x00454a00       0xec E:\NeuOrga\Programmieren\c_cpp\github_os\output\os_user_code\obj_x86\led_test.o
 .eh_frame      0x00454aec       0x58 d:/programm/mingw/bin/../lib/gcc/mingw32/4.9.3/../../..\libmingw32.a(setargv.o)
 .eh_frame      0x00454b44       0x38 d:/programm/mingw/bin/../lib/gcc/mingw32/4.9.3/../../..\libmingw32.a(cpu_features.o)
 .eh_frame      0x00454b7c       0x2c d:/programm/mingw/bin/../lib/gcc/mingw32/4.9.3/../../..\libmingw32.a(CRT_fp10.o)
 .eh_frame      0x00454ba8       0x68 d:/programm/mingw/bin/../lib/gcc/mingw32/4.9.3/../../..\libmingw32.a(gccmain.o)
 .eh_frame      0x00454c10       0x88 d:/programm/mingw/bin/../lib/gcc/mingw32/4.9.3/../../..\libmingw32.a(tlssup.o)
 .eh_frame      0x00454c98       0xd4 d:/programm/mingw/bin/../lib/gcc/mingw32/4.9.3/../../..\libmingw32.a(tlsthrd.o)
 .eh_frame      0x00454d6c       0xb0 d:/programm/mingw/bin/../lib/gcc/mingw32/4.9.3/../../..\libmingw32.a(pseudo-reloc.o)
 .eh_frame      0x00454e1c       0x30 d:/programm/mingw/bin/../lib/gcc/mingw32/4.9.3/../../..\libmingwex.a(vfprintf.o)
 .eh_frame      0x00454e4c      0x2a4 d:/programm/mingw/bin/../lib/gcc/mingw32/4.9.3/../../..\libmingwex.a(glob.o)
 .eh_frame      0x004550f0       0x58 d:/programm/mingw/bin/../lib/gcc/mingw32/4.9.3/../../..\libmingwex.a(dirname.o)
 .eh_frame      0x00455148      0x198 d:/programm/mingw/bin/../lib/gcc/mingw32/4.9.3/../../..\libmingwex.a(dirent.o)
 .eh_frame      0x004552e0      0x330 d:/programm/mingw/bin/../lib/gcc/mingw32/4.9.3/../../..\libmingwex.a(pformat.o)
 .eh_frame      0x00455610       0x30 d:/programm/mingw/bin/../lib/gcc/mingw32/4.9.3/../../..\libmingwex.a(snprintf.o)
 .eh_frame      0x00455640       0x50 d:/programm/mingw/bin/../lib/gcc/mingw32/4.9.3/../../..\libmingwex.a(vsnprintf.o)
 .eh_frame      0x00455690      0x128 d:/programm/mingw/bin/../lib/gcc/mingw32/4.9.3/../../..\libmingwex.a(mbrtowc.o)
 .eh_frame      0x004557b8       0xfc d:/programm/mingw/bin/../lib/gcc/mingw32/4.9.3/../../..\libmingwex.a(wcrtomb.o)
 .eh_frame      0x004558b4       0xa0 d:/programm/mingw/bin/../lib/gcc/mingw32/4.9.3/../../..\libmingwex.a(gdtoa.o)
 .eh_frame      0x00455954       0x98 d:/programm/mingw/bin/../lib/gcc/mingw32/4.9.3/../../..\libmingwex.a(gmisc.o)
 .eh_frame      0x004559ec       0xb8 d:/programm/mingw/bin/../lib/gcc/mingw32/4.9.3/../../..\libmingwex.a(dmisc.o)
 .eh_frame      0x00455aa4      0x340 d:/programm/mingw/bin/../lib/gcc/mingw32/4.9.3/../../..\libmingwex.a(misc.o)
 .eh_frame      0x00455de4       0x9c d:/programm/mingw/bin/../lib/gcc/mingw32/4.9.3\libgcc.a(_udivdi3.o)
 .eh_frame      0x00455e80       0x9c d:/programm/mingw/bin/../lib/gcc/mingw32/4.9.3\libgcc.a(_umoddi3.o)
 .eh_frame      0x00455f1c       0x3c d:/programm/mingw/bin/../lib/gcc/mingw32/4.9.3/crtend.o

.pdata
 *(.pdata)

.bss            0x00456000     0x14b4
                0x00456000                __bss_start__ = .
 *(.bss)
 .bss           0x00456000        0x8 d:/programm/mingw/bin/../lib/gcc/mingw32/4.9.3/../../../crt2.o
                0x00456000                _argv
                0x00456004                _argc
 .bss           0x00456008       0x18 d:/programm/mingw/bin/../lib/gcc/mingw32/4.9.3/crtbegin.o
 .bss           0x00456020       0x60 E:\NeuOrga\Programmieren\c_cpp\github_os\output\os_base\obj_x86\os_common_test.o
 .bss           0x00456080       0x60 E:\NeuOrga\Programmieren\c_cpp\github_os\output\os_base\obj_x86\os_exception_test.o
 .bss           0x004560e0       0x60 E:\NeuOrga\Programmieren\c_cpp\github_os\output\os_base\obj_x86\os_exception_isr_handler_test.o
 .bss           0x00456140       0x60 E:\NeuOrga\Programmieren\c_cpp\github_os\output\os_base\obj_x86\os_init_task_system_test.o
 .bss           0x004561a0       0x60 E:\NeuOrga\Programmieren\c_cpp\github_os\output\os_base\obj_x86\os_main_test.o
 .bss           0x00456200       0x60 E:\NeuOrga\Programmieren\c_cpp\github_os\output\os_base\obj_x86\os_memory_mmu_setup_test.o
 .bss           0x00456260       0x60 E:\NeuOrga\Programmieren\c_cpp\github_os\output\os_base\obj_x86\os_shutdown_test.o
 .bss           0x004562c0       0x60 E:\NeuOrga\Programmieren\c_cpp\github_os\output\os_base\obj_x86\os_start_ext_prg_test.o
 .bss           0x00456320       0x60 E:\NeuOrga\Programmieren\c_cpp\github_os\output\os_base\obj_x86\os_start_init_hw_test.o
 .bss           0x00456380       0x60 E:\NeuOrga\Programmieren\c_cpp\github_os\output\os_base\obj_x86\os_start_init_mc_test.o
 .bss           0x004563e0       0x60 E:\NeuOrga\Programmieren\c_cpp\github_os\output\os_base\obj_x86\os_start_init_sw_test.o
 .bss           0x00456440       0x60 E:\NeuOrga\Programmieren\c_cpp\github_os\output\os_base\obj_x86\os_start_os_test.o
 .bss           0x004564a0       0x60 E:\NeuOrga\Programmieren\c_cpp\github_os\output\os_base\obj_x86\os_task_common_test.o
 .bss           0x00456500       0x60 E:\NeuOrga\Programmieren\c_cpp\github_os\output\os_base\obj_x86\os_task_queue_test.o
 .bss           0x00456560       0x60 E:\NeuOrga\Programmieren\c_cpp\github_os\output\os_base\obj_x86\os_task_scheduler_test.o
 .bss           0x004565c0       0x60 E:\NeuOrga\Programmieren\c_cpp\github_os\output\os_sim\obj_x86\os_sim_main_test.o
 .bss           0x00456620       0x60 E:\NeuOrga\Programmieren\c_cpp\github_os\output\os_base\obj_x86\os_ram_test.o
 .bss           0x00456680       0x60 E:\NeuOrga\Programmieren\c_cpp\github_os\output\os_base\obj_x86\os_ram_stack_test.o
 .bss           0x004566e0       0x60 E:\NeuOrga\Programmieren\c_cpp\github_os\output\os_base\obj_x86\os_ram_shared_test.o
 .bss           0x00456740       0x60 E:\NeuOrga\Programmieren\c_cpp\github_os\output\os_base\obj_x86\os_stack_test.o
 .bss           0x004567a0       0x60 E:\NeuOrga\Programmieren\c_cpp\github_os\output\os_base\obj_x86\os_heap_test.o
 .bss           0x00456800       0x60 E:\NeuOrga\Programmieren\c_cpp\github_os\output\os_sim\obj_x86\lld_global_test.o
 .bss           0x00456860       0x60 E:\NeuOrga\Programmieren\c_cpp\github_os\output\os_sim\obj_x86\lld_interrupt_test.o
 .bss           0x004568c0       0x60 E:\NeuOrga\Programmieren\c_cpp\github_os\output\os_sim\obj_x86\lld_mmu_test.o
 .bss           0x00456920       0x60 E:\NeuOrga\Programmieren\c_cpp\github_os\output\os_sim\obj_x86\lld_ram_test.o
 .bss           0x00456980       0x60 E:\NeuOrga\Programmieren\c_cpp\github_os\output\os_sim\obj_x86\lld_timer_test.o
 .bss           0x004569e0       0x60 E:\NeuOrga\Programmieren\c_cpp\github_os\output\os_sim\obj_x86\lld_power_test.o
 .bss           0x00456a40       0x60 E:\NeuOrga\Programmieren\c_cpp\github_os\output\os_user_code\obj_x86\led_test.o
 .bss           0x00456aa0        0x0 d:/programm/mingw/bin/../lib/gcc/mingw32/4.9.3/../../..\libmingw32.a(CRTglob.o)
 .bss           0x00456aa0        0x0 d:/programm/mingw/bin/../lib/gcc/mingw32/4.9.3/../../..\libmingw32.a(setargv.o)
 .bss           0x00456aa0        0x4 d:/programm/mingw/bin/../lib/gcc/mingw32/4.9.3/../../..\libmingw32.a(CRTfmode.o)
                0x00456aa0                _CRT_fmode
 .bss           0x00456aa4        0x4 d:/programm/mingw/bin/../lib/gcc/mingw32/4.9.3/../../..\libmingw32.a(cpu_features.o)
                0x00456aa4                __cpu_features
 .bss           0x00456aa8        0x0 d:/programm/mingw/bin/../lib/gcc/mingw32/4.9.3/../../..\libmingw32.a(CRT_fp10.o)
 .bss           0x00456aa8        0x0 d:/programm/mingw/bin/../lib/gcc/mingw32/4.9.3/../../..\libmingw32.a(txtmode.o)
 .bss           0x00456aa8        0x4 d:/programm/mingw/bin/../lib/gcc/mingw32/4.9.3/../../..\libmingw32.a(gccmain.o)
 .bss           0x00456aac       0x10 d:/programm/mingw/bin/../lib/gcc/mingw32/4.9.3/../../..\libmingw32.a(tlssup.o)
                0x00456aac                mingw_initltssuo_force
                0x00456ab0                mingw_initltsdyn_force
                0x00456ab4                mingw_initltsdrot_force
                0x00456ab8                _tls_index
 .bss           0x00456abc       0x20 d:/programm/mingw/bin/../lib/gcc/mingw32/4.9.3/../../..\libmingw32.a(tlsthrd.o)
 .bss           0x00456adc        0x4 d:/programm/mingw/bin/../lib/gcc/mingw32/4.9.3/../../..\libmingw32.a(pseudo-reloc.o)
 .bss           0x00456ae0        0x4 d:/programm/mingw/bin/../lib/gcc/mingw32/4.9.3/../../..\libmingw32.a(pseudo-reloc-list.o)
 .bss           0x00456ae4        0x4 d:/programm/mingw/bin/../lib/gcc/mingw32/4.9.3/../../..\libmingw32.a(crtst.o)
                0x00456ae4                _CRT_MT
 .bss           0x00456ae8        0x0 d:/programm/mingw/bin/../lib/gcc/mingw32/4.9.3\libgcc.a(_chkstk_ms.o)
 .bss           0x00456ae8        0x0 d:/programm/mingw/bin/../lib/gcc/mingw32/4.9.3\libgcc.a(_ctors.o)
 .bss           0x00456ae8        0x0 d:/programm/mingw/bin/../lib/gcc/mingw32/4.9.3/../../..\libmingwex.a(vfprintf.o)
 .bss           0x00456ae8        0x0 d:/programm/mingw/bin/../lib/gcc/mingw32/4.9.3/../../..\libmingwex.a(glob.o)
 .bss           0x00456ae8        0x4 d:/programm/mingw/bin/../lib/gcc/mingw32/4.9.3/../../..\libmingwex.a(dirname.o)
 .bss           0x00456aec        0x0 d:/programm/mingw/bin/../lib/gcc/mingw32/4.9.3/../../..\libmingwex.a(dirent.o)
 .bss           0x00456aec        0x0 d:/programm/mingw/bin/../lib/gcc/mingw32/4.9.3/../../..\libmingwex.a(pformat.o)
 .bss           0x00456aec        0x0 d:/programm/mingw/bin/../lib/gcc/mingw32/4.9.3/../../..\libmingwex.a(snprintf.o)
 .bss           0x00456aec        0x0 d:/programm/mingw/bin/../lib/gcc/mingw32/4.9.3/../../..\libmingwex.a(vsnprintf.o)
 .bss           0x00456aec        0x4 d:/programm/mingw/bin/../lib/gcc/mingw32/4.9.3/../../..\libmingwex.a(varofmt.o)
                0x00456aec                __mingw_output_format_flag
 .bss           0x00456af0        0xc d:/programm/mingw/bin/../lib/gcc/mingw32/4.9.3/../../..\libmingwex.a(mbrtowc.o)
 .bss           0x00456afc        0x0 d:/programm/mingw/bin/../lib/gcc/mingw32/4.9.3/../../..\libmingwex.a(wcrtomb.o)
 .bss           0x00456afc        0x0 d:/programm/mingw/bin/../lib/gcc/mingw32/4.9.3/../../..\libmingwex.a(gdtoa.o)
 .bss           0x00456afc        0x0 d:/programm/mingw/bin/../lib/gcc/mingw32/4.9.3/../../..\libmingwex.a(gmisc.o)
 .bss           0x00456afc        0x0 d:/programm/mingw/bin/../lib/gcc/mingw32/4.9.3/../../..\libmingwex.a(dmisc.o)
 *fill*         0x00456afc        0x4 
 .bss           0x00456b00      0x9a0 d:/programm/mingw/bin/../lib/gcc/mingw32/4.9.3/../../..\libmingwex.a(misc.o)
 .bss           0x004574a0        0x0 d:/programm/mingw/bin/../lib/gcc/mingw32/4.9.3/../../..\libmsvcrt.a(dczfs00772.o)
 .bss           0x004574a0        0x0 d:/programm/mingw/bin/../lib/gcc/mingw32/4.9.3/../../..\libmsvcrt.a(dczfs00761.o)
 .bss           0x004574a0        0x0 d:/programm/mingw/bin/../lib/gcc/mingw32/4.9.3/../../..\libmsvcrt.a(dczfs00748.o)
 .bss           0x004574a0        0x0 d:/programm/mingw/bin/../lib/gcc/mingw32/4.9.3/../../..\libmsvcrt.a(dczfs00742.o)
 .bss           0x004574a0        0x0 d:/programm/mingw/bin/../lib/gcc/mingw32/4.9.3/../../..\libmsvcrt.a(dczfs00739.o)
 .bss           0x004574a0        0x0 d:/programm/mingw/bin/../lib/gcc/mingw32/4.9.3/../../..\libmsvcrt.a(dczfs00721.o)
 .bss           0x004574a0        0x0 d:/programm/mingw/bin/../lib/gcc/mingw32/4.9.3/../../..\libmsvcrt.a(dczfs00716.o)
 .bss           0x004574a0        0x0 d:/programm/mingw/bin/../lib/gcc/mingw32/4.9.3/../../..\libmsvcrt.a(dczfs00714.o)
 .bss           0x004574a0        0x0 d:/programm/mingw/bin/../lib/gcc/mingw32/4.9.3/../../..\libmsvcrt.a(dczfs00706.o)
 .bss           0x004574a0        0x0 d:/programm/mingw/bin/../lib/gcc/mingw32/4.9.3/../../..\libmsvcrt.a(dczfs00704.o)
 .bss           0x004574a0        0x0 d:/programm/mingw/bin/../lib/gcc/mingw32/4.9.3/../../..\libmsvcrt.a(dczfs00698.o)
 .bss           0x004574a0        0x0 d:/programm/mingw/bin/../lib/gcc/mingw32/4.9.3/../../..\libmsvcrt.a(dczfs00684.o)
 .bss           0x004574a0        0x0 d:/programm/mingw/bin/../lib/gcc/mingw32/4.9.3/../../..\libmsvcrt.a(dczfs00682.o)
 .bss           0x004574a0        0x0 d:/programm/mingw/bin/../lib/gcc/mingw32/4.9.3/../../..\libmsvcrt.a(dczfs00678.o)
 .bss           0x004574a0        0x0 d:/programm/mingw/bin/../lib/gcc/mingw32/4.9.3/../../..\libmsvcrt.a(dczfs00676.o)
 .bss           0x004574a0        0x0 d:/programm/mingw/bin/../lib/gcc/mingw32/4.9.3/../../..\libmsvcrt.a(dczfs00671.o)
 .bss           0x004574a0        0x0 d:/programm/mingw/bin/../lib/gcc/mingw32/4.9.3/../../..\libmsvcrt.a(dczfs00652.o)
 .bss           0x004574a0        0x0 d:/programm/mingw/bin/../lib/gcc/mingw32/4.9.3/../../..\libmsvcrt.a(dczfs00637.o)
 .bss           0x004574a0        0x0 d:/programm/mingw/bin/../lib/gcc/mingw32/4.9.3/../../..\libmsvcrt.a(dczfs00633.o)
 .bss           0x004574a0        0x0 d:/programm/mingw/bin/../lib/gcc/mingw32/4.9.3/../../..\libmsvcrt.a(dczfs00625.o)
 .bss           0x004574a0        0x0 d:/programm/mingw/bin/../lib/gcc/mingw32/4.9.3/../../..\libmsvcrt.a(dczfs00620.o)
 .bss           0x004574a0        0x0 d:/programm/mingw/bin/../lib/gcc/mingw32/4.9.3/../../..\libmsvcrt.a(dczfs00604.o)
 .bss           0x004574a0        0x0 d:/programm/mingw/bin/../lib/gcc/mingw32/4.9.3/../../..\libmsvcrt.a(dczfs00602.o)
 .bss           0x004574a0        0x0 d:/programm/mingw/bin/../lib/gcc/mingw32/4.9.3/../../..\libmsvcrt.a(dczfs00595.o)
 .bss           0x004574a0        0x0 d:/programm/mingw/bin/../lib/gcc/mingw32/4.9.3/../../..\libmsvcrt.a(dczfs00592.o)
 .bss           0x004574a0        0x0 d:/programm/mingw/bin/../lib/gcc/mingw32/4.9.3/../../..\libmsvcrt.a(dczfs00590.o)
 .bss           0x004574a0        0x0 d:/programm/mingw/bin/../lib/gcc/mingw32/4.9.3/../../..\libmsvcrt.a(dczfs00583.o)
 .bss           0x004574a0        0x0 d:/programm/mingw/bin/../lib/gcc/mingw32/4.9.3/../../..\libmsvcrt.a(dczfs00426.o)
 .bss           0x004574a0        0x0 d:/programm/mingw/bin/../lib/gcc/mingw32/4.9.3/../../..\libmsvcrt.a(dczfs00383.o)
 .bss           0x004574a0        0x0 d:/programm/mingw/bin/../lib/gcc/mingw32/4.9.3/../../..\libmsvcrt.a(dczfs00266.o)
 .bss           0x004574a0        0x0 d:/programm/mingw/bin/../lib/gcc/mingw32/4.9.3/../../..\libmsvcrt.a(dczfs00228.o)
 .bss           0x004574a0        0x0 d:/programm/mingw/bin/../lib/gcc/mingw32/4.9.3/../../..\libmsvcrt.a(dczfs00182.o)
 .bss           0x004574a0        0x0 d:/programm/mingw/bin/../lib/gcc/mingw32/4.9.3/../../..\libmsvcrt.a(dczfs00147.o)
 .bss           0x004574a0        0x0 d:/programm/mingw/bin/../lib/gcc/mingw32/4.9.3/../../..\libmsvcrt.a(dczfs00099.o)
 .bss           0x004574a0        0x0 d:/programm/mingw/bin/../lib/gcc/mingw32/4.9.3/../../..\libmsvcrt.a(dczfs00079.o)
 .bss           0x004574a0        0x0 d:/programm/mingw/bin/../lib/gcc/mingw32/4.9.3/../../..\libmsvcrt.a(dczfs00077.o)
 .bss           0x004574a0        0x0 d:/programm/mingw/bin/../lib/gcc/mingw32/4.9.3/../../..\libmsvcrt.a(dczfs00065.o)
 .bss           0x004574a0        0x0 d:/programm/mingw/bin/../lib/gcc/mingw32/4.9.3/../../..\libmsvcrt.a(dczfs00055.o)
 .bss           0x004574a0        0x0 d:/programm/mingw/bin/../lib/gcc/mingw32/4.9.3/../../..\libmsvcrt.a(dczfh.o)
 .bss           0x004574a0        0x0 d:/programm/mingw/bin/../lib/gcc/mingw32/4.9.3/../../..\libmsvcrt.a(dczft.o)
 .bss           0x004574a0        0x0 d:/programm/mingw/bin/../lib/gcc/mingw32/4.9.3/../../..\libkernel32.a(dchds01247.o)
 .bss           0x004574a0        0x0 d:/programm/mingw/bin/../lib/gcc/mingw32/4.9.3/../../..\libkernel32.a(dchds01215.o)
 .bss           0x004574a0        0x0 d:/programm/mingw/bin/../lib/gcc/mingw32/4.9.3/../../..\libkernel32.a(dchds01213.o)
 .bss           0x004574a0        0x0 d:/programm/mingw/bin/../lib/gcc/mingw32/4.9.3/../../..\libkernel32.a(dchds01173.o)
 .bss           0x004574a0        0x0 d:/programm/mingw/bin/../lib/gcc/mingw32/4.9.3/../../..\libkernel32.a(dchds01152.o)
 .bss           0x004574a0        0x0 d:/programm/mingw/bin/../lib/gcc/mingw32/4.9.3/../../..\libkernel32.a(dchds01140.o)
 .bss           0x004574a0        0x0 d:/programm/mingw/bin/../lib/gcc/mingw32/4.9.3/../../..\libkernel32.a(dchds00860.o)
 .bss           0x004574a0        0x0 d:/programm/mingw/bin/../lib/gcc/mingw32/4.9.3/../../..\libkernel32.a(dchds00817.o)
 .bss           0x004574a0        0x0 d:/programm/mingw/bin/../lib/gcc/mingw32/4.9.3/../../..\libkernel32.a(dchds00814.o)
 .bss           0x004574a0        0x0 d:/programm/mingw/bin/../lib/gcc/mingw32/4.9.3/../../..\libkernel32.a(dchds00763.o)
 .bss           0x004574a0        0x0 d:/programm/mingw/bin/../lib/gcc/mingw32/4.9.3/../../..\libkernel32.a(dchds00744.o)
 .bss           0x004574a0        0x0 d:/programm/mingw/bin/../lib/gcc/mingw32/4.9.3/../../..\libkernel32.a(dchds00734.o)
 .bss           0x004574a0        0x0 d:/programm/mingw/bin/../lib/gcc/mingw32/4.9.3/../../..\libkernel32.a(dchds00577.o)
 .bss           0x004574a0        0x0 d:/programm/mingw/bin/../lib/gcc/mingw32/4.9.3/../../..\libkernel32.a(dchds00529.o)
 .bss           0x004574a0        0x0 d:/programm/mingw/bin/../lib/gcc/mingw32/4.9.3/../../..\libkernel32.a(dchds00510.o)
 .bss           0x004574a0        0x0 d:/programm/mingw/bin/../lib/gcc/mingw32/4.9.3/../../..\libkernel32.a(dchds00388.o)
 .bss           0x004574a0        0x0 d:/programm/mingw/bin/../lib/gcc/mingw32/4.9.3/../../..\libkernel32.a(dchds00352.o)
 .bss           0x004574a0        0x0 d:/programm/mingw/bin/../lib/gcc/mingw32/4.9.3/../../..\libkernel32.a(dchds00321.o)
 .bss           0x004574a0        0x0 d:/programm/mingw/bin/../lib/gcc/mingw32/4.9.3/../../..\libkernel32.a(dchds00304.o)
 .bss           0x004574a0        0x0 d:/programm/mingw/bin/../lib/gcc/mingw32/4.9.3/../../..\libkernel32.a(dchds00300.o)
 .bss           0x004574a0        0x0 d:/programm/mingw/bin/../lib/gcc/mingw32/4.9.3/../../..\libkernel32.a(dchds00279.o)
 .bss           0x004574a0        0x0 d:/programm/mingw/bin/../lib/gcc/mingw32/4.9.3/../../..\libkernel32.a(dchds00236.o)
 .bss           0x004574a0        0x0 d:/programm/mingw/bin/../lib/gcc/mingw32/4.9.3/../../..\libkernel32.a(dchds00207.o)
 .bss           0x004574a0        0x0 d:/programm/mingw/bin/../lib/gcc/mingw32/4.9.3/../../..\libkernel32.a(dchdh.o)
 .bss           0x004574a0        0x0 d:/programm/mingw/bin/../lib/gcc/mingw32/4.9.3/../../..\libkernel32.a(dchdt.o)
 .bss           0x004574a0        0x0 d:/programm/mingw/bin/../lib/gcc/mingw32/4.9.3\libgcc.a(_udivdi3.o)
 .bss           0x004574a0        0x0 d:/programm/mingw/bin/../lib/gcc/mingw32/4.9.3\libgcc.a(_umoddi3.o)
 .bss           0x004574a0        0x0 d:/programm/mingw/bin/../lib/gcc/mingw32/4.9.3/../../..\libmoldname.a(dxpgs00082.o)
 .bss           0x004574a0        0x0 d:/programm/mingw/bin/../lib/gcc/mingw32/4.9.3/../../..\libmoldname.a(dxpgs00080.o)
 .bss           0x004574a0        0x0 d:/programm/mingw/bin/../lib/gcc/mingw32/4.9.3/../../..\libmoldname.a(dxpgh.o)
 .bss           0x004574a0        0x0 d:/programm/mingw/bin/../lib/gcc/mingw32/4.9.3/../../..\libmoldname.a(dxpgt.o)
 .bss           0x004574a0        0x0 d:/programm/mingw/bin/../lib/gcc/mingw32/4.9.3/crtend.o
 *(COMMON)
 COMMON         0x004574a0        0x4 d:/programm/mingw/bin/../lib/gcc/mingw32/4.9.3/crtbegin.o
                0x004574a0                hmod_libgcc
 COMMON         0x004574a4       0x10 d:/programm/mingw/bin/../lib/gcc/mingw32/4.9.3\libgcc.a(_ctors.o)
                0x004574b4                __bss_end__ = .

.edata
 *(.edata)

/DISCARD/
 *(.debug$S)
 *(.debug$T)
 *(.debug$F)
 *(.drectve)
 *(.note.GNU-stack)
 *(.gnu.lto_*)

.idata          0x00458000      0x800
 SORT(*)(.idata$2)
 .idata$2       0x00458000       0x14 d:/programm/mingw/bin/../lib/gcc/mingw32/4.9.3/../../..\libkernel32.a(dchdh.o)
                0x00458000                _head_libkernel32_a
 .idata$2       0x00458014       0x14 d:/programm/mingw/bin/../lib/gcc/mingw32/4.9.3/../../..\libmoldname.a(dxpgh.o)
                0x00458014                _head_libmoldname_a
 .idata$2       0x00458028       0x14 d:/programm/mingw/bin/../lib/gcc/mingw32/4.9.3/../../..\libmsvcrt.a(dczfh.o)
                0x00458028                _head_libmsvcrt_a
 SORT(*)(.idata$3)
                0x0045803c        0x4 LONG 0x0
                0x00458040        0x4 LONG 0x0
                0x00458044        0x4 LONG 0x0
                0x00458048        0x4 LONG 0x0
                0x0045804c        0x4 LONG 0x0
 SORT(*)(.idata$4)
 .idata$4       0x00458050        0x0 d:/programm/mingw/bin/../lib/gcc/mingw32/4.9.3/../../..\libkernel32.a(dchdh.o)
 .idata$4       0x00458050        0x4 d:/programm/mingw/bin/../lib/gcc/mingw32/4.9.3/../../..\libkernel32.a(dchds00207.o)
 .idata$4       0x00458054        0x4 d:/programm/mingw/bin/../lib/gcc/mingw32/4.9.3/../../..\libkernel32.a(dchds00236.o)
 .idata$4       0x00458058        0x4 d:/programm/mingw/bin/../lib/gcc/mingw32/4.9.3/../../..\libkernel32.a(dchds00279.o)
 .idata$4       0x0045805c        0x4 d:/programm/mingw/bin/../lib/gcc/mingw32/4.9.3/../../..\libkernel32.a(dchds00300.o)
 .idata$4       0x00458060        0x4 d:/programm/mingw/bin/../lib/gcc/mingw32/4.9.3/../../..\libkernel32.a(dchds00304.o)
 .idata$4       0x00458064        0x4 d:/programm/mingw/bin/../lib/gcc/mingw32/4.9.3/../../..\libkernel32.a(dchds00321.o)
 .idata$4       0x00458068        0x4 d:/programm/mingw/bin/../lib/gcc/mingw32/4.9.3/../../..\libkernel32.a(dchds00352.o)
 .idata$4       0x0045806c        0x4 d:/programm/mingw/bin/../lib/gcc/mingw32/4.9.3/../../..\libkernel32.a(dchds00388.o)
 .idata$4       0x00458070        0x4 d:/programm/mingw/bin/../lib/gcc/mingw32/4.9.3/../../..\libkernel32.a(dchds00510.o)
 .idata$4       0x00458074        0x4 d:/programm/mingw/bin/../lib/gcc/mingw32/4.9.3/../../..\libkernel32.a(dchds00529.o)
 .idata$4       0x00458078        0x4 d:/programm/mingw/bin/../lib/gcc/mingw32/4.9.3/../../..\libkernel32.a(dchds00577.o)
 .idata$4       0x0045807c        0x4 d:/programm/mingw/bin/../lib/gcc/mingw32/4.9.3/../../..\libkernel32.a(dchds00734.o)
 .idata$4       0x00458080        0x4 d:/programm/mingw/bin/../lib/gcc/mingw32/4.9.3/../../..\libkernel32.a(dchds00744.o)
 .idata$4       0x00458084        0x4 d:/programm/mingw/bin/../lib/gcc/mingw32/4.9.3/../../..\libkernel32.a(dchds00763.o)
 .idata$4       0x00458088        0x4 d:/programm/mingw/bin/../lib/gcc/mingw32/4.9.3/../../..\libkernel32.a(dchds00814.o)
 .idata$4       0x0045808c        0x4 d:/programm/mingw/bin/../lib/gcc/mingw32/4.9.3/../../..\libkernel32.a(dchds00817.o)
 .idata$4       0x00458090        0x4 d:/programm/mingw/bin/../lib/gcc/mingw32/4.9.3/../../..\libkernel32.a(dchds00860.o)
 .idata$4       0x00458094        0x4 d:/programm/mingw/bin/../lib/gcc/mingw32/4.9.3/../../..\libkernel32.a(dchds01140.o)
 .idata$4       0x00458098        0x4 d:/programm/mingw/bin/../lib/gcc/mingw32/4.9.3/../../..\libkernel32.a(dchds01152.o)
 .idata$4       0x0045809c        0x4 d:/programm/mingw/bin/../lib/gcc/mingw32/4.9.3/../../..\libkernel32.a(dchds01173.o)
 .idata$4       0x004580a0        0x4 d:/programm/mingw/bin/../lib/gcc/mingw32/4.9.3/../../..\libkernel32.a(dchds01213.o)
 .idata$4       0x004580a4        0x4 d:/programm/mingw/bin/../lib/gcc/mingw32/4.9.3/../../..\libkernel32.a(dchds01215.o)
 .idata$4       0x004580a8        0x4 d:/programm/mingw/bin/../lib/gcc/mingw32/4.9.3/../../..\libkernel32.a(dchds01247.o)
 .idata$4       0x004580ac        0x4 d:/programm/mingw/bin/../lib/gcc/mingw32/4.9.3/../../..\libkernel32.a(dchdt.o)
 .idata$4       0x004580b0        0x0 d:/programm/mingw/bin/../lib/gcc/mingw32/4.9.3/../../..\libmoldname.a(dxpgh.o)
 .idata$4       0x004580b0        0x4 d:/programm/mingw/bin/../lib/gcc/mingw32/4.9.3/../../..\libmoldname.a(dxpgs00080.o)
 .idata$4       0x004580b4        0x4 d:/programm/mingw/bin/../lib/gcc/mingw32/4.9.3/../../..\libmoldname.a(dxpgs00082.o)
 .idata$4       0x004580b8        0x4 d:/programm/mingw/bin/../lib/gcc/mingw32/4.9.3/../../..\libmoldname.a(dxpgt.o)
 .idata$4       0x004580bc        0x0 d:/programm/mingw/bin/../lib/gcc/mingw32/4.9.3/../../..\libmsvcrt.a(dczfh.o)
 .idata$4       0x004580bc        0x4 d:/programm/mingw/bin/../lib/gcc/mingw32/4.9.3/../../..\libmsvcrt.a(dczfs00055.o)
 .idata$4       0x004580c0        0x4 d:/programm/mingw/bin/../lib/gcc/mingw32/4.9.3/../../..\libmsvcrt.a(dczfs00065.o)
 .idata$4       0x004580c4        0x4 d:/programm/mingw/bin/../lib/gcc/mingw32/4.9.3/../../..\libmsvcrt.a(dczfs00077.o)
 .idata$4       0x004580c8        0x4 d:/programm/mingw/bin/../lib/gcc/mingw32/4.9.3/../../..\libmsvcrt.a(dczfs00079.o)
 .idata$4       0x004580cc        0x4 d:/programm/mingw/bin/../lib/gcc/mingw32/4.9.3/../../..\libmsvcrt.a(dczfs00099.o)
 .idata$4       0x004580d0        0x4 d:/programm/mingw/bin/../lib/gcc/mingw32/4.9.3/../../..\libmsvcrt.a(dczfs00147.o)
 .idata$4       0x004580d4        0x4 d:/programm/mingw/bin/../lib/gcc/mingw32/4.9.3/../../..\libmsvcrt.a(dczfs00182.o)
 .idata$4       0x004580d8        0x4 d:/programm/mingw/bin/../lib/gcc/mingw32/4.9.3/../../..\libmsvcrt.a(dczfs00228.o)
 .idata$4       0x004580dc        0x4 d:/programm/mingw/bin/../lib/gcc/mingw32/4.9.3/../../..\libmsvcrt.a(dczfs00266.o)
 .idata$4       0x004580e0        0x4 d:/programm/mingw/bin/../lib/gcc/mingw32/4.9.3/../../..\libmsvcrt.a(dczfs00383.o)
 .idata$4       0x004580e4        0x4 d:/programm/mingw/bin/../lib/gcc/mingw32/4.9.3/../../..\libmsvcrt.a(dczfs00426.o)
 .idata$4       0x004580e8        0x4 d:/programm/mingw/bin/../lib/gcc/mingw32/4.9.3/../../..\libmsvcrt.a(dczfs00583.o)
 .idata$4       0x004580ec        0x4 d:/programm/mingw/bin/../lib/gcc/mingw32/4.9.3/../../..\libmsvcrt.a(dczfs00590.o)
 .idata$4       0x004580f0        0x4 d:/programm/mingw/bin/../lib/gcc/mingw32/4.9.3/../../..\libmsvcrt.a(dczfs00592.o)
 .idata$4       0x004580f4        0x4 d:/programm/mingw/bin/../lib/gcc/mingw32/4.9.3/../../..\libmsvcrt.a(dczfs00595.o)
 .idata$4       0x004580f8        0x4 d:/programm/mingw/bin/../lib/gcc/mingw32/4.9.3/../../..\libmsvcrt.a(dczfs00602.o)
 .idata$4       0x004580fc        0x4 d:/programm/mingw/bin/../lib/gcc/mingw32/4.9.3/../../..\libmsvcrt.a(dczfs00604.o)
 .idata$4       0x00458100        0x4 d:/programm/mingw/bin/../lib/gcc/mingw32/4.9.3/../../..\libmsvcrt.a(dczfs00620.o)
 .idata$4       0x00458104        0x4 d:/programm/mingw/bin/../lib/gcc/mingw32/4.9.3/../../..\libmsvcrt.a(dczfs00625.o)
 .idata$4       0x00458108        0x4 d:/programm/mingw/bin/../lib/gcc/mingw32/4.9.3/../../..\libmsvcrt.a(dczfs00633.o)
 .idata$4       0x0045810c        0x4 d:/programm/mingw/bin/../lib/gcc/mingw32/4.9.3/../../..\libmsvcrt.a(dczfs00637.o)
 .idata$4       0x00458110        0x4 d:/programm/mingw/bin/../lib/gcc/mingw32/4.9.3/../../..\libmsvcrt.a(dczfs00652.o)
 .idata$4       0x00458114        0x4 d:/programm/mingw/bin/../lib/gcc/mingw32/4.9.3/../../..\libmsvcrt.a(dczfs00671.o)
 .idata$4       0x00458118        0x4 d:/programm/mingw/bin/../lib/gcc/mingw32/4.9.3/../../..\libmsvcrt.a(dczfs00676.o)
 .idata$4       0x0045811c        0x4 d:/programm/mingw/bin/../lib/gcc/mingw32/4.9.3/../../..\libmsvcrt.a(dczfs00678.o)
 .idata$4       0x00458120        0x4 d:/programm/mingw/bin/../lib/gcc/mingw32/4.9.3/../../..\libmsvcrt.a(dczfs00682.o)
 .idata$4       0x00458124        0x4 d:/programm/mingw/bin/../lib/gcc/mingw32/4.9.3/../../..\libmsvcrt.a(dczfs00684.o)
 .idata$4       0x00458128        0x4 d:/programm/mingw/bin/../lib/gcc/mingw32/4.9.3/../../..\libmsvcrt.a(dczfs00698.o)
 .idata$4       0x0045812c        0x4 d:/programm/mingw/bin/../lib/gcc/mingw32/4.9.3/../../..\libmsvcrt.a(dczfs00704.o)
 .idata$4       0x00458130        0x4 d:/programm/mingw/bin/../lib/gcc/mingw32/4.9.3/../../..\libmsvcrt.a(dczfs00706.o)
 .idata$4       0x00458134        0x4 d:/programm/mingw/bin/../lib/gcc/mingw32/4.9.3/../../..\libmsvcrt.a(dczfs00714.o)
 .idata$4       0x00458138        0x4 d:/programm/mingw/bin/../lib/gcc/mingw32/4.9.3/../../..\libmsvcrt.a(dczfs00716.o)
 .idata$4       0x0045813c        0x4 d:/programm/mingw/bin/../lib/gcc/mingw32/4.9.3/../../..\libmsvcrt.a(dczfs00721.o)
 .idata$4       0x00458140        0x4 d:/programm/mingw/bin/../lib/gcc/mingw32/4.9.3/../../..\libmsvcrt.a(dczfs00739.o)
 .idata$4       0x00458144        0x4 d:/programm/mingw/bin/../lib/gcc/mingw32/4.9.3/../../..\libmsvcrt.a(dczfs00742.o)
 .idata$4       0x00458148        0x4 d:/programm/mingw/bin/../lib/gcc/mingw32/4.9.3/../../..\libmsvcrt.a(dczfs00748.o)
 .idata$4       0x0045814c        0x4 d:/programm/mingw/bin/../lib/gcc/mingw32/4.9.3/../../..\libmsvcrt.a(dczfs00761.o)
 .idata$4       0x00458150        0x4 d:/programm/mingw/bin/../lib/gcc/mingw32/4.9.3/../../..\libmsvcrt.a(dczfs00772.o)
 .idata$4       0x00458154        0x4 d:/programm/mingw/bin/../lib/gcc/mingw32/4.9.3/../../..\libmsvcrt.a(dczft.o)
                0x00458158                __IAT_start__ = .
 SORT(*)(.idata$5)
 .idata$5       0x00458158        0x0 d:/programm/mingw/bin/../lib/gcc/mingw32/4.9.3/../../..\libkernel32.a(dchdh.o)
 .idata$5       0x00458158        0x4 d:/programm/mingw/bin/../lib/gcc/mingw32/4.9.3/../../..\libkernel32.a(dchds00207.o)
                0x00458158                _imp__DeleteCriticalSection@4
 .idata$5       0x0045815c        0x4 d:/programm/mingw/bin/../lib/gcc/mingw32/4.9.3/../../..\libkernel32.a(dchds00236.o)
                0x0045815c                _imp__EnterCriticalSection@4
 .idata$5       0x00458160        0x4 d:/programm/mingw/bin/../lib/gcc/mingw32/4.9.3/../../..\libkernel32.a(dchds00279.o)
                0x00458160                _imp__ExitProcess@4
 .idata$5       0x00458164        0x4 d:/programm/mingw/bin/../lib/gcc/mingw32/4.9.3/../../..\libkernel32.a(dchds00300.o)
                0x00458164                _imp__FindClose@4
 .idata$5       0x00458168        0x4 d:/programm/mingw/bin/../lib/gcc/mingw32/4.9.3/../../..\libkernel32.a(dchds00304.o)
                0x00458168                _imp__FindFirstFileA@8
 .idata$5       0x0045816c        0x4 d:/programm/mingw/bin/../lib/gcc/mingw32/4.9.3/../../..\libkernel32.a(dchds00321.o)
                0x0045816c                _imp__FindNextFileA@8
 .idata$5       0x00458170        0x4 d:/programm/mingw/bin/../lib/gcc/mingw32/4.9.3/../../..\libkernel32.a(dchds00352.o)
                0x00458170                _imp__FreeLibrary@4
 .idata$5       0x00458174        0x4 d:/programm/mingw/bin/../lib/gcc/mingw32/4.9.3/../../..\libkernel32.a(dchds00388.o)
                0x00458174                _imp__GetCommandLineA@0
 .idata$5       0x00458178        0x4 d:/programm/mingw/bin/../lib/gcc/mingw32/4.9.3/../../..\libkernel32.a(dchds00510.o)
                0x00458178                _imp__GetLastError@0
 .idata$5       0x0045817c        0x4 d:/programm/mingw/bin/../lib/gcc/mingw32/4.9.3/../../..\libkernel32.a(dchds00529.o)
                0x0045817c                _imp__GetModuleHandleA@4
 .idata$5       0x00458180        0x4 d:/programm/mingw/bin/../lib/gcc/mingw32/4.9.3/../../..\libkernel32.a(dchds00577.o)
                0x00458180                _imp__GetProcAddress@8
 .idata$5       0x00458184        0x4 d:/programm/mingw/bin/../lib/gcc/mingw32/4.9.3/../../..\libkernel32.a(dchds00734.o)
                0x00458184                _imp__InitializeCriticalSection@4
 .idata$5       0x00458188        0x4 d:/programm/mingw/bin/../lib/gcc/mingw32/4.9.3/../../..\libkernel32.a(dchds00744.o)
                0x00458188                _imp__InterlockedExchange@8
 .idata$5       0x0045818c        0x4 d:/programm/mingw/bin/../lib/gcc/mingw32/4.9.3/../../..\libkernel32.a(dchds00763.o)
                0x0045818c                _imp__IsDBCSLeadByteEx@8
 .idata$5       0x00458190        0x4 d:/programm/mingw/bin/../lib/gcc/mingw32/4.9.3/../../..\libkernel32.a(dchds00814.o)
                0x00458190                _imp__LeaveCriticalSection@4
 .idata$5       0x00458194        0x4 d:/programm/mingw/bin/../lib/gcc/mingw32/4.9.3/../../..\libkernel32.a(dchds00817.o)
                0x00458194                _imp__LoadLibraryA@4
 .idata$5       0x00458198        0x4 d:/programm/mingw/bin/../lib/gcc/mingw32/4.9.3/../../..\libkernel32.a(dchds00860.o)
                0x00458198                _imp__MultiByteToWideChar@24
 .idata$5       0x0045819c        0x4 d:/programm/mingw/bin/../lib/gcc/mingw32/4.9.3/../../..\libkernel32.a(dchds01140.o)
                0x0045819c                _imp__SetUnhandledExceptionFilter@4
 .idata$5       0x004581a0        0x4 d:/programm/mingw/bin/../lib/gcc/mingw32/4.9.3/../../..\libkernel32.a(dchds01152.o)
                0x004581a0                _imp__Sleep@4
 .idata$5       0x004581a4        0x4 d:/programm/mingw/bin/../lib/gcc/mingw32/4.9.3/../../..\libkernel32.a(dchds01173.o)
                0x004581a4                _imp__TlsGetValue@4
 .idata$5       0x004581a8        0x4 d:/programm/mingw/bin/../lib/gcc/mingw32/4.9.3/../../..\libkernel32.a(dchds01213.o)
                0x004581a8                _imp__VirtualProtect@16
 .idata$5       0x004581ac        0x4 d:/programm/mingw/bin/../lib/gcc/mingw32/4.9.3/../../..\libkernel32.a(dchds01215.o)
                0x004581ac                _imp__VirtualQuery@12
 .idata$5       0x004581b0        0x4 d:/programm/mingw/bin/../lib/gcc/mingw32/4.9.3/../../..\libkernel32.a(dchds01247.o)
                0x004581b0                _imp__WideCharToMultiByte@32
 .idata$5       0x004581b4        0x4 d:/programm/mingw/bin/../lib/gcc/mingw32/4.9.3/../../..\libkernel32.a(dchdt.o)
 .idata$5       0x004581b8        0x0 d:/programm/mingw/bin/../lib/gcc/mingw32/4.9.3/../../..\libmoldname.a(dxpgh.o)
 .idata$5       0x004581b8        0x4 d:/programm/mingw/bin/../lib/gcc/mingw32/4.9.3/../../..\libmoldname.a(dxpgs00080.o)
                0x004581b8                _imp__strdup
 .idata$5       0x004581bc        0x4 d:/programm/mingw/bin/../lib/gcc/mingw32/4.9.3/../../..\libmoldname.a(dxpgs00082.o)