Archive member included to satisfy reference by file (symbol)

d:/programm/mingw/bin/../lib/gcc/mingw32/4.9.3/../../..\libmingw32.a(CRTglob.o)
                              d:/programm/mingw/bin/../lib/gcc/mingw32/4.9.3/../../../crt2.o (_CRT_glob)
d:/programm/mingw/bin/../lib/gcc/mingw32/4.9.3/../../..\libmingw32.a(setargv.o)
                              d:/programm/mingw/bin/../lib/gcc/mingw32/4.9.3/../../../crt2.o (_setargv)
d:/programm/mingw/bin/../lib/gcc/mingw32/4.9.3/../../..\libmingw32.a(CRTfmode.o)
                              d:/programm/mingw/bin/../lib/gcc/mingw32/4.9.3/../../../crt2.o (_CRT_fmode)
d:/programm/mingw/bin/../lib/gcc/mingw32/4.9.3/../../..\libmingw32.a(cpu_features.o)
                              d:/programm/mingw/bin/../lib/gcc/mingw32/4.9.3/../../../crt2.o (__cpu_features_init)
d:/programm/mingw/bin/../lib/gcc/mingw32/4.9.3/../../..\libmingw32.a(CRT_fp10.o)
                              d:/programm/mingw/bin/../lib/gcc/mingw32/4.9.3/../../../crt2.o (_fpreset)
d:/programm/mingw/bin/../lib/gcc/mingw32/4.9.3/../../..\libmingw32.a(txtmode.o)
                              d:/programm/mingw/bin/../lib/gcc/mingw32/4.9.3/../../../crt2.o (_fmode)
d:/programm/mingw/bin/../lib/gcc/mingw32/4.9.3/../../..\libmingw32.a(gccmain.o)
                              d:/programm/mingw/bin/../lib/gcc/mingw32/4.9.3/../../../crt2.o (__main)
d:/programm/mingw/bin/../lib/gcc/mingw32/4.9.3/../../..\libmingw32.a(tlssup.o)
                              d:/programm/mingw/bin/../lib/gcc/mingw32/4.9.3/../../../crt2.o (__dyn_tls_init_callback)
d:/programm/mingw/bin/../lib/gcc/mingw32/4.9.3/../../..\libmingw32.a(tlsthrd.o)
                              d:/programm/mingw/bin/../lib/gcc/mingw32/4.9.3/../../..\libmingw32.a(tlssup.o) (__mingw_TLScallback)
d:/programm/mingw/bin/../lib/gcc/mingw32/4.9.3/../../..\libmingw32.a(pseudo-reloc.o)
                              d:/programm/mingw/bin/../lib/gcc/mingw32/4.9.3/../../../crt2.o (_pei386_runtime_relocator)
d:/programm/mingw/bin/../lib/gcc/mingw32/4.9.3/../../..\libmingw32.a(pseudo-reloc-list.o)
                              d:/programm/mingw/bin/../lib/gcc/mingw32/4.9.3/../../..\libmingw32.a(pseudo-reloc.o) (__RUNTIME_PSEUDO_RELOC_LIST__)
d:/programm/mingw/bin/../lib/gcc/mingw32/4.9.3/../../..\libmingw32.a(crtst.o)
                              d:/programm/mingw/bin/../lib/gcc/mingw32/4.9.3/../../..\libmingw32.a(tlssup.o) (_CRT_MT)
d:/programm/mingw/bin/../lib/gcc/mingw32/4.9.3\libgcc.a(_chkstk_ms.o)
                              d:/programm/mingw/bin/../lib/gcc/mingw32/4.9.3/../../..\libmingw32.a(setargv.o) (__chkstk_ms)
d:/programm/mingw/bin/../lib/gcc/mingw32/4.9.3\libgcc.a(_ctors.o)
                              d:/programm/mingw/bin/../lib/gcc/mingw32/4.9.3/../../..\libmingw32.a(gccmain.o) (__DTOR_LIST__)
d:/programm/mingw/bin/../lib/gcc/mingw32/4.9.3/../../..\libmingwex.a(vprintf.o)
                              E:\NeuOrga\Programmieren\c_cpp\github_os\output\os_sim\obj_x86\os_sim_main.o (__mingw_vprintf)
d:/programm/mingw/bin/../lib/gcc/mingw32/4.9.3/../../..\libmingwex.a(glob.o)
                              d:/programm/mingw/bin/../lib/gcc/mingw32/4.9.3/../../..\libmingw32.a(setargv.o) (__mingw_glob)
d:/programm/mingw/bin/../lib/gcc/mingw32/4.9.3/../../..\libmingwex.a(dirname.o)
                              d:/programm/mingw/bin/../lib/gcc/mingw32/4.9.3/../../..\libmingwex.a(glob.o) (__mingw_dirname)
d:/programm/mingw/bin/../lib/gcc/mingw32/4.9.3/../../..\libmingwex.a(dirent.o)
                              d:/programm/mingw/bin/../lib/gcc/mingw32/4.9.3/../../..\libmingwex.a(glob.o) (__mingw_opendir)
d:/programm/mingw/bin/../lib/gcc/mingw32/4.9.3/../../..\libmingwex.a(pformat.o)
                              d:/programm/mingw/bin/../lib/gcc/mingw32/4.9.3/../../..\libmingwex.a(vprintf.o) (__mingw_pformat)
d:/programm/mingw/bin/../lib/gcc/mingw32/4.9.3/../../..\libmingwex.a(snprintf.o)
                              d:/programm/mingw/bin/../lib/gcc/mingw32/4.9.3/../../..\libmingwex.a(dirent.o) (snprintf)
d:/programm/mingw/bin/../lib/gcc/mingw32/4.9.3/../../..\libmingwex.a(vsnprintf.o)
                              d:/programm/mingw/bin/../lib/gcc/mingw32/4.9.3/../../..\libmingwex.a(snprintf.o) (__mingw_vsnprintf)
d:/programm/mingw/bin/../lib/gcc/mingw32/4.9.3/../../..\libmingwex.a(varofmt.o)
                              d:/programm/mingw/bin/../lib/gcc/mingw32/4.9.3/../../..\libmingwex.a(pformat.o) (__mingw_output_format_flag)
d:/programm/mingw/bin/../lib/gcc/mingw32/4.9.3/../../..\libmingwex.a(mbrtowc.o)
                              d:/programm/mingw/bin/../lib/gcc/mingw32/4.9.3/../../..\libmingwex.a(pformat.o) (mbrtowc)
d:/programm/mingw/bin/../lib/gcc/mingw32/4.9.3/../../..\libmingwex.a(wcrtomb.o)
                              d:/programm/mingw/bin/../lib/gcc/mingw32/4.9.3/../../..\libmingwex.a(pformat.o) (wcrtomb)
d:/programm/mingw/bin/../lib/gcc/mingw32/4.9.3/../../..\libmingwex.a(gdtoa.o)
[...]
Memory Configuration

Name             Origin             Length             Attributes
*default*        0x00000000         0xffffffff

Linker script and memory map

                0x00400000                __image_base__ = 0x400000
                0x00000000                __dll__ = 0x0
                0x00400000                ___ImageBase = 0x400000
                0x00001000                __section_alignment__ = 0x1000
                0x00000200                __file_alignment__ = 0x200
                0x00000004                __major_os_version__ = 0x4
                0x00000000                __minor_os_version__ = 0x0
                0x00000001                __major_image_version__ = 0x1
                0x00000000                __minor_image_version__ = 0x0
                0x00000004                __major_subsystem_version__ = 0x4
                0x00000000                __minor_subsystem_version__ = 0x0
                0x00000003                __subsystem__ = 0x3
                0x00200000                __size_of_stack_reserve__ = 0x200000
                0x00001000                __size_of_stack_commit__ = 0x1000
                0x00100000                __size_of_heap_reserve__ = 0x100000
                0x00001000                __size_of_heap_commit__ = 0x1000
                0x00000000                __loader_flags__ = 0x0
                0x00000000                __dll_characteristics__ = 0x0
LOAD d:/programm/mingw/bin/../lib/gcc/mingw32/4.9.3/../../../crt2.o
LOAD d:/programm/mingw/bin/../lib/gcc/mingw32/4.9.3/crtbegin.o
LOAD E:\NeuOrga\Programmieren\c_cpp\github_os\output\os_base\obj_x86\os_common.o
LOAD E:\NeuOrga\Programmieren\c_cpp\github_os\output\os_base\obj_x86\os_driver_hook.o
LOAD E:\NeuOrga\Programmieren\c_cpp\github_os\output\os_base\obj_x86\os_exception.o
LOAD E:\NeuOrga\Programmieren\c_cpp\github_os\output\os_base\obj_x86\os_exception_isr_handler.o
LOAD E:\NeuOrga\Programmieren\c_cpp\github_os\output\os_base\obj_x86\os_init_task_system.o
LOAD E:\NeuOrga\Programmieren\c_cpp\github_os\output\os_base\obj_x86\os_main.o
LOAD E:\NeuOrga\Programmieren\c_cpp\github_os\output\os_base\obj_x86\os_memory_mmu_setup.o
LOAD E:\NeuOrga\Programmieren\c_cpp\github_os\output\os_base\obj_x86\os_rte_common.o
LOAD E:\NeuOrga\Programmieren\c_cpp\github_os\output\os_base\obj_x86\os_rte_icc.o
LOAD E:\NeuOrga\Programmieren\c_cpp\github_os\output\os_base\obj_x86\os_shutdown.o
LOAD E:\NeuOrga\Programmieren\c_cpp\github_os\output\os_base\obj_x86\os_start_ext_prg.o
LOAD E:\NeuOrga\Programmieren\c_cpp\github_os\output\os_base\obj_x86\os_start_init_hw.o
LOAD E:\NeuOrga\Programmieren\c_cpp\github_os\output\os_base\obj_x86\os_start_init_mc.o
LOAD E:\NeuOrga\Programmieren\c_cpp\github_os\output\os_base\obj_x86\os_start_init_sw.o
LOAD E:\NeuOrga\Programmieren\c_cpp\github_os\output\os_base\obj_x86\os_start_os.o
LOAD E:\NeuOrga\Programmieren\c_cpp\github_os\output\os_base\obj_x86\os_task_common.o
LOAD E:\NeuOrga\Programmieren\c_cpp\github_os\output\os_base\obj_x86\os_task_queue.o
LOAD E:\NeuOrga\Programmieren\c_cpp\github_os\output\os_base\obj_x86\os_task_scheduler.o
LOAD E:\NeuOrga\Programmieren\c_cpp\github_os\output\os_sim\obj_x86\os_sim_main.o
LOAD E:\NeuOrga\Programmieren\c_cpp\github_os\output\os_base\obj_x86\os_ram.o
LOAD E:\NeuOrga\Programmieren\c_cpp\github_os\output\os_base\obj_x86\os_shared_ram.o
LOAD E:\NeuOrga\Programmieren\c_cpp\github_os\output\os_sim\obj_x86\os_stack.o
LOAD E:\NeuOrga\Programmieren\c_cpp\github_os\output\os_sim\obj_x86\os_heap.o
LOAD E:\NeuOrga\Programmieren\c_cpp\github_os\output\os_sim\obj_x86\os_diagnostic_main.o
LOAD E:\NeuOrga\Programmieren\c_cpp\github_os\output\os_drivers\obj_x86\lld_global.o
LOAD E:\NeuOrga\Programmieren\c_cpp\github_os\output\os_drivers\obj_x86\lld_interrupt.o
LOAD E:\NeuOrga\Programmieren\c_cpp\github_os\output\os_drivers\obj_x86\lld_mmu.o
LOAD E:\NeuOrga\Programmieren\c_cpp\github_os\output\os_drivers\obj_x86\lld_ram.o
LOAD E:\NeuOrga\Programmieren\c_cpp\github_os\output\os_drivers\obj_x86\lld_timer.o
LOAD E:\NeuOrga\Programmieren\c_cpp\github_os\output\os_drivers\obj_x86\lld_power.o
LOAD E:\NeuOrga\Programmieren\c_cpp\github_os\output\os_user_code\obj_x86\led.o
LOAD d:/programm/mingw/bin/../lib/gcc/mingw32/4.9.3\libstdc++.a
LOAD d:/programm/mingw/bin/../lib/gcc/mingw32/4.9.3/../../..\libmingw32.a
LOAD d:/programm/mingw/bin/../lib/gcc/mingw32/4.9.3\libgcc.a
LOAD d:/programm/mingw/bin/../lib/gcc/mingw32/4.9.3\libgcc_eh.a
LOAD d:/programm/mingw/bin/../lib/gcc/mingw32/4.9.3/../../..\libmoldname.a
LOAD d:/programm/mingw/bin/../lib/gcc/mingw32/4.9.3/../../..\libmingwex.a
LOAD d:/programm/mingw/bin/../lib/gcc/mingw32/4.9.3/../../..\libmsvcrt.a
LOAD d:/programm/mingw/bin/../lib/gcc/mingw32/4.9.3/../../..\libadvapi32.a
LOAD d:/programm/mingw/bin/../lib/gcc/mingw32/4.9.3/../../..\libshell32.a
LOAD d:/programm/mingw/bin/../lib/gcc/mingw32/4.9.3/../../..\libuser32.a
LOAD d:/programm/mingw/bin/../lib/gcc/mingw32/4.9.3/../../..\libkernel32.a
LOAD d:/programm/mingw/bin/../lib/gcc/mingw32/4.9.3/../../..\libmingw32.a
LOAD d:/programm/mingw/bin/../lib/gcc/mingw32/4.9.3\libgcc.a
LOAD d:/programm/mingw/bin/../lib/gcc/mingw32/4.9.3\libgcc_eh.a
LOAD d:/programm/mingw/bin/../lib/gcc/mingw32/4.9.3/../../..\libmoldname.a
LOAD d:/programm/mingw/bin/../lib/gcc/mingw32/4.9.3/../../..\libmingwex.a
LOAD d:/programm/mingw/bin/../lib/gcc/mingw32/4.9.3/../../..\libmsvcrt.a
LOAD d:/programm/mingw/bin/../lib/gcc/mingw32/4.9.3/crtend.o
                0x000003a8                . = SIZEOF_HEADERS
                0x00001000                . = ALIGN (__section_alignment__)

.text           0x00401000     0x9000
 *(.init)
 *(.text)
 .text          0x00401000      0x300 d:/programm/mingw/bin/../lib/gcc/mingw32/4.9.3/../../../crt2.o
                0x00401260                _mingw32_init_mainargs
                0x004012a0                mainCRTStartup
                0x004012c0                WinMainCRTStartup
                0x004012e0                atexit
                0x004012f0                _onexit
 .text          0x00401300      0x110 d:/programm/mingw/bin/../lib/gcc/mingw32/4.9.3/crtbegin.o
                0x00401300                __gcc_register_frame
                0x004013b0                __gcc_deregister_frame
 .text          0x00401410       0x1c E:\NeuOrga\Programmieren\c_cpp\github_os\output\os_base\obj_x86\os_common.o
                0x00401410                OS_SET_SW_BUG
                0x00401422                Get_current_time
 .text          0x0040142c        0x0 E:\NeuOrga\Programmieren\c_cpp\github_os\output\os_base\obj_x86\os_driver_hook.o
 .text          0x0040142c       0x50 E:\NeuOrga\Programmieren\c_cpp\github_os\output\os_base\obj_x86\os_exception.o
                0x00401431                OS_Exception_HARDFAULT
                0x00401436                OS_Exception_NMI
                0x0040143b                OS_Exception_SWI
                0x00401440                OS_Exception_BUS_FAULT
                0x00401445                OS_Exception_DEBUG
                0x0040144a                OS_Exception_MEM_MANAG_FAULT
                0x0040144f                OS_Exception_USAGE_FAULT
                0x00401454                OS_Exception_PendSV
                0x00401459                OS_Exception_Systick
                0x0040145e                OS_Exception_IRQ
                0x00401463                OS_Exception_FIQ
                0x00401468                TCMP1
                0x0040146d                TCMP2
                0x00401472                TCMP3
                0x00401477                TCMP4
 .text          0x0040147c       0x10 E:\NeuOrga\Programmieren\c_cpp\github_os\output\os_base\obj_x86\os_exception_isr_handler.o
                0x0040147c                OS_ISRHANDLERC0
 .text          0x0040148c       0x10 E:\NeuOrga\Programmieren\c_cpp\github_os\output\os_base\obj_x86\os_init_task_system.o
                0x0040148c                OS_INIT_TASK_SYSTEM
 .text          0x0040149c       0x9c E:\NeuOrga\Programmieren\c_cpp\github_os\output\os_base\obj_x86\os_main.o
                0x0040149c                OS_STATE_HANDLER
 .text          0x00401538        0x8 E:\NeuOrga\Programmieren\c_cpp\github_os\output\os_base\obj_x86\os_memory_mmu_setup.o
                0x00401538                OS_MMU_SETUP
 .text          0x00401540        0x0 E:\NeuOrga\Programmieren\c_cpp\github_os\output\os_base\obj_x86\os_rte_common.o
 .text          0x00401540       0x18 E:\NeuOrga\Programmieren\c_cpp\github_os\output\os_base\obj_x86\os_rte_icc.o
                0x00401540                SEND_DATA
                0x00401547                SEND_PACKAGE
                0x0040154e                SEND_FRAME
 .text          0x00401558       0x2c E:\NeuOrga\Programmieren\c_cpp\github_os\output\os_base\obj_x86\os_shutdown.o
                0x00401558                OS_SHUTDOWN
 .text          0x00401584       0x40 E:\NeuOrga\Programmieren\c_cpp\github_os\output\os_base\obj_x86\os_start_ext_prg.o
                0x0040158b                OS_StartExtPrg
 .text          0x004015c4        0x8 E:\NeuOrga\Programmieren\c_cpp\github_os\output\os_base\obj_x86\os_start_init_hw.o
                0x004015c4                OS_INIT_HW
 .text          0x004015cc        0x8 E:\NeuOrga\Programmieren\c_cpp\github_os\output\os_base\obj_x86\os_start_init_mc.o
                0x004015cc                OS_INIT_MC
 .text          0x004015d4        0x8 E:\NeuOrga\Programmieren\c_cpp\github_os\output\os_base\obj_x86\os_start_init_sw.o
                0x004015d4                OS_INIT_SW
 .text          0x004015dc       0x7c E:\NeuOrga\Programmieren\c_cpp\github_os\output\os_base\obj_x86\os_start_os.o
                0x004015dc                OS_START_OS
 .text          0x00401658      0x224 E:\NeuOrga\Programmieren\c_cpp\github_os\output\os_base\obj_x86\os_task_common.o
                0x00401658                OS_TASK_SAVETASK_ENVIRONMENT
                0x004016bc                OS_TASK_RESTORETASK_ENVIRONMENT
                0x004016f9                OS_TASK_RESTORE_SYSTEM_STACK
                0x0040170c                OS_TASK_SAVE_SYSTEM_STACK
                0x0040171f                OS_Task_InitTaskEnvironment
                0x00401803                OS_Task_DeleteTaskEnvironment
                0x0040183f                OS_Task_CreateTaskEnvironment
 .text          0x0040187c      0xbcc E:\NeuOrga\Programmieren\c_cpp\github_os\output\os_base\obj_x86\os_task_queue.o
                0x0040187c                SET_RUNNING_TASK
                0x00401a10                OS_INIT_TASK_QUEUE
                0x00401a6e                AddToTaskQueue
                0x00401f37                DeleteFromTaskQueue
                0x00402048                GetFromTaskQueue
                0x00402050                GetFromLinkList
                0x00402069                DeleteFromLinkList
                0x00402086                AddToLinkList
                0x004020e5                UpdateLinkList
                0x00402171                GetIdleTask
                0x0040217b                AddToIdleTaskQueue
                0x00402309                GetRunningTask
                0x00402313                OS_INIT_TASK
 .text          0x00402448      0x758 E:\NeuOrga\Programmieren\c_cpp\github_os\output\os_base\obj_x86\os_task_scheduler.o
                0x00402448                OS_ACTIVATE_DISPATCHER
                0x0040244d                OS_SLEEPTASK
                0x00402467                task_state_request
                0x0040255e                OS_ActivateTask
                0x00402713                OS_TERMINATE_TASK
                0x004027cd                OS_TASK_DISPATCHER
                0x00402832                OS_INIT_TASKS
                0x00402b91                ISR_TASK_DISPATCH_C0
 .text          0x00402ba0       0xc8 E:\NeuOrga\Programmieren\c_cpp\github_os\output\os_sim\obj_x86\os_sim_main.o
                0x00402bc9                main
 .text          0x00402c68        0x0 E:\NeuOrga\Programmieren\c_cpp\github_os\output\os_base\obj_x86\os_ram.o
 .text          0x00402c68        0x0 E:\NeuOrga\Programmieren\c_cpp\github_os\output\os_base\obj_x86\os_shared_ram.o
 .text          0x00402c68        0x0 E:\NeuOrga\Programmieren\c_cpp\github_os\output\os_sim\obj_x86\os_stack.o
 .text          0x00402c68      0x23c E:\NeuOrga\Programmieren\c_cpp\github_os\output\os_sim\obj_x86\os_heap.o
                0x00402c68                os_calloc
                0x00402ca8                os_realloc
                0x00402d2c                os_malloc
                0x00402da2                os_free
 .text          0x00402ea4        0x8 E:\NeuOrga\Programmieren\c_cpp\github_os\output\os_sim\obj_x86\os_diagnostic_main.o
                0x00402ea4                OS_DIAGNOSTIC_MAIN
 .text          0x00402eac       0x68 E:\NeuOrga\Programmieren\c_cpp\github_os\output\os_drivers\obj_x86\lld_global.o
                0x00402eac                GET_CORE_ID
                0x00402ebe                LLF_SAVE_TASK_STACK
                0x00402ecd                LLF_SAVE_REGISTERS
                0x00402ed2                LLF_RESTORE_TASK_STACK
                0x00402ee1                LLF_RESTORE_REGISTERS
                0x00402ee6                LLF_RESTORE_SYSTEM_STACK
                0x00402ef5                LLF_SAVE_SYSTEM_STACK
                0x00402f04                LLF_CLEAR_ALL_GP_REGISTERS
                0x00402f09                LLF_PERFORM_RAM_CHECK
                0x00402f0e                LLF_CHANGE_TO_USER_MODE
 .text          0x00402f14       0x14 E:\NeuOrga\Programmieren\c_cpp\github_os\output\os_drivers\obj_x86\lld_interrupt.o
                0x00402f14                LLF_INT_DISABLE
                0x00402f19                LLF_INT_ENABLE
                0x00402f1e                LLF_DISABLE_INTERRUPTS_ALL_CORES
 .text          0x00402f28       0x18 E:\NeuOrga\Programmieren\c_cpp\github_os\output\os_drivers\obj_x86\lld_mmu.o
                0x00402f28                LLF_MPU_DISABLE
                0x00402f2d                LLF_MPU_ENABLE
                0x00402f32                LLF_MPU_SWITCH_OFF_ALL_REGIONS
                0x00402f37                LLF_GET_MPU_PRESENT
 .text          0x00402f40        0x8 E:\NeuOrga\Programmieren\c_cpp\github_os\output\os_drivers\obj_x86\lld_ram.o
                0x00402f40                LLF_CLEAR_ALL_RAM
 .text          0x00402f48       0x30 E:\NeuOrga\Programmieren\c_cpp\github_os\output\os_drivers\obj_x86\lld_timer.o
                0x00402f48                LLF_UP_CNT_TIMER_32
                0x00402f52                LLF_ADD_2_TCMP
                0x00402f67                LLF_TCMP1_CONFIG
 .text          0x00402f78        0xc E:\NeuOrga\Programmieren\c_cpp\github_os\output\os_drivers\obj_x86\lld_power.o
                0x00402f78                LLF_MCU_SWITCH_OFF_POWER
                0x00402f7d                LLF_MCU_RESET_POWER
 .text          0x00402f84       0x14 E:\NeuOrga\Programmieren\c_cpp\github_os\output\os_user_code\obj_x86\led.o
                0x00402f84                USER_LED_INIT
                0x00402f89                USER_LED_ON
                0x00402f8e                USER_LED_OFF
                0x00402f93                USER_LED_TOGGLE
 .text          0x00402f98        0x0 d:/programm/mingw/bin/../lib/gcc/mingw32/4.9.3/../../..\libmingw32.a(CRTglob.o)
 *fill*         0x00402f98        0x8 
 .text          0x00402fa0      0x310 d:/programm/mingw/bin/../lib/gcc/mingw32/4.9.3/../../..\libmingw32.a(setargv.o)
                0x00402fa0                _setargv
 .text          0x004032b0        0x0 d:/programm/mingw/bin/../lib/gcc/mingw32/4.9.3/../../..\libmingw32.a(CRTfmode.o)
 .text          0x004032b0       0xe0 d:/programm/mingw/bin/../lib/gcc/mingw32/4.9.3/../../..\libmingw32.a(cpu_features.o)
                0x004032b0                __cpu_features_init
 .text          0x00403390       0x10 d:/programm/mingw/bin/../lib/gcc/mingw32/4.9.3/../../..\libmingw32.a(CRT_fp10.o)
                0x00403390                fpreset
                0x00403390                _fpreset
 .text          0x004033a0        0x0 d:/programm/mingw/bin/../lib/gcc/mingw32/4.9.3/../../..\libmingw32.a(txtmode.o)
 .text          0x004033a0       0xa0 d:/programm/mingw/bin/../lib/gcc/mingw32/4.9.3/../../..\libmingw32.a(gccmain.o)
                0x004033a0                __do_global_dtors
                0x004033d0                __do_global_ctors
                0x00403420                __main
 .text          0x00403440       0xf0 d:/programm/mingw/bin/../lib/gcc/mingw32/4.9.3/../../..\libmingw32.a(tlssup.o)
                0x00403490                __dyn_tls_init@12
                0x00403520                __tlregdtor
 .text          0x00403530      0x240 d:/programm/mingw/bin/../lib/gcc/mingw32/4.9.3/../../..\libmingw32.a(tlsthrd.o)
                0x004035a0                ___w64_mingwthr_add_key_dtor
                0x00403630                ___w64_mingwthr_remove_key_dtor
                0x004036d0                __mingw_TLScallback
 .text          0x00403770      0x320 d:/programm/mingw/bin/../lib/gcc/mingw32/4.9.3/../../..\libmingw32.a(pseudo-reloc.o)
                0x004038b0                _pei386_runtime_relocator
 .text          0x00403a90        0x0 d:/programm/mingw/bin/../lib/gcc/mingw32/4.9.3/../../..\libmingw32.a(pseudo-reloc-list.o)
 .text          0x00403a90        0x0 d:/programm/mingw/bin/../lib/gcc/mingw32/4.9.3/../../..\libmingw32.a(crtst.o)
 .text          0x00403a90       0x2c d:/programm/mingw/bin/../lib/gcc/mingw32/4.9.3\libgcc.a(_chkstk_ms.o)
                0x00403a90                __chkstk_ms
 .text          0x00403abc        0x0 d:/programm/mingw/bin/../lib/gcc/mingw32/4.9.3\libgcc.a(_ctors.o)
 *fill*         0x00403abc        0x4 
 .text          0x00403ac0       0x40 d:/programm/mingw/bin/../lib/gcc/mingw32/4.9.3/../../..\libmingwex.a(vprintf.o)
                0x00403ac0                __mingw_vprintf
 .text          0x00403b00      0xd00 d:/programm/mingw/bin/../lib/gcc/mingw32/4.9.3/../../..\libmingwex.a(glob.o)
                0x00404700                __mingw_glob
                0x004047e0                __mingw_globfree
 .text          0x00404800      0x400 d:/programm/mingw/bin/../lib/gcc/mingw32/4.9.3/../../..\libmingwex.a(dirname.o)
                0x00404800                __mingw_dirname
 .text          0x00404c00      0x4b0 d:/programm/mingw/bin/../lib/gcc/mingw32/4.9.3/../../..\libmingwex.a(dirent.o)
                0x00404d70                __mingw_opendir
                0x00404f10                __mingw_readdir
                0x00404f60                __mingw_closedir
                0x00404fb0                __mingw_rewinddir
                0x00405010                __mingw_telldir
                0x00405040                __mingw_seekdir
 .text          0x004050b0     0x1f10 d:/programm/mingw/bin/../lib/gcc/mingw32/4.9.3/../../..\libmingwex.a(pformat.o)
                0x00406650                __mingw_pformat
 .text          0x00406fc0       0x30 d:/programm/mingw/bin/../lib/gcc/mingw32/4.9.3/../../..\libmingwex.a(snprintf.o)
                0x00406fc0                snprintf
                0x00406fc0                __mingw_snprintf
 .text          0x00406ff0       0x80 d:/programm/mingw/bin/../lib/gcc/mingw32/4.9.3/../../..\libmingwex.a(vsnprintf.o)
                0x00406ff0                __mingw_vsnprintf
                0x00406ff0                vsnprintf
 .text          0x00407070        0x0 d:/programm/mingw/bin/../lib/gcc/mingw32/4.9.3/../../..\libmingwex.a(varofmt.o)
 .text          0x00407070      0x420 d:/programm/mingw/bin/../lib/gcc/mingw32/4.9.3/../../..\libmingwex.a(mbrtowc.o)
                0x004071f0                mbrtowc
                0x00407290                mbsrtowcs
                0x00407400                mbrlen
 .text          0x00407490      0x260 d:/programm/mingw/bin/../lib/gcc/mingw32/4.9.3/../../..\libmingwex.a(wcrtomb.o)
                0x00407520                wcrtomb
                0x004075a0                wcsrtombs
 .text          0x004076f0     0x14a0 d:/programm/mingw/bin/../lib/gcc/mingw32/4.9.3/../../..\libmingwex.a(gdtoa.o)
                0x004076f0                __gdtoa
 .text          0x00408b90      0x160 d:/programm/mingw/bin/../lib/gcc/mingw32/4.9.3/../../..\libmingwex.a(gmisc.o)
                0x00408b90                __rshift_D2A
                0x00408cb0                __trailz_D2A
 .text          0x00408cf0      0x2b0 d:/programm/mingw/bin/../lib/gcc/mingw32/4.9.3/../../..\libmingwex.a(dmisc.o)
                0x00408cf0                __rv_alloc_D2A
                0x00408d30                __nrv_alloc_D2A
                0x00408d80                __freedtoa
                0x00408da0                __quorem_D2A
 .text          0x00408fa0      0xb50 d:/programm/mingw/bin/../lib/gcc/mingw32/4.9.3/../../..\libmingwex.a(misc.o)
                0x004090c0                __Balloc_D2A
                0x00409190                __Bfree_D2A
                0x00409200                __multadd_D2A
                0x004092e0                __i2b_D2A
                0x00409310                __mult_D2A
                0x00409470                __pow5mult_D2A
                0x00409600                __lshift_D2A
                0x00409710                __cmp_D2A
                0x00409760                __diff_D2A
                0x004098e0                __b2d_D2A
                0x004099d0                __d2b_D2A
                0x00409ac0                __strcp_D2A
 .text          0x00409af0        0x8 d:/programm/mingw/bin/../lib/gcc/mingw32/4.9.3/../../..\libmsvcrt.a(dczfs00772.o)
                0x00409af0                wcstombs
 .text          0x00409af8        0x8 d:/programm/mingw/bin/../lib/gcc/mingw32/4.9.3/../../..\libmsvcrt.a(dczfs00761.o)
                0x00409af8                wcslen
 .text          0x00409b00        0x8 d:/programm/mingw/bin/../lib/gcc/mingw32/4.9.3/../../..\libmsvcrt.a(dczfs00748.o)
                0x00409b00                vfprintf
 .text          0x00409b08        0x8 d:/programm/mingw/bin/../lib/gcc/mingw32/4.9.3/../../..\libmsvcrt.a(dczfs00742.o)
                0x00409b08                tolower
 .text          0x00409b10        0x8 d:/programm/mingw/bin/../lib/gcc/mingw32/4.9.3/../../..\libmsvcrt.a(dczfs00739.o)
                0x00409b10                time
 .text          0x00409b18        0x8 d:/programm/mingw/bin/../lib/gcc/mingw32/4.9.3/../../..\libmsvcrt.a(dczfs00721.o)
                0x00409b18                strlen
 .text          0x00409b20        0x8 d:/programm/mingw/bin/../lib/gcc/mingw32/4.9.3/../../..\libmsvcrt.a(dczfs00716.o)
                0x00409b20                strcoll
 .text          0x00409b28        0x8 d:/programm/mingw/bin/../lib/gcc/mingw32/4.9.3/../../..\libmsvcrt.a(dczfs00714.o)
                0x00409b28                strchr
 .text          0x00409b30        0x8 d:/programm/mingw/bin/../lib/gcc/mingw32/4.9.3/../../..\libmsvcrt.a(dczfs00706.o)
                0x00409b30                signal
 .text          0x00409b38        0x8 d:/programm/mingw/bin/../lib/gcc/mingw32/4.9.3/../../..\libmsvcrt.a(dczfs00704.o)
                0x00409b38                setlocale
 .text          0x00409b40        0x8 d:/programm/mingw/bin/../lib/gcc/mingw32/4.9.3/../../..\libmsvcrt.a(dczfs00698.o)
                0x00409b40                realloc
 .text          0x00409b48        0x8 d:/programm/mingw/bin/../lib/gcc/mingw32/4.9.3/../../..\libmsvcrt.a(dczfs00682.o)
                0x00409b48                memcpy
 .text          0x00409b50        0x8 d:/programm/mingw/bin/../lib/gcc/mingw32/4.9.3/../../..\libmsvcrt.a(dczfs00678.o)
                0x00409b50                mbstowcs
 .text          0x00409b58        0x8 d:/programm/mingw/bin/../lib/gcc/mingw32/4.9.3/../../..\libmsvcrt.a(dczfs00676.o)
                0x00409b58                malloc
 .text          0x00409b60        0x8 d:/programm/mingw/bin/../lib/gcc/mingw32/4.9.3/../../..\libmsvcrt.a(dczfs00671.o)
                0x00409b60                localeconv
 .text          0x00409b68        0x8 d:/programm/mingw/bin/../lib/gcc/mingw32/4.9.3/../../..\libmsvcrt.a(dczfs00652.o)
                0x00409b68                isspace
 .text          0x00409b70        0x8 d:/programm/mingw/bin/../lib/gcc/mingw32/4.9.3/../../..\libmsvcrt.a(dczfs00637.o)
                0x00409b70                getenv
 .text          0x00409b78        0x8 d:/programm/mingw/bin/../lib/gcc/mingw32/4.9.3/../../..\libmsvcrt.a(dczfs00636.o)
                0x00409b78                getchar
 .text          0x00409b80        0x8 d:/programm/mingw/bin/../lib/gcc/mingw32/4.9.3/../../..\libmsvcrt.a(dczfs00633.o)
                0x00409b80                fwrite
 .text          0x00409b88        0x8 d:/programm/mingw/bin/../lib/gcc/mingw32/4.9.3/../../..\libmsvcrt.a(dczfs00625.o)
                0x00409b88                free
 .text          0x00409b90        0x8 d:/programm/mingw/bin/../lib/gcc/mingw32/4.9.3/../../..\libmsvcrt.a(dczfs00620.o)
                0x00409b90                fputc
 .text          0x00409b98        0x8 d:/programm/mingw/bin/../lib/gcc/mingw32/4.9.3/../../..\libmsvcrt.a(dczfs00595.o)
                0x00409b98                calloc
 .text          0x00409ba0        0x8 d:/programm/mingw/bin/../lib/gcc/mingw32/4.9.3/../../..\libmsvcrt.a(dczfs00592.o)
                0x00409ba0                atoi
 .text          0x00409ba8        0x0 d:/programm/mingw/bin/../lib/gcc/mingw32/4.9.3/../../..\libmsvcrt.a(dczfs00590.o)
 .text          0x00409ba8        0x8 d:/programm/mingw/bin/../lib/gcc/mingw32/4.9.3/../../..\libmsvcrt.a(dczfs00583.o)
                0x00409ba8                abort
 .text          0x00409bb0        0x8 d:/programm/mingw/bin/../lib/gcc/mingw32/4.9.3/../../..\libmsvcrt.a(dczfs00426.o)
                0x00409bb0                _setmode
 .text          0x00409bb8        0x0 d:/programm/mingw/bin/../lib/gcc/mingw32/4.9.3/../../..\libmsvcrt.a(dczfs00383.o)
 .text          0x00409bb8        0x0 d:/programm/mingw/bin/../lib/gcc/mingw32/4.9.3/../../..\libmsvcrt.a(dczfs00266.o)
 .text          0x00409bb8        0x8 d:/programm/mingw/bin/../lib/gcc/mingw32/4.9.3/../../..\libmsvcrt.a(dczfs00228.o)
                0x00409bb8                _fullpath
 .text          0x00409bc0        0x8 d:/programm/mingw/bin/../lib/gcc/mingw32/4.9.3/../../..\libmsvcrt.a(dczfs00182.o)
                0x00409bc0                _errno
 .text          0x00409bc8        0x8 d:/programm/mingw/bin/../lib/gcc/mingw32/4.9.3/../../..\libmsvcrt.a(dczfs00147.o)
                0x00409bc8                _cexit
 .text          0x00409bd0        0x8 d:/programm/mingw/bin/../lib/gcc/mingw32/4.9.3/../../..\libmsvcrt.a(dczfs00079.o)
                0x00409bd0                __p__fmode
 .text          0x00409bd8        0x8 d:/programm/mingw/bin/../lib/gcc/mingw32/4.9.3/../../..\libmsvcrt.a(dczfs00077.o)
                0x00409bd8                __p__environ
 .text          0x00409be0        0x0 d:/programm/mingw/bin/../lib/gcc/mingw32/4.9.3/../../..\libmsvcrt.a(dczfs00065.o)
 .text          0x00409be0        0x8 d:/programm/mingw/bin/../lib/gcc/mingw32/4.9.3/../../..\libmsvcrt.a(dczfs00055.o)
                0x00409be0                __getmainargs
 .text          0x00409be8        0x0 d:/programm/mingw/bin/../lib/gcc/mingw32/4.9.3/../../..\libmsvcrt.a(dczfh.o)
 .text          0x00409be8        0x0 d:/programm/mingw/bin/../lib/gcc/mingw32/4.9.3/../../..\libmsvcrt.a(dczft.o)
 .text          0x00409be8        0x8 d:/programm/mingw/bin/../lib/gcc/mingw32/4.9.3/../../..\libkernel32.a(dchds01247.o)
                0x00409be8                WideCharToMultiByte@32
 .text          0x00409bf0        0x8 d:/programm/mingw/bin/../lib/gcc/mingw32/4.9.3/../../..\libkernel32.a(dchds01215.o)
                0x00409bf0                VirtualQuery@12
 .text          0x00409bf8        0x8 d:/programm/mingw/bin/../lib/gcc/mingw32/4.9.3/../../..\libkernel32.a(dchds01213.o)
                0x00409bf8                VirtualProtect@16
 .text          0x00409c00        0x8 d:/programm/mingw/bin/../lib/gcc/mingw32/4.9.3/../../..\libkernel32.a(dchds01173.o)
                0x00409c00                TlsGetValue@4
 .text          0x00409c08        0x8 d:/programm/mingw/bin/../lib/gcc/mingw32/4.9.3/../../..\libkernel32.a(dchds01152.o)
                0x00409c08                Sleep@4
 .text          0x00409c10        0x8 d:/programm/mingw/bin/../lib/gcc/mingw32/4.9.3/../../..\libkernel32.a(dchds01140.o)
                0x00409c10                SetUnhandledExceptionFilter@4
 .text          0x00409c18        0x8 d:/programm/mingw/bin/../lib/gcc/mingw32/4.9.3/../../..\libkernel32.a(dchds00860.o)
                0x00409c18                MultiByteToWideChar@24
 .text          0x00409c20        0x8 d:/programm/mingw/bin/../lib/gcc/mingw32/4.9.3/../../..\libkernel32.a(dchds00817.o)
                0x00409c20                LoadLibraryA@4
 .text          0x00409c28        0x8 d:/programm/mingw/bin/../lib/gcc/mingw32/4.9.3/../../..\libkernel32.a(dchds00814.o)
                0x00409c28                LeaveCriticalSection@4
 .text          0x00409c30        0x8 d:/programm/mingw/bin/../lib/gcc/mingw32/4.9.3/../../..\libkernel32.a(dchds00763.o)
                0x00409c30                IsDBCSLeadByteEx@8
 .text          0x00409c38        0x8 d:/programm/mingw/bin/../lib/gcc/mingw32/4.9.3/../../..\libkernel32.a(dchds00744.o)
                0x00409c38                InterlockedExchange@8
 .text          0x00409c40        0x8 d:/programm/mingw/bin/../lib/gcc/mingw32/4.9.3/../../..\libkernel32.a(dchds00734.o)
                0x00409c40                InitializeCriticalSection@4
 .text          0x00409c48        0x8 d:/programm/mingw/bin/../lib/gcc/mingw32/4.9.3/../../..\libkernel32.a(dchds00577.o)
                0x00409c48                GetProcAddress@8
 .text          0x00409c50        0x8 d:/programm/mingw/bin/../lib/gcc/mingw32/4.9.3/../../..\libkernel32.a(dchds00529.o)
                0x00409c50                GetModuleHandleA@4
 .text          0x00409c58        0x8 d:/programm/mingw/bin/../lib/gcc/mingw32/4.9.3/../../..\libkernel32.a(dchds00510.o)
                0x00409c58                GetLastError@0
 .text          0x00409c60        0x8 d:/programm/mingw/bin/../lib/gcc/mingw32/4.9.3/../../..\libkernel32.a(dchds00388.o)
                0x00409c60                GetCommandLineA@0
 .text          0x00409c68        0x8 d:/programm/mingw/bin/../lib/gcc/mingw32/4.9.3/../../..\libkernel32.a(dchds00352.o)
                0x00409c68                FreeLibrary@4
 .text          0x00409c70        0x8 d:/programm/mingw/bin/../lib/gcc/mingw32/4.9.3/../../..\libkernel32.a(dchds00321.o)
                0x00409c70                FindNextFileA@8
 .text          0x00409c78        0x8 d:/programm/mingw/bin/../lib/gcc/mingw32/4.9.3/../../..\libkernel32.a(dchds00304.o)
                0x00409c78                FindFirstFileA@8
 .text          0x00409c80        0x8 d:/programm/mingw/bin/../lib/gcc/mingw32/4.9.3/../../..\libkernel32.a(dchds00300.o)
                0x00409c80                FindClose@4
 .text          0x00409c88        0x8 d:/programm/mingw/bin/../lib/gcc/mingw32/4.9.3/../../..\libkernel32.a(dchds00279.o)
                0x00409c88                ExitProcess@4
 .text          0x00409c90        0x8 d:/programm/mingw/bin/../lib/gcc/mingw32/4.9.3/../../..\libkernel32.a(dchds00236.o)
                0x00409c90                EnterCriticalSection@4
 .text          0x00409c98        0x8 d:/programm/mingw/bin/../lib/gcc/mingw32/4.9.3/../../..\libkernel32.a(dchds00207.o)
                0x00409c98                DeleteCriticalSection@4
 .text          0x00409ca0        0x0 d:/programm/mingw/bin/../lib/gcc/mingw32/4.9.3/../../..\libkernel32.a(dchdh.o)
 .text          0x00409ca0        0x0 d:/programm/mingw/bin/../lib/gcc/mingw32/4.9.3/../../..\libkernel32.a(dchdt.o)
 .text          0x00409ca0      0x110 d:/programm/mingw/bin/../lib/gcc/mingw32/4.9.3\libgcc.a(_udivdi3.o)
                0x00409ca0                __udivdi3
 .text          0x00409db0      0x160 d:/programm/mingw/bin/../lib/gcc/mingw32/4.9.3\libgcc.a(_umoddi3.o)
                0x00409db0                __umoddi3
 .text          0x00409f10        0x8 d:/programm/mingw/bin/../lib/gcc/mingw32/4.9.3/../../..\libmoldname.a(dxpgs00082.o)
                0x00409f10                stricoll
 .text          0x00409f18        0x8 d:/programm/mingw/bin/../lib/gcc/mingw32/4.9.3/../../..\libmoldname.a(dxpgs00080.o)
                0x00409f18                strdup
 .text          0x00409f20        0x0 d:/programm/mingw/bin/../lib/gcc/mingw32/4.9.3/../../..\libmoldname.a(dxpgh.o)
 .text          0x00409f20        0x0 d:/programm/mingw/bin/../lib/gcc/mingw32/4.9.3/../../..\libmoldname.a(dxpgt.o)
 .text          0x00409f20        0x0 d:/programm/mingw/bin/../lib/gcc/mingw32/4.9.3/crtend.o
 *(SORT(.text$*))
 *(.text.*)
 .text.unlikely
                0x00409f20        0x0 d:/programm/mingw/bin/../lib/gcc/mingw32/4.9.3/crtbegin.o
 .text.unlikely
                0x00409f20        0x0 d:/programm/mingw/bin/../lib/gcc/mingw32/4.9.3\libgcc.a(_udivdi3.o)
 .text.unlikely
                0x00409f20        0x0 d:/programm/mingw/bin/../lib/gcc/mingw32/4.9.3\libgcc.a(_umoddi3.o)
 .text.unlikely
                0x00409f20        0x0 d:/programm/mingw/bin/../lib/gcc/mingw32/4.9.3/crtend.o
 .text.startup  0x00409f20       0x20 d:/programm/mingw/bin/../lib/gcc/mingw32/4.9.3/crtend.o
 *(.gnu.linkonce.t.*)
 *(.glue_7t)
 *(.glue_7)
                0x00409f40                ___CTOR_LIST__ = .
                0x00409f40                __CTOR_LIST__ = .
                0x00409f40        0x4 LONG 0xffffffff
 *(.ctors)
 *(.ctor)
 *(SORT(.ctors.*))
 .ctors.65535   0x00409f44        0x4 d:/programm/mingw/bin/../lib/gcc/mingw32/4.9.3/crtend.o
                0x00409f48        0x4 LONG 0x0
                0x00409f4c                ___DTOR_LIST__ = .
                0x00409f4c                __DTOR_LIST__ = .
                0x00409f4c        0x4 LONG 0xffffffff
 *(.dtors)
 *(.dtor)
 *(SORT(.dtors.*))
                0x00409f50        0x4 LONG 0x0
 *(.fini)
 *(.gcc_exc)
                [!provide]                PROVIDE (etext, .)
                [!provide]                PROVIDE (_etext, .)
 *(.gcc_except_table)

.data           0x0040a000      0x200
                0x0040a000                __data_start__ = .
 *(.data)
 .data          0x0040a000        0x0 d:/programm/mingw/bin/../lib/gcc/mingw32/4.9.3/../../../crt2.o
 .data          0x0040a000        0x0 d:/programm/mingw/bin/../lib/gcc/mingw32/4.9.3/crtbegin.o
 .data          0x0040a000        0x0 E:\NeuOrga\Programmieren\c_cpp\github_os\output\os_base\obj_x86\os_common.o
 .data          0x0040a000        0x0 E:\NeuOrga\Programmieren\c_cpp\github_os\output\os_base\obj_x86\os_driver_hook.o
 .data          0x0040a000        0x0 E:\NeuOrga\Programmieren\c_cpp\github_os\output\os_base\obj_x86\os_exception.o
 .data          0x0040a000        0x0 E:\NeuOrga\Programmieren\c_cpp\github_os\output\os_base\obj_x86\os_exception_isr_handler.o
 .data          0x0040a000        0x0 E:\NeuOrga\Programmieren\c_cpp\github_os\output\os_base\obj_x86\os_init_task_system.o
 .data          0x0040a000        0x0 E:\NeuOrga\Programmieren\c_cpp\github_os\output\os_base\obj_x86\os_main.o
 .data          0x0040a000        0x0 E:\NeuOrga\Programmieren\c_cpp\github_os\output\os_base\obj_x86\os_memory_mmu_setup.o
 .data          0x0040a000        0x0 E:\NeuOrga\Programmieren\c_cpp\github_os\output\os_base\obj_x86\os_rte_common.o
 .data          0x0040a000        0x0 E:\NeuOrga\Programmieren\c_cpp\github_os\output\os_base\obj_x86\os_rte_icc.o
 .data          0x0040a000        0x0 E:\NeuOrga\Programmieren\c_cpp\github_os\output\os_base\obj_x86\os_shutdown.o
 .data          0x0040a000        0x0 E:\NeuOrga\Programmieren\c_cpp\github_os\output\os_base\obj_x86\os_start_ext_prg.o
 .data          0x0040a000        0x0 E:\NeuOrga\Programmieren\c_cpp\github_os\output\os_base\obj_x86\os_start_init_hw.o
 .data          0x0040a000        0x0 E:\NeuOrga\Programmieren\c_cpp\github_os\output\os_base\obj_x86\os_start_init_mc.o
 .data          0x0040a000        0x0 E:\NeuOrga\Programmieren\c_cpp\github_os\output\os_base\obj_x86\os_start_init_sw.o
 .data          0x0040a000        0x0 E:\NeuOrga\Programmieren\c_cpp\github_os\output\os_base\obj_x86\os_start_os.o
 .data          0x0040a000        0x0 E:\NeuOrga\Programmieren\c_cpp\github_os\output\os_base\obj_x86\os_task_common.o
 .data          0x0040a000        0x0 E:\NeuOrga\Programmieren\c_cpp\github_os\output\os_base\obj_x86\os_task_queue.o
 .data          0x0040a000        0x0 E:\NeuOrga\Programmieren\c_cpp\github_os\output\os_base\obj_x86\os_task_scheduler.o
 .data          0x0040a000        0x0 E:\NeuOrga\Programmieren\c_cpp\github_os\output\os_sim\obj_x86\os_sim_main.o
 .data          0x0040a000        0x0 E:\NeuOrga\Programmieren\c_cpp\github_os\output\os_base\obj_x86\os_ram.o
 .data          0x0040a000        0x0 E:\NeuOrga\Programmieren\c_cpp\github_os\output\os_base\obj_x86\os_shared_ram.o
 .data          0x0040a000        0x0 E:\NeuOrga\Programmieren\c_cpp\github_os\output\os_sim\obj_x86\os_stack.o
 .data          0x0040a000        0x0 E:\NeuOrga\Programmieren\c_cpp\github_os\output\os_sim\obj_x86\os_heap.o
 .data          0x0040a000        0x0 E:\NeuOrga\Programmieren\c_cpp\github_os\output\os_sim\obj_x86\os_diagnostic_main.o
 .data          0x0040a000        0x0 E:\NeuOrga\Programmieren\c_cpp\github_os\output\os_drivers\obj_x86\lld_global.o
 .data          0x0040a000        0x0 E:\NeuOrga\Programmieren\c_cpp\github_os\output\os_drivers\obj_x86\lld_interrupt.o
 .data          0x0040a000        0x0 E:\NeuOrga\Programmieren\c_cpp\github_os\output\os_drivers\obj_x86\lld_mmu.o
 .data          0x0040a000        0x0 E:\NeuOrga\Programmieren\c_cpp\github_os\output\os_drivers\obj_x86\lld_ram.o
 .data          0x0040a000        0x0 E:\NeuOrga\Programmieren\c_cpp\github_os\output\os_drivers\obj_x86\lld_timer.o
 .data          0x0040a000        0x0 E:\NeuOrga\Programmieren\c_cpp\github_os\output\os_drivers\obj_x86\lld_power.o
 .data          0x0040a000        0x0 E:\NeuOrga\Programmieren\c_cpp\github_os\output\os_user_code\obj_x86\led.o
 .data          0x0040a000        0x4 d:/programm/mingw/bin/../lib/gcc/mingw32/4.9.3/../../..\libmingw32.a(CRTglob.o)
                0x0040a000                _CRT_glob
 .data          0x0040a004        0x0 d:/programm/mingw/bin/../lib/gcc/mingw32/4.9.3/../../..\libmingw32.a(setargv.o)
 .data          0x0040a004        0x0 d:/programm/mingw/bin/../lib/gcc/mingw32/4.9.3/../../..\libmingw32.a(CRTfmode.o)
 .data          0x0040a004        0x0 d:/programm/mingw/bin/../lib/gcc/mingw32/4.9.3/../../..\libmingw32.a(cpu_features.o)
 .data          0x0040a004        0x0 d:/programm/mingw/bin/../lib/gcc/mingw32/4.9.3/../../..\libmingw32.a(CRT_fp10.o)
 .data          0x0040a004        0x4 d:/programm/mingw/bin/../lib/gcc/mingw32/4.9.3/../../..\libmingw32.a(txtmode.o)
                0x0040a004                _fmode
 .data          0x0040a008        0x4 d:/programm/mingw/bin/../lib/gcc/mingw32/4.9.3/../../..\libmingw32.a(gccmain.o)
 .data          0x0040a00c        0x0 d:/programm/mingw/bin/../lib/gcc/mingw32/4.9.3/../../..\libmingw32.a(tlssup.o)
 .data          0x0040a00c        0x0 d:/programm/mingw/bin/../lib/gcc/mingw32/4.9.3/../../..\libmingw32.a(tlsthrd.o)
 .data          0x0040a00c        0x0 d:/programm/mingw/bin/../lib/gcc/mingw32/4.9.3/../../..\libmingw32.a(pseudo-reloc.o)
 .data          0x0040a00c        0x0 d:/programm/mingw/bin/../lib/gcc/mingw32/4.9.3/../../..\libmingw32.a(pseudo-reloc-list.o)
 .data          0x0040a00c        0x0 d:/programm/mingw/bin/../lib/gcc/mingw32/4.9.3/../../..\libmingw32.a(crtst.o)
 .data          0x0040a00c        0x0 d:/programm/mingw/bin/../lib/gcc/mingw32/4.9.3\libgcc.a(_chkstk_ms.o)
 .data          0x0040a00c        0x0 d:/programm/mingw/bin/../lib/gcc/mingw32/4.9.3\libgcc.a(_ctors.o)
 .data          0x0040a00c        0x0 d:/programm/mingw/bin/../lib/gcc/mingw32/4.9.3/../../..\libmingwex.a(vprintf.o)
 .data          0x0040a00c        0x0 d:/programm/mingw/bin/../lib/gcc/mingw32/4.9.3/../../..\libmingwex.a(glob.o)
 .data          0x0040a00c        0x0 d:/programm/mingw/bin/../lib/gcc/mingw32/4.9.3/../../..\libmingwex.a(dirname.o)
 .data          0x0040a00c        0x0 d:/programm/mingw/bin/../lib/gcc/mingw32/4.9.3/../../..\libmingwex.a(dirent.o)
 .data          0x0040a00c       0x14 d:/programm/mingw/bin/../lib/gcc/mingw32/4.9.3/../../..\libmingwex.a(pformat.o)
 .data          0x0040a020        0x0 d:/programm/mingw/bin/../lib/gcc/mingw32/4.9.3/../../..\libmingwex.a(snprintf.o)
 .data          0x0040a020        0x0 d:/programm/mingw/bin/../lib/gcc/mingw32/4.9.3/../../..\libmingwex.a(vsnprintf.o)
 .data          0x0040a020        0x0 d:/programm/mingw/bin/../lib/gcc/mingw32/4.9.3/../../..\libmingwex.a(varofmt.o)
 .data          0x0040a020        0x0 d:/programm/mingw/bin/../lib/gcc/mingw32/4.9.3/../../..\libmingwex.a(mbrtowc.o)
 .data          0x0040a020        0x0 d:/programm/mingw/bin/../lib/gcc/mingw32/4.9.3/../../..\libmingwex.a(wcrtomb.o)
 .data          0x0040a020        0x0 d:/programm/mingw/bin/../lib/gcc/mingw32/4.9.3/../../..\libmingwex.a(gdtoa.o)
 .data          0x0040a020        0x0 d:/programm/mingw/bin/../lib/gcc/mingw32/4.9.3/../../..\libmingwex.a(gmisc.o)
 .data          0x0040a020        0x0 d:/programm/mingw/bin/../lib/gcc/mingw32/4.9.3/../../..\libmingwex.a(dmisc.o)
 .data          0x0040a020        0x4 d:/programm/mingw/bin/../lib/gcc/mingw32/4.9.3/../../..\libmingwex.a(misc.o)
 .data          0x0040a024        0x0 d:/programm/mingw/bin/../lib/gcc/mingw32/4.9.3/../../..\libmsvcrt.a(dczfs00772.o)
 .data          0x0040a024        0x0 d:/programm/mingw/bin/../lib/gcc/mingw32/4.9.3/../../..\libmsvcrt.a(dczfs00761.o)
 .data          0x0040a024        0x0 d:/programm/mingw/bin/../lib/gcc/mingw32/4.9.3/../../..\libmsvcrt.a(dczfs00748.o)
 .data          0x0040a024        0x0 d:/programm/mingw/bin/../lib/gcc/mingw32/4.9.3/../../..\libmsvcrt.a(dczfs00742.o)
 .data          0x0040a024        0x0 d:/programm/mingw/bin/../lib/gcc/mingw32/4.9.3/../../..\libmsvcrt.a(dczfs00739.o)
 .data          0x0040a024        0x0 d:/programm/mingw/bin/../lib/gcc/mingw32/4.9.3/../../..\libmsvcrt.a(dczfs00721.o)
 .data          0x0040a024        0x0 d:/programm/mingw/bin/../lib/gcc/mingw32/4.9.3/../../..\libmsvcrt.a(dczfs00716.o)
 .data          0x0040a024        0x0 d:/programm/mingw/bin/../lib/gcc/mingw32/4.9.3/../../..\libmsvcrt.a(dczfs00714.o)
 .data          0x0040a024        0x0 d:/programm/mingw/bin/../lib/gcc/mingw32/4.9.3/../../..\libmsvcrt.a(dczfs00706.o)
 .data          0x0040a024        0x0 d:/programm/mingw/bin/../lib/gcc/mingw32/4.9.3/../../..\libmsvcrt.a(dczfs00704.o)
 .data          0x0040a024        0x0 d:/programm/mingw/bin/../lib/gcc/mingw32/4.9.3/../../..\libmsvcrt.a(dczfs00698.o)
 .data          0x0040a024        0x0 d:/programm/mingw/bin/../lib/gcc/mingw32/4.9.3/../../..\libmsvcrt.a(dczfs00682.o)
 .data          0x0040a024        0x0 d:/programm/mingw/bin/../lib/gcc/mingw32/4.9.3/../../..\libmsvcrt.a(dczfs00678.o)
 .data          0x0040a024        0x0 d:/programm/mingw/bin/../lib/gcc/mingw32/4.9.3/../../..\libmsvcrt.a(dczfs00676.o)
 .data          0x0040a024        0x0 d:/programm/mingw/bin/../lib/gcc/mingw32/4.9.3/../../..\libmsvcrt.a(dczfs00671.o)
 .data          0x0040a024        0x0 d:/programm/mingw/bin/../lib/gcc/mingw32/4.9.3/../../..\libmsvcrt.a(dczfs00652.o)
 .data          0x0040a024        0x0 d:/programm/mingw/bin/../lib/gcc/mingw32/4.9.3/../../..\libmsvcrt.a(dczfs00637.o)
 .data          0x0040a024        0x0 d:/programm/mingw/bin/../lib/gcc/mingw32/4.9.3/../../..\libmsvcrt.a(dczfs00636.o)
 .data          0x0040a024        0x0 d:/programm/mingw/bin/../lib/gcc/mingw32/4.9.3/../../..\libmsvcrt.a(dczfs00633.o)
 .data          0x0040a024        0x0 d:/programm/mingw/bin/../lib/gcc/mingw32/4.9.3/../../..\libmsvcrt.a(dczfs00625.o)
 .data          0x0040a024        0x0 d:/programm/mingw/bin/../lib/gcc/mingw32/4.9.3/../../..\libmsvcrt.a(dczfs00620.o)
 .data          0x0040a024        0x0 d:/programm/mingw/bin/../lib/gcc/mingw32/4.9.3/../../..\libmsvcrt.a(dczfs00595.o)
 .data          0x0040a024        0x0 d:/programm/mingw/bin/../lib/gcc/mingw32/4.9.3/../../..\libmsvcrt.a(dczfs00592.o)
 .data          0x0040a024        0x0 d:/programm/mingw/bin/../lib/gcc/mingw32/4.9.3/../../..\libmsvcrt.a(dczfs00590.o)
 .data          0x0040a024        0x0 d:/programm/mingw/bin/../lib/gcc/mingw32/4.9.3/../../..\libmsvcrt.a(dczfs00583.o)
 .data          0x0040a024        0x0 d:/programm/mingw/bin/../lib/gcc/mingw32/4.9.3/../../..\libmsvcrt.a(dczfs00426.o)
 .data          0x0040a024        0x0 d:/programm/mingw/bin/../lib/gcc/mingw32/4.9.3/../../..\libmsvcrt.a(dczfs00383.o)
 .data          0x0040a024        0x0 d:/programm/mingw/bin/../lib/gcc/mingw32/4.9.3/../../..\libmsvcrt.a(dczfs00266.o)
 .data          0x0040a024        0x0 d:/programm/mingw/bin/../lib/gcc/mingw32/4.9.3/../../..\libmsvcrt.a(dczfs00228.o)
 .data          0x0040a024        0x0 d:/programm/mingw/bin/../lib/gcc/mingw32/4.9.3/../../..\libmsvcrt.a(dczfs00182.o)
 .data          0x0040a024        0x0 d:/programm/mingw/bin/../lib/gcc/mingw32/4.9.3/../../..\libmsvcrt.a(dczfs00147.o)
 .data          0x0040a024        0x0 d:/programm/mingw/bin/../lib/gcc/mingw32/4.9.3/../../..\libmsvcrt.a(dczfs00099.o)
 .data          0x0040a024        0x0 d:/programm/mingw/bin/../lib/gcc/mingw32/4.9.3/../../..\libmsvcrt.a(dczfs00079.o)
 .data          0x0040a024        0x0 d:/programm/mingw/bin/../lib/gcc/mingw32/4.9.3/../../..\libmsvcrt.a(dczfs00077.o)
 .data          0x0040a024        0x0 d:/programm/mingw/bin/../lib/gcc/mingw32/4.9.3/../../..\libmsvcrt.a(dczfs00065.o)
 .data          0x0040a024        0x0 d:/programm/mingw/bin/../lib/gcc/mingw32/4.9.3/../../..\libmsvcrt.a(dczfs00055.o)
 .data          0x0040a024        0x0 d:/programm/mingw/bin/../lib/gcc/mingw32/4.9.3/../../..\libmsvcrt.a(dczfh.o)
 .data          0x0040a024        0x0 d:/programm/mingw/bin/../lib/gcc/mingw32/4.9.3/../../..\libmsvcrt.a(dczft.o)
 .data          0x0040a024        0x0 d:/programm/mingw/bin/../lib/gcc/mingw32/4.9.3/../../..\libkernel32.a(dchds01247.o)
 .data          0x0040a024        0x0 d:/programm/mingw/bin/../lib/gcc/mingw32/4.9.3/../../..\libkernel32.a(dchds01215.o)
 .data          0x0040a024        0x0 d:/programm/mingw/bin/../lib/gcc/mingw32/4.9.3/../../..\libkernel32.a(dchds01213.o)
 .data          0x0040a024        0x0 d:/programm/mingw/bin/../lib/gcc/mingw32/4.9.3/../../..\libkernel32.a(dchds01173.o)
 .data          0x0040a024        0x0 d:/programm/mingw/bin/../lib/gcc/mingw32/4.9.3/../../..\libkernel32.a(dchds01152.o)
 .data          0x0040a024        0x0 d:/programm/mingw/bin/../lib/gcc/mingw32/4.9.3/../../..\libkernel32.a(dchds01140.o)
 .data          0x0040a024        0x0 d:/programm/mingw/bin/../lib/gcc/mingw32/4.9.3/../../..\libkernel32.a(dchds00860.o)
 .data          0x0040a024        0x0 d:/programm/mingw/bin/../lib/gcc/mingw32/4.9.3/../../..\libkernel32.a(dchds00817.o)
 .data          0x0040a024        0x0 d:/programm/mingw/bin/../lib/gcc/mingw32/4.9.3/../../..\libkernel32.a(dchds00814.o)
 .data          0x0040a024        0x0 d:/programm/mingw/bin/../lib/gcc/mingw32/4.9.3/../../..\libkernel32.a(dchds00763.o)
 .data          0x0040a024        0x0 d:/programm/mingw/bin/../lib/gcc/mingw32/4.9.3/../../..\libkernel32.a(dchds00744.o)
 .data          0x0040a024        0x0 d:/programm/mingw/bin/../lib/gcc/mingw32/4.9.3/../../..\libkernel32.a(dchds00734.o)
 .data          0x0040a024        0x0 d:/programm/mingw/bin/../lib/gcc/mingw32/4.9.3/../../..\libkernel32.a(dchds00577.o)
 .data          0x0040a024        0x0 d:/programm/mingw/bin/../lib/gcc/mingw32/4.9.3/../../..\libkernel32.a(dchds00529.o)
 .data          0x0040a024        0x0 d:/programm/mingw/bin/../lib/gcc/mingw32/4.9.3/../../..\libkernel32.a(dchds00510.o)
 .data          0x0040a024        0x0 d:/programm/mingw/bin/../lib/gcc/mingw32/4.9.3/../../..\libkernel32.a(dchds00388.o)
 .data          0x0040a024        0x0 d:/programm/mingw/bin/../lib/gcc/mingw32/4.9.3/../../..\libkernel32.a(dchds00352.o)
 .data          0x0040a024        0x0 d:/programm/mingw/bin/../lib/gcc/mingw32/4.9.3/../../..\libkernel32.a(dchds00321.o)
 .data          0x0040a024        0x0 d:/programm/mingw/bin/../lib/gcc/mingw32/4.9.3/../../..\libkernel32.a(dchds00304.o)
 .data          0x0040a024        0x0 d:/programm/mingw/bin/../lib/gcc/mingw32/4.9.3/../../..\libkernel32.a(dchds00300.o)
 .data          0x0040a024        0x0 d:/programm/mingw/bin/../lib/gcc/mingw32/4.9.3/../../..\libkernel32.a(dchds00279.o)
 .data          0x0040a024        0x0 d:/programm/mingw/bin/../lib/gcc/mingw32/4.9.3/../../..\libkernel32.a(dchds00236.o)
 .data          0x0040a024        0x0 d:/programm/mingw/bin/../lib/gcc/mingw32/4.9.3/../../..\libkernel32.a(dchds00207.o)
 .data          0x0040a024        0x0 d:/programm/mingw/bin/../lib/gcc/mingw32/4.9.3/../../..\libkernel32.a(dchdh.o)
 .data          0x0040a024        0x0 d:/programm/mingw/bin/../lib/gcc/mingw32/4.9.3/../../..\libkernel32.a(dchdt.o)
 .data          0x0040a024        0x0 d:/programm/mingw/bin/../lib/gcc/mingw32/4.9.3\libgcc.a(_udivdi3.o)
 .data          0x0040a024        0x0 d:/programm/mingw/bin/../lib/gcc/mingw32/4.9.3\libgcc.a(_umoddi3.o)
 .data          0x0040a024        0x0 d:/programm/mingw/bin/../lib/gcc/mingw32/4.9.3/../../..\libmoldname.a(dxpgs00082.o)
 .data          0x0040a024        0x0 d:/programm/mingw/bin/../lib/gcc/mingw32/4.9.3/../../..\libmoldname.a(dxpgs00080.o)
 .data          0x0040a024        0x0 d:/programm/mingw/bin/../lib/gcc/mingw32/4.9.3/../../..\libmoldname.a(dxpgh.o)
 .data          0x0040a024        0x0 d:/programm/mingw/bin/../lib/gcc/mingw32/4.9.3/../../..\libmoldname.a(dxpgt.o)
 .data          0x0040a024        0x0 d:/programm/mingw/bin/../lib/gcc/mingw32/4.9.3/crtend.o
 *(.data2)
 *(SORT(.data$*))
 *(.jcr)
 .jcr           0x0040a024        0x0 d:/programm/mingw/bin/../lib/gcc/mingw32/4.9.3/crtbegin.o
 .jcr           0x0040a024        0x4 d:/programm/mingw/bin/../lib/gcc/mingw32/4.9.3/crtend.o
                0x0040a028                __data_end__ = .
 *(.data_cygwin_nocopy)

.rdata          0x0040b000      0xc00
 *(.rdata)
 .rdata         0x0040b000       0xc0 d:/programm/mingw/bin/../lib/gcc/mingw32/4.9.3/crtbegin.o
 .rdata         0x0040b0c0       0x20 E:\NeuOrga\Programmieren\c_cpp\github_os\output\os_sim\obj_x86\os_sim_main.o
 .rdata         0x0040b0e0        0x4 d:/programm/mingw/bin/../lib/gcc/mingw32/4.9.3/../../..\libmingw32.a(tlssup.o)
                0x0040b0e0                __dyn_tls_init_callback
 .rdata         0x0040b0e4       0xac d:/programm/mingw/bin/../lib/gcc/mingw32/4.9.3/../../..\libmingw32.a(pseudo-reloc.o)
 .rdata         0x0040b190       0x14 d:/programm/mingw/bin/../lib/gcc/mingw32/4.9.3/../../..\libmingwex.a(glob.o)
 .rdata         0x0040b1a4        0x8 d:/programm/mingw/bin/../lib/gcc/mingw32/4.9.3/../../..\libmingwex.a(dirname.o)
 .rdata         0x0040b1ac        0x4 d:/programm/mingw/bin/../lib/gcc/mingw32/4.9.3/../../..\libmingwex.a(dirent.o)
 .rdata         0x0040b1b0      0x1a0 d:/programm/mingw/bin/../lib/gcc/mingw32/4.9.3/../../..\libmingwex.a(pformat.o)
 .rdata         0x0040b350       0x68 d:/programm/mingw/bin/../lib/gcc/mingw32/4.9.3/../../..\libmingwex.a(gdtoa.o)
 *fill*         0x0040b3b8        0x8 
 .rdata         0x0040b3c0      0x160 d:/programm/mingw/bin/../lib/gcc/mingw32/4.9.3/../../..\libmingwex.a(misc.o)
                0x0040b3e0                __tens_D2A
                0x0040b4a0                __tinytens_D2A
                0x0040b4e0                __bigtens_D2A
 .rdata         0x0040b520       0x5c d:/programm/mingw/bin/../lib/gcc/mingw32/4.9.3/crtend.o
 *(SORT(.rdata$*))
 .rdata$zzz     0x0040b57c       0x14 d:/programm/mingw/bin/../lib/gcc/mingw32/4.9.3/../../../crt2.o
 .rdata$zzz     0x0040b590       0x14 d:/programm/mingw/bin/../lib/gcc/mingw32/4.9.3/crtbegin.o
 .rdata$zzz     0x0040b5a4       0x14 E:\NeuOrga\Programmieren\c_cpp\github_os\output\os_base\obj_x86\os_common.o
 .rdata$zzz     0x0040b5b8       0x14 E:\NeuOrga\Programmieren\c_cpp\github_os\output\os_base\obj_x86\os_driver_hook.o
 .rdata$zzz     0x0040b5cc       0x14 E:\NeuOrga\Programmieren\c_cpp\github_os\output\os_base\obj_x86\os_exception.o
 .rdata$zzz     0x0040b5e0       0x14 E:\NeuOrga\Programmieren\c_cpp\github_os\output\os_base\obj_x86\os_exception_isr_handler.o
 .rdata$zzz     0x0040b5f4       0x14 E:\NeuOrga\Programmieren\c_cpp\github_os\output\os_base\obj_x86\os_init_task_system.o
 .rdata$zzz     0x0040b608       0x14 E:\NeuOrga\Programmieren\c_cpp\github_os\output\os_base\obj_x86\os_main.o
 .rdata$zzz     0x0040b61c       0x14 E:\NeuOrga\Programmieren\c_cpp\github_os\output\os_base\obj_x86\os_memory_mmu_setup.o
 .rdata$zzz     0x0040b630       0x14 E:\NeuOrga\Programmieren\c_cpp\github_os\output\os_base\obj_x86\os_rte_common.o
 .rdata$zzz     0x0040b644       0x14 E:\NeuOrga\Programmieren\c_cpp\github_os\output\os_base\obj_x86\os_rte_icc.o
 .rdata$zzz     0x0040b658       0x14 E:\NeuOrga\Programmieren\c_cpp\github_os\output\os_base\obj_x86\os_shutdown.o
 .rdata$zzz     0x0040b66c       0x14 E:\NeuOrga\Programmieren\c_cpp\github_os\output\os_base\obj_x86\os_start_ext_prg.o
 .rdata$zzz     0x0040b680       0x14 E:\NeuOrga\Programmieren\c_cpp\github_os\output\os_base\obj_x86\os_start_init_hw.o
 .rdata$zzz     0x0040b694       0x14 E:\NeuOrga\Programmieren\c_cpp\github_os\output\os_base\obj_x86\os_start_init_mc.o
 .rdata$zzz     0x0040b6a8       0x14 E:\NeuOrga\Programmieren\c_cpp\github_os\output\os_base\obj_x86\os_start_init_sw.o
 .rdata$zzz     0x0040b6bc       0x14 E:\NeuOrga\Programmieren\c_cpp\github_os\output\os_base\obj_x86\os_start_os.o
 .rdata$zzz     0x0040b6d0       0x14 E:\NeuOrga\Programmieren\c_cpp\github_os\output\os_base\obj_x86\os_task_common.o
 .rdata$zzz     0x0040b6e4       0x14 E:\NeuOrga\Programmieren\c_cpp\github_os\output\os_base\obj_x86\os_task_queue.o
 .rdata$zzz     0x0040b6f8       0x14 E:\NeuOrga\Programmieren\c_cpp\github_os\output\os_base\obj_x86\os_task_scheduler.o
 .rdata$zzz     0x0040b70c       0x14 E:\NeuOrga\Programmieren\c_cpp\github_os\output\os_sim\obj_x86\os_sim_main.o
 .rdata$zzz     0x0040b720       0x14 E:\NeuOrga\Programmieren\c_cpp\github_os\output\os_base\obj_x86\os_ram.o
 .rdata$zzz     0x0040b734       0x14 E:\NeuOrga\Programmieren\c_cpp\github_os\output\os_base\obj_x86\os_shared_ram.o
 .rdata$zzz     0x0040b748       0x14 E:\NeuOrga\Programmieren\c_cpp\github_os\output\os_sim\obj_x86\os_stack.o
 .rdata$zzz     0x0040b75c       0x14 E:\NeuOrga\Programmieren\c_cpp\github_os\output\os_sim\obj_x86\os_heap.o
 .rdata$zzz     0x0040b770       0x14 E:\NeuOrga\Programmieren\c_cpp\github_os\output\os_sim\obj_x86\os_diagnostic_main.o
 .rdata$zzz     0x0040b784       0x14 E:\NeuOrga\Programmieren\c_cpp\github_os\output\os_drivers\obj_x86\lld_global.o
 .rdata$zzz     0x0040b798       0x14 E:\NeuOrga\Programmieren\c_cpp\github_os\output\os_drivers\obj_x86\lld_interrupt.o
 .rdata$zzz     0x0040b7ac       0x14 E:\NeuOrga\Programmieren\c_cpp\github_os\output\os_drivers\obj_x86\lld_mmu.o
 .rdata$zzz     0x0040b7c0       0x14 E:\NeuOrga\Programmieren\c_cpp\github_os\output\os_drivers\obj_x86\lld_ram.o
 .rdata$zzz     0x0040b7d4       0x14 E:\NeuOrga\Programmieren\c_cpp\github_os\output\os_drivers\obj_x86\lld_timer.o
 .rdata$zzz     0x0040b7e8       0x14 E:\NeuOrga\Programmieren\c_cpp\github_os\output\os_drivers\obj_x86\lld_power.o
 .rdata$zzz     0x0040b7fc       0x14 E:\NeuOrga\Programmieren\c_cpp\github_os\output\os_user_code\obj_x86\led.o
 .rdata$zzz     0x0040b810       0x14 d:/programm/mingw/bin/../lib/gcc/mingw32/4.9.3/../../..\libmingw32.a(CRTglob.o)
 .rdata$zzz     0x0040b824       0x14 d:/programm/mingw/bin/../lib/gcc/mingw32/4.9.3/../../..\libmingw32.a(setargv.o)
 .rdata$zzz     0x0040b838       0x14 d:/programm/mingw/bin/../lib/gcc/mingw32/4.9.3/../../..\libmingw32.a(CRTfmode.o)
 .rdata$zzz     0x0040b84c       0x14 d:/programm/mingw/bin/../lib/gcc/mingw32/4.9.3/../../..\libmingw32.a(cpu_features.o)
 .rdata$zzz     0x0040b860       0x14 d:/programm/mingw/bin/../lib/gcc/mingw32/4.9.3/../../..\libmingw32.a(CRT_fp10.o)
 .rdata$zzz     0x0040b874       0x14 d:/programm/mingw/bin/../lib/gcc/mingw32/4.9.3/../../..\libmingw32.a(txtmode.o)
 .rdata$zzz     0x0040b888       0x14 d:/programm/mingw/bin/../lib/gcc/mingw32/4.9.3/../../..\libmingw32.a(gccmain.o)
 .rdata$zzz     0x0040b89c       0x14 d:/programm/mingw/bin/../lib/gcc/mingw32/4.9.3/../../..\libmingw32.a(tlssup.o)
 .rdata$zzz     0x0040b8b0       0x14 d:/programm/mingw/bin/../lib/gcc/mingw32/4.9.3/../../..\libmingw32.a(tlsthrd.o)
 .rdata$zzz     0x0040b8c4       0x14 d:/programm/mingw/bin/../lib/gcc/mingw32/4.9.3/../../..\libmingw32.a(pseudo-reloc.o)
 .rdata$zzz     0x0040b8d8       0x14 d:/programm/mingw/bin/../lib/gcc/mingw32/4.9.3/../../..\libmingw32.a(pseudo-reloc-list.o)
 .rdata$zzz     0x0040b8ec       0x14 d:/programm/mingw/bin/../lib/gcc/mingw32/4.9.3/../../..\libmingw32.a(crtst.o)
 .rdata$zzz     0x0040b900       0x14 d:/programm/mingw/bin/../lib/gcc/mingw32/4.9.3\libgcc.a(_ctors.o)
 .rdata$zzz     0x0040b914       0x14 d:/programm/mingw/bin/../lib/gcc/mingw32/4.9.3/../../..\libmingwex.a(vprintf.o)
 .rdata$zzz     0x0040b928       0x14 d:/programm/mingw/bin/../lib/gcc/mingw32/4.9.3/../../..\libmingwex.a(glob.o)
 .rdata$zzz     0x0040b93c       0x14 d:/programm/mingw/bin/../lib/gcc/mingw32/4.9.3/../../..\libmingwex.a(dirname.o)
 .rdata$zzz     0x0040b950       0x14 d:/programm/mingw/bin/../lib/gcc/mingw32/4.9.3/../../..\libmingwex.a(dirent.o)
 .rdata$zzz     0x0040b964       0x14 d:/programm/mingw/bin/../lib/gcc/mingw32/4.9.3/../../..\libmingwex.a(pformat.o)
 .rdata$zzz     0x0040b978       0x14 d:/programm/mingw/bin/../lib/gcc/mingw32/4.9.3/../../..\libmingwex.a(snprintf.o)
 .rdata$zzz     0x0040b98c       0x14 d:/programm/mingw/bin/../lib/gcc/mingw32/4.9.3/../../..\libmingwex.a(vsnprintf.o)
 .rdata$zzz     0x0040b9a0       0x14 d:/programm/mingw/bin/../lib/gcc/mingw32/4.9.3/../../..\libmingwex.a(varofmt.o)
 .rdata$zzz     0x0040b9b4       0x14 d:/programm/mingw/bin/../lib/gcc/mingw32/4.9.3/../../..\libmingwex.a(mbrtowc.o)
 .rdata$zzz     0x0040b9c8       0x14 d:/programm/mingw/bin/../lib/gcc/mingw32/4.9.3/../../..\libmingwex.a(wcrtomb.o)
 .rdata$zzz     0x0040b9dc       0x14 d:/programm/mingw/bin/../lib/gcc/mingw32/4.9.3/../../..\libmingwex.a(gdtoa.o)
 .rdata$zzz     0x0040b9f0       0x14 d:/programm/mingw/bin/../lib/gcc/mingw32/4.9.3/../../..\libmingwex.a(gmisc.o)
 .rdata$zzz     0x0040ba04       0x14 d:/programm/mingw/bin/../lib/gcc/mingw32/4.9.3/../../..\libmingwex.a(dmisc.o)
 .rdata$zzz     0x0040ba18       0x14 d:/programm/mingw/bin/../lib/gcc/mingw32/4.9.3/../../..\libmingwex.a(misc.o)
 .rdata$zzz     0x0040ba2c       0x14 d:/programm/mingw/bin/../lib/gcc/mingw32/4.9.3\libgcc.a(_udivdi3.o)
 .rdata$zzz     0x0040ba40       0x14 d:/programm/mingw/bin/../lib/gcc/mingw32/4.9.3\libgcc.a(_umoddi3.o)
 .rdata$zzz     0x0040ba54       0x14 d:/programm/mingw/bin/../lib/gcc/mingw32/4.9.3/crtend.o
                0x0040ba68                __rt_psrelocs_start = .
 *(.rdata_runtime_pseudo_reloc)
                0x0040ba68                __rt_psrelocs_end = .
                0x00000000                __rt_psrelocs_size = (__rt_psrelocs_end - __rt_psrelocs_start)
                0x0040ba68                ___RUNTIME_PSEUDO_RELOC_LIST_END__ = .
                0x0040ba68                __RUNTIME_PSEUDO_RELOC_LIST_END__ = .
                0x0040ba68                ___RUNTIME_PSEUDO_RELOC_LIST__ = (. - __rt_psrelocs_size)
                0x0040ba68                __RUNTIME_PSEUDO_RELOC_LIST__ = (. - __rt_psrelocs_size)

.eh_frame       0x0040c000     0x2600
 *(.eh_frame*)
 .eh_frame      0x0040c000       0xc0 d:/programm/mingw/bin/../lib/gcc/mingw32/4.9.3/../../../crt2.o
 .eh_frame      0x0040c0c0       0x5c d:/programm/mingw/bin/../lib/gcc/mingw32/4.9.3/crtbegin.o
 .eh_frame      0x0040c11c       0x58 E:\NeuOrga\Programmieren\c_cpp\github_os\output\os_base\obj_x86\os_common.o
 .eh_frame      0x0040c174      0x218 E:\NeuOrga\Programmieren\c_cpp\github_os\output\os_base\obj_x86\os_exception.o
 .eh_frame      0x0040c38c       0x38 E:\NeuOrga\Programmieren\c_cpp\github_os\output\os_base\obj_x86\os_exception_isr_handler.o
 .eh_frame      0x0040c3c4       0x38 E:\NeuOrga\Programmieren\c_cpp\github_os\output\os_base\obj_x86\os_init_task_system.o
 .eh_frame      0x0040c3fc       0x38 E:\NeuOrga\Programmieren\c_cpp\github_os\output\os_base\obj_x86\os_main.o
 .eh_frame      0x0040c434       0x38 E:\NeuOrga\Programmieren\c_cpp\github_os\output\os_base\obj_x86\os_memory_mmu_setup.o
 .eh_frame      0x0040c46c       0x78 E:\NeuOrga\Programmieren\c_cpp\github_os\output\os_base\obj_x86\os_rte_icc.o
 .eh_frame      0x0040c4e4       0x34 E:\NeuOrga\Programmieren\c_cpp\github_os\output\os_base\obj_x86\os_shutdown.o
 .eh_frame      0x0040c518       0x58 E:\NeuOrga\Programmieren\c_cpp\github_os\output\os_base\obj_x86\os_start_ext_prg.o
 .eh_frame      0x0040c570       0x38 E:\NeuOrga\Programmieren\c_cpp\github_os\output\os_base\obj_x86\os_start_init_hw.o
 .eh_frame      0x0040c5a8       0x38 E:\NeuOrga\Programmieren\c_cpp\github_os\output\os_base\obj_x86\os_start_init_mc.o
 .eh_frame      0x0040c5e0       0x38 E:\NeuOrga\Programmieren\c_cpp\github_os\output\os_base\obj_x86\os_start_init_sw.o
 .eh_frame      0x0040c618       0x38 E:\NeuOrga\Programmieren\c_cpp\github_os\output\os_base\obj_x86\os_start_os.o
 .eh_frame      0x0040c650       0xfc E:\NeuOrga\Programmieren\c_cpp\github_os\output\os_base\obj_x86\os_task_common.o
 .eh_frame      0x0040c74c      0x1b8 E:\NeuOrga\Programmieren\c_cpp\github_os\output\os_base\obj_x86\os_task_queue.o
 .eh_frame      0x0040c904      0x1e0 E:\NeuOrga\Programmieren\c_cpp\github_os\output\os_base\obj_x86\os_task_scheduler.o
 .eh_frame      0x0040cae4       0x5c E:\NeuOrga\Programmieren\c_cpp\github_os\output\os_sim\obj_x86\os_sim_main.o
 .eh_frame      0x0040cb40       0xd8 E:\NeuOrga\Programmieren\c_cpp\github_os\output\os_sim\obj_x86\os_heap.o
 .eh_frame      0x0040cc18       0x38 E:\NeuOrga\Programmieren\c_cpp\github_os\output\os_sim\obj_x86\os_diagnostic_main.o
 .eh_frame      0x0040cc50      0x158 E:\NeuOrga\Programmieren\c_cpp\github_os\output\os_drivers\obj_x86\lld_global.o
 .eh_frame      0x0040cda8       0x78 E:\NeuOrga\Programmieren\c_cpp\github_os\output\os_drivers\obj_x86\lld_interrupt.o
 .eh_frame      0x0040ce20       0x98 E:\NeuOrga\Programmieren\c_cpp\github_os\output\os_drivers\obj_x86\lld_mmu.o
 .eh_frame      0x0040ceb8       0x38 E:\NeuOrga\Programmieren\c_cpp\github_os\output\os_drivers\obj_x86\lld_ram.o
 .eh_frame      0x0040cef0       0x78 E:\NeuOrga\Programmieren\c_cpp\github_os\output\os_drivers\obj_x86\lld_timer.o
 .eh_frame      0x0040cf68       0x50 E:\NeuOrga\Programmieren\c_cpp\github_os\output\os_drivers\obj_x86\lld_power.o
 .eh_frame      0x0040cfb8       0x98 E:\NeuOrga\Programmieren\c_cpp\github_os\output\os_user_code\obj_x86\led.o
 .eh_frame      0x0040d050       0x58 d:/programm/mingw/bin/../lib/gcc/mingw32/4.9.3/../../..\libmingw32.a(setargv.o)
 .eh_frame      0x0040d0a8       0x38 d:/programm/mingw/bin/../lib/gcc/mingw32/4.9.3/../../..\libmingw32.a(cpu_features.o)
 .eh_frame      0x0040d0e0       0x2c d:/programm/mingw/bin/../lib/gcc/mingw32/4.9.3/../../..\libmingw32.a(CRT_fp10.o)
 .eh_frame      0x0040d10c       0x68 d:/programm/mingw/bin/../lib/gcc/mingw32/4.9.3/../../..\libmingw32.a(gccmain.o)
 .eh_frame      0x0040d174       0x88 d:/programm/mingw/bin/../lib/gcc/mingw32/4.9.3/../../..\libmingw32.a(tlssup.o)
 .eh_frame      0x0040d1fc       0xd4 d:/programm/mingw/bin/../lib/gcc/mingw32/4.9.3/../../..\libmingw32.a(tlsthrd.o)
 .eh_frame      0x0040d2d0       0xb0 d:/programm/mingw/bin/../lib/gcc/mingw32/4.9.3/../../..\libmingw32.a(pseudo-reloc.o)
 .eh_frame      0x0040d380       0x30 d:/programm/mingw/bin/../lib/gcc/mingw32/4.9.3/../../..\libmingwex.a(vprintf.o)
 .eh_frame      0x0040d3b0      0x2a4 d:/programm/mingw/bin/../lib/gcc/mingw32/4.9.3/../../..\libmingwex.a(glob.o)
 .eh_frame      0x0040d654       0x58 d:/programm/mingw/bin/../lib/gcc/mingw32/4.9.3/../../..\libmingwex.a(dirname.o)
 .eh_frame      0x0040d6ac      0x198 d:/programm/mingw/bin/../lib/gcc/mingw32/4.9.3/../../..\libmingwex.a(dirent.o)
 .eh_frame      0x0040d844      0x330 d:/programm/mingw/bin/../lib/gcc/mingw32/4.9.3/../../..\libmingwex.a(pformat.o)
 .eh_frame      0x0040db74       0x30 d:/programm/mingw/bin/../lib/gcc/mingw32/4.9.3/../../..\libmingwex.a(snprintf.o)
 .eh_frame      0x0040dba4       0x50 d:/programm/mingw/bin/../lib/gcc/mingw32/4.9.3/../../..\libmingwex.a(vsnprintf.o)
 .eh_frame      0x0040dbf4      0x128 d:/programm/mingw/bin/../lib/gcc/mingw32/4.9.3/../../..\libmingwex.a(mbrtowc.o)
 .eh_frame      0x0040dd1c       0xfc d:/programm/mingw/bin/../lib/gcc/mingw32/4.9.3/../../..\libmingwex.a(wcrtomb.o)
 .eh_frame      0x0040de18       0xa0 d:/programm/mingw/bin/../lib/gcc/mingw32/4.9.3/../../..\libmingwex.a(gdtoa.o)
 .eh_frame      0x0040deb8       0x98 d:/programm/mingw/bin/../lib/gcc/mingw32/4.9.3/../../..\libmingwex.a(gmisc.o)
 .eh_frame      0x0040df50       0xb8 d:/programm/mingw/bin/../lib/gcc/mingw32/4.9.3/../../..\libmingwex.a(dmisc.o)
 .eh_frame      0x0040e008      0x340 d:/programm/mingw/bin/../lib/gcc/mingw32/4.9.3/../../..\libmingwex.a(misc.o)
 .eh_frame      0x0040e348       0x9c d:/programm/mingw/bin/../lib/gcc/mingw32/4.9.3\libgcc.a(_udivdi3.o)
 .eh_frame      0x0040e3e4       0x9c d:/programm/mingw/bin/../lib/gcc/mingw32/4.9.3\libgcc.a(_umoddi3.o)
 .eh_frame      0x0040e480       0x3c d:/programm/mingw/bin/../lib/gcc/mingw32/4.9.3/crtend.o

.pdata
 *(.pdata)

.bss            0x0040f000     0x4d90
                0x0040f000                __bss_start__ = .
 *(.bss)
 .bss           0x0040f000        0x8 d:/programm/mingw/bin/../lib/gcc/mingw32/4.9.3/../../../crt2.o
                0x0040f000                _argv
                0x0040f004                _argc
 .bss           0x0040f008       0x18 d:/programm/mingw/bin/../lib/gcc/mingw32/4.9.3/crtbegin.o
 .bss           0x0040f020       0x40 E:\NeuOrga\Programmieren\c_cpp\github_os\output\os_base\obj_x86\os_common.o
 .bss           0x0040f060        0x0 E:\NeuOrga\Programmieren\c_cpp\github_os\output\os_base\obj_x86\os_driver_hook.o
 .bss           0x0040f060        0x0 E:\NeuOrga\Programmieren\c_cpp\github_os\output\os_base\obj_x86\os_exception.o
 .bss           0x0040f060        0x0 E:\NeuOrga\Programmieren\c_cpp\github_os\output\os_base\obj_x86\os_exception_isr_handler.o
 .bss           0x0040f060        0x0 E:\NeuOrga\Programmieren\c_cpp\github_os\output\os_base\obj_x86\os_init_task_system.o
 .bss           0x0040f060        0x4 E:\NeuOrga\Programmieren\c_cpp\github_os\output\os_base\obj_x86\os_main.o
 .bss           0x0040f064        0x0 E:\NeuOrga\Programmieren\c_cpp\github_os\output\os_base\obj_x86\os_memory_mmu_setup.o
 .bss           0x0040f064        0x0 E:\NeuOrga\Programmieren\c_cpp\github_os\output\os_base\obj_x86\os_rte_common.o
 .bss           0x0040f064        0x0 E:\NeuOrga\Programmieren\c_cpp\github_os\output\os_base\obj_x86\os_rte_icc.o
 .bss           0x0040f064        0x0 E:\NeuOrga\Programmieren\c_cpp\github_os\output\os_base\obj_x86\os_shutdown.o
 .bss           0x0040f064        0x0 E:\NeuOrga\Programmieren\c_cpp\github_os\output\os_base\obj_x86\os_start_ext_prg.o
 .bss           0x0040f064        0x0 E:\NeuOrga\Programmieren\c_cpp\github_os\output\os_base\obj_x86\os_start_init_hw.o
 .bss           0x0040f064        0x0 E:\NeuOrga\Programmieren\c_cpp\github_os\output\os_base\obj_x86\os_start_init_mc.o
 .bss           0x0040f064        0x0 E:\NeuOrga\Programmieren\c_cpp\github_os\output\os_base\obj_x86\os_start_init_sw.o
 .bss           0x0040f064        0x0 E:\NeuOrga\Programmieren\c_cpp\github_os\output\os_base\obj_x86\os_start_os.o
 .bss           0x0040f064        0x0 E:\NeuOrga\Programmieren\c_cpp\github_os\output\os_base\obj_x86\os_task_common.o
 *fill*         0x0040f064       0x1c 
 .bss           0x0040f080      0x320 E:\NeuOrga\Programmieren\c_cpp\github_os\output\os_base\obj_x86\os_task_queue.o
 .bss           0x0040f3a0      0x620 E:\NeuOrga\Programmieren\c_cpp\github_os\output\os_base\obj_x86\os_task_scheduler.o
 .bss           0x0040f9c0        0x0 E:\NeuOrga\Programmieren\c_cpp\github_os\output\os_sim\obj_x86\os_sim_main.o
 .bss           0x0040f9c0        0x0 E:\NeuOrga\Programmieren\c_cpp\github_os\output\os_base\obj_x86\os_ram.o
 .bss           0x0040f9c0        0x0 E:\NeuOrga\Programmieren\c_cpp\github_os\output\os_base\obj_x86\os_shared_ram.o
 .bss           0x0040f9c0        0x0 E:\NeuOrga\Programmieren\c_cpp\github_os\output\os_sim\obj_x86\os_stack.o
 .bss           0x0040f9c0        0x0 E:\NeuOrga\Programmieren\c_cpp\github_os\output\os_sim\obj_x86\os_heap.o
 .bss           0x0040f9c0        0x0 E:\NeuOrga\Programmieren\c_cpp\github_os\output\os_sim\obj_x86\os_diagnostic_main.o
 .bss           0x0040f9c0        0x0 E:\NeuOrga\Programmieren\c_cpp\github_os\output\os_drivers\obj_x86\lld_global.o
 .bss           0x0040f9c0        0x0 E:\NeuOrga\Programmieren\c_cpp\github_os\output\os_drivers\obj_x86\lld_interrupt.o
 .bss           0x0040f9c0        0x0 E:\NeuOrga\Programmieren\c_cpp\github_os\output\os_drivers\obj_x86\lld_mmu.o
 .bss           0x0040f9c0        0x0 E:\NeuOrga\Programmieren\c_cpp\github_os\output\os_drivers\obj_x86\lld_ram.o
 .bss           0x0040f9c0        0x4 E:\NeuOrga\Programmieren\c_cpp\github_os\output\os_drivers\obj_x86\lld_timer.o
 .bss           0x0040f9c4        0x0 E:\NeuOrga\Programmieren\c_cpp\github_os\output\os_drivers\obj_x86\lld_power.o
 .bss           0x0040f9c4        0x0 E:\NeuOrga\Programmieren\c_cpp\github_os\output\os_user_code\obj_x86\led.o
 .bss           0x0040f9c4        0x0 d:/programm/mingw/bin/../lib/gcc/mingw32/4.9.3/../../..\libmingw32.a(CRTglob.o)
 .bss           0x0040f9c4        0x0 d:/programm/mingw/bin/../lib/gcc/mingw32/4.9.3/../../..\libmingw32.a(setargv.o)
 .bss           0x0040f9c4        0x4 d:/programm/mingw/bin/../lib/gcc/mingw32/4.9.3/../../..\libmingw32.a(CRTfmode.o)
                0x0040f9c4                _CRT_fmode
 .bss           0x0040f9c8        0x4 d:/programm/mingw/bin/../lib/gcc/mingw32/4.9.3/../../..\libmingw32.a(cpu_features.o)
                0x0040f9c8                __cpu_features
 .bss           0x0040f9cc        0x0 d:/programm/mingw/bin/../lib/gcc/mingw32/4.9.3/../../..\libmingw32.a(CRT_fp10.o)
 .bss           0x0040f9cc        0x0 d:/programm/mingw/bin/../lib/gcc/mingw32/4.9.3/../../..\libmingw32.a(txtmode.o)
 .bss           0x0040f9cc        0x4 d:/programm/mingw/bin/../lib/gcc/mingw32/4.9.3/../../..\libmingw32.a(gccmain.o)
 .bss           0x0040f9d0       0x10 d:/programm/mingw/bin/../lib/gcc/mingw32/4.9.3/../../..\libmingw32.a(tlssup.o)
                0x0040f9d0                mingw_initltssuo_force
                0x0040f9d4                mingw_initltsdyn_force
                0x0040f9d8                mingw_initltsdrot_force
                0x0040f9dc                _tls_index
 .bss           0x0040f9e0       0x20 d:/programm/mingw/bin/../lib/gcc/mingw32/4.9.3/../../..\libmingw32.a(tlsthrd.o)
 .bss           0x0040fa00        0x4 d:/programm/mingw/bin/../lib/gcc/mingw32/4.9.3/../../..\libmingw32.a(pseudo-reloc.o)
 .bss           0x0040fa04        0x4 d:/programm/mingw/bin/../lib/gcc/mingw32/4.9.3/../../..\libmingw32.a(pseudo-reloc-list.o)
 .bss           0x0040fa08        0x4 d:/programm/mingw/bin/../lib/gcc/mingw32/4.9.3/../../..\libmingw32.a(crtst.o)
                0x0040fa08                _CRT_MT
 .bss           0x0040fa0c        0x0 d:/programm/mingw/bin/../lib/gcc/mingw32/4.9.3\libgcc.a(_chkstk_ms.o)
 .bss           0x0040fa0c        0x0 d:/programm/mingw/bin/../lib/gcc/mingw32/4.9.3\libgcc.a(_ctors.o)
 .bss           0x0040fa0c        0x0 d:/programm/mingw/bin/../lib/gcc/mingw32/4.9.3/../../..\libmingwex.a(vprintf.o)
 .bss           0x0040fa0c        0x0 d:/programm/mingw/bin/../lib/gcc/mingw32/4.9.3/../../..\libmingwex.a(glob.o)
 .bss           0x0040fa0c        0x4 d:/programm/mingw/bin/../lib/gcc/mingw32/4.9.3/../../..\libmingwex.a(dirname.o)
 .bss           0x0040fa10        0x0 d:/programm/mingw/bin/../lib/gcc/mingw32/4.9.3/../../..\libmingwex.a(dirent.o)
 .bss           0x0040fa10        0x0 d:/programm/mingw/bin/../lib/gcc/mingw32/4.9.3/../../..\libmingwex.a(pformat.o)
 .bss           0x0040fa10        0x0 d:/programm/mingw/bin/../lib/gcc/mingw32/4.9.3/../../..\libmingwex.a(snprintf.o)
 .bss           0x0040fa10        0x0 d:/programm/mingw/bin/../lib/gcc/mingw32/4.9.3/../../..\libmingwex.a(vsnprintf.o)
 .bss           0x0040fa10        0x4 d:/programm/mingw/bin/../lib/gcc/mingw32/4.9.3/../../..\libmingwex.a(varofmt.o)
                0x0040fa10                __mingw_output_format_flag
 .bss           0x0040fa14        0xc d:/programm/mingw/bin/../lib/gcc/mingw32/4.9.3/../../..\libmingwex.a(mbrtowc.o)
 .bss           0x0040fa20        0x0 d:/programm/mingw/bin/../lib/gcc/mingw32/4.9.3/../../..\libmingwex.a(wcrtomb.o)
 .bss           0x0040fa20        0x0 d:/programm/mingw/bin/../lib/gcc/mingw32/4.9.3/../../..\libmingwex.a(gdtoa.o)
 .bss           0x0040fa20        0x0 d:/programm/mingw/bin/../lib/gcc/mingw32/4.9.3/../../..\libmingwex.a(gmisc.o)
 .bss           0x0040fa20        0x0 d:/programm/mingw/bin/../lib/gcc/mingw32/4.9.3/../../..\libmingwex.a(dmisc.o)
 .bss           0x0040fa20      0x9a0 d:/programm/mingw/bin/../lib/gcc/mingw32/4.9.3/../../..\libmingwex.a(misc.o)
 .bss           0x004103c0        0x0 d:/programm/mingw/bin/../lib/gcc/mingw32/4.9.3/../../..\libmsvcrt.a(dczfs00772.o)
 .bss           0x004103c0        0x0 d:/programm/mingw/bin/../lib/gcc/mingw32/4.9.3/../../..\libmsvcrt.a(dczfs00761.o)
 .bss           0x004103c0        0x0 d:/programm/mingw/bin/../lib/gcc/mingw32/4.9.3/../../..\libmsvcrt.a(dczfs00748.o)
 .bss           0x004103c0        0x0 d:/programm/mingw/bin/../lib/gcc/mingw32/4.9.3/../../..\libmsvcrt.a(dczfs00742.o)
 .bss           0x004103c0        0x0 d:/programm/mingw/bin/../lib/gcc/mingw32/4.9.3/../../..\libmsvcrt.a(dczfs00739.o)
 .bss           0x004103c0        0x0 d:/programm/mingw/bin/../lib/gcc/mingw32/4.9.3/../../..\libmsvcrt.a(dczfs00721.o)
 .bss           0x004103c0        0x0 d:/programm/mingw/bin/../lib/gcc/mingw32/4.9.3/../../..\libmsvcrt.a(dczfs00716.o)
 .bss           0x004103c0        0x0 d:/programm/mingw/bin/../lib/gcc/mingw32/4.9.3/../../..\libmsvcrt.a(dczfs00714.o)
 .bss           0x004103c0        0x0 d:/programm/mingw/bin/../lib/gcc/mingw32/4.9.3/../../..\libmsvcrt.a(dczfs00706.o)
 .bss           0x004103c0        0x0 d:/programm/mingw/bin/../lib/gcc/mingw32/4.9.3/../../..\libmsvcrt.a(dczfs00704.o)
 .bss           0x004103c0        0x0 d:/programm/mingw/bin/../lib/gcc/mingw32/4.9.3/../../..\libmsvcrt.a(dczfs00698.o)
 .bss           0x004103c0        0x0 d:/programm/mingw/bin/../lib/gcc/mingw32/4.9.3/../../..\libmsvcrt.a(dczfs00682.o)
 .bss           0x004103c0        0x0 d:/programm/mingw/bin/../lib/gcc/mingw32/4.9.3/../../..\libmsvcrt.a(dczfs00678.o)
 .bss           0x004103c0        0x0 d:/programm/mingw/bin/../lib/gcc/mingw32/4.9.3/../../..\libmsvcrt.a(dczfs00676.o)
 .bss           0x004103c0        0x0 d:/programm/mingw/bin/../lib/gcc/mingw32/4.9.3/../../..\libmsvcrt.a(dczfs00671.o)
 .bss           0x004103c0        0x0 d:/programm/mingw/bin/../lib/gcc/mingw32/4.9.3/../../..\libmsvcrt.a(dczfs00652.o)
 .bss           0x004103c0        0x0 d:/programm/mingw/bin/../lib/gcc/mingw32/4.9.3/../../..\libmsvcrt.a(dczfs00637.o)
 .bss           0x004103c0        0x0 d:/programm/mingw/bin/../lib/gcc/mingw32/4.9.3/../../..\libmsvcrt.a(dczfs00636.o)
 .bss           0x004103c0        0x0 d:/programm/mingw/bin/../lib/gcc/mingw32/4.9.3/../../..\libmsvcrt.a(dczfs00633.o)
 .bss           0x004103c0        0x0 d:/programm/mingw/bin/../lib/gcc/mingw32/4.9.3/../../..\libmsvcrt.a(dczfs00625.o)
 .bss           0x004103c0        0x0 d:/programm/mingw/bin/../lib/gcc/mingw32/4.9.3/../../..\libmsvcrt.a(dczfs00620.o)
 .bss           0x004103c0        0x0 d:/programm/mingw/bin/../lib/gcc/mingw32/4.9.3/../../..\libmsvcrt.a(dczfs00595.o)
 .bss           0x004103c0        0x0 d:/programm/mingw/bin/../lib/gcc/mingw32/4.9.3/../../..\libmsvcrt.a(dczfs00592.o)
 .bss           0x004103c0        0x0 d:/programm/mingw/bin/../lib/gcc/mingw32/4.9.3/../../..\libmsvcrt.a(dczfs00590.o)
 .bss           0x004103c0        0x0 d:/programm/mingw/bin/../lib/gcc/mingw32/4.9.3/../../..\libmsvcrt.a(dczfs00583.o)
 .bss           0x004103c0        0x0 d:/programm/mingw/bin/../lib/gcc/mingw32/4.9.3/../../..\libmsvcrt.a(dczfs00426.o)
 .bss           0x004103c0        0x0 d:/programm/mingw/bin/../lib/gcc/mingw32/4.9.3/../../..\libmsvcrt.a(dczfs00383.o)
 .bss           0x004103c0        0x0 d:/programm/mingw/bin/../lib/gcc/mingw32/4.9.3/../../..\libmsvcrt.a(dczfs00266.o)
 .bss           0x004103c0        0x0 d:/programm/mingw/bin/../lib/gcc/mingw32/4.9.3/../../..\libmsvcrt.a(dczfs00228.o)
 .bss           0x004103c0        0x0 d:/programm/mingw/bin/../lib/gcc/mingw32/4.9.3/../../..\libmsvcrt.a(dczfs00182.o)
 .bss           0x004103c0        0x0 d:/programm/mingw/bin/../lib/gcc/mingw32/4.9.3/../../..\libmsvcrt.a(dczfs00147.o)
 .bss           0x004103c0        0x0 d:/programm/mingw/bin/../lib/gcc/mingw32/4.9.3/../../..\libmsvcrt.a(dczfs00099.o)
 .bss           0x004103c0        0x0 d:/programm/mingw/bin/../lib/gcc/mingw32/4.9.3/../../..\libmsvcrt.a(dczfs00079.o)
 .bss           0x004103c0        0x0 d:/programm/mingw/bin/../lib/gcc/mingw32/4.9.3/../../..\libmsvcrt.a(dczfs00077.o)
 .bss           0x004103c0        0x0 d:/programm/mingw/bin/../lib/gcc/mingw32/4.9.3/../../..\libmsvcrt.a(dczfs00065.o)
 .bss           0x004103c0        0x0 d:/programm/mingw/bin/../lib/gcc/mingw32/4.9.3/../../..\libmsvcrt.a(dczfs00055.o)
 .bss           0x004103c0        0x0 d:/programm/mingw/bin/../lib/gcc/mingw32/4.9.3/../../..\libmsvcrt.a(dczfh.o)
 .bss           0x004103c0        0x0 d:/programm/mingw/bin/../lib/gcc/mingw32/4.9.3/../../..\libmsvcrt.a(dczft.o)
 .bss           0x004103c0        0x0 d:/programm/mingw/bin/../lib/gcc/mingw32/4.9.3/../../..\libkernel32.a(dchds01247.o)
 .bss           0x004103c0        0x0 d:/programm/mingw/bin/../lib/gcc/mingw32/4.9.3/../../..\libkernel32.a(dchds01215.o)
 .bss           0x004103c0        0x0 d:/programm/mingw/bin/../lib/gcc/mingw32/4.9.3/../../..\libkernel32.a(dchds01213.o)
 .bss           0x004103c0        0x0 d:/programm/mingw/bin/../lib/gcc/mingw32/4.9.3/../../..\libkernel32.a(dchds01173.o)
 .bss           0x004103c0        0x0 d:/programm/mingw/bin/../lib/gcc/mingw32/4.9.3/../../..\libkernel32.a(dchds01152.o)
 .bss           0x004103c0        0x0 d:/programm/mingw/bin/../lib/gcc/mingw32/4.9.3/../../..\libkernel32.a(dchds01140.o)
 .bss           0x004103c0        0x0 d:/programm/mingw/bin/../lib/gcc/mingw32/4.9.3/../../..\libkernel32.a(dchds00860.o)
 .bss           0x004103c0        0x0 d:/programm/mingw/bin/../lib/gcc/mingw32/4.9.3/../../..\libkernel32.a(dchds00817.o)
 .bss           0x004103c0        0x0 d:/programm/mingw/bin/../lib/gcc/mingw32/4.9.3/../../..\libkernel32.a(dchds00814.o)
 .bss           0x004103c0        0x0 d:/programm/mingw/bin/../lib/gcc/mingw32/4.9.3/../../..\libkernel32.a(dchds00763.o)
 .bss           0x004103c0        0x0 d:/programm/mingw/bin/../lib/gcc/mingw32/4.9.3/../../..\libkernel32.a(dchds00744.o)
 .bss           0x004103c0        0x0 d:/programm/mingw/bin/../lib/gcc/mingw32/4.9.3/../../..\libkernel32.a(dchds00734.o)
 .bss           0x004103c0        0x0 d:/programm/mingw/bin/../lib/gcc/mingw32/4.9.3/../../..\libkernel32.a(dchds00577.o)
 .bss           0x004103c0        0x0 d:/programm/mingw/bin/../lib/gcc/mingw32/4.9.3/../../..\libkernel32.a(dchds00529.o)
 .bss           0x004103c0        0x0 d:/programm/mingw/bin/../lib/gcc/mingw32/4.9.3/../../..\libkernel32.a(dchds00510.o)
 .bss           0x004103c0        0x0 d:/programm/mingw/bin/../lib/gcc/mingw32/4.9.3/../../..\libkernel32.a(dchds00388.o)
 .bss           0x004103c0        0x0 d:/programm/mingw/bin/../lib/gcc/mingw32/4.9.3/../../..\libkernel32.a(dchds00352.o)
 .bss           0x004103c0        0x0 d:/programm/mingw/bin/../lib/gcc/mingw32/4.9.3/../../..\libkernel32.a(dchds00321.o)
 .bss           0x004103c0        0x0 d:/programm/mingw/bin/../lib/gcc/mingw32/4.9.3/../../..\libkernel32.a(dchds00304.o)
 .bss           0x004103c0        0x0 d:/programm/mingw/bin/../lib/gcc/mingw32/4.9.3/../../..\libkernel32.a(dchds00300.o)
 .bss           0x004103c0        0x0 d:/programm/mingw/bin/../lib/gcc/mingw32/4.9.3/../../..\libkernel32.a(dchds00279.o)
 .bss           0x004103c0        0x0 d:/programm/mingw/bin/../lib/gcc/mingw32/4.9.3/../../..\libkernel32.a(dchds00236.o)
 .bss           0x004103c0        0x0 d:/programm/mingw/bin/../lib/gcc/mingw32/4.9.3/../../..\libkernel32.a(dchds00207.o)
 .bss           0x004103c0        0x0 d:/programm/mingw/bin/../lib/gcc/mingw32/4.9.3/../../..\libkernel32.a(dchdh.o)
 .bss           0x004103c0        0x0 d:/programm/mingw/bin/../lib/gcc/mingw32/4.9.3/../../..\libkernel32.a(dchdt.o)
 .bss           0x004103c0        0x0 d:/programm/mingw/bin/../lib/gcc/mingw32/4.9.3\libgcc.a(_udivdi3.o)
 .bss           0x004103c0        0x0 d:/programm/mingw/bin/../lib/gcc/mingw32/4.9.3\libgcc.a(_umoddi3.o)
 .bss           0x004103c0        0x0 d:/programm/mingw/bin/../lib/gcc/mingw32/4.9.3/../../..\libmoldname.a(dxpgs00082.o)
 .bss           0x004103c0        0x0 d:/programm/mingw/bin/../lib/gcc/mingw32/4.9.3/../../..\libmoldname.a(dxpgs00080.o)
 .bss           0x004103c0        0x0 d:/programm/mingw/bin/../lib/gcc/mingw32/4.9.3/../../..\libmoldname.a(dxpgh.o)
 .bss           0x004103c0        0x0 d:/programm/mingw/bin/../lib/gcc/mingw32/4.9.3/../../..\libmoldname.a(dxpgt.o)
 .bss           0x004103c0        0x0 d:/programm/mingw/bin/../lib/gcc/mingw32/4.9.3/crtend.o
 *(COMMON)
 COMMON         0x004103c0        0x4 d:/programm/mingw/bin/../lib/gcc/mingw32/4.9.3/crtbegin.o
                0x004103c0                hmod_libgcc
 COMMON         0x004103c4       0x24 E:\NeuOrga\Programmieren\c_cpp\github_os\output\os_base\obj_x86\os_task_common.o
                0x004103c4                REGISTER_R1
                0x004103c8                REGISTER_R0
                0x004103cc                REGISTER_R3
                0x004103d0                REGISTER_R2
                0x004103d4                TASK_PTR
 *fill*         0x004103e8       0x18 
 COMMON         0x00410400     0x296c E:\NeuOrga\Programmieren\c_cpp\github_os\output\os_base\obj_x86\os_ram.o
                0x00410400                VAR_USAGE_FAULT_STATUS_REG
                0x00410420                OS_STACK
                0x00410520                VAR_MEM_MANAG_FAULT_STATUS_REG
                0x00410524                VAR_BUS_FAULT_ADDR_REG
                0x00410528                VAR_AUX_FAULT_STATUS_REG
                0x0041052c                OS_STATE
                0x00410530                VAR_HARDFAULT_STATUS_REG
                0x00410534                VAR_FAULT_STATUS_REG
                0x00410540                HEAP
                0x00412c50                VAR_MEM_FAULT_ADDR_REG
                0x00412c60                OS_MAIN_STACK
                0x00412d60                VAR_BUS_FAULT_STATUS_REG
                0x00412d64                LINK_REGISTER_HANDLER
                0x00412d68                BACKUP_SYSTICK_CURRENT_VAL_REG
 *fill*         0x00412d6c       0x14 
 COMMON         0x00412d80     0x1000 E:\NeuOrga\Programmieren\c_cpp\github_os\output\os_base\obj_x86\os_shared_ram.o
                0x00412d80                RAM_BLOCK_C03_C02
                0x00412e80                RAM_BLOCK_C01_C02
                0x00412f80                RAM_BLOCK_C02_C02
                0x00413080                RAM_BLOCK_C00_C02
                0x00413180                RAM_BLOCK_C00_C03
                0x00413280                RAM_BLOCK_C01_C01
                0x00413380                RAM_BLOCK_C03_C03
                0x00413480                RAM_BLOCK_C01_C03
                0x00413580                RAM_BLOCK_C02_C00
                0x00413680                RAM_BLOCK_C00_C01
                0x00413780                RAM_BLOCK_C03_C00
                0x00413880                RAM_BLOCK_C02_C01
                0x00413980                RAM_BLOCK_C01_C00
                0x00413a80                RAM_BLOCK_C02_C03
                0x00413b80                RAM_BLOCK_C03_C01
                0x00413c80                RAM_BLOCK_C00_C00
 COMMON         0x00413d80       0x10 d:/programm/mingw/bin/../lib/gcc/mingw32/4.9.3\libgcc.a(_ctors.o)
                0x00413d90                __bss_end__ = .

.edata
 *(.edata)

/DISCARD/
 *(.debug$S)
 *(.debug$T)
 *(.debug$F)
 *(.drectve)
 *(.note.GNU-stack)
 *(.gnu.lto_*)

.idata          0x00414000      0x800
 SORT(*)(.idata$2)
 .idata$2       0x00414000       0x14 d:/programm/mingw/bin/../lib/gcc/mingw32/4.9.3/../../..\libkernel32.a(dchdh.o)
                0x00414000                _head_libkernel32_a
 .idata$2       0x00414014       0x14 d:/programm/mingw/bin/../lib/gcc/mingw32/4.9.3/../../..\libmoldname.a(dxpgh.o)
                0x00414014                _head_libmoldname_a
 .idata$2       0x00414028       0x14 d:/programm/mingw/bin/../lib/gcc/mingw32/4.9.3/../../..\libmsvcrt.a(dczfh.o)
                0x00414028                _head_libmsvcrt_a
 SORT(*)(.idata$3)
                0x0041403c        0x4 LONG 0x0
                0x00414040        0x4 LONG 0x0
                0x00414044        0x4 LONG 0x0
                0x00414048        0x4 LONG 0x0
                0x0041404c        0x4 LONG 0x0
 SORT(*)(.idata$4)
 .idata$4       0x00414050        0x0 d:/programm/mingw/bin/../lib/gcc/mingw32/4.9.3/../../..\libkernel32.a(dchdh.o)
 .idata$4       0x00414050        0x4 d:/programm/mingw/bin/../lib/gcc/mingw32/4.9.3/../../..\libkernel32.a(dchds00207.o)
 .idata$4       0x00414054        0x4 d:/programm/mingw/bin/../lib/gcc/mingw32/4.9.3/../../..\libkernel32.a(dchds00236.o)
 .idata$4       0x00414058        0x4 d:/programm/mingw/bin/../lib/gcc/mingw32/4.9.3/../../..\libkernel32.a(dchds00279.o)
 .idata$4       0x0041405c        0x4 d:/programm/mingw/bin/../lib/gcc/mingw32/4.9.3/../../..\libkernel32.a(dchds00300.o)
 .idata$4       0x00414060        0x4 d:/programm/mingw/bin/../lib/gcc/mingw32/4.9.3/../../..\libkernel32.a(dchds00304.o)
 .idata$4       0x00414064        0x4 d:/programm/mingw/bin/../lib/gcc/mingw32/4.9.3/../../..\libkernel32.a(dchds00321.o)
 .idata$4       0x00414068        0x4 d:/programm/mingw/bin/../lib/gcc/mingw32/4.9.3/../../..\libkernel32.a(dchds00352.o)
 .idata$4       0x0041406c        0x4 d:/programm/mingw/bin/../lib/gcc/mingw32/4.9.3/../../..\libkernel32.a(dchds00388.o)
 .idata$4       0x00414070        0x4 d:/programm/mingw/bin/../lib/gcc/mingw32/4.9.3/../../..\libkernel32.a(dchds00510.o)
 .idata$4       0x00414074        0x4 d:/programm/mingw/bin/../lib/gcc/mingw32/4.9.3/../../..\libkernel32.a(dchds00529.o)
 .idata$4       0x00414078        0x4 d:/programm/mingw/bin/../lib/gcc/mingw32/4.9.3/../../..\libkernel32.a(dchds00577.o)
 .idata$4       0x0041407c        0x4 d:/programm/mingw/bin/../lib/gcc/mingw32/4.9.3/../../..\libkernel32.a(dchds00734.o)
 .idata$4       0x00414080        0x4 d:/programm/mingw/bin/../lib/gcc/mingw32/4.9.3/../../..\libkernel32.a(dchds00744.o)
 .idata$4       0x00414084        0x4 d:/programm/mingw/bin/../lib/gcc/mingw32/4.9.3/../../..\libkernel32.a(dchds00763.o)
 .idata$4       0x00414088        0x4 d:/programm/mingw/bin/../lib/gcc/mingw32/4.9.3/../../..\libkernel32.a(dchds00814.o)
 .idata$4       0x0041408c        0x4 d:/programm/mingw/bin/../lib/gcc/mingw32/4.9.3/../../..\libkernel32.a(dchds00817.o)
 .idata$4       0x00414090        0x4 d:/programm/mingw/bin/../lib/gcc/mingw32/4.9.3/../../..\libkernel32.a(dchds00860.o)
 .idata$4       0x00414094        0x4 d:/programm/mingw/bin/../lib/gcc/mingw32/4.9.3/../../..\libkernel32.a(dchds01140.o)
 .idata$4       0x00414098        0x4 d:/programm/mingw/bin/../lib/gcc/mingw32/4.9.3/../../..\libkernel32.a(dchds01152.o)
 .idata$4       0x0041409c        0x4 d:/programm/mingw/bin/../lib/gcc/mingw32/4.9.3/../../..\libkernel32.a(dchds01173.o)
 .idata$4       0x004140a0        0x4 d:/programm/mingw/bin/../lib/gcc/mingw32/4.9.3/../../..\libkernel32.a(dchds01213.o)
 .idata$4       0x004140a4        0x4 d:/programm/mingw/bin/../lib/gcc/mingw32/4.9.3/../../..\libkernel32.a(dchds01215.o)
 .idata$4       0x004140a8        0x4 d:/programm/mingw/bin/../lib/gcc/mingw32/4.9.3/../../..\libkernel32.a(dchds01247.o)
 .idata$4       0x004140ac        0x4 d:/programm/mingw/bin/../lib/gcc/mingw32/4.9.3/../../..\libkernel32.a(dchdt.o)
 .idata$4       0x004140b0        0x0 d:/programm/mingw/bin/../lib/gcc/mingw32/4.9.3/../../..\libmoldname.a(dxpgh.o)
 .idata$4       0x004140b0        0x4 d:/programm/mingw/bin/../lib/gcc/mingw32/4.9.3/../../..\libmoldname.a(dxpgs00080.o)
 .idata$4       0x004140b4        0x4 d:/programm/mingw/bin/../lib/gcc/mingw32/4.9.3/../../..\libmoldname.a(dxpgs00082.o)
 .idata$4       0x004140b8        0x4 d:/programm/mingw/bin/../lib/gcc/mingw32/4.9.3/../../..\libmoldname.a(dxpgt.o)
 .idata$4       0x004140bc        0x0 d:/programm/mingw/bin/../lib/gcc/mingw32/4.9.3/../../..\libmsvcrt.a(dczfh.o)
 .idata$4       0x004140bc        0x4 d:/programm/mingw/bin/../lib/gcc/mingw32/4.9.3/../../..\libmsvcrt.a(dczfs00055.o)
 .idata$4       0x004140c0        0x4 d:/programm/mingw/bin/../lib/gcc/mingw32/4.9.3/../../..\libmsvcrt.a(dczfs00065.o)
 .idata$4       0x004140c4        0x4 d:/programm/mingw/bin/../lib/gcc/mingw32/4.9.3/../../..\libmsvcrt.a(dczfs00077.o)
 .idata$4       0x004140c8        0x4 d:/programm/mingw/bin/../lib/gcc/mingw32/4.9.3/../../..\libmsvcrt.a(dczfs00079.o)
 .idata$4       0x004140cc        0x4 d:/programm/mingw/bin/../lib/gcc/mingw32/4.9.3/../../..\libmsvcrt.a(dczfs00099.o)
 .idata$4       0x004140d0        0x4 d:/programm/mingw/bin/../lib/gcc/mingw32/4.9.3/../../..\libmsvcrt.a(dczfs00147.o)
 .idata$4       0x004140d4        0x4 d:/programm/mingw/bin/../lib/gcc/mingw32/4.9.3/../../..\libmsvcrt.a(dczfs00182.o)
 .idata$4       0x004140d8        0x4 d:/programm/mingw/bin/../lib/gcc/mingw32/4.9.3/../../..\libmsvcrt.a(dczfs00228.o)
 .idata$4       0x004140dc        0x4 d:/programm/mingw/bin/../lib/gcc/mingw32/4.9.3/../../..\libmsvcrt.a(dczfs00266.o)
 .idata$4       0x004140e0        0x4 d:/programm/mingw/bin/../lib/gcc/mingw32/4.9.3/../../..\libmsvcrt.a(dczfs00383.o)
 .idata$4       0x004140e4        0x4 d:/programm/mingw/bin/../lib/gcc/mingw32/4.9.3/../../..\libmsvcrt.a(dczfs00426.o)
 .idata$4       0x004140e8        0x4 d:/programm/mingw/bin/../lib/gcc/mingw32/4.9.3/../../..\libmsvcrt.a(dczfs00583.o)
 .idata$4       0x004140ec        0x4 d:/programm/mingw/bin/../lib/gcc/mingw32/4.9.3/../../..\libmsvcrt.a(dczfs00590.o)
 .idata$4       0x004140f0        0x4 d:/programm/mingw/bin/../lib/gcc/mingw32/4.9.3/../../..\libmsvcrt.a(dczfs00592.o)
 .idata$4       0x004140f4        0x4 d:/programm/mingw/bin/../lib/gcc/mingw32/4.9.3/../../..\libmsvcrt.a(dczfs00595.o)
 .idata$4       0x004140f8        0x4 d:/programm/mingw/bin/../lib/gcc/mingw32/4.9.3/../../..\libmsvcrt.a(dczfs00620.o)
 .idata$4       0x004140fc        0x4 d:/programm/mingw/bin/../lib/gcc/mingw32/4.9.3/../../..\libmsvcrt.a(dczfs00625.o)
 .idata$4       0x00414100        0x4 d:/programm/mingw/bin/../lib/gcc/mingw32/4.9.3/../../..\libmsvcrt.a(dczfs00633.o)
 .idata$4       0x00414104        0x4 d:/programm/mingw/bin/../lib/gcc/mingw32/4.9.3/../../..\libmsvcrt.a(dczfs00636.o)
 .idata$4       0x00414108        0x4 d:/programm/mingw/bin/../lib/gcc/mingw32/4.9.3/../../..\libmsvcrt.a(dczfs00637.o)
 .idata$4       0x0041410c        0x4 d:/programm/mingw/bin/../lib/gcc/mingw32/4.9.3/../../..\libmsvcrt.a(dczfs00652.o)
 .idata$4       0x00414110        0x4 d:/programm/mingw/bin/../lib/gcc/mingw32/4.9.3/../../..\libmsvcrt.a(dczfs00671.o)
 .idata$4       0x00414114        0x4 d:/programm/mingw/bin/../lib/gcc/mingw32/4.9.3/../../..\libmsvcrt.a(dczfs00676.o)
 .idata$4       0x00414118        0x4 d:/programm/mingw/bin/../lib/gcc/mingw32/4.9.3/../../..\libmsvcrt.a(dczfs00678.o)
 .idata$4       0x0041411c        0x4 d:/programm/mingw/bin/../lib/gcc/mingw32/4.9.3/../../..\libmsvcrt.a(dczfs00682.o)
 .idata$4       0x00414120        0x4 d:/programm/mingw/bin/../lib/gcc/mingw32/4.9.3/../../..\libmsvcrt.a(dczfs00698.o)
 .idata$4       0x00414124        0x4 d:/programm/mingw/bin/../lib/gcc/mingw32/4.9.3/../../..\libmsvcrt.a(dczfs00704.o)
 .idata$4       0x00414128        0x4 d:/programm/mingw/bin/../lib/gcc/mingw32/4.9.3/../../..\libmsvcrt.a(dczfs00706.o)
 .idata$4       0x0041412c        0x4 d:/programm/mingw/bin/../lib/gcc/mingw32/4.9.3/../../..\libmsvcrt.a(dczfs00714.o)
 .idata$4       0x00414130        0x4 d:/programm/mingw/bin/../lib/gcc/mingw32/4.9.3/../../..\libmsvcrt.a(dczfs00716.o)
 .idata$4       0x00414134        0x4 d:/programm/mingw/bin/../lib/gcc/mingw32/4.9.3/../../..\libmsvcrt.a(dczfs00721.o)
 .idata$4       0x00414138        0x4 d:/programm/mingw/bin/../lib/gcc/mingw32/4.9.3/../../..\libmsvcrt.a(dczfs00739.o)
 .idata$4       0x0041413c        0x4 d:/programm/mingw/bin/../lib/gcc/mingw32/4.9.3/../../..\libmsvcrt.a(dczfs00742.o)
 .idata$4       0x00414140        0x4 d:/programm/mingw/bin/../lib/gcc/mingw32/4.9.3/../../..\libmsvcrt.a(dczfs00748.o)
 .idata$4       0x00414144        0x4 d:/programm/mingw/bin/../lib/gcc/mingw32/4.9.3/../../..\libmsvcrt.a(dczfs00761.o)
 .idata$4       0x00414148        0x4 d:/programm/mingw/bin/../lib/gcc/mingw32/4.9.3/../../..\libmsvcrt.a(dczfs00772.o)
 .idata$4       0x0041414c        0x4 d:/programm/mingw/bin/../lib/gcc/mingw32/4.9.3/../../..\libmsvcrt.a(dczft.o)
                0x00414150                __IAT_start__ = .
 SORT(*)(.idata$5)
 .idata$5       0x00414150        0x0 d:/programm/mingw/bin/../lib/gcc/mingw32/4.9.3/../../..\libkernel32.a(dchdh.o)
 .idata$5       0x00414150        0x4 d:/programm/mingw/bin/../lib/gcc/mingw32/4.9.3/../../..\libkernel32.a(dchds00207.o)
                0x00414150                _imp__DeleteCriticalSection@4
 .idata$5       0x00414154        0x4 d:/programm/mingw/bin/../lib/gcc/mingw32/4.9.3/../../..\libkernel32.a(dchds00236.o)
                0x00414154                _imp__EnterCriticalSection@4
 .idata$5       0x00414158        0x4 d:/programm/mingw/bin/../lib/gcc/mingw32/4.9.3/../../..\libkernel32.a(dchds00279.o)