Archive member included to satisfy reference by file (symbol)

c:/program/mingw/bin/../lib/gcc/mingw32/8.2.0/../../..\libmingw32.a(CRTglob.o)
                              c:/program/mingw/bin/../lib/gcc/mingw32/8.2.0/../../../crt2.o (_CRT_glob)
c:/program/mingw/bin/../lib/gcc/mingw32/8.2.0/../../..\libmingw32.a(setargv.o)
                              c:/program/mingw/bin/../lib/gcc/mingw32/8.2.0/../../../crt2.o (_setargv)
c:/program/mingw/bin/../lib/gcc/mingw32/8.2.0/../../..\libmingw32.a(CRTfmode.o)
                              c:/program/mingw/bin/../lib/gcc/mingw32/8.2.0/../../../crt2.o (_CRT_fmode)
c:/program/mingw/bin/../lib/gcc/mingw32/8.2.0/../../..\libmingw32.a(cpu_features.o)
                              c:/program/mingw/bin/../lib/gcc/mingw32/8.2.0/../../../crt2.o (__cpu_features_init)
c:/program/mingw/bin/../lib/gcc/mingw32/8.2.0/../../..\libmingw32.a(CRT_fp10.o)
                              c:/program/mingw/bin/../lib/gcc/mingw32/8.2.0/../../../crt2.o (_CRT_fenv)
c:/program/mingw/bin/../lib/gcc/mingw32/8.2.0/../../..\libmingw32.a(txtmode.o)
                              c:/program/mingw/bin/../lib/gcc/mingw32/8.2.0/../../../crt2.o (_fmode)
c:/program/mingw/bin/../lib/gcc/mingw32/8.2.0/../../..\libmingw32.a(gccmain.o)
                              c:/program/mingw/bin/../lib/gcc/mingw32/8.2.0/../../../crt2.o (__main)
c:/program/mingw/bin/../lib/gcc/mingw32/8.2.0/../../..\libmingw32.a(tlssup.o)
                              c:/program/mingw/bin/../lib/gcc/mingw32/8.2.0/../../../crt2.o (__dyn_tls_init_callback)
c:/program/mingw/bin/../lib/gcc/mingw32/8.2.0/../../..\libmingw32.a(tlsthrd.o)
                              c:/program/mingw/bin/../lib/gcc/mingw32/8.2.0/../../..\libmingw32.a(tlssup.o) (__mingw_TLScallback)
c:/program/mingw/bin/../lib/gcc/mingw32/8.2.0/../../..\libmingw32.a(pseudo-reloc.o)
                              c:/program/mingw/bin/../lib/gcc/mingw32/8.2.0/../../../crt2.o (_pei386_runtime_relocator)
c:/program/mingw/bin/../lib/gcc/mingw32/8.2.0/../../..\libmingw32.a(pseudo-reloc-list.o)
                              c:/program/mingw/bin/../lib/gcc/mingw32/8.2.0/../../..\libmingw32.a(pseudo-reloc.o) (__RUNTIME_PSEUDO_RELOC_LIST__)
c:/program/mingw/bin/../lib/gcc/mingw32/8.2.0/../../..\libmingw32.a(crtst.o)
                              c:/program/mingw/bin/../lib/gcc/mingw32/8.2.0/../../..\libmingw32.a(tlssup.o) (_CRT_MT)
c:/program/mingw/bin/../lib/gcc/mingw32/8.2.0\libgcc.a(_chkstk_ms.o)
                              c:/program/mingw/bin/../lib/gcc/mingw32/8.2.0/../../..\libmingw32.a(setargv.o) (__chkstk_ms)
c:/program/mingw/bin/../lib/gcc/mingw32/8.2.0\libgcc.a(_ctors.o)
                              c:/program/mingw/bin/../lib/gcc/mingw32/8.2.0/../../..\libmingw32.a(gccmain.o) (__DTOR_LIST__)
c:/program/mingw/bin/../lib/gcc/mingw32/8.2.0/../../..\libmingwex.a(fesetenv.o)
                              c:/program/mingw/bin/../lib/gcc/mingw32/8.2.0/../../../crt2.o (fesetenv)
c:/program/mingw/bin/../lib/gcc/mingw32/8.2.0/../../..\libmingwex.a(vfprintf.o)
                              C:\Users\president\Desktop\sbx\output\os_base\obj_x86_test\os_ram_stack_test.o (__mingw_vfprintf)
c:/program/mingw/bin/../lib/gcc/mingw32/8.2.0/../../..\libmingwex.a(glob.o)
                              c:/program/mingw/bin/../lib/gcc/mingw32/8.2.0/../../..\libmingw32.a(setargv.o) (__mingw_glob)
c:/program/mingw/bin/../lib/gcc/mingw32/8.2.0/../../..\libmingwex.a(dirname.o)
                              c:/program/mingw/bin/../lib/gcc/mingw32/8.2.0/../../..\libmingwex.a(glob.o) (__mingw_dirname)
c:/program/mingw/bin/../lib/gcc/mingw32/8.2.0/../../..\libmingwex.a(dirent.o)
                              c:/program/mingw/bin/../lib/gcc/mingw32/8.2.0/../../..\libmingwex.a(glob.o) (__mingw_opendir)
c:/program/mingw/bin/../lib/gcc/mingw32/8.2.0/../../..\libmingwex.a(pformat.o)
                              c:/program/mingw/bin/../lib/gcc/mingw32/8.2.0/../../..\libmingwex.a(vfprintf.o) (__mingw_pformat)
c:/program/mingw/bin/../lib/gcc/mingw32/8.2.0/../../..\libmingwex.a(varofmt.o)
                              c:/program/mingw/bin/../lib/gcc/mingw32/8.2.0/../../..\libmingwex.a(pformat.o) (__mingw_output_format_flags)
c:/program/mingw/bin/../lib/gcc/mingw32/8.2.0/../../..\libmingwex.a(mbrtowc.o)
                              c:/program/mingw/bin/../lib/gcc/mingw32/8.2.0/../../..\libmingwex.a(pformat.o) (mbrtowc)
c:/program/mingw/bin/../lib/gcc/mingw32/8.2.0/../../..\libmingwex.a(wcrtomb.o)
                              c:/program/mingw/bin/../lib/gcc/mingw32/8.2.0/../../..\libmingwex.a(pformat.o) (wcrtomb)
c:/program/mingw/bin/../lib/gcc/mingw32/8.2.0/../../..\libmingwex.a(gdtoa.o)
                              c:/program/mingw/bin/../lib/gcc/mingw32/8.2.0/../../..\libmingwex.a(pformat.o) (__gdtoa)
c:/program/mingw/bin/../lib/gcc/mingw32/8.2.0/../../..\libmingwex.a(gmisc.o)
                              c:/program/mingw/bin/../lib/gcc/mingw32/8.2.0/../../..\libmingwex.a(gdtoa.o) (__rshift_D2A)
[...]
Memory Configuration

Name             Origin             Length             Attributes
*default*        0x00000000         0xffffffff

Linker script and memory map

                0x00400000                __image_base__ = 0x400000
                0x00000000                __dll__ = 0x0
                0x00400000                ___ImageBase = 0x400000
                0x00001000                __section_alignment__ = 0x1000
                0x00000200                __file_alignment__ = 0x200
                0x00000004                __major_os_version__ = 0x4
                0x00000000                __minor_os_version__ = 0x0
                0x00000001                __major_image_version__ = 0x1
                0x00000000                __minor_image_version__ = 0x0
                0x00000004                __major_subsystem_version__ = 0x4
                0x00000000                __minor_subsystem_version__ = 0x0
                0x00000003                __subsystem__ = 0x3
                0x00200000                __size_of_stack_reserve__ = 0x200000
                0x00001000                __size_of_stack_commit__ = 0x1000
                0x00100000                __size_of_heap_reserve__ = 0x100000
                0x00001000                __size_of_heap_commit__ = 0x1000
                0x00000000                __loader_flags__ = 0x0
                0x00000000                __dll_characteristics__ = 0x0
LOAD c:/program/mingw/bin/../lib/gcc/mingw32/8.2.0/../../../crt2.o
LOAD c:/program/mingw/bin/../lib/gcc/mingw32/8.2.0/crtbegin.o
LOAD C:\Users\president\Desktop\sbx\output\os_base\obj_x86_test\os_ram_stack_test.o
LOAD c:/program/mingw/bin/../lib/gcc/mingw32/8.2.0\libstdc++.a
LOAD c:/program/mingw/bin/../lib/gcc/mingw32/8.2.0/../../..\libmingw32.a
LOAD c:/program/mingw/bin/../lib/gcc/mingw32/8.2.0\libgcc.a
LOAD c:/program/mingw/bin/../lib/gcc/mingw32/8.2.0\libgcc_eh.a
LOAD c:/program/mingw/bin/../lib/gcc/mingw32/8.2.0/../../..\libmoldname.a
LOAD c:/program/mingw/bin/../lib/gcc/mingw32/8.2.0/../../..\libmingwex.a
LOAD c:/program/mingw/bin/../lib/gcc/mingw32/8.2.0/../../..\libmsvcrt.a
LOAD c:/program/mingw/bin/../lib/gcc/mingw32/8.2.0/../../..\libadvapi32.a
LOAD c:/program/mingw/bin/../lib/gcc/mingw32/8.2.0/../../..\libshell32.a
LOAD c:/program/mingw/bin/../lib/gcc/mingw32/8.2.0/../../..\libuser32.a
LOAD c:/program/mingw/bin/../lib/gcc/mingw32/8.2.0/../../..\libkernel32.a
LOAD c:/program/mingw/bin/../lib/gcc/mingw32/8.2.0/../../..\libmingw32.a
LOAD c:/program/mingw/bin/../lib/gcc/mingw32/8.2.0\libgcc.a
LOAD c:/program/mingw/bin/../lib/gcc/mingw32/8.2.0\libgcc_eh.a
LOAD c:/program/mingw/bin/../lib/gcc/mingw32/8.2.0/../../..\libmoldname.a
LOAD c:/program/mingw/bin/../lib/gcc/mingw32/8.2.0/../../..\libmingwex.a
LOAD c:/program/mingw/bin/../lib/gcc/mingw32/8.2.0/../../..\libmsvcrt.a
LOAD c:/program/mingw/bin/../lib/gcc/mingw32/8.2.0/crtend.o
                0x00000420                . = SIZEOF_HEADERS
                0x00001000                . = ALIGN (__section_alignment__)

.text           0x00401000     0xae00
 *(.init)
 *(.text)
 .text          0x00401000      0x330 c:/program/mingw/bin/../lib/gcc/mingw32/8.2.0/../../../crt2.o
                0x00401290                _mingw32_init_mainargs
                0x004012d0                mainCRTStartup
                0x004012f0                WinMainCRTStartup
                0x00401310                atexit
                0x00401320                _onexit
 .text          0x00401330       0xe0 c:/program/mingw/bin/../lib/gcc/mingw32/8.2.0/crtbegin.o
                0x00401330                __gcc_register_frame
                0x004013e0                __gcc_deregister_frame
 .text          0x00401410     0x24ec C:\Users\president\Desktop\sbx\output\os_base\obj_x86_test\os_ram_stack_test.o
                0x00403099                main
 .text          0x004038fc        0x0 c:/program/mingw/bin/../lib/gcc/mingw32/8.2.0/../../..\libmingw32.a(CRTglob.o)
 *fill*         0x004038fc        0x4 
 .text          0x00403900      0x370 c:/program/mingw/bin/../lib/gcc/mingw32/8.2.0/../../..\libmingw32.a(setargv.o)
                0x00403900                _setargv
 .text          0x00403c70        0x0 c:/program/mingw/bin/../lib/gcc/mingw32/8.2.0/../../..\libmingw32.a(CRTfmode.o)
 .text          0x00403c70      0x110 c:/program/mingw/bin/../lib/gcc/mingw32/8.2.0/../../..\libmingw32.a(cpu_features.o)
                0x00403c70                __cpu_features_init
 .text          0x00403d80        0x0 c:/program/mingw/bin/../lib/gcc/mingw32/8.2.0/../../..\libmingw32.a(CRT_fp10.o)
 .text          0x00403d80        0x0 c:/program/mingw/bin/../lib/gcc/mingw32/8.2.0/../../..\libmingw32.a(txtmode.o)
 .text          0x00403d80       0xb0 c:/program/mingw/bin/../lib/gcc/mingw32/8.2.0/../../..\libmingw32.a(gccmain.o)
                0x00403d80                __do_global_dtors
                0x00403dc0                __do_global_ctors
                0x00403e10                __main
 .text          0x00403e30      0x100 c:/program/mingw/bin/../lib/gcc/mingw32/8.2.0/../../..\libmingw32.a(tlssup.o)
                0x00403e80                __dyn_tls_init@12
                0x00403f20                __tlregdtor
 .text          0x00403f30      0x250 c:/program/mingw/bin/../lib/gcc/mingw32/8.2.0/../../..\libmingw32.a(tlsthrd.o)
                0x00403f90                ___w64_mingwthr_add_key_dtor
                0x00404020                ___w64_mingwthr_remove_key_dtor
                0x004040c0                __mingw_TLScallback
 .text          0x00404180      0x320 c:/program/mingw/bin/../lib/gcc/mingw32/8.2.0/../../..\libmingw32.a(pseudo-reloc.o)
                0x004042c0                _pei386_runtime_relocator
 .text          0x004044a0        0x0 c:/program/mingw/bin/../lib/gcc/mingw32/8.2.0/../../..\libmingw32.a(pseudo-reloc-list.o)
 .text          0x004044a0        0x0 c:/program/mingw/bin/../lib/gcc/mingw32/8.2.0/../../..\libmingw32.a(crtst.o)
 .text          0x004044a0       0x2c c:/program/mingw/bin/../lib/gcc/mingw32/8.2.0\libgcc.a(_chkstk_ms.o)
                0x004044a0                __chkstk_ms
 .text          0x004044cc        0x0 c:/program/mingw/bin/../lib/gcc/mingw32/8.2.0\libgcc.a(_ctors.o)
 *fill*         0x004044cc        0x4 
 .text          0x004044d0       0x80 c:/program/mingw/bin/../lib/gcc/mingw32/8.2.0/../../..\libmingwex.a(fesetenv.o)
                0x004044d0                fesetenv
 .text          0x00404550       0x40 c:/program/mingw/bin/../lib/gcc/mingw32/8.2.0/../../..\libmingwex.a(vfprintf.o)
                0x00404550                __mingw_vfprintf
 .text          0x00404590     0x1090 c:/program/mingw/bin/../lib/gcc/mingw32/8.2.0/../../..\libmingwex.a(glob.o)
                0x004054e0                __mingw_glob
                0x004055c0                __mingw_globfree
 .text          0x00405620      0x3f0 c:/program/mingw/bin/../lib/gcc/mingw32/8.2.0/../../..\libmingwex.a(dirname.o)
                0x00405620                __mingw_dirname
 .text          0x00405a10      0x540 c:/program/mingw/bin/../lib/gcc/mingw32/8.2.0/../../..\libmingwex.a(dirent.o)
                0x00405ba0                __mingw_opendir
                0x00405da0                __mingw_readdir
                0x00405df0                __mingw_closedir
                0x00405e40                __mingw_rewinddir
                0x00405ea0                __mingw_telldir
                0x00405ed0                __mingw_seekdir
 .text          0x00405f50     0x2b60 c:/program/mingw/bin/../lib/gcc/mingw32/8.2.0/../../..\libmingwex.a(pformat.o)
                0x00407b60                __mingw_pformat
 .text          0x00408ab0        0x0 c:/program/mingw/bin/../lib/gcc/mingw32/8.2.0/../../..\libmingwex.a(varofmt.o)
 .text          0x00408ab0      0x430 c:/program/mingw/bin/../lib/gcc/mingw32/8.2.0/../../..\libmingwex.a(mbrtowc.o)
                0x00408c40                mbrtowc
                0x00408cf0                mbsrtowcs
                0x00408e50                mbrlen
 .text          0x00408ee0      0x2a0 c:/program/mingw/bin/../lib/gcc/mingw32/8.2.0/../../..\libmingwex.a(wcrtomb.o)
                0x00408f80                wcrtomb
                0x00409000                wcsrtombs
 .text          0x00409180     0x1680 c:/program/mingw/bin/../lib/gcc/mingw32/8.2.0/../../..\libmingwex.a(gdtoa.o)
                0x00409180                __gdtoa
 .text          0x0040a800      0x150 c:/program/mingw/bin/../lib/gcc/mingw32/8.2.0/../../..\libmingwex.a(gmisc.o)
                0x0040a800                __rshift_D2A
                0x0040a910                __trailz_D2A
 .text          0x0040a950      0x300 c:/program/mingw/bin/../lib/gcc/mingw32/8.2.0/../../..\libmingwex.a(dmisc.o)
                0x0040a950                __rv_alloc_D2A
                0x0040a990                __nrv_alloc_D2A
                0x0040aa10                __freedtoa
                0x0040aa30                __quorem_D2A
 .text          0x0040ac50      0xbf0 c:/program/mingw/bin/../lib/gcc/mingw32/8.2.0/../../..\libmingwex.a(misc.o)
                0x0040ad70                __Balloc_D2A
                0x0040ae60                __Bfree_D2A
                0x0040aec0                __multadd_D2A
                0x0040afa0                __i2b_D2A
                0x0040afd0                __mult_D2A
                0x0040b150                __pow5mult_D2A
                0x0040b2d0                __lshift_D2A
                0x0040b3d0                __cmp_D2A
                0x0040b420                __diff_D2A
                0x0040b610                __b2d_D2A
                0x0040b720                __d2b_D2A
                0x0040b810                __strcp_D2A
 .text          0x0040b840        0x8 c:/program/mingw/bin/../lib/gcc/mingw32/8.2.0/../../..\libmsvcrt.a(dxnls01320.o)
                0x0040b840                wcstombs
 .text          0x0040b848        0x8 c:/program/mingw/bin/../lib/gcc/mingw32/8.2.0/../../..\libmsvcrt.a(dxnls01303.o)
                0x0040b848                wcslen
 .text          0x0040b850        0x8 c:/program/mingw/bin/../lib/gcc/mingw32/8.2.0/../../..\libmsvcrt.a(dxnls01279.o)
                0x0040b850                vfprintf
 .text          0x0040b858        0x8 c:/program/mingw/bin/../lib/gcc/mingw32/8.2.0/../../..\libmsvcrt.a(dxnls01272.o)
                0x0040b858                tolower
 .text          0x0040b860        0x8 c:/program/mingw/bin/../lib/gcc/mingw32/8.2.0/../../..\libmsvcrt.a(dxnls01267.o)
                0x0040b860                time
 .text          0x0040b868        0x8 c:/program/mingw/bin/../lib/gcc/mingw32/8.2.0/../../..\libmsvcrt.a(dxnls01244.o)
                0x0040b868                strlen
 .text          0x0040b870        0x8 c:/program/mingw/bin/../lib/gcc/mingw32/8.2.0/../../..\libmsvcrt.a(dxnls01237.o)
                0x0040b870                strcoll
 .text          0x0040b878        0x8 c:/program/mingw/bin/../lib/gcc/mingw32/8.2.0/../../..\libmsvcrt.a(dxnls01235.o)
                0x0040b878                strchr
 .text          0x0040b880        0x8 c:/program/mingw/bin/../lib/gcc/mingw32/8.2.0/../../..\libmsvcrt.a(dxnls01224.o)
                0x0040b880                signal
 .text          0x0040b888        0x8 c:/program/mingw/bin/../lib/gcc/mingw32/8.2.0/../../..\libmsvcrt.a(dxnls01222.o)
                0x0040b888                setlocale
 .text          0x0040b890        0x8 c:/program/mingw/bin/../lib/gcc/mingw32/8.2.0/../../..\libmsvcrt.a(dxnls01215.o)
                0x0040b890                realloc
 .text          0x0040b898        0x8 c:/program/mingw/bin/../lib/gcc/mingw32/8.2.0/../../..\libmsvcrt.a(dxnls01198.o)
                0x0040b898                memset
 .text          0x0040b8a0        0x8 c:/program/mingw/bin/../lib/gcc/mingw32/8.2.0/../../..\libmsvcrt.a(dxnls01194.o)
                0x0040b8a0                memcpy
 .text          0x0040b8a8        0x8 c:/program/mingw/bin/../lib/gcc/mingw32/8.2.0/../../..\libmsvcrt.a(dxnls01189.o)
                0x0040b8a8                mbstowcs
 .text          0x0040b8b0        0x8 c:/program/mingw/bin/../lib/gcc/mingw32/8.2.0/../../..\libmsvcrt.a(dxnls01182.o)
                0x0040b8b0                malloc
 .text          0x0040b8b8        0x8 c:/program/mingw/bin/../lib/gcc/mingw32/8.2.0/../../..\libmsvcrt.a(dxnls01177.o)
                0x0040b8b8                localeconv
 .text          0x0040b8c0        0x8 c:/program/mingw/bin/../lib/gcc/mingw32/8.2.0/../../..\libmsvcrt.a(dxnls01142.o)
                0x0040b8c0                getenv
 .text          0x0040b8c8        0x8 c:/program/mingw/bin/../lib/gcc/mingw32/8.2.0/../../..\libmsvcrt.a(dxnls01137.o)
                0x0040b8c8                fwrite
 .text          0x0040b8d0        0x8 c:/program/mingw/bin/../lib/gcc/mingw32/8.2.0/../../..\libmsvcrt.a(dxnls01126.o)
                0x0040b8d0                free
 .text          0x0040b8d8        0x8 c:/program/mingw/bin/../lib/gcc/mingw32/8.2.0/../../..\libmsvcrt.a(dxnls01121.o)
                0x0040b8d8                fputc
 .text          0x0040b8e0        0x8 c:/program/mingw/bin/../lib/gcc/mingw32/8.2.0/../../..\libmsvcrt.a(dxnls01103.o)
                0x0040b8e0                exit
 .text          0x0040b8e8        0x8 c:/program/mingw/bin/../lib/gcc/mingw32/8.2.0/../../..\libmsvcrt.a(dxnls01101.o)
                0x0040b8e8                difftime
 .text          0x0040b8f0        0x8 c:/program/mingw/bin/../lib/gcc/mingw32/8.2.0/../../..\libmsvcrt.a(dxnls01093.o)
                0x0040b8f0                calloc
 .text          0x0040b8f8        0x8 c:/program/mingw/bin/../lib/gcc/mingw32/8.2.0/../../..\libmsvcrt.a(dxnls01088.o)
                0x0040b8f8                atoi
 .text          0x0040b900        0x0 c:/program/mingw/bin/../lib/gcc/mingw32/8.2.0/../../..\libmsvcrt.a(dxnls01086.o)
 .text          0x0040b900        0x8 c:/program/mingw/bin/../lib/gcc/mingw32/8.2.0/../../..\libmsvcrt.a(dxnls01078.o)
                0x0040b900                abort
 .text          0x0040b908        0x8 c:/program/mingw/bin/../lib/gcc/mingw32/8.2.0/../../..\libmsvcrt.a(dxnls00748.o)
                0x0040b908                _setmode
 .text          0x0040b910        0x0 c:/program/mingw/bin/../lib/gcc/mingw32/8.2.0/../../..\libmsvcrt.a(dxnls00693.o)
 .text          0x0040b910        0x0 c:/program/mingw/bin/../lib/gcc/mingw32/8.2.0/../../..\libmsvcrt.a(dxnls00684.o)
 .text          0x0040b910        0x8 c:/program/mingw/bin/../lib/gcc/mingw32/8.2.0/../../..\libmsvcrt.a(dxnls00417.o)
                0x0040b910                _isctype
 .text          0x0040b918        0x0 c:/program/mingw/bin/../lib/gcc/mingw32/8.2.0/../../..\libmsvcrt.a(dxnls00412.o)
 .text          0x0040b918        0x8 c:/program/mingw/bin/../lib/gcc/mingw32/8.2.0/../../..\libmsvcrt.a(dxnls00345.o)
                0x0040b918                _fullpath
 .text          0x0040b920        0x8 c:/program/mingw/bin/../lib/gcc/mingw32/8.2.0/../../..\libmsvcrt.a(dxnls00280.o)
                0x0040b920                _errno
 .text          0x0040b928        0x8 c:/program/mingw/bin/../lib/gcc/mingw32/8.2.0/../../..\libmsvcrt.a(dxnls00214.o)
                0x0040b928                _cexit
 .text          0x0040b930        0x8 c:/program/mingw/bin/../lib/gcc/mingw32/8.2.0/../../..\libmsvcrt.a(dxnls00133.o)
                0x0040b930                __p__fmode
 .text          0x0040b938        0x8 c:/program/mingw/bin/../lib/gcc/mingw32/8.2.0/../../..\libmsvcrt.a(dxnls00131.o)
                0x0040b938                __p__environ
 .text          0x0040b940        0x0 c:/program/mingw/bin/../lib/gcc/mingw32/8.2.0/../../..\libmsvcrt.a(dxnls00119.o)
 .text          0x0040b940        0x8 c:/program/mingw/bin/../lib/gcc/mingw32/8.2.0/../../..\libmsvcrt.a(dxnls00088.o)
                0x0040b940                __getmainargs
 .text          0x0040b948        0x0 c:/program/mingw/bin/../lib/gcc/mingw32/8.2.0/../../..\libmsvcrt.a(dxnlh.o)
 .text          0x0040b948        0x0 c:/program/mingw/bin/../lib/gcc/mingw32/8.2.0/../../..\libmsvcrt.a(dxnlt.o)
 .text          0x0040b948        0x8 c:/program/mingw/bin/../lib/gcc/mingw32/8.2.0/../../..\libkernel32.a(dimos01238.o)
                0x0040b948                WideCharToMultiByte@32
 .text          0x0040b950        0x8 c:/program/mingw/bin/../lib/gcc/mingw32/8.2.0/../../..\libkernel32.a(dimos01206.o)
                0x0040b950                VirtualQuery@12
 .text          0x0040b958        0x8 c:/program/mingw/bin/../lib/gcc/mingw32/8.2.0/../../..\libkernel32.a(dimos01204.o)
                0x0040b958                VirtualProtect@16
 .text          0x0040b960        0x8 c:/program/mingw/bin/../lib/gcc/mingw32/8.2.0/../../..\libkernel32.a(dimos01164.o)
                0x0040b960                TlsGetValue@4
 .text          0x0040b968        0x8 c:/program/mingw/bin/../lib/gcc/mingw32/8.2.0/../../..\libkernel32.a(dimos01143.o)
                0x0040b968                Sleep@4
 .text          0x0040b970        0x8 c:/program/mingw/bin/../lib/gcc/mingw32/8.2.0/../../..\libkernel32.a(dimos01131.o)
                0x0040b970                SetUnhandledExceptionFilter@4
 .text          0x0040b978        0x8 c:/program/mingw/bin/../lib/gcc/mingw32/8.2.0/../../..\libkernel32.a(dimos00860.o)
                0x0040b978                MultiByteToWideChar@24
 .text          0x0040b980        0x8 c:/program/mingw/bin/../lib/gcc/mingw32/8.2.0/../../..\libkernel32.a(dimos00817.o)
                0x0040b980                LoadLibraryA@4
 .text          0x0040b988        0x8 c:/program/mingw/bin/../lib/gcc/mingw32/8.2.0/../../..\libkernel32.a(dimos00814.o)
                0x0040b988                LeaveCriticalSection@4
 .text          0x0040b990        0x8 c:/program/mingw/bin/../lib/gcc/mingw32/8.2.0/../../..\libkernel32.a(dimos00763.o)
                0x0040b990                IsDBCSLeadByteEx@8
 .text          0x0040b998        0x8 c:/program/mingw/bin/../lib/gcc/mingw32/8.2.0/../../..\libkernel32.a(dimos00744.o)
                0x0040b998                InterlockedExchange@8
 .text          0x0040b9a0        0x8 c:/program/mingw/bin/../lib/gcc/mingw32/8.2.0/../../..\libkernel32.a(dimos00734.o)
                0x0040b9a0                InitializeCriticalSection@4
 .text          0x0040b9a8        0x8 c:/program/mingw/bin/../lib/gcc/mingw32/8.2.0/../../..\libkernel32.a(dimos00577.o)
                0x0040b9a8                GetProcAddress@8
 .text          0x0040b9b0        0x8 c:/program/mingw/bin/../lib/gcc/mingw32/8.2.0/../../..\libkernel32.a(dimos00529.o)
                0x0040b9b0                GetModuleHandleA@4
 .text          0x0040b9b8        0x8 c:/program/mingw/bin/../lib/gcc/mingw32/8.2.0/../../..\libkernel32.a(dimos00510.o)
                0x0040b9b8                GetLastError@0
 .text          0x0040b9c0        0x8 c:/program/mingw/bin/../lib/gcc/mingw32/8.2.0/../../..\libkernel32.a(dimos00388.o)
                0x0040b9c0                GetCommandLineA@0
 .text          0x0040b9c8        0x8 c:/program/mingw/bin/../lib/gcc/mingw32/8.2.0/../../..\libkernel32.a(dimos00352.o)
                0x0040b9c8                FreeLibrary@4
 .text          0x0040b9d0        0x8 c:/program/mingw/bin/../lib/gcc/mingw32/8.2.0/../../..\libkernel32.a(dimos00321.o)
                0x0040b9d0                FindNextFileA@8
 .text          0x0040b9d8        0x8 c:/program/mingw/bin/../lib/gcc/mingw32/8.2.0/../../..\libkernel32.a(dimos00304.o)
                0x0040b9d8                FindFirstFileA@8
 .text          0x0040b9e0        0x8 c:/program/mingw/bin/../lib/gcc/mingw32/8.2.0/../../..\libkernel32.a(dimos00300.o)
                0x0040b9e0                FindClose@4
 .text          0x0040b9e8        0x8 c:/program/mingw/bin/../lib/gcc/mingw32/8.2.0/../../..\libkernel32.a(dimos00279.o)
                0x0040b9e8                ExitProcess@4
 .text          0x0040b9f0        0x8 c:/program/mingw/bin/../lib/gcc/mingw32/8.2.0/../../..\libkernel32.a(dimos00236.o)
                0x0040b9f0                EnterCriticalSection@4
 .text          0x0040b9f8        0x8 c:/program/mingw/bin/../lib/gcc/mingw32/8.2.0/../../..\libkernel32.a(dimos00207.o)
                0x0040b9f8                DeleteCriticalSection@4
 .text          0x0040ba00        0x0 c:/program/mingw/bin/../lib/gcc/mingw32/8.2.0/../../..\libkernel32.a(dimoh.o)
 .text          0x0040ba00        0x0 c:/program/mingw/bin/../lib/gcc/mingw32/8.2.0/../../..\libkernel32.a(dimot.o)
 .text          0x0040ba00      0x100 c:/program/mingw/bin/../lib/gcc/mingw32/8.2.0\libgcc.a(_udivdi3.o)
                0x0040ba00                __udivdi3
 .text          0x0040bb00      0x120 c:/program/mingw/bin/../lib/gcc/mingw32/8.2.0\libgcc.a(_umoddi3.o)
                0x0040bb00                __umoddi3
 .text          0x0040bc20        0x8 c:/program/mingw/bin/../lib/gcc/mingw32/8.2.0/../../..\libmoldname.a(dmhks00082.o)
                0x0040bc20                stricoll
 .text          0x0040bc28        0x8 c:/program/mingw/bin/../lib/gcc/mingw32/8.2.0/../../..\libmoldname.a(dmhks00080.o)
                0x0040bc28                strdup
 .text          0x0040bc30        0x0 c:/program/mingw/bin/../lib/gcc/mingw32/8.2.0/../../..\libmoldname.a(dmhkh.o)
 .text          0x0040bc30        0x0 c:/program/mingw/bin/../lib/gcc/mingw32/8.2.0/../../..\libmoldname.a(dmhkt.o)
 .text          0x0040bc30        0x0 c:/program/mingw/bin/../lib/gcc/mingw32/8.2.0/crtend.o
 *(SORT_BY_NAME(.text$*))
 *(.text.*)
 .text.startup  0x0040bc30       0x10 c:/program/mingw/bin/../lib/gcc/mingw32/8.2.0/crtend.o
 *(.gnu.linkonce.t.*)
 *(.glue_7t)
 *(.glue_7)
                0x0040bc40                ___CTOR_LIST__ = .
                0x0040bc40                __CTOR_LIST__ = .
                0x0040bc40        0x4 LONG 0xffffffff
 *(.ctors)
 *(.ctor)
 *(SORT_BY_NAME(.ctors.*))
 .ctors.65535   0x0040bc44        0x4 c:/program/mingw/bin/../lib/gcc/mingw32/8.2.0/crtend.o
                0x0040bc48        0x4 LONG 0x0
                0x0040bc4c                ___DTOR_LIST__ = .
                0x0040bc4c                __DTOR_LIST__ = .
                0x0040bc4c        0x4 LONG 0xffffffff
 *(.dtors)
 *(.dtor)
 *(SORT_BY_NAME(.dtors.*))
                0x0040bc50        0x4 LONG 0x0
 *(.fini)
 *(.gcc_exc)
                [!provide]                PROVIDE (etext = .)
                [!provide]                PROVIDE (_etext = .)
 *(.gcc_except_table)

.data           0x0040c000      0x200
                0x0040c000                __data_start__ = .
 *(.data)
 .data          0x0040c000        0x0 c:/program/mingw/bin/../lib/gcc/mingw32/8.2.0/../../../crt2.o
 .data          0x0040c000        0x4 c:/program/mingw/bin/../lib/gcc/mingw32/8.2.0/crtbegin.o
 .data          0x0040c004        0x0 C:\Users\president\Desktop\sbx\output\os_base\obj_x86_test\os_ram_stack_test.o
 .data          0x0040c004        0x4 c:/program/mingw/bin/../lib/gcc/mingw32/8.2.0/../../..\libmingw32.a(CRTglob.o)
                0x0040c004                _CRT_glob
 .data          0x0040c008        0x0 c:/program/mingw/bin/../lib/gcc/mingw32/8.2.0/../../..\libmingw32.a(setargv.o)
 .data          0x0040c008        0x0 c:/program/mingw/bin/../lib/gcc/mingw32/8.2.0/../../..\libmingw32.a(CRTfmode.o)
 .data          0x0040c008        0x0 c:/program/mingw/bin/../lib/gcc/mingw32/8.2.0/../../..\libmingw32.a(cpu_features.o)
 .data          0x0040c008        0x4 c:/program/mingw/bin/../lib/gcc/mingw32/8.2.0/../../..\libmingw32.a(CRT_fp10.o)
                0x0040c008                _CRT_fenv
 .data          0x0040c00c        0x4 c:/program/mingw/bin/../lib/gcc/mingw32/8.2.0/../../..\libmingw32.a(txtmode.o)
                0x0040c00c                _fmode
 .data          0x0040c010        0x4 c:/program/mingw/bin/../lib/gcc/mingw32/8.2.0/../../..\libmingw32.a(gccmain.o)
 .data          0x0040c014        0x0 c:/program/mingw/bin/../lib/gcc/mingw32/8.2.0/../../..\libmingw32.a(tlssup.o)
 .data          0x0040c014        0x0 c:/program/mingw/bin/../lib/gcc/mingw32/8.2.0/../../..\libmingw32.a(tlsthrd.o)
 .data          0x0040c014        0x0 c:/program/mingw/bin/../lib/gcc/mingw32/8.2.0/../../..\libmingw32.a(pseudo-reloc.o)
 .data          0x0040c014        0x0 c:/program/mingw/bin/../lib/gcc/mingw32/8.2.0/../../..\libmingw32.a(pseudo-reloc-list.o)
 .data          0x0040c014        0x0 c:/program/mingw/bin/../lib/gcc/mingw32/8.2.0/../../..\libmingw32.a(crtst.o)
 .data          0x0040c014        0x0 c:/program/mingw/bin/../lib/gcc/mingw32/8.2.0\libgcc.a(_chkstk_ms.o)
 .data          0x0040c014        0x0 c:/program/mingw/bin/../lib/gcc/mingw32/8.2.0\libgcc.a(_ctors.o)
 .data          0x0040c014        0x4 c:/program/mingw/bin/../lib/gcc/mingw32/8.2.0/../../..\libmingwex.a(fesetenv.o)
 .data          0x0040c018        0x0 c:/program/mingw/bin/../lib/gcc/mingw32/8.2.0/../../..\libmingwex.a(vfprintf.o)
 .data          0x0040c018        0x0 c:/program/mingw/bin/../lib/gcc/mingw32/8.2.0/../../..\libmingwex.a(glob.o)
 .data          0x0040c018        0x0 c:/program/mingw/bin/../lib/gcc/mingw32/8.2.0/../../..\libmingwex.a(dirname.o)
 .data          0x0040c018        0x0 c:/program/mingw/bin/../lib/gcc/mingw32/8.2.0/../../..\libmingwex.a(dirent.o)
 .data          0x0040c018       0x14 c:/program/mingw/bin/../lib/gcc/mingw32/8.2.0/../../..\libmingwex.a(pformat.o)
 .data          0x0040c02c        0x0 c:/program/mingw/bin/../lib/gcc/mingw32/8.2.0/../../..\libmingwex.a(varofmt.o)
 .data          0x0040c02c        0x0 c:/program/mingw/bin/../lib/gcc/mingw32/8.2.0/../../..\libmingwex.a(mbrtowc.o)
 .data          0x0040c02c        0x0 c:/program/mingw/bin/../lib/gcc/mingw32/8.2.0/../../..\libmingwex.a(wcrtomb.o)
 .data          0x0040c02c        0x0 c:/program/mingw/bin/../lib/gcc/mingw32/8.2.0/../../..\libmingwex.a(gdtoa.o)
 .data          0x0040c02c        0x0 c:/program/mingw/bin/../lib/gcc/mingw32/8.2.0/../../..\libmingwex.a(gmisc.o)
 .data          0x0040c02c        0x0 c:/program/mingw/bin/../lib/gcc/mingw32/8.2.0/../../..\libmingwex.a(dmisc.o)
 .data          0x0040c02c        0x4 c:/program/mingw/bin/../lib/gcc/mingw32/8.2.0/../../..\libmingwex.a(misc.o)
 .data          0x0040c030        0x0 c:/program/mingw/bin/../lib/gcc/mingw32/8.2.0/../../..\libmsvcrt.a(dxnls01320.o)
 .data          0x0040c030        0x0 c:/program/mingw/bin/../lib/gcc/mingw32/8.2.0/../../..\libmsvcrt.a(dxnls01303.o)
 .data          0x0040c030        0x0 c:/program/mingw/bin/../lib/gcc/mingw32/8.2.0/../../..\libmsvcrt.a(dxnls01279.o)
 .data          0x0040c030        0x0 c:/program/mingw/bin/../lib/gcc/mingw32/8.2.0/../../..\libmsvcrt.a(dxnls01272.o)
 .data          0x0040c030        0x0 c:/program/mingw/bin/../lib/gcc/mingw32/8.2.0/../../..\libmsvcrt.a(dxnls01267.o)
 .data          0x0040c030        0x0 c:/program/mingw/bin/../lib/gcc/mingw32/8.2.0/../../..\libmsvcrt.a(dxnls01244.o)
 .data          0x0040c030        0x0 c:/program/mingw/bin/../lib/gcc/mingw32/8.2.0/../../..\libmsvcrt.a(dxnls01237.o)
 .data          0x0040c030        0x0 c:/program/mingw/bin/../lib/gcc/mingw32/8.2.0/../../..\libmsvcrt.a(dxnls01235.o)
 .data          0x0040c030        0x0 c:/program/mingw/bin/../lib/gcc/mingw32/8.2.0/../../..\libmsvcrt.a(dxnls01224.o)
 .data          0x0040c030        0x0 c:/program/mingw/bin/../lib/gcc/mingw32/8.2.0/../../..\libmsvcrt.a(dxnls01222.o)
 .data          0x0040c030        0x0 c:/program/mingw/bin/../lib/gcc/mingw32/8.2.0/../../..\libmsvcrt.a(dxnls01215.o)
 .data          0x0040c030        0x0 c:/program/mingw/bin/../lib/gcc/mingw32/8.2.0/../../..\libmsvcrt.a(dxnls01198.o)
 .data          0x0040c030        0x0 c:/program/mingw/bin/../lib/gcc/mingw32/8.2.0/../../..\libmsvcrt.a(dxnls01194.o)
 .data          0x0040c030        0x0 c:/program/mingw/bin/../lib/gcc/mingw32/8.2.0/../../..\libmsvcrt.a(dxnls01189.o)
 .data          0x0040c030        0x0 c:/program/mingw/bin/../lib/gcc/mingw32/8.2.0/../../..\libmsvcrt.a(dxnls01182.o)
 .data          0x0040c030        0x0 c:/program/mingw/bin/../lib/gcc/mingw32/8.2.0/../../..\libmsvcrt.a(dxnls01177.o)
 .data          0x0040c030        0x0 c:/program/mingw/bin/../lib/gcc/mingw32/8.2.0/../../..\libmsvcrt.a(dxnls01142.o)
 .data          0x0040c030        0x0 c:/program/mingw/bin/../lib/gcc/mingw32/8.2.0/../../..\libmsvcrt.a(dxnls01137.o)
 .data          0x0040c030        0x0 c:/program/mingw/bin/../lib/gcc/mingw32/8.2.0/../../..\libmsvcrt.a(dxnls01126.o)
 .data          0x0040c030        0x0 c:/program/mingw/bin/../lib/gcc/mingw32/8.2.0/../../..\libmsvcrt.a(dxnls01121.o)
 .data          0x0040c030        0x0 c:/program/mingw/bin/../lib/gcc/mingw32/8.2.0/../../..\libmsvcrt.a(dxnls01103.o)
 .data          0x0040c030        0x0 c:/program/mingw/bin/../lib/gcc/mingw32/8.2.0/../../..\libmsvcrt.a(dxnls01101.o)
 .data          0x0040c030        0x0 c:/program/mingw/bin/../lib/gcc/mingw32/8.2.0/../../..\libmsvcrt.a(dxnls01093.o)
 .data          0x0040c030        0x0 c:/program/mingw/bin/../lib/gcc/mingw32/8.2.0/../../..\libmsvcrt.a(dxnls01088.o)
 .data          0x0040c030        0x0 c:/program/mingw/bin/../lib/gcc/mingw32/8.2.0/../../..\libmsvcrt.a(dxnls01086.o)
 .data          0x0040c030        0x0 c:/program/mingw/bin/../lib/gcc/mingw32/8.2.0/../../..\libmsvcrt.a(dxnls01078.o)
 .data          0x0040c030        0x0 c:/program/mingw/bin/../lib/gcc/mingw32/8.2.0/../../..\libmsvcrt.a(dxnls00748.o)
 .data          0x0040c030        0x0 c:/program/mingw/bin/../lib/gcc/mingw32/8.2.0/../../..\libmsvcrt.a(dxnls00693.o)
 .data          0x0040c030        0x0 c:/program/mingw/bin/../lib/gcc/mingw32/8.2.0/../../..\libmsvcrt.a(dxnls00684.o)
 .data          0x0040c030        0x0 c:/program/mingw/bin/../lib/gcc/mingw32/8.2.0/../../..\libmsvcrt.a(dxnls00417.o)
 .data          0x0040c030        0x0 c:/program/mingw/bin/../lib/gcc/mingw32/8.2.0/../../..\libmsvcrt.a(dxnls00412.o)
 .data          0x0040c030        0x0 c:/program/mingw/bin/../lib/gcc/mingw32/8.2.0/../../..\libmsvcrt.a(dxnls00345.o)
 .data          0x0040c030        0x0 c:/program/mingw/bin/../lib/gcc/mingw32/8.2.0/../../..\libmsvcrt.a(dxnls00319.o)
 .data          0x0040c030        0x0 c:/program/mingw/bin/../lib/gcc/mingw32/8.2.0/../../..\libmsvcrt.a(dxnls00280.o)
 .data          0x0040c030        0x0 c:/program/mingw/bin/../lib/gcc/mingw32/8.2.0/../../..\libmsvcrt.a(dxnls00214.o)
 .data          0x0040c030        0x0 c:/program/mingw/bin/../lib/gcc/mingw32/8.2.0/../../..\libmsvcrt.a(dxnls00153.o)
 .data          0x0040c030        0x0 c:/program/mingw/bin/../lib/gcc/mingw32/8.2.0/../../..\libmsvcrt.a(dxnls00133.o)
 .data          0x0040c030        0x0 c:/program/mingw/bin/../lib/gcc/mingw32/8.2.0/../../..\libmsvcrt.a(dxnls00131.o)
 .data          0x0040c030        0x0 c:/program/mingw/bin/../lib/gcc/mingw32/8.2.0/../../..\libmsvcrt.a(dxnls00119.o)
 .data          0x0040c030        0x0 c:/program/mingw/bin/../lib/gcc/mingw32/8.2.0/../../..\libmsvcrt.a(dxnls00088.o)
 .data          0x0040c030        0x0 c:/program/mingw/bin/../lib/gcc/mingw32/8.2.0/../../..\libmsvcrt.a(dxnlh.o)
 .data          0x0040c030        0x0 c:/program/mingw/bin/../lib/gcc/mingw32/8.2.0/../../..\libmsvcrt.a(dxnlt.o)
 .data          0x0040c030        0x0 c:/program/mingw/bin/../lib/gcc/mingw32/8.2.0/../../..\libkernel32.a(dimos01238.o)
 .data          0x0040c030        0x0 c:/program/mingw/bin/../lib/gcc/mingw32/8.2.0/../../..\libkernel32.a(dimos01206.o)
 .data          0x0040c030        0x0 c:/program/mingw/bin/../lib/gcc/mingw32/8.2.0/../../..\libkernel32.a(dimos01204.o)
 .data          0x0040c030        0x0 c:/program/mingw/bin/../lib/gcc/mingw32/8.2.0/../../..\libkernel32.a(dimos01164.o)
 .data          0x0040c030        0x0 c:/program/mingw/bin/../lib/gcc/mingw32/8.2.0/../../..\libkernel32.a(dimos01143.o)
 .data          0x0040c030        0x0 c:/program/mingw/bin/../lib/gcc/mingw32/8.2.0/../../..\libkernel32.a(dimos01131.o)
 .data          0x0040c030        0x0 c:/program/mingw/bin/../lib/gcc/mingw32/8.2.0/../../..\libkernel32.a(dimos00860.o)
 .data          0x0040c030        0x0 c:/program/mingw/bin/../lib/gcc/mingw32/8.2.0/../../..\libkernel32.a(dimos00817.o)
 .data          0x0040c030        0x0 c:/program/mingw/bin/../lib/gcc/mingw32/8.2.0/../../..\libkernel32.a(dimos00814.o)
 .data          0x0040c030        0x0 c:/program/mingw/bin/../lib/gcc/mingw32/8.2.0/../../..\libkernel32.a(dimos00763.o)
 .data          0x0040c030        0x0 c:/program/mingw/bin/../lib/gcc/mingw32/8.2.0/../../..\libkernel32.a(dimos00744.o)
 .data          0x0040c030        0x0 c:/program/mingw/bin/../lib/gcc/mingw32/8.2.0/../../..\libkernel32.a(dimos00734.o)
 .data          0x0040c030        0x0 c:/program/mingw/bin/../lib/gcc/mingw32/8.2.0/../../..\libkernel32.a(dimos00577.o)
 .data          0x0040c030        0x0 c:/program/mingw/bin/../lib/gcc/mingw32/8.2.0/../../..\libkernel32.a(dimos00529.o)
 .data          0x0040c030        0x0 c:/program/mingw/bin/../lib/gcc/mingw32/8.2.0/../../..\libkernel32.a(dimos00510.o)
 .data          0x0040c030        0x0 c:/program/mingw/bin/../lib/gcc/mingw32/8.2.0/../../..\libkernel32.a(dimos00388.o)
 .data          0x0040c030        0x0 c:/program/mingw/bin/../lib/gcc/mingw32/8.2.0/../../..\libkernel32.a(dimos00352.o)
 .data          0x0040c030        0x0 c:/program/mingw/bin/../lib/gcc/mingw32/8.2.0/../../..\libkernel32.a(dimos00321.o)
 .data          0x0040c030        0x0 c:/program/mingw/bin/../lib/gcc/mingw32/8.2.0/../../..\libkernel32.a(dimos00304.o)
 .data          0x0040c030        0x0 c:/program/mingw/bin/../lib/gcc/mingw32/8.2.0/../../..\libkernel32.a(dimos00300.o)
 .data          0x0040c030        0x0 c:/program/mingw/bin/../lib/gcc/mingw32/8.2.0/../../..\libkernel32.a(dimos00279.o)
 .data          0x0040c030        0x0 c:/program/mingw/bin/../lib/gcc/mingw32/8.2.0/../../..\libkernel32.a(dimos00236.o)
 .data          0x0040c030        0x0 c:/program/mingw/bin/../lib/gcc/mingw32/8.2.0/../../..\libkernel32.a(dimos00207.o)
 .data          0x0040c030        0x0 c:/program/mingw/bin/../lib/gcc/mingw32/8.2.0/../../..\libkernel32.a(dimoh.o)
 .data          0x0040c030        0x0 c:/program/mingw/bin/../lib/gcc/mingw32/8.2.0/../../..\libkernel32.a(dimot.o)
 .data          0x0040c030        0x0 c:/program/mingw/bin/../lib/gcc/mingw32/8.2.0\libgcc.a(_udivdi3.o)
 .data          0x0040c030        0x0 c:/program/mingw/bin/../lib/gcc/mingw32/8.2.0\libgcc.a(_umoddi3.o)
 .data          0x0040c030        0x0 c:/program/mingw/bin/../lib/gcc/mingw32/8.2.0/../../..\libmoldname.a(dmhks00082.o)
 .data          0x0040c030        0x0 c:/program/mingw/bin/../lib/gcc/mingw32/8.2.0/../../..\libmoldname.a(dmhks00080.o)
 .data          0x0040c030        0x0 c:/program/mingw/bin/../lib/gcc/mingw32/8.2.0/../../..\libmoldname.a(dmhkh.o)
 .data          0x0040c030        0x0 c:/program/mingw/bin/../lib/gcc/mingw32/8.2.0/../../..\libmoldname.a(dmhkt.o)
 .data          0x0040c030        0x0 c:/program/mingw/bin/../lib/gcc/mingw32/8.2.0/crtend.o
 *(.data2)
 *(SORT_BY_NAME(.data$*))
 *(.jcr)
                0x0040c030                __data_end__ = .
 *(.data_cygwin_nocopy)

.rdata          0x0040d000      0xe00
 *(.rdata)
 .rdata         0x0040d000       0x44 c:/program/mingw/bin/../lib/gcc/mingw32/8.2.0/crtbegin.o
 *fill*         0x0040d044        0xc 
 .rdata         0x0040d050      0x3d0 C:\Users\president\Desktop\sbx\output\os_base\obj_x86_test\os_ram_stack_test.o
 .rdata         0x0040d420      0x178 c:/program/mingw/bin/../lib/gcc/mingw32/8.2.0/../../..\libmingw32.a(setargv.o)
 .rdata         0x0040d598        0x4 c:/program/mingw/bin/../lib/gcc/mingw32/8.2.0/../../..\libmingw32.a(tlssup.o)
                0x0040d598                __dyn_tls_init_callback
 .rdata         0x0040d59c       0xac c:/program/mingw/bin/../lib/gcc/mingw32/8.2.0/../../..\libmingw32.a(pseudo-reloc.o)
 .rdata         0x0040d648       0x14 c:/program/mingw/bin/../lib/gcc/mingw32/8.2.0/../../..\libmingwex.a(glob.o)
 .rdata         0x0040d65c        0x8 c:/program/mingw/bin/../lib/gcc/mingw32/8.2.0/../../..\libmingwex.a(dirname.o)
 .rdata         0x0040d664      0x290 c:/program/mingw/bin/../lib/gcc/mingw32/8.2.0/../../..\libmingwex.a(pformat.o)
 *fill*         0x0040d8f4        0x4 
 .rdata         0x0040d8f8       0x68 c:/program/mingw/bin/../lib/gcc/mingw32/8.2.0/../../..\libmingwex.a(gdtoa.o)
 .rdata         0x0040d960      0x160 c:/program/mingw/bin/../lib/gcc/mingw32/8.2.0/../../..\libmingwex.a(misc.o)
                0x0040d980                __tens_D2A
                0x0040da40                __tinytens_D2A
                0x0040da80                __bigtens_D2A
 *(SORT_BY_NAME(.rdata$*))
 .rdata$zzz     0x0040dac0       0x14 c:/program/mingw/bin/../lib/gcc/mingw32/8.2.0/../../../crt2.o
 .rdata$zzz     0x0040dad4       0x14 c:/program/mingw/bin/../lib/gcc/mingw32/8.2.0/crtbegin.o
 .rdata$zzz     0x0040dae8       0x24 C:\Users\president\Desktop\sbx\output\os_base\obj_x86_test\os_ram_stack_test.o
 .rdata$zzz     0x0040db0c       0x14 c:/program/mingw/bin/../lib/gcc/mingw32/8.2.0/../../..\libmingw32.a(CRTglob.o)
 .rdata$zzz     0x0040db20       0x14 c:/program/mingw/bin/../lib/gcc/mingw32/8.2.0/../../..\libmingw32.a(setargv.o)
 .rdata$zzz     0x0040db34       0x14 c:/program/mingw/bin/../lib/gcc/mingw32/8.2.0/../../..\libmingw32.a(CRTfmode.o)
 .rdata$zzz     0x0040db48       0x14 c:/program/mingw/bin/../lib/gcc/mingw32/8.2.0/../../..\libmingw32.a(CRT_fp10.o)
 .rdata$zzz     0x0040db5c       0x14 c:/program/mingw/bin/../lib/gcc/mingw32/8.2.0/../../..\libmingw32.a(txtmode.o)
 .rdata$zzz     0x0040db70       0x14 c:/program/mingw/bin/../lib/gcc/mingw32/8.2.0/../../..\libmingw32.a(gccmain.o)
 .rdata$zzz     0x0040db84       0x14 c:/program/mingw/bin/../lib/gcc/mingw32/8.2.0/../../..\libmingw32.a(tlssup.o)
 .rdata$zzz     0x0040db98       0x14 c:/program/mingw/bin/../lib/gcc/mingw32/8.2.0/../../..\libmingw32.a(tlsthrd.o)
 .rdata$zzz     0x0040dbac       0x14 c:/program/mingw/bin/../lib/gcc/mingw32/8.2.0/../../..\libmingw32.a(pseudo-reloc.o)
 .rdata$zzz     0x0040dbc0       0x14 c:/program/mingw/bin/../lib/gcc/mingw32/8.2.0/../../..\libmingw32.a(pseudo-reloc-list.o)
 .rdata$zzz     0x0040dbd4       0x14 c:/program/mingw/bin/../lib/gcc/mingw32/8.2.0/../../..\libmingw32.a(crtst.o)
 .rdata$zzz     0x0040dbe8       0x14 c:/program/mingw/bin/../lib/gcc/mingw32/8.2.0\libgcc.a(_ctors.o)
 .rdata$zzz     0x0040dbfc       0x14 c:/program/mingw/bin/../lib/gcc/mingw32/8.2.0/../../..\libmingwex.a(fesetenv.o)
 .rdata$zzz     0x0040dc10       0x14 c:/program/mingw/bin/../lib/gcc/mingw32/8.2.0/../../..\libmingwex.a(vfprintf.o)
 .rdata$zzz     0x0040dc24       0x14 c:/program/mingw/bin/../lib/gcc/mingw32/8.2.0/../../..\libmingwex.a(glob.o)
 .rdata$zzz     0x0040dc38       0x14 c:/program/mingw/bin/../lib/gcc/mingw32/8.2.0/../../..\libmingwex.a(dirname.o)
 .rdata$zzz     0x0040dc4c       0x14 c:/program/mingw/bin/../lib/gcc/mingw32/8.2.0/../../..\libmingwex.a(dirent.o)
 .rdata$zzz     0x0040dc60       0x14 c:/program/mingw/bin/../lib/gcc/mingw32/8.2.0/../../..\libmingwex.a(pformat.o)
 .rdata$zzz     0x0040dc74       0x14 c:/program/mingw/bin/../lib/gcc/mingw32/8.2.0/../../..\libmingwex.a(varofmt.o)
 .rdata$zzz     0x0040dc88       0x14 c:/program/mingw/bin/../lib/gcc/mingw32/8.2.0/../../..\libmingwex.a(mbrtowc.o)
 .rdata$zzz     0x0040dc9c       0x14 c:/program/mingw/bin/../lib/gcc/mingw32/8.2.0/../../..\libmingwex.a(wcrtomb.o)
 .rdata$zzz     0x0040dcb0       0x14 c:/program/mingw/bin/../lib/gcc/mingw32/8.2.0/../../..\libmingwex.a(gdtoa.o)
 .rdata$zzz     0x0040dcc4       0x14 c:/program/mingw/bin/../lib/gcc/mingw32/8.2.0/../../..\libmingwex.a(gmisc.o)
 .rdata$zzz     0x0040dcd8       0x14 c:/program/mingw/bin/../lib/gcc/mingw32/8.2.0/../../..\libmingwex.a(dmisc.o)
 .rdata$zzz     0x0040dcec       0x14 c:/program/mingw/bin/../lib/gcc/mingw32/8.2.0/../../..\libmingwex.a(misc.o)
 .rdata$zzz     0x0040dd00       0x14 c:/program/mingw/bin/../lib/gcc/mingw32/8.2.0\libgcc.a(_udivdi3.o)
 .rdata$zzz     0x0040dd14       0x14 c:/program/mingw/bin/../lib/gcc/mingw32/8.2.0\libgcc.a(_umoddi3.o)
 .rdata$zzz     0x0040dd28       0x14 c:/program/mingw/bin/../lib/gcc/mingw32/8.2.0/crtend.o
                0x0040dd3c                . = ALIGN (0x4)
                0x0040dd3c                __rt_psrelocs_start = .
 *(.rdata_runtime_pseudo_reloc)
                0x0040dd3c                __rt_psrelocs_end = .
                0x00000000                __rt_psrelocs_size = (__rt_psrelocs_end - __rt_psrelocs_start)
                0x0040dd3c                ___RUNTIME_PSEUDO_RELOC_LIST_END__ = .
                0x0040dd3c                __RUNTIME_PSEUDO_RELOC_LIST_END__ = .
                0x0040dd3c                ___RUNTIME_PSEUDO_RELOC_LIST__ = (. - __rt_psrelocs_size)
                0x0040dd3c                __RUNTIME_PSEUDO_RELOC_LIST__ = (. - __rt_psrelocs_size)

.eh_frame       0x0040e000     0x1a00
 *(.eh_frame*)
 .eh_frame      0x0040e000       0xb8 c:/program/mingw/bin/../lib/gcc/mingw32/8.2.0/../../../crt2.o
 .eh_frame      0x0040e0b8       0x64 c:/program/mingw/bin/../lib/gcc/mingw32/8.2.0/crtbegin.o
                0x0040e0b8                __EH_FRAME_BEGIN__
 .eh_frame      0x0040e11c       0xec C:\Users\president\Desktop\sbx\output\os_base\obj_x86_test\os_ram_stack_test.o
 .eh_frame      0x0040e208       0x58 c:/program/mingw/bin/../lib/gcc/mingw32/8.2.0/../../..\libmingw32.a(setargv.o)
 .eh_frame      0x0040e260       0x40 c:/program/mingw/bin/../lib/gcc/mingw32/8.2.0/../../..\libmingw32.a(cpu_features.o)
 .eh_frame      0x0040e2a0       0x68 c:/program/mingw/bin/../lib/gcc/mingw32/8.2.0/../../..\libmingw32.a(gccmain.o)
 .eh_frame      0x0040e308       0x94 c:/program/mingw/bin/../lib/gcc/mingw32/8.2.0/../../..\libmingw32.a(tlssup.o)
 .eh_frame      0x0040e39c      0x110 c:/program/mingw/bin/../lib/gcc/mingw32/8.2.0/../../..\libmingw32.a(tlsthrd.o)
 .eh_frame      0x0040e4ac       0xf8 c:/program/mingw/bin/../lib/gcc/mingw32/8.2.0/../../..\libmingw32.a(pseudo-reloc.o)
 .eh_frame      0x0040e5a4       0x34 c:/program/mingw/bin/../lib/gcc/mingw32/8.2.0/../../..\libmingwex.a(fesetenv.o)
 .eh_frame      0x0040e5d8       0x30 c:/program/mingw/bin/../lib/gcc/mingw32/8.2.0/../../..\libmingwex.a(vfprintf.o)
 .eh_frame      0x0040e608      0x244 c:/program/mingw/bin/../lib/gcc/mingw32/8.2.0/../../..\libmingwex.a(glob.o)
 .eh_frame      0x0040e84c       0x48 c:/program/mingw/bin/../lib/gcc/mingw32/8.2.0/../../..\libmingwex.a(dirname.o)
 .eh_frame      0x0040e894      0x1d8 c:/program/mingw/bin/../lib/gcc/mingw32/8.2.0/../../..\libmingwex.a(dirent.o)
 .eh_frame      0x0040ea6c      0x514 c:/program/mingw/bin/../lib/gcc/mingw32/8.2.0/../../..\libmingwex.a(pformat.o)
 .eh_frame      0x0040ef80      0x144 c:/program/mingw/bin/../lib/gcc/mingw32/8.2.0/../../..\libmingwex.a(mbrtowc.o)
 .eh_frame      0x0040f0c4       0xf8 c:/program/mingw/bin/../lib/gcc/mingw32/8.2.0/../../..\libmingwex.a(wcrtomb.o)
 .eh_frame      0x0040f1bc       0x9c c:/program/mingw/bin/../lib/gcc/mingw32/8.2.0/../../..\libmingwex.a(gdtoa.o)
 .eh_frame      0x0040f258       0x98 c:/program/mingw/bin/../lib/gcc/mingw32/8.2.0/../../..\libmingwex.a(gmisc.o)
 .eh_frame      0x0040f2f0       0xc4 c:/program/mingw/bin/../lib/gcc/mingw32/8.2.0/../../..\libmingwex.a(dmisc.o)
 .eh_frame      0x0040f3b4      0x370 c:/program/mingw/bin/../lib/gcc/mingw32/8.2.0/../../..\libmingwex.a(misc.o)
 .eh_frame      0x0040f724       0x84 c:/program/mingw/bin/../lib/gcc/mingw32/8.2.0\libgcc.a(_udivdi3.o)
 .eh_frame      0x0040f7a8       0x9c c:/program/mingw/bin/../lib/gcc/mingw32/8.2.0\libgcc.a(_umoddi3.o)
 .eh_frame      0x0040f844       0x30 c:/program/mingw/bin/../lib/gcc/mingw32/8.2.0/crtend.o

.pdata
 *(.pdata*)

.bss            0x00410000      0xa84
                0x00410000                __bss_start__ = .
 *(.bss)
 .bss           0x00410000        0x8 c:/program/mingw/bin/../lib/gcc/mingw32/8.2.0/../../../crt2.o
                0x00410000                _argv
                0x00410004                _argc
 .bss           0x00410008       0x18 c:/program/mingw/bin/../lib/gcc/mingw32/8.2.0/crtbegin.o
 .bss           0x00410020       0x60 C:\Users\president\Desktop\sbx\output\os_base\obj_x86_test\os_ram_stack_test.o
 .bss           0x00410080        0x0 c:/program/mingw/bin/../lib/gcc/mingw32/8.2.0/../../..\libmingw32.a(CRTglob.o)
 .bss           0x00410080        0x0 c:/program/mingw/bin/../lib/gcc/mingw32/8.2.0/../../..\libmingw32.a(setargv.o)
 .bss           0x00410080        0x4 c:/program/mingw/bin/../lib/gcc/mingw32/8.2.0/../../..\libmingw32.a(CRTfmode.o)
                0x00410080                _CRT_fmode
 .bss           0x00410084        0x4 c:/program/mingw/bin/../lib/gcc/mingw32/8.2.0/../../..\libmingw32.a(cpu_features.o)
                0x00410084                __cpu_features
 .bss           0x00410088        0x0 c:/program/mingw/bin/../lib/gcc/mingw32/8.2.0/../../..\libmingw32.a(CRT_fp10.o)
 .bss           0x00410088        0x0 c:/program/mingw/bin/../lib/gcc/mingw32/8.2.0/../../..\libmingw32.a(txtmode.o)
 .bss           0x00410088        0x4 c:/program/mingw/bin/../lib/gcc/mingw32/8.2.0/../../..\libmingw32.a(gccmain.o)
 .bss           0x0041008c       0x10 c:/program/mingw/bin/../lib/gcc/mingw32/8.2.0/../../..\libmingw32.a(tlssup.o)
                0x0041008c                mingw_initltssuo_force
                0x00410090                mingw_initltsdyn_force
                0x00410094                mingw_initltsdrot_force
                0x00410098                _tls_index
 .bss           0x0041009c       0x20 c:/program/mingw/bin/../lib/gcc/mingw32/8.2.0/../../..\libmingw32.a(tlsthrd.o)
 .bss           0x004100bc        0x4 c:/program/mingw/bin/../lib/gcc/mingw32/8.2.0/../../..\libmingw32.a(pseudo-reloc.o)
 .bss           0x004100c0        0x4 c:/program/mingw/bin/../lib/gcc/mingw32/8.2.0/../../..\libmingw32.a(pseudo-reloc-list.o)
 .bss           0x004100c4        0x4 c:/program/mingw/bin/../lib/gcc/mingw32/8.2.0/../../..\libmingw32.a(crtst.o)
                0x004100c4                _CRT_MT
 .bss           0x004100c8        0x0 c:/program/mingw/bin/../lib/gcc/mingw32/8.2.0\libgcc.a(_chkstk_ms.o)
 .bss           0x004100c8        0x0 c:/program/mingw/bin/../lib/gcc/mingw32/8.2.0\libgcc.a(_ctors.o)
 .bss           0x004100c8        0x0 c:/program/mingw/bin/../lib/gcc/mingw32/8.2.0/../../..\libmingwex.a(fesetenv.o)
 .bss           0x004100c8        0x0 c:/program/mingw/bin/../lib/gcc/mingw32/8.2.0/../../..\libmingwex.a(vfprintf.o)
 .bss           0x004100c8        0x0 c:/program/mingw/bin/../lib/gcc/mingw32/8.2.0/../../..\libmingwex.a(glob.o)
 .bss           0x004100c8        0x4 c:/program/mingw/bin/../lib/gcc/mingw32/8.2.0/../../..\libmingwex.a(dirname.o)
 .bss           0x004100cc        0x0 c:/program/mingw/bin/../lib/gcc/mingw32/8.2.0/../../..\libmingwex.a(dirent.o)
 .bss           0x004100cc        0x0 c:/program/mingw/bin/../lib/gcc/mingw32/8.2.0/../../..\libmingwex.a(pformat.o)
 .bss           0x004100cc        0x4 c:/program/mingw/bin/../lib/gcc/mingw32/8.2.0/../../..\libmingwex.a(varofmt.o)
                0x004100cc                __mingw_output_format_flags
 .bss           0x004100d0        0xc c:/program/mingw/bin/../lib/gcc/mingw32/8.2.0/../../..\libmingwex.a(mbrtowc.o)
 .bss           0x004100dc        0x0 c:/program/mingw/bin/../lib/gcc/mingw32/8.2.0/../../..\libmingwex.a(wcrtomb.o)
 .bss           0x004100dc        0x0 c:/program/mingw/bin/../lib/gcc/mingw32/8.2.0/../../..\libmingwex.a(gdtoa.o)
 .bss           0x004100dc        0x0 c:/program/mingw/bin/../lib/gcc/mingw32/8.2.0/../../..\libmingwex.a(gmisc.o)
 .bss           0x004100dc        0x0 c:/program/mingw/bin/../lib/gcc/mingw32/8.2.0/../../..\libmingwex.a(dmisc.o)
 *fill*         0x004100dc        0x4 
 .bss           0x004100e0      0x9a0 c:/program/mingw/bin/../lib/gcc/mingw32/8.2.0/../../..\libmingwex.a(misc.o)
 .bss           0x00410a80        0x0 c:/program/mingw/bin/../lib/gcc/mingw32/8.2.0/../../..\libmsvcrt.a(dxnls01320.o)
 .bss           0x00410a80        0x0 c:/program/mingw/bin/../lib/gcc/mingw32/8.2.0/../../..\libmsvcrt.a(dxnls01303.o)
 .bss           0x00410a80        0x0 c:/program/mingw/bin/../lib/gcc/mingw32/8.2.0/../../..\libmsvcrt.a(dxnls01279.o)
 .bss           0x00410a80        0x0 c:/program/mingw/bin/../lib/gcc/mingw32/8.2.0/../../..\libmsvcrt.a(dxnls01272.o)
 .bss           0x00410a80        0x0 c:/program/mingw/bin/../lib/gcc/mingw32/8.2.0/../../..\libmsvcrt.a(dxnls01267.o)
 .bss           0x00410a80        0x0 c:/program/mingw/bin/../lib/gcc/mingw32/8.2.0/../../..\libmsvcrt.a(dxnls01244.o)
 .bss           0x00410a80        0x0 c:/program/mingw/bin/../lib/gcc/mingw32/8.2.0/../../..\libmsvcrt.a(dxnls01237.o)
 .bss           0x00410a80        0x0 c:/program/mingw/bin/../lib/gcc/mingw32/8.2.0/../../..\libmsvcrt.a(dxnls01235.o)
 .bss           0x00410a80        0x0 c:/program/mingw/bin/../lib/gcc/mingw32/8.2.0/../../..\libmsvcrt.a(dxnls01224.o)
 .bss           0x00410a80        0x0 c:/program/mingw/bin/../lib/gcc/mingw32/8.2.0/../../..\libmsvcrt.a(dxnls01222.o)
 .bss           0x00410a80        0x0 c:/program/mingw/bin/../lib/gcc/mingw32/8.2.0/../../..\libmsvcrt.a(dxnls01215.o)
 .bss           0x00410a80        0x0 c:/program/mingw/bin/../lib/gcc/mingw32/8.2.0/../../..\libmsvcrt.a(dxnls01198.o)
 .bss           0x00410a80        0x0 c:/program/mingw/bin/../lib/gcc/mingw32/8.2.0/../../..\libmsvcrt.a(dxnls01194.o)
 .bss           0x00410a80        0x0 c:/program/mingw/bin/../lib/gcc/mingw32/8.2.0/../../..\libmsvcrt.a(dxnls01189.o)
 .bss           0x00410a80        0x0 c:/program/mingw/bin/../lib/gcc/mingw32/8.2.0/../../..\libmsvcrt.a(dxnls01182.o)
 .bss           0x00410a80        0x0 c:/program/mingw/bin/../lib/gcc/mingw32/8.2.0/../../..\libmsvcrt.a(dxnls01177.o)
 .bss           0x00410a80        0x0 c:/program/mingw/bin/../lib/gcc/mingw32/8.2.0/../../..\libmsvcrt.a(dxnls01142.o)
 .bss           0x00410a80        0x0 c:/program/mingw/bin/../lib/gcc/mingw32/8.2.0/../../..\libmsvcrt.a(dxnls01137.o)
 .bss           0x00410a80        0x0 c:/program/mingw/bin/../lib/gcc/mingw32/8.2.0/../../..\libmsvcrt.a(dxnls01126.o)
 .bss           0x00410a80        0x0 c:/program/mingw/bin/../lib/gcc/mingw32/8.2.0/../../..\libmsvcrt.a(dxnls01121.o)
 .bss           0x00410a80        0x0 c:/program/mingw/bin/../lib/gcc/mingw32/8.2.0/../../..\libmsvcrt.a(dxnls01103.o)
 .bss           0x00410a80        0x0 c:/program/mingw/bin/../lib/gcc/mingw32/8.2.0/../../..\libmsvcrt.a(dxnls01101.o)
 .bss           0x00410a80        0x0 c:/program/mingw/bin/../lib/gcc/mingw32/8.2.0/../../..\libmsvcrt.a(dxnls01093.o)
 .bss           0x00410a80        0x0 c:/program/mingw/bin/../lib/gcc/mingw32/8.2.0/../../..\libmsvcrt.a(dxnls01088.o)
 .bss           0x00410a80        0x0 c:/program/mingw/bin/../lib/gcc/mingw32/8.2.0/../../..\libmsvcrt.a(dxnls01086.o)
 .bss           0x00410a80        0x0 c:/program/mingw/bin/../lib/gcc/mingw32/8.2.0/../../..\libmsvcrt.a(dxnls01078.o)
 .bss           0x00410a80        0x0 c:/program/mingw/bin/../lib/gcc/mingw32/8.2.0/../../..\libmsvcrt.a(dxnls00748.o)
 .bss           0x00410a80        0x0 c:/program/mingw/bin/../lib/gcc/mingw32/8.2.0/../../..\libmsvcrt.a(dxnls00693.o)
 .bss           0x00410a80        0x0 c:/program/mingw/bin/../lib/gcc/mingw32/8.2.0/../../..\libmsvcrt.a(dxnls00684.o)
 .bss           0x00410a80        0x0 c:/program/mingw/bin/../lib/gcc/mingw32/8.2.0/../../..\libmsvcrt.a(dxnls00417.o)
 .bss           0x00410a80        0x0 c:/program/mingw/bin/../lib/gcc/mingw32/8.2.0/../../..\libmsvcrt.a(dxnls00412.o)
 .bss           0x00410a80        0x0 c:/program/mingw/bin/../lib/gcc/mingw32/8.2.0/../../..\libmsvcrt.a(dxnls00345.o)
 .bss           0x00410a80        0x0 c:/program/mingw/bin/../lib/gcc/mingw32/8.2.0/../../..\libmsvcrt.a(dxnls00319.o)
 .bss           0x00410a80        0x0 c:/program/mingw/bin/../lib/gcc/mingw32/8.2.0/../../..\libmsvcrt.a(dxnls00280.o)
 .bss           0x00410a80        0x0 c:/program/mingw/bin/../lib/gcc/mingw32/8.2.0/../../..\libmsvcrt.a(dxnls00214.o)
 .bss           0x00410a80        0x0 c:/program/mingw/bin/../lib/gcc/mingw32/8.2.0/../../..\libmsvcrt.a(dxnls00153.o)
 .bss           0x00410a80        0x0 c:/program/mingw/bin/../lib/gcc/mingw32/8.2.0/../../..\libmsvcrt.a(dxnls00133.o)
 .bss           0x00410a80        0x0 c:/program/mingw/bin/../lib/gcc/mingw32/8.2.0/../../..\libmsvcrt.a(dxnls00131.o)
 .bss           0x00410a80        0x0 c:/program/mingw/bin/../lib/gcc/mingw32/8.2.0/../../..\libmsvcrt.a(dxnls00119.o)
 .bss           0x00410a80        0x0 c:/program/mingw/bin/../lib/gcc/mingw32/8.2.0/../../..\libmsvcrt.a(dxnls00088.o)
 .bss           0x00410a80        0x0 c:/program/mingw/bin/../lib/gcc/mingw32/8.2.0/../../..\libmsvcrt.a(dxnlh.o)
 .bss           0x00410a80        0x0 c:/program/mingw/bin/../lib/gcc/mingw32/8.2.0/../../..\libmsvcrt.a(dxnlt.o)
 .bss           0x00410a80        0x0 c:/program/mingw/bin/../lib/gcc/mingw32/8.2.0/../../..\libkernel32.a(dimos01238.o)
 .bss           0x00410a80        0x0 c:/program/mingw/bin/../lib/gcc/mingw32/8.2.0/../../..\libkernel32.a(dimos01206.o)
 .bss           0x00410a80        0x0 c:/program/mingw/bin/../lib/gcc/mingw32/8.2.0/../../..\libkernel32.a(dimos01204.o)
 .bss           0x00410a80        0x0 c:/program/mingw/bin/../lib/gcc/mingw32/8.2.0/../../..\libkernel32.a(dimos01164.o)
 .bss           0x00410a80        0x0 c:/program/mingw/bin/../lib/gcc/mingw32/8.2.0/../../..\libkernel32.a(dimos01143.o)
 .bss           0x00410a80        0x0 c:/program/mingw/bin/../lib/gcc/mingw32/8.2.0/../../..\libkernel32.a(dimos01131.o)
 .bss           0x00410a80        0x0 c:/program/mingw/bin/../lib/gcc/mingw32/8.2.0/../../..\libkernel32.a(dimos00860.o)
 .bss           0x00410a80        0x0 c:/program/mingw/bin/../lib/gcc/mingw32/8.2.0/../../..\libkernel32.a(dimos00817.o)
 .bss           0x00410a80        0x0 c:/program/mingw/bin/../lib/gcc/mingw32/8.2.0/../../..\libkernel32.a(dimos00814.o)
 .bss           0x00410a80        0x0 c:/program/mingw/bin/../lib/gcc/mingw32/8.2.0/../../..\libkernel32.a(dimos00763.o)
 .bss           0x00410a80        0x0 c:/program/mingw/bin/../lib/gcc/mingw32/8.2.0/../../..\libkernel32.a(dimos00744.o)
 .bss           0x00410a80        0x0 c:/program/mingw/bin/../lib/gcc/mingw32/8.2.0/../../..\libkernel32.a(dimos00734.o)
 .bss           0x00410a80        0x0 c:/program/mingw/bin/../lib/gcc/mingw32/8.2.0/../../..\libkernel32.a(dimos00577.o)
 .bss           0x00410a80        0x0 c:/program/mingw/bin/../lib/gcc/mingw32/8.2.0/../../..\libkernel32.a(dimos00529.o)
 .bss           0x00410a80        0x0 c:/program/mingw/bin/../lib/gcc/mingw32/8.2.0/../../..\libkernel32.a(dimos00510.o)
 .bss           0x00410a80        0x0 c:/program/mingw/bin/../lib/gcc/mingw32/8.2.0/../../..\libkernel32.a(dimos00388.o)
 .bss           0x00410a80        0x0 c:/program/mingw/bin/../lib/gcc/mingw32/8.2.0/../../..\libkernel32.a(dimos00352.o)
 .bss           0x00410a80        0x0 c:/program/mingw/bin/../lib/gcc/mingw32/8.2.0/../../..\libkernel32.a(dimos00321.o)
 .bss           0x00410a80        0x0 c:/program/mingw/bin/../lib/gcc/mingw32/8.2.0/../../..\libkernel32.a(dimos00304.o)
 .bss           0x00410a80        0x0 c:/program/mingw/bin/../lib/gcc/mingw32/8.2.0/../../..\libkernel32.a(dimos00300.o)
 .bss           0x00410a80        0x0 c:/program/mingw/bin/../lib/gcc/mingw32/8.2.0/../../..\libkernel32.a(dimos00279.o)
 .bss           0x00410a80        0x0 c:/program/mingw/bin/../lib/gcc/mingw32/8.2.0/../../..\libkernel32.a(dimos00236.o)
 .bss           0x00410a80        0x0 c:/program/mingw/bin/../lib/gcc/mingw32/8.2.0/../../..\libkernel32.a(dimos00207.o)
 .bss           0x00410a80        0x0 c:/program/mingw/bin/../lib/gcc/mingw32/8.2.0/../../..\libkernel32.a(dimoh.o)
 .bss           0x00410a80        0x0 c:/program/mingw/bin/../lib/gcc/mingw32/8.2.0/../../..\libkernel32.a(dimot.o)
 .bss           0x00410a80        0x0 c:/program/mingw/bin/../lib/gcc/mingw32/8.2.0\libgcc.a(_udivdi3.o)
 .bss           0x00410a80        0x0 c:/program/mingw/bin/../lib/gcc/mingw32/8.2.0\libgcc.a(_umoddi3.o)
 .bss           0x00410a80        0x0 c:/program/mingw/bin/../lib/gcc/mingw32/8.2.0/../../..\libmoldname.a(dmhks00082.o)
 .bss           0x00410a80        0x0 c:/program/mingw/bin/../lib/gcc/mingw32/8.2.0/../../..\libmoldname.a(dmhks00080.o)
 .bss           0x00410a80        0x0 c:/program/mingw/bin/../lib/gcc/mingw32/8.2.0/../../..\libmoldname.a(dmhkh.o)
 .bss           0x00410a80        0x0 c:/program/mingw/bin/../lib/gcc/mingw32/8.2.0/../../..\libmoldname.a(dmhkt.o)
 .bss           0x00410a80        0x0 c:/program/mingw/bin/../lib/gcc/mingw32/8.2.0/crtend.o
 *(COMMON)
 COMMON         0x00410a80        0x4 c:/program/mingw/bin/../lib/gcc/mingw32/8.2.0/crtbegin.o
                0x00410a80                hmod_libgcc
 COMMON         0x00410a84        0x0 c:/program/mingw/bin/../lib/gcc/mingw32/8.2.0\libgcc.a(_ctors.o)
                0x00410a84                __bss_end__ = .

.edata
 *(.edata)

/DISCARD/
 *(.debug$S)
 *(.debug$T)
 *(.debug$F)
 *(.drectve)
 *(.note.GNU-stack)
 *(.gnu.lto_*)

.idata          0x00411000      0x800
 SORT_BY_NAME(*)(.idata$2)
 .idata$2       0x00411000       0x14 c:/program/mingw/bin/../lib/gcc/mingw32/8.2.0/../../..\libkernel32.a(dimoh.o)
                0x00411000                _head_libkernel32_a
 .idata$2       0x00411014       0x14 c:/program/mingw/bin/../lib/gcc/mingw32/8.2.0/../../..\libmoldname.a(dmhkh.o)
                0x00411014                _head_libmoldname_a
 .idata$2       0x00411028       0x14 c:/program/mingw/bin/../lib/gcc/mingw32/8.2.0/../../..\libmsvcrt.a(dxnlh.o)
                0x00411028                _head_libmsvcrt_a
 SORT_BY_NAME(*)(.idata$3)
                0x0041103c        0x4 LONG 0x0
                0x00411040        0x4 LONG 0x0
                0x00411044        0x4 LONG 0x0
                0x00411048        0x4 LONG 0x0
                0x0041104c        0x4 LONG 0x0
 SORT_BY_NAME(*)(.idata$4)
 .idata$4       0x00411050        0x0 c:/program/mingw/bin/../lib/gcc/mingw32/8.2.0/../../..\libkernel32.a(dimoh.o)
 .idata$4       0x00411050        0x4 c:/program/mingw/bin/../lib/gcc/mingw32/8.2.0/../../..\libkernel32.a(dimos00207.o)
 .idata$4       0x00411054        0x4 c:/program/mingw/bin/../lib/gcc/mingw32/8.2.0/../../..\libkernel32.a(dimos00236.o)
 .idata$4       0x00411058        0x4 c:/program/mingw/bin/../lib/gcc/mingw32/8.2.0/../../..\libkernel32.a(dimos00279.o)
 .idata$4       0x0041105c        0x4 c:/program/mingw/bin/../lib/gcc/mingw32/8.2.0/../../..\libkernel32.a(dimos00300.o)
 .idata$4       0x00411060        0x4 c:/program/mingw/bin/../lib/gcc/mingw32/8.2.0/../../..\libkernel32.a(dimos00304.o)
 .idata$4       0x00411064        0x4 c:/program/mingw/bin/../lib/gcc/mingw32/8.2.0/../../..\libkernel32.a(dimos00321.o)
 .idata$4       0x00411068        0x4 c:/program/mingw/bin/../lib/gcc/mingw32/8.2.0/../../..\libkernel32.a(dimos00352.o)
 .idata$4       0x0041106c        0x4 c:/program/mingw/bin/../lib/gcc/mingw32/8.2.0/../../..\libkernel32.a(dimos00388.o)
 .idata$4       0x00411070        0x4 c:/program/mingw/bin/../lib/gcc/mingw32/8.2.0/../../..\libkernel32.a(dimos00510.o)
 .idata$4       0x00411074        0x4 c:/program/mingw/bin/../lib/gcc/mingw32/8.2.0/../../..\libkernel32.a(dimos00529.o)
 .idata$4       0x00411078        0x4 c:/program/mingw/bin/../lib/gcc/mingw32/8.2.0/../../..\libkernel32.a(dimos00577.o)
 .idata$4       0x0041107c        0x4 c:/program/mingw/bin/../lib/gcc/mingw32/8.2.0/../../..\libkernel32.a(dimos00734.o)
 .idata$4       0x00411080        0x4 c:/program/mingw/bin/../lib/gcc/mingw32/8.2.0/../../..\libkernel32.a(dimos00744.o)
 .idata$4       0x00411084        0x4 c:/program/mingw/bin/../lib/gcc/mingw32/8.2.0/../../..\libkernel32.a(dimos00763.o)
 .idata$4       0x00411088        0x4 c:/program/mingw/bin/../lib/gcc/mingw32/8.2.0/../../..\libkernel32.a(dimos00814.o)
 .idata$4       0x0041108c        0x4 c:/program/mingw/bin/../lib/gcc/mingw32/8.2.0/../../..\libkernel32.a(dimos00817.o)
 .idata$4       0x00411090        0x4 c:/program/mingw/bin/../lib/gcc/mingw32/8.2.0/../../..\libkernel32.a(dimos00860.o)
 .idata$4       0x00411094        0x4 c:/program/mingw/bin/../lib/gcc/mingw32/8.2.0/../../..\libkernel32.a(dimos01131.o)
 .idata$4       0x00411098        0x4 c:/program/mingw/bin/../lib/gcc/mingw32/8.2.0/../../..\libkernel32.a(dimos01143.o)
 .idata$4       0x0041109c        0x4 c:/program/mingw/bin/../lib/gcc/mingw32/8.2.0/../../..\libkernel32.a(dimos01164.o)
 .idata$4       0x004110a0        0x4 c:/program/mingw/bin/../lib/gcc/mingw32/8.2.0/../../..\libkernel32.a(dimos01204.o)
 .idata$4       0x004110a4        0x4 c:/program/mingw/bin/../lib/gcc/mingw32/8.2.0/../../..\libkernel32.a(dimos01206.o)
 .idata$4       0x004110a8        0x4 c:/program/mingw/bin/../lib/gcc/mingw32/8.2.0/../../..\libkernel32.a(dimos01238.o)
 .idata$4       0x004110ac        0x4 c:/program/mingw/bin/../lib/gcc/mingw32/8.2.0/../../..\libkernel32.a(dimot.o)
 .idata$4       0x004110b0        0x0 c:/program/mingw/bin/../lib/gcc/mingw32/8.2.0/../../..\libmoldname.a(dmhkh.o)
 .idata$4       0x004110b0        0x4 c:/program/mingw/bin/../lib/gcc/mingw32/8.2.0/../../..\libmoldname.a(dmhks00080.o)
 .idata$4       0x004110b4        0x4 c:/program/mingw/bin/../lib/gcc/mingw32/8.2.0/../../..\libmoldname.a(dmhks00082.o)
 .idata$4       0x004110b8        0x4 c:/program/mingw/bin/../lib/gcc/mingw32/8.2.0/../../..\libmoldname.a(dmhkt.o)
 .idata$4       0x004110bc        0x0 c:/program/mingw/bin/../lib/gcc/mingw32/8.2.0/../../..\libmsvcrt.a(dxnlh.o)
 .idata$4       0x004110bc        0x4 c:/program/mingw/bin/../lib/gcc/mingw32/8.2.0/../../..\libmsvcrt.a(dxnls00088.o)
 .idata$4       0x004110c0        0x4 c:/program/mingw/bin/../lib/gcc/mingw32/8.2.0/../../..\libmsvcrt.a(dxnls00119.o)
 .idata$4       0x004110c4        0x4 c:/program/mingw/bin/../lib/gcc/mingw32/8.2.0/../../..\libmsvcrt.a(dxnls00131.o)
 .idata$4       0x004110c8        0x4 c:/program/mingw/bin/../lib/gcc/mingw32/8.2.0/../../..\libmsvcrt.a(dxnls00133.o)
 .idata$4       0x004110cc        0x4 c:/program/mingw/bin/../lib/gcc/mingw32/8.2.0/../../..\libmsvcrt.a(dxnls00153.o)
 .idata$4       0x004110d0        0x4 c:/program/mingw/bin/../lib/gcc/mingw32/8.2.0/../../..\libmsvcrt.a(dxnls00214.o)
 .idata$4       0x004110d4        0x4 c:/program/mingw/bin/../lib/gcc/mingw32/8.2.0/../../..\libmsvcrt.a(dxnls00280.o)
 .idata$4       0x004110d8        0x4 c:/program/mingw/bin/../lib/gcc/mingw32/8.2.0/../../..\libmsvcrt.a(dxnls00319.o)
 .idata$4       0x004110dc        0x4 c:/program/mingw/bin/../lib/gcc/mingw32/8.2.0/../../..\libmsvcrt.a(dxnls00345.o)
 .idata$4       0x004110e0        0x4 c:/program/mingw/bin/../lib/gcc/mingw32/8.2.0/../../..\libmsvcrt.a(dxnls00412.o)
 .idata$4       0x004110e4        0x4 c:/program/mingw/bin/../lib/gcc/mingw32/8.2.0/../../..\libmsvcrt.a(dxnls00417.o)
 .idata$4       0x004110e8        0x4 c:/program/mingw/bin/../lib/gcc/mingw32/8.2.0/../../..\libmsvcrt.a(dxnls00684.o)
 .idata$4       0x004110ec        0x4 c:/program/mingw/bin/../lib/gcc/mingw32/8.2.0/../../..\libmsvcrt.a(dxnls00693.o)
 .idata$4       0x004110f0        0x4 c:/program/mingw/bin/../lib/gcc/mingw32/8.2.0/../../..\libmsvcrt.a(dxnls00748.o)
 .idata$4       0x004110f4        0x4 c:/program/mingw/bin/../lib/gcc/mingw32/8.2.0/../../..\libmsvcrt.a(dxnls01078.o)
 .idata$4       0x004110f8        0x4 c:/program/mingw/bin/../lib/gcc/mingw32/8.2.0/../../..\libmsvcrt.a(dxnls01086.o)
 .idata$4       0x004110fc        0x4 c:/program/mingw/bin/../lib/gcc/mingw32/8.2.0/../../..\libmsvcrt.a(dxnls01088.o)
 .idata$4       0x00411100        0x4 c:/program/mingw/bin/../lib/gcc/mingw32/8.2.0/../../..\libmsvcrt.a(dxnls01093.o)
 .idata$4       0x00411104        0x4 c:/program/mingw/bin/../lib/gcc/mingw32/8.2.0/../../..\libmsvcrt.a(dxnls01101.o)
 .idata$4       0x00411108        0x4 c:/program/mingw/bin/../lib/gcc/mingw32/8.2.0/../../..\libmsvcrt.a(dxnls01103.o)
 .idata$4       0x0041110c        0x4 c:/program/mingw/bin/../lib/gcc/mingw32/8.2.0/../../..\libmsvcrt.a(dxnls01121.o)
 .idata$4       0x00411110        0x4 c:/program/mingw/bin/../lib/gcc/mingw32/8.2.0/../../..\libmsvcrt.a(dxnls01126.o)
 .idata$4       0x00411114        0x4 c:/program/mingw/bin/../lib/gcc/mingw32/8.2.0/../../..\libmsvcrt.a(dxnls01137.o)
 .idata$4       0x00411118        0x4 c:/program/mingw/bin/../lib/gcc/mingw32/8.2.0/../../..\libmsvcrt.a(dxnls01142.o)
 .idata$4       0x0041111c        0x4 c:/program/mingw/bin/../lib/gcc/mingw32/8.2.0/../../..\libmsvcrt.a(dxnls01177.o)
 .idata$4       0x00411120        0x4 c:/program/mingw/bin/../lib/gcc/mingw32/8.2.0/../../..\libmsvcrt.a(dxnls01182.o)
 .idata$4       0x00411124        0x4 c:/program/mingw/bin/../lib/gcc/mingw32/8.2.0/../../..\libmsvcrt.a(dxnls01189.o)
 .idata$4       0x00411128        0x4 c:/program/mingw/bin/../lib/gcc/mingw32/8.2.0/../../..\libmsvcrt.a(dxnls01194.o)
 .idata$4       0x0041112c        0x4 c:/program/mingw/bin/../lib/gcc/mingw32/8.2.0/../../..\libmsvcrt.a(dxnls01198.o)
 .idata$4       0x00411130        0x4 c:/program/mingw/bin/../lib/gcc/mingw32/8.2.0/../../..\libmsvcrt.a(dxnls01215.o)
 .idata$4       0x00411134        0x4 c:/program/mingw/bin/../lib/gcc/mingw32/8.2.0/../../..\libmsvcrt.a(dxnls01222.o)
 .idata$4       0x00411138        0x4 c:/program/mingw/bin/../lib/gcc/mingw32/8.2.0/../../..\libmsvcrt.a(dxnls01224.o)
 .idata$4       0x0041113c        0x4 c:/program/mingw/bin/../lib/gcc/mingw32/8.2.0/../../..\libmsvcrt.a(dxnls01235.o)
 .idata$4       0x00411140        0x4 c:/program/mingw/bin/../lib/gcc/mingw32/8.2.0/../../..\libmsvcrt.a(dxnls01237.o)
 .idata$4       0x00411144        0x4 c:/program/mingw/bin/../lib/gcc/mingw32/8.2.0/../../..\libmsvcrt.a(dxnls01244.o)
 .idata$4       0x00411148        0x4 c:/program/mingw/bin/../lib/gcc/mingw32/8.2.0/../../..\libmsvcrt.a(dxnls01267.o)
 .idata$4       0x0041114c        0x4 c:/program/mingw/bin/../lib/gcc/mingw32/8.2.0/../../..\libmsvcrt.a(dxnls01272.o)
 .idata$4       0x00411150        0x4 c:/program/mingw/bin/../lib/gcc/mingw32/8.2.0/../../..\libmsvcrt.a(dxnls01279.o)
 .idata$4       0x00411154        0x4 c:/program/mingw/bin/../lib/gcc/mingw32/8.2.0/../../..\libmsvcrt.a(dxnls01303.o)
 .idata$4       0x00411158        0x4 c:/program/mingw/bin/../lib/gcc/mingw32/8.2.0/../../..\libmsvcrt.a(dxnls01320.o)
 .idata$4       0x0041115c        0x4 c:/program/mingw/bin/../lib/gcc/mingw32/8.2.0/../../..\libmsvcrt.a(dxnlt.o)
                0x00411160                __IAT_start__ = .
 SORT_BY_NAME(*)(.idata$5)
 .idata$5       0x00411160        0x0 c:/program/mingw/bin/../lib/gcc/mingw32/8.2.0/../../..\libkernel32.a(dimoh.o)
 .idata$5       0x00411160        0x4 c:/program/mingw/bin/../lib/gcc/mingw32/8.2.0/../../..\libkernel32.a(dimos00207.o)
                0x00411160                _imp__DeleteCriticalSection@4
 .idata$5       0x00411164        0x4 c:/program/mingw/bin/../lib/gcc/mingw32/8.2.0/../../..\libkernel32.a(dimos00236.o)
                0x00411164                _imp__EnterCriticalSection@4
 .idata$5       0x00411168        0x4 c:/program/mingw/bin/../lib/gcc/mingw32/8.2.0/../../..\libkernel32.a(dimos00279.o)
                0x00411168                _imp__ExitProcess@4
 .idata$5       0x0041116c        0x4 c:/program/mingw/bin/../lib/gcc/mingw32/8.2.0/../../..\libkernel32.a(dimos00300.o)
                0x0041116c                _imp__FindClose@4
 .idata$5       0x00411170        0x4 c:/program/mingw/bin/../lib/gcc/mingw32/8.2.0/../../..\libkernel32.a(dimos00304.o)
                0x00411170                _imp__FindFirstFileA@8
 .idata$5       0x00411174        0x4 c:/program/mingw/bin/../lib/gcc/mingw32/8.2.0/../../..\libkernel32.a(dimos00321.o)
                0x00411174                _imp__FindNextFileA@8
 .idata$5       0x00411178        0x4 c:/program/mingw/bin/../lib/gcc/mingw32/8.2.0/../../..\libkernel32.a(dimos00352.o)
                0x00411178                _imp__FreeLibrary@4
 .idata$5       0x0041117c        0x4 c:/program/mingw/bin/../lib/gcc/mingw32/8.2.0/../../..\libkernel32.a(dimos00388.o)
                0x0041117c                _imp__GetCommandLineA@0
 .idata$5       0x00411180        0x4 c:/program/mingw/bin/../lib/gcc/mingw32/8.2.0/../../..\libkernel32.a(dimos00510.o)
                0x00411180                _imp__GetLastError@0
 .idata$5       0x00411184        0x4 c:/program/mingw/bin/../lib/gcc/mingw32/8.2.0/../../..\libkernel32.a(dimos00529.o)
                0x00411184                _imp__GetModuleHandleA@4
 .idata$5       0x00411188        0x4 c:/program/mingw/bin/../lib/gcc/mingw32/8.2.0/../../..\libkernel32.a(dimos00577.o)
                0x00411188                _imp__GetProcAddress@8
 .idata$5       0x0041118c        0x4 c:/program/mingw/bin/../lib/gcc/mingw32/8.2.0/../../..\libkernel32.a(dimos00734.o)
                0x0041118c                _imp__InitializeCriticalSection@4
 .idata$5       0x00411190        0x4 c:/program/mingw/bin/../lib/gcc/mingw32/8.2.0/../../..\libkernel32.a(dimos00744.o)
                0x00411190                _imp__InterlockedExchange@8
 .idata$5       0x00411194        0x4 c:/program/mingw/bin/../lib/gcc/mingw32/8.2.0/../../..\libkernel32.a(dimos00763.o)
                0x00411194                _imp__IsDBCSLeadByteEx@8
 .idata$5       0x00411198        0x4 c:/program/mingw/bin/../lib/gcc/mingw32/8.2.0/../../..\libkernel32.a(dimos00814.o)
                0x00411198                _imp__LeaveCriticalSection@4
 .idata$5       0x0041119c        0x4 c:/program/mingw/bin/../lib/gcc/mingw32/8.2.0/../../..\libkernel32.a(dimos00817.o)
                0x0041119c                _imp__LoadLibraryA@4
 .idata$5       0x004111a0        0x4 c:/program/mingw/bin/../lib/gcc/mingw32/8.2.0/../../..\libkernel32.a(dimos00860.o)
                0x004111a0                _imp__MultiByteToWideChar@24
 .idata$5       0x004111a4        0x4 c:/program/mingw/bin/../lib/gcc/mingw32/8.2.0/../../..\libkernel32.a(dimos01131.o)
                0x004111a4                _imp__SetUnhandledExceptionFilter@4
 .idata$5       0x004111a8        0x4 c:/program/mingw/bin/../lib/gcc/mingw32/8.2.0/../../..\libkernel32.a(dimos01143.o)
                0x004111a8                _imp__Sleep@4
 .idata$5       0x004111ac        0x4 c:/program/mingw/bin/../lib/gcc/mingw32/8.2.0/../../..\libkernel32.a(dimos01164.o)
                0x004111ac                _imp__TlsGetValue@4
 .idata$5       0x004111b0        0x4 c:/program/mingw/bin/../lib/gcc/mingw32/8.2.0/../../..\libkernel32.a(dimos01204.o)
                0x004111b0                _imp__VirtualProtect@16
 .idata$5       0x004111b4        0x4 c:/program/mingw/bin/../lib/gcc/mingw32/8.2.0/../../..\libkernel32.a(dimos01206.o)
                0x004111b4                _imp__VirtualQuery@12
 .idata$5       0x004111b8        0x4 c:/program/mingw/bin/../lib/gcc/mingw32/8.2.0/../../..\libkernel32.a(dimos01238.o)
                0x004111b8                _imp__WideCharToMultiByte@32
 .idata$5       0x004111bc        0x4 c:/program/mingw/bin/../lib/gcc/mingw32/8.2.0/../../..\libkernel32.a(dimot.o)
 .idata$5       0x004111c0        0x0 c:/program/mingw/bin/../lib/gcc/mingw32/8.2.0/../../..\libmoldname.a(dmhkh.o)
 .idata$5       0x004111c0        0x4 c:/program/mingw/bin/../lib/gcc/mingw32/8.2.0/../../..\libmoldname.a(dmhks00080.o)
                0x004111c0                _imp__strdup
 .idata$5       0x004111c4        0x4 c:/program/mingw/bin/../lib/gcc/mingw32/8.2.0/../../..\libmoldname.a(dmhks00082.o)
                0x004111c4                _imp__stricoll
 .idata$5       0x004111c8        0x4 c:/program/mingw/bin/../lib/gcc/mingw32/8.2.0/../../..\libmoldname.a(dmhkt.o)
 .idata$5       0x004111cc        0x0 c:/program/mingw/bin/../lib/gcc/mingw32/8.2.0/../../..\libmsvcrt.a(dxnlh.o)
 .idata$5       0x004111cc        0x4 c:/program/mingw/bin/../lib/gcc/mingw32/8.2.0/../../..\libmsvcrt.a(dxnls00088.o)
                0x004111cc                _imp____getmainargs
 .idata$5       0x004111d0        0x4 c:/program/mingw/bin/../lib/gcc/mingw32/8.2.0/../../..\libmsvcrt.a(dxnls00119.o)
                0x004111d0                _imp____mb_cur_max
 .idata$5       0x004111d4        0x4 c:/program/mingw/bin/../lib/gcc/mingw32/8.2.0/../../..\libmsvcrt.a(dxnls00131.o)
                0x004111d4                _imp____p__environ
 .idata$5       0x004111d8        0x4 c:/program/mingw/bin/../lib/gcc/mingw32/8.2.0/../../..\libmsvcrt.a(dxnls00133.o)
                0x004111d8                _imp____p__fmode
 .idata$5       0x004111dc        0x4 c:/program/mingw/bin/../lib/gcc/mingw32/8.2.0/../../..\libmsvcrt.a(dxnls00153.o)
                0x004111dc                _imp____set_app_type
 .idata$5       0x004111e0        0x4 c:/program/mingw/bin/../lib/gcc/mingw32/8.2.0/../../..\libmsvcrt.a(dxnls00214.o)
                0x004111e0                _imp___cexit
 .idata$5       0x004111e4        0x4 c:/program/mingw/bin/../lib/gcc/mingw32/8.2.0/../../..\libmsvcrt.a(dxnls00280.o)
                0x004111e4                _imp___errno
 .idata$5       0x004111e8        0x4 c:/program/mingw/bin/../lib/gcc/mingw32/8.2.0/../../..\libmsvcrt.a(dxnls00319.o)
                0x004111e8                _imp___fpreset
 .idata$5       0x004111ec        0x4 c:/program/mingw/bin/../lib/gcc/mingw32/8.2.0/../../..\libmsvcrt.a(dxnls00345.o)
                0x004111ec                _imp___fullpath
 .idata$5       0x004111f0        0x4 c:/program/mingw/bin/../lib/gcc/mingw32/8.2.0/../../..\libmsvcrt.a(dxnls00412.o)
                0x004111f0                _imp___iob
 .idata$5       0x004111f4        0x4 c:/program/mingw/bin/../lib/gcc/mingw32/8.2.0/../../..\libmsvcrt.a(dxnls00417.o)
                0x004111f4                _imp___isctype
 .idata$5       0x004111f8        0x4 c:/program/mingw/bin/../lib/gcc/mingw32/8.2.0/../../..\libmsvcrt.a(dxnls00684.o)
                0x004111f8                _imp___onexit
 .idata$5       0x004111fc        0x4 c:/program/mingw/bin/../lib/gcc/mingw32/8.2.0/../../..\libmsvcrt.a(dxnls00693.o)
                0x004111fc                _imp___pctype
 .idata$5       0x00411200        0x4 c:/program/mingw/bin/../lib/gcc/mingw32/8.2.0/../../..\libmsvcrt.a(dxnls00748.o)
                0x00411200                _imp___setmode
 .idata$5       0x00411204        0x4 c:/program/mingw/bin/../lib/gcc/mingw32/8.2.0/../../..\libmsvcrt.a(dxnls01078.o)
                0x00411204                _imp__abort
 .idata$5       0x00411208        0x4 c:/program/mingw/bin/../lib/gcc/mingw32/8.2.0/../../..\libmsvcrt.a(dxnls01086.o)
                0x00411208                _imp__atexit
 .idata$5       0x0041120c        0x4 c:/program/mingw/bin/../lib/gcc/mingw32/8.2.0/../../..\libmsvcrt.a(dxnls01088.o)
                0x0041120c                _imp__atoi
 .idata$5       0x00411210        0x4 c:/program/mingw/bin/../lib/gcc/mingw32/8.2.0/../../..\libmsvcrt.a(dxnls01093.o)
                0x00411210                _imp__calloc
 .idata$5       0x00411214        0x4 c:/program/mingw/bin/../lib/gcc/mingw32/8.2.0/../../..\libmsvcrt.a(dxnls01101.o)
                0x00411214                _imp__difftime
 .idata$5       0x00411218        0x4 c:/program/mingw/bin/../lib/gcc/mingw32/8.2.0/../../..\libmsvcrt.a(dxnls01103.o)
                0x00411218                _imp__exit
 .idata$5       0x0041121c        0x4 c:/program/mingw/bin/../lib/gcc/mingw32/8.2.0/../../..\libmsvcrt.a(dxnls01121.o)
                0x0041121c                _imp__fputc
 .idata$5       0x00411220        0x4 c:/program/mingw/bin/../lib/gcc/mingw32/8.2.0/../../..\libmsvcrt.a(dxnls01126.o)
                0x00411220                _imp__free
 .idata$5       0x00411224        0x4 c:/program/mingw/bin/../lib/gcc/mingw32/8.2.0/../../..\libmsvcrt.a(dxnls01137.o)
                0x00411224                _imp__fwrite
 .idata$5       0x00411228        0x4 c:/program/mingw/bin/../lib/gcc/mingw32/8.2.0/../../..\libmsvcrt.a(dxnls01142.o)
                0x00411228                _imp__getenv
 .idata$5       0x0041122c        0x4 c:/program/mingw/bin/../lib/gcc/mingw32/8.2.0/../../..\libmsvcrt.a(dxnls01177.o)
                0x0041122c                _imp__localeconv
 .idata$5       0x00411230        0x4 c:/program/mingw/bin/../lib/gcc/mingw32/8.2.0/../../..\libmsvcrt.a(dxnls01182.o)
                0x00411230                _imp__malloc
 .idata$5       0x00411234        0x4 c:/program/mingw/bin/../lib/gcc/mingw32/8.2.0/../../..\libmsvcrt.a(dxnls01189.o)
                0x00411234                _imp__mbstowcs
 .idata$5       0x00411238        0x4 c:/program/mingw/bin/../lib/gcc/mingw32/8.2.0/../../..\libmsvcrt.a(dxnls01194.o)
                0x00411238                _imp__memcpy
 .idata$5       0x0041123c        0x4 c:/program/mingw/bin/../lib/gcc/mingw32/8.2.0/../../..\libmsvcrt.a(dxnls01198.o)
                0x0041123c                _imp__memset
 .idata$5       0x00411240        0x4 c:/program/mingw/bin/../lib/gcc/mingw32/8.2.0/../../..\libmsvcrt.a(dxnls01215.o)
                0x00411240                _imp__realloc
 .idata$5       0x00411244        0x4 c:/program/mingw/bin/../lib/gcc/mingw32/8.2.0/../../..\libmsvcrt.a(dxnls01222.o)
                0x00411244                _imp__setlocale
 .idata$5       0x00411248        0x4 c:/program/mingw/bin/../lib/gcc/mingw32/8.2.0/../../..\libmsvcrt.a(dxnls01224.o)
                0x00411248                _imp__signal
 .idata$5       0x0041124c        0x4 c:/program/mingw/bin/../lib/gcc/mingw32/8.2.0/../../..\libmsvcrt.a(dxnls01235.o)
                0x0041124c                _imp__strchr
 .idata$5       0x00411250        0x4 c:/program/mingw/bin/../lib/gcc/mingw32/8.2.0/../../..\libmsvcrt.a(dxnls01237.o)
                0x00411250                _imp__strcoll
 .idata$5       0x00411254        0x4 c:/program/mingw/bin/../lib/gcc/mingw32/8.2.0/../../..\libmsvcrt.a(dxnls01244.o)
                0x00411254                _imp__strlen
 .idata$5       0x00411258        0x4 c:/program/mingw/bin/../lib/gcc/mingw32/8.2.0/../../..\libmsvcrt.a(dxnls01267.o)
                0x00411258                _imp__time
 .idata$5       0x0041125c        0x4 c:/program/mingw/bin/../lib/gcc/mingw32/8.2.0/../../..\libmsvcrt.a(dxnls01272.o)
                0x0041125c                _imp__tolower
 .idata$5       0x00411260        0x4 c:/program/mingw/bin/../lib/gcc/mingw32/8.2.0/../../..\libmsvcrt.a(dxnls01279.o)
                0x00411260                _imp__vfprintf
 .idata$5       0x00411264        0x4 c:/program/mingw/bin/../lib/gcc/mingw32/8.2.0/../../..\libmsvcrt.a(dxnls01303.o)
                0x00411264                _imp__wcslen
 .idata$5       0x00411268        0x4 c:/program/mingw/bin/../lib/gcc/mingw32/8.2.0/../../..\libmsvcrt.a(dxnls01320.o)
                0x00411268                _imp__wcstombs
 .idata$5       0x0041126c        0x4 c:/program/mingw/bin/../lib/gcc/mingw32/8.2.0/../../..\libmsvcrt.a(dxnlt.o)
                0x00411270                __IAT_end__ = .
 SORT_BY_NAME(*)(.idata$6)
 .idata$6       0x00411270       0x18 c:/program/mingw/bin/../lib/gcc/mingw32/8.2.0/../../..\libkernel32.a(dimos00207.o)
 .idata$6       0x00411288       0x18 c:/program/mingw/bin/../lib/gcc/mingw32/8.2.0/../../..\libkernel32.a(dimos00236.o)
 .idata$6       0x004112a0        0xe c:/program/mingw/bin/../lib/gcc/mingw32/8.2.0/../../..\libkernel32.a(dimos00279.o)
 .idata$6       0x004112ae        0xc c:/program/mingw/bin/../lib/gcc/mingw32/8.2.0/../../..\libkernel32.a(dimos00300.o)
 .idata$6       0x004112ba       0x12 c:/program/mingw/bin/../lib/gcc/mingw32/8.2.0/../../..\libkernel32.a(dimos00304.o)
 .idata$6       0x004112cc       0x10 c:/program/mingw/bin/../lib/gcc/mingw32/8.2.0/../../..\libkernel32.a(dimos00321.o)
 .idata$6       0x004112dc        0xe c:/program/mingw/bin/../lib/gcc/mingw32/8.2.0/../../..\libkernel32.a(dimos00352.o)
 .idata$6       0x004112ea       0x12 c:/program/mingw/bin/../lib/gcc/mingw32/8.2.0/../../..\libkernel32.a(dimos00388.o)
 .idata$6       0x004112fc       0x10 c:/program/mingw/bin/../lib/gcc/mingw32/8.2.0/../../..\libkernel32.a(dimos00510.o)
 .idata$6       0x0041130c       0x14 c:/program/mingw/bin/../lib/gcc/mingw32/8.2.0/../../..\libkernel32.a(dimos00529.o)
 .idata$6       0x00411320       0x12 c:/program/mingw/bin/../lib/gcc/mingw32/8.2.0/../../..\libkernel32.a(dimos00577.o)
 .idata$6       0x00411332       0x1c c:/program/mingw/bin/../lib/gcc/mingw32/8.2.0/../../..\libkernel32.a(dimos00734.o)
 .idata$6       0x0041134e       0x16 c:/program/mingw/bin/../lib/gcc/mingw32/8.2.0/../../..\libkernel32.a(dimos00744.o)
 .idata$6       0x00411364       0x14 c:/program/mingw/bin/../lib/gcc/mingw32/8.2.0/../../..\libkernel32.a(dimos00763.o)
 .idata$6       0x00411378       0x18 c:/program/mingw/bin/../lib/gcc/mingw32/8.2.0/../../..\libkernel32.a(dimos00814.o)
 .idata$6       0x00411390       0x10 c:/program/mingw/bin/../lib/gcc/mingw32/8.2.0/../../..\libkernel32.a(dimos00817.o)
 .idata$6       0x004113a0       0x16 c:/program/mingw/bin/../lib/gcc/mingw32/8.2.0/../../..\libkernel32.a(dimos00860.o)
 .idata$6       0x004113b6       0x1e c:/program/mingw/bin/../lib/gcc/mingw32/8.2.0/../../..\libkernel32.a(dimos01131.o)
 .idata$6       0x004113d4        0x8 c:/program/mingw/bin/../lib/gcc/mingw32/8.2.0/../../..\libkernel32.a(dimos01143.o)
 .idata$6       0x004113dc        0xe c:/program/mingw/bin/../lib/gcc/mingw32/8.2.0/../../..\libkernel32.a(dimos01164.o)
 .idata$6       0x004113ea       0x12 c:/program/mingw/bin/../lib/gcc/mingw32/8.2.0/../../..\libkernel32.a(dimos01204.o)
 .idata$6       0x004113fc       0x10 c:/program/mingw/bin/../lib/gcc/mingw32/8.2.0/../../..\libkernel32.a(dimos01206.o)
 .idata$6       0x0041140c       0x16 c:/program/mingw/bin/../lib/gcc/mingw32/8.2.0/../../..\libkernel32.a(dimos01238.o)
 .idata$6       0x00411422        0xa c:/program/mingw/bin/../lib/gcc/mingw32/8.2.0/../../..\libmoldname.a(dmhks00080.o)
 .idata$6       0x0041142c        0xc c:/program/mingw/bin/../lib/gcc/mingw32/8.2.0/../../..\libmoldname.a(dmhks00082.o)
 .idata$6       0x00411438       0x10 c:/program/mingw/bin/../lib/gcc/mingw32/8.2.0/../../..\libmsvcrt.a(dxnls00088.o)
 .idata$6       0x00411448       0x10 c:/program/mingw/bin/../lib/gcc/mingw32/8.2.0/../../..\libmsvcrt.a(dxnls00119.o)
 .idata$6       0x00411458       0x10 c:/program/mingw/bin/../lib/gcc/mingw32/8.2.0/../../..\libmsvcrt.a(dxnls00131.o)
 .idata$6       0x00411468        0xe c:/program/mingw/bin/../lib/gcc/mingw32/8.2.0/../../..\libmsvcrt.a(dxnls00133.o)
 .idata$6       0x00411476       0x12 c:/program/mingw/bin/../lib/gcc/mingw32/8.2.0/../../..\libmsvcrt.a(dxnls00153.o)
 .idata$6       0x00411488        0xa c:/program/mingw/bin/../lib/gcc/mingw32/8.2.0/../../..\libmsvcrt.a(dxnls00214.o)
 .idata$6       0x00411492        0xa c:/program/mingw/bin/../lib/gcc/mingw32/8.2.0/../../..\libmsvcrt.a(dxnls00280.o)
 .idata$6       0x0041149c        0xc c:/program/mingw/bin/../lib/gcc/mingw32/8.2.0/../../..\libmsvcrt.a(dxnls00319.o)
 .idata$6       0x004114a8        0xc c:/program/mingw/bin/../lib/gcc/mingw32/8.2.0/../../..\libmsvcrt.a(dxnls00345.o)
 .idata$6       0x004114b4        0x8 c:/program/mingw/bin/../lib/gcc/mingw32/8.2.0/../../..\libmsvcrt.a(dxnls00412.o)
 .idata$6       0x004114bc        0xc c:/program/mingw/bin/../lib/gcc/mingw32/8.2.0/../../..\libmsvcrt.a(dxnls00417.o)
 .idata$6       0x004114c8        0xa c:/program/mingw/bin/../lib/gcc/mingw32/8.2.0/../../..\libmsvcrt.a(dxnls00684.o)
 .idata$6       0x004114d2        0xa c:/program/mingw/bin/../lib/gcc/mingw32/8.2.0/../../..\libmsvcrt.a(dxnls00693.o)
 .idata$6       0x004114dc        0xc c:/program/mingw/bin/../lib/gcc/mingw32/8.2.0/../../..\libmsvcrt.a(dxnls00748.o)
 .idata$6       0x004114e8        0x8 c:/program/mingw/bin/../lib/gcc/mingw32/8.2.0/../../..\libmsvcrt.a(dxnls01078.o)
 .idata$6       0x004114f0        0xa c:/program/mingw/bin/../lib/gcc/mingw32/8.2.0/../../..\libmsvcrt.a(dxnls01086.o)
 .idata$6       0x004114fa        0x8 c:/program/mingw/bin/../lib/gcc/mingw32/8.2.0/../../..\libmsvcrt.a(dxnls01088.o)
 .idata$6       0x00411502        0xa c:/program/mingw/bin/../lib/gcc/mingw32/8.2.0/../../..\libmsvcrt.a(dxnls01093.o)
 .idata$6       0x0041150c        0xc c:/program/mingw/bin/../lib/gcc/mingw32/8.2.0/../../..\libmsvcrt.a(dxnls01101.o)
 .idata$6       0x00411518        0x8 c:/program/mingw/bin/../lib/gcc/mingw32/8.2.0/../../..\libmsvcrt.a(dxnls01103.o)
 .idata$6       0x00411520        0x8 c:/program/mingw/bin/../lib/gcc/mingw32/8.2.0/../../..\libmsvcrt.a(dxnls01121.o)
 .idata$6       0x00411528        0x8 c:/program/mingw/bin/../lib/gcc/mingw32/8.2.0/../../..\libmsvcrt.a(dxnls01126.o)
 .idata$6       0x00411530        0xa c:/program/mingw/bin/../lib/gcc/mingw32/8.2.0/../../..\libmsvcrt.a(dxnls01137.o)
 .idata$6       0x0041153a        0xa c:/program/mingw/bin/../lib/gcc/mingw32/8.2.0/../../..\libmsvcrt.a(dxnls01142.o)
 .idata$6       0x00411544        0xe c:/program/mingw/bin/../lib/gcc/mingw32/8.2.0/../../..\libmsvcrt.a(dxnls01177.o)
 .idata$6       0x00411552        0xa c:/program/mingw/bin/../lib/gcc/mingw32/8.2.0/../../..\libmsvcrt.a(dxnls01182.o)
 .idata$6       0x0041155c        0xc c:/program/mingw/bin/../lib/gcc/mingw32/8.2.0/../../..\libmsvcrt.a(dxnls01189.o)
 .idata$6       0x00411568        0xa c:/program/mingw/bin/../lib/gcc/mingw32/8.2.0/../../..\libmsvcrt.a(dxnls01194.o)
 .idata$6       0x00411572        0xa c:/program/mingw/bin/../lib/gcc/mingw32/8.2.0/../../..\libmsvcrt.a(dxnls01198.o)
 .idata$6       0x0041157c        0xa c:/program/mingw/bin/../lib/gcc/mingw32/8.2.0/../../..\libmsvcrt.a(dxnls01215.o)
 .idata$6       0x00411586        0xc c:/program/mingw/bin/../lib/gcc/mingw32/8.2.0/../../..\libmsvcrt.a(dxnls01222.o)
 .idata$6       0x00411592        0xa c:/program/mingw/bin/../lib/gcc/mingw32/8.2.0/../../..\libmsvcrt.a(dxnls01224.o)
 .idata$6       0x0041159c        0xa c:/program/mingw/bin/../lib/gcc/mingw32/8.2.0/../../..\libmsvcrt.a(dxnls01235.o)
 .idata$6       0x004115a6        0xa c:/program/mingw/bin/../lib/gcc/mingw32/8.2.0/../../..\libmsvcrt.a(dxnls01237.o)
 .idata$6       0x004115b0        0xa c:/program/mingw/bin/../lib/gcc/mingw32/8.2.0/../../..\libmsvcrt.a(dxnls01244.o)
 .idata$6       0x004115ba        0x8 c:/program/mingw/bin/../lib/gcc/mingw32/8.2.0/../../..\libmsvcrt.a(dxnls01267.o)
 .idata$6       0x004115c2        0xa c:/program/mingw/bin/../lib/gcc/mingw32/8.2.0/../../..\libmsvcrt.a(dxnls01272.o)
 .idata$6       0x004115cc        0xc c:/program/mingw/bin/../lib/gcc/mingw32/8.2.0/../../..\libmsvcrt.a(dxnls01279.o)
 .idata$6       0x004115d8        0xa c:/program/mingw/bin/../lib/gcc/mingw32/8.2.0/../../..\libmsvcrt.a(dxnls01303.o)
 .idata$6       0x004115e2        0xc c:/program/mingw/bin/../lib/gcc/mingw32/8.2.0/../../..\libmsvcrt.a(dxnls01320.o)
 SORT_BY_NAME(*)(.idata$7)
 *fill*         0x004115ee        0x2 
 .idata$7       0x004115f0        0x4 c:/program/mingw/bin/../lib/gcc/mingw32/8.2.0/../../..\libkernel32.a(dimos00207.o)
 .idata$7       0x004115f4        0x4 c:/program/mingw/bin/../lib/gcc/mingw32/8.2.0/../../..\libkernel32.a(dimos00236.o)
 .idata$7       0x004115f8        0x4 c:/program/mingw/bin/../lib/gcc/mingw32/8.2.0/../../..\libkernel32.a(dimos00279.o)
 .idata$7       0x004115fc        0x4 c:/program/mingw/bin/../lib/gcc/mingw32/8.2.0/../../..\libkernel32.a(dimos00300.o)
 .idata$7       0x00411600        0x4 c:/program/mingw/bin/../lib/gcc/mingw32/8.2.0/../../..\libkernel32.a(dimos00304.o)
 .idata$7       0x00411604        0x4 c:/program/mingw/bin/../lib/gcc/mingw32/8.2.0/../../..\libkernel32.a(dimos00321.o)
 .idata$7       0x00411608        0x4 c:/program/mingw/bin/../lib/gcc/mingw32/8.2.0/../../..\libkernel32.a(dimos00352.o)
 .idata$7       0x0041160c        0x4 c:/program/mingw/bin/../lib/gcc/mingw32/8.2.0/../../..\libkernel32.a(dimos00388.o)
 .idata$7       0x00411610        0x4 c:/program/mingw/bin/../lib/gcc/mingw32/8.2.0/../../..\libkernel32.a(dimos00510.o)
 .idata$7       0x00411614        0x4 c:/program/mingw/bin/../lib/gcc/mingw32/8.2.0/../../..\libkernel32.a(dimos00529.o)
 .idata$7       0x00411618        0x4 c:/program/mingw/bin/../lib/gcc/mingw32/8.2.0/../../..\libkernel32.a(dimos00577.o)
 .idata$7       0x0041161c        0x4 c:/program/mingw/bin/../lib/gcc/mingw32/8.2.0/../../..\libkernel32.a(dimos00734.o)
 .idata$7       0x00411620        0x4 c:/program/mingw/bin/../lib/gcc/mingw32/8.2.0/../../..\libkernel32.a(dimos00744.o)
 .idata$7       0x00411624        0x4 c:/program/mingw/bin/../lib/gcc/mingw32/8.2.0/../../..\libkernel32.a(dimos00763.o)
 .idata$7       0x00411628        0x4 c:/program/mingw/bin/../lib/gcc/mingw32/8.2.0/../../..\libkernel32.a(dimos00814.o)
 .idata$7       0x0041162c        0x4 c:/program/mingw/bin/../lib/gcc/mingw32/8.2.0/../../..\libkernel32.a(dimos00817.o)
 .idata$7       0x00411630        0x4 c:/program/mingw/bin/../lib/gcc/mingw32/8.2.0/../../..\libkernel32.a(dimos00860.o)
 .idata$7       0x00411634        0x4 c:/program/mingw/bin/../lib/gcc/mingw32/8.2.0/../../..\libkernel32.a(dimos01131.o)
 .idata$7       0x00411638        0x4 c:/program/mingw/bin/../lib/gcc/mingw32/8.2.0/../../..\libkernel32.a(dimos01143.o)
 .idata$7       0x0041163c        0x4 c:/program/mingw/bin/../lib/gcc/mingw32/8.2.0/../../..\libkernel32.a(dimos01164.o)
 .idata$7       0x00411640        0x4 c:/program/mingw/bin/../lib/gcc/mingw32/8.2.0/../../..\libkernel32.a(dimos01204.o)
 .idata$7       0x00411644        0x4 c:/program/mingw/bin/../lib/gcc/mingw32/8.2.0/../../..\libkernel32.a(dimos01206.o)
 .idata$7       0x00411648        0x4 c:/program/mingw/bin/../lib/gcc/mingw32/8.2.0/../../..\libkernel32.a(dimos01238.o)
 .idata$7       0x0041164c       0x10 c:/program/mingw/bin/../lib/gcc/mingw32/8.2.0/../../..\libkernel32.a(dimot.o)
                0x0041164c                _libkernel32_a_iname
 .idata$7       0x0041165c        0x4 c:/program/mingw/bin/../lib/gcc/mingw32/8.2.0/../../..\libmoldname.a(dmhks00080.o)
 .idata$7       0x00411660        0x4 c:/program/mingw/bin/../lib/gcc/mingw32/8.2.0/../../..\libmoldname.a(dmhks00082.o)
 .idata$7       0x00411664        0xc c:/program/mingw/bin/../lib/gcc/mingw32/8.2.0/../../..\libmoldname.a(dmhkt.o)
                0x00411664                _libmoldname_a_iname
 .idata$7       0x00411670        0x4 c:/program/mingw/bin/../lib/gcc/mingw32/8.2.0/../../..\libmsvcrt.a(dxnls00088.o)
 .idata$7       0x00411674        0x4 c:/program/mingw/bin/../lib/gcc/mingw32/8.2.0/../../..\libmsvcrt.a(dxnls00119.o)
 .idata$7       0x00411678        0x4 c:/program/mingw/bin/../lib/gcc/mingw32/8.2.0/../../..\libmsvcrt.a(dxnls00131.o)
 .idata$7       0x0041167c        0x4 c:/program/mingw/bin/../lib/gcc/mingw32/8.2.0/../../..\libmsvcrt.a(dxnls00133.o)
 .idata$7       0x00411680        0x4 c:/program/mingw/bin/../lib/gcc/mingw32/8.2.0/../../..\libmsvcrt.a(dxnls00153.o)
 .idata$7       0x00411684        0x4 c:/program/mingw/bin/../lib/gcc/mingw32/8.2.0/../../..\libmsvcrt.a(dxnls00214.o)
 .idata$7       0x00411688        0x4 c:/program/mingw/bin/../lib/gcc/mingw32/8.2.0/../../..\libmsvcrt.a(dxnls00280.o)
 .idata$7       0x0041168c        0x4 c:/program/mingw/bin/../lib/gcc/mingw32/8.2.0/../../..\libmsvcrt.a(dxnls00319.o)
 .idata$7       0x00411690        0x4 c:/program/mingw/bin/../lib/gcc/mingw32/8.2.0/../../..\libmsvcrt.a(dxnls00345.o)
 .idata$7       0x00411694        0x4 c:/program/mingw/bin/../lib/gcc/mingw32/8.2.0/../../..\libmsvcrt.a(dxnls00412.o)
 .idata$7       0x00411698        0x4 c:/program/mingw/bin/../lib/gcc/mingw32/8.2.0/../../..\libmsvcrt.a(dxnls00417.o)
 .idata$7       0x0041169c        0x4 c:/program/mingw/bin/../lib/gcc/mingw32/8.2.0/../../..\libmsvcrt.a(dxnls00684.o)
 .idata$7       0x004116a0        0x4 c:/program/mingw/bin/../lib/gcc/mingw32/8.2.0/../../..\libmsvcrt.a(dxnls00693.o)
 .idata$7       0x004116a4        0x4 c:/program/mingw/bin/../lib/gcc/mingw32/8.2.0/../../..\libmsvcrt.a(dxnls00748.o)
 .idata$7       0x004116a8        0x4 c:/program/mingw/bin/../lib/gcc/mingw32/8.2.0/../../..\libmsvcrt.a(dxnls01078.o)
 .idata$7       0x004116ac        0x4 c:/program/mingw/bin/../lib/gcc/mingw32/8.2.0/../../..\libmsvcrt.a(dxnls01086.o)
 .idata$7       0x004116b0        0x4 c:/program/mingw/bin/../lib/gcc/mingw32/8.2.0/../../..\libmsvcrt.a(dxnls01088.o)
 .idata$7       0x004116b4        0x4 c:/program/mingw/bin/../lib/gcc/mingw32/8.2.0/../../..\libmsvcrt.a(dxnls01093.o)
 .idata$7       0x004116b8        0x4 c:/program/mingw/bin/../lib/gcc/mingw32/8.2.0/../../..\libmsvcrt.a(dxnls01101.o)
 .idata$7       0x004116bc        0x4 c:/program/mingw/bin/../lib/gcc/mingw32/8.2.0/../../..\libmsvcrt.a(dxnls01103.o)
 .idata$7       0x004116c0        0x4 c:/program/mingw/bin/../lib/gcc/mingw32/8.2.0/../../..\libmsvcrt.a(dxnls01121.o)
 .idata$7       0x004116c4        0x4 c:/program/mingw/bin/../lib/gcc/mingw32/8.2.0/../../..\libmsvcrt.a(dxnls01126.o)
 .idata$7       0x004116c8        0x4 c:/program/mingw/bin/../lib/gcc/mingw32/8.2.0/../../..\libmsvcrt.a(dxnls01137.o)
 .idata$7       0x004116cc        0x4 c:/program/mingw/bin/../lib/gcc/mingw32/8.2.0/../../..\libmsvcrt.a(dxnls01142.o)
 .idata$7       0x004116d0        0x4 c:/program/mingw/bin/../lib/gcc/mingw32/8.2.0/../../..\libmsvcrt.a(dxnls01177.o)
 .idata$7       0x004116d4        0x4 c:/program/mingw/bin/../lib/gcc/mingw32/8.2.0/../../..\libmsvcrt.a(dxnls01182.o)
 .idata$7       0x004116d8        0x4 c:/program/mingw/bin/../lib/gcc/mingw32/8.2.0/../../..\libmsvcrt.a(dxnls01189.o)
 .idata$7       0x004116dc        0x4 c:/program/mingw/bin/../lib/gcc/mingw32/8.2.0/../../..\libmsvcrt.a(dxnls01194.o)
 .idata$7       0x004116e0        0x4 c:/program/mingw/bin/../lib/gcc/mingw32/8.2.0/../../..\libmsvcrt.a(dxnls01198.o)
 .idata$7       0x004116e4        0x4 c:/program/mingw/bin/../lib/gcc/mingw32/8.2.0/../../..\libmsvcrt.a(dxnls01215.o)
 .idata$7       0x004116e8        0x4 c:/program/mingw/bin/../lib/gcc/mingw32/8.2.0/../../..\libmsvcrt.a(dxnls01222.o)
 .idata$7       0x004116ec        0x4 c:/program/mingw/bin/../lib/gcc/mingw32/8.2.0/../../..\libmsvcrt.a(dxnls01224.o)
 .idata$7       0x004116f0        0x4 c:/program/mingw/bin/../lib/gcc/mingw32/8.2.0/../../..\libmsvcrt.a(dxnls01235.o)
 .idata$7       0x004116f4        0x4 c:/program/mingw/bin/../lib/gcc/mingw32/8.2.0/../../..\libmsvcrt.a(dxnls01237.o)
 .idata$7       0x004116f8        0x4 c:/program/mingw/bin/../lib/gcc/mingw32/8.2.0/../../..\libmsvcrt.a(dxnls01244.o)
 .idata$7       0x004116fc        0x4 c:/program/mingw/bin/../lib/gcc/mingw32/8.2.0/../../..\libmsvcrt.a(dxnls01267.o)
 .idata$7       0x00411700        0x4 c:/program/mingw/bin/../lib/gcc/mingw32/8.2.0/../../..\libmsvcrt.a(dxnls01272.o)
 .idata$7       0x00411704        0x4 c:/program/mingw/bin/../lib/gcc/mingw32/8.2.0/../../..\libmsvcrt.a(dxnls01279.o)
 .idata$7       0x00411708        0x4 c:/program/mingw/bin/../lib/gcc/mingw32/8.2.0/../../..\libmsvcrt.a(dxnls01303.o)