Archive member included to satisfy reference by file (symbol)

d:/programm/mingw/bin/../lib/gcc/mingw32/4.9.3/../../..\libmingw32.a(CRTglob.o)
                              d:/programm/mingw/bin/../lib/gcc/mingw32/4.9.3/../../../crt2.o (_CRT_glob)
d:/programm/mingw/bin/../lib/gcc/mingw32/4.9.3/../../..\libmingw32.a(setargv.o)
                              d:/programm/mingw/bin/../lib/gcc/mingw32/4.9.3/../../../crt2.o (_setargv)
d:/programm/mingw/bin/../lib/gcc/mingw32/4.9.3/../../..\libmingw32.a(CRTfmode.o)
                              d:/programm/mingw/bin/../lib/gcc/mingw32/4.9.3/../../../crt2.o (_CRT_fmode)
d:/programm/mingw/bin/../lib/gcc/mingw32/4.9.3/../../..\libmingw32.a(cpu_features.o)
                              d:/programm/mingw/bin/../lib/gcc/mingw32/4.9.3/../../../crt2.o (__cpu_features_init)
d:/programm/mingw/bin/../lib/gcc/mingw32/4.9.3/../../..\libmingw32.a(CRT_fp10.o)
                              d:/programm/mingw/bin/../lib/gcc/mingw32/4.9.3/../../../crt2.o (_fpreset)
d:/programm/mingw/bin/../lib/gcc/mingw32/4.9.3/../../..\libmingw32.a(txtmode.o)
                              d:/programm/mingw/bin/../lib/gcc/mingw32/4.9.3/../../../crt2.o (_fmode)
d:/programm/mingw/bin/../lib/gcc/mingw32/4.9.3/../../..\libmingw32.a(gccmain.o)
                              d:/programm/mingw/bin/../lib/gcc/mingw32/4.9.3/../../../crt2.o (__main)
d:/programm/mingw/bin/../lib/gcc/mingw32/4.9.3/../../..\libmingw32.a(tlssup.o)
                              d:/programm/mingw/bin/../lib/gcc/mingw32/4.9.3/../../../crt2.o (__dyn_tls_init_callback)
d:/programm/mingw/bin/../lib/gcc/mingw32/4.9.3/../../..\libmingw32.a(tlsthrd.o)
                              d:/programm/mingw/bin/../lib/gcc/mingw32/4.9.3/../../..\libmingw32.a(tlssup.o) (__mingw_TLScallback)
d:/programm/mingw/bin/../lib/gcc/mingw32/4.9.3/../../..\libmingw32.a(pseudo-reloc.o)
                              d:/programm/mingw/bin/../lib/gcc/mingw32/4.9.3/../../../crt2.o (_pei386_runtime_relocator)
d:/programm/mingw/bin/../lib/gcc/mingw32/4.9.3/../../..\libmingw32.a(pseudo-reloc-list.o)
                              d:/programm/mingw/bin/../lib/gcc/mingw32/4.9.3/../../..\libmingw32.a(pseudo-reloc.o) (__RUNTIME_PSEUDO_RELOC_LIST__)
d:/programm/mingw/bin/../lib/gcc/mingw32/4.9.3/../../..\libmingw32.a(crtst.o)
                              d:/programm/mingw/bin/../lib/gcc/mingw32/4.9.3/../../..\libmingw32.a(tlssup.o) (_CRT_MT)
d:/programm/mingw/bin/../lib/gcc/mingw32/4.9.3\libgcc.a(_chkstk_ms.o)
                              d:/programm/mingw/bin/../lib/gcc/mingw32/4.9.3/../../..\libmingw32.a(setargv.o) (__chkstk_ms)
d:/programm/mingw/bin/../lib/gcc/mingw32/4.9.3\libgcc.a(_ctors.o)
                              d:/programm/mingw/bin/../lib/gcc/mingw32/4.9.3/../../..\libmingw32.a(gccmain.o) (__DTOR_LIST__)
d:/programm/mingw/bin/../lib/gcc/mingw32/4.9.3/../../..\libmingwex.a(vfprintf.o)
                              E:\NeuOrga\Programmieren\c_cpp\github_os\output\os_base\obj_x86_test\os_task_queue_test.o (__mingw_vfprintf)
d:/programm/mingw/bin/../lib/gcc/mingw32/4.9.3/../../..\libmingwex.a(glob.o)
                              d:/programm/mingw/bin/../lib/gcc/mingw32/4.9.3/../../..\libmingw32.a(setargv.o) (__mingw_glob)
d:/programm/mingw/bin/../lib/gcc/mingw32/4.9.3/../../..\libmingwex.a(dirname.o)
                              d:/programm/mingw/bin/../lib/gcc/mingw32/4.9.3/../../..\libmingwex.a(glob.o) (__mingw_dirname)
d:/programm/mingw/bin/../lib/gcc/mingw32/4.9.3/../../..\libmingwex.a(dirent.o)
                              d:/programm/mingw/bin/../lib/gcc/mingw32/4.9.3/../../..\libmingwex.a(glob.o) (__mingw_opendir)
d:/programm/mingw/bin/../lib/gcc/mingw32/4.9.3/../../..\libmingwex.a(pformat.o)
                              d:/programm/mingw/bin/../lib/gcc/mingw32/4.9.3/../../..\libmingwex.a(vfprintf.o) (__mingw_pformat)
d:/programm/mingw/bin/../lib/gcc/mingw32/4.9.3/../../..\libmingwex.a(snprintf.o)
                              d:/programm/mingw/bin/../lib/gcc/mingw32/4.9.3/../../..\libmingwex.a(dirent.o) (snprintf)
d:/programm/mingw/bin/../lib/gcc/mingw32/4.9.3/../../..\libmingwex.a(vsnprintf.o)
                              d:/programm/mingw/bin/../lib/gcc/mingw32/4.9.3/../../..\libmingwex.a(snprintf.o) (__mingw_vsnprintf)
d:/programm/mingw/bin/../lib/gcc/mingw32/4.9.3/../../..\libmingwex.a(varofmt.o)
                              d:/programm/mingw/bin/../lib/gcc/mingw32/4.9.3/../../..\libmingwex.a(pformat.o) (__mingw_output_format_flag)
d:/programm/mingw/bin/../lib/gcc/mingw32/4.9.3/../../..\libmingwex.a(mbrtowc.o)
                              d:/programm/mingw/bin/../lib/gcc/mingw32/4.9.3/../../..\libmingwex.a(pformat.o) (mbrtowc)
d:/programm/mingw/bin/../lib/gcc/mingw32/4.9.3/../../..\libmingwex.a(wcrtomb.o)
                              d:/programm/mingw/bin/../lib/gcc/mingw32/4.9.3/../../..\libmingwex.a(pformat.o) (wcrtomb)
d:/programm/mingw/bin/../lib/gcc/mingw32/4.9.3/../../..\libmingwex.a(gdtoa.o)
[...]
Memory Configuration

Name             Origin             Length             Attributes
*default*        0x00000000         0xffffffff

Linker script and memory map

                0x00400000                __image_base__ = 0x400000
                0x00000000                __dll__ = 0x0
                0x00400000                ___ImageBase = 0x400000
                0x00001000                __section_alignment__ = 0x1000
                0x00000200                __file_alignment__ = 0x200
                0x00000004                __major_os_version__ = 0x4
                0x00000000                __minor_os_version__ = 0x0
                0x00000001                __major_image_version__ = 0x1
                0x00000000                __minor_image_version__ = 0x0
                0x00000004                __major_subsystem_version__ = 0x4
                0x00000000                __minor_subsystem_version__ = 0x0
                0x00000003                __subsystem__ = 0x3
                0x00200000                __size_of_stack_reserve__ = 0x200000
                0x00001000                __size_of_stack_commit__ = 0x1000
                0x00100000                __size_of_heap_reserve__ = 0x100000
                0x00001000                __size_of_heap_commit__ = 0x1000
                0x00000000                __loader_flags__ = 0x0
                0x00000000                __dll_characteristics__ = 0x0
LOAD d:/programm/mingw/bin/../lib/gcc/mingw32/4.9.3/../../../crt2.o
LOAD d:/programm/mingw/bin/../lib/gcc/mingw32/4.9.3/crtbegin.o
LOAD E:\NeuOrga\Programmieren\c_cpp\github_os\output\os_base\obj_x86_test\os_task_queue_test.o
LOAD d:/programm/mingw/bin/../lib/gcc/mingw32/4.9.3\libstdc++.a
LOAD d:/programm/mingw/bin/../lib/gcc/mingw32/4.9.3/../../..\libmingw32.a
LOAD d:/programm/mingw/bin/../lib/gcc/mingw32/4.9.3\libgcc.a
LOAD d:/programm/mingw/bin/../lib/gcc/mingw32/4.9.3\libgcc_eh.a
LOAD d:/programm/mingw/bin/../lib/gcc/mingw32/4.9.3/../../..\libmoldname.a
LOAD d:/programm/mingw/bin/../lib/gcc/mingw32/4.9.3/../../..\libmingwex.a
LOAD d:/programm/mingw/bin/../lib/gcc/mingw32/4.9.3/../../..\libmsvcrt.a
LOAD d:/programm/mingw/bin/../lib/gcc/mingw32/4.9.3/../../..\libadvapi32.a
LOAD d:/programm/mingw/bin/../lib/gcc/mingw32/4.9.3/../../..\libshell32.a
LOAD d:/programm/mingw/bin/../lib/gcc/mingw32/4.9.3/../../..\libuser32.a
LOAD d:/programm/mingw/bin/../lib/gcc/mingw32/4.9.3/../../..\libkernel32.a
LOAD d:/programm/mingw/bin/../lib/gcc/mingw32/4.9.3/../../..\libmingw32.a
LOAD d:/programm/mingw/bin/../lib/gcc/mingw32/4.9.3\libgcc.a
LOAD d:/programm/mingw/bin/../lib/gcc/mingw32/4.9.3\libgcc_eh.a
LOAD d:/programm/mingw/bin/../lib/gcc/mingw32/4.9.3/../../..\libmoldname.a
LOAD d:/programm/mingw/bin/../lib/gcc/mingw32/4.9.3/../../..\libmingwex.a
LOAD d:/programm/mingw/bin/../lib/gcc/mingw32/4.9.3/../../..\libmsvcrt.a
LOAD d:/programm/mingw/bin/../lib/gcc/mingw32/4.9.3/crtend.o
                0x000003a8                . = SIZEOF_HEADERS
                0x00001000                . = ALIGN (__section_alignment__)

.text           0x00401000     0x9a00
 *(.init)
 *(.text)
 .text          0x00401000      0x300 d:/programm/mingw/bin/../lib/gcc/mingw32/4.9.3/../../../crt2.o
                0x00401260                _mingw32_init_mainargs
                0x004012a0                mainCRTStartup
                0x004012c0                WinMainCRTStartup
                0x004012e0                atexit
                0x004012f0                _onexit
 .text          0x00401300      0x110 d:/programm/mingw/bin/../lib/gcc/mingw32/4.9.3/crtbegin.o
                0x00401300                __gcc_register_frame
                0x004013b0                __gcc_deregister_frame
 .text          0x00401410     0x2544 E:\NeuOrga\Programmieren\c_cpp\github_os\output\os_base\obj_x86_test\os_task_queue_test.o
                0x00403097                main
 .text          0x00403954        0x0 d:/programm/mingw/bin/../lib/gcc/mingw32/4.9.3/../../..\libmingw32.a(CRTglob.o)
 *fill*         0x00403954        0xc 
 .text          0x00403960      0x310 d:/programm/mingw/bin/../lib/gcc/mingw32/4.9.3/../../..\libmingw32.a(setargv.o)
                0x00403960                _setargv
 .text          0x00403c70        0x0 d:/programm/mingw/bin/../lib/gcc/mingw32/4.9.3/../../..\libmingw32.a(CRTfmode.o)
 .text          0x00403c70       0xe0 d:/programm/mingw/bin/../lib/gcc/mingw32/4.9.3/../../..\libmingw32.a(cpu_features.o)
                0x00403c70                __cpu_features_init
 .text          0x00403d50       0x10 d:/programm/mingw/bin/../lib/gcc/mingw32/4.9.3/../../..\libmingw32.a(CRT_fp10.o)
                0x00403d50                fpreset
                0x00403d50                _fpreset
 .text          0x00403d60        0x0 d:/programm/mingw/bin/../lib/gcc/mingw32/4.9.3/../../..\libmingw32.a(txtmode.o)
 .text          0x00403d60       0xa0 d:/programm/mingw/bin/../lib/gcc/mingw32/4.9.3/../../..\libmingw32.a(gccmain.o)
                0x00403d60                __do_global_dtors
                0x00403d90                __do_global_ctors
                0x00403de0                __main
 .text          0x00403e00       0xf0 d:/programm/mingw/bin/../lib/gcc/mingw32/4.9.3/../../..\libmingw32.a(tlssup.o)
                0x00403e50                __dyn_tls_init@12
                0x00403ee0                __tlregdtor
 .text          0x00403ef0      0x240 d:/programm/mingw/bin/../lib/gcc/mingw32/4.9.3/../../..\libmingw32.a(tlsthrd.o)
                0x00403f60                ___w64_mingwthr_add_key_dtor
                0x00403ff0                ___w64_mingwthr_remove_key_dtor
                0x00404090                __mingw_TLScallback
 .text          0x00404130      0x320 d:/programm/mingw/bin/../lib/gcc/mingw32/4.9.3/../../..\libmingw32.a(pseudo-reloc.o)
                0x00404270                _pei386_runtime_relocator
 .text          0x00404450        0x0 d:/programm/mingw/bin/../lib/gcc/mingw32/4.9.3/../../..\libmingw32.a(pseudo-reloc-list.o)
 .text          0x00404450        0x0 d:/programm/mingw/bin/../lib/gcc/mingw32/4.9.3/../../..\libmingw32.a(crtst.o)
 .text          0x00404450       0x2c d:/programm/mingw/bin/../lib/gcc/mingw32/4.9.3\libgcc.a(_chkstk_ms.o)
                0x00404450                __chkstk_ms
 .text          0x0040447c        0x0 d:/programm/mingw/bin/../lib/gcc/mingw32/4.9.3\libgcc.a(_ctors.o)
 *fill*         0x0040447c        0x4 
 .text          0x00404480       0x40 d:/programm/mingw/bin/../lib/gcc/mingw32/4.9.3/../../..\libmingwex.a(vfprintf.o)
                0x00404480                __mingw_vfprintf
 .text          0x004044c0      0xd00 d:/programm/mingw/bin/../lib/gcc/mingw32/4.9.3/../../..\libmingwex.a(glob.o)
                0x004050c0                __mingw_glob
                0x004051a0                __mingw_globfree
 .text          0x004051c0      0x400 d:/programm/mingw/bin/../lib/gcc/mingw32/4.9.3/../../..\libmingwex.a(dirname.o)
                0x004051c0                __mingw_dirname
 .text          0x004055c0      0x4b0 d:/programm/mingw/bin/../lib/gcc/mingw32/4.9.3/../../..\libmingwex.a(dirent.o)
                0x00405730                __mingw_opendir
                0x004058d0                __mingw_readdir
                0x00405920                __mingw_closedir
                0x00405970                __mingw_rewinddir
                0x004059d0                __mingw_telldir
                0x00405a00                __mingw_seekdir
 .text          0x00405a70     0x1f10 d:/programm/mingw/bin/../lib/gcc/mingw32/4.9.3/../../..\libmingwex.a(pformat.o)
                0x00407010                __mingw_pformat
 .text          0x00407980       0x30 d:/programm/mingw/bin/../lib/gcc/mingw32/4.9.3/../../..\libmingwex.a(snprintf.o)
                0x00407980                snprintf
                0x00407980                __mingw_snprintf
 .text          0x004079b0       0x80 d:/programm/mingw/bin/../lib/gcc/mingw32/4.9.3/../../..\libmingwex.a(vsnprintf.o)
                0x004079b0                __mingw_vsnprintf
                0x004079b0                vsnprintf
 .text          0x00407a30        0x0 d:/programm/mingw/bin/../lib/gcc/mingw32/4.9.3/../../..\libmingwex.a(varofmt.o)
 .text          0x00407a30      0x420 d:/programm/mingw/bin/../lib/gcc/mingw32/4.9.3/../../..\libmingwex.a(mbrtowc.o)
                0x00407bb0                mbrtowc
                0x00407c50                mbsrtowcs
                0x00407dc0                mbrlen
 .text          0x00407e50      0x260 d:/programm/mingw/bin/../lib/gcc/mingw32/4.9.3/../../..\libmingwex.a(wcrtomb.o)
                0x00407ee0                wcrtomb
                0x00407f60                wcsrtombs
 .text          0x004080b0     0x14a0 d:/programm/mingw/bin/../lib/gcc/mingw32/4.9.3/../../..\libmingwex.a(gdtoa.o)
                0x004080b0                __gdtoa
 .text          0x00409550      0x160 d:/programm/mingw/bin/../lib/gcc/mingw32/4.9.3/../../..\libmingwex.a(gmisc.o)
                0x00409550                __rshift_D2A
                0x00409670                __trailz_D2A
 .text          0x004096b0      0x2b0 d:/programm/mingw/bin/../lib/gcc/mingw32/4.9.3/../../..\libmingwex.a(dmisc.o)
                0x004096b0                __rv_alloc_D2A
                0x004096f0                __nrv_alloc_D2A
                0x00409740                __freedtoa
                0x00409760                __quorem_D2A
 .text          0x00409960      0xb50 d:/programm/mingw/bin/../lib/gcc/mingw32/4.9.3/../../..\libmingwex.a(misc.o)
                0x00409a80                __Balloc_D2A
                0x00409b50                __Bfree_D2A
                0x00409bc0                __multadd_D2A
                0x00409ca0                __i2b_D2A
                0x00409cd0                __mult_D2A
                0x00409e30                __pow5mult_D2A
                0x00409fc0                __lshift_D2A
                0x0040a0d0                __cmp_D2A
                0x0040a120                __diff_D2A
                0x0040a2a0                __b2d_D2A
                0x0040a390                __d2b_D2A
                0x0040a480                __strcp_D2A
 .text          0x0040a4b0        0x8 d:/programm/mingw/bin/../lib/gcc/mingw32/4.9.3/../../..\libmsvcrt.a(dczfs00772.o)
                0x0040a4b0                wcstombs
 .text          0x0040a4b8        0x8 d:/programm/mingw/bin/../lib/gcc/mingw32/4.9.3/../../..\libmsvcrt.a(dczfs00761.o)
                0x0040a4b8                wcslen
 .text          0x0040a4c0        0x8 d:/programm/mingw/bin/../lib/gcc/mingw32/4.9.3/../../..\libmsvcrt.a(dczfs00748.o)
                0x0040a4c0                vfprintf
 .text          0x0040a4c8        0x8 d:/programm/mingw/bin/../lib/gcc/mingw32/4.9.3/../../..\libmsvcrt.a(dczfs00742.o)
                0x0040a4c8                tolower
 .text          0x0040a4d0        0x8 d:/programm/mingw/bin/../lib/gcc/mingw32/4.9.3/../../..\libmsvcrt.a(dczfs00739.o)
                0x0040a4d0                time
 .text          0x0040a4d8        0x8 d:/programm/mingw/bin/../lib/gcc/mingw32/4.9.3/../../..\libmsvcrt.a(dczfs00721.o)
                0x0040a4d8                strlen
 .text          0x0040a4e0        0x8 d:/programm/mingw/bin/../lib/gcc/mingw32/4.9.3/../../..\libmsvcrt.a(dczfs00716.o)
                0x0040a4e0                strcoll
 .text          0x0040a4e8        0x8 d:/programm/mingw/bin/../lib/gcc/mingw32/4.9.3/../../..\libmsvcrt.a(dczfs00714.o)
                0x0040a4e8                strchr
 .text          0x0040a4f0        0x8 d:/programm/mingw/bin/../lib/gcc/mingw32/4.9.3/../../..\libmsvcrt.a(dczfs00706.o)
                0x0040a4f0                signal
 .text          0x0040a4f8        0x8 d:/programm/mingw/bin/../lib/gcc/mingw32/4.9.3/../../..\libmsvcrt.a(dczfs00704.o)
                0x0040a4f8                setlocale
 .text          0x0040a500        0x8 d:/programm/mingw/bin/../lib/gcc/mingw32/4.9.3/../../..\libmsvcrt.a(dczfs00698.o)
                0x0040a500                realloc
 .text          0x0040a508        0x8 d:/programm/mingw/bin/../lib/gcc/mingw32/4.9.3/../../..\libmsvcrt.a(dczfs00684.o)
                0x0040a508                memset
 .text          0x0040a510        0x8 d:/programm/mingw/bin/../lib/gcc/mingw32/4.9.3/../../..\libmsvcrt.a(dczfs00682.o)
                0x0040a510                memcpy
 .text          0x0040a518        0x8 d:/programm/mingw/bin/../lib/gcc/mingw32/4.9.3/../../..\libmsvcrt.a(dczfs00678.o)
                0x0040a518                mbstowcs
 .text          0x0040a520        0x8 d:/programm/mingw/bin/../lib/gcc/mingw32/4.9.3/../../..\libmsvcrt.a(dczfs00676.o)
                0x0040a520                malloc
 .text          0x0040a528        0x8 d:/programm/mingw/bin/../lib/gcc/mingw32/4.9.3/../../..\libmsvcrt.a(dczfs00671.o)
                0x0040a528                localeconv
 .text          0x0040a530        0x8 d:/programm/mingw/bin/../lib/gcc/mingw32/4.9.3/../../..\libmsvcrt.a(dczfs00652.o)
                0x0040a530                isspace
 .text          0x0040a538        0x8 d:/programm/mingw/bin/../lib/gcc/mingw32/4.9.3/../../..\libmsvcrt.a(dczfs00637.o)
                0x0040a538                getenv
 .text          0x0040a540        0x8 d:/programm/mingw/bin/../lib/gcc/mingw32/4.9.3/../../..\libmsvcrt.a(dczfs00633.o)
                0x0040a540                fwrite
 .text          0x0040a548        0x8 d:/programm/mingw/bin/../lib/gcc/mingw32/4.9.3/../../..\libmsvcrt.a(dczfs00625.o)
                0x0040a548                free
 .text          0x0040a550        0x8 d:/programm/mingw/bin/../lib/gcc/mingw32/4.9.3/../../..\libmsvcrt.a(dczfs00620.o)
                0x0040a550                fputc
 .text          0x0040a558        0x8 d:/programm/mingw/bin/../lib/gcc/mingw32/4.9.3/../../..\libmsvcrt.a(dczfs00604.o)
                0x0040a558                exit
 .text          0x0040a560        0x8 d:/programm/mingw/bin/../lib/gcc/mingw32/4.9.3/../../..\libmsvcrt.a(dczfs00602.o)
                0x0040a560                difftime
 .text          0x0040a568        0x8 d:/programm/mingw/bin/../lib/gcc/mingw32/4.9.3/../../..\libmsvcrt.a(dczfs00595.o)
                0x0040a568                calloc
 .text          0x0040a570        0x8 d:/programm/mingw/bin/../lib/gcc/mingw32/4.9.3/../../..\libmsvcrt.a(dczfs00592.o)
                0x0040a570                atoi
 .text          0x0040a578        0x0 d:/programm/mingw/bin/../lib/gcc/mingw32/4.9.3/../../..\libmsvcrt.a(dczfs00590.o)
 .text          0x0040a578        0x8 d:/programm/mingw/bin/../lib/gcc/mingw32/4.9.3/../../..\libmsvcrt.a(dczfs00583.o)
                0x0040a578                abort
 .text          0x0040a580        0x8 d:/programm/mingw/bin/../lib/gcc/mingw32/4.9.3/../../..\libmsvcrt.a(dczfs00426.o)
                0x0040a580                _setmode
 .text          0x0040a588        0x0 d:/programm/mingw/bin/../lib/gcc/mingw32/4.9.3/../../..\libmsvcrt.a(dczfs00383.o)
 .text          0x0040a588        0x0 d:/programm/mingw/bin/../lib/gcc/mingw32/4.9.3/../../..\libmsvcrt.a(dczfs00266.o)
 .text          0x0040a588        0x8 d:/programm/mingw/bin/../lib/gcc/mingw32/4.9.3/../../..\libmsvcrt.a(dczfs00228.o)
                0x0040a588                _fullpath
 .text          0x0040a590        0x8 d:/programm/mingw/bin/../lib/gcc/mingw32/4.9.3/../../..\libmsvcrt.a(dczfs00182.o)
                0x0040a590                _errno
 .text          0x0040a598        0x8 d:/programm/mingw/bin/../lib/gcc/mingw32/4.9.3/../../..\libmsvcrt.a(dczfs00147.o)
                0x0040a598                _cexit
 .text          0x0040a5a0        0x8 d:/programm/mingw/bin/../lib/gcc/mingw32/4.9.3/../../..\libmsvcrt.a(dczfs00079.o)
                0x0040a5a0                __p__fmode
 .text          0x0040a5a8        0x8 d:/programm/mingw/bin/../lib/gcc/mingw32/4.9.3/../../..\libmsvcrt.a(dczfs00077.o)
                0x0040a5a8                __p__environ
 .text          0x0040a5b0        0x0 d:/programm/mingw/bin/../lib/gcc/mingw32/4.9.3/../../..\libmsvcrt.a(dczfs00065.o)
 .text          0x0040a5b0        0x8 d:/programm/mingw/bin/../lib/gcc/mingw32/4.9.3/../../..\libmsvcrt.a(dczfs00055.o)
                0x0040a5b0                __getmainargs
 .text          0x0040a5b8        0x0 d:/programm/mingw/bin/../lib/gcc/mingw32/4.9.3/../../..\libmsvcrt.a(dczfh.o)
 .text          0x0040a5b8        0x0 d:/programm/mingw/bin/../lib/gcc/mingw32/4.9.3/../../..\libmsvcrt.a(dczft.o)
 .text          0x0040a5b8        0x8 d:/programm/mingw/bin/../lib/gcc/mingw32/4.9.3/../../..\libkernel32.a(dchds01247.o)
                0x0040a5b8                WideCharToMultiByte@32
 .text          0x0040a5c0        0x8 d:/programm/mingw/bin/../lib/gcc/mingw32/4.9.3/../../..\libkernel32.a(dchds01215.o)
                0x0040a5c0                VirtualQuery@12
 .text          0x0040a5c8        0x8 d:/programm/mingw/bin/../lib/gcc/mingw32/4.9.3/../../..\libkernel32.a(dchds01213.o)
                0x0040a5c8                VirtualProtect@16
 .text          0x0040a5d0        0x8 d:/programm/mingw/bin/../lib/gcc/mingw32/4.9.3/../../..\libkernel32.a(dchds01173.o)
                0x0040a5d0                TlsGetValue@4
 .text          0x0040a5d8        0x8 d:/programm/mingw/bin/../lib/gcc/mingw32/4.9.3/../../..\libkernel32.a(dchds01152.o)
                0x0040a5d8                Sleep@4
 .text          0x0040a5e0        0x8 d:/programm/mingw/bin/../lib/gcc/mingw32/4.9.3/../../..\libkernel32.a(dchds01140.o)
                0x0040a5e0                SetUnhandledExceptionFilter@4
 .text          0x0040a5e8        0x8 d:/programm/mingw/bin/../lib/gcc/mingw32/4.9.3/../../..\libkernel32.a(dchds00860.o)
                0x0040a5e8                MultiByteToWideChar@24
 .text          0x0040a5f0        0x8 d:/programm/mingw/bin/../lib/gcc/mingw32/4.9.3/../../..\libkernel32.a(dchds00817.o)
                0x0040a5f0                LoadLibraryA@4
 .text          0x0040a5f8        0x8 d:/programm/mingw/bin/../lib/gcc/mingw32/4.9.3/../../..\libkernel32.a(dchds00814.o)
                0x0040a5f8                LeaveCriticalSection@4
 .text          0x0040a600        0x8 d:/programm/mingw/bin/../lib/gcc/mingw32/4.9.3/../../..\libkernel32.a(dchds00763.o)
                0x0040a600                IsDBCSLeadByteEx@8
 .text          0x0040a608        0x8 d:/programm/mingw/bin/../lib/gcc/mingw32/4.9.3/../../..\libkernel32.a(dchds00744.o)
                0x0040a608                InterlockedExchange@8
 .text          0x0040a610        0x8 d:/programm/mingw/bin/../lib/gcc/mingw32/4.9.3/../../..\libkernel32.a(dchds00734.o)
                0x0040a610                InitializeCriticalSection@4
 .text          0x0040a618        0x8 d:/programm/mingw/bin/../lib/gcc/mingw32/4.9.3/../../..\libkernel32.a(dchds00577.o)
                0x0040a618                GetProcAddress@8
 .text          0x0040a620        0x8 d:/programm/mingw/bin/../lib/gcc/mingw32/4.9.3/../../..\libkernel32.a(dchds00529.o)
                0x0040a620                GetModuleHandleA@4
 .text          0x0040a628        0x8 d:/programm/mingw/bin/../lib/gcc/mingw32/4.9.3/../../..\libkernel32.a(dchds00510.o)
                0x0040a628                GetLastError@0
 .text          0x0040a630        0x8 d:/programm/mingw/bin/../lib/gcc/mingw32/4.9.3/../../..\libkernel32.a(dchds00388.o)
                0x0040a630                GetCommandLineA@0
 .text          0x0040a638        0x8 d:/programm/mingw/bin/../lib/gcc/mingw32/4.9.3/../../..\libkernel32.a(dchds00352.o)
                0x0040a638                FreeLibrary@4
 .text          0x0040a640        0x8 d:/programm/mingw/bin/../lib/gcc/mingw32/4.9.3/../../..\libkernel32.a(dchds00321.o)
                0x0040a640                FindNextFileA@8
 .text          0x0040a648        0x8 d:/programm/mingw/bin/../lib/gcc/mingw32/4.9.3/../../..\libkernel32.a(dchds00304.o)
                0x0040a648                FindFirstFileA@8
 .text          0x0040a650        0x8 d:/programm/mingw/bin/../lib/gcc/mingw32/4.9.3/../../..\libkernel32.a(dchds00300.o)
                0x0040a650                FindClose@4
 .text          0x0040a658        0x8 d:/programm/mingw/bin/../lib/gcc/mingw32/4.9.3/../../..\libkernel32.a(dchds00279.o)
                0x0040a658                ExitProcess@4
 .text          0x0040a660        0x8 d:/programm/mingw/bin/../lib/gcc/mingw32/4.9.3/../../..\libkernel32.a(dchds00236.o)
                0x0040a660                EnterCriticalSection@4
 .text          0x0040a668        0x8 d:/programm/mingw/bin/../lib/gcc/mingw32/4.9.3/../../..\libkernel32.a(dchds00207.o)
                0x0040a668                DeleteCriticalSection@4
 .text          0x0040a670        0x0 d:/programm/mingw/bin/../lib/gcc/mingw32/4.9.3/../../..\libkernel32.a(dchdh.o)
 .text          0x0040a670        0x0 d:/programm/mingw/bin/../lib/gcc/mingw32/4.9.3/../../..\libkernel32.a(dchdt.o)
 .text          0x0040a670      0x110 d:/programm/mingw/bin/../lib/gcc/mingw32/4.9.3\libgcc.a(_udivdi3.o)
                0x0040a670                __udivdi3
 .text          0x0040a780      0x160 d:/programm/mingw/bin/../lib/gcc/mingw32/4.9.3\libgcc.a(_umoddi3.o)
                0x0040a780                __umoddi3
 .text          0x0040a8e0        0x8 d:/programm/mingw/bin/../lib/gcc/mingw32/4.9.3/../../..\libmoldname.a(dxpgs00082.o)
                0x0040a8e0                stricoll
 .text          0x0040a8e8        0x8 d:/programm/mingw/bin/../lib/gcc/mingw32/4.9.3/../../..\libmoldname.a(dxpgs00080.o)
                0x0040a8e8                strdup
 .text          0x0040a8f0        0x0 d:/programm/mingw/bin/../lib/gcc/mingw32/4.9.3/../../..\libmoldname.a(dxpgh.o)
 .text          0x0040a8f0        0x0 d:/programm/mingw/bin/../lib/gcc/mingw32/4.9.3/../../..\libmoldname.a(dxpgt.o)
 .text          0x0040a8f0        0x0 d:/programm/mingw/bin/../lib/gcc/mingw32/4.9.3/crtend.o
 *(SORT(.text$*))
 *(.text.*)
 .text.unlikely
                0x0040a8f0        0x0 d:/programm/mingw/bin/../lib/gcc/mingw32/4.9.3/crtbegin.o
 .text.unlikely
                0x0040a8f0        0x0 d:/programm/mingw/bin/../lib/gcc/mingw32/4.9.3\libgcc.a(_udivdi3.o)
 .text.unlikely
                0x0040a8f0        0x0 d:/programm/mingw/bin/../lib/gcc/mingw32/4.9.3\libgcc.a(_umoddi3.o)
 .text.unlikely
                0x0040a8f0        0x0 d:/programm/mingw/bin/../lib/gcc/mingw32/4.9.3/crtend.o
 .text.startup  0x0040a8f0       0x20 d:/programm/mingw/bin/../lib/gcc/mingw32/4.9.3/crtend.o
 *(.gnu.linkonce.t.*)
 *(.glue_7t)
 *(.glue_7)
                0x0040a910                ___CTOR_LIST__ = .
                0x0040a910                __CTOR_LIST__ = .
                0x0040a910        0x4 LONG 0xffffffff
 *(.ctors)
 *(.ctor)
 *(SORT(.ctors.*))
 .ctors.65535   0x0040a914        0x4 d:/programm/mingw/bin/../lib/gcc/mingw32/4.9.3/crtend.o
                0x0040a918        0x4 LONG 0x0
                0x0040a91c                ___DTOR_LIST__ = .
                0x0040a91c                __DTOR_LIST__ = .
                0x0040a91c        0x4 LONG 0xffffffff
 *(.dtors)
 *(.dtor)
 *(SORT(.dtors.*))
                0x0040a920        0x4 LONG 0x0
 *(.fini)
 *(.gcc_exc)
                [!provide]                PROVIDE (etext, .)
                [!provide]                PROVIDE (_etext, .)
 *(.gcc_except_table)

.data           0x0040b000      0x200
                0x0040b000                __data_start__ = .
 *(.data)
 .data          0x0040b000        0x0 d:/programm/mingw/bin/../lib/gcc/mingw32/4.9.3/../../../crt2.o
 .data          0x0040b000        0x0 d:/programm/mingw/bin/../lib/gcc/mingw32/4.9.3/crtbegin.o
 .data          0x0040b000        0x0 E:\NeuOrga\Programmieren\c_cpp\github_os\output\os_base\obj_x86_test\os_task_queue_test.o
 .data          0x0040b000        0x4 d:/programm/mingw/bin/../lib/gcc/mingw32/4.9.3/../../..\libmingw32.a(CRTglob.o)
                0x0040b000                _CRT_glob
 .data          0x0040b004        0x0 d:/programm/mingw/bin/../lib/gcc/mingw32/4.9.3/../../..\libmingw32.a(setargv.o)
 .data          0x0040b004        0x0 d:/programm/mingw/bin/../lib/gcc/mingw32/4.9.3/../../..\libmingw32.a(CRTfmode.o)
 .data          0x0040b004        0x0 d:/programm/mingw/bin/../lib/gcc/mingw32/4.9.3/../../..\libmingw32.a(cpu_features.o)
 .data          0x0040b004        0x0 d:/programm/mingw/bin/../lib/gcc/mingw32/4.9.3/../../..\libmingw32.a(CRT_fp10.o)
 .data          0x0040b004        0x4 d:/programm/mingw/bin/../lib/gcc/mingw32/4.9.3/../../..\libmingw32.a(txtmode.o)
                0x0040b004                _fmode
 .data          0x0040b008        0x4 d:/programm/mingw/bin/../lib/gcc/mingw32/4.9.3/../../..\libmingw32.a(gccmain.o)
 .data          0x0040b00c        0x0 d:/programm/mingw/bin/../lib/gcc/mingw32/4.9.3/../../..\libmingw32.a(tlssup.o)
 .data          0x0040b00c        0x0 d:/programm/mingw/bin/../lib/gcc/mingw32/4.9.3/../../..\libmingw32.a(tlsthrd.o)
 .data          0x0040b00c        0x0 d:/programm/mingw/bin/../lib/gcc/mingw32/4.9.3/../../..\libmingw32.a(pseudo-reloc.o)
 .data          0x0040b00c        0x0 d:/programm/mingw/bin/../lib/gcc/mingw32/4.9.3/../../..\libmingw32.a(pseudo-reloc-list.o)
 .data          0x0040b00c        0x0 d:/programm/mingw/bin/../lib/gcc/mingw32/4.9.3/../../..\libmingw32.a(crtst.o)
 .data          0x0040b00c        0x0 d:/programm/mingw/bin/../lib/gcc/mingw32/4.9.3\libgcc.a(_chkstk_ms.o)
 .data          0x0040b00c        0x0 d:/programm/mingw/bin/../lib/gcc/mingw32/4.9.3\libgcc.a(_ctors.o)
 .data          0x0040b00c        0x0 d:/programm/mingw/bin/../lib/gcc/mingw32/4.9.3/../../..\libmingwex.a(vfprintf.o)
 .data          0x0040b00c        0x0 d:/programm/mingw/bin/../lib/gcc/mingw32/4.9.3/../../..\libmingwex.a(glob.o)
 .data          0x0040b00c        0x0 d:/programm/mingw/bin/../lib/gcc/mingw32/4.9.3/../../..\libmingwex.a(dirname.o)
 .data          0x0040b00c        0x0 d:/programm/mingw/bin/../lib/gcc/mingw32/4.9.3/../../..\libmingwex.a(dirent.o)
 .data          0x0040b00c       0x14 d:/programm/mingw/bin/../lib/gcc/mingw32/4.9.3/../../..\libmingwex.a(pformat.o)
 .data          0x0040b020        0x0 d:/programm/mingw/bin/../lib/gcc/mingw32/4.9.3/../../..\libmingwex.a(snprintf.o)
 .data          0x0040b020        0x0 d:/programm/mingw/bin/../lib/gcc/mingw32/4.9.3/../../..\libmingwex.a(vsnprintf.o)
 .data          0x0040b020        0x0 d:/programm/mingw/bin/../lib/gcc/mingw32/4.9.3/../../..\libmingwex.a(varofmt.o)
 .data          0x0040b020        0x0 d:/programm/mingw/bin/../lib/gcc/mingw32/4.9.3/../../..\libmingwex.a(mbrtowc.o)
 .data          0x0040b020        0x0 d:/programm/mingw/bin/../lib/gcc/mingw32/4.9.3/../../..\libmingwex.a(wcrtomb.o)
 .data          0x0040b020        0x0 d:/programm/mingw/bin/../lib/gcc/mingw32/4.9.3/../../..\libmingwex.a(gdtoa.o)
 .data          0x0040b020        0x0 d:/programm/mingw/bin/../lib/gcc/mingw32/4.9.3/../../..\libmingwex.a(gmisc.o)
 .data          0x0040b020        0x0 d:/programm/mingw/bin/../lib/gcc/mingw32/4.9.3/../../..\libmingwex.a(dmisc.o)
 .data          0x0040b020        0x4 d:/programm/mingw/bin/../lib/gcc/mingw32/4.9.3/../../..\libmingwex.a(misc.o)
 .data          0x0040b024        0x0 d:/programm/mingw/bin/../lib/gcc/mingw32/4.9.3/../../..\libmsvcrt.a(dczfs00772.o)
 .data          0x0040b024        0x0 d:/programm/mingw/bin/../lib/gcc/mingw32/4.9.3/../../..\libmsvcrt.a(dczfs00761.o)
 .data          0x0040b024        0x0 d:/programm/mingw/bin/../lib/gcc/mingw32/4.9.3/../../..\libmsvcrt.a(dczfs00748.o)
 .data          0x0040b024        0x0 d:/programm/mingw/bin/../lib/gcc/mingw32/4.9.3/../../..\libmsvcrt.a(dczfs00742.o)
 .data          0x0040b024        0x0 d:/programm/mingw/bin/../lib/gcc/mingw32/4.9.3/../../..\libmsvcrt.a(dczfs00739.o)
 .data          0x0040b024        0x0 d:/programm/mingw/bin/../lib/gcc/mingw32/4.9.3/../../..\libmsvcrt.a(dczfs00721.o)
 .data          0x0040b024        0x0 d:/programm/mingw/bin/../lib/gcc/mingw32/4.9.3/../../..\libmsvcrt.a(dczfs00716.o)
 .data          0x0040b024        0x0 d:/programm/mingw/bin/../lib/gcc/mingw32/4.9.3/../../..\libmsvcrt.a(dczfs00714.o)
 .data          0x0040b024        0x0 d:/programm/mingw/bin/../lib/gcc/mingw32/4.9.3/../../..\libmsvcrt.a(dczfs00706.o)
 .data          0x0040b024        0x0 d:/programm/mingw/bin/../lib/gcc/mingw32/4.9.3/../../..\libmsvcrt.a(dczfs00704.o)
 .data          0x0040b024        0x0 d:/programm/mingw/bin/../lib/gcc/mingw32/4.9.3/../../..\libmsvcrt.a(dczfs00698.o)
 .data          0x0040b024        0x0 d:/programm/mingw/bin/../lib/gcc/mingw32/4.9.3/../../..\libmsvcrt.a(dczfs00684.o)
 .data          0x0040b024        0x0 d:/programm/mingw/bin/../lib/gcc/mingw32/4.9.3/../../..\libmsvcrt.a(dczfs00682.o)
 .data          0x0040b024        0x0 d:/programm/mingw/bin/../lib/gcc/mingw32/4.9.3/../../..\libmsvcrt.a(dczfs00678.o)
 .data          0x0040b024        0x0 d:/programm/mingw/bin/../lib/gcc/mingw32/4.9.3/../../..\libmsvcrt.a(dczfs00676.o)
 .data          0x0040b024        0x0 d:/programm/mingw/bin/../lib/gcc/mingw32/4.9.3/../../..\libmsvcrt.a(dczfs00671.o)
 .data          0x0040b024        0x0 d:/programm/mingw/bin/../lib/gcc/mingw32/4.9.3/../../..\libmsvcrt.a(dczfs00652.o)
 .data          0x0040b024        0x0 d:/programm/mingw/bin/../lib/gcc/mingw32/4.9.3/../../..\libmsvcrt.a(dczfs00637.o)
 .data          0x0040b024        0x0 d:/programm/mingw/bin/../lib/gcc/mingw32/4.9.3/../../..\libmsvcrt.a(dczfs00633.o)
 .data          0x0040b024        0x0 d:/programm/mingw/bin/../lib/gcc/mingw32/4.9.3/../../..\libmsvcrt.a(dczfs00625.o)
 .data          0x0040b024        0x0 d:/programm/mingw/bin/../lib/gcc/mingw32/4.9.3/../../..\libmsvcrt.a(dczfs00620.o)
 .data          0x0040b024        0x0 d:/programm/mingw/bin/../lib/gcc/mingw32/4.9.3/../../..\libmsvcrt.a(dczfs00604.o)
 .data          0x0040b024        0x0 d:/programm/mingw/bin/../lib/gcc/mingw32/4.9.3/../../..\libmsvcrt.a(dczfs00602.o)
 .data          0x0040b024        0x0 d:/programm/mingw/bin/../lib/gcc/mingw32/4.9.3/../../..\libmsvcrt.a(dczfs00595.o)
 .data          0x0040b024        0x0 d:/programm/mingw/bin/../lib/gcc/mingw32/4.9.3/../../..\libmsvcrt.a(dczfs00592.o)
 .data          0x0040b024        0x0 d:/programm/mingw/bin/../lib/gcc/mingw32/4.9.3/../../..\libmsvcrt.a(dczfs00590.o)
 .data          0x0040b024        0x0 d:/programm/mingw/bin/../lib/gcc/mingw32/4.9.3/../../..\libmsvcrt.a(dczfs00583.o)
 .data          0x0040b024        0x0 d:/programm/mingw/bin/../lib/gcc/mingw32/4.9.3/../../..\libmsvcrt.a(dczfs00426.o)
 .data          0x0040b024        0x0 d:/programm/mingw/bin/../lib/gcc/mingw32/4.9.3/../../..\libmsvcrt.a(dczfs00383.o)
 .data          0x0040b024        0x0 d:/programm/mingw/bin/../lib/gcc/mingw32/4.9.3/../../..\libmsvcrt.a(dczfs00266.o)
 .data          0x0040b024        0x0 d:/programm/mingw/bin/../lib/gcc/mingw32/4.9.3/../../..\libmsvcrt.a(dczfs00228.o)
 .data          0x0040b024        0x0 d:/programm/mingw/bin/../lib/gcc/mingw32/4.9.3/../../..\libmsvcrt.a(dczfs00182.o)
 .data          0x0040b024        0x0 d:/programm/mingw/bin/../lib/gcc/mingw32/4.9.3/../../..\libmsvcrt.a(dczfs00147.o)
 .data          0x0040b024        0x0 d:/programm/mingw/bin/../lib/gcc/mingw32/4.9.3/../../..\libmsvcrt.a(dczfs00099.o)
 .data          0x0040b024        0x0 d:/programm/mingw/bin/../lib/gcc/mingw32/4.9.3/../../..\libmsvcrt.a(dczfs00079.o)
 .data          0x0040b024        0x0 d:/programm/mingw/bin/../lib/gcc/mingw32/4.9.3/../../..\libmsvcrt.a(dczfs00077.o)
 .data          0x0040b024        0x0 d:/programm/mingw/bin/../lib/gcc/mingw32/4.9.3/../../..\libmsvcrt.a(dczfs00065.o)
 .data          0x0040b024        0x0 d:/programm/mingw/bin/../lib/gcc/mingw32/4.9.3/../../..\libmsvcrt.a(dczfs00055.o)
 .data          0x0040b024        0x0 d:/programm/mingw/bin/../lib/gcc/mingw32/4.9.3/../../..\libmsvcrt.a(dczfh.o)
 .data          0x0040b024        0x0 d:/programm/mingw/bin/../lib/gcc/mingw32/4.9.3/../../..\libmsvcrt.a(dczft.o)
 .data          0x0040b024        0x0 d:/programm/mingw/bin/../lib/gcc/mingw32/4.9.3/../../..\libkernel32.a(dchds01247.o)
 .data          0x0040b024        0x0 d:/programm/mingw/bin/../lib/gcc/mingw32/4.9.3/../../..\libkernel32.a(dchds01215.o)
 .data          0x0040b024        0x0 d:/programm/mingw/bin/../lib/gcc/mingw32/4.9.3/../../..\libkernel32.a(dchds01213.o)
 .data          0x0040b024        0x0 d:/programm/mingw/bin/../lib/gcc/mingw32/4.9.3/../../..\libkernel32.a(dchds01173.o)
 .data          0x0040b024        0x0 d:/programm/mingw/bin/../lib/gcc/mingw32/4.9.3/../../..\libkernel32.a(dchds01152.o)
 .data          0x0040b024        0x0 d:/programm/mingw/bin/../lib/gcc/mingw32/4.9.3/../../..\libkernel32.a(dchds01140.o)
 .data          0x0040b024        0x0 d:/programm/mingw/bin/../lib/gcc/mingw32/4.9.3/../../..\libkernel32.a(dchds00860.o)
 .data          0x0040b024        0x0 d:/programm/mingw/bin/../lib/gcc/mingw32/4.9.3/../../..\libkernel32.a(dchds00817.o)
 .data          0x0040b024        0x0 d:/programm/mingw/bin/../lib/gcc/mingw32/4.9.3/../../..\libkernel32.a(dchds00814.o)
 .data          0x0040b024        0x0 d:/programm/mingw/bin/../lib/gcc/mingw32/4.9.3/../../..\libkernel32.a(dchds00763.o)
 .data          0x0040b024        0x0 d:/programm/mingw/bin/../lib/gcc/mingw32/4.9.3/../../..\libkernel32.a(dchds00744.o)
 .data          0x0040b024        0x0 d:/programm/mingw/bin/../lib/gcc/mingw32/4.9.3/../../..\libkernel32.a(dchds00734.o)
 .data          0x0040b024        0x0 d:/programm/mingw/bin/../lib/gcc/mingw32/4.9.3/../../..\libkernel32.a(dchds00577.o)
 .data          0x0040b024        0x0 d:/programm/mingw/bin/../lib/gcc/mingw32/4.9.3/../../..\libkernel32.a(dchds00529.o)
 .data          0x0040b024        0x0 d:/programm/mingw/bin/../lib/gcc/mingw32/4.9.3/../../..\libkernel32.a(dchds00510.o)
 .data          0x0040b024        0x0 d:/programm/mingw/bin/../lib/gcc/mingw32/4.9.3/../../..\libkernel32.a(dchds00388.o)
 .data          0x0040b024        0x0 d:/programm/mingw/bin/../lib/gcc/mingw32/4.9.3/../../..\libkernel32.a(dchds00352.o)
 .data          0x0040b024        0x0 d:/programm/mingw/bin/../lib/gcc/mingw32/4.9.3/../../..\libkernel32.a(dchds00321.o)
 .data          0x0040b024        0x0 d:/programm/mingw/bin/../lib/gcc/mingw32/4.9.3/../../..\libkernel32.a(dchds00304.o)
 .data          0x0040b024        0x0 d:/programm/mingw/bin/../lib/gcc/mingw32/4.9.3/../../..\libkernel32.a(dchds00300.o)
 .data          0x0040b024        0x0 d:/programm/mingw/bin/../lib/gcc/mingw32/4.9.3/../../..\libkernel32.a(dchds00279.o)
 .data          0x0040b024        0x0 d:/programm/mingw/bin/../lib/gcc/mingw32/4.9.3/../../..\libkernel32.a(dchds00236.o)
 .data          0x0040b024        0x0 d:/programm/mingw/bin/../lib/gcc/mingw32/4.9.3/../../..\libkernel32.a(dchds00207.o)
 .data          0x0040b024        0x0 d:/programm/mingw/bin/../lib/gcc/mingw32/4.9.3/../../..\libkernel32.a(dchdh.o)
 .data          0x0040b024        0x0 d:/programm/mingw/bin/../lib/gcc/mingw32/4.9.3/../../..\libkernel32.a(dchdt.o)
 .data          0x0040b024        0x0 d:/programm/mingw/bin/../lib/gcc/mingw32/4.9.3\libgcc.a(_udivdi3.o)
 .data          0x0040b024        0x0 d:/programm/mingw/bin/../lib/gcc/mingw32/4.9.3\libgcc.a(_umoddi3.o)
 .data          0x0040b024        0x0 d:/programm/mingw/bin/../lib/gcc/mingw32/4.9.3/../../..\libmoldname.a(dxpgs00082.o)
 .data          0x0040b024        0x0 d:/programm/mingw/bin/../lib/gcc/mingw32/4.9.3/../../..\libmoldname.a(dxpgs00080.o)
 .data          0x0040b024        0x0 d:/programm/mingw/bin/../lib/gcc/mingw32/4.9.3/../../..\libmoldname.a(dxpgh.o)
 .data          0x0040b024        0x0 d:/programm/mingw/bin/../lib/gcc/mingw32/4.9.3/../../..\libmoldname.a(dxpgt.o)
 .data          0x0040b024        0x0 d:/programm/mingw/bin/../lib/gcc/mingw32/4.9.3/crtend.o
 *(.data2)
 *(SORT(.data$*))
 *(.jcr)
 .jcr           0x0040b024        0x0 d:/programm/mingw/bin/../lib/gcc/mingw32/4.9.3/crtbegin.o
 .jcr           0x0040b024        0x4 d:/programm/mingw/bin/../lib/gcc/mingw32/4.9.3/crtend.o
                0x0040b028                __data_end__ = .
 *(.data_cygwin_nocopy)

.rdata          0x0040c000      0xc00
 *(.rdata)
 .rdata         0x0040c000       0xc0 d:/programm/mingw/bin/../lib/gcc/mingw32/4.9.3/crtbegin.o
 .rdata         0x0040c0c0      0x3d0 E:\NeuOrga\Programmieren\c_cpp\github_os\output\os_base\obj_x86_test\os_task_queue_test.o
 .rdata         0x0040c490        0x4 d:/programm/mingw/bin/../lib/gcc/mingw32/4.9.3/../../..\libmingw32.a(tlssup.o)
                0x0040c490                __dyn_tls_init_callback
 .rdata         0x0040c494       0xac d:/programm/mingw/bin/../lib/gcc/mingw32/4.9.3/../../..\libmingw32.a(pseudo-reloc.o)
 .rdata         0x0040c540       0x14 d:/programm/mingw/bin/../lib/gcc/mingw32/4.9.3/../../..\libmingwex.a(glob.o)
 .rdata         0x0040c554        0x8 d:/programm/mingw/bin/../lib/gcc/mingw32/4.9.3/../../..\libmingwex.a(dirname.o)
 .rdata         0x0040c55c        0x4 d:/programm/mingw/bin/../lib/gcc/mingw32/4.9.3/../../..\libmingwex.a(dirent.o)
 .rdata         0x0040c560      0x1a0 d:/programm/mingw/bin/../lib/gcc/mingw32/4.9.3/../../..\libmingwex.a(pformat.o)
 .rdata         0x0040c700       0x68 d:/programm/mingw/bin/../lib/gcc/mingw32/4.9.3/../../..\libmingwex.a(gdtoa.o)
 *fill*         0x0040c768       0x18 
 .rdata         0x0040c780      0x160 d:/programm/mingw/bin/../lib/gcc/mingw32/4.9.3/../../..\libmingwex.a(misc.o)
                0x0040c7a0                __tens_D2A
                0x0040c860                __tinytens_D2A
                0x0040c8a0                __bigtens_D2A
 .rdata         0x0040c8e0       0x5c d:/programm/mingw/bin/../lib/gcc/mingw32/4.9.3/crtend.o
 *(SORT(.rdata$*))
 .rdata$zzz     0x0040c93c       0x14 d:/programm/mingw/bin/../lib/gcc/mingw32/4.9.3/../../../crt2.o
 .rdata$zzz     0x0040c950       0x14 d:/programm/mingw/bin/../lib/gcc/mingw32/4.9.3/crtbegin.o
 .rdata$zzz     0x0040c964       0x14 E:\NeuOrga\Programmieren\c_cpp\github_os\output\os_base\obj_x86_test\os_task_queue_test.o
 .rdata$zzz     0x0040c978       0x14 d:/programm/mingw/bin/../lib/gcc/mingw32/4.9.3/../../..\libmingw32.a(CRTglob.o)
 .rdata$zzz     0x0040c98c       0x14 d:/programm/mingw/bin/../lib/gcc/mingw32/4.9.3/../../..\libmingw32.a(setargv.o)
 .rdata$zzz     0x0040c9a0       0x14 d:/programm/mingw/bin/../lib/gcc/mingw32/4.9.3/../../..\libmingw32.a(CRTfmode.o)
 .rdata$zzz     0x0040c9b4       0x14 d:/programm/mingw/bin/../lib/gcc/mingw32/4.9.3/../../..\libmingw32.a(cpu_features.o)
 .rdata$zzz     0x0040c9c8       0x14 d:/programm/mingw/bin/../lib/gcc/mingw32/4.9.3/../../..\libmingw32.a(CRT_fp10.o)
 .rdata$zzz     0x0040c9dc       0x14 d:/programm/mingw/bin/../lib/gcc/mingw32/4.9.3/../../..\libmingw32.a(txtmode.o)
 .rdata$zzz     0x0040c9f0       0x14 d:/programm/mingw/bin/../lib/gcc/mingw32/4.9.3/../../..\libmingw32.a(gccmain.o)
 .rdata$zzz     0x0040ca04       0x14 d:/programm/mingw/bin/../lib/gcc/mingw32/4.9.3/../../..\libmingw32.a(tlssup.o)
 .rdata$zzz     0x0040ca18       0x14 d:/programm/mingw/bin/../lib/gcc/mingw32/4.9.3/../../..\libmingw32.a(tlsthrd.o)
 .rdata$zzz     0x0040ca2c       0x14 d:/programm/mingw/bin/../lib/gcc/mingw32/4.9.3/../../..\libmingw32.a(pseudo-reloc.o)
 .rdata$zzz     0x0040ca40       0x14 d:/programm/mingw/bin/../lib/gcc/mingw32/4.9.3/../../..\libmingw32.a(pseudo-reloc-list.o)
 .rdata$zzz     0x0040ca54       0x14 d:/programm/mingw/bin/../lib/gcc/mingw32/4.9.3/../../..\libmingw32.a(crtst.o)
 .rdata$zzz     0x0040ca68       0x14 d:/programm/mingw/bin/../lib/gcc/mingw32/4.9.3\libgcc.a(_ctors.o)
 .rdata$zzz     0x0040ca7c       0x14 d:/programm/mingw/bin/../lib/gcc/mingw32/4.9.3/../../..\libmingwex.a(vfprintf.o)
 .rdata$zzz     0x0040ca90       0x14 d:/programm/mingw/bin/../lib/gcc/mingw32/4.9.3/../../..\libmingwex.a(glob.o)
 .rdata$zzz     0x0040caa4       0x14 d:/programm/mingw/bin/../lib/gcc/mingw32/4.9.3/../../..\libmingwex.a(dirname.o)
 .rdata$zzz     0x0040cab8       0x14 d:/programm/mingw/bin/../lib/gcc/mingw32/4.9.3/../../..\libmingwex.a(dirent.o)
 .rdata$zzz     0x0040cacc       0x14 d:/programm/mingw/bin/../lib/gcc/mingw32/4.9.3/../../..\libmingwex.a(pformat.o)
 .rdata$zzz     0x0040cae0       0x14 d:/programm/mingw/bin/../lib/gcc/mingw32/4.9.3/../../..\libmingwex.a(snprintf.o)
 .rdata$zzz     0x0040caf4       0x14 d:/programm/mingw/bin/../lib/gcc/mingw32/4.9.3/../../..\libmingwex.a(vsnprintf.o)
 .rdata$zzz     0x0040cb08       0x14 d:/programm/mingw/bin/../lib/gcc/mingw32/4.9.3/../../..\libmingwex.a(varofmt.o)
 .rdata$zzz     0x0040cb1c       0x14 d:/programm/mingw/bin/../lib/gcc/mingw32/4.9.3/../../..\libmingwex.a(mbrtowc.o)
 .rdata$zzz     0x0040cb30       0x14 d:/programm/mingw/bin/../lib/gcc/mingw32/4.9.3/../../..\libmingwex.a(wcrtomb.o)
 .rdata$zzz     0x0040cb44       0x14 d:/programm/mingw/bin/../lib/gcc/mingw32/4.9.3/../../..\libmingwex.a(gdtoa.o)
 .rdata$zzz     0x0040cb58       0x14 d:/programm/mingw/bin/../lib/gcc/mingw32/4.9.3/../../..\libmingwex.a(gmisc.o)
 .rdata$zzz     0x0040cb6c       0x14 d:/programm/mingw/bin/../lib/gcc/mingw32/4.9.3/../../..\libmingwex.a(dmisc.o)
 .rdata$zzz     0x0040cb80       0x14 d:/programm/mingw/bin/../lib/gcc/mingw32/4.9.3/../../..\libmingwex.a(misc.o)
 .rdata$zzz     0x0040cb94       0x14 d:/programm/mingw/bin/../lib/gcc/mingw32/4.9.3\libgcc.a(_udivdi3.o)
 .rdata$zzz     0x0040cba8       0x14 d:/programm/mingw/bin/../lib/gcc/mingw32/4.9.3\libgcc.a(_umoddi3.o)
 .rdata$zzz     0x0040cbbc       0x14 d:/programm/mingw/bin/../lib/gcc/mingw32/4.9.3/crtend.o
                0x0040cbd0                __rt_psrelocs_start = .
 *(.rdata_runtime_pseudo_reloc)
                0x0040cbd0                __rt_psrelocs_end = .
                0x00000000                __rt_psrelocs_size = (__rt_psrelocs_end - __rt_psrelocs_start)
                0x0040cbd0                ___RUNTIME_PSEUDO_RELOC_LIST_END__ = .
                0x0040cbd0                __RUNTIME_PSEUDO_RELOC_LIST_END__ = .
                0x0040cbd0                ___RUNTIME_PSEUDO_RELOC_LIST__ = (. - __rt_psrelocs_size)
                0x0040cbd0                __RUNTIME_PSEUDO_RELOC_LIST__ = (. - __rt_psrelocs_size)

.eh_frame       0x0040d000     0x1800
 *(.eh_frame*)
 .eh_frame      0x0040d000       0xc0 d:/programm/mingw/bin/../lib/gcc/mingw32/4.9.3/../../../crt2.o
 .eh_frame      0x0040d0c0       0x5c d:/programm/mingw/bin/../lib/gcc/mingw32/4.9.3/crtbegin.o
 .eh_frame      0x0040d11c       0xec E:\NeuOrga\Programmieren\c_cpp\github_os\output\os_base\obj_x86_test\os_task_queue_test.o
 .eh_frame      0x0040d208       0x58 d:/programm/mingw/bin/../lib/gcc/mingw32/4.9.3/../../..\libmingw32.a(setargv.o)
 .eh_frame      0x0040d260       0x38 d:/programm/mingw/bin/../lib/gcc/mingw32/4.9.3/../../..\libmingw32.a(cpu_features.o)
 .eh_frame      0x0040d298       0x2c d:/programm/mingw/bin/../lib/gcc/mingw32/4.9.3/../../..\libmingw32.a(CRT_fp10.o)
 .eh_frame      0x0040d2c4       0x68 d:/programm/mingw/bin/../lib/gcc/mingw32/4.9.3/../../..\libmingw32.a(gccmain.o)
 .eh_frame      0x0040d32c       0x88 d:/programm/mingw/bin/../lib/gcc/mingw32/4.9.3/../../..\libmingw32.a(tlssup.o)
 .eh_frame      0x0040d3b4       0xd4 d:/programm/mingw/bin/../lib/gcc/mingw32/4.9.3/../../..\libmingw32.a(tlsthrd.o)
 .eh_frame      0x0040d488       0xb0 d:/programm/mingw/bin/../lib/gcc/mingw32/4.9.3/../../..\libmingw32.a(pseudo-reloc.o)
 .eh_frame      0x0040d538       0x30 d:/programm/mingw/bin/../lib/gcc/mingw32/4.9.3/../../..\libmingwex.a(vfprintf.o)
 .eh_frame      0x0040d568      0x2a4 d:/programm/mingw/bin/../lib/gcc/mingw32/4.9.3/../../..\libmingwex.a(glob.o)
 .eh_frame      0x0040d80c       0x58 d:/programm/mingw/bin/../lib/gcc/mingw32/4.9.3/../../..\libmingwex.a(dirname.o)
 .eh_frame      0x0040d864      0x198 d:/programm/mingw/bin/../lib/gcc/mingw32/4.9.3/../../..\libmingwex.a(dirent.o)
 .eh_frame      0x0040d9fc      0x330 d:/programm/mingw/bin/../lib/gcc/mingw32/4.9.3/../../..\libmingwex.a(pformat.o)
 .eh_frame      0x0040dd2c       0x30 d:/programm/mingw/bin/../lib/gcc/mingw32/4.9.3/../../..\libmingwex.a(snprintf.o)
 .eh_frame      0x0040dd5c       0x50 d:/programm/mingw/bin/../lib/gcc/mingw32/4.9.3/../../..\libmingwex.a(vsnprintf.o)
 .eh_frame      0x0040ddac      0x128 d:/programm/mingw/bin/../lib/gcc/mingw32/4.9.3/../../..\libmingwex.a(mbrtowc.o)
 .eh_frame      0x0040ded4       0xfc d:/programm/mingw/bin/../lib/gcc/mingw32/4.9.3/../../..\libmingwex.a(wcrtomb.o)
 .eh_frame      0x0040dfd0       0xa0 d:/programm/mingw/bin/../lib/gcc/mingw32/4.9.3/../../..\libmingwex.a(gdtoa.o)
 .eh_frame      0x0040e070       0x98 d:/programm/mingw/bin/../lib/gcc/mingw32/4.9.3/../../..\libmingwex.a(gmisc.o)
 .eh_frame      0x0040e108       0xb8 d:/programm/mingw/bin/../lib/gcc/mingw32/4.9.3/../../..\libmingwex.a(dmisc.o)
 .eh_frame      0x0040e1c0      0x340 d:/programm/mingw/bin/../lib/gcc/mingw32/4.9.3/../../..\libmingwex.a(misc.o)
 .eh_frame      0x0040e500       0x9c d:/programm/mingw/bin/../lib/gcc/mingw32/4.9.3\libgcc.a(_udivdi3.o)
 .eh_frame      0x0040e59c       0x9c d:/programm/mingw/bin/../lib/gcc/mingw32/4.9.3\libgcc.a(_umoddi3.o)
 .eh_frame      0x0040e638       0x3c d:/programm/mingw/bin/../lib/gcc/mingw32/4.9.3/crtend.o

.pdata
 *(.pdata)

.bss            0x0040f000      0xa94
                0x0040f000                __bss_start__ = .
 *(.bss)
 .bss           0x0040f000        0x8 d:/programm/mingw/bin/../lib/gcc/mingw32/4.9.3/../../../crt2.o
                0x0040f000                _argv
                0x0040f004                _argc
 .bss           0x0040f008       0x18 d:/programm/mingw/bin/../lib/gcc/mingw32/4.9.3/crtbegin.o
 .bss           0x0040f020       0x60 E:\NeuOrga\Programmieren\c_cpp\github_os\output\os_base\obj_x86_test\os_task_queue_test.o
 .bss           0x0040f080        0x0 d:/programm/mingw/bin/../lib/gcc/mingw32/4.9.3/../../..\libmingw32.a(CRTglob.o)
 .bss           0x0040f080        0x0 d:/programm/mingw/bin/../lib/gcc/mingw32/4.9.3/../../..\libmingw32.a(setargv.o)
 .bss           0x0040f080        0x4 d:/programm/mingw/bin/../lib/gcc/mingw32/4.9.3/../../..\libmingw32.a(CRTfmode.o)
                0x0040f080                _CRT_fmode
 .bss           0x0040f084        0x4 d:/programm/mingw/bin/../lib/gcc/mingw32/4.9.3/../../..\libmingw32.a(cpu_features.o)
                0x0040f084                __cpu_features
 .bss           0x0040f088        0x0 d:/programm/mingw/bin/../lib/gcc/mingw32/4.9.3/../../..\libmingw32.a(CRT_fp10.o)
 .bss           0x0040f088        0x0 d:/programm/mingw/bin/../lib/gcc/mingw32/4.9.3/../../..\libmingw32.a(txtmode.o)
 .bss           0x0040f088        0x4 d:/programm/mingw/bin/../lib/gcc/mingw32/4.9.3/../../..\libmingw32.a(gccmain.o)
 .bss           0x0040f08c       0x10 d:/programm/mingw/bin/../lib/gcc/mingw32/4.9.3/../../..\libmingw32.a(tlssup.o)
                0x0040f08c                mingw_initltssuo_force
                0x0040f090                mingw_initltsdyn_force
                0x0040f094                mingw_initltsdrot_force
                0x0040f098                _tls_index
 .bss           0x0040f09c       0x20 d:/programm/mingw/bin/../lib/gcc/mingw32/4.9.3/../../..\libmingw32.a(tlsthrd.o)
 .bss           0x0040f0bc        0x4 d:/programm/mingw/bin/../lib/gcc/mingw32/4.9.3/../../..\libmingw32.a(pseudo-reloc.o)
 .bss           0x0040f0c0        0x4 d:/programm/mingw/bin/../lib/gcc/mingw32/4.9.3/../../..\libmingw32.a(pseudo-reloc-list.o)
 .bss           0x0040f0c4        0x4 d:/programm/mingw/bin/../lib/gcc/mingw32/4.9.3/../../..\libmingw32.a(crtst.o)
                0x0040f0c4                _CRT_MT
 .bss           0x0040f0c8        0x0 d:/programm/mingw/bin/../lib/gcc/mingw32/4.9.3\libgcc.a(_chkstk_ms.o)
 .bss           0x0040f0c8        0x0 d:/programm/mingw/bin/../lib/gcc/mingw32/4.9.3\libgcc.a(_ctors.o)
 .bss           0x0040f0c8        0x0 d:/programm/mingw/bin/../lib/gcc/mingw32/4.9.3/../../..\libmingwex.a(vfprintf.o)
 .bss           0x0040f0c8        0x0 d:/programm/mingw/bin/../lib/gcc/mingw32/4.9.3/../../..\libmingwex.a(glob.o)
 .bss           0x0040f0c8        0x4 d:/programm/mingw/bin/../lib/gcc/mingw32/4.9.3/../../..\libmingwex.a(dirname.o)
 .bss           0x0040f0cc        0x0 d:/programm/mingw/bin/../lib/gcc/mingw32/4.9.3/../../..\libmingwex.a(dirent.o)
 .bss           0x0040f0cc        0x0 d:/programm/mingw/bin/../lib/gcc/mingw32/4.9.3/../../..\libmingwex.a(pformat.o)
 .bss           0x0040f0cc        0x0 d:/programm/mingw/bin/../lib/gcc/mingw32/4.9.3/../../..\libmingwex.a(snprintf.o)
 .bss           0x0040f0cc        0x0 d:/programm/mingw/bin/../lib/gcc/mingw32/4.9.3/../../..\libmingwex.a(vsnprintf.o)
 .bss           0x0040f0cc        0x4 d:/programm/mingw/bin/../lib/gcc/mingw32/4.9.3/../../..\libmingwex.a(varofmt.o)
                0x0040f0cc                __mingw_output_format_flag
 .bss           0x0040f0d0        0xc d:/programm/mingw/bin/../lib/gcc/mingw32/4.9.3/../../..\libmingwex.a(mbrtowc.o)
 .bss           0x0040f0dc        0x0 d:/programm/mingw/bin/../lib/gcc/mingw32/4.9.3/../../..\libmingwex.a(wcrtomb.o)
 .bss           0x0040f0dc        0x0 d:/programm/mingw/bin/../lib/gcc/mingw32/4.9.3/../../..\libmingwex.a(gdtoa.o)
 .bss           0x0040f0dc        0x0 d:/programm/mingw/bin/../lib/gcc/mingw32/4.9.3/../../..\libmingwex.a(gmisc.o)
 .bss           0x0040f0dc        0x0 d:/programm/mingw/bin/../lib/gcc/mingw32/4.9.3/../../..\libmingwex.a(dmisc.o)
 *fill*         0x0040f0dc        0x4 
 .bss           0x0040f0e0      0x9a0 d:/programm/mingw/bin/../lib/gcc/mingw32/4.9.3/../../..\libmingwex.a(misc.o)
 .bss           0x0040fa80        0x0 d:/programm/mingw/bin/../lib/gcc/mingw32/4.9.3/../../..\libmsvcrt.a(dczfs00772.o)
 .bss           0x0040fa80        0x0 d:/programm/mingw/bin/../lib/gcc/mingw32/4.9.3/../../..\libmsvcrt.a(dczfs00761.o)
 .bss           0x0040fa80        0x0 d:/programm/mingw/bin/../lib/gcc/mingw32/4.9.3/../../..\libmsvcrt.a(dczfs00748.o)
 .bss           0x0040fa80        0x0 d:/programm/mingw/bin/../lib/gcc/mingw32/4.9.3/../../..\libmsvcrt.a(dczfs00742.o)
 .bss           0x0040fa80        0x0 d:/programm/mingw/bin/../lib/gcc/mingw32/4.9.3/../../..\libmsvcrt.a(dczfs00739.o)
 .bss           0x0040fa80        0x0 d:/programm/mingw/bin/../lib/gcc/mingw32/4.9.3/../../..\libmsvcrt.a(dczfs00721.o)
 .bss           0x0040fa80        0x0 d:/programm/mingw/bin/../lib/gcc/mingw32/4.9.3/../../..\libmsvcrt.a(dczfs00716.o)
 .bss           0x0040fa80        0x0 d:/programm/mingw/bin/../lib/gcc/mingw32/4.9.3/../../..\libmsvcrt.a(dczfs00714.o)
 .bss           0x0040fa80        0x0 d:/programm/mingw/bin/../lib/gcc/mingw32/4.9.3/../../..\libmsvcrt.a(dczfs00706.o)
 .bss           0x0040fa80        0x0 d:/programm/mingw/bin/../lib/gcc/mingw32/4.9.3/../../..\libmsvcrt.a(dczfs00704.o)
 .bss           0x0040fa80        0x0 d:/programm/mingw/bin/../lib/gcc/mingw32/4.9.3/../../..\libmsvcrt.a(dczfs00698.o)
 .bss           0x0040fa80        0x0 d:/programm/mingw/bin/../lib/gcc/mingw32/4.9.3/../../..\libmsvcrt.a(dczfs00684.o)
 .bss           0x0040fa80        0x0 d:/programm/mingw/bin/../lib/gcc/mingw32/4.9.3/../../..\libmsvcrt.a(dczfs00682.o)
 .bss           0x0040fa80        0x0 d:/programm/mingw/bin/../lib/gcc/mingw32/4.9.3/../../..\libmsvcrt.a(dczfs00678.o)
 .bss           0x0040fa80        0x0 d:/programm/mingw/bin/../lib/gcc/mingw32/4.9.3/../../..\libmsvcrt.a(dczfs00676.o)
 .bss           0x0040fa80        0x0 d:/programm/mingw/bin/../lib/gcc/mingw32/4.9.3/../../..\libmsvcrt.a(dczfs00671.o)
 .bss           0x0040fa80        0x0 d:/programm/mingw/bin/../lib/gcc/mingw32/4.9.3/../../..\libmsvcrt.a(dczfs00652.o)
 .bss           0x0040fa80        0x0 d:/programm/mingw/bin/../lib/gcc/mingw32/4.9.3/../../..\libmsvcrt.a(dczfs00637.o)
 .bss           0x0040fa80        0x0 d:/programm/mingw/bin/../lib/gcc/mingw32/4.9.3/../../..\libmsvcrt.a(dczfs00633.o)
 .bss           0x0040fa80        0x0 d:/programm/mingw/bin/../lib/gcc/mingw32/4.9.3/../../..\libmsvcrt.a(dczfs00625.o)
 .bss           0x0040fa80        0x0 d:/programm/mingw/bin/../lib/gcc/mingw32/4.9.3/../../..\libmsvcrt.a(dczfs00620.o)
 .bss           0x0040fa80        0x0 d:/programm/mingw/bin/../lib/gcc/mingw32/4.9.3/../../..\libmsvcrt.a(dczfs00604.o)
 .bss           0x0040fa80        0x0 d:/programm/mingw/bin/../lib/gcc/mingw32/4.9.3/../../..\libmsvcrt.a(dczfs00602.o)
 .bss           0x0040fa80        0x0 d:/programm/mingw/bin/../lib/gcc/mingw32/4.9.3/../../..\libmsvcrt.a(dczfs00595.o)
 .bss           0x0040fa80        0x0 d:/programm/mingw/bin/../lib/gcc/mingw32/4.9.3/../../..\libmsvcrt.a(dczfs00592.o)
 .bss           0x0040fa80        0x0 d:/programm/mingw/bin/../lib/gcc/mingw32/4.9.3/../../..\libmsvcrt.a(dczfs00590.o)
 .bss           0x0040fa80        0x0 d:/programm/mingw/bin/../lib/gcc/mingw32/4.9.3/../../..\libmsvcrt.a(dczfs00583.o)
 .bss           0x0040fa80        0x0 d:/programm/mingw/bin/../lib/gcc/mingw32/4.9.3/../../..\libmsvcrt.a(dczfs00426.o)
 .bss           0x0040fa80        0x0 d:/programm/mingw/bin/../lib/gcc/mingw32/4.9.3/../../..\libmsvcrt.a(dczfs00383.o)
 .bss           0x0040fa80        0x0 d:/programm/mingw/bin/../lib/gcc/mingw32/4.9.3/../../..\libmsvcrt.a(dczfs00266.o)
 .bss           0x0040fa80        0x0 d:/programm/mingw/bin/../lib/gcc/mingw32/4.9.3/../../..\libmsvcrt.a(dczfs00228.o)
 .bss           0x0040fa80        0x0 d:/programm/mingw/bin/../lib/gcc/mingw32/4.9.3/../../..\libmsvcrt.a(dczfs00182.o)
 .bss           0x0040fa80        0x0 d:/programm/mingw/bin/../lib/gcc/mingw32/4.9.3/../../..\libmsvcrt.a(dczfs00147.o)
 .bss           0x0040fa80        0x0 d:/programm/mingw/bin/../lib/gcc/mingw32/4.9.3/../../..\libmsvcrt.a(dczfs00099.o)
 .bss           0x0040fa80        0x0 d:/programm/mingw/bin/../lib/gcc/mingw32/4.9.3/../../..\libmsvcrt.a(dczfs00079.o)
 .bss           0x0040fa80        0x0 d:/programm/mingw/bin/../lib/gcc/mingw32/4.9.3/../../..\libmsvcrt.a(dczfs00077.o)
 .bss           0x0040fa80        0x0 d:/programm/mingw/bin/../lib/gcc/mingw32/4.9.3/../../..\libmsvcrt.a(dczfs00065.o)
 .bss           0x0040fa80        0x0 d:/programm/mingw/bin/../lib/gcc/mingw32/4.9.3/../../..\libmsvcrt.a(dczfs00055.o)
 .bss           0x0040fa80        0x0 d:/programm/mingw/bin/../lib/gcc/mingw32/4.9.3/../../..\libmsvcrt.a(dczfh.o)
 .bss           0x0040fa80        0x0 d:/programm/mingw/bin/../lib/gcc/mingw32/4.9.3/../../..\libmsvcrt.a(dczft.o)
 .bss           0x0040fa80        0x0 d:/programm/mingw/bin/../lib/gcc/mingw32/4.9.3/../../..\libkernel32.a(dchds01247.o)
 .bss           0x0040fa80        0x0 d:/programm/mingw/bin/../lib/gcc/mingw32/4.9.3/../../..\libkernel32.a(dchds01215.o)
 .bss           0x0040fa80        0x0 d:/programm/mingw/bin/../lib/gcc/mingw32/4.9.3/../../..\libkernel32.a(dchds01213.o)
 .bss           0x0040fa80        0x0 d:/programm/mingw/bin/../lib/gcc/mingw32/4.9.3/../../..\libkernel32.a(dchds01173.o)
 .bss           0x0040fa80        0x0 d:/programm/mingw/bin/../lib/gcc/mingw32/4.9.3/../../..\libkernel32.a(dchds01152.o)
 .bss           0x0040fa80        0x0 d:/programm/mingw/bin/../lib/gcc/mingw32/4.9.3/../../..\libkernel32.a(dchds01140.o)
 .bss           0x0040fa80        0x0 d:/programm/mingw/bin/../lib/gcc/mingw32/4.9.3/../../..\libkernel32.a(dchds00860.o)
 .bss           0x0040fa80        0x0 d:/programm/mingw/bin/../lib/gcc/mingw32/4.9.3/../../..\libkernel32.a(dchds00817.o)
 .bss           0x0040fa80        0x0 d:/programm/mingw/bin/../lib/gcc/mingw32/4.9.3/../../..\libkernel32.a(dchds00814.o)
 .bss           0x0040fa80        0x0 d:/programm/mingw/bin/../lib/gcc/mingw32/4.9.3/../../..\libkernel32.a(dchds00763.o)
 .bss           0x0040fa80        0x0 d:/programm/mingw/bin/../lib/gcc/mingw32/4.9.3/../../..\libkernel32.a(dchds00744.o)
 .bss           0x0040fa80        0x0 d:/programm/mingw/bin/../lib/gcc/mingw32/4.9.3/../../..\libkernel32.a(dchds00734.o)
 .bss           0x0040fa80        0x0 d:/programm/mingw/bin/../lib/gcc/mingw32/4.9.3/../../..\libkernel32.a(dchds00577.o)
 .bss           0x0040fa80        0x0 d:/programm/mingw/bin/../lib/gcc/mingw32/4.9.3/../../..\libkernel32.a(dchds00529.o)
 .bss           0x0040fa80        0x0 d:/programm/mingw/bin/../lib/gcc/mingw32/4.9.3/../../..\libkernel32.a(dchds00510.o)
 .bss           0x0040fa80        0x0 d:/programm/mingw/bin/../lib/gcc/mingw32/4.9.3/../../..\libkernel32.a(dchds00388.o)
 .bss           0x0040fa80        0x0 d:/programm/mingw/bin/../lib/gcc/mingw32/4.9.3/../../..\libkernel32.a(dchds00352.o)
 .bss           0x0040fa80        0x0 d:/programm/mingw/bin/../lib/gcc/mingw32/4.9.3/../../..\libkernel32.a(dchds00321.o)
 .bss           0x0040fa80        0x0 d:/programm/mingw/bin/../lib/gcc/mingw32/4.9.3/../../..\libkernel32.a(dchds00304.o)
 .bss           0x0040fa80        0x0 d:/programm/mingw/bin/../lib/gcc/mingw32/4.9.3/../../..\libkernel32.a(dchds00300.o)
 .bss           0x0040fa80        0x0 d:/programm/mingw/bin/../lib/gcc/mingw32/4.9.3/../../..\libkernel32.a(dchds00279.o)
 .bss           0x0040fa80        0x0 d:/programm/mingw/bin/../lib/gcc/mingw32/4.9.3/../../..\libkernel32.a(dchds00236.o)
 .bss           0x0040fa80        0x0 d:/programm/mingw/bin/../lib/gcc/mingw32/4.9.3/../../..\libkernel32.a(dchds00207.o)
 .bss           0x0040fa80        0x0 d:/programm/mingw/bin/../lib/gcc/mingw32/4.9.3/../../..\libkernel32.a(dchdh.o)
 .bss           0x0040fa80        0x0 d:/programm/mingw/bin/../lib/gcc/mingw32/4.9.3/../../..\libkernel32.a(dchdt.o)
 .bss           0x0040fa80        0x0 d:/programm/mingw/bin/../lib/gcc/mingw32/4.9.3\libgcc.a(_udivdi3.o)
 .bss           0x0040fa80        0x0 d:/programm/mingw/bin/../lib/gcc/mingw32/4.9.3\libgcc.a(_umoddi3.o)
 .bss           0x0040fa80        0x0 d:/programm/mingw/bin/../lib/gcc/mingw32/4.9.3/../../..\libmoldname.a(dxpgs00082.o)
 .bss           0x0040fa80        0x0 d:/programm/mingw/bin/../lib/gcc/mingw32/4.9.3/../../..\libmoldname.a(dxpgs00080.o)
 .bss           0x0040fa80        0x0 d:/programm/mingw/bin/../lib/gcc/mingw32/4.9.3/../../..\libmoldname.a(dxpgh.o)
 .bss           0x0040fa80        0x0 d:/programm/mingw/bin/../lib/gcc/mingw32/4.9.3/../../..\libmoldname.a(dxpgt.o)
 .bss           0x0040fa80        0x0 d:/programm/mingw/bin/../lib/gcc/mingw32/4.9.3/crtend.o
 *(COMMON)
 COMMON         0x0040fa80        0x4 d:/programm/mingw/bin/../lib/gcc/mingw32/4.9.3/crtbegin.o
                0x0040fa80                hmod_libgcc
 COMMON         0x0040fa84       0x10 d:/programm/mingw/bin/../lib/gcc/mingw32/4.9.3\libgcc.a(_ctors.o)
                0x0040fa94                __bss_end__ = .

.edata
 *(.edata)

/DISCARD/
 *(.debug$S)
 *(.debug$T)
 *(.debug$F)
 *(.drectve)
 *(.note.GNU-stack)
 *(.gnu.lto_*)

.idata          0x00410000      0x800
 SORT(*)(.idata$2)
 .idata$2       0x00410000       0x14 d:/programm/mingw/bin/../lib/gcc/mingw32/4.9.3/../../..\libkernel32.a(dchdh.o)
                0x00410000                _head_libkernel32_a
 .idata$2       0x00410014       0x14 d:/programm/mingw/bin/../lib/gcc/mingw32/4.9.3/../../..\libmoldname.a(dxpgh.o)
                0x00410014                _head_libmoldname_a
 .idata$2       0x00410028       0x14 d:/programm/mingw/bin/../lib/gcc/mingw32/4.9.3/../../..\libmsvcrt.a(dczfh.o)
                0x00410028                _head_libmsvcrt_a
 SORT(*)(.idata$3)
                0x0041003c        0x4 LONG 0x0
                0x00410040        0x4 LONG 0x0
                0x00410044        0x4 LONG 0x0
                0x00410048        0x4 LONG 0x0
                0x0041004c        0x4 LONG 0x0
 SORT(*)(.idata$4)
 .idata$4       0x00410050        0x0 d:/programm/mingw/bin/../lib/gcc/mingw32/4.9.3/../../..\libkernel32.a(dchdh.o)
 .idata$4       0x00410050        0x4 d:/programm/mingw/bin/../lib/gcc/mingw32/4.9.3/../../..\libkernel32.a(dchds00207.o)
 .idata$4       0x00410054        0x4 d:/programm/mingw/bin/../lib/gcc/mingw32/4.9.3/../../..\libkernel32.a(dchds00236.o)
 .idata$4       0x00410058        0x4 d:/programm/mingw/bin/../lib/gcc/mingw32/4.9.3/../../..\libkernel32.a(dchds00279.o)
 .idata$4       0x0041005c        0x4 d:/programm/mingw/bin/../lib/gcc/mingw32/4.9.3/../../..\libkernel32.a(dchds00300.o)
 .idata$4       0x00410060        0x4 d:/programm/mingw/bin/../lib/gcc/mingw32/4.9.3/../../..\libkernel32.a(dchds00304.o)
 .idata$4       0x00410064        0x4 d:/programm/mingw/bin/../lib/gcc/mingw32/4.9.3/../../..\libkernel32.a(dchds00321.o)
 .idata$4       0x00410068        0x4 d:/programm/mingw/bin/../lib/gcc/mingw32/4.9.3/../../..\libkernel32.a(dchds00352.o)
 .idata$4       0x0041006c        0x4 d:/programm/mingw/bin/../lib/gcc/mingw32/4.9.3/../../..\libkernel32.a(dchds00388.o)
 .idata$4       0x00410070        0x4 d:/programm/mingw/bin/../lib/gcc/mingw32/4.9.3/../../..\libkernel32.a(dchds00510.o)
 .idata$4       0x00410074        0x4 d:/programm/mingw/bin/../lib/gcc/mingw32/4.9.3/../../..\libkernel32.a(dchds00529.o)
 .idata$4       0x00410078        0x4 d:/programm/mingw/bin/../lib/gcc/mingw32/4.9.3/../../..\libkernel32.a(dchds00577.o)
 .idata$4       0x0041007c        0x4 d:/programm/mingw/bin/../lib/gcc/mingw32/4.9.3/../../..\libkernel32.a(dchds00734.o)
 .idata$4       0x00410080        0x4 d:/programm/mingw/bin/../lib/gcc/mingw32/4.9.3/../../..\libkernel32.a(dchds00744.o)
 .idata$4       0x00410084        0x4 d:/programm/mingw/bin/../lib/gcc/mingw32/4.9.3/../../..\libkernel32.a(dchds00763.o)
 .idata$4       0x00410088        0x4 d:/programm/mingw/bin/../lib/gcc/mingw32/4.9.3/../../..\libkernel32.a(dchds00814.o)
 .idata$4       0x0041008c        0x4 d:/programm/mingw/bin/../lib/gcc/mingw32/4.9.3/../../..\libkernel32.a(dchds00817.o)
 .idata$4       0x00410090        0x4 d:/programm/mingw/bin/../lib/gcc/mingw32/4.9.3/../../..\libkernel32.a(dchds00860.o)
 .idata$4       0x00410094        0x4 d:/programm/mingw/bin/../lib/gcc/mingw32/4.9.3/../../..\libkernel32.a(dchds01140.o)
 .idata$4       0x00410098        0x4 d:/programm/mingw/bin/../lib/gcc/mingw32/4.9.3/../../..\libkernel32.a(dchds01152.o)
 .idata$4       0x0041009c        0x4 d:/programm/mingw/bin/../lib/gcc/mingw32/4.9.3/../../..\libkernel32.a(dchds01173.o)
 .idata$4       0x004100a0        0x4 d:/programm/mingw/bin/../lib/gcc/mingw32/4.9.3/../../..\libkernel32.a(dchds01213.o)
 .idata$4       0x004100a4        0x4 d:/programm/mingw/bin/../lib/gcc/mingw32/4.9.3/../../..\libkernel32.a(dchds01215.o)
 .idata$4       0x004100a8        0x4 d:/programm/mingw/bin/../lib/gcc/mingw32/4.9.3/../../..\libkernel32.a(dchds01247.o)
 .idata$4       0x004100ac        0x4 d:/programm/mingw/bin/../lib/gcc/mingw32/4.9.3/../../..\libkernel32.a(dchdt.o)
 .idata$4       0x004100b0        0x0 d:/programm/mingw/bin/../lib/gcc/mingw32/4.9.3/../../..\libmoldname.a(dxpgh.o)
 .idata$4       0x004100b0        0x4 d:/programm/mingw/bin/../lib/gcc/mingw32/4.9.3/../../..\libmoldname.a(dxpgs00080.o)
 .idata$4       0x004100b4        0x4 d:/programm/mingw/bin/../lib/gcc/mingw32/4.9.3/../../..\libmoldname.a(dxpgs00082.o)
 .idata$4       0x004100b8        0x4 d:/programm/mingw/bin/../lib/gcc/mingw32/4.9.3/../../..\libmoldname.a(dxpgt.o)
 .idata$4       0x004100bc        0x0 d:/programm/mingw/bin/../lib/gcc/mingw32/4.9.3/../../..\libmsvcrt.a(dczfh.o)
 .idata$4       0x004100bc        0x4 d:/programm/mingw/bin/../lib/gcc/mingw32/4.9.3/../../..\libmsvcrt.a(dczfs00055.o)
 .idata$4       0x004100c0        0x4 d:/programm/mingw/bin/../lib/gcc/mingw32/4.9.3/../../..\libmsvcrt.a(dczfs00065.o)
 .idata$4       0x004100c4        0x4 d:/programm/mingw/bin/../lib/gcc/mingw32/4.9.3/../../..\libmsvcrt.a(dczfs00077.o)
 .idata$4       0x004100c8        0x4 d:/programm/mingw/bin/../lib/gcc/mingw32/4.9.3/../../..\libmsvcrt.a(dczfs00079.o)
 .idata$4       0x004100cc        0x4 d:/programm/mingw/bin/../lib/gcc/mingw32/4.9.3/../../..\libmsvcrt.a(dczfs00099.o)
 .idata$4       0x004100d0        0x4 d:/programm/mingw/bin/../lib/gcc/mingw32/4.9.3/../../..\libmsvcrt.a(dczfs00147.o)
 .idata$4       0x004100d4        0x4 d:/programm/mingw/bin/../lib/gcc/mingw32/4.9.3/../../..\libmsvcrt.a(dczfs00182.o)
 .idata$4       0x004100d8        0x4 d:/programm/mingw/bin/../lib/gcc/mingw32/4.9.3/../../..\libmsvcrt.a(dczfs00228.o)
 .idata$4       0x004100dc        0x4 d:/programm/mingw/bin/../lib/gcc/mingw32/4.9.3/../../..\libmsvcrt.a(dczfs00266.o)
 .idata$4       0x004100e0        0x4 d:/programm/mingw/bin/../lib/gcc/mingw32/4.9.3/../../..\libmsvcrt.a(dczfs00383.o)
 .idata$4       0x004100e4        0x4 d:/programm/mingw/bin/../lib/gcc/mingw32/4.9.3/../../..\libmsvcrt.a(dczfs00426.o)
 .idata$4       0x004100e8        0x4 d:/programm/mingw/bin/../lib/gcc/mingw32/4.9.3/../../..\libmsvcrt.a(dczfs00583.o)
 .idata$4       0x004100ec        0x4 d:/programm/mingw/bin/../lib/gcc/mingw32/4.9.3/../../..\libmsvcrt.a(dczfs00590.o)
 .idata$4       0x004100f0        0x4 d:/programm/mingw/bin/../lib/gcc/mingw32/4.9.3/../../..\libmsvcrt.a(dczfs00592.o)
 .idata$4       0x004100f4        0x4 d:/programm/mingw/bin/../lib/gcc/mingw32/4.9.3/../../..\libmsvcrt.a(dczfs00595.o)
 .idata$4       0x004100f8        0x4 d:/programm/mingw/bin/../lib/gcc/mingw32/4.9.3/../../..\libmsvcrt.a(dczfs00602.o)
 .idata$4       0x004100fc        0x4 d:/programm/mingw/bin/../lib/gcc/mingw32/4.9.3/../../..\libmsvcrt.a(dczfs00604.o)
 .idata$4       0x00410100        0x4 d:/programm/mingw/bin/../lib/gcc/mingw32/4.9.3/../../..\libmsvcrt.a(dczfs00620.o)
 .idata$4       0x00410104        0x4 d:/programm/mingw/bin/../lib/gcc/mingw32/4.9.3/../../..\libmsvcrt.a(dczfs00625.o)
 .idata$4       0x00410108        0x4 d:/programm/mingw/bin/../lib/gcc/mingw32/4.9.3/../../..\libmsvcrt.a(dczfs00633.o)
 .idata$4       0x0041010c        0x4 d:/programm/mingw/bin/../lib/gcc/mingw32/4.9.3/../../..\libmsvcrt.a(dczfs00637.o)
 .idata$4       0x00410110        0x4 d:/programm/mingw/bin/../lib/gcc/mingw32/4.9.3/../../..\libmsvcrt.a(dczfs00652.o)
 .idata$4       0x00410114        0x4 d:/programm/mingw/bin/../lib/gcc/mingw32/4.9.3/../../..\libmsvcrt.a(dczfs00671.o)
 .idata$4       0x00410118        0x4 d:/programm/mingw/bin/../lib/gcc/mingw32/4.9.3/../../..\libmsvcrt.a(dczfs00676.o)
 .idata$4       0x0041011c        0x4 d:/programm/mingw/bin/../lib/gcc/mingw32/4.9.3/../../..\libmsvcrt.a(dczfs00678.o)
 .idata$4       0x00410120        0x4 d:/programm/mingw/bin/../lib/gcc/mingw32/4.9.3/../../..\libmsvcrt.a(dczfs00682.o)
 .idata$4       0x00410124        0x4 d:/programm/mingw/bin/../lib/gcc/mingw32/4.9.3/../../..\libmsvcrt.a(dczfs00684.o)
 .idata$4       0x00410128        0x4 d:/programm/mingw/bin/../lib/gcc/mingw32/4.9.3/../../..\libmsvcrt.a(dczfs00698.o)
 .idata$4       0x0041012c        0x4 d:/programm/mingw/bin/../lib/gcc/mingw32/4.9.3/../../..\libmsvcrt.a(dczfs00704.o)
 .idata$4       0x00410130        0x4 d:/programm/mingw/bin/../lib/gcc/mingw32/4.9.3/../../..\libmsvcrt.a(dczfs00706.o)
 .idata$4       0x00410134        0x4 d:/programm/mingw/bin/../lib/gcc/mingw32/4.9.3/../../..\libmsvcrt.a(dczfs00714.o)
 .idata$4       0x00410138        0x4 d:/programm/mingw/bin/../lib/gcc/mingw32/4.9.3/../../..\libmsvcrt.a(dczfs00716.o)
 .idata$4       0x0041013c        0x4 d:/programm/mingw/bin/../lib/gcc/mingw32/4.9.3/../../..\libmsvcrt.a(dczfs00721.o)
 .idata$4       0x00410140        0x4 d:/programm/mingw/bin/../lib/gcc/mingw32/4.9.3/../../..\libmsvcrt.a(dczfs00739.o)
 .idata$4       0x00410144        0x4 d:/programm/mingw/bin/../lib/gcc/mingw32/4.9.3/../../..\libmsvcrt.a(dczfs00742.o)
 .idata$4       0x00410148        0x4 d:/programm/mingw/bin/../lib/gcc/mingw32/4.9.3/../../..\libmsvcrt.a(dczfs00748.o)
 .idata$4       0x0041014c        0x4 d:/programm/mingw/bin/../lib/gcc/mingw32/4.9.3/../../..\libmsvcrt.a(dczfs00761.o)
 .idata$4       0x00410150        0x4 d:/programm/mingw/bin/../lib/gcc/mingw32/4.9.3/../../..\libmsvcrt.a(dczfs00772.o)
 .idata$4       0x00410154        0x4 d:/programm/mingw/bin/../lib/gcc/mingw32/4.9.3/../../..\libmsvcrt.a(dczft.o)
                0x00410158                __IAT_start__ = .
 SORT(*)(.idata$5)
 .idata$5       0x00410158        0x0 d:/programm/mingw/bin/../lib/gcc/mingw32/4.9.3/../../..\libkernel32.a(dchdh.o)
 .idata$5       0x00410158        0x4 d:/programm/mingw/bin/../lib/gcc/mingw32/4.9.3/../../..\libkernel32.a(dchds00207.o)
                0x00410158                _imp__DeleteCriticalSection@4
 .idata$5       0x0041015c        0x4 d:/programm/mingw/bin/../lib/gcc/mingw32/4.9.3/../../..\libkernel32.a(dchds00236.o)
                0x0041015c                _imp__EnterCriticalSection@4
 .idata$5       0x00410160        0x4 d:/programm/mingw/bin/../lib/gcc/mingw32/4.9.3/../../..\libkernel32.a(dchds00279.o)
                0x00410160                _imp__ExitProcess@4
 .idata$5       0x00410164        0x4 d:/programm/mingw/bin/../lib/gcc/mingw32/4.9.3/../../..\libkernel32.a(dchds00300.o)
                0x00410164                _imp__FindClose@4
 .idata$5       0x00410168        0x4 d:/programm/mingw/bin/../lib/gcc/mingw32/4.9.3/../../..\libkernel32.a(dchds00304.o)
                0x00410168                _imp__FindFirstFileA@8
 .idata$5       0x0041016c        0x4 d:/programm/mingw/bin/../lib/gcc/mingw32/4.9.3/../../..\libkernel32.a(dchds00321.o)
                0x0041016c                _imp__FindNextFileA@8
 .idata$5       0x00410170        0x4 d:/programm/mingw/bin/../lib/gcc/mingw32/4.9.3/../../..\libkernel32.a(dchds00352.o)
                0x00410170                _imp__FreeLibrary@4
 .idata$5       0x00410174        0x4 d:/programm/mingw/bin/../lib/gcc/mingw32/4.9.3/../../..\libkernel32.a(dchds00388.o)
                0x00410174                _imp__GetCommandLineA@0
 .idata$5       0x00410178        0x4 d:/programm/mingw/bin/../lib/gcc/mingw32/4.9.3/../../..\libkernel32.a(dchds00510.o)
                0x00410178                _imp__GetLastError@0
 .idata$5       0x0041017c        0x4 d:/programm/mingw/bin/../lib/gcc/mingw32/4.9.3/../../..\libkernel32.a(dchds00529.o)
                0x0041017c                _imp__GetModuleHandleA@4
 .idata$5       0x00410180        0x4 d:/programm/mingw/bin/../lib/gcc/mingw32/4.9.3/../../..\libkernel32.a(dchds00577.o)
                0x00410180                _imp__GetProcAddress@8
 .idata$5       0x00410184        0x4 d:/programm/mingw/bin/../lib/gcc/mingw32/4.9.3/../../..\libkernel32.a(dchds00734.o)
                0x00410184                _imp__InitializeCriticalSection@4
 .idata$5       0x00410188        0x4 d:/programm/mingw/bin/../lib/gcc/mingw32/4.9.3/../../..\libkernel32.a(dchds00744.o)
                0x00410188                _imp__InterlockedExchange@8
 .idata$5       0x0041018c        0x4 d:/programm/mingw/bin/../lib/gcc/mingw32/4.9.3/../../..\libkernel32.a(dchds00763.o)
                0x0041018c                _imp__IsDBCSLeadByteEx@8
 .idata$5       0x00410190        0x4 d:/programm/mingw/bin/../lib/gcc/mingw32/4.9.3/../../..\libkernel32.a(dchds00814.o)
                0x00410190                _imp__LeaveCriticalSection@4
 .idata$5       0x00410194        0x4 d:/programm/mingw/bin/../lib/gcc/mingw32/4.9.3/../../..\libkernel32.a(dchds00817.o)
                0x00410194                _imp__LoadLibraryA@4
 .idata$5       0x00410198        0x4 d:/programm/mingw/bin/../lib/gcc/mingw32/4.9.3/../../..\libkernel32.a(dchds00860.o)
                0x00410198                _imp__MultiByteToWideChar@24
 .idata$5       0x0041019c        0x4 d:/programm/mingw/bin/../lib/gcc/mingw32/4.9.3/../../..\libkernel32.a(dchds01140.o)
                0x0041019c                _imp__SetUnhandledExceptionFilter@4
 .idata$5       0x004101a0        0x4 d:/programm/mingw/bin/../lib/gcc/mingw32/4.9.3/../../..\libkernel32.a(dchds01152.o)
                0x004101a0                _imp__Sleep@4
 .idata$5       0x004101a4        0x4 d:/programm/mingw/bin/../lib/gcc/mingw32/4.9.3/../../..\libkernel32.a(dchds01173.o)
                0x004101a4                _imp__TlsGetValue@4
 .idata$5       0x004101a8        0x4 d:/programm/mingw/bin/../lib/gcc/mingw32/4.9.3/../../..\libkernel32.a(dchds01213.o)
                0x004101a8                _imp__VirtualProtect@16
 .idata$5       0x004101ac        0x4 d:/programm/mingw/bin/../lib/gcc/mingw32/4.9.3/../../..\libkernel32.a(dchds01215.o)
                0x004101ac                _imp__VirtualQuery@12
 .idata$5       0x004101b0        0x4 d:/programm/mingw/bin/../lib/gcc/mingw32/4.9.3/../../..\libkernel32.a(dchds01247.o)
                0x004101b0                _imp__WideCharToMultiByte@32
 .idata$5       0x004101b4        0x4 d:/programm/mingw/bin/../lib/gcc/mingw32/4.9.3/../../..\libkernel32.a(dchdt.o)
 .idata$5       0x004101b8        0x0 d:/programm/mingw/bin/../lib/gcc/mingw32/4.9.3/../../..\libmoldname.a(dxpgh.o)
 .idata$5       0x004101b8        0x4 d:/programm/mingw/bin/../lib/gcc/mingw32/4.9.3/../../..\libmoldname.a(dxpgs00080.o)
                0x004101b8                _imp__strdup
 .idata$5       0x004101bc        0x4 d:/programm/mingw/bin/../lib/gcc/mingw32/4.9.3/../../..\libmoldname.a(dxpgs00082.o)
                0x004101bc                _imp__stricoll
 .idata$5       0x004101c0        0x4 d:/programm/mingw/bin/../lib/gcc/mingw32/4.9.3/../../..\libmoldname.a(dxpgt.o)
 .idata$5       0x004101c4        0x0 d:/programm/mingw/bin/../lib/gcc/mingw32/4.9.3/../../..\libmsvcrt.a(dczfh.o)
 .idata$5       0x004101c4        0x4 d:/programm/mingw/bin/../lib/gcc/mingw32/4.9.3/../../..\libmsvcrt.a(dczfs00055.o)
                0x004101c4                _imp____getmainargs
 .idata$5       0x004101c8        0x4 d:/programm/mingw/bin/../lib/gcc/mingw32/4.9.3/../../..\libmsvcrt.a(dczfs00065.o)
                0x004101c8                _imp____mb_cur_max
 .idata$5       0x004101cc        0x4 d:/programm/mingw/bin/../lib/gcc/mingw32/4.9.3/../../..\libmsvcrt.a(dczfs00077.o)
                0x004101cc                _imp____p__environ
 .idata$5       0x004101d0        0x4 d:/programm/mingw/bin/../lib/gcc/mingw32/4.9.3/../../..\libmsvcrt.a(dczfs00079.o)
                0x004101d0                _imp____p__fmode
 .idata$5       0x004101d4        0x4 d:/programm/mingw/bin/../lib/gcc/mingw32/4.9.3/../../..\libmsvcrt.a(dczfs00099.o)
                0x004101d4                _imp____set_app_type
 .idata$5       0x004101d8        0x4 d:/programm/mingw/bin/../lib/gcc/mingw32/4.9.3/../../..\libmsvcrt.a(dczfs00147.o)
                0x004101d8                _imp___cexit
 .idata$5       0x004101dc        0x4 d:/programm/mingw/bin/../lib/gcc/mingw32/4.9.3/../../..\libmsvcrt.a(dczfs00182.o)
                0x004101dc                _imp___errno
 .idata$5       0x004101e0        0x4 d:/programm/mingw/bin/../lib/gcc/mingw32/4.9.3/../../..\libmsvcrt.a(dczfs00228.o)
                0x004101e0                _imp___fullpath
 .idata$5       0x004101e4        0x4 d:/programm/mingw/bin/../lib/gcc/mingw32/4.9.3/../../..\libmsvcrt.a(dczfs00266.o)
                0x004101e4                _imp___iob
 .idata$5       0x004101e8        0x4 d:/programm/mingw/bin/../lib/gcc/mingw32/4.9.3/../../..\libmsvcrt.a(dczfs00383.o)
                0x004101e8                _imp___onexit
 .idata$5       0x004101ec        0x4 d:/programm/mingw/bin/../lib/gcc/mingw32/4.9.3/../../..\libmsvcrt.a(dczfs00426.o)
                0x004101ec                _imp___setmode
 .idata$5       0x004101f0        0x4 d:/programm/mingw/bin/../lib/gcc/mingw32/4.9.3/../../..\libmsvcrt.a(dczfs00583.o)
                0x004101f0                _imp__abort
 .idata$5       0x004101f4        0x4 d:/programm/mingw/bin/../lib/gcc/mingw32/4.9.3/../../..\libmsvcrt.a(dczfs00590.o)
                0x004101f4                _imp__atexit
 .idata$5       0x004101f8        0x4 d:/programm/mingw/bin/../lib/gcc/mingw32/4.9.3/../../..\libmsvcrt.a(dczfs00592.o)
                0x004101f8                _imp__atoi
 .idata$5       0x004101fc        0x4 d:/programm/mingw/bin/../lib/gcc/mingw32/4.9.3/../../..\libmsvcrt.a(dczfs00595.o)
                0x004101fc                _imp__calloc
 .idata$5       0x00410200        0x4 d:/programm/mingw/bin/../lib/gcc/mingw32/4.9.3/../../..\libmsvcrt.a(dczfs00602.o)
                0x00410200                _imp__difftime
 .idata$5       0x00410204        0x4 d:/programm/mingw/bin/../lib/gcc/mingw32/4.9.3/../../..\libmsvcrt.a(dczfs00604.o)
                0x00410204                _imp__exit
 .idata$5       0x00410208        0x4 d:/programm/mingw/bin/../lib/gcc/mingw32/4.9.3/../../..\libmsvcrt.a(dczfs00620.o)
                0x00410208                _imp__fputc
 .idata$5       0x0041020c        0x4 d:/programm/mingw/bin/../lib/gcc/mingw32/4.9.3/../../..\libmsvcrt.a(dczfs00625.o)
                0x0041020c                _imp__free
 .idata$5       0x00410210        0x4 d:/programm/mingw/bin/../lib/gcc/mingw32/4.9.3/../../..\libmsvcrt.a(dczfs00633.o)
                0x00410210                _imp__fwrite
 .idata$5       0x00410214        0x4 d:/programm/mingw/bin/../lib/gcc/mingw32/4.9.3/../../..\libmsvcrt.a(dczfs00637.o)
                0x00410214                _imp__getenv
 .idata$5       0x00410218        0x4 d:/programm/mingw/bin/../lib/gcc/mingw32/4.9.3/../../..\libmsvcrt.a(dczfs00652.o)
                0x00410218                _imp__isspace
 .idata$5       0x0041021c        0x4 d:/programm/mingw/bin/../lib/gcc/mingw32/4.9.3/../../..\libmsvcrt.a(dczfs00671.o)
                0x0041021c                _imp__localeconv
 .idata$5       0x00410220        0x4 d:/programm/mingw/bin/../lib/gcc/mingw32/4.9.3/../../..\libmsvcrt.a(dczfs00676.o)
                0x00410220                _imp__malloc
 .idata$5       0x00410224        0x4 d:/programm/mingw/bin/../lib/gcc/mingw32/4.9.3/../../..\libmsvcrt.a(dczfs00678.o)
                0x00410224                _imp__mbstowcs
 .idata$5       0x00410228        0x4 d:/programm/mingw/bin/../lib/gcc/mingw32/4.9.3/../../..\libmsvcrt.a(dczfs00682.o)
                0x00410228                _imp__memcpy
 .idata$5       0x0041022c        0x4 d:/programm/mingw/bin/../lib/gcc/mingw32/4.9.3/../../..\libmsvcrt.a(dczfs00684.o)
                0x0041022c                _imp__memset
 .idata$5       0x00410230        0x4 d:/programm/mingw/bin/../lib/gcc/mingw32/4.9.3/../../..\libmsvcrt.a(dczfs00698.o)
                0x00410230                _imp__realloc
 .idata$5       0x00410234        0x4 d:/programm/mingw/bin/../lib/gcc/mingw32/4.9.3/../../..\libmsvcrt.a(dczfs00704.o)
                0x00410234                _imp__setlocale
 .idata$5       0x00410238        0x4 d:/programm/mingw/bin/../lib/gcc/mingw32/4.9.3/../../..\libmsvcrt.a(dczfs00706.o)
                0x00410238                _imp__signal
 .idata$5       0x0041023c        0x4 d:/programm/mingw/bin/../lib/gcc/mingw32/4.9.3/../../..\libmsvcrt.a(dczfs00714.o)
                0x0041023c                _imp__strchr
 .idata$5       0x00410240        0x4 d:/programm/mingw/bin/../lib/gcc/mingw32/4.9.3/../../..\libmsvcrt.a(dczfs00716.o)
                0x00410240                _imp__strcoll
 .idata$5       0x00410244        0x4 d:/programm/mingw/bin/../lib/gcc/mingw32/4.9.3/../../..\libmsvcrt.a(dczfs00721.o)
                0x00410244                _imp__strlen
 .idata$5       0x00410248        0x4 d:/programm/mingw/bin/../lib/gcc/mingw32/4.9.3/../../..\libmsvcrt.a(dczfs00739.o)
                0x00410248                _imp__time
 .idata$5       0x0041024c        0x4 d:/programm/mingw/bin/../lib/gcc/mingw32/4.9.3/../../..\libmsvcrt.a(dczfs00742.o)
                0x0041024c                _imp__tolower
 .idata$5       0x00410250        0x4 d:/programm/mingw/bin/../lib/gcc/mingw32/4.9.3/../../..\libmsvcrt.a(dczfs00748.o)
                0x00410250                _imp__vfprintf
 .idata$5       0x00410254        0x4 d:/programm/mingw/bin/../lib/gcc/mingw32/4.9.3/../../..\libmsvcrt.a(dczfs00761.o)
                0x00410254                _imp__wcslen
 .idata$5       0x00410258        0x4 d:/programm/mingw/bin/../lib/gcc/mingw32/4.9.3/../../..\libmsvcrt.a(dczfs00772.o)
                0x00410258                _imp__wcstombs
 .idata$5       0x0041025c        0x4 d:/programm/mingw/bin/../lib/gcc/mingw32/4.9.3/../../..\libmsvcrt.a(dczft.o)
                0x00410260                __IAT_end__ = .
 SORT(*)(.idata$6)
 .idata$6       0x00410260       0x18 d:/programm/mingw/bin/../lib/gcc/mingw32/4.9.3/../../..\libkernel32.a(dchds00207.o)
 .idata$6       0x00410278       0x18 d:/programm/mingw/bin/../lib/gcc/mingw32/4.9.3/../../..\libkernel32.a(dchds00236.o)
 .idata$6       0x00410290        0xe d:/programm/mingw/bin/../lib/gcc/mingw32/4.9.3/../../..\libkernel32.a(dchds00279.o)
 .idata$6       0x0041029e        0xc d:/programm/mingw/bin/../lib/gcc/mingw32/4.9.3/../../..\libkernel32.a(dchds00300.o)
 .idata$6       0x004102aa       0x12 d:/programm/mingw/bin/../lib/gcc/mingw32/4.9.3/../../..\libkernel32.a(dchds00304.o)
 .idata$6       0x004102bc       0x10 d:/programm/mingw/bin/../lib/gcc/mingw32/4.9.3/../../..\libkernel32.a(dchds00321.o)
 .idata$6       0x004102cc        0xe d:/programm/mingw/bin/../lib/gcc/mingw32/4.9.3/../../..\libkernel32.a(dchds00352.o)
 .idata$6       0x004102da       0x12 d:/programm/mingw/bin/../lib/gcc/mingw32/4.9.3/../../..\libkernel32.a(dchds00388.o)
 .idata$6       0x004102ec       0x10 d:/programm/mingw/bin/../lib/gcc/mingw32/4.9.3/../../..\libkernel32.a(dchds00510.o)
 .idata$6       0x004102fc       0x14 d:/programm/mingw/bin/../lib/gcc/mingw32/4.9.3/../../..\libkernel32.a(dchds00529.o)
 .idata$6       0x00410310       0x12 d:/programm/mingw/bin/../lib/gcc/mingw32/4.9.3/../../..\libkernel32.a(dchds00577.o)
 .idata$6       0x00410322       0x1c d:/programm/mingw/bin/../lib/gcc/mingw32/4.9.3/../../..\libkernel32.a(dchds00734.o)
 .idata$6       0x0041033e       0x16 d:/programm/mingw/bin/../lib/gcc/mingw32/4.9.3/../../..\libkernel32.a(dchds00744.o)
 .idata$6       0x00410354       0x14 d:/programm/mingw/bin/../lib/gcc/mingw32/4.9.3/../../..\libkernel32.a(dchds00763.o)
 .idata$6       0x00410368       0x18 d:/programm/mingw/bin/../lib/gcc/mingw32/4.9.3/../../..\libkernel32.a(dchds00814.o)
 .idata$6       0x00410380       0x10 d:/programm/mingw/bin/../lib/gcc/mingw32/4.9.3/../../..\libkernel32.a(dchds00817.o)
 .idata$6       0x00410390       0x16 d:/programm/mingw/bin/../lib/gcc/mingw32/4.9.3/../../..\libkernel32.a(dchds00860.o)
 .idata$6       0x004103a6       0x1e d:/programm/mingw/bin/../lib/gcc/mingw32/4.9.3/../../..\libkernel32.a(dchds01140.o)
 .idata$6       0x004103c4        0x8 d:/programm/mingw/bin/../lib/gcc/mingw32/4.9.3/../../..\libkernel32.a(dchds01152.o)
 .idata$6       0x004103cc        0xe d:/programm/mingw/bin/../lib/gcc/mingw32/4.9.3/../../..\libkernel32.a(dchds01173.o)
 .idata$6       0x004103da       0x12 d:/programm/mingw/bin/../lib/gcc/mingw32/4.9.3/../../..\libkernel32.a(dchds01213.o)
 .idata$6       0x004103ec       0x10 d:/programm/mingw/bin/../lib/gcc/mingw32/4.9.3/../../..\libkernel32.a(dchds01215.o)
 .idata$6       0x004103fc       0x16 d:/programm/mingw/bin/../lib/gcc/mingw32/4.9.3/../../..\libkernel32.a(dchds01247.o)
 .idata$6       0x00410412        0xa d:/programm/mingw/bin/../lib/gcc/mingw32/4.9.3/../../..\libmoldname.a(dxpgs00080.o)
 .idata$6       0x0041041c        0xc d:/programm/mingw/bin/../lib/gcc/mingw32/4.9.3/../../..\libmoldname.a(dxpgs00082.o)
 .idata$6       0x00410428       0x10 d:/programm/mingw/bin/../lib/gcc/mingw32/4.9.3/../../..\libmsvcrt.a(dczfs00055.o)
 .idata$6       0x00410438       0x10 d:/programm/mingw/bin/../lib/gcc/mingw32/4.9.3/../../..\libmsvcrt.a(dczfs00065.o)
 .idata$6       0x00410448       0x10 d:/programm/mingw/bin/../lib/gcc/mingw32/4.9.3/../../..\libmsvcrt.a(dczfs00077.o)
 .idata$6       0x00410458        0xe d:/programm/mingw/bin/../lib/gcc/mingw32/4.9.3/../../..\libmsvcrt.a(dczfs00079.o)
 .idata$6       0x00410466       0x12 d:/programm/mingw/bin/../lib/gcc/mingw32/4.9.3/../../..\libmsvcrt.a(dczfs00099.o)
 .idata$6       0x00410478        0xa d:/programm/mingw/bin/../lib/gcc/mingw32/4.9.3/../../..\libmsvcrt.a(dczfs00147.o)
 .idata$6       0x00410482        0xa d:/programm/mingw/bin/../lib/gcc/mingw32/4.9.3/../../..\libmsvcrt.a(dczfs00182.o)
 .idata$6       0x0041048c        0xc d:/programm/mingw/bin/../lib/gcc/mingw32/4.9.3/../../..\libmsvcrt.a(dczfs00228.o)
 .idata$6       0x00410498        0x8 d:/programm/mingw/bin/../lib/gcc/mingw32/4.9.3/../../..\libmsvcrt.a(dczfs00266.o)
 .idata$6       0x004104a0        0xa d:/programm/mingw/bin/../lib/gcc/mingw32/4.9.3/../../..\libmsvcrt.a(dczfs00383.o)
 .idata$6       0x004104aa        0xc d:/programm/mingw/bin/../lib/gcc/mingw32/4.9.3/../../..\libmsvcrt.a(dczfs00426.o)
 .idata$6       0x004104b6        0x8 d:/programm/mingw/bin/../lib/gcc/mingw32/4.9.3/../../..\libmsvcrt.a(dczfs00583.o)
 .idata$6       0x004104be        0xa d:/programm/mingw/bin/../lib/gcc/mingw32/4.9.3/../../..\libmsvcrt.a(dczfs00590.o)
 .idata$6       0x004104c8        0x8 d:/programm/mingw/bin/../lib/gcc/mingw32/4.9.3/../../..\libmsvcrt.a(dczfs00592.o)
 .idata$6       0x004104d0        0xa d:/programm/mingw/bin/../lib/gcc/mingw32/4.9.3/../../..\libmsvcrt.a(dczfs00595.o)
 .idata$6       0x004104da        0xc d:/programm/mingw/bin/../lib/gcc/mingw32/4.9.3/../../..\libmsvcrt.a(dczfs00602.o)
 .idata$6       0x004104e6        0x8 d:/programm/mingw/bin/../lib/gcc/mingw32/4.9.3/../../..\libmsvcrt.a(dczfs00604.o)
 .idata$6       0x004104ee        0x8 d:/programm/mingw/bin/../lib/gcc/mingw32/4.9.3/../../..\libmsvcrt.a(dczfs00620.o)
 .idata$6       0x004104f6        0x8 d:/programm/mingw/bin/../lib/gcc/mingw32/4.9.3/../../..\libmsvcrt.a(dczfs00625.o)
 .idata$6       0x004104fe        0xa d:/programm/mingw/bin/../lib/gcc/mingw32/4.9.3/../../..\libmsvcrt.a(dczfs00633.o)
 .idata$6       0x00410508        0xa d:/programm/mingw/bin/../lib/gcc/mingw32/4.9.3/../../..\libmsvcrt.a(dczfs00637.o)
 .idata$6       0x00410512        0xa d:/programm/mingw/bin/../lib/gcc/mingw32/4.9.3/../../..\libmsvcrt.a(dczfs00652.o)
 .idata$6       0x0041051c        0xe d:/programm/mingw/bin/../lib/gcc/mingw32/4.9.3/../../..\libmsvcrt.a(dczfs00671.o)
 .idata$6       0x0041052a        0xa d:/programm/mingw/bin/../lib/gcc/mingw32/4.9.3/../../..\libmsvcrt.a(dczfs00676.o)
 .idata$6       0x00410534        0xc d:/programm/mingw/bin/../lib/gcc/mingw32/4.9.3/../../..\libmsvcrt.a(dczfs00678.o)
 .idata$6       0x00410540        0xa d:/programm/mingw/bin/../lib/gcc/mingw32/4.9.3/../../..\libmsvcrt.a(dczfs00682.o)
 .idata$6       0x0041054a        0xa d:/programm/mingw/bin/../lib/gcc/mingw32/4.9.3/../../..\libmsvcrt.a(dczfs00684.o)
 .idata$6       0x00410554        0xa d:/programm/mingw/bin/../lib/gcc/mingw32/4.9.3/../../..\libmsvcrt.a(dczfs00698.o)
 .idata$6       0x0041055e        0xc d:/programm/mingw/bin/../lib/gcc/mingw32/4.9.3/../../..\libmsvcrt.a(dczfs00704.o)
 .idata$6       0x0041056a        0xa d:/programm/mingw/bin/../lib/gcc/mingw32/4.9.3/../../..\libmsvcrt.a(dczfs00706.o)
 .idata$6       0x00410574        0xa d:/programm/mingw/bin/../lib/gcc/mingw32/4.9.3/../../..\libmsvcrt.a(dczfs00714.o)
 .idata$6       0x0041057e        0xa d:/programm/mingw/bin/../lib/gcc/mingw32/4.9.3/../../..\libmsvcrt.a(dczfs00716.o)
 .idata$6       0x00410588        0xa d:/programm/mingw/bin/../lib/gcc/mingw32/4.9.3/../../..\libmsvcrt.a(dczfs00721.o)
 .idata$6       0x00410592        0x8 d:/programm/mingw/bin/../lib/gcc/mingw32/4.9.3/../../..\libmsvcrt.a(dczfs00739.o)
 .idata$6       0x0041059a        0xa d:/programm/mingw/bin/../lib/gcc/mingw32/4.9.3/../../..\libmsvcrt.a(dczfs00742.o)
 .idata$6       0x004105a4        0xc d:/programm/mingw/bin/../lib/gcc/mingw32/4.9.3/../../..\libmsvcrt.a(dczfs00748.o)
 .idata$6       0x004105b0        0xa d:/programm/mingw/bin/../lib/gcc/mingw32/4.9.3/../../..\libmsvcrt.a(dczfs00761.o)
 .idata$6       0x004105ba        0xc d:/programm/mingw/bin/../lib/gcc/mingw32/4.9.3/../../..\libmsvcrt.a(dczfs00772.o)
 SORT(*)(.idata$7)
 *fill*         0x004105c6        0x2 
 .idata$7       0x004105c8        0x4 d:/programm/mingw/bin/../lib/gcc/mingw32/4.9.3/../../..\libkernel32.a(dchds00207.o)
 .idata$7       0x004105cc        0x4 d:/programm/mingw/bin/../lib/gcc/mingw32/4.9.3/../../..\libkernel32.a(dchds00236.o)
 .idata$7       0x004105d0        0x4 d:/programm/mingw/bin/../lib/gcc/mingw32/4.9.3/../../..\libkernel32.a(dchds00279.o)
 .idata$7       0x004105d4        0x4 d:/programm/mingw/bin/../lib/gcc/mingw32/4.9.3/../../..\libkernel32.a(dchds00300.o)
 .idata$7       0x004105d8        0x4 d:/programm/mingw/bin/../lib/gcc/mingw32/4.9.3/../../..\libkernel32.a(dchds00304.o)
 .idata$7       0x004105dc        0x4 d:/programm/mingw/bin/../lib/gcc/mingw32/4.9.3/../../..\libkernel32.a(dchds00321.o)
 .idata$7       0x004105e0        0x4 d:/programm/mingw/bin/../lib/gcc/mingw32/4.9.3/../../..\libkernel32.a(dchds00352.o)
 .idata$7       0x004105e4        0x4 d:/programm/mingw/bin/../lib/gcc/mingw32/4.9.3/../../..\libkernel32.a(dchds00388.o)
 .idata$7       0x004105e8        0x4 d:/programm/mingw/bin/../lib/gcc/mingw32/4.9.3/../../..\libkernel32.a(dchds00510.o)
 .idata$7       0x004105ec        0x4 d:/programm/mingw/bin/../lib/gcc/mingw32/4.9.3/../../..\libkernel32.a(dchds00529.o)
 .idata$7       0x004105f0        0x4 d:/programm/mingw/bin/../lib/gcc/mingw32/4.9.3/../../..\libkernel32.a(dchds00577.o)
 .idata$7       0x004105f4        0x4 d:/programm/mingw/bin/../lib/gcc/mingw32/4.9.3/../../..\libkernel32.a(dchds00734.o)
 .idata$7       0x004105f8        0x4 d:/programm/mingw/bin/../lib/gcc/mingw32/4.9.3/../../..\libkernel32.a(dchds00744.o)
 .idata$7       0x004105fc        0x4 d:/programm/mingw/bin/../lib/gcc/mingw32/4.9.3/../../..\libkernel32.a(dchds00763.o)
 .idata$7       0x00410600        0x4 d:/programm/mingw/bin/../lib/gcc/mingw32/4.9.3/../../..\libkernel32.a(dchds00814.o)
 .idata$7       0x00410604        0x4 d:/programm/mingw/bin/../lib/gcc/mingw32/4.9.3/../../..\libkernel32.a(dchds00817.o)
 .idata$7       0x00410608        0x4 d:/programm/mingw/bin/../lib/gcc/mingw32/4.9.3/../../..\libkernel32.a(dchds00860.o)
 .idata$7       0x0041060c        0x4 d:/programm/mingw/bin/../lib/gcc/mingw32/4.9.3/../../..\libkernel32.a(dchds01140.o)
 .idata$7       0x00410610        0x4 d:/programm/mingw/bin/../lib/gcc/mingw32/4.9.3/../../..\libkernel32.a(dchds01152.o)
 .idata$7       0x00410614        0x4 d:/programm/mingw/bin/../lib/gcc/mingw32/4.9.3/../../..\libkernel32.a(dchds01173.o)
 .idata$7       0x00410618        0x4 d:/programm/mingw/bin/../lib/gcc/mingw32/4.9.3/../../..\libkernel32.a(dchds01213.o)
 .idata$7       0x0041061c        0x4 d:/programm/mingw/bin/../lib/gcc/mingw32/4.9.3/../../..\libkernel32.a(dchds01215.o)
 .idata$7       0x00410620        0x4 d:/programm/mingw/bin/../lib/gcc/mingw32/4.9.3/../../..\libkernel32.a(dchds01247.o)
 .idata$7       0x00410624       0x10 d:/programm/mingw/bin/../lib/gcc/mingw32/4.9.3/../../..\libkernel32.a(dchdt.o)
                0x00410624                _libkernel32_a_iname
 .idata$7       0x00410634        0x4 d:/programm/mingw/bin/../lib/gcc/mingw32/4.9.3/../../..\libmoldname.a(dxpgs00080.o)
 .idata$7       0x00410638        0x4 d:/programm/mingw/bin/../lib/gcc/mingw32/4.9.3/../../..\libmoldname.a(dxpgs00082.o)
 .idata$7       0x0041063c        0xc d:/programm/mingw/bin/../lib/gcc/mingw32/4.9.3/../../..\libmoldname.a(dxpgt.o)
                0x0041063c                _libmoldname_a_iname
 .idata$7       0x00410648        0x4 d:/programm/mingw/bin/../lib/gcc/mingw32/4.9.3/../../..\libmsvcrt.a(dczfs00055.o)
 .idata$7       0x0041064c        0x4 d:/programm/mingw/bin/../lib/gcc/mingw32/4.9.3/../../..\libmsvcrt.a(dczfs00065.o)
 .idata$7       0x00410650        0x4 d:/programm/mingw/bin/../lib/gcc/mingw32/4.9.3/../../..\libmsvcrt.a(dczfs00077.o)
 .idata$7       0x00410654        0x4 d:/programm/mingw/bin/../lib/gcc/mingw32/4.9.3/../../..\libmsvcrt.a(dczfs00079.o)
 .idata$7       0x00410658        0x4 d:/programm/mingw/bin/../lib/gcc/mingw32/4.9.3/../../..\libmsvcrt.a(dczfs00099.o)
 .idata$7       0x0041065c        0x4 d:/programm/mingw/bin/../lib/gcc/mingw32/4.9.3/../../..\libmsvcrt.a(dczfs00147.o)
 .idata$7       0x00410660        0x4 d:/programm/mingw/bin/../lib/gcc/mingw32/4.9.3/../../..\libmsvcrt.a(dczfs00182.o)
 .idata$7       0x00410664        0x4 d:/programm/mingw/bin/../lib/gcc/mingw32/4.9.3/../../..\libmsvcrt.a(dczfs00228.o)
 .idata$7       0x00410668        0x4 d:/programm/mingw/bin/../lib/gcc/mingw32/4.9.3/../../..\libmsvcrt.a(dczfs00266.o)
 .idata$7       0x0041066c        0x4 d:/programm/mingw/bin/../lib/gcc/mingw32/4.9.3/../../..\libmsvcrt.a(dczfs00383.o)
 .idata$7       0x00410670        0x4 d:/programm/mingw/bin/../lib/gcc/mingw32/4.9.3/../../..\libmsvcrt.a(dczfs00426.o)
 .idata$7       0x00410674        0x4 d:/programm/mingw/bin/../lib/gcc/mingw32/4.9.3/../../..\libmsvcrt.a(dczfs00583.o)
 .idata$7       0x00410678        0x4 d:/programm/mingw/bin/../lib/gcc/mingw32/4.9.3/../../..\libmsvcrt.a(dczfs00590.o)
 .idata$7       0x0041067c        0x4 d:/programm/mingw/bin/../lib/gcc/mingw32/4.9.3/../../..\libmsvcrt.a(dczfs00592.o)
 .idata$7       0x00410680        0x4 d:/programm/mingw/bin/../lib/gcc/mingw32/4.9.3/../../..\libmsvcrt.a(dczfs00595.o)
 .idata$7       0x00410684        0x4 d:/programm/mingw/bin/../lib/gcc/mingw32/4.9.3/../../..\libmsvcrt.a(dczfs00602.o)
 .idata$7       0x00410688        0x4 d:/programm/mingw/bin/../lib/gcc/mingw32/4.9.3/../../..\libmsvcrt.a(dczfs00604.o)
 .idata$7       0x0041068c        0x4 d:/programm/mingw/bin/../lib/gcc/mingw32/4.9.3/../../..\libmsvcrt.a(dczfs00620.o)
 .idata$7       0x00410690        0x4 d:/programm/mingw/bin/../lib/gcc/mingw32/4.9.3/../../..\libmsvcrt.a(dczfs00625.o)
 .idata$7       0x00410694        0x4 d:/programm/mingw/bin/../lib/gcc/mingw32/4.9.3/../../..\libmsvcrt.a(dczfs00633.o)
 .idata$7       0x00410698        0x4 d:/programm/mingw/bin/../lib/gcc/mingw32/4.9.3/../../..\libmsvcrt.a(dczfs00637.o)
 .idata$7       0x0041069c        0x4 d:/programm/mingw/bin/../lib/gcc/mingw32/4.9.3/../../..\libmsvcrt.a(dczfs00652.o)
 .idata$7       0x004106a0        0x4 d:/programm/mingw/bin/../lib/gcc/mingw32/4.9.3/../../..\libmsvcrt.a(dczfs00671.o)
 .idata$7       0x004106a4        0x4 d:/programm/mingw/bin/../lib/gcc/mingw32/4.9.3/../../..\libmsvcrt.a(dczfs00676.o)
 .idata$7       0x004106a8        0x4 d:/programm/mingw/bin/../lib/gcc/mingw32/4.9.3/../../..\libmsvcrt.a(dczfs00678.o)
 .idata$7       0x004106ac        0x4 d:/programm/mingw/bin/../lib/gcc/mingw32/4.9.3/../../..\libmsvcrt.a(dczfs00682.o)
 .idata$7       0x004106b0        0x4 d:/programm/mingw/bin/../lib/gcc/mingw32/4.9.3/../../..\libmsvcrt.a(dczfs00684.o)
 .idata$7       0x004106b4        0x4 d:/programm/mingw/bin/../lib/gcc/mingw32/4.9.3/../../..\libmsvcrt.a(dczfs00698.o)
 .idata$7       0x004106b8        0x4 d:/programm/mingw/bin/../lib/gcc/mingw32/4.9.3/../../..\libmsvcrt.a(dczfs00704.o)
 .idata$7       0x004106bc        0x4 d:/programm/mingw/bin/../lib/gcc/mingw32/4.9.3/../../..\libmsvcrt.a(dczfs00706.o)
 .idata$7       0x004106c0        0x4 d:/programm/mingw/bin/../lib/gcc/mingw32/4.9.3/../../..\libmsvcrt.a(dczfs00714.o)
 .idata$7       0x004106c4        0x4 d:/programm/mingw/bin/../lib/gcc/mingw32/4.9.3/../../..\libmsvcrt.a(dczfs00716.o)